
[2026-01-23T14:12:47.126Z] 400 - User already exists
Error: User already exists
    at C:\react project\x\the-karan-singh-vaidh\the-karan-singh-vaidh\server\controllers\authController.js:63:15
    at process.processTicksAndRejections (node:internal/process/task_queues:95:5)

[2026-01-23T14:12:54.609Z] 400 - User already exists
Error: User already exists
    at C:\react project\x\the-karan-singh-vaidh\the-karan-singh-vaidh\server\controllers\authController.js:63:15
    at process.processTicksAndRejections (node:internal/process/task_queues:95:5)

[2026-01-23T14:38:38.155Z] 401 - Invalid email or password
Error: Invalid email or password
    at C:\react project\x\the-karan-singh-vaidh\the-karan-singh-vaidh\server\controllers\authController.js:40:23

[2026-01-23T14:43:59.570Z] 404 - Not Found - /api/orders/6970f45f972045434eb06fb6
Error: Not Found - /api/orders/6970f45f972045434eb06fb6
    at notFound (C:\react project\x\the-karan-singh-vaidh\the-karan-singh-vaidh\server\middleware\errorMiddleware.js:2:19)
    at Layer.handleRequest (C:\react project\x\the-karan-singh-vaidh\the-karan-singh-vaidh\server\node_modules\router\lib\layer.js:152:17)
    at trimPrefix (C:\react project\x\the-karan-singh-vaidh\the-karan-singh-vaidh\server\node_modules\router\index.js:342:13)
    at C:\react project\x\the-karan-singh-vaidh\the-karan-singh-vaidh\server\node_modules\router\index.js:297:9
    at processParams (C:\react project\x\the-karan-singh-vaidh\the-karan-singh-vaidh\server\node_modules\router\index.js:582:12)
    at next (C:\react project\x\the-karan-singh-vaidh\the-karan-singh-vaidh\server\node_modules\router\index.js:291:5)
    at C:\react project\x\the-karan-singh-vaidh\the-karan-singh-vaidh\server\node_modules\router\index.js:688:15
    at next (C:\react project\x\the-karan-singh-vaidh\the-karan-singh-vaidh\server\node_modules\router\index.js:276:14)
    at Function.handle (C:\react project\x\the-karan-singh-vaidh\the-karan-singh-vaidh\server\node_modules\router\index.js:186:3)
    at router (C:\react project\x\the-karan-singh-vaidh\the-karan-singh-vaidh\server\node_modules\router\index.js:60:12)

[2026-01-23T14:44:23.634Z] 404 - Not Found - /api/orders/6970f45f972045434eb06fb6
Error: Not Found - /api/orders/6970f45f972045434eb06fb6
    at notFound (C:\react project\x\the-karan-singh-vaidh\the-karan-singh-vaidh\server\middleware\errorMiddleware.js:2:19)
    at Layer.handleRequest (C:\react project\x\the-karan-singh-vaidh\the-karan-singh-vaidh\server\node_modules\router\lib\layer.js:152:17)
    at trimPrefix (C:\react project\x\the-karan-singh-vaidh\the-karan-singh-vaidh\server\node_modules\router\index.js:342:13)
    at C:\react project\x\the-karan-singh-vaidh\the-karan-singh-vaidh\server\node_modules\router\index.js:297:9
    at processParams (C:\react project\x\the-karan-singh-vaidh\the-karan-singh-vaidh\server\node_modules\router\index.js:582:12)
    at next (C:\react project\x\the-karan-singh-vaidh\the-karan-singh-vaidh\server\node_modules\router\index.js:291:5)
    at C:\react project\x\the-karan-singh-vaidh\the-karan-singh-vaidh\server\node_modules\router\index.js:688:15
    at next (C:\react project\x\the-karan-singh-vaidh\the-karan-singh-vaidh\server\node_modules\router\index.js:276:14)
    at Function.handle (C:\react project\x\the-karan-singh-vaidh\the-karan-singh-vaidh\server\node_modules\router\index.js:186:3)
    at router (C:\react project\x\the-karan-singh-vaidh\the-karan-singh-vaidh\server\node_modules\router\index.js:60:12)

[2026-01-23T15:05:39.642Z] 500 - Cast to ObjectId failed for value "concern" (type string) at path "category" for model "Product"
CastError: Cast to ObjectId failed for value "concern" (type string) at path "category" for model "Product"
    at SchemaObjectId.cast (C:\react project\x\the-karan-singh-vaidh\the-karan-singh-vaidh\server\node_modules\mongoose\lib\schema\objectId.js:253:11)
    at SchemaType.applySetters (C:\react project\x\the-karan-singh-vaidh\the-karan-singh-vaidh\server\node_modules\mongoose\lib\schemaType.js:1280:12)
    at SchemaType.castForQuery (C:\react project\x\the-karan-singh-vaidh\the-karan-singh-vaidh\server\node_modules\mongoose\lib\schemaType.js:1706:17)
    at cast (C:\react project\x\the-karan-singh-vaidh\the-karan-singh-vaidh\server\node_modules\mongoose\lib\cast.js:386:32)
    at Query.cast (C:\react project\x\the-karan-singh-vaidh\the-karan-singh-vaidh\server\node_modules\mongoose\lib\query.js:5040:12)
    at Query._castConditions (C:\react project\x\the-karan-singh-vaidh\the-karan-singh-vaidh\server\node_modules\mongoose\lib\query.js:2374:10)
    at model.Query._find (C:\react project\x\the-karan-singh-vaidh\the-karan-singh-vaidh\server\node_modules\mongoose\lib\query.js:2401:8)
    at model.Query.exec (C:\react project\x\the-karan-singh-vaidh\the-karan-singh-vaidh\server\node_modules\mongoose\lib\query.js:4652:80)
    at process.processTicksAndRejections (node:internal/process/task_queues:95:5)
    at async C:\react project\x\the-karan-singh-vaidh\the-karan-singh-vaidh\server\controllers\productController.js:33:22

[2026-01-23T16:14:41.821Z] 400 - Category already exists
Error: Category already exists
    at C:\react project\x\the-karan-singh-vaidh\the-karan-singh-vaidh\server\controllers\categoryController.js:22:15
    at process.processTicksAndRejections (node:internal/process/task_queues:95:5)

[2026-01-23T16:53:26.482Z] 404 - Not Found - /uploads/image-1769185991969.png
Error: Not Found - /uploads/image-1769185991969.png
    at notFound (C:\react project\x\the-karan-singh-vaidh\the-karan-singh-vaidh\server\middleware\errorMiddleware.js:2:19)
    at Layer.handleRequest (C:\react project\x\the-karan-singh-vaidh\the-karan-singh-vaidh\server\node_modules\router\lib\layer.js:152:17)
    at trimPrefix (C:\react project\x\the-karan-singh-vaidh\the-karan-singh-vaidh\server\node_modules\router\index.js:342:13)
    at C:\react project\x\the-karan-singh-vaidh\the-karan-singh-vaidh\server\node_modules\router\index.js:297:9
    at processParams (C:\react project\x\the-karan-singh-vaidh\the-karan-singh-vaidh\server\node_modules\router\index.js:582:12)
    at next (C:\react project\x\the-karan-singh-vaidh\the-karan-singh-vaidh\server\node_modules\router\index.js:291:5)
    at SendStream.error (C:\react project\x\the-karan-singh-vaidh\the-karan-singh-vaidh\server\node_modules\serve-static\index.js:120:7)
    at SendStream.emit (node:events:517:28)
    at SendStream.error (C:\react project\x\the-karan-singh-vaidh\the-karan-singh-vaidh\server\node_modules\send\index.js:168:17)
    at SendStream.onStatError (C:\react project\x\the-karan-singh-vaidh\the-karan-singh-vaidh\server\node_modules\send\index.js:315:12)

[2026-01-23T16:53:26.566Z] 404 - Not Found - /uploads/image-1769185991969.png
Error: Not Found - /uploads/image-1769185991969.png
    at notFound (C:\react project\x\the-karan-singh-vaidh\the-karan-singh-vaidh\server\middleware\errorMiddleware.js:2:19)
    at Layer.handleRequest (C:\react project\x\the-karan-singh-vaidh\the-karan-singh-vaidh\server\node_modules\router\lib\layer.js:152:17)
    at trimPrefix (C:\react project\x\the-karan-singh-vaidh\the-karan-singh-vaidh\server\node_modules\router\index.js:342:13)
    at C:\react project\x\the-karan-singh-vaidh\the-karan-singh-vaidh\server\node_modules\router\index.js:297:9
    at processParams (C:\react project\x\the-karan-singh-vaidh\the-karan-singh-vaidh\server\node_modules\router\index.js:582:12)
    at next (C:\react project\x\the-karan-singh-vaidh\the-karan-singh-vaidh\server\node_modules\router\index.js:291:5)
    at SendStream.error (C:\react project\x\the-karan-singh-vaidh\the-karan-singh-vaidh\server\node_modules\serve-static\index.js:120:7)
    at SendStream.emit (node:events:517:28)
    at SendStream.error (C:\react project\x\the-karan-singh-vaidh\the-karan-singh-vaidh\server\node_modules\send\index.js:168:17)
    at SendStream.onStatError (C:\react project\x\the-karan-singh-vaidh\the-karan-singh-vaidh\server\node_modules\send\index.js:315:12)

[2026-01-23T16:57:06.968Z] 404 - Not Found - /uploads/image-1769185991969.png
Error: Not Found - /uploads/image-1769185991969.png
    at notFound (C:\react project\x\the-karan-singh-vaidh\the-karan-singh-vaidh\server\middleware\errorMiddleware.js:2:19)
    at Layer.handleRequest (C:\react project\x\the-karan-singh-vaidh\the-karan-singh-vaidh\server\node_modules\router\lib\layer.js:152:17)
    at trimPrefix (C:\react project\x\the-karan-singh-vaidh\the-karan-singh-vaidh\server\node_modules\router\index.js:342:13)
    at C:\react project\x\the-karan-singh-vaidh\the-karan-singh-vaidh\server\node_modules\router\index.js:297:9
    at processParams (C:\react project\x\the-karan-singh-vaidh\the-karan-singh-vaidh\server\node_modules\router\index.js:582:12)
    at next (C:\react project\x\the-karan-singh-vaidh\the-karan-singh-vaidh\server\node_modules\router\index.js:291:5)
    at SendStream.error (C:\react project\x\the-karan-singh-vaidh\the-karan-singh-vaidh\server\node_modules\serve-static\index.js:120:7)
    at SendStream.emit (node:events:517:28)
    at SendStream.error (C:\react project\x\the-karan-singh-vaidh\the-karan-singh-vaidh\server\node_modules\send\index.js:168:17)
    at SendStream.onStatError (C:\react project\x\the-karan-singh-vaidh\the-karan-singh-vaidh\server\node_modules\send\index.js:315:12)

[2026-01-23T16:58:11.994Z] 404 - Not Found - /uploads/image-1769185991969.png
Error: Not Found - /uploads/image-1769185991969.png
    at notFound (C:\react project\x\the-karan-singh-vaidh\the-karan-singh-vaidh\server\middleware\errorMiddleware.js:2:19)
    at Layer.handleRequest (C:\react project\x\the-karan-singh-vaidh\the-karan-singh-vaidh\server\node_modules\router\lib\layer.js:152:17)
    at trimPrefix (C:\react project\x\the-karan-singh-vaidh\the-karan-singh-vaidh\server\node_modules\router\index.js:342:13)
    at C:\react project\x\the-karan-singh-vaidh\the-karan-singh-vaidh\server\node_modules\router\index.js:297:9
    at processParams (C:\react project\x\the-karan-singh-vaidh\the-karan-singh-vaidh\server\node_modules\router\index.js:582:12)
    at next (C:\react project\x\the-karan-singh-vaidh\the-karan-singh-vaidh\server\node_modules\router\index.js:291:5)
    at SendStream.error (C:\react project\x\the-karan-singh-vaidh\the-karan-singh-vaidh\server\node_modules\serve-static\index.js:120:7)
    at SendStream.emit (node:events:517:28)
    at SendStream.error (C:\react project\x\the-karan-singh-vaidh\the-karan-singh-vaidh\server\node_modules\send\index.js:168:17)
    at SendStream.onStatError (C:\react project\x\the-karan-singh-vaidh\the-karan-singh-vaidh\server\node_modules\send\index.js:315:12)

[2026-01-23T16:58:12.066Z] 404 - Not Found - /uploads/image-1769185991969.png
Error: Not Found - /uploads/image-1769185991969.png
    at notFound (C:\react project\x\the-karan-singh-vaidh\the-karan-singh-vaidh\server\middleware\errorMiddleware.js:2:19)
    at Layer.handleRequest (C:\react project\x\the-karan-singh-vaidh\the-karan-singh-vaidh\server\node_modules\router\lib\layer.js:152:17)
    at trimPrefix (C:\react project\x\the-karan-singh-vaidh\the-karan-singh-vaidh\server\node_modules\router\index.js:342:13)
    at C:\react project\x\the-karan-singh-vaidh\the-karan-singh-vaidh\server\node_modules\router\index.js:297:9
    at processParams (C:\react project\x\the-karan-singh-vaidh\the-karan-singh-vaidh\server\node_modules\router\index.js:582:12)
    at next (C:\react project\x\the-karan-singh-vaidh\the-karan-singh-vaidh\server\node_modules\router\index.js:291:5)
    at SendStream.error (C:\react project\x\the-karan-singh-vaidh\the-karan-singh-vaidh\server\node_modules\serve-static\index.js:120:7)
    at SendStream.emit (node:events:517:28)
    at SendStream.error (C:\react project\x\the-karan-singh-vaidh\the-karan-singh-vaidh\server\node_modules\send\index.js:168:17)
    at SendStream.onStatError (C:\react project\x\the-karan-singh-vaidh\the-karan-singh-vaidh\server\node_modules\send\index.js:315:12)

[2026-01-23T16:58:38.622Z] 404 - Not Found - /uploads/image-1769185991969.png
Error: Not Found - /uploads/image-1769185991969.png
    at notFound (C:\react project\x\the-karan-singh-vaidh\the-karan-singh-vaidh\server\middleware\errorMiddleware.js:2:19)
    at Layer.handleRequest (C:\react project\x\the-karan-singh-vaidh\the-karan-singh-vaidh\server\node_modules\router\lib\layer.js:152:17)
    at trimPrefix (C:\react project\x\the-karan-singh-vaidh\the-karan-singh-vaidh\server\node_modules\router\index.js:342:13)
    at C:\react project\x\the-karan-singh-vaidh\the-karan-singh-vaidh\server\node_modules\router\index.js:297:9
    at processParams (C:\react project\x\the-karan-singh-vaidh\the-karan-singh-vaidh\server\node_modules\router\index.js:582:12)
    at next (C:\react project\x\the-karan-singh-vaidh\the-karan-singh-vaidh\server\node_modules\router\index.js:291:5)
    at SendStream.error (C:\react project\x\the-karan-singh-vaidh\the-karan-singh-vaidh\server\node_modules\serve-static\index.js:120:7)
    at SendStream.emit (node:events:517:28)
    at SendStream.error (C:\react project\x\the-karan-singh-vaidh\the-karan-singh-vaidh\server\node_modules\send\index.js:168:17)
    at SendStream.onStatError (C:\react project\x\the-karan-singh-vaidh\the-karan-singh-vaidh\server\node_modules\send\index.js:315:12)

[2026-01-23T16:58:38.831Z] 404 - Not Found - /uploads/image-1769185991969.png
Error: Not Found - /uploads/image-1769185991969.png
    at notFound (C:\react project\x\the-karan-singh-vaidh\the-karan-singh-vaidh\server\middleware\errorMiddleware.js:2:19)
    at Layer.handleRequest (C:\react project\x\the-karan-singh-vaidh\the-karan-singh-vaidh\server\node_modules\router\lib\layer.js:152:17)
    at trimPrefix (C:\react project\x\the-karan-singh-vaidh\the-karan-singh-vaidh\server\node_modules\router\index.js:342:13)
    at C:\react project\x\the-karan-singh-vaidh\the-karan-singh-vaidh\server\node_modules\router\index.js:297:9
    at processParams (C:\react project\x\the-karan-singh-vaidh\the-karan-singh-vaidh\server\node_modules\router\index.js:582:12)
    at next (C:\react project\x\the-karan-singh-vaidh\the-karan-singh-vaidh\server\node_modules\router\index.js:291:5)
    at SendStream.error (C:\react project\x\the-karan-singh-vaidh\the-karan-singh-vaidh\server\node_modules\serve-static\index.js:120:7)
    at SendStream.emit (node:events:517:28)
    at SendStream.error (C:\react project\x\the-karan-singh-vaidh\the-karan-singh-vaidh\server\node_modules\send\index.js:168:17)
    at SendStream.onStatError (C:\react project\x\the-karan-singh-vaidh\the-karan-singh-vaidh\server\node_modules\send\index.js:315:12)

[2026-01-23T16:58:50.234Z] 404 - Not Found - /uploads/image-1769185991969.png
Error: Not Found - /uploads/image-1769185991969.png
    at notFound (C:\react project\x\the-karan-singh-vaidh\the-karan-singh-vaidh\server\middleware\errorMiddleware.js:2:19)
    at Layer.handleRequest (C:\react project\x\the-karan-singh-vaidh\the-karan-singh-vaidh\server\node_modules\router\lib\layer.js:152:17)
    at trimPrefix (C:\react project\x\the-karan-singh-vaidh\the-karan-singh-vaidh\server\node_modules\router\index.js:342:13)
    at C:\react project\x\the-karan-singh-vaidh\the-karan-singh-vaidh\server\node_modules\router\index.js:297:9
    at processParams (C:\react project\x\the-karan-singh-vaidh\the-karan-singh-vaidh\server\node_modules\router\index.js:582:12)
    at next (C:\react project\x\the-karan-singh-vaidh\the-karan-singh-vaidh\server\node_modules\router\index.js:291:5)
    at SendStream.error (C:\react project\x\the-karan-singh-vaidh\the-karan-singh-vaidh\server\node_modules\serve-static\index.js:120:7)
    at SendStream.emit (node:events:517:28)
    at SendStream.error (C:\react project\x\the-karan-singh-vaidh\the-karan-singh-vaidh\server\node_modules\send\index.js:168:17)
    at SendStream.onStatError (C:\react project\x\the-karan-singh-vaidh\the-karan-singh-vaidh\server\node_modules\send\index.js:315:12)

[2026-01-23T16:58:50.405Z] 404 - Not Found - /uploads/image-1769185991969.png
Error: Not Found - /uploads/image-1769185991969.png
    at notFound (C:\react project\x\the-karan-singh-vaidh\the-karan-singh-vaidh\server\middleware\errorMiddleware.js:2:19)
    at Layer.handleRequest (C:\react project\x\the-karan-singh-vaidh\the-karan-singh-vaidh\server\node_modules\router\lib\layer.js:152:17)
    at trimPrefix (C:\react project\x\the-karan-singh-vaidh\the-karan-singh-vaidh\server\node_modules\router\index.js:342:13)
    at C:\react project\x\the-karan-singh-vaidh\the-karan-singh-vaidh\server\node_modules\router\index.js:297:9
    at processParams (C:\react project\x\the-karan-singh-vaidh\the-karan-singh-vaidh\server\node_modules\router\index.js:582:12)
    at next (C:\react project\x\the-karan-singh-vaidh\the-karan-singh-vaidh\server\node_modules\router\index.js:291:5)
    at SendStream.error (C:\react project\x\the-karan-singh-vaidh\the-karan-singh-vaidh\server\node_modules\serve-static\index.js:120:7)
    at SendStream.emit (node:events:517:28)
    at SendStream.error (C:\react project\x\the-karan-singh-vaidh\the-karan-singh-vaidh\server\node_modules\send\index.js:168:17)
    at SendStream.onStatError (C:\react project\x\the-karan-singh-vaidh\the-karan-singh-vaidh\server\node_modules\send\index.js:315:12)

[2026-01-23T17:00:02.392Z] 404 - Not Found - /uploads/image-1769185991969.png
Error: Not Found - /uploads/image-1769185991969.png
    at notFound (C:\react project\x\the-karan-singh-vaidh\the-karan-singh-vaidh\server\middleware\errorMiddleware.js:2:19)
    at Layer.handleRequest (C:\react project\x\the-karan-singh-vaidh\the-karan-singh-vaidh\server\node_modules\router\lib\layer.js:152:17)
    at trimPrefix (C:\react project\x\the-karan-singh-vaidh\the-karan-singh-vaidh\server\node_modules\router\index.js:342:13)
    at C:\react project\x\the-karan-singh-vaidh\the-karan-singh-vaidh\server\node_modules\router\index.js:297:9
    at processParams (C:\react project\x\the-karan-singh-vaidh\the-karan-singh-vaidh\server\node_modules\router\index.js:582:12)
    at next (C:\react project\x\the-karan-singh-vaidh\the-karan-singh-vaidh\server\node_modules\router\index.js:291:5)
    at SendStream.error (C:\react project\x\the-karan-singh-vaidh\the-karan-singh-vaidh\server\node_modules\serve-static\index.js:120:7)
    at SendStream.emit (node:events:517:28)
    at SendStream.error (C:\react project\x\the-karan-singh-vaidh\the-karan-singh-vaidh\server\node_modules\send\index.js:168:17)
    at SendStream.onStatError (C:\react project\x\the-karan-singh-vaidh\the-karan-singh-vaidh\server\node_modules\send\index.js:315:12)

[2026-01-23T17:00:04.065Z] 404 - Not Found - /uploads/image-1769185991969.png
Error: Not Found - /uploads/image-1769185991969.png
    at notFound (C:\react project\x\the-karan-singh-vaidh\the-karan-singh-vaidh\server\middleware\errorMiddleware.js:2:19)
    at Layer.handleRequest (C:\react project\x\the-karan-singh-vaidh\the-karan-singh-vaidh\server\node_modules\router\lib\layer.js:152:17)
    at trimPrefix (C:\react project\x\the-karan-singh-vaidh\the-karan-singh-vaidh\server\node_modules\router\index.js:342:13)
    at C:\react project\x\the-karan-singh-vaidh\the-karan-singh-vaidh\server\node_modules\router\index.js:297:9
    at processParams (C:\react project\x\the-karan-singh-vaidh\the-karan-singh-vaidh\server\node_modules\router\index.js:582:12)
    at next (C:\react project\x\the-karan-singh-vaidh\the-karan-singh-vaidh\server\node_modules\router\index.js:291:5)
    at SendStream.error (C:\react project\x\the-karan-singh-vaidh\the-karan-singh-vaidh\server\node_modules\serve-static\index.js:120:7)
    at SendStream.emit (node:events:517:28)
    at SendStream.error (C:\react project\x\the-karan-singh-vaidh\the-karan-singh-vaidh\server\node_modules\send\index.js:168:17)
    at SendStream.onStatError (C:\react project\x\the-karan-singh-vaidh\the-karan-singh-vaidh\server\node_modules\send\index.js:315:12)

[2026-01-23T17:00:09.373Z] 404 - Not Found - /uploads/image-1769185991969.png
Error: Not Found - /uploads/image-1769185991969.png
    at notFound (C:\react project\x\the-karan-singh-vaidh\the-karan-singh-vaidh\server\middleware\errorMiddleware.js:2:19)
    at Layer.handleRequest (C:\react project\x\the-karan-singh-vaidh\the-karan-singh-vaidh\server\node_modules\router\lib\layer.js:152:17)
    at trimPrefix (C:\react project\x\the-karan-singh-vaidh\the-karan-singh-vaidh\server\node_modules\router\index.js:342:13)
    at C:\react project\x\the-karan-singh-vaidh\the-karan-singh-vaidh\server\node_modules\router\index.js:297:9
    at processParams (C:\react project\x\the-karan-singh-vaidh\the-karan-singh-vaidh\server\node_modules\router\index.js:582:12)
    at next (C:\react project\x\the-karan-singh-vaidh\the-karan-singh-vaidh\server\node_modules\router\index.js:291:5)
    at SendStream.error (C:\react project\x\the-karan-singh-vaidh\the-karan-singh-vaidh\server\node_modules\serve-static\index.js:120:7)
    at SendStream.emit (node:events:517:28)
    at SendStream.error (C:\react project\x\the-karan-singh-vaidh\the-karan-singh-vaidh\server\node_modules\send\index.js:168:17)
    at SendStream.onStatError (C:\react project\x\the-karan-singh-vaidh\the-karan-singh-vaidh\server\node_modules\send\index.js:315:12)

[2026-01-23T17:00:09.446Z] 404 - Not Found - /uploads/image-1769185991969.png
Error: Not Found - /uploads/image-1769185991969.png
    at notFound (C:\react project\x\the-karan-singh-vaidh\the-karan-singh-vaidh\server\middleware\errorMiddleware.js:2:19)
    at Layer.handleRequest (C:\react project\x\the-karan-singh-vaidh\the-karan-singh-vaidh\server\node_modules\router\lib\layer.js:152:17)
    at trimPrefix (C:\react project\x\the-karan-singh-vaidh\the-karan-singh-vaidh\server\node_modules\router\index.js:342:13)
    at C:\react project\x\the-karan-singh-vaidh\the-karan-singh-vaidh\server\node_modules\router\index.js:297:9
    at processParams (C:\react project\x\the-karan-singh-vaidh\the-karan-singh-vaidh\server\node_modules\router\index.js:582:12)
    at next (C:\react project\x\the-karan-singh-vaidh\the-karan-singh-vaidh\server\node_modules\router\index.js:291:5)
    at SendStream.error (C:\react project\x\the-karan-singh-vaidh\the-karan-singh-vaidh\server\node_modules\serve-static\index.js:120:7)
    at SendStream.emit (node:events:517:28)
    at SendStream.error (C:\react project\x\the-karan-singh-vaidh\the-karan-singh-vaidh\server\node_modules\send\index.js:168:17)
    at SendStream.onStatError (C:\react project\x\the-karan-singh-vaidh\the-karan-singh-vaidh\server\node_modules\send\index.js:315:12)

[2026-01-23T17:00:11.483Z] 404 - Not Found - /uploads/image-1769185991969.png
Error: Not Found - /uploads/image-1769185991969.png
    at notFound (C:\react project\x\the-karan-singh-vaidh\the-karan-singh-vaidh\server\middleware\errorMiddleware.js:2:19)
    at Layer.handleRequest (C:\react project\x\the-karan-singh-vaidh\the-karan-singh-vaidh\server\node_modules\router\lib\layer.js:152:17)
    at trimPrefix (C:\react project\x\the-karan-singh-vaidh\the-karan-singh-vaidh\server\node_modules\router\index.js:342:13)
    at C:\react project\x\the-karan-singh-vaidh\the-karan-singh-vaidh\server\node_modules\router\index.js:297:9
    at processParams (C:\react project\x\the-karan-singh-vaidh\the-karan-singh-vaidh\server\node_modules\router\index.js:582:12)
    at next (C:\react project\x\the-karan-singh-vaidh\the-karan-singh-vaidh\server\node_modules\router\index.js:291:5)
    at SendStream.error (C:\react project\x\the-karan-singh-vaidh\the-karan-singh-vaidh\server\node_modules\serve-static\index.js:120:7)
    at SendStream.emit (node:events:517:28)
    at SendStream.error (C:\react project\x\the-karan-singh-vaidh\the-karan-singh-vaidh\server\node_modules\send\index.js:168:17)
    at SendStream.onStatError (C:\react project\x\the-karan-singh-vaidh\the-karan-singh-vaidh\server\node_modules\send\index.js:315:12)

[2026-01-23T17:00:12.586Z] 404 - Not Found - /uploads/image-1769185991969.png
Error: Not Found - /uploads/image-1769185991969.png
    at notFound (C:\react project\x\the-karan-singh-vaidh\the-karan-singh-vaidh\server\middleware\errorMiddleware.js:2:19)
    at Layer.handleRequest (C:\react project\x\the-karan-singh-vaidh\the-karan-singh-vaidh\server\node_modules\router\lib\layer.js:152:17)
    at trimPrefix (C:\react project\x\the-karan-singh-vaidh\the-karan-singh-vaidh\server\node_modules\router\index.js:342:13)
    at C:\react project\x\the-karan-singh-vaidh\the-karan-singh-vaidh\server\node_modules\router\index.js:297:9
    at processParams (C:\react project\x\the-karan-singh-vaidh\the-karan-singh-vaidh\server\node_modules\router\index.js:582:12)
    at next (C:\react project\x\the-karan-singh-vaidh\the-karan-singh-vaidh\server\node_modules\router\index.js:291:5)
    at SendStream.error (C:\react project\x\the-karan-singh-vaidh\the-karan-singh-vaidh\server\node_modules\serve-static\index.js:120:7)
    at SendStream.emit (node:events:517:28)
    at SendStream.error (C:\react project\x\the-karan-singh-vaidh\the-karan-singh-vaidh\server\node_modules\send\index.js:168:17)
    at SendStream.onStatError (C:\react project\x\the-karan-singh-vaidh\the-karan-singh-vaidh\server\node_modules\send\index.js:315:12)

[2026-01-23T17:00:14.639Z] 404 - Not Found - /uploads/image-1769185991969.png
Error: Not Found - /uploads/image-1769185991969.png
    at notFound (C:\react project\x\the-karan-singh-vaidh\the-karan-singh-vaidh\server\middleware\errorMiddleware.js:2:19)
    at Layer.handleRequest (C:\react project\x\the-karan-singh-vaidh\the-karan-singh-vaidh\server\node_modules\router\lib\layer.js:152:17)
    at trimPrefix (C:\react project\x\the-karan-singh-vaidh\the-karan-singh-vaidh\server\node_modules\router\index.js:342:13)
    at C:\react project\x\the-karan-singh-vaidh\the-karan-singh-vaidh\server\node_modules\router\index.js:297:9
    at processParams (C:\react project\x\the-karan-singh-vaidh\the-karan-singh-vaidh\server\node_modules\router\index.js:582:12)
    at next (C:\react project\x\the-karan-singh-vaidh\the-karan-singh-vaidh\server\node_modules\router\index.js:291:5)
    at SendStream.error (C:\react project\x\the-karan-singh-vaidh\the-karan-singh-vaidh\server\node_modules\serve-static\index.js:120:7)
    at SendStream.emit (node:events:517:28)
    at SendStream.error (C:\react project\x\the-karan-singh-vaidh\the-karan-singh-vaidh\server\node_modules\send\index.js:168:17)
    at SendStream.onStatError (C:\react project\x\the-karan-singh-vaidh\the-karan-singh-vaidh\server\node_modules\send\index.js:315:12)

[2026-01-23T17:00:52.866Z] 404 - Not Found - /uploads/image-1769185991969.png
Error: Not Found - /uploads/image-1769185991969.png
    at notFound (C:\react project\x\the-karan-singh-vaidh\the-karan-singh-vaidh\server\middleware\errorMiddleware.js:2:19)
    at Layer.handleRequest (C:\react project\x\the-karan-singh-vaidh\the-karan-singh-vaidh\server\node_modules\router\lib\layer.js:152:17)
    at trimPrefix (C:\react project\x\the-karan-singh-vaidh\the-karan-singh-vaidh\server\node_modules\router\index.js:342:13)
    at C:\react project\x\the-karan-singh-vaidh\the-karan-singh-vaidh\server\node_modules\router\index.js:297:9
    at processParams (C:\react project\x\the-karan-singh-vaidh\the-karan-singh-vaidh\server\node_modules\router\index.js:582:12)
    at next (C:\react project\x\the-karan-singh-vaidh\the-karan-singh-vaidh\server\node_modules\router\index.js:291:5)
    at SendStream.error (C:\react project\x\the-karan-singh-vaidh\the-karan-singh-vaidh\server\node_modules\serve-static\index.js:120:7)
    at SendStream.emit (node:events:517:28)
    at SendStream.error (C:\react project\x\the-karan-singh-vaidh\the-karan-singh-vaidh\server\node_modules\send\index.js:168:17)
    at SendStream.onStatError (C:\react project\x\the-karan-singh-vaidh\the-karan-singh-vaidh\server\node_modules\send\index.js:315:12)

[2026-01-23T17:00:54.192Z] 404 - Not Found - /uploads/image-1769185991969.png
Error: Not Found - /uploads/image-1769185991969.png
    at notFound (C:\react project\x\the-karan-singh-vaidh\the-karan-singh-vaidh\server\middleware\errorMiddleware.js:2:19)
    at Layer.handleRequest (C:\react project\x\the-karan-singh-vaidh\the-karan-singh-vaidh\server\node_modules\router\lib\layer.js:152:17)
    at trimPrefix (C:\react project\x\the-karan-singh-vaidh\the-karan-singh-vaidh\server\node_modules\router\index.js:342:13)
    at C:\react project\x\the-karan-singh-vaidh\the-karan-singh-vaidh\server\node_modules\router\index.js:297:9
    at processParams (C:\react project\x\the-karan-singh-vaidh\the-karan-singh-vaidh\server\node_modules\router\index.js:582:12)
    at next (C:\react project\x\the-karan-singh-vaidh\the-karan-singh-vaidh\server\node_modules\router\index.js:291:5)
    at SendStream.error (C:\react project\x\the-karan-singh-vaidh\the-karan-singh-vaidh\server\node_modules\serve-static\index.js:120:7)
    at SendStream.emit (node:events:517:28)
    at SendStream.error (C:\react project\x\the-karan-singh-vaidh\the-karan-singh-vaidh\server\node_modules\send\index.js:168:17)
    at SendStream.onStatError (C:\react project\x\the-karan-singh-vaidh\the-karan-singh-vaidh\server\node_modules\send\index.js:315:12)

[2026-01-25T07:08:17.683Z] 404 - Not Found - /uploads/image-1769185991969.png
Error: Not Found - /uploads/image-1769185991969.png
    at notFound (C:\react project\x\the-karan-singh-vaidh\the-karan-singh-vaidh\server\middleware\errorMiddleware.js:2:19)
    at Layer.handleRequest (C:\react project\x\the-karan-singh-vaidh\the-karan-singh-vaidh\server\node_modules\router\lib\layer.js:152:17)
    at trimPrefix (C:\react project\x\the-karan-singh-vaidh\the-karan-singh-vaidh\server\node_modules\router\index.js:342:13)
    at C:\react project\x\the-karan-singh-vaidh\the-karan-singh-vaidh\server\node_modules\router\index.js:297:9
    at processParams (C:\react project\x\the-karan-singh-vaidh\the-karan-singh-vaidh\server\node_modules\router\index.js:582:12)
    at next (C:\react project\x\the-karan-singh-vaidh\the-karan-singh-vaidh\server\node_modules\router\index.js:291:5)
    at SendStream.error (C:\react project\x\the-karan-singh-vaidh\the-karan-singh-vaidh\server\node_modules\serve-static\index.js:120:7)
    at SendStream.emit (node:events:517:28)
    at SendStream.error (C:\react project\x\the-karan-singh-vaidh\the-karan-singh-vaidh\server\node_modules\send\index.js:168:17)
    at SendStream.onStatError (C:\react project\x\the-karan-singh-vaidh\the-karan-singh-vaidh\server\node_modules\send\index.js:315:12)

[2026-01-25T07:08:17.872Z] 404 - Not Found - /uploads/image-1769185991969.png
Error: Not Found - /uploads/image-1769185991969.png
    at notFound (C:\react project\x\the-karan-singh-vaidh\the-karan-singh-vaidh\server\middleware\errorMiddleware.js:2:19)
    at Layer.handleRequest (C:\react project\x\the-karan-singh-vaidh\the-karan-singh-vaidh\server\node_modules\router\lib\layer.js:152:17)
    at trimPrefix (C:\react project\x\the-karan-singh-vaidh\the-karan-singh-vaidh\server\node_modules\router\index.js:342:13)
    at C:\react project\x\the-karan-singh-vaidh\the-karan-singh-vaidh\server\node_modules\router\index.js:297:9
    at processParams (C:\react project\x\the-karan-singh-vaidh\the-karan-singh-vaidh\server\node_modules\router\index.js:582:12)
    at next (C:\react project\x\the-karan-singh-vaidh\the-karan-singh-vaidh\server\node_modules\router\index.js:291:5)
    at SendStream.error (C:\react project\x\the-karan-singh-vaidh\the-karan-singh-vaidh\server\node_modules\serve-static\index.js:120:7)
    at SendStream.emit (node:events:517:28)
    at SendStream.error (C:\react project\x\the-karan-singh-vaidh\the-karan-singh-vaidh\server\node_modules\send\index.js:168:17)
    at SendStream.onStatError (C:\react project\x\the-karan-singh-vaidh\the-karan-singh-vaidh\server\node_modules\send\index.js:315:12)

[2026-01-25T07:08:19.527Z] 404 - Not Found - /uploads/image-1769185991969.png
Error: Not Found - /uploads/image-1769185991969.png
    at notFound (C:\react project\x\the-karan-singh-vaidh\the-karan-singh-vaidh\server\middleware\errorMiddleware.js:2:19)
    at Layer.handleRequest (C:\react project\x\the-karan-singh-vaidh\the-karan-singh-vaidh\server\node_modules\router\lib\layer.js:152:17)
    at trimPrefix (C:\react project\x\the-karan-singh-vaidh\the-karan-singh-vaidh\server\node_modules\router\index.js:342:13)
    at C:\react project\x\the-karan-singh-vaidh\the-karan-singh-vaidh\server\node_modules\router\index.js:297:9
    at processParams (C:\react project\x\the-karan-singh-vaidh\the-karan-singh-vaidh\server\node_modules\router\index.js:582:12)
    at next (C:\react project\x\the-karan-singh-vaidh\the-karan-singh-vaidh\server\node_modules\router\index.js:291:5)
    at SendStream.error (C:\react project\x\the-karan-singh-vaidh\the-karan-singh-vaidh\server\node_modules\serve-static\index.js:120:7)
    at SendStream.emit (node:events:517:28)
    at SendStream.error (C:\react project\x\the-karan-singh-vaidh\the-karan-singh-vaidh\server\node_modules\send\index.js:168:17)
    at SendStream.onStatError (C:\react project\x\the-karan-singh-vaidh\the-karan-singh-vaidh\server\node_modules\send\index.js:315:12)

[2026-01-25T07:41:50.529Z] 404 - Not Found - /uploads/image-1769185991969.png
Error: Not Found - /uploads/image-1769185991969.png
    at notFound (C:\react project\x\the-karan-singh-vaidh\the-karan-singh-vaidh\server\middleware\errorMiddleware.js:2:19)
    at Layer.handleRequest (C:\react project\x\the-karan-singh-vaidh\the-karan-singh-vaidh\server\node_modules\router\lib\layer.js:152:17)
    at trimPrefix (C:\react project\x\the-karan-singh-vaidh\the-karan-singh-vaidh\server\node_modules\router\index.js:342:13)
    at C:\react project\x\the-karan-singh-vaidh\the-karan-singh-vaidh\server\node_modules\router\index.js:297:9
    at processParams (C:\react project\x\the-karan-singh-vaidh\the-karan-singh-vaidh\server\node_modules\router\index.js:582:12)
    at next (C:\react project\x\the-karan-singh-vaidh\the-karan-singh-vaidh\server\node_modules\router\index.js:291:5)
    at SendStream.error (C:\react project\x\the-karan-singh-vaidh\the-karan-singh-vaidh\server\node_modules\serve-static\index.js:120:7)
    at SendStream.emit (node:events:517:28)
    at SendStream.error (C:\react project\x\the-karan-singh-vaidh\the-karan-singh-vaidh\server\node_modules\send\index.js:168:17)
    at SendStream.onStatError (C:\react project\x\the-karan-singh-vaidh\the-karan-singh-vaidh\server\node_modules\send\index.js:315:12)

[2026-01-25T07:48:01.627Z] 404 - Not Found - /uploads/image-1769185991969.png
Error: Not Found - /uploads/image-1769185991969.png
    at notFound (C:\react project\x\the-karan-singh-vaidh\the-karan-singh-vaidh\server\middleware\errorMiddleware.js:2:19)
    at Layer.handleRequest (C:\react project\x\the-karan-singh-vaidh\the-karan-singh-vaidh\server\node_modules\router\lib\layer.js:152:17)
    at trimPrefix (C:\react project\x\the-karan-singh-vaidh\the-karan-singh-vaidh\server\node_modules\router\index.js:342:13)
    at C:\react project\x\the-karan-singh-vaidh\the-karan-singh-vaidh\server\node_modules\router\index.js:297:9
    at processParams (C:\react project\x\the-karan-singh-vaidh\the-karan-singh-vaidh\server\node_modules\router\index.js:582:12)
    at next (C:\react project\x\the-karan-singh-vaidh\the-karan-singh-vaidh\server\node_modules\router\index.js:291:5)
    at SendStream.error (C:\react project\x\the-karan-singh-vaidh\the-karan-singh-vaidh\server\node_modules\serve-static\index.js:120:7)
    at SendStream.emit (node:events:517:28)
    at SendStream.error (C:\react project\x\the-karan-singh-vaidh\the-karan-singh-vaidh\server\node_modules\send\index.js:168:17)
    at SendStream.onStatError (C:\react project\x\the-karan-singh-vaidh\the-karan-singh-vaidh\server\node_modules\send\index.js:315:12)

[2026-01-25T07:48:04.591Z] 404 - Not Found - /uploads/image-1769185991969.png
Error: Not Found - /uploads/image-1769185991969.png
    at notFound (C:\react project\x\the-karan-singh-vaidh\the-karan-singh-vaidh\server\middleware\errorMiddleware.js:2:19)
    at Layer.handleRequest (C:\react project\x\the-karan-singh-vaidh\the-karan-singh-vaidh\server\node_modules\router\lib\layer.js:152:17)
    at trimPrefix (C:\react project\x\the-karan-singh-vaidh\the-karan-singh-vaidh\server\node_modules\router\index.js:342:13)
    at C:\react project\x\the-karan-singh-vaidh\the-karan-singh-vaidh\server\node_modules\router\index.js:297:9
    at processParams (C:\react project\x\the-karan-singh-vaidh\the-karan-singh-vaidh\server\node_modules\router\index.js:582:12)
    at next (C:\react project\x\the-karan-singh-vaidh\the-karan-singh-vaidh\server\node_modules\router\index.js:291:5)
    at SendStream.error (C:\react project\x\the-karan-singh-vaidh\the-karan-singh-vaidh\server\node_modules\serve-static\index.js:120:7)
    at SendStream.emit (node:events:517:28)
    at SendStream.error (C:\react project\x\the-karan-singh-vaidh\the-karan-singh-vaidh\server\node_modules\send\index.js:168:17)
    at SendStream.onStatError (C:\react project\x\the-karan-singh-vaidh\the-karan-singh-vaidh\server\node_modules\send\index.js:315:12)

[2026-01-25T07:48:04.800Z] 404 - Not Found - /uploads/image-1769185991969.png
Error: Not Found - /uploads/image-1769185991969.png
    at notFound (C:\react project\x\the-karan-singh-vaidh\the-karan-singh-vaidh\server\middleware\errorMiddleware.js:2:19)
    at Layer.handleRequest (C:\react project\x\the-karan-singh-vaidh\the-karan-singh-vaidh\server\node_modules\router\lib\layer.js:152:17)
    at trimPrefix (C:\react project\x\the-karan-singh-vaidh\the-karan-singh-vaidh\server\node_modules\router\index.js:342:13)
    at C:\react project\x\the-karan-singh-vaidh\the-karan-singh-vaidh\server\node_modules\router\index.js:297:9
    at processParams (C:\react project\x\the-karan-singh-vaidh\the-karan-singh-vaidh\server\node_modules\router\index.js:582:12)
    at next (C:\react project\x\the-karan-singh-vaidh\the-karan-singh-vaidh\server\node_modules\router\index.js:291:5)
    at SendStream.error (C:\react project\x\the-karan-singh-vaidh\the-karan-singh-vaidh\server\node_modules\serve-static\index.js:120:7)
    at SendStream.emit (node:events:517:28)
    at SendStream.error (C:\react project\x\the-karan-singh-vaidh\the-karan-singh-vaidh\server\node_modules\send\index.js:168:17)
    at SendStream.onStatError (C:\react project\x\the-karan-singh-vaidh\the-karan-singh-vaidh\server\node_modules\send\index.js:315:12)

[2026-01-25T07:48:06.530Z] 404 - Not Found - /uploads/image-1769185991969.png
Error: Not Found - /uploads/image-1769185991969.png
    at notFound (C:\react project\x\the-karan-singh-vaidh\the-karan-singh-vaidh\server\middleware\errorMiddleware.js:2:19)
    at Layer.handleRequest (C:\react project\x\the-karan-singh-vaidh\the-karan-singh-vaidh\server\node_modules\router\lib\layer.js:152:17)
    at trimPrefix (C:\react project\x\the-karan-singh-vaidh\the-karan-singh-vaidh\server\node_modules\router\index.js:342:13)
    at C:\react project\x\the-karan-singh-vaidh\the-karan-singh-vaidh\server\node_modules\router\index.js:297:9
    at processParams (C:\react project\x\the-karan-singh-vaidh\the-karan-singh-vaidh\server\node_modules\router\index.js:582:12)
    at next (C:\react project\x\the-karan-singh-vaidh\the-karan-singh-vaidh\server\node_modules\router\index.js:291:5)
    at SendStream.error (C:\react project\x\the-karan-singh-vaidh\the-karan-singh-vaidh\server\node_modules\serve-static\index.js:120:7)
    at SendStream.emit (node:events:517:28)
    at SendStream.error (C:\react project\x\the-karan-singh-vaidh\the-karan-singh-vaidh\server\node_modules\send\index.js:168:17)
    at SendStream.onStatError (C:\react project\x\the-karan-singh-vaidh\the-karan-singh-vaidh\server\node_modules\send\index.js:315:12)

[2026-01-25T07:48:30.899Z] 404 - Not Found - /uploads/image-1769185991969.png
Error: Not Found - /uploads/image-1769185991969.png
    at notFound (C:\react project\x\the-karan-singh-vaidh\the-karan-singh-vaidh\server\middleware\errorMiddleware.js:2:19)
    at Layer.handleRequest (C:\react project\x\the-karan-singh-vaidh\the-karan-singh-vaidh\server\node_modules\router\lib\layer.js:152:17)
    at trimPrefix (C:\react project\x\the-karan-singh-vaidh\the-karan-singh-vaidh\server\node_modules\router\index.js:342:13)
    at C:\react project\x\the-karan-singh-vaidh\the-karan-singh-vaidh\server\node_modules\router\index.js:297:9
    at processParams (C:\react project\x\the-karan-singh-vaidh\the-karan-singh-vaidh\server\node_modules\router\index.js:582:12)
    at next (C:\react project\x\the-karan-singh-vaidh\the-karan-singh-vaidh\server\node_modules\router\index.js:291:5)
    at SendStream.error (C:\react project\x\the-karan-singh-vaidh\the-karan-singh-vaidh\server\node_modules\serve-static\index.js:120:7)
    at SendStream.emit (node:events:517:28)
    at SendStream.error (C:\react project\x\the-karan-singh-vaidh\the-karan-singh-vaidh\server\node_modules\send\index.js:168:17)
    at SendStream.onStatError (C:\react project\x\the-karan-singh-vaidh\the-karan-singh-vaidh\server\node_modules\send\index.js:315:12)

[2026-01-25T07:48:30.962Z] 404 - Not Found - /uploads/image-1769185991969.png
Error: Not Found - /uploads/image-1769185991969.png
    at notFound (C:\react project\x\the-karan-singh-vaidh\the-karan-singh-vaidh\server\middleware\errorMiddleware.js:2:19)
    at Layer.handleRequest (C:\react project\x\the-karan-singh-vaidh\the-karan-singh-vaidh\server\node_modules\router\lib\layer.js:152:17)
    at trimPrefix (C:\react project\x\the-karan-singh-vaidh\the-karan-singh-vaidh\server\node_modules\router\index.js:342:13)
    at C:\react project\x\the-karan-singh-vaidh\the-karan-singh-vaidh\server\node_modules\router\index.js:297:9
    at processParams (C:\react project\x\the-karan-singh-vaidh\the-karan-singh-vaidh\server\node_modules\router\index.js:582:12)
    at next (C:\react project\x\the-karan-singh-vaidh\the-karan-singh-vaidh\server\node_modules\router\index.js:291:5)
    at SendStream.error (C:\react project\x\the-karan-singh-vaidh\the-karan-singh-vaidh\server\node_modules\serve-static\index.js:120:7)
    at SendStream.emit (node:events:517:28)
    at SendStream.error (C:\react project\x\the-karan-singh-vaidh\the-karan-singh-vaidh\server\node_modules\send\index.js:168:17)
    at SendStream.onStatError (C:\react project\x\the-karan-singh-vaidh\the-karan-singh-vaidh\server\node_modules\send\index.js:315:12)

[2026-01-25T07:48:49.747Z] 404 - Not Found - /uploads/image-1769185991969.png
Error: Not Found - /uploads/image-1769185991969.png
    at notFound (C:\react project\x\the-karan-singh-vaidh\the-karan-singh-vaidh\server\middleware\errorMiddleware.js:2:19)
    at Layer.handleRequest (C:\react project\x\the-karan-singh-vaidh\the-karan-singh-vaidh\server\node_modules\router\lib\layer.js:152:17)
    at trimPrefix (C:\react project\x\the-karan-singh-vaidh\the-karan-singh-vaidh\server\node_modules\router\index.js:342:13)
    at C:\react project\x\the-karan-singh-vaidh\the-karan-singh-vaidh\server\node_modules\router\index.js:297:9
    at processParams (C:\react project\x\the-karan-singh-vaidh\the-karan-singh-vaidh\server\node_modules\router\index.js:582:12)
    at next (C:\react project\x\the-karan-singh-vaidh\the-karan-singh-vaidh\server\node_modules\router\index.js:291:5)
    at SendStream.error (C:\react project\x\the-karan-singh-vaidh\the-karan-singh-vaidh\server\node_modules\serve-static\index.js:120:7)
    at SendStream.emit (node:events:517:28)
    at SendStream.error (C:\react project\x\the-karan-singh-vaidh\the-karan-singh-vaidh\server\node_modules\send\index.js:168:17)
    at SendStream.onStatError (C:\react project\x\the-karan-singh-vaidh\the-karan-singh-vaidh\server\node_modules\send\index.js:315:12)

[2026-01-25T08:02:16.914Z] 404 - Not Found - /uploads/image-1769327416999.png
Error: Not Found - /uploads/image-1769327416999.png
    at notFound (C:\react project\x\the-karan-singh-vaidh\the-karan-singh-vaidh\server\middleware\errorMiddleware.js:2:19)
    at Layer.handleRequest (C:\react project\x\the-karan-singh-vaidh\the-karan-singh-vaidh\server\node_modules\router\lib\layer.js:152:17)
    at trimPrefix (C:\react project\x\the-karan-singh-vaidh\the-karan-singh-vaidh\server\node_modules\router\index.js:342:13)
    at C:\react project\x\the-karan-singh-vaidh\the-karan-singh-vaidh\server\node_modules\router\index.js:297:9
    at processParams (C:\react project\x\the-karan-singh-vaidh\the-karan-singh-vaidh\server\node_modules\router\index.js:582:12)
    at next (C:\react project\x\the-karan-singh-vaidh\the-karan-singh-vaidh\server\node_modules\router\index.js:291:5)
    at SendStream.error (C:\react project\x\the-karan-singh-vaidh\the-karan-singh-vaidh\server\node_modules\serve-static\index.js:120:7)
    at SendStream.emit (node:events:517:28)
    at SendStream.error (C:\react project\x\the-karan-singh-vaidh\the-karan-singh-vaidh\server\node_modules\send\index.js:168:17)
    at SendStream.onStatError (C:\react project\x\the-karan-singh-vaidh\the-karan-singh-vaidh\server\node_modules\send\index.js:315:12)

[2026-01-25T08:02:18.379Z] 404 - Not Found - /uploads/image-1769327416999.png
Error: Not Found - /uploads/image-1769327416999.png
    at notFound (C:\react project\x\the-karan-singh-vaidh\the-karan-singh-vaidh\server\middleware\errorMiddleware.js:2:19)
    at Layer.handleRequest (C:\react project\x\the-karan-singh-vaidh\the-karan-singh-vaidh\server\node_modules\router\lib\layer.js:152:17)
    at trimPrefix (C:\react project\x\the-karan-singh-vaidh\the-karan-singh-vaidh\server\node_modules\router\index.js:342:13)
    at C:\react project\x\the-karan-singh-vaidh\the-karan-singh-vaidh\server\node_modules\router\index.js:297:9
    at processParams (C:\react project\x\the-karan-singh-vaidh\the-karan-singh-vaidh\server\node_modules\router\index.js:582:12)
    at next (C:\react project\x\the-karan-singh-vaidh\the-karan-singh-vaidh\server\node_modules\router\index.js:291:5)
    at SendStream.error (C:\react project\x\the-karan-singh-vaidh\the-karan-singh-vaidh\server\node_modules\serve-static\index.js:120:7)
    at SendStream.emit (node:events:517:28)
    at SendStream.error (C:\react project\x\the-karan-singh-vaidh\the-karan-singh-vaidh\server\node_modules\send\index.js:168:17)
    at SendStream.onStatError (C:\react project\x\the-karan-singh-vaidh\the-karan-singh-vaidh\server\node_modules\send\index.js:315:12)

[2026-01-25T08:02:18.462Z] 404 - Not Found - /uploads/image-1769327416999.png
Error: Not Found - /uploads/image-1769327416999.png
    at notFound (C:\react project\x\the-karan-singh-vaidh\the-karan-singh-vaidh\server\middleware\errorMiddleware.js:2:19)
    at Layer.handleRequest (C:\react project\x\the-karan-singh-vaidh\the-karan-singh-vaidh\server\node_modules\router\lib\layer.js:152:17)
    at trimPrefix (C:\react project\x\the-karan-singh-vaidh\the-karan-singh-vaidh\server\node_modules\router\index.js:342:13)
    at C:\react project\x\the-karan-singh-vaidh\the-karan-singh-vaidh\server\node_modules\router\index.js:297:9
    at processParams (C:\react project\x\the-karan-singh-vaidh\the-karan-singh-vaidh\server\node_modules\router\index.js:582:12)
    at next (C:\react project\x\the-karan-singh-vaidh\the-karan-singh-vaidh\server\node_modules\router\index.js:291:5)
    at SendStream.error (C:\react project\x\the-karan-singh-vaidh\the-karan-singh-vaidh\server\node_modules\serve-static\index.js:120:7)
    at SendStream.emit (node:events:517:28)
    at SendStream.error (C:\react project\x\the-karan-singh-vaidh\the-karan-singh-vaidh\server\node_modules\send\index.js:168:17)
    at SendStream.onStatError (C:\react project\x\the-karan-singh-vaidh\the-karan-singh-vaidh\server\node_modules\send\index.js:315:12)

[2026-01-25T08:02:26.755Z] 401 - Invalid email or password
Error: Invalid email or password
    at C:\react project\x\the-karan-singh-vaidh\the-karan-singh-vaidh\server\controllers\authController.js:40:23

[2026-01-25T08:02:37.275Z] 404 - Not Found - /uploads/image-1769327416999.png
Error: Not Found - /uploads/image-1769327416999.png
    at notFound (C:\react project\x\the-karan-singh-vaidh\the-karan-singh-vaidh\server\middleware\errorMiddleware.js:2:19)
    at Layer.handleRequest (C:\react project\x\the-karan-singh-vaidh\the-karan-singh-vaidh\server\node_modules\router\lib\layer.js:152:17)
    at trimPrefix (C:\react project\x\the-karan-singh-vaidh\the-karan-singh-vaidh\server\node_modules\router\index.js:342:13)
    at C:\react project\x\the-karan-singh-vaidh\the-karan-singh-vaidh\server\node_modules\router\index.js:297:9
    at processParams (C:\react project\x\the-karan-singh-vaidh\the-karan-singh-vaidh\server\node_modules\router\index.js:582:12)
    at next (C:\react project\x\the-karan-singh-vaidh\the-karan-singh-vaidh\server\node_modules\router\index.js:291:5)
    at SendStream.error (C:\react project\x\the-karan-singh-vaidh\the-karan-singh-vaidh\server\node_modules\serve-static\index.js:120:7)
    at SendStream.emit (node:events:517:28)
    at SendStream.error (C:\react project\x\the-karan-singh-vaidh\the-karan-singh-vaidh\server\node_modules\send\index.js:168:17)
    at SendStream.onStatError (C:\react project\x\the-karan-singh-vaidh\the-karan-singh-vaidh\server\node_modules\send\index.js:315:12)

[2026-01-25T08:02:42.272Z] 404 - Not Found - /uploads/image-1769327416999.png
Error: Not Found - /uploads/image-1769327416999.png
    at notFound (C:\react project\x\the-karan-singh-vaidh\the-karan-singh-vaidh\server\middleware\errorMiddleware.js:2:19)
    at Layer.handleRequest (C:\react project\x\the-karan-singh-vaidh\the-karan-singh-vaidh\server\node_modules\router\lib\layer.js:152:17)
    at trimPrefix (C:\react project\x\the-karan-singh-vaidh\the-karan-singh-vaidh\server\node_modules\router\index.js:342:13)
    at C:\react project\x\the-karan-singh-vaidh\the-karan-singh-vaidh\server\node_modules\router\index.js:297:9
    at processParams (C:\react project\x\the-karan-singh-vaidh\the-karan-singh-vaidh\server\node_modules\router\index.js:582:12)
    at next (C:\react project\x\the-karan-singh-vaidh\the-karan-singh-vaidh\server\node_modules\router\index.js:291:5)
    at SendStream.error (C:\react project\x\the-karan-singh-vaidh\the-karan-singh-vaidh\server\node_modules\serve-static\index.js:120:7)
    at SendStream.emit (node:events:517:28)
    at SendStream.error (C:\react project\x\the-karan-singh-vaidh\the-karan-singh-vaidh\server\node_modules\send\index.js:168:17)
    at SendStream.onStatError (C:\react project\x\the-karan-singh-vaidh\the-karan-singh-vaidh\server\node_modules\send\index.js:315:12)

[2026-01-25T08:02:50.350Z] 404 - Not Found - /uploads/image-1769327416999.png
Error: Not Found - /uploads/image-1769327416999.png
    at notFound (C:\react project\x\the-karan-singh-vaidh\the-karan-singh-vaidh\server\middleware\errorMiddleware.js:2:19)
    at Layer.handleRequest (C:\react project\x\the-karan-singh-vaidh\the-karan-singh-vaidh\server\node_modules\router\lib\layer.js:152:17)
    at trimPrefix (C:\react project\x\the-karan-singh-vaidh\the-karan-singh-vaidh\server\node_modules\router\index.js:342:13)
    at C:\react project\x\the-karan-singh-vaidh\the-karan-singh-vaidh\server\node_modules\router\index.js:297:9
    at processParams (C:\react project\x\the-karan-singh-vaidh\the-karan-singh-vaidh\server\node_modules\router\index.js:582:12)
    at next (C:\react project\x\the-karan-singh-vaidh\the-karan-singh-vaidh\server\node_modules\router\index.js:291:5)
    at SendStream.error (C:\react project\x\the-karan-singh-vaidh\the-karan-singh-vaidh\server\node_modules\serve-static\index.js:120:7)
    at SendStream.emit (node:events:517:28)
    at SendStream.error (C:\react project\x\the-karan-singh-vaidh\the-karan-singh-vaidh\server\node_modules\send\index.js:168:17)
    at SendStream.onStatError (C:\react project\x\the-karan-singh-vaidh\the-karan-singh-vaidh\server\node_modules\send\index.js:315:12)

[2026-01-25T10:51:06.799Z] 404 - Not Found - /uploads/image-1769338042882.png
Error: Not Found - /uploads/image-1769338042882.png
    at notFound (C:\react project\x\the-karan-singh-vaidh\the-karan-singh-vaidh\server\middleware\errorMiddleware.js:2:19)
    at Layer.handleRequest (C:\react project\x\the-karan-singh-vaidh\the-karan-singh-vaidh\server\node_modules\router\lib\layer.js:152:17)
    at trimPrefix (C:\react project\x\the-karan-singh-vaidh\the-karan-singh-vaidh\server\node_modules\router\index.js:342:13)
    at C:\react project\x\the-karan-singh-vaidh\the-karan-singh-vaidh\server\node_modules\router\index.js:297:9
    at processParams (C:\react project\x\the-karan-singh-vaidh\the-karan-singh-vaidh\server\node_modules\router\index.js:582:12)
    at next (C:\react project\x\the-karan-singh-vaidh\the-karan-singh-vaidh\server\node_modules\router\index.js:291:5)
    at SendStream.error (C:\react project\x\the-karan-singh-vaidh\the-karan-singh-vaidh\server\node_modules\serve-static\index.js:120:7)
    at SendStream.emit (node:events:517:28)
    at SendStream.error (C:\react project\x\the-karan-singh-vaidh\the-karan-singh-vaidh\server\node_modules\send\index.js:168:17)
    at SendStream.onStatError (C:\react project\x\the-karan-singh-vaidh\the-karan-singh-vaidh\server\node_modules\send\index.js:315:12)

[2026-01-25T10:56:04.668Z] 404 - Not Found - /uploads/image-1769338042882.png
Error: Not Found - /uploads/image-1769338042882.png
    at notFound (C:\react project\x\the-karan-singh-vaidh\the-karan-singh-vaidh\server\middleware\errorMiddleware.js:2:19)
    at Layer.handleRequest (C:\react project\x\the-karan-singh-vaidh\the-karan-singh-vaidh\server\node_modules\router\lib\layer.js:152:17)
    at trimPrefix (C:\react project\x\the-karan-singh-vaidh\the-karan-singh-vaidh\server\node_modules\router\index.js:342:13)
    at C:\react project\x\the-karan-singh-vaidh\the-karan-singh-vaidh\server\node_modules\router\index.js:297:9
    at processParams (C:\react project\x\the-karan-singh-vaidh\the-karan-singh-vaidh\server\node_modules\router\index.js:582:12)
    at next (C:\react project\x\the-karan-singh-vaidh\the-karan-singh-vaidh\server\node_modules\router\index.js:291:5)
    at SendStream.error (C:\react project\x\the-karan-singh-vaidh\the-karan-singh-vaidh\server\node_modules\serve-static\index.js:120:7)
    at SendStream.emit (node:events:517:28)
    at SendStream.error (C:\react project\x\the-karan-singh-vaidh\the-karan-singh-vaidh\server\node_modules\send\index.js:168:17)
    at SendStream.onStatError (C:\react project\x\the-karan-singh-vaidh\the-karan-singh-vaidh\server\node_modules\send\index.js:315:12)

[2026-01-25T10:56:06.709Z] 404 - Not Found - /uploads/image-1769338042882.png
Error: Not Found - /uploads/image-1769338042882.png
    at notFound (C:\react project\x\the-karan-singh-vaidh\the-karan-singh-vaidh\server\middleware\errorMiddleware.js:2:19)
    at Layer.handleRequest (C:\react project\x\the-karan-singh-vaidh\the-karan-singh-vaidh\server\node_modules\router\lib\layer.js:152:17)
    at trimPrefix (C:\react project\x\the-karan-singh-vaidh\the-karan-singh-vaidh\server\node_modules\router\index.js:342:13)
    at C:\react project\x\the-karan-singh-vaidh\the-karan-singh-vaidh\server\node_modules\router\index.js:297:9
    at processParams (C:\react project\x\the-karan-singh-vaidh\the-karan-singh-vaidh\server\node_modules\router\index.js:582:12)
    at next (C:\react project\x\the-karan-singh-vaidh\the-karan-singh-vaidh\server\node_modules\router\index.js:291:5)
    at SendStream.error (C:\react project\x\the-karan-singh-vaidh\the-karan-singh-vaidh\server\node_modules\serve-static\index.js:120:7)
    at SendStream.emit (node:events:517:28)
    at SendStream.error (C:\react project\x\the-karan-singh-vaidh\the-karan-singh-vaidh\server\node_modules\send\index.js:168:17)
    at SendStream.onStatError (C:\react project\x\the-karan-singh-vaidh\the-karan-singh-vaidh\server\node_modules\send\index.js:315:12)

[2026-01-25T10:56:06.910Z] 404 - Not Found - /uploads/image-1769338042882.png
Error: Not Found - /uploads/image-1769338042882.png
    at notFound (C:\react project\x\the-karan-singh-vaidh\the-karan-singh-vaidh\server\middleware\errorMiddleware.js:2:19)
    at Layer.handleRequest (C:\react project\x\the-karan-singh-vaidh\the-karan-singh-vaidh\server\node_modules\router\lib\layer.js:152:17)
    at trimPrefix (C:\react project\x\the-karan-singh-vaidh\the-karan-singh-vaidh\server\node_modules\router\index.js:342:13)
    at C:\react project\x\the-karan-singh-vaidh\the-karan-singh-vaidh\server\node_modules\router\index.js:297:9
    at processParams (C:\react project\x\the-karan-singh-vaidh\the-karan-singh-vaidh\server\node_modules\router\index.js:582:12)
    at next (C:\react project\x\the-karan-singh-vaidh\the-karan-singh-vaidh\server\node_modules\router\index.js:291:5)
    at SendStream.error (C:\react project\x\the-karan-singh-vaidh\the-karan-singh-vaidh\server\node_modules\serve-static\index.js:120:7)
    at SendStream.emit (node:events:517:28)
    at SendStream.error (C:\react project\x\the-karan-singh-vaidh\the-karan-singh-vaidh\server\node_modules\send\index.js:168:17)
    at SendStream.onStatError (C:\react project\x\the-karan-singh-vaidh\the-karan-singh-vaidh\server\node_modules\send\index.js:315:12)

[2026-01-25T10:56:11.930Z] 404 - Not Found - /uploads/image-1769338042882.png
Error: Not Found - /uploads/image-1769338042882.png
    at notFound (C:\react project\x\the-karan-singh-vaidh\the-karan-singh-vaidh\server\middleware\errorMiddleware.js:2:19)
    at Layer.handleRequest (C:\react project\x\the-karan-singh-vaidh\the-karan-singh-vaidh\server\node_modules\router\lib\layer.js:152:17)
    at trimPrefix (C:\react project\x\the-karan-singh-vaidh\the-karan-singh-vaidh\server\node_modules\router\index.js:342:13)
    at C:\react project\x\the-karan-singh-vaidh\the-karan-singh-vaidh\server\node_modules\router\index.js:297:9
    at processParams (C:\react project\x\the-karan-singh-vaidh\the-karan-singh-vaidh\server\node_modules\router\index.js:582:12)
    at next (C:\react project\x\the-karan-singh-vaidh\the-karan-singh-vaidh\server\node_modules\router\index.js:291:5)
    at SendStream.error (C:\react project\x\the-karan-singh-vaidh\the-karan-singh-vaidh\server\node_modules\serve-static\index.js:120:7)
    at SendStream.emit (node:events:517:28)
    at SendStream.error (C:\react project\x\the-karan-singh-vaidh\the-karan-singh-vaidh\server\node_modules\send\index.js:168:17)
    at SendStream.onStatError (C:\react project\x\the-karan-singh-vaidh\the-karan-singh-vaidh\server\node_modules\send\index.js:315:12)

[2026-01-25T10:56:42.909Z] 404 - Not Found - /uploads/image-1769338042882.png
Error: Not Found - /uploads/image-1769338042882.png
    at notFound (C:\react project\x\the-karan-singh-vaidh\the-karan-singh-vaidh\server\middleware\errorMiddleware.js:2:19)
    at Layer.handleRequest (C:\react project\x\the-karan-singh-vaidh\the-karan-singh-vaidh\server\node_modules\router\lib\layer.js:152:17)
    at trimPrefix (C:\react project\x\the-karan-singh-vaidh\the-karan-singh-vaidh\server\node_modules\router\index.js:342:13)
    at C:\react project\x\the-karan-singh-vaidh\the-karan-singh-vaidh\server\node_modules\router\index.js:297:9
    at processParams (C:\react project\x\the-karan-singh-vaidh\the-karan-singh-vaidh\server\node_modules\router\index.js:582:12)
    at next (C:\react project\x\the-karan-singh-vaidh\the-karan-singh-vaidh\server\node_modules\router\index.js:291:5)
    at SendStream.error (C:\react project\x\the-karan-singh-vaidh\the-karan-singh-vaidh\server\node_modules\serve-static\index.js:120:7)
    at SendStream.emit (node:events:517:28)
    at SendStream.error (C:\react project\x\the-karan-singh-vaidh\the-karan-singh-vaidh\server\node_modules\send\index.js:168:17)
    at SendStream.onStatError (C:\react project\x\the-karan-singh-vaidh\the-karan-singh-vaidh\server\node_modules\send\index.js:315:12)

[2026-01-25T10:56:44.645Z] 404 - Not Found - /uploads/image-1769338042882.png
Error: Not Found - /uploads/image-1769338042882.png
    at notFound (C:\react project\x\the-karan-singh-vaidh\the-karan-singh-vaidh\server\middleware\errorMiddleware.js:2:19)
    at Layer.handleRequest (C:\react project\x\the-karan-singh-vaidh\the-karan-singh-vaidh\server\node_modules\router\lib\layer.js:152:17)
    at trimPrefix (C:\react project\x\the-karan-singh-vaidh\the-karan-singh-vaidh\server\node_modules\router\index.js:342:13)
    at C:\react project\x\the-karan-singh-vaidh\the-karan-singh-vaidh\server\node_modules\router\index.js:297:9
    at processParams (C:\react project\x\the-karan-singh-vaidh\the-karan-singh-vaidh\server\node_modules\router\index.js:582:12)
    at next (C:\react project\x\the-karan-singh-vaidh\the-karan-singh-vaidh\server\node_modules\router\index.js:291:5)
    at SendStream.error (C:\react project\x\the-karan-singh-vaidh\the-karan-singh-vaidh\server\node_modules\serve-static\index.js:120:7)
    at SendStream.emit (node:events:517:28)
    at SendStream.error (C:\react project\x\the-karan-singh-vaidh\the-karan-singh-vaidh\server\node_modules\send\index.js:168:17)
    at SendStream.onStatError (C:\react project\x\the-karan-singh-vaidh\the-karan-singh-vaidh\server\node_modules\send\index.js:315:12)

[2026-01-25T10:56:44.738Z] 404 - Not Found - /uploads/image-1769338042882.png
Error: Not Found - /uploads/image-1769338042882.png
    at notFound (C:\react project\x\the-karan-singh-vaidh\the-karan-singh-vaidh\server\middleware\errorMiddleware.js:2:19)
    at Layer.handleRequest (C:\react project\x\the-karan-singh-vaidh\the-karan-singh-vaidh\server\node_modules\router\lib\layer.js:152:17)
    at trimPrefix (C:\react project\x\the-karan-singh-vaidh\the-karan-singh-vaidh\server\node_modules\router\index.js:342:13)
    at C:\react project\x\the-karan-singh-vaidh\the-karan-singh-vaidh\server\node_modules\router\index.js:297:9
    at processParams (C:\react project\x\the-karan-singh-vaidh\the-karan-singh-vaidh\server\node_modules\router\index.js:582:12)
    at next (C:\react project\x\the-karan-singh-vaidh\the-karan-singh-vaidh\server\node_modules\router\index.js:291:5)
    at SendStream.error (C:\react project\x\the-karan-singh-vaidh\the-karan-singh-vaidh\server\node_modules\serve-static\index.js:120:7)
    at SendStream.emit (node:events:517:28)
    at SendStream.error (C:\react project\x\the-karan-singh-vaidh\the-karan-singh-vaidh\server\node_modules\send\index.js:168:17)
    at SendStream.onStatError (C:\react project\x\the-karan-singh-vaidh\the-karan-singh-vaidh\server\node_modules\send\index.js:315:12)

[2026-01-25T10:57:27.439Z] 404 - Not Found - /uploads/image-1769338042882.png
Error: Not Found - /uploads/image-1769338042882.png
    at notFound (C:\react project\x\the-karan-singh-vaidh\the-karan-singh-vaidh\server\middleware\errorMiddleware.js:2:19)
    at Layer.handleRequest (C:\react project\x\the-karan-singh-vaidh\the-karan-singh-vaidh\server\node_modules\router\lib\layer.js:152:17)
    at trimPrefix (C:\react project\x\the-karan-singh-vaidh\the-karan-singh-vaidh\server\node_modules\router\index.js:342:13)
    at C:\react project\x\the-karan-singh-vaidh\the-karan-singh-vaidh\server\node_modules\router\index.js:297:9
    at processParams (C:\react project\x\the-karan-singh-vaidh\the-karan-singh-vaidh\server\node_modules\router\index.js:582:12)
    at next (C:\react project\x\the-karan-singh-vaidh\the-karan-singh-vaidh\server\node_modules\router\index.js:291:5)
    at SendStream.error (C:\react project\x\the-karan-singh-vaidh\the-karan-singh-vaidh\server\node_modules\serve-static\index.js:120:7)
    at SendStream.emit (node:events:517:28)
    at SendStream.error (C:\react project\x\the-karan-singh-vaidh\the-karan-singh-vaidh\server\node_modules\send\index.js:168:17)
    at SendStream.onStatError (C:\react project\x\the-karan-singh-vaidh\the-karan-singh-vaidh\server\node_modules\send\index.js:315:12)

[2026-01-25T10:57:31.361Z] 404 - Not Found - /uploads/image-1769338042882.png
Error: Not Found - /uploads/image-1769338042882.png
    at notFound (C:\react project\x\the-karan-singh-vaidh\the-karan-singh-vaidh\server\middleware\errorMiddleware.js:2:19)
    at Layer.handleRequest (C:\react project\x\the-karan-singh-vaidh\the-karan-singh-vaidh\server\node_modules\router\lib\layer.js:152:17)
    at trimPrefix (C:\react project\x\the-karan-singh-vaidh\the-karan-singh-vaidh\server\node_modules\router\index.js:342:13)
    at C:\react project\x\the-karan-singh-vaidh\the-karan-singh-vaidh\server\node_modules\router\index.js:297:9
    at processParams (C:\react project\x\the-karan-singh-vaidh\the-karan-singh-vaidh\server\node_modules\router\index.js:582:12)
    at next (C:\react project\x\the-karan-singh-vaidh\the-karan-singh-vaidh\server\node_modules\router\index.js:291:5)
    at SendStream.error (C:\react project\x\the-karan-singh-vaidh\the-karan-singh-vaidh\server\node_modules\serve-static\index.js:120:7)
    at SendStream.emit (node:events:517:28)
    at SendStream.error (C:\react project\x\the-karan-singh-vaidh\the-karan-singh-vaidh\server\node_modules\send\index.js:168:17)
    at SendStream.onStatError (C:\react project\x\the-karan-singh-vaidh\the-karan-singh-vaidh\server\node_modules\send\index.js:315:12)

[2026-01-25T10:57:59.583Z] 404 - Not Found - /uploads/image-1769338042882.png
Error: Not Found - /uploads/image-1769338042882.png
    at notFound (C:\react project\x\the-karan-singh-vaidh\the-karan-singh-vaidh\server\middleware\errorMiddleware.js:2:19)
    at Layer.handleRequest (C:\react project\x\the-karan-singh-vaidh\the-karan-singh-vaidh\server\node_modules\router\lib\layer.js:152:17)
    at trimPrefix (C:\react project\x\the-karan-singh-vaidh\the-karan-singh-vaidh\server\node_modules\router\index.js:342:13)
    at C:\react project\x\the-karan-singh-vaidh\the-karan-singh-vaidh\server\node_modules\router\index.js:297:9
    at processParams (C:\react project\x\the-karan-singh-vaidh\the-karan-singh-vaidh\server\node_modules\router\index.js:582:12)
    at next (C:\react project\x\the-karan-singh-vaidh\the-karan-singh-vaidh\server\node_modules\router\index.js:291:5)
    at SendStream.error (C:\react project\x\the-karan-singh-vaidh\the-karan-singh-vaidh\server\node_modules\serve-static\index.js:120:7)
    at SendStream.emit (node:events:517:28)
    at SendStream.error (C:\react project\x\the-karan-singh-vaidh\the-karan-singh-vaidh\server\node_modules\send\index.js:168:17)
    at SendStream.onStatError (C:\react project\x\the-karan-singh-vaidh\the-karan-singh-vaidh\server\node_modules\send\index.js:315:12)

[2026-01-25T10:57:59.682Z] 404 - Not Found - /uploads/image-1769338042882.png
Error: Not Found - /uploads/image-1769338042882.png
    at notFound (C:\react project\x\the-karan-singh-vaidh\the-karan-singh-vaidh\server\middleware\errorMiddleware.js:2:19)
    at Layer.handleRequest (C:\react project\x\the-karan-singh-vaidh\the-karan-singh-vaidh\server\node_modules\router\lib\layer.js:152:17)
    at trimPrefix (C:\react project\x\the-karan-singh-vaidh\the-karan-singh-vaidh\server\node_modules\router\index.js:342:13)
    at C:\react project\x\the-karan-singh-vaidh\the-karan-singh-vaidh\server\node_modules\router\index.js:297:9
    at processParams (C:\react project\x\the-karan-singh-vaidh\the-karan-singh-vaidh\server\node_modules\router\index.js:582:12)
    at next (C:\react project\x\the-karan-singh-vaidh\the-karan-singh-vaidh\server\node_modules\router\index.js:291:5)
    at SendStream.error (C:\react project\x\the-karan-singh-vaidh\the-karan-singh-vaidh\server\node_modules\serve-static\index.js:120:7)
    at SendStream.emit (node:events:517:28)
    at SendStream.error (C:\react project\x\the-karan-singh-vaidh\the-karan-singh-vaidh\server\node_modules\send\index.js:168:17)
    at SendStream.onStatError (C:\react project\x\the-karan-singh-vaidh\the-karan-singh-vaidh\server\node_modules\send\index.js:315:12)

[2026-01-25T10:58:05.615Z] 404 - Not Found - /uploads/image-1769338042882.png
Error: Not Found - /uploads/image-1769338042882.png
    at notFound (C:\react project\x\the-karan-singh-vaidh\the-karan-singh-vaidh\server\middleware\errorMiddleware.js:2:19)
    at Layer.handleRequest (C:\react project\x\the-karan-singh-vaidh\the-karan-singh-vaidh\server\node_modules\router\lib\layer.js:152:17)
    at trimPrefix (C:\react project\x\the-karan-singh-vaidh\the-karan-singh-vaidh\server\node_modules\router\index.js:342:13)
    at C:\react project\x\the-karan-singh-vaidh\the-karan-singh-vaidh\server\node_modules\router\index.js:297:9
    at processParams (C:\react project\x\the-karan-singh-vaidh\the-karan-singh-vaidh\server\node_modules\router\index.js:582:12)
    at next (C:\react project\x\the-karan-singh-vaidh\the-karan-singh-vaidh\server\node_modules\router\index.js:291:5)
    at SendStream.error (C:\react project\x\the-karan-singh-vaidh\the-karan-singh-vaidh\server\node_modules\serve-static\index.js:120:7)
    at SendStream.emit (node:events:517:28)
    at SendStream.error (C:\react project\x\the-karan-singh-vaidh\the-karan-singh-vaidh\server\node_modules\send\index.js:168:17)
    at SendStream.onStatError (C:\react project\x\the-karan-singh-vaidh\the-karan-singh-vaidh\server\node_modules\send\index.js:315:12)

[2026-01-25T10:58:19.440Z] 401 - Invalid email or password
Error: Invalid email or password
    at C:\react project\x\the-karan-singh-vaidh\the-karan-singh-vaidh\server\controllers\authController.js:40:23

[2026-01-25T10:58:32.531Z] 404 - Not Found - /uploads/image-1769338042882.png
Error: Not Found - /uploads/image-1769338042882.png
    at notFound (C:\react project\x\the-karan-singh-vaidh\the-karan-singh-vaidh\server\middleware\errorMiddleware.js:2:19)
    at Layer.handleRequest (C:\react project\x\the-karan-singh-vaidh\the-karan-singh-vaidh\server\node_modules\router\lib\layer.js:152:17)
    at trimPrefix (C:\react project\x\the-karan-singh-vaidh\the-karan-singh-vaidh\server\node_modules\router\index.js:342:13)
    at C:\react project\x\the-karan-singh-vaidh\the-karan-singh-vaidh\server\node_modules\router\index.js:297:9
    at processParams (C:\react project\x\the-karan-singh-vaidh\the-karan-singh-vaidh\server\node_modules\router\index.js:582:12)
    at next (C:\react project\x\the-karan-singh-vaidh\the-karan-singh-vaidh\server\node_modules\router\index.js:291:5)
    at SendStream.error (C:\react project\x\the-karan-singh-vaidh\the-karan-singh-vaidh\server\node_modules\serve-static\index.js:120:7)
    at SendStream.emit (node:events:517:28)
    at SendStream.error (C:\react project\x\the-karan-singh-vaidh\the-karan-singh-vaidh\server\node_modules\send\index.js:168:17)
    at SendStream.onStatError (C:\react project\x\the-karan-singh-vaidh\the-karan-singh-vaidh\server\node_modules\send\index.js:315:12)

[2026-01-25T12:11:18.289Z] 404 - Not Found - /uploads/image-1769343012893.png
Error: Not Found - /uploads/image-1769343012893.png
    at notFound (C:\react project\x\the-karan-singh-vaidh\the-karan-singh-vaidh\server\middleware\errorMiddleware.js:2:19)
    at Layer.handleRequest (C:\react project\x\the-karan-singh-vaidh\the-karan-singh-vaidh\server\node_modules\router\lib\layer.js:152:17)
    at trimPrefix (C:\react project\x\the-karan-singh-vaidh\the-karan-singh-vaidh\server\node_modules\router\index.js:342:13)
    at C:\react project\x\the-karan-singh-vaidh\the-karan-singh-vaidh\server\node_modules\router\index.js:297:9
    at processParams (C:\react project\x\the-karan-singh-vaidh\the-karan-singh-vaidh\server\node_modules\router\index.js:582:12)
    at next (C:\react project\x\the-karan-singh-vaidh\the-karan-singh-vaidh\server\node_modules\router\index.js:291:5)
    at SendStream.error (C:\react project\x\the-karan-singh-vaidh\the-karan-singh-vaidh\server\node_modules\serve-static\index.js:120:7)
    at SendStream.emit (node:events:517:28)
    at SendStream.error (C:\react project\x\the-karan-singh-vaidh\the-karan-singh-vaidh\server\node_modules\send\index.js:168:17)
    at SendStream.onStatError (C:\react project\x\the-karan-singh-vaidh\the-karan-singh-vaidh\server\node_modules\send\index.js:315:12)

[2026-01-25T12:16:52.680Z] 404 - Not Found - /uploads/image-1769343012893.png
Error: Not Found - /uploads/image-1769343012893.png
    at notFound (C:\react project\x\the-karan-singh-vaidh\the-karan-singh-vaidh\server\middleware\errorMiddleware.js:2:19)
    at Layer.handleRequest (C:\react project\x\the-karan-singh-vaidh\the-karan-singh-vaidh\server\node_modules\router\lib\layer.js:152:17)
    at trimPrefix (C:\react project\x\the-karan-singh-vaidh\the-karan-singh-vaidh\server\node_modules\router\index.js:342:13)
    at C:\react project\x\the-karan-singh-vaidh\the-karan-singh-vaidh\server\node_modules\router\index.js:297:9
    at processParams (C:\react project\x\the-karan-singh-vaidh\the-karan-singh-vaidh\server\node_modules\router\index.js:582:12)
    at next (C:\react project\x\the-karan-singh-vaidh\the-karan-singh-vaidh\server\node_modules\router\index.js:291:5)
    at SendStream.error (C:\react project\x\the-karan-singh-vaidh\the-karan-singh-vaidh\server\node_modules\serve-static\index.js:120:7)
    at SendStream.emit (node:events:517:28)
    at SendStream.error (C:\react project\x\the-karan-singh-vaidh\the-karan-singh-vaidh\server\node_modules\send\index.js:168:17)
    at SendStream.onStatError (C:\react project\x\the-karan-singh-vaidh\the-karan-singh-vaidh\server\node_modules\send\index.js:315:12)

[2026-01-25T12:40:44.274Z] 404 - Not Found - /uploads/image-1769344156803.png
Error: Not Found - /uploads/image-1769344156803.png
    at notFound (C:\react project\x\the-karan-singh-vaidh\the-karan-singh-vaidh\server\middleware\errorMiddleware.js:2:19)
    at Layer.handleRequest (C:\react project\x\the-karan-singh-vaidh\the-karan-singh-vaidh\server\node_modules\router\lib\layer.js:152:17)
    at trimPrefix (C:\react project\x\the-karan-singh-vaidh\the-karan-singh-vaidh\server\node_modules\router\index.js:342:13)
    at C:\react project\x\the-karan-singh-vaidh\the-karan-singh-vaidh\server\node_modules\router\index.js:297:9
    at processParams (C:\react project\x\the-karan-singh-vaidh\the-karan-singh-vaidh\server\node_modules\router\index.js:582:12)
    at next (C:\react project\x\the-karan-singh-vaidh\the-karan-singh-vaidh\server\node_modules\router\index.js:291:5)
    at SendStream.error (C:\react project\x\the-karan-singh-vaidh\the-karan-singh-vaidh\server\node_modules\serve-static\index.js:120:7)
    at SendStream.emit (node:events:517:28)
    at SendStream.error (C:\react project\x\the-karan-singh-vaidh\the-karan-singh-vaidh\server\node_modules\send\index.js:168:17)
    at SendStream.onStatError (C:\react project\x\the-karan-singh-vaidh\the-karan-singh-vaidh\server\node_modules\send\index.js:315:12)

[2026-01-25T12:40:44.373Z] 404 - Not Found - /uploads/image-1769344156803.png
Error: Not Found - /uploads/image-1769344156803.png
    at notFound (C:\react project\x\the-karan-singh-vaidh\the-karan-singh-vaidh\server\middleware\errorMiddleware.js:2:19)
    at Layer.handleRequest (C:\react project\x\the-karan-singh-vaidh\the-karan-singh-vaidh\server\node_modules\router\lib\layer.js:152:17)
    at trimPrefix (C:\react project\x\the-karan-singh-vaidh\the-karan-singh-vaidh\server\node_modules\router\index.js:342:13)
    at C:\react project\x\the-karan-singh-vaidh\the-karan-singh-vaidh\server\node_modules\router\index.js:297:9
    at processParams (C:\react project\x\the-karan-singh-vaidh\the-karan-singh-vaidh\server\node_modules\router\index.js:582:12)
    at next (C:\react project\x\the-karan-singh-vaidh\the-karan-singh-vaidh\server\node_modules\router\index.js:291:5)
    at SendStream.error (C:\react project\x\the-karan-singh-vaidh\the-karan-singh-vaidh\server\node_modules\serve-static\index.js:120:7)
    at SendStream.emit (node:events:517:28)
    at SendStream.error (C:\react project\x\the-karan-singh-vaidh\the-karan-singh-vaidh\server\node_modules\send\index.js:168:17)
    at SendStream.onStatError (C:\react project\x\the-karan-singh-vaidh\the-karan-singh-vaidh\server\node_modules\send\index.js:315:12)

[2026-01-25T12:40:46.923Z] 404 - Not Found - /uploads/image-1769344156803.png
Error: Not Found - /uploads/image-1769344156803.png
    at notFound (C:\react project\x\the-karan-singh-vaidh\the-karan-singh-vaidh\server\middleware\errorMiddleware.js:2:19)
    at Layer.handleRequest (C:\react project\x\the-karan-singh-vaidh\the-karan-singh-vaidh\server\node_modules\router\lib\layer.js:152:17)
    at trimPrefix (C:\react project\x\the-karan-singh-vaidh\the-karan-singh-vaidh\server\node_modules\router\index.js:342:13)
    at C:\react project\x\the-karan-singh-vaidh\the-karan-singh-vaidh\server\node_modules\router\index.js:297:9
    at processParams (C:\react project\x\the-karan-singh-vaidh\the-karan-singh-vaidh\server\node_modules\router\index.js:582:12)
    at next (C:\react project\x\the-karan-singh-vaidh\the-karan-singh-vaidh\server\node_modules\router\index.js:291:5)
    at SendStream.error (C:\react project\x\the-karan-singh-vaidh\the-karan-singh-vaidh\server\node_modules\serve-static\index.js:120:7)
    at SendStream.emit (node:events:517:28)
    at SendStream.error (C:\react project\x\the-karan-singh-vaidh\the-karan-singh-vaidh\server\node_modules\send\index.js:168:17)
    at SendStream.onStatError (C:\react project\x\the-karan-singh-vaidh\the-karan-singh-vaidh\server\node_modules\send\index.js:315:12)

[2026-01-25T12:41:15.125Z] 404 - Not Found - /uploads/image-1769344156803.png
Error: Not Found - /uploads/image-1769344156803.png
    at notFound (C:\react project\x\the-karan-singh-vaidh\the-karan-singh-vaidh\server\middleware\errorMiddleware.js:2:19)
    at Layer.handleRequest (C:\react project\x\the-karan-singh-vaidh\the-karan-singh-vaidh\server\node_modules\router\lib\layer.js:152:17)
    at trimPrefix (C:\react project\x\the-karan-singh-vaidh\the-karan-singh-vaidh\server\node_modules\router\index.js:342:13)
    at C:\react project\x\the-karan-singh-vaidh\the-karan-singh-vaidh\server\node_modules\router\index.js:297:9
    at processParams (C:\react project\x\the-karan-singh-vaidh\the-karan-singh-vaidh\server\node_modules\router\index.js:582:12)
    at next (C:\react project\x\the-karan-singh-vaidh\the-karan-singh-vaidh\server\node_modules\router\index.js:291:5)
    at SendStream.error (C:\react project\x\the-karan-singh-vaidh\the-karan-singh-vaidh\server\node_modules\serve-static\index.js:120:7)
    at SendStream.emit (node:events:517:28)
    at SendStream.error (C:\react project\x\the-karan-singh-vaidh\the-karan-singh-vaidh\server\node_modules\send\index.js:168:17)
    at SendStream.onStatError (C:\react project\x\the-karan-singh-vaidh\the-karan-singh-vaidh\server\node_modules\send\index.js:315:12)

[2026-01-25T13:18:25.334Z] 401 - Invalid email or password
Error: Invalid email or password
    at C:\react project\x\the-karan-singh-vaidh\the-karan-singh-vaidh\server\controllers\authController.js:40:23

[2026-01-25T13:45:46.330Z] 500 - Product validation failed: fullDescription: Path `fullDescription` is required.
ValidationError: Product validation failed: fullDescription: Path `fullDescription` is required.
    at Document.invalidate (C:\react project\x\the-karan-singh-vaidh\the-karan-singh-vaidh\server\node_modules\mongoose\lib\document.js:3379:32)
    at validatePath (C:\react project\x\the-karan-singh-vaidh\the-karan-singh-vaidh\server\node_modules\mongoose\lib\document.js:3154:13)
    at process.processTicksAndRejections (node:internal/process/task_queues:95:5)
    at async Promise.all (index 4)
    at async model.$__validate (C:\react project\x\the-karan-singh-vaidh\the-karan-singh-vaidh\server\node_modules\mongoose\lib\document.js:3095:3)
    at async model.validate (C:\react project\x\the-karan-singh-vaidh\the-karan-singh-vaidh\server\node_modules\mongoose\lib\document.js:2672:5)
    at async model.validateBeforeSave (C:\react project\x\the-karan-singh-vaidh\the-karan-singh-vaidh\server\node_modules\mongoose\lib\plugins\validateBeforeSave.js:34:7)
    at async Kareem.execPre (C:\react project\x\the-karan-singh-vaidh\the-karan-singh-vaidh\server\node_modules\kareem\index.js:65:24)
    at async model.$__save (C:\react project\x\the-karan-singh-vaidh\the-karan-singh-vaidh\server\node_modules\mongoose\lib\model.js:369:5)
    at async model.save (C:\react project\x\the-karan-singh-vaidh\the-karan-singh-vaidh\server\node_modules\mongoose\lib\model.js:609:5)

[2026-01-25T14:31:26.638Z] 500 - Cast to ObjectId failed for value "diabetes" (type string) at path "category" for model "Product"
CastError: Cast to ObjectId failed for value "diabetes" (type string) at path "category" for model "Product"
    at SchemaObjectId.cast (C:\react project\x\the-karan-singh-vaidh\the-karan-singh-vaidh\server\node_modules\mongoose\lib\schema\objectId.js:253:11)
    at SchemaType.applySetters (C:\react project\x\the-karan-singh-vaidh\the-karan-singh-vaidh\server\node_modules\mongoose\lib\schemaType.js:1280:12)
    at SchemaType.castForQuery (C:\react project\x\the-karan-singh-vaidh\the-karan-singh-vaidh\server\node_modules\mongoose\lib\schemaType.js:1706:17)
    at cast (C:\react project\x\the-karan-singh-vaidh\the-karan-singh-vaidh\server\node_modules\mongoose\lib\cast.js:386:32)
    at Query.cast (C:\react project\x\the-karan-singh-vaidh\the-karan-singh-vaidh\server\node_modules\mongoose\lib\query.js:5040:12)
    at Query._castConditions (C:\react project\x\the-karan-singh-vaidh\the-karan-singh-vaidh\server\node_modules\mongoose\lib\query.js:2374:10)
    at model.Query._find (C:\react project\x\the-karan-singh-vaidh\the-karan-singh-vaidh\server\node_modules\mongoose\lib\query.js:2401:8)
    at model.Query.exec (C:\react project\x\the-karan-singh-vaidh\the-karan-singh-vaidh\server\node_modules\mongoose\lib\query.js:4652:80)
    at process.processTicksAndRejections (node:internal/process/task_queues:95:5)
    at async C:\react project\x\the-karan-singh-vaidh\the-karan-singh-vaidh\server\controllers\productController.js:33:22

[2026-01-25T14:31:38.676Z] 500 - Cast to ObjectId failed for value "kidney-stone" (type string) at path "category" for model "Product"
CastError: Cast to ObjectId failed for value "kidney-stone" (type string) at path "category" for model "Product"
    at SchemaObjectId.cast (C:\react project\x\the-karan-singh-vaidh\the-karan-singh-vaidh\server\node_modules\mongoose\lib\schema\objectId.js:253:11)
    at SchemaType.applySetters (C:\react project\x\the-karan-singh-vaidh\the-karan-singh-vaidh\server\node_modules\mongoose\lib\schemaType.js:1280:12)
    at SchemaType.castForQuery (C:\react project\x\the-karan-singh-vaidh\the-karan-singh-vaidh\server\node_modules\mongoose\lib\schemaType.js:1706:17)
    at cast (C:\react project\x\the-karan-singh-vaidh\the-karan-singh-vaidh\server\node_modules\mongoose\lib\cast.js:386:32)
    at Query.cast (C:\react project\x\the-karan-singh-vaidh\the-karan-singh-vaidh\server\node_modules\mongoose\lib\query.js:5040:12)
    at Query._castConditions (C:\react project\x\the-karan-singh-vaidh\the-karan-singh-vaidh\server\node_modules\mongoose\lib\query.js:2374:10)
    at model.Query._find (C:\react project\x\the-karan-singh-vaidh\the-karan-singh-vaidh\server\node_modules\mongoose\lib\query.js:2401:8)
    at model.Query.exec (C:\react project\x\the-karan-singh-vaidh\the-karan-singh-vaidh\server\node_modules\mongoose\lib\query.js:4652:80)
    at process.processTicksAndRejections (node:internal/process/task_queues:95:5)
    at async C:\react project\x\the-karan-singh-vaidh\the-karan-singh-vaidh\server\controllers\productController.js:33:22

[2026-01-25T14:31:45.286Z] 500 - Cast to ObjectId failed for value "gastric" (type string) at path "category" for model "Product"
CastError: Cast to ObjectId failed for value "gastric" (type string) at path "category" for model "Product"
    at SchemaObjectId.cast (C:\react project\x\the-karan-singh-vaidh\the-karan-singh-vaidh\server\node_modules\mongoose\lib\schema\objectId.js:253:11)
    at SchemaType.applySetters (C:\react project\x\the-karan-singh-vaidh\the-karan-singh-vaidh\server\node_modules\mongoose\lib\schemaType.js:1280:12)
    at SchemaType.castForQuery (C:\react project\x\the-karan-singh-vaidh\the-karan-singh-vaidh\server\node_modules\mongoose\lib\schemaType.js:1706:17)
    at cast (C:\react project\x\the-karan-singh-vaidh\the-karan-singh-vaidh\server\node_modules\mongoose\lib\cast.js:386:32)
    at Query.cast (C:\react project\x\the-karan-singh-vaidh\the-karan-singh-vaidh\server\node_modules\mongoose\lib\query.js:5040:12)
    at Query._castConditions (C:\react project\x\the-karan-singh-vaidh\the-karan-singh-vaidh\server\node_modules\mongoose\lib\query.js:2374:10)
    at model.Query._find (C:\react project\x\the-karan-singh-vaidh\the-karan-singh-vaidh\server\node_modules\mongoose\lib\query.js:2401:8)
    at model.Query.exec (C:\react project\x\the-karan-singh-vaidh\the-karan-singh-vaidh\server\node_modules\mongoose\lib\query.js:4652:80)
    at process.processTicksAndRejections (node:internal/process/task_queues:95:5)
    at async C:\react project\x\the-karan-singh-vaidh\the-karan-singh-vaidh\server\controllers\productController.js:33:22

[2026-01-25T16:06:45.479Z] 500 - Cast to ObjectId failed for value "kidney-stone" (type string) at path "category" for model "Product"
CastError: Cast to ObjectId failed for value "kidney-stone" (type string) at path "category" for model "Product"
    at SchemaObjectId.cast (C:\react project\x\the-karan-singh-vaidh\the-karan-singh-vaidh\server\node_modules\mongoose\lib\schema\objectId.js:253:11)
    at SchemaType.applySetters (C:\react project\x\the-karan-singh-vaidh\the-karan-singh-vaidh\server\node_modules\mongoose\lib\schemaType.js:1280:12)
    at SchemaType.castForQuery (C:\react project\x\the-karan-singh-vaidh\the-karan-singh-vaidh\server\node_modules\mongoose\lib\schemaType.js:1706:17)
    at cast (C:\react project\x\the-karan-singh-vaidh\the-karan-singh-vaidh\server\node_modules\mongoose\lib\cast.js:386:32)
    at Query.cast (C:\react project\x\the-karan-singh-vaidh\the-karan-singh-vaidh\server\node_modules\mongoose\lib\query.js:5040:12)
    at Query._castConditions (C:\react project\x\the-karan-singh-vaidh\the-karan-singh-vaidh\server\node_modules\mongoose\lib\query.js:2374:10)
    at model.Query._find (C:\react project\x\the-karan-singh-vaidh\the-karan-singh-vaidh\server\node_modules\mongoose\lib\query.js:2401:8)
    at model.Query.exec (C:\react project\x\the-karan-singh-vaidh\the-karan-singh-vaidh\server\node_modules\mongoose\lib\query.js:4652:80)
    at process.processTicksAndRejections (node:internal/process/task_queues:95:5)
    at async C:\react project\x\the-karan-singh-vaidh\the-karan-singh-vaidh\server\controllers\productController.js:33:22

[2026-01-25T16:08:25.834Z] 500 - Cast to ObjectId failed for value "kidney-stone" (type string) at path "category" for model "Product"
CastError: Cast to ObjectId failed for value "kidney-stone" (type string) at path "category" for model "Product"
    at SchemaObjectId.cast (C:\react project\x\the-karan-singh-vaidh\the-karan-singh-vaidh\server\node_modules\mongoose\lib\schema\objectId.js:253:11)
    at SchemaType.applySetters (C:\react project\x\the-karan-singh-vaidh\the-karan-singh-vaidh\server\node_modules\mongoose\lib\schemaType.js:1280:12)
    at SchemaType.castForQuery (C:\react project\x\the-karan-singh-vaidh\the-karan-singh-vaidh\server\node_modules\mongoose\lib\schemaType.js:1706:17)
    at cast (C:\react project\x\the-karan-singh-vaidh\the-karan-singh-vaidh\server\node_modules\mongoose\lib\cast.js:386:32)
    at Query.cast (C:\react project\x\the-karan-singh-vaidh\the-karan-singh-vaidh\server\node_modules\mongoose\lib\query.js:5040:12)
    at Query._castConditions (C:\react project\x\the-karan-singh-vaidh\the-karan-singh-vaidh\server\node_modules\mongoose\lib\query.js:2374:10)
    at model.Query._find (C:\react project\x\the-karan-singh-vaidh\the-karan-singh-vaidh\server\node_modules\mongoose\lib\query.js:2401:8)
    at model.Query.exec (C:\react project\x\the-karan-singh-vaidh\the-karan-singh-vaidh\server\node_modules\mongoose\lib\query.js:4652:80)
    at process.processTicksAndRejections (node:internal/process/task_queues:95:5)
    at async C:\react project\x\the-karan-singh-vaidh\the-karan-singh-vaidh\server\controllers\productController.js:33:22

[2026-01-25T16:08:28.266Z] 500 - Cast to ObjectId failed for value "kidney-stone" (type string) at path "category" for model "Product"
CastError: Cast to ObjectId failed for value "kidney-stone" (type string) at path "category" for model "Product"
    at SchemaObjectId.cast (C:\react project\x\the-karan-singh-vaidh\the-karan-singh-vaidh\server\node_modules\mongoose\lib\schema\objectId.js:253:11)
    at SchemaType.applySetters (C:\react project\x\the-karan-singh-vaidh\the-karan-singh-vaidh\server\node_modules\mongoose\lib\schemaType.js:1280:12)
    at SchemaType.castForQuery (C:\react project\x\the-karan-singh-vaidh\the-karan-singh-vaidh\server\node_modules\mongoose\lib\schemaType.js:1706:17)
    at cast (C:\react project\x\the-karan-singh-vaidh\the-karan-singh-vaidh\server\node_modules\mongoose\lib\cast.js:386:32)
    at Query.cast (C:\react project\x\the-karan-singh-vaidh\the-karan-singh-vaidh\server\node_modules\mongoose\lib\query.js:5040:12)
    at Query._castConditions (C:\react project\x\the-karan-singh-vaidh\the-karan-singh-vaidh\server\node_modules\mongoose\lib\query.js:2374:10)
    at model.Query._find (C:\react project\x\the-karan-singh-vaidh\the-karan-singh-vaidh\server\node_modules\mongoose\lib\query.js:2401:8)
    at model.Query.exec (C:\react project\x\the-karan-singh-vaidh\the-karan-singh-vaidh\server\node_modules\mongoose\lib\query.js:4652:80)
    at process.processTicksAndRejections (node:internal/process/task_queues:95:5)
    at async C:\react project\x\the-karan-singh-vaidh\the-karan-singh-vaidh\server\controllers\productController.js:33:22

[2026-01-25T16:08:29.059Z] 500 - Cast to ObjectId failed for value "kidney-stone" (type string) at path "category" for model "Product"
CastError: Cast to ObjectId failed for value "kidney-stone" (type string) at path "category" for model "Product"
    at SchemaObjectId.cast (C:\react project\x\the-karan-singh-vaidh\the-karan-singh-vaidh\server\node_modules\mongoose\lib\schema\objectId.js:253:11)
    at SchemaType.applySetters (C:\react project\x\the-karan-singh-vaidh\the-karan-singh-vaidh\server\node_modules\mongoose\lib\schemaType.js:1280:12)
    at SchemaType.castForQuery (C:\react project\x\the-karan-singh-vaidh\the-karan-singh-vaidh\server\node_modules\mongoose\lib\schemaType.js:1706:17)
    at cast (C:\react project\x\the-karan-singh-vaidh\the-karan-singh-vaidh\server\node_modules\mongoose\lib\cast.js:386:32)
    at Query.cast (C:\react project\x\the-karan-singh-vaidh\the-karan-singh-vaidh\server\node_modules\mongoose\lib\query.js:5040:12)
    at Query._castConditions (C:\react project\x\the-karan-singh-vaidh\the-karan-singh-vaidh\server\node_modules\mongoose\lib\query.js:2374:10)
    at model.Query._find (C:\react project\x\the-karan-singh-vaidh\the-karan-singh-vaidh\server\node_modules\mongoose\lib\query.js:2401:8)
    at model.Query.exec (C:\react project\x\the-karan-singh-vaidh\the-karan-singh-vaidh\server\node_modules\mongoose\lib\query.js:4652:80)
    at process.processTicksAndRejections (node:internal/process/task_queues:95:5)
    at async C:\react project\x\the-karan-singh-vaidh\the-karan-singh-vaidh\server\controllers\productController.js:33:22

[2026-01-25T16:09:05.286Z] 500 - Cast to ObjectId failed for value "kidney-stone" (type string) at path "category" for model "Product"
CastError: Cast to ObjectId failed for value "kidney-stone" (type string) at path "category" for model "Product"
    at SchemaObjectId.cast (C:\react project\x\the-karan-singh-vaidh\the-karan-singh-vaidh\server\node_modules\mongoose\lib\schema\objectId.js:253:11)
    at SchemaType.applySetters (C:\react project\x\the-karan-singh-vaidh\the-karan-singh-vaidh\server\node_modules\mongoose\lib\schemaType.js:1280:12)
    at SchemaType.castForQuery (C:\react project\x\the-karan-singh-vaidh\the-karan-singh-vaidh\server\node_modules\mongoose\lib\schemaType.js:1706:17)
    at cast (C:\react project\x\the-karan-singh-vaidh\the-karan-singh-vaidh\server\node_modules\mongoose\lib\cast.js:386:32)
    at Query.cast (C:\react project\x\the-karan-singh-vaidh\the-karan-singh-vaidh\server\node_modules\mongoose\lib\query.js:5040:12)
    at Query._castConditions (C:\react project\x\the-karan-singh-vaidh\the-karan-singh-vaidh\server\node_modules\mongoose\lib\query.js:2374:10)
    at model.Query._find (C:\react project\x\the-karan-singh-vaidh\the-karan-singh-vaidh\server\node_modules\mongoose\lib\query.js:2401:8)
    at model.Query.exec (C:\react project\x\the-karan-singh-vaidh\the-karan-singh-vaidh\server\node_modules\mongoose\lib\query.js:4652:80)
    at process.processTicksAndRejections (node:internal/process/task_queues:95:5)
    at async C:\react project\x\the-karan-singh-vaidh\the-karan-singh-vaidh\server\controllers\productController.js:33:22

[2026-01-27T16:17:14.891Z] 404 - Not Found - /api/appointments
Error: Not Found - /api/appointments
    at notFound (C:\react project\x\the-karan-singh-vaidh\the-karan-singh-vaidh\server\middleware\errorMiddleware.js:2:19)
    at Layer.handleRequest (C:\react project\x\the-karan-singh-vaidh\the-karan-singh-vaidh\server\node_modules\router\lib\layer.js:152:17)
    at trimPrefix (C:\react project\x\the-karan-singh-vaidh\the-karan-singh-vaidh\server\node_modules\router\index.js:342:13)
    at C:\react project\x\the-karan-singh-vaidh\the-karan-singh-vaidh\server\node_modules\router\index.js:297:9
    at processParams (C:\react project\x\the-karan-singh-vaidh\the-karan-singh-vaidh\server\node_modules\router\index.js:582:12)
    at next (C:\react project\x\the-karan-singh-vaidh\the-karan-singh-vaidh\server\node_modules\router\index.js:291:5)
    at logger (C:\react project\x\the-karan-singh-vaidh\the-karan-singh-vaidh\server\node_modules\morgan\index.js:144:5)
    at Layer.handleRequest (C:\react project\x\the-karan-singh-vaidh\the-karan-singh-vaidh\server\node_modules\router\lib\layer.js:152:17)
    at trimPrefix (C:\react project\x\the-karan-singh-vaidh\the-karan-singh-vaidh\server\node_modules\router\index.js:342:13)
    at C:\react project\x\the-karan-singh-vaidh\the-karan-singh-vaidh\server\node_modules\router\index.js:297:9

[2026-01-27T16:18:45.265Z] 404 - Not Found - /api/appointments
Error: Not Found - /api/appointments
    at notFound (C:\react project\x\the-karan-singh-vaidh\the-karan-singh-vaidh\server\middleware\errorMiddleware.js:2:19)
    at Layer.handleRequest (C:\react project\x\the-karan-singh-vaidh\the-karan-singh-vaidh\server\node_modules\router\lib\layer.js:152:17)
    at trimPrefix (C:\react project\x\the-karan-singh-vaidh\the-karan-singh-vaidh\server\node_modules\router\index.js:342:13)
    at C:\react project\x\the-karan-singh-vaidh\the-karan-singh-vaidh\server\node_modules\router\index.js:297:9
    at processParams (C:\react project\x\the-karan-singh-vaidh\the-karan-singh-vaidh\server\node_modules\router\index.js:582:12)
    at next (C:\react project\x\the-karan-singh-vaidh\the-karan-singh-vaidh\server\node_modules\router\index.js:291:5)
    at logger (C:\react project\x\the-karan-singh-vaidh\the-karan-singh-vaidh\server\node_modules\morgan\index.js:144:5)
    at Layer.handleRequest (C:\react project\x\the-karan-singh-vaidh\the-karan-singh-vaidh\server\node_modules\router\lib\layer.js:152:17)
    at trimPrefix (C:\react project\x\the-karan-singh-vaidh\the-karan-singh-vaidh\server\node_modules\router\index.js:342:13)
    at C:\react project\x\the-karan-singh-vaidh\the-karan-singh-vaidh\server\node_modules\router\index.js:297:9

[2026-01-27T16:21:42.707Z] 404 - Not Found - /api/appointments
Error: Not Found - /api/appointments
    at notFound (C:\react project\x\the-karan-singh-vaidh\the-karan-singh-vaidh\server\middleware\errorMiddleware.js:2:19)
    at Layer.handleRequest (C:\react project\x\the-karan-singh-vaidh\the-karan-singh-vaidh\server\node_modules\router\lib\layer.js:152:17)
    at trimPrefix (C:\react project\x\the-karan-singh-vaidh\the-karan-singh-vaidh\server\node_modules\router\index.js:342:13)
    at C:\react project\x\the-karan-singh-vaidh\the-karan-singh-vaidh\server\node_modules\router\index.js:297:9
    at processParams (C:\react project\x\the-karan-singh-vaidh\the-karan-singh-vaidh\server\node_modules\router\index.js:582:12)
    at next (C:\react project\x\the-karan-singh-vaidh\the-karan-singh-vaidh\server\node_modules\router\index.js:291:5)
    at logger (C:\react project\x\the-karan-singh-vaidh\the-karan-singh-vaidh\server\node_modules\morgan\index.js:144:5)
    at Layer.handleRequest (C:\react project\x\the-karan-singh-vaidh\the-karan-singh-vaidh\server\node_modules\router\lib\layer.js:152:17)
    at trimPrefix (C:\react project\x\the-karan-singh-vaidh\the-karan-singh-vaidh\server\node_modules\router\index.js:342:13)
    at C:\react project\x\the-karan-singh-vaidh\the-karan-singh-vaidh\server\node_modules\router\index.js:297:9

[2026-02-02T18:17:12.455Z] 500 - Cast to ObjectId failed for value "tbtuberculosis-69763acbbd94a7bc32beca04" (type string) at path "_id" for model "Product"
CastError: Cast to ObjectId failed for value "tbtuberculosis-69763acbbd94a7bc32beca04" (type string) at path "_id" for model "Product"
    at SchemaObjectId.cast (C:\react project\x\the-karan-singh-vaidh\the-karan-singh-vaidh\server\node_modules\mongoose\lib\schema\objectId.js:253:11)
    at SchemaType.applySetters (C:\react project\x\the-karan-singh-vaidh\the-karan-singh-vaidh\server\node_modules\mongoose\lib\schemaType.js:1280:12)
    at SchemaType.castForQuery (C:\react project\x\the-karan-singh-vaidh\the-karan-singh-vaidh\server\node_modules\mongoose\lib\schemaType.js:1706:17)
    at cast (C:\react project\x\the-karan-singh-vaidh\the-karan-singh-vaidh\server\node_modules\mongoose\lib\cast.js:386:32)
    at Query.cast (C:\react project\x\the-karan-singh-vaidh\the-karan-singh-vaidh\server\node_modules\mongoose\lib\query.js:5040:12)
    at Query._castConditions (C:\react project\x\the-karan-singh-vaidh\the-karan-singh-vaidh\server\node_modules\mongoose\lib\query.js:2374:10)
    at model.Query._findOne (C:\react project\x\the-karan-singh-vaidh\the-karan-singh-vaidh\server\node_modules\mongoose\lib\query.js:2704:8)
    at model.Query.exec (C:\react project\x\the-karan-singh-vaidh\the-karan-singh-vaidh\server\node_modules\mongoose\lib\query.js:4652:80)
    at process.processTicksAndRejections (node:internal/process/task_queues:95:5)
    at async C:\react project\x\the-karan-singh-vaidh\the-karan-singh-vaidh\server\controllers\productController.js:67:21

[2026-02-02T18:17:12.474Z] 500 - Cast to ObjectId failed for value "tbtuberculosis-69763acbbd94a7bc32beca04" (type string) at path "_id" for model "Product"
CastError: Cast to ObjectId failed for value "tbtuberculosis-69763acbbd94a7bc32beca04" (type string) at path "_id" for model "Product"
    at SchemaObjectId.cast (C:\react project\x\the-karan-singh-vaidh\the-karan-singh-vaidh\server\node_modules\mongoose\lib\schema\objectId.js:253:11)
    at SchemaType.applySetters (C:\react project\x\the-karan-singh-vaidh\the-karan-singh-vaidh\server\node_modules\mongoose\lib\schemaType.js:1280:12)
    at SchemaType.castForQuery (C:\react project\x\the-karan-singh-vaidh\the-karan-singh-vaidh\server\node_modules\mongoose\lib\schemaType.js:1706:17)
    at cast (C:\react project\x\the-karan-singh-vaidh\the-karan-singh-vaidh\server\node_modules\mongoose\lib\cast.js:386:32)
    at Query.cast (C:\react project\x\the-karan-singh-vaidh\the-karan-singh-vaidh\server\node_modules\mongoose\lib\query.js:5040:12)
    at Query._castConditions (C:\react project\x\the-karan-singh-vaidh\the-karan-singh-vaidh\server\node_modules\mongoose\lib\query.js:2374:10)
    at model.Query._findOne (C:\react project\x\the-karan-singh-vaidh\the-karan-singh-vaidh\server\node_modules\mongoose\lib\query.js:2704:8)
    at model.Query.exec (C:\react project\x\the-karan-singh-vaidh\the-karan-singh-vaidh\server\node_modules\mongoose\lib\query.js:4652:80)
    at process.processTicksAndRejections (node:internal/process/task_queues:95:5)
    at async C:\react project\x\the-karan-singh-vaidh\the-karan-singh-vaidh\server\controllers\productController.js:67:21

[2026-02-02T18:17:18.181Z] 500 - Cast to ObjectId failed for value "kidney-stone-697631c6bd94a7bc32bec1e2" (type string) at path "_id" for model "Product"
CastError: Cast to ObjectId failed for value "kidney-stone-697631c6bd94a7bc32bec1e2" (type string) at path "_id" for model "Product"
    at SchemaObjectId.cast (C:\react project\x\the-karan-singh-vaidh\the-karan-singh-vaidh\server\node_modules\mongoose\lib\schema\objectId.js:253:11)
    at SchemaType.applySetters (C:\react project\x\the-karan-singh-vaidh\the-karan-singh-vaidh\server\node_modules\mongoose\lib\schemaType.js:1280:12)
    at SchemaType.castForQuery (C:\react project\x\the-karan-singh-vaidh\the-karan-singh-vaidh\server\node_modules\mongoose\lib\schemaType.js:1706:17)
    at cast (C:\react project\x\the-karan-singh-vaidh\the-karan-singh-vaidh\server\node_modules\mongoose\lib\cast.js:386:32)
    at Query.cast (C:\react project\x\the-karan-singh-vaidh\the-karan-singh-vaidh\server\node_modules\mongoose\lib\query.js:5040:12)
    at Query._castConditions (C:\react project\x\the-karan-singh-vaidh\the-karan-singh-vaidh\server\node_modules\mongoose\lib\query.js:2374:10)
    at model.Query._findOne (C:\react project\x\the-karan-singh-vaidh\the-karan-singh-vaidh\server\node_modules\mongoose\lib\query.js:2704:8)
    at model.Query.exec (C:\react project\x\the-karan-singh-vaidh\the-karan-singh-vaidh\server\node_modules\mongoose\lib\query.js:4652:80)
    at process.processTicksAndRejections (node:internal/process/task_queues:95:5)
    at async C:\react project\x\the-karan-singh-vaidh\the-karan-singh-vaidh\server\controllers\productController.js:67:21

[2026-02-02T18:17:18.187Z] 500 - Cast to ObjectId failed for value "kidney-stone-697631c6bd94a7bc32bec1e2" (type string) at path "_id" for model "Product"
CastError: Cast to ObjectId failed for value "kidney-stone-697631c6bd94a7bc32bec1e2" (type string) at path "_id" for model "Product"
    at SchemaObjectId.cast (C:\react project\x\the-karan-singh-vaidh\the-karan-singh-vaidh\server\node_modules\mongoose\lib\schema\objectId.js:253:11)
    at SchemaType.applySetters (C:\react project\x\the-karan-singh-vaidh\the-karan-singh-vaidh\server\node_modules\mongoose\lib\schemaType.js:1280:12)
    at SchemaType.castForQuery (C:\react project\x\the-karan-singh-vaidh\the-karan-singh-vaidh\server\node_modules\mongoose\lib\schemaType.js:1706:17)
    at cast (C:\react project\x\the-karan-singh-vaidh\the-karan-singh-vaidh\server\node_modules\mongoose\lib\cast.js:386:32)
    at Query.cast (C:\react project\x\the-karan-singh-vaidh\the-karan-singh-vaidh\server\node_modules\mongoose\lib\query.js:5040:12)
    at Query._castConditions (C:\react project\x\the-karan-singh-vaidh\the-karan-singh-vaidh\server\node_modules\mongoose\lib\query.js:2374:10)
    at model.Query._findOne (C:\react project\x\the-karan-singh-vaidh\the-karan-singh-vaidh\server\node_modules\mongoose\lib\query.js:2704:8)
    at model.Query.exec (C:\react project\x\the-karan-singh-vaidh\the-karan-singh-vaidh\server\node_modules\mongoose\lib\query.js:4652:80)
    at process.processTicksAndRejections (node:internal/process/task_queues:95:5)
    at async C:\react project\x\the-karan-singh-vaidh\the-karan-singh-vaidh\server\controllers\productController.js:67:21

[2026-02-02T18:19:44.239Z] 404 - Not Found - /api/products/slug/migraine-6976341abd94a7bc32bec2a8
Error: Not Found - /api/products/slug/migraine-6976341abd94a7bc32bec2a8
    at notFound (C:\react project\x\the-karan-singh-vaidh\the-karan-singh-vaidh\server\middleware\errorMiddleware.js:2:19)
    at Layer.handleRequest (C:\react project\x\the-karan-singh-vaidh\the-karan-singh-vaidh\server\node_modules\router\lib\layer.js:152:17)
    at trimPrefix (C:\react project\x\the-karan-singh-vaidh\the-karan-singh-vaidh\server\node_modules\router\index.js:342:13)
    at C:\react project\x\the-karan-singh-vaidh\the-karan-singh-vaidh\server\node_modules\router\index.js:297:9
    at processParams (C:\react project\x\the-karan-singh-vaidh\the-karan-singh-vaidh\server\node_modules\router\index.js:582:12)
    at next (C:\react project\x\the-karan-singh-vaidh\the-karan-singh-vaidh\server\node_modules\router\index.js:291:5)
    at C:\react project\x\the-karan-singh-vaidh\the-karan-singh-vaidh\server\node_modules\router\index.js:688:15
    at next (C:\react project\x\the-karan-singh-vaidh\the-karan-singh-vaidh\server\node_modules\router\index.js:276:14)
    at Function.handle (C:\react project\x\the-karan-singh-vaidh\the-karan-singh-vaidh\server\node_modules\router\index.js:186:3)
    at router (C:\react project\x\the-karan-singh-vaidh\the-karan-singh-vaidh\server\node_modules\router\index.js:60:12)

[2026-02-02T18:19:44.247Z] 404 - Not Found - /api/products/slug/migraine-6976341abd94a7bc32bec2a8
Error: Not Found - /api/products/slug/migraine-6976341abd94a7bc32bec2a8
    at notFound (C:\react project\x\the-karan-singh-vaidh\the-karan-singh-vaidh\server\middleware\errorMiddleware.js:2:19)
    at Layer.handleRequest (C:\react project\x\the-karan-singh-vaidh\the-karan-singh-vaidh\server\node_modules\router\lib\layer.js:152:17)
    at trimPrefix (C:\react project\x\the-karan-singh-vaidh\the-karan-singh-vaidh\server\node_modules\router\index.js:342:13)
    at C:\react project\x\the-karan-singh-vaidh\the-karan-singh-vaidh\server\node_modules\router\index.js:297:9
    at processParams (C:\react project\x\the-karan-singh-vaidh\the-karan-singh-vaidh\server\node_modules\router\index.js:582:12)
    at next (C:\react project\x\the-karan-singh-vaidh\the-karan-singh-vaidh\server\node_modules\router\index.js:291:5)
    at C:\react project\x\the-karan-singh-vaidh\the-karan-singh-vaidh\server\node_modules\router\index.js:688:15
    at next (C:\react project\x\the-karan-singh-vaidh\the-karan-singh-vaidh\server\node_modules\router\index.js:276:14)
    at Function.handle (C:\react project\x\the-karan-singh-vaidh\the-karan-singh-vaidh\server\node_modules\router\index.js:186:3)
    at router (C:\react project\x\the-karan-singh-vaidh\the-karan-singh-vaidh\server\node_modules\router\index.js:60:12)

[2026-02-02T18:19:58.215Z] 404 - Not Found - /api/products/slug/tbtuberculosis
Error: Not Found - /api/products/slug/tbtuberculosis
    at notFound (C:\react project\x\the-karan-singh-vaidh\the-karan-singh-vaidh\server\middleware\errorMiddleware.js:2:19)
    at Layer.handleRequest (C:\react project\x\the-karan-singh-vaidh\the-karan-singh-vaidh\server\node_modules\router\lib\layer.js:152:17)
    at trimPrefix (C:\react project\x\the-karan-singh-vaidh\the-karan-singh-vaidh\server\node_modules\router\index.js:342:13)
    at C:\react project\x\the-karan-singh-vaidh\the-karan-singh-vaidh\server\node_modules\router\index.js:297:9
    at processParams (C:\react project\x\the-karan-singh-vaidh\the-karan-singh-vaidh\server\node_modules\router\index.js:582:12)
    at next (C:\react project\x\the-karan-singh-vaidh\the-karan-singh-vaidh\server\node_modules\router\index.js:291:5)
    at C:\react project\x\the-karan-singh-vaidh\the-karan-singh-vaidh\server\node_modules\router\index.js:688:15
    at next (C:\react project\x\the-karan-singh-vaidh\the-karan-singh-vaidh\server\node_modules\router\index.js:276:14)
    at Function.handle (C:\react project\x\the-karan-singh-vaidh\the-karan-singh-vaidh\server\node_modules\router\index.js:186:3)
    at router (C:\react project\x\the-karan-singh-vaidh\the-karan-singh-vaidh\server\node_modules\router\index.js:60:12)

[2026-02-02T18:19:58.221Z] 404 - Not Found - /api/products/slug/tbtuberculosis
Error: Not Found - /api/products/slug/tbtuberculosis
    at notFound (C:\react project\x\the-karan-singh-vaidh\the-karan-singh-vaidh\server\middleware\errorMiddleware.js:2:19)
    at Layer.handleRequest (C:\react project\x\the-karan-singh-vaidh\the-karan-singh-vaidh\server\node_modules\router\lib\layer.js:152:17)
    at trimPrefix (C:\react project\x\the-karan-singh-vaidh\the-karan-singh-vaidh\server\node_modules\router\index.js:342:13)
    at C:\react project\x\the-karan-singh-vaidh\the-karan-singh-vaidh\server\node_modules\router\index.js:297:9
    at processParams (C:\react project\x\the-karan-singh-vaidh\the-karan-singh-vaidh\server\node_modules\router\index.js:582:12)
    at next (C:\react project\x\the-karan-singh-vaidh\the-karan-singh-vaidh\server\node_modules\router\index.js:291:5)
    at C:\react project\x\the-karan-singh-vaidh\the-karan-singh-vaidh\server\node_modules\router\index.js:688:15
    at next (C:\react project\x\the-karan-singh-vaidh\the-karan-singh-vaidh\server\node_modules\router\index.js:276:14)
    at Function.handle (C:\react project\x\the-karan-singh-vaidh\the-karan-singh-vaidh\server\node_modules\router\index.js:186:3)
    at router (C:\react project\x\the-karan-singh-vaidh\the-karan-singh-vaidh\server\node_modules\router\index.js:60:12)

[2026-02-02T18:20:07.281Z] 404 - Not Found - /api/products/slug/tbtuberculosis
Error: Not Found - /api/products/slug/tbtuberculosis
    at notFound (C:\react project\x\the-karan-singh-vaidh\the-karan-singh-vaidh\server\middleware\errorMiddleware.js:2:19)
    at Layer.handleRequest (C:\react project\x\the-karan-singh-vaidh\the-karan-singh-vaidh\server\node_modules\router\lib\layer.js:152:17)
    at trimPrefix (C:\react project\x\the-karan-singh-vaidh\the-karan-singh-vaidh\server\node_modules\router\index.js:342:13)
    at C:\react project\x\the-karan-singh-vaidh\the-karan-singh-vaidh\server\node_modules\router\index.js:297:9
    at processParams (C:\react project\x\the-karan-singh-vaidh\the-karan-singh-vaidh\server\node_modules\router\index.js:582:12)
    at next (C:\react project\x\the-karan-singh-vaidh\the-karan-singh-vaidh\server\node_modules\router\index.js:291:5)
    at C:\react project\x\the-karan-singh-vaidh\the-karan-singh-vaidh\server\node_modules\router\index.js:688:15
    at next (C:\react project\x\the-karan-singh-vaidh\the-karan-singh-vaidh\server\node_modules\router\index.js:276:14)
    at Function.handle (C:\react project\x\the-karan-singh-vaidh\the-karan-singh-vaidh\server\node_modules\router\index.js:186:3)
    at router (C:\react project\x\the-karan-singh-vaidh\the-karan-singh-vaidh\server\node_modules\router\index.js:60:12)

[2026-02-02T18:20:07.286Z] 404 - Not Found - /api/products/slug/tbtuberculosis
Error: Not Found - /api/products/slug/tbtuberculosis
    at notFound (C:\react project\x\the-karan-singh-vaidh\the-karan-singh-vaidh\server\middleware\errorMiddleware.js:2:19)
    at Layer.handleRequest (C:\react project\x\the-karan-singh-vaidh\the-karan-singh-vaidh\server\node_modules\router\lib\layer.js:152:17)
    at trimPrefix (C:\react project\x\the-karan-singh-vaidh\the-karan-singh-vaidh\server\node_modules\router\index.js:342:13)
    at C:\react project\x\the-karan-singh-vaidh\the-karan-singh-vaidh\server\node_modules\router\index.js:297:9
    at processParams (C:\react project\x\the-karan-singh-vaidh\the-karan-singh-vaidh\server\node_modules\router\index.js:582:12)
    at next (C:\react project\x\the-karan-singh-vaidh\the-karan-singh-vaidh\server\node_modules\router\index.js:291:5)
    at C:\react project\x\the-karan-singh-vaidh\the-karan-singh-vaidh\server\node_modules\router\index.js:688:15
    at next (C:\react project\x\the-karan-singh-vaidh\the-karan-singh-vaidh\server\node_modules\router\index.js:276:14)
    at Function.handle (C:\react project\x\the-karan-singh-vaidh\the-karan-singh-vaidh\server\node_modules\router\index.js:186:3)
    at router (C:\react project\x\the-karan-singh-vaidh\the-karan-singh-vaidh\server\node_modules\router\index.js:60:12)

[2026-02-02T18:20:09.618Z] 404 - Not Found - /api/products/slug/piles
Error: Not Found - /api/products/slug/piles
    at notFound (C:\react project\x\the-karan-singh-vaidh\the-karan-singh-vaidh\server\middleware\errorMiddleware.js:2:19)
    at Layer.handleRequest (C:\react project\x\the-karan-singh-vaidh\the-karan-singh-vaidh\server\node_modules\router\lib\layer.js:152:17)
    at trimPrefix (C:\react project\x\the-karan-singh-vaidh\the-karan-singh-vaidh\server\node_modules\router\index.js:342:13)
    at C:\react project\x\the-karan-singh-vaidh\the-karan-singh-vaidh\server\node_modules\router\index.js:297:9
    at processParams (C:\react project\x\the-karan-singh-vaidh\the-karan-singh-vaidh\server\node_modules\router\index.js:582:12)
    at next (C:\react project\x\the-karan-singh-vaidh\the-karan-singh-vaidh\server\node_modules\router\index.js:291:5)
    at C:\react project\x\the-karan-singh-vaidh\the-karan-singh-vaidh\server\node_modules\router\index.js:688:15
    at next (C:\react project\x\the-karan-singh-vaidh\the-karan-singh-vaidh\server\node_modules\router\index.js:276:14)
    at Function.handle (C:\react project\x\the-karan-singh-vaidh\the-karan-singh-vaidh\server\node_modules\router\index.js:186:3)
    at router (C:\react project\x\the-karan-singh-vaidh\the-karan-singh-vaidh\server\node_modules\router\index.js:60:12)

[2026-02-02T18:20:09.627Z] 404 - Not Found - /api/products/slug/piles
Error: Not Found - /api/products/slug/piles
    at notFound (C:\react project\x\the-karan-singh-vaidh\the-karan-singh-vaidh\server\middleware\errorMiddleware.js:2:19)
    at Layer.handleRequest (C:\react project\x\the-karan-singh-vaidh\the-karan-singh-vaidh\server\node_modules\router\lib\layer.js:152:17)
    at trimPrefix (C:\react project\x\the-karan-singh-vaidh\the-karan-singh-vaidh\server\node_modules\router\index.js:342:13)
    at C:\react project\x\the-karan-singh-vaidh\the-karan-singh-vaidh\server\node_modules\router\index.js:297:9
    at processParams (C:\react project\x\the-karan-singh-vaidh\the-karan-singh-vaidh\server\node_modules\router\index.js:582:12)
    at next (C:\react project\x\the-karan-singh-vaidh\the-karan-singh-vaidh\server\node_modules\router\index.js:291:5)
    at C:\react project\x\the-karan-singh-vaidh\the-karan-singh-vaidh\server\node_modules\router\index.js:688:15
    at next (C:\react project\x\the-karan-singh-vaidh\the-karan-singh-vaidh\server\node_modules\router\index.js:276:14)
    at Function.handle (C:\react project\x\the-karan-singh-vaidh\the-karan-singh-vaidh\server\node_modules\router\index.js:186:3)
    at router (C:\react project\x\the-karan-singh-vaidh\the-karan-singh-vaidh\server\node_modules\router\index.js:60:12)

[2026-02-02T18:20:22.829Z] 404 - Not Found - /api/products/slug/piles
Error: Not Found - /api/products/slug/piles
    at notFound (C:\react project\x\the-karan-singh-vaidh\the-karan-singh-vaidh\server\middleware\errorMiddleware.js:2:19)
    at Layer.handleRequest (C:\react project\x\the-karan-singh-vaidh\the-karan-singh-vaidh\server\node_modules\router\lib\layer.js:152:17)
    at trimPrefix (C:\react project\x\the-karan-singh-vaidh\the-karan-singh-vaidh\server\node_modules\router\index.js:342:13)
    at C:\react project\x\the-karan-singh-vaidh\the-karan-singh-vaidh\server\node_modules\router\index.js:297:9
    at processParams (C:\react project\x\the-karan-singh-vaidh\the-karan-singh-vaidh\server\node_modules\router\index.js:582:12)
    at next (C:\react project\x\the-karan-singh-vaidh\the-karan-singh-vaidh\server\node_modules\router\index.js:291:5)
    at C:\react project\x\the-karan-singh-vaidh\the-karan-singh-vaidh\server\node_modules\router\index.js:688:15
    at next (C:\react project\x\the-karan-singh-vaidh\the-karan-singh-vaidh\server\node_modules\router\index.js:276:14)
    at Function.handle (C:\react project\x\the-karan-singh-vaidh\the-karan-singh-vaidh\server\node_modules\router\index.js:186:3)
    at router (C:\react project\x\the-karan-singh-vaidh\the-karan-singh-vaidh\server\node_modules\router\index.js:60:12)

[2026-02-02T18:20:22.833Z] 404 - Not Found - /api/products/slug/piles
Error: Not Found - /api/products/slug/piles
    at notFound (C:\react project\x\the-karan-singh-vaidh\the-karan-singh-vaidh\server\middleware\errorMiddleware.js:2:19)
    at Layer.handleRequest (C:\react project\x\the-karan-singh-vaidh\the-karan-singh-vaidh\server\node_modules\router\lib\layer.js:152:17)
    at trimPrefix (C:\react project\x\the-karan-singh-vaidh\the-karan-singh-vaidh\server\node_modules\router\index.js:342:13)
    at C:\react project\x\the-karan-singh-vaidh\the-karan-singh-vaidh\server\node_modules\router\index.js:297:9
    at processParams (C:\react project\x\the-karan-singh-vaidh\the-karan-singh-vaidh\server\node_modules\router\index.js:582:12)
    at next (C:\react project\x\the-karan-singh-vaidh\the-karan-singh-vaidh\server\node_modules\router\index.js:291:5)
    at C:\react project\x\the-karan-singh-vaidh\the-karan-singh-vaidh\server\node_modules\router\index.js:688:15
    at next (C:\react project\x\the-karan-singh-vaidh\the-karan-singh-vaidh\server\node_modules\router\index.js:276:14)
    at Function.handle (C:\react project\x\the-karan-singh-vaidh\the-karan-singh-vaidh\server\node_modules\router\index.js:186:3)
    at router (C:\react project\x\the-karan-singh-vaidh\the-karan-singh-vaidh\server\node_modules\router\index.js:60:12)

[2026-02-02T18:20:24.011Z] 404 - Not Found - /api/products/slug/piles
Error: Not Found - /api/products/slug/piles
    at notFound (C:\react project\x\the-karan-singh-vaidh\the-karan-singh-vaidh\server\middleware\errorMiddleware.js:2:19)
    at Layer.handleRequest (C:\react project\x\the-karan-singh-vaidh\the-karan-singh-vaidh\server\node_modules\router\lib\layer.js:152:17)
    at trimPrefix (C:\react project\x\the-karan-singh-vaidh\the-karan-singh-vaidh\server\node_modules\router\index.js:342:13)
    at C:\react project\x\the-karan-singh-vaidh\the-karan-singh-vaidh\server\node_modules\router\index.js:297:9
    at processParams (C:\react project\x\the-karan-singh-vaidh\the-karan-singh-vaidh\server\node_modules\router\index.js:582:12)
    at next (C:\react project\x\the-karan-singh-vaidh\the-karan-singh-vaidh\server\node_modules\router\index.js:291:5)
    at C:\react project\x\the-karan-singh-vaidh\the-karan-singh-vaidh\server\node_modules\router\index.js:688:15
    at next (C:\react project\x\the-karan-singh-vaidh\the-karan-singh-vaidh\server\node_modules\router\index.js:276:14)
    at Function.handle (C:\react project\x\the-karan-singh-vaidh\the-karan-singh-vaidh\server\node_modules\router\index.js:186:3)
    at router (C:\react project\x\the-karan-singh-vaidh\the-karan-singh-vaidh\server\node_modules\router\index.js:60:12)

[2026-02-02T18:20:24.018Z] 404 - Not Found - /api/products/slug/piles
Error: Not Found - /api/products/slug/piles
    at notFound (C:\react project\x\the-karan-singh-vaidh\the-karan-singh-vaidh\server\middleware\errorMiddleware.js:2:19)
    at Layer.handleRequest (C:\react project\x\the-karan-singh-vaidh\the-karan-singh-vaidh\server\node_modules\router\lib\layer.js:152:17)
    at trimPrefix (C:\react project\x\the-karan-singh-vaidh\the-karan-singh-vaidh\server\node_modules\router\index.js:342:13)
    at C:\react project\x\the-karan-singh-vaidh\the-karan-singh-vaidh\server\node_modules\router\index.js:297:9
    at processParams (C:\react project\x\the-karan-singh-vaidh\the-karan-singh-vaidh\server\node_modules\router\index.js:582:12)
    at next (C:\react project\x\the-karan-singh-vaidh\the-karan-singh-vaidh\server\node_modules\router\index.js:291:5)
    at C:\react project\x\the-karan-singh-vaidh\the-karan-singh-vaidh\server\node_modules\router\index.js:688:15
    at next (C:\react project\x\the-karan-singh-vaidh\the-karan-singh-vaidh\server\node_modules\router\index.js:276:14)
    at Function.handle (C:\react project\x\the-karan-singh-vaidh\the-karan-singh-vaidh\server\node_modules\router\index.js:186:3)
    at router (C:\react project\x\the-karan-singh-vaidh\the-karan-singh-vaidh\server\node_modules\router\index.js:60:12)

[2026-02-02T18:20:33.692Z] 404 - Not Found - /api/products/slug/piles
Error: Not Found - /api/products/slug/piles
    at notFound (C:\react project\x\the-karan-singh-vaidh\the-karan-singh-vaidh\server\middleware\errorMiddleware.js:2:19)
    at Layer.handleRequest (C:\react project\x\the-karan-singh-vaidh\the-karan-singh-vaidh\server\node_modules\router\lib\layer.js:152:17)
    at trimPrefix (C:\react project\x\the-karan-singh-vaidh\the-karan-singh-vaidh\server\node_modules\router\index.js:342:13)
    at C:\react project\x\the-karan-singh-vaidh\the-karan-singh-vaidh\server\node_modules\router\index.js:297:9
    at processParams (C:\react project\x\the-karan-singh-vaidh\the-karan-singh-vaidh\server\node_modules\router\index.js:582:12)
    at next (C:\react project\x\the-karan-singh-vaidh\the-karan-singh-vaidh\server\node_modules\router\index.js:291:5)
    at C:\react project\x\the-karan-singh-vaidh\the-karan-singh-vaidh\server\node_modules\router\index.js:688:15
    at next (C:\react project\x\the-karan-singh-vaidh\the-karan-singh-vaidh\server\node_modules\router\index.js:276:14)
    at Function.handle (C:\react project\x\the-karan-singh-vaidh\the-karan-singh-vaidh\server\node_modules\router\index.js:186:3)
    at router (C:\react project\x\the-karan-singh-vaidh\the-karan-singh-vaidh\server\node_modules\router\index.js:60:12)

[2026-02-02T18:20:33.699Z] 404 - Not Found - /api/products/slug/piles
Error: Not Found - /api/products/slug/piles
    at notFound (C:\react project\x\the-karan-singh-vaidh\the-karan-singh-vaidh\server\middleware\errorMiddleware.js:2:19)
    at Layer.handleRequest (C:\react project\x\the-karan-singh-vaidh\the-karan-singh-vaidh\server\node_modules\router\lib\layer.js:152:17)
    at trimPrefix (C:\react project\x\the-karan-singh-vaidh\the-karan-singh-vaidh\server\node_modules\router\index.js:342:13)
    at C:\react project\x\the-karan-singh-vaidh\the-karan-singh-vaidh\server\node_modules\router\index.js:297:9
    at processParams (C:\react project\x\the-karan-singh-vaidh\the-karan-singh-vaidh\server\node_modules\router\index.js:582:12)
    at next (C:\react project\x\the-karan-singh-vaidh\the-karan-singh-vaidh\server\node_modules\router\index.js:291:5)
    at C:\react project\x\the-karan-singh-vaidh\the-karan-singh-vaidh\server\node_modules\router\index.js:688:15
    at next (C:\react project\x\the-karan-singh-vaidh\the-karan-singh-vaidh\server\node_modules\router\index.js:276:14)
    at Function.handle (C:\react project\x\the-karan-singh-vaidh\the-karan-singh-vaidh\server\node_modules\router\index.js:186:3)
    at router (C:\react project\x\the-karan-singh-vaidh\the-karan-singh-vaidh\server\node_modules\router\index.js:60:12)

[2026-02-02T18:20:35.185Z] 404 - Not Found - /api/products/slug/piles
Error: Not Found - /api/products/slug/piles
    at notFound (C:\react project\x\the-karan-singh-vaidh\the-karan-singh-vaidh\server\middleware\errorMiddleware.js:2:19)
    at Layer.handleRequest (C:\react project\x\the-karan-singh-vaidh\the-karan-singh-vaidh\server\node_modules\router\lib\layer.js:152:17)
    at trimPrefix (C:\react project\x\the-karan-singh-vaidh\the-karan-singh-vaidh\server\node_modules\router\index.js:342:13)
    at C:\react project\x\the-karan-singh-vaidh\the-karan-singh-vaidh\server\node_modules\router\index.js:297:9
    at processParams (C:\react project\x\the-karan-singh-vaidh\the-karan-singh-vaidh\server\node_modules\router\index.js:582:12)
    at next (C:\react project\x\the-karan-singh-vaidh\the-karan-singh-vaidh\server\node_modules\router\index.js:291:5)
    at C:\react project\x\the-karan-singh-vaidh\the-karan-singh-vaidh\server\node_modules\router\index.js:688:15
    at next (C:\react project\x\the-karan-singh-vaidh\the-karan-singh-vaidh\server\node_modules\router\index.js:276:14)
    at Function.handle (C:\react project\x\the-karan-singh-vaidh\the-karan-singh-vaidh\server\node_modules\router\index.js:186:3)
    at router (C:\react project\x\the-karan-singh-vaidh\the-karan-singh-vaidh\server\node_modules\router\index.js:60:12)

[2026-02-02T18:20:35.190Z] 404 - Not Found - /api/products/slug/piles
Error: Not Found - /api/products/slug/piles
    at notFound (C:\react project\x\the-karan-singh-vaidh\the-karan-singh-vaidh\server\middleware\errorMiddleware.js:2:19)
    at Layer.handleRequest (C:\react project\x\the-karan-singh-vaidh\the-karan-singh-vaidh\server\node_modules\router\lib\layer.js:152:17)
    at trimPrefix (C:\react project\x\the-karan-singh-vaidh\the-karan-singh-vaidh\server\node_modules\router\index.js:342:13)
    at C:\react project\x\the-karan-singh-vaidh\the-karan-singh-vaidh\server\node_modules\router\index.js:297:9
    at processParams (C:\react project\x\the-karan-singh-vaidh\the-karan-singh-vaidh\server\node_modules\router\index.js:582:12)
    at next (C:\react project\x\the-karan-singh-vaidh\the-karan-singh-vaidh\server\node_modules\router\index.js:291:5)
    at C:\react project\x\the-karan-singh-vaidh\the-karan-singh-vaidh\server\node_modules\router\index.js:688:15
    at next (C:\react project\x\the-karan-singh-vaidh\the-karan-singh-vaidh\server\node_modules\router\index.js:276:14)
    at Function.handle (C:\react project\x\the-karan-singh-vaidh\the-karan-singh-vaidh\server\node_modules\router\index.js:186:3)
    at router (C:\react project\x\the-karan-singh-vaidh\the-karan-singh-vaidh\server\node_modules\router\index.js:60:12)

[2026-02-02T18:20:58.336Z] 404 - Product not found
Error: Product not found
    at C:\react project\x\the-karan-singh-vaidh\the-karan-singh-vaidh\server\controllers\productController.js:95:15
    at process.processTicksAndRejections (node:internal/process/task_queues:95:5)

[2026-02-02T18:20:58.384Z] 404 - Product not found
Error: Product not found
    at C:\react project\x\the-karan-singh-vaidh\the-karan-singh-vaidh\server\controllers\productController.js:95:15
    at process.processTicksAndRejections (node:internal/process/task_queues:95:5)

[2026-02-02T18:21:01.039Z] 404 - Product not found
Error: Product not found
    at C:\react project\x\the-karan-singh-vaidh\the-karan-singh-vaidh\server\controllers\productController.js:95:15
    at process.processTicksAndRejections (node:internal/process/task_queues:95:5)

[2026-02-02T18:21:01.084Z] 404 - Product not found
Error: Product not found
    at C:\react project\x\the-karan-singh-vaidh\the-karan-singh-vaidh\server\controllers\productController.js:95:15
    at process.processTicksAndRejections (node:internal/process/task_queues:95:5)

[2026-02-02T18:21:03.364Z] 404 - Product not found
Error: Product not found
    at C:\react project\x\the-karan-singh-vaidh\the-karan-singh-vaidh\server\controllers\productController.js:95:15
    at process.processTicksAndRejections (node:internal/process/task_queues:95:5)

[2026-02-02T18:21:03.420Z] 404 - Product not found
Error: Product not found
    at C:\react project\x\the-karan-singh-vaidh\the-karan-singh-vaidh\server\controllers\productController.js:95:15
    at process.processTicksAndRejections (node:internal/process/task_queues:95:5)

[2026-02-02T18:21:14.038Z] 404 - Product not found
Error: Product not found
    at C:\react project\x\the-karan-singh-vaidh\the-karan-singh-vaidh\server\controllers\productController.js:95:15
    at process.processTicksAndRejections (node:internal/process/task_queues:95:5)

[2026-02-02T18:21:14.083Z] 404 - Product not found
Error: Product not found
    at C:\react project\x\the-karan-singh-vaidh\the-karan-singh-vaidh\server\controllers\productController.js:95:15
    at process.processTicksAndRejections (node:internal/process/task_queues:95:5)

[2026-02-02T18:21:16.085Z] 404 - Product not found
Error: Product not found
    at C:\react project\x\the-karan-singh-vaidh\the-karan-singh-vaidh\server\controllers\productController.js:95:15
    at process.processTicksAndRejections (node:internal/process/task_queues:95:5)

[2026-02-02T18:21:16.219Z] 404 - Product not found
Error: Product not found
    at C:\react project\x\the-karan-singh-vaidh\the-karan-singh-vaidh\server\controllers\productController.js:95:15
    at process.processTicksAndRejections (node:internal/process/task_queues:95:5)

[2026-02-02T18:21:32.786Z] 404 - Product not found
Error: Product not found
    at C:\react project\x\the-karan-singh-vaidh\the-karan-singh-vaidh\server\controllers\productController.js:95:15
    at process.processTicksAndRejections (node:internal/process/task_queues:95:5)

[2026-02-02T18:21:32.829Z] 404 - Product not found
Error: Product not found
    at C:\react project\x\the-karan-singh-vaidh\the-karan-singh-vaidh\server\controllers\productController.js:95:15
    at process.processTicksAndRejections (node:internal/process/task_queues:95:5)

[2026-02-02T18:21:34.311Z] 404 - Product not found
Error: Product not found
    at C:\react project\x\the-karan-singh-vaidh\the-karan-singh-vaidh\server\controllers\productController.js:95:15
    at process.processTicksAndRejections (node:internal/process/task_queues:95:5)

[2026-02-02T18:21:34.390Z] 404 - Product not found
Error: Product not found
    at C:\react project\x\the-karan-singh-vaidh\the-karan-singh-vaidh\server\controllers\productController.js:95:15
    at process.processTicksAndRejections (node:internal/process/task_queues:95:5)

[2026-02-02T18:21:35.064Z] 404 - Product not found
Error: Product not found
    at C:\react project\x\the-karan-singh-vaidh\the-karan-singh-vaidh\server\controllers\productController.js:95:15
    at process.processTicksAndRejections (node:internal/process/task_queues:95:5)

[2026-02-02T18:21:35.111Z] 404 - Product not found
Error: Product not found
    at C:\react project\x\the-karan-singh-vaidh\the-karan-singh-vaidh\server\controllers\productController.js:95:15
    at process.processTicksAndRejections (node:internal/process/task_queues:95:5)

[2026-02-02T18:21:55.612Z] 404 - Product not found
Error: Product not found
    at C:\react project\x\the-karan-singh-vaidh\the-karan-singh-vaidh\server\controllers\productController.js:95:15
    at process.processTicksAndRejections (node:internal/process/task_queues:95:5)

[2026-02-02T18:21:55.745Z] 404 - Product not found
Error: Product not found
    at C:\react project\x\the-karan-singh-vaidh\the-karan-singh-vaidh\server\controllers\productController.js:95:15
    at process.processTicksAndRejections (node:internal/process/task_queues:95:5)

[2026-02-02T18:21:56.936Z] 404 - Product not found
Error: Product not found
    at C:\react project\x\the-karan-singh-vaidh\the-karan-singh-vaidh\server\controllers\productController.js:95:15
    at process.processTicksAndRejections (node:internal/process/task_queues:95:5)

[2026-02-02T18:21:56.978Z] 404 - Product not found
Error: Product not found
    at C:\react project\x\the-karan-singh-vaidh\the-karan-singh-vaidh\server\controllers\productController.js:95:15
    at process.processTicksAndRejections (node:internal/process/task_queues:95:5)

[2026-02-02T18:22:01.912Z] 404 - Product not found
Error: Product not found
    at C:\react project\x\the-karan-singh-vaidh\the-karan-singh-vaidh\server\controllers\productController.js:95:15
    at process.processTicksAndRejections (node:internal/process/task_queues:95:5)

[2026-02-02T18:22:01.971Z] 404 - Product not found
Error: Product not found
    at C:\react project\x\the-karan-singh-vaidh\the-karan-singh-vaidh\server\controllers\productController.js:95:15
    at process.processTicksAndRejections (node:internal/process/task_queues:95:5)

[2026-02-02T18:22:05.343Z] 404 - Product not found
Error: Product not found
    at C:\react project\x\the-karan-singh-vaidh\the-karan-singh-vaidh\server\controllers\productController.js:95:15
    at process.processTicksAndRejections (node:internal/process/task_queues:95:5)

[2026-02-02T18:22:05.391Z] 404 - Product not found
Error: Product not found
    at C:\react project\x\the-karan-singh-vaidh\the-karan-singh-vaidh\server\controllers\productController.js:95:15
    at process.processTicksAndRejections (node:internal/process/task_queues:95:5)

[2026-02-02T18:22:05.945Z] 404 - Product not found
Error: Product not found
    at C:\react project\x\the-karan-singh-vaidh\the-karan-singh-vaidh\server\controllers\productController.js:95:15
    at process.processTicksAndRejections (node:internal/process/task_queues:95:5)

[2026-02-02T18:22:05.994Z] 404 - Product not found
Error: Product not found
    at C:\react project\x\the-karan-singh-vaidh\the-karan-singh-vaidh\server\controllers\productController.js:95:15
    at process.processTicksAndRejections (node:internal/process/task_queues:95:5)

[2026-02-02T18:22:08.088Z] 404 - Product not found
Error: Product not found
    at C:\react project\x\the-karan-singh-vaidh\the-karan-singh-vaidh\server\controllers\productController.js:95:15
    at process.processTicksAndRejections (node:internal/process/task_queues:95:5)

[2026-02-02T18:22:08.130Z] 404 - Product not found
Error: Product not found
    at C:\react project\x\the-karan-singh-vaidh\the-karan-singh-vaidh\server\controllers\productController.js:95:15
    at process.processTicksAndRejections (node:internal/process/task_queues:95:5)

[2026-02-02T18:23:17.239Z] 404 - Product not found
Error: Product not found
    at C:\react project\x\the-karan-singh-vaidh\the-karan-singh-vaidh\server\controllers\productController.js:95:15
    at process.processTicksAndRejections (node:internal/process/task_queues:95:5)

[2026-02-02T18:23:17.283Z] 404 - Product not found
Error: Product not found
    at C:\react project\x\the-karan-singh-vaidh\the-karan-singh-vaidh\server\controllers\productController.js:95:15
    at process.processTicksAndRejections (node:internal/process/task_queues:95:5)

[2026-02-02T18:23:18.136Z] 404 - Product not found
Error: Product not found
    at C:\react project\x\the-karan-singh-vaidh\the-karan-singh-vaidh\server\controllers\productController.js:95:15
    at process.processTicksAndRejections (node:internal/process/task_queues:95:5)

[2026-02-02T18:23:18.177Z] 404 - Product not found
Error: Product not found
    at C:\react project\x\the-karan-singh-vaidh\the-karan-singh-vaidh\server\controllers\productController.js:95:15
    at process.processTicksAndRejections (node:internal/process/task_queues:95:5)

[2026-02-02T18:23:18.858Z] 404 - Product not found
Error: Product not found
    at C:\react project\x\the-karan-singh-vaidh\the-karan-singh-vaidh\server\controllers\productController.js:95:15
    at process.processTicksAndRejections (node:internal/process/task_queues:95:5)

[2026-02-02T18:23:18.899Z] 404 - Product not found
Error: Product not found
    at C:\react project\x\the-karan-singh-vaidh\the-karan-singh-vaidh\server\controllers\productController.js:95:15
    at process.processTicksAndRejections (node:internal/process/task_queues:95:5)

[2026-02-02T18:23:26.024Z] 404 - Product not found
Error: Product not found
    at C:\react project\x\the-karan-singh-vaidh\the-karan-singh-vaidh\server\controllers\productController.js:95:15
    at process.processTicksAndRejections (node:internal/process/task_queues:95:5)

[2026-02-02T18:23:26.068Z] 404 - Product not found
Error: Product not found
    at C:\react project\x\the-karan-singh-vaidh\the-karan-singh-vaidh\server\controllers\productController.js:95:15
    at process.processTicksAndRejections (node:internal/process/task_queues:95:5)

[2026-02-02T18:23:36.322Z] 404 - Product not found
Error: Product not found
    at C:\react project\x\the-karan-singh-vaidh\the-karan-singh-vaidh\server\controllers\productController.js:95:15
    at process.processTicksAndRejections (node:internal/process/task_queues:95:5)

[2026-02-02T18:23:36.404Z] 404 - Product not found
Error: Product not found
    at C:\react project\x\the-karan-singh-vaidh\the-karan-singh-vaidh\server\controllers\productController.js:95:15
    at process.processTicksAndRejections (node:internal/process/task_queues:95:5)

[2026-02-02T18:23:39.830Z] 404 - Product not found
Error: Product not found
    at C:\react project\x\the-karan-singh-vaidh\the-karan-singh-vaidh\server\controllers\productController.js:95:15
    at process.processTicksAndRejections (node:internal/process/task_queues:95:5)

[2026-02-02T18:23:39.882Z] 404 - Product not found
Error: Product not found
    at C:\react project\x\the-karan-singh-vaidh\the-karan-singh-vaidh\server\controllers\productController.js:95:15
    at process.processTicksAndRejections (node:internal/process/task_queues:95:5)

[2026-02-02T18:23:41.102Z] 404 - Product not found
Error: Product not found
    at C:\react project\x\the-karan-singh-vaidh\the-karan-singh-vaidh\server\controllers\productController.js:95:15
    at process.processTicksAndRejections (node:internal/process/task_queues:95:5)

[2026-02-02T18:23:41.217Z] 404 - Product not found
Error: Product not found
    at C:\react project\x\the-karan-singh-vaidh\the-karan-singh-vaidh\server\controllers\productController.js:95:15
    at process.processTicksAndRejections (node:internal/process/task_queues:95:5)

[2026-02-02T18:23:44.049Z] 404 - Product not found
Error: Product not found
    at C:\react project\x\the-karan-singh-vaidh\the-karan-singh-vaidh\server\controllers\productController.js:95:15
    at process.processTicksAndRejections (node:internal/process/task_queues:95:5)

[2026-02-02T18:23:44.094Z] 404 - Product not found
Error: Product not found
    at C:\react project\x\the-karan-singh-vaidh\the-karan-singh-vaidh\server\controllers\productController.js:95:15
    at process.processTicksAndRejections (node:internal/process/task_queues:95:5)

[2026-02-02T18:24:03.956Z] 404 - Product not found
Error: Product not found
    at C:\react project\x\the-karan-singh-vaidh\the-karan-singh-vaidh\server\controllers\productController.js:95:15
    at process.processTicksAndRejections (node:internal/process/task_queues:95:5)

[2026-02-02T18:24:04.006Z] 404 - Product not found
Error: Product not found
    at C:\react project\x\the-karan-singh-vaidh\the-karan-singh-vaidh\server\controllers\productController.js:95:15
    at process.processTicksAndRejections (node:internal/process/task_queues:95:5)

[2026-02-02T18:24:11.856Z] 404 - Product not found
Error: Product not found
    at C:\react project\x\the-karan-singh-vaidh\the-karan-singh-vaidh\server\controllers\productController.js:95:15
    at process.processTicksAndRejections (node:internal/process/task_queues:95:5)

[2026-02-02T18:24:11.903Z] 404 - Product not found
Error: Product not found
    at C:\react project\x\the-karan-singh-vaidh\the-karan-singh-vaidh\server\controllers\productController.js:95:15
    at process.processTicksAndRejections (node:internal/process/task_queues:95:5)

[2026-02-02T18:24:22.868Z] 404 - Product not found
Error: Product not found
    at C:\react project\x\the-karan-singh-vaidh\the-karan-singh-vaidh\server\controllers\productController.js:95:15
    at process.processTicksAndRejections (node:internal/process/task_queues:95:5)

[2026-02-02T18:24:22.917Z] 404 - Product not found
Error: Product not found
    at C:\react project\x\the-karan-singh-vaidh\the-karan-singh-vaidh\server\controllers\productController.js:95:15
    at process.processTicksAndRejections (node:internal/process/task_queues:95:5)

[2026-02-02T18:24:31.848Z] 404 - Product not found
Error: Product not found
    at C:\react project\x\the-karan-singh-vaidh\the-karan-singh-vaidh\server\controllers\productController.js:95:15
    at process.processTicksAndRejections (node:internal/process/task_queues:95:5)

[2026-02-02T18:24:31.898Z] 404 - Product not found
Error: Product not found
    at C:\react project\x\the-karan-singh-vaidh\the-karan-singh-vaidh\server\controllers\productController.js:95:15
    at process.processTicksAndRejections (node:internal/process/task_queues:95:5)

[2026-02-02T18:25:51.604Z] 404 - Product not found
Error: Product not found
    at C:\react project\x\the-karan-singh-vaidh\the-karan-singh-vaidh\server\controllers\productController.js:95:15
    at process.processTicksAndRejections (node:internal/process/task_queues:95:5)

[2026-02-02T18:25:51.651Z] 404 - Product not found
Error: Product not found
    at C:\react project\x\the-karan-singh-vaidh\the-karan-singh-vaidh\server\controllers\productController.js:95:15
    at process.processTicksAndRejections (node:internal/process/task_queues:95:5)

[2026-02-02T18:25:56.183Z] 404 - Product not found
Error: Product not found
    at C:\react project\x\the-karan-singh-vaidh\the-karan-singh-vaidh\server\controllers\productController.js:95:15
    at process.processTicksAndRejections (node:internal/process/task_queues:95:5)

[2026-02-02T18:25:56.281Z] 404 - Product not found
Error: Product not found
    at C:\react project\x\the-karan-singh-vaidh\the-karan-singh-vaidh\server\controllers\productController.js:95:15
    at process.processTicksAndRejections (node:internal/process/task_queues:95:5)

[2026-02-02T18:26:04.509Z] 404 - Product not found
Error: Product not found
    at C:\react project\x\the-karan-singh-vaidh\the-karan-singh-vaidh\server\controllers\productController.js:95:15
    at process.processTicksAndRejections (node:internal/process/task_queues:95:5)

[2026-02-02T18:26:04.557Z] 404 - Product not found
Error: Product not found
    at C:\react project\x\the-karan-singh-vaidh\the-karan-singh-vaidh\server\controllers\productController.js:95:15
    at process.processTicksAndRejections (node:internal/process/task_queues:95:5)

[2026-02-02T18:46:05.126Z] 500 - The CORS policy for this site does not allow access from the specified Origin.
Error: The CORS policy for this site does not allow access from the specified Origin.
    at origin (C:\react project\x\the-karan-singh-vaidh\the-karan-singh-vaidh\server\index.js:40:29)
    at C:\react project\x\the-karan-singh-vaidh\the-karan-singh-vaidh\server\node_modules\cors\lib\index.js:219:13
    at optionsCallback (C:\react project\x\the-karan-singh-vaidh\the-karan-singh-vaidh\server\node_modules\cors\lib\index.js:199:9)
    at corsMiddleware (C:\react project\x\the-karan-singh-vaidh\the-karan-singh-vaidh\server\node_modules\cors\lib\index.js:204:7)
    at Layer.handleRequest (C:\react project\x\the-karan-singh-vaidh\the-karan-singh-vaidh\server\node_modules\router\lib\layer.js:152:17)
    at trimPrefix (C:\react project\x\the-karan-singh-vaidh\the-karan-singh-vaidh\server\node_modules\router\index.js:342:13)
    at C:\react project\x\the-karan-singh-vaidh\the-karan-singh-vaidh\server\node_modules\router\index.js:297:9
    at processParams (C:\react project\x\the-karan-singh-vaidh\the-karan-singh-vaidh\server\node_modules\router\index.js:582:12)
    at next (C:\react project\x\the-karan-singh-vaidh\the-karan-singh-vaidh\server\node_modules\router\index.js:291:5)
    at read (C:\react project\x\the-karan-singh-vaidh\the-karan-singh-vaidh\server\node_modules\body-parser\lib\read.js:53:5)

[2026-02-02T18:46:05.148Z] 500 - The CORS policy for this site does not allow access from the specified Origin.
Error: The CORS policy for this site does not allow access from the specified Origin.
    at origin (C:\react project\x\the-karan-singh-vaidh\the-karan-singh-vaidh\server\index.js:40:29)
    at C:\react project\x\the-karan-singh-vaidh\the-karan-singh-vaidh\server\node_modules\cors\lib\index.js:219:13
    at optionsCallback (C:\react project\x\the-karan-singh-vaidh\the-karan-singh-vaidh\server\node_modules\cors\lib\index.js:199:9)
    at corsMiddleware (C:\react project\x\the-karan-singh-vaidh\the-karan-singh-vaidh\server\node_modules\cors\lib\index.js:204:7)
    at Layer.handleRequest (C:\react project\x\the-karan-singh-vaidh\the-karan-singh-vaidh\server\node_modules\router\lib\layer.js:152:17)
    at trimPrefix (C:\react project\x\the-karan-singh-vaidh\the-karan-singh-vaidh\server\node_modules\router\index.js:342:13)
    at C:\react project\x\the-karan-singh-vaidh\the-karan-singh-vaidh\server\node_modules\router\index.js:297:9
    at processParams (C:\react project\x\the-karan-singh-vaidh\the-karan-singh-vaidh\server\node_modules\router\index.js:582:12)
    at next (C:\react project\x\the-karan-singh-vaidh\the-karan-singh-vaidh\server\node_modules\router\index.js:291:5)
    at read (C:\react project\x\the-karan-singh-vaidh\the-karan-singh-vaidh\server\node_modules\body-parser\lib\read.js:53:5)

[2026-02-02T18:46:05.156Z] 500 - The CORS policy for this site does not allow access from the specified Origin.
Error: The CORS policy for this site does not allow access from the specified Origin.
    at origin (C:\react project\x\the-karan-singh-vaidh\the-karan-singh-vaidh\server\index.js:40:29)
    at C:\react project\x\the-karan-singh-vaidh\the-karan-singh-vaidh\server\node_modules\cors\lib\index.js:219:13
    at optionsCallback (C:\react project\x\the-karan-singh-vaidh\the-karan-singh-vaidh\server\node_modules\cors\lib\index.js:199:9)
    at corsMiddleware (C:\react project\x\the-karan-singh-vaidh\the-karan-singh-vaidh\server\node_modules\cors\lib\index.js:204:7)
    at Layer.handleRequest (C:\react project\x\the-karan-singh-vaidh\the-karan-singh-vaidh\server\node_modules\router\lib\layer.js:152:17)
    at trimPrefix (C:\react project\x\the-karan-singh-vaidh\the-karan-singh-vaidh\server\node_modules\router\index.js:342:13)
    at C:\react project\x\the-karan-singh-vaidh\the-karan-singh-vaidh\server\node_modules\router\index.js:297:9
    at processParams (C:\react project\x\the-karan-singh-vaidh\the-karan-singh-vaidh\server\node_modules\router\index.js:582:12)
    at next (C:\react project\x\the-karan-singh-vaidh\the-karan-singh-vaidh\server\node_modules\router\index.js:291:5)
    at read (C:\react project\x\the-karan-singh-vaidh\the-karan-singh-vaidh\server\node_modules\body-parser\lib\read.js:53:5)

[2026-02-02T18:46:05.165Z] 500 - The CORS policy for this site does not allow access from the specified Origin.
Error: The CORS policy for this site does not allow access from the specified Origin.
    at origin (C:\react project\x\the-karan-singh-vaidh\the-karan-singh-vaidh\server\index.js:40:29)
    at C:\react project\x\the-karan-singh-vaidh\the-karan-singh-vaidh\server\node_modules\cors\lib\index.js:219:13
    at optionsCallback (C:\react project\x\the-karan-singh-vaidh\the-karan-singh-vaidh\server\node_modules\cors\lib\index.js:199:9)
    at corsMiddleware (C:\react project\x\the-karan-singh-vaidh\the-karan-singh-vaidh\server\node_modules\cors\lib\index.js:204:7)
    at Layer.handleRequest (C:\react project\x\the-karan-singh-vaidh\the-karan-singh-vaidh\server\node_modules\router\lib\layer.js:152:17)
    at trimPrefix (C:\react project\x\the-karan-singh-vaidh\the-karan-singh-vaidh\server\node_modules\router\index.js:342:13)
    at C:\react project\x\the-karan-singh-vaidh\the-karan-singh-vaidh\server\node_modules\router\index.js:297:9
    at processParams (C:\react project\x\the-karan-singh-vaidh\the-karan-singh-vaidh\server\node_modules\router\index.js:582:12)
    at next (C:\react project\x\the-karan-singh-vaidh\the-karan-singh-vaidh\server\node_modules\router\index.js:291:5)
    at read (C:\react project\x\the-karan-singh-vaidh\the-karan-singh-vaidh\server\node_modules\body-parser\lib\read.js:53:5)

[2026-02-02T18:46:05.173Z] 500 - The CORS policy for this site does not allow access from the specified Origin.
Error: The CORS policy for this site does not allow access from the specified Origin.
    at origin (C:\react project\x\the-karan-singh-vaidh\the-karan-singh-vaidh\server\index.js:40:29)
    at C:\react project\x\the-karan-singh-vaidh\the-karan-singh-vaidh\server\node_modules\cors\lib\index.js:219:13
    at optionsCallback (C:\react project\x\the-karan-singh-vaidh\the-karan-singh-vaidh\server\node_modules\cors\lib\index.js:199:9)
    at corsMiddleware (C:\react project\x\the-karan-singh-vaidh\the-karan-singh-vaidh\server\node_modules\cors\lib\index.js:204:7)
    at Layer.handleRequest (C:\react project\x\the-karan-singh-vaidh\the-karan-singh-vaidh\server\node_modules\router\lib\layer.js:152:17)
    at trimPrefix (C:\react project\x\the-karan-singh-vaidh\the-karan-singh-vaidh\server\node_modules\router\index.js:342:13)
    at C:\react project\x\the-karan-singh-vaidh\the-karan-singh-vaidh\server\node_modules\router\index.js:297:9
    at processParams (C:\react project\x\the-karan-singh-vaidh\the-karan-singh-vaidh\server\node_modules\router\index.js:582:12)
    at next (C:\react project\x\the-karan-singh-vaidh\the-karan-singh-vaidh\server\node_modules\router\index.js:291:5)
    at read (C:\react project\x\the-karan-singh-vaidh\the-karan-singh-vaidh\server\node_modules\body-parser\lib\read.js:53:5)

[2026-02-02T18:46:07.982Z] 500 - The CORS policy for this site does not allow access from the specified Origin.
Error: The CORS policy for this site does not allow access from the specified Origin.
    at origin (C:\react project\x\the-karan-singh-vaidh\the-karan-singh-vaidh\server\index.js:40:29)
    at C:\react project\x\the-karan-singh-vaidh\the-karan-singh-vaidh\server\node_modules\cors\lib\index.js:219:13
    at optionsCallback (C:\react project\x\the-karan-singh-vaidh\the-karan-singh-vaidh\server\node_modules\cors\lib\index.js:199:9)
    at corsMiddleware (C:\react project\x\the-karan-singh-vaidh\the-karan-singh-vaidh\server\node_modules\cors\lib\index.js:204:7)
    at Layer.handleRequest (C:\react project\x\the-karan-singh-vaidh\the-karan-singh-vaidh\server\node_modules\router\lib\layer.js:152:17)
    at trimPrefix (C:\react project\x\the-karan-singh-vaidh\the-karan-singh-vaidh\server\node_modules\router\index.js:342:13)
    at C:\react project\x\the-karan-singh-vaidh\the-karan-singh-vaidh\server\node_modules\router\index.js:297:9
    at processParams (C:\react project\x\the-karan-singh-vaidh\the-karan-singh-vaidh\server\node_modules\router\index.js:582:12)
    at next (C:\react project\x\the-karan-singh-vaidh\the-karan-singh-vaidh\server\node_modules\router\index.js:291:5)
    at read (C:\react project\x\the-karan-singh-vaidh\the-karan-singh-vaidh\server\node_modules\body-parser\lib\read.js:53:5)

[2026-02-02T18:46:07.985Z] 500 - The CORS policy for this site does not allow access from the specified Origin.
Error: The CORS policy for this site does not allow access from the specified Origin.
    at origin (C:\react project\x\the-karan-singh-vaidh\the-karan-singh-vaidh\server\index.js:40:29)
    at C:\react project\x\the-karan-singh-vaidh\the-karan-singh-vaidh\server\node_modules\cors\lib\index.js:219:13
    at optionsCallback (C:\react project\x\the-karan-singh-vaidh\the-karan-singh-vaidh\server\node_modules\cors\lib\index.js:199:9)
    at corsMiddleware (C:\react project\x\the-karan-singh-vaidh\the-karan-singh-vaidh\server\node_modules\cors\lib\index.js:204:7)
    at Layer.handleRequest (C:\react project\x\the-karan-singh-vaidh\the-karan-singh-vaidh\server\node_modules\router\lib\layer.js:152:17)
    at trimPrefix (C:\react project\x\the-karan-singh-vaidh\the-karan-singh-vaidh\server\node_modules\router\index.js:342:13)
    at C:\react project\x\the-karan-singh-vaidh\the-karan-singh-vaidh\server\node_modules\router\index.js:297:9
    at processParams (C:\react project\x\the-karan-singh-vaidh\the-karan-singh-vaidh\server\node_modules\router\index.js:582:12)
    at next (C:\react project\x\the-karan-singh-vaidh\the-karan-singh-vaidh\server\node_modules\router\index.js:291:5)
    at read (C:\react project\x\the-karan-singh-vaidh\the-karan-singh-vaidh\server\node_modules\body-parser\lib\read.js:53:5)

[2026-02-02T18:46:07.987Z] 500 - The CORS policy for this site does not allow access from the specified Origin.
Error: The CORS policy for this site does not allow access from the specified Origin.
    at origin (C:\react project\x\the-karan-singh-vaidh\the-karan-singh-vaidh\server\index.js:40:29)
    at C:\react project\x\the-karan-singh-vaidh\the-karan-singh-vaidh\server\node_modules\cors\lib\index.js:219:13
    at optionsCallback (C:\react project\x\the-karan-singh-vaidh\the-karan-singh-vaidh\server\node_modules\cors\lib\index.js:199:9)
    at corsMiddleware (C:\react project\x\the-karan-singh-vaidh\the-karan-singh-vaidh\server\node_modules\cors\lib\index.js:204:7)
    at Layer.handleRequest (C:\react project\x\the-karan-singh-vaidh\the-karan-singh-vaidh\server\node_modules\router\lib\layer.js:152:17)
    at trimPrefix (C:\react project\x\the-karan-singh-vaidh\the-karan-singh-vaidh\server\node_modules\router\index.js:342:13)
    at C:\react project\x\the-karan-singh-vaidh\the-karan-singh-vaidh\server\node_modules\router\index.js:297:9
    at processParams (C:\react project\x\the-karan-singh-vaidh\the-karan-singh-vaidh\server\node_modules\router\index.js:582:12)
    at next (C:\react project\x\the-karan-singh-vaidh\the-karan-singh-vaidh\server\node_modules\router\index.js:291:5)
    at read (C:\react project\x\the-karan-singh-vaidh\the-karan-singh-vaidh\server\node_modules\body-parser\lib\read.js:53:5)

[2026-02-02T18:46:07.990Z] 500 - The CORS policy for this site does not allow access from the specified Origin.
Error: The CORS policy for this site does not allow access from the specified Origin.
    at origin (C:\react project\x\the-karan-singh-vaidh\the-karan-singh-vaidh\server\index.js:40:29)
    at C:\react project\x\the-karan-singh-vaidh\the-karan-singh-vaidh\server\node_modules\cors\lib\index.js:219:13
    at optionsCallback (C:\react project\x\the-karan-singh-vaidh\the-karan-singh-vaidh\server\node_modules\cors\lib\index.js:199:9)
    at corsMiddleware (C:\react project\x\the-karan-singh-vaidh\the-karan-singh-vaidh\server\node_modules\cors\lib\index.js:204:7)
    at Layer.handleRequest (C:\react project\x\the-karan-singh-vaidh\the-karan-singh-vaidh\server\node_modules\router\lib\layer.js:152:17)
    at trimPrefix (C:\react project\x\the-karan-singh-vaidh\the-karan-singh-vaidh\server\node_modules\router\index.js:342:13)
    at C:\react project\x\the-karan-singh-vaidh\the-karan-singh-vaidh\server\node_modules\router\index.js:297:9
    at processParams (C:\react project\x\the-karan-singh-vaidh\the-karan-singh-vaidh\server\node_modules\router\index.js:582:12)
    at next (C:\react project\x\the-karan-singh-vaidh\the-karan-singh-vaidh\server\node_modules\router\index.js:291:5)
    at read (C:\react project\x\the-karan-singh-vaidh\the-karan-singh-vaidh\server\node_modules\body-parser\lib\read.js:53:5)

[2026-02-02T18:46:07.994Z] 500 - The CORS policy for this site does not allow access from the specified Origin.
Error: The CORS policy for this site does not allow access from the specified Origin.
    at origin (C:\react project\x\the-karan-singh-vaidh\the-karan-singh-vaidh\server\index.js:40:29)
    at C:\react project\x\the-karan-singh-vaidh\the-karan-singh-vaidh\server\node_modules\cors\lib\index.js:219:13
    at optionsCallback (C:\react project\x\the-karan-singh-vaidh\the-karan-singh-vaidh\server\node_modules\cors\lib\index.js:199:9)
    at corsMiddleware (C:\react project\x\the-karan-singh-vaidh\the-karan-singh-vaidh\server\node_modules\cors\lib\index.js:204:7)
    at Layer.handleRequest (C:\react project\x\the-karan-singh-vaidh\the-karan-singh-vaidh\server\node_modules\router\lib\layer.js:152:17)
    at trimPrefix (C:\react project\x\the-karan-singh-vaidh\the-karan-singh-vaidh\server\node_modules\router\index.js:342:13)
    at C:\react project\x\the-karan-singh-vaidh\the-karan-singh-vaidh\server\node_modules\router\index.js:297:9
    at processParams (C:\react project\x\the-karan-singh-vaidh\the-karan-singh-vaidh\server\node_modules\router\index.js:582:12)
    at next (C:\react project\x\the-karan-singh-vaidh\the-karan-singh-vaidh\server\node_modules\router\index.js:291:5)
    at read (C:\react project\x\the-karan-singh-vaidh\the-karan-singh-vaidh\server\node_modules\body-parser\lib\read.js:53:5)

[2026-02-02T18:46:08.001Z] 500 - The CORS policy for this site does not allow access from the specified Origin.
Error: The CORS policy for this site does not allow access from the specified Origin.
    at origin (C:\react project\x\the-karan-singh-vaidh\the-karan-singh-vaidh\server\index.js:40:29)
    at C:\react project\x\the-karan-singh-vaidh\the-karan-singh-vaidh\server\node_modules\cors\lib\index.js:219:13
    at optionsCallback (C:\react project\x\the-karan-singh-vaidh\the-karan-singh-vaidh\server\node_modules\cors\lib\index.js:199:9)
    at corsMiddleware (C:\react project\x\the-karan-singh-vaidh\the-karan-singh-vaidh\server\node_modules\cors\lib\index.js:204:7)
    at Layer.handleRequest (C:\react project\x\the-karan-singh-vaidh\the-karan-singh-vaidh\server\node_modules\router\lib\layer.js:152:17)
    at trimPrefix (C:\react project\x\the-karan-singh-vaidh\the-karan-singh-vaidh\server\node_modules\router\index.js:342:13)
    at C:\react project\x\the-karan-singh-vaidh\the-karan-singh-vaidh\server\node_modules\router\index.js:297:9
    at processParams (C:\react project\x\the-karan-singh-vaidh\the-karan-singh-vaidh\server\node_modules\router\index.js:582:12)
    at next (C:\react project\x\the-karan-singh-vaidh\the-karan-singh-vaidh\server\node_modules\router\index.js:291:5)
    at read (C:\react project\x\the-karan-singh-vaidh\the-karan-singh-vaidh\server\node_modules\body-parser\lib\read.js:53:5)

[2026-02-02T18:46:08.005Z] 500 - The CORS policy for this site does not allow access from the specified Origin.
Error: The CORS policy for this site does not allow access from the specified Origin.
    at origin (C:\react project\x\the-karan-singh-vaidh\the-karan-singh-vaidh\server\index.js:40:29)
    at C:\react project\x\the-karan-singh-vaidh\the-karan-singh-vaidh\server\node_modules\cors\lib\index.js:219:13
    at optionsCallback (C:\react project\x\the-karan-singh-vaidh\the-karan-singh-vaidh\server\node_modules\cors\lib\index.js:199:9)
    at corsMiddleware (C:\react project\x\the-karan-singh-vaidh\the-karan-singh-vaidh\server\node_modules\cors\lib\index.js:204:7)
    at Layer.handleRequest (C:\react project\x\the-karan-singh-vaidh\the-karan-singh-vaidh\server\node_modules\router\lib\layer.js:152:17)
    at trimPrefix (C:\react project\x\the-karan-singh-vaidh\the-karan-singh-vaidh\server\node_modules\router\index.js:342:13)
    at C:\react project\x\the-karan-singh-vaidh\the-karan-singh-vaidh\server\node_modules\router\index.js:297:9
    at processParams (C:\react project\x\the-karan-singh-vaidh\the-karan-singh-vaidh\server\node_modules\router\index.js:582:12)
    at next (C:\react project\x\the-karan-singh-vaidh\the-karan-singh-vaidh\server\node_modules\router\index.js:291:5)
    at read (C:\react project\x\the-karan-singh-vaidh\the-karan-singh-vaidh\server\node_modules\body-parser\lib\read.js:53:5)

[2026-02-02T18:46:10.090Z] 500 - The CORS policy for this site does not allow access from the specified Origin.
Error: The CORS policy for this site does not allow access from the specified Origin.
    at origin (C:\react project\x\the-karan-singh-vaidh\the-karan-singh-vaidh\server\index.js:40:29)
    at C:\react project\x\the-karan-singh-vaidh\the-karan-singh-vaidh\server\node_modules\cors\lib\index.js:219:13
    at optionsCallback (C:\react project\x\the-karan-singh-vaidh\the-karan-singh-vaidh\server\node_modules\cors\lib\index.js:199:9)
    at corsMiddleware (C:\react project\x\the-karan-singh-vaidh\the-karan-singh-vaidh\server\node_modules\cors\lib\index.js:204:7)
    at Layer.handleRequest (C:\react project\x\the-karan-singh-vaidh\the-karan-singh-vaidh\server\node_modules\router\lib\layer.js:152:17)
    at trimPrefix (C:\react project\x\the-karan-singh-vaidh\the-karan-singh-vaidh\server\node_modules\router\index.js:342:13)
    at C:\react project\x\the-karan-singh-vaidh\the-karan-singh-vaidh\server\node_modules\router\index.js:297:9
    at processParams (C:\react project\x\the-karan-singh-vaidh\the-karan-singh-vaidh\server\node_modules\router\index.js:582:12)
    at next (C:\react project\x\the-karan-singh-vaidh\the-karan-singh-vaidh\server\node_modules\router\index.js:291:5)
    at read (C:\react project\x\the-karan-singh-vaidh\the-karan-singh-vaidh\server\node_modules\body-parser\lib\read.js:53:5)

[2026-02-02T18:46:10.093Z] 500 - The CORS policy for this site does not allow access from the specified Origin.
Error: The CORS policy for this site does not allow access from the specified Origin.
    at origin (C:\react project\x\the-karan-singh-vaidh\the-karan-singh-vaidh\server\index.js:40:29)
    at C:\react project\x\the-karan-singh-vaidh\the-karan-singh-vaidh\server\node_modules\cors\lib\index.js:219:13
    at optionsCallback (C:\react project\x\the-karan-singh-vaidh\the-karan-singh-vaidh\server\node_modules\cors\lib\index.js:199:9)
    at corsMiddleware (C:\react project\x\the-karan-singh-vaidh\the-karan-singh-vaidh\server\node_modules\cors\lib\index.js:204:7)
    at Layer.handleRequest (C:\react project\x\the-karan-singh-vaidh\the-karan-singh-vaidh\server\node_modules\router\lib\layer.js:152:17)
    at trimPrefix (C:\react project\x\the-karan-singh-vaidh\the-karan-singh-vaidh\server\node_modules\router\index.js:342:13)
    at C:\react project\x\the-karan-singh-vaidh\the-karan-singh-vaidh\server\node_modules\router\index.js:297:9
    at processParams (C:\react project\x\the-karan-singh-vaidh\the-karan-singh-vaidh\server\node_modules\router\index.js:582:12)
    at next (C:\react project\x\the-karan-singh-vaidh\the-karan-singh-vaidh\server\node_modules\router\index.js:291:5)
    at read (C:\react project\x\the-karan-singh-vaidh\the-karan-singh-vaidh\server\node_modules\body-parser\lib\read.js:53:5)

[2026-02-02T18:46:10.096Z] 500 - The CORS policy for this site does not allow access from the specified Origin.
Error: The CORS policy for this site does not allow access from the specified Origin.
    at origin (C:\react project\x\the-karan-singh-vaidh\the-karan-singh-vaidh\server\index.js:40:29)
    at C:\react project\x\the-karan-singh-vaidh\the-karan-singh-vaidh\server\node_modules\cors\lib\index.js:219:13
    at optionsCallback (C:\react project\x\the-karan-singh-vaidh\the-karan-singh-vaidh\server\node_modules\cors\lib\index.js:199:9)
    at corsMiddleware (C:\react project\x\the-karan-singh-vaidh\the-karan-singh-vaidh\server\node_modules\cors\lib\index.js:204:7)
    at Layer.handleRequest (C:\react project\x\the-karan-singh-vaidh\the-karan-singh-vaidh\server\node_modules\router\lib\layer.js:152:17)
    at trimPrefix (C:\react project\x\the-karan-singh-vaidh\the-karan-singh-vaidh\server\node_modules\router\index.js:342:13)
    at C:\react project\x\the-karan-singh-vaidh\the-karan-singh-vaidh\server\node_modules\router\index.js:297:9
    at processParams (C:\react project\x\the-karan-singh-vaidh\the-karan-singh-vaidh\server\node_modules\router\index.js:582:12)
    at next (C:\react project\x\the-karan-singh-vaidh\the-karan-singh-vaidh\server\node_modules\router\index.js:291:5)
    at read (C:\react project\x\the-karan-singh-vaidh\the-karan-singh-vaidh\server\node_modules\body-parser\lib\read.js:53:5)

[2026-02-02T18:46:10.099Z] 500 - The CORS policy for this site does not allow access from the specified Origin.
Error: The CORS policy for this site does not allow access from the specified Origin.
    at origin (C:\react project\x\the-karan-singh-vaidh\the-karan-singh-vaidh\server\index.js:40:29)
    at C:\react project\x\the-karan-singh-vaidh\the-karan-singh-vaidh\server\node_modules\cors\lib\index.js:219:13
    at optionsCallback (C:\react project\x\the-karan-singh-vaidh\the-karan-singh-vaidh\server\node_modules\cors\lib\index.js:199:9)
    at corsMiddleware (C:\react project\x\the-karan-singh-vaidh\the-karan-singh-vaidh\server\node_modules\cors\lib\index.js:204:7)
    at Layer.handleRequest (C:\react project\x\the-karan-singh-vaidh\the-karan-singh-vaidh\server\node_modules\router\lib\layer.js:152:17)
    at trimPrefix (C:\react project\x\the-karan-singh-vaidh\the-karan-singh-vaidh\server\node_modules\router\index.js:342:13)
    at C:\react project\x\the-karan-singh-vaidh\the-karan-singh-vaidh\server\node_modules\router\index.js:297:9
    at processParams (C:\react project\x\the-karan-singh-vaidh\the-karan-singh-vaidh\server\node_modules\router\index.js:582:12)
    at next (C:\react project\x\the-karan-singh-vaidh\the-karan-singh-vaidh\server\node_modules\router\index.js:291:5)
    at read (C:\react project\x\the-karan-singh-vaidh\the-karan-singh-vaidh\server\node_modules\body-parser\lib\read.js:53:5)

[2026-02-02T18:46:10.101Z] 500 - The CORS policy for this site does not allow access from the specified Origin.
Error: The CORS policy for this site does not allow access from the specified Origin.
    at origin (C:\react project\x\the-karan-singh-vaidh\the-karan-singh-vaidh\server\index.js:40:29)
    at C:\react project\x\the-karan-singh-vaidh\the-karan-singh-vaidh\server\node_modules\cors\lib\index.js:219:13
    at optionsCallback (C:\react project\x\the-karan-singh-vaidh\the-karan-singh-vaidh\server\node_modules\cors\lib\index.js:199:9)
    at corsMiddleware (C:\react project\x\the-karan-singh-vaidh\the-karan-singh-vaidh\server\node_modules\cors\lib\index.js:204:7)
    at Layer.handleRequest (C:\react project\x\the-karan-singh-vaidh\the-karan-singh-vaidh\server\node_modules\router\lib\layer.js:152:17)
    at trimPrefix (C:\react project\x\the-karan-singh-vaidh\the-karan-singh-vaidh\server\node_modules\router\index.js:342:13)
    at C:\react project\x\the-karan-singh-vaidh\the-karan-singh-vaidh\server\node_modules\router\index.js:297:9
    at processParams (C:\react project\x\the-karan-singh-vaidh\the-karan-singh-vaidh\server\node_modules\router\index.js:582:12)
    at next (C:\react project\x\the-karan-singh-vaidh\the-karan-singh-vaidh\server\node_modules\router\index.js:291:5)
    at read (C:\react project\x\the-karan-singh-vaidh\the-karan-singh-vaidh\server\node_modules\body-parser\lib\read.js:53:5)

[2026-02-02T18:46:10.103Z] 500 - The CORS policy for this site does not allow access from the specified Origin.
Error: The CORS policy for this site does not allow access from the specified Origin.
    at origin (C:\react project\x\the-karan-singh-vaidh\the-karan-singh-vaidh\server\index.js:40:29)
    at C:\react project\x\the-karan-singh-vaidh\the-karan-singh-vaidh\server\node_modules\cors\lib\index.js:219:13
    at optionsCallback (C:\react project\x\the-karan-singh-vaidh\the-karan-singh-vaidh\server\node_modules\cors\lib\index.js:199:9)
    at corsMiddleware (C:\react project\x\the-karan-singh-vaidh\the-karan-singh-vaidh\server\node_modules\cors\lib\index.js:204:7)
    at Layer.handleRequest (C:\react project\x\the-karan-singh-vaidh\the-karan-singh-vaidh\server\node_modules\router\lib\layer.js:152:17)
    at trimPrefix (C:\react project\x\the-karan-singh-vaidh\the-karan-singh-vaidh\server\node_modules\router\index.js:342:13)
    at C:\react project\x\the-karan-singh-vaidh\the-karan-singh-vaidh\server\node_modules\router\index.js:297:9
    at processParams (C:\react project\x\the-karan-singh-vaidh\the-karan-singh-vaidh\server\node_modules\router\index.js:582:12)
    at next (C:\react project\x\the-karan-singh-vaidh\the-karan-singh-vaidh\server\node_modules\router\index.js:291:5)
    at read (C:\react project\x\the-karan-singh-vaidh\the-karan-singh-vaidh\server\node_modules\body-parser\lib\read.js:53:5)

[2026-02-02T18:46:10.108Z] 500 - The CORS policy for this site does not allow access from the specified Origin.
Error: The CORS policy for this site does not allow access from the specified Origin.
    at origin (C:\react project\x\the-karan-singh-vaidh\the-karan-singh-vaidh\server\index.js:40:29)
    at C:\react project\x\the-karan-singh-vaidh\the-karan-singh-vaidh\server\node_modules\cors\lib\index.js:219:13
    at optionsCallback (C:\react project\x\the-karan-singh-vaidh\the-karan-singh-vaidh\server\node_modules\cors\lib\index.js:199:9)
    at corsMiddleware (C:\react project\x\the-karan-singh-vaidh\the-karan-singh-vaidh\server\node_modules\cors\lib\index.js:204:7)
    at Layer.handleRequest (C:\react project\x\the-karan-singh-vaidh\the-karan-singh-vaidh\server\node_modules\router\lib\layer.js:152:17)
    at trimPrefix (C:\react project\x\the-karan-singh-vaidh\the-karan-singh-vaidh\server\node_modules\router\index.js:342:13)
    at C:\react project\x\the-karan-singh-vaidh\the-karan-singh-vaidh\server\node_modules\router\index.js:297:9
    at processParams (C:\react project\x\the-karan-singh-vaidh\the-karan-singh-vaidh\server\node_modules\router\index.js:582:12)
    at next (C:\react project\x\the-karan-singh-vaidh\the-karan-singh-vaidh\server\node_modules\router\index.js:291:5)
    at read (C:\react project\x\the-karan-singh-vaidh\the-karan-singh-vaidh\server\node_modules\body-parser\lib\read.js:53:5)

[2026-02-02T18:46:11.098Z] 500 - The CORS policy for this site does not allow access from the specified Origin.
Error: The CORS policy for this site does not allow access from the specified Origin.
    at origin (C:\react project\x\the-karan-singh-vaidh\the-karan-singh-vaidh\server\index.js:40:29)
    at C:\react project\x\the-karan-singh-vaidh\the-karan-singh-vaidh\server\node_modules\cors\lib\index.js:219:13
    at optionsCallback (C:\react project\x\the-karan-singh-vaidh\the-karan-singh-vaidh\server\node_modules\cors\lib\index.js:199:9)
    at corsMiddleware (C:\react project\x\the-karan-singh-vaidh\the-karan-singh-vaidh\server\node_modules\cors\lib\index.js:204:7)
    at Layer.handleRequest (C:\react project\x\the-karan-singh-vaidh\the-karan-singh-vaidh\server\node_modules\router\lib\layer.js:152:17)
    at trimPrefix (C:\react project\x\the-karan-singh-vaidh\the-karan-singh-vaidh\server\node_modules\router\index.js:342:13)
    at C:\react project\x\the-karan-singh-vaidh\the-karan-singh-vaidh\server\node_modules\router\index.js:297:9
    at processParams (C:\react project\x\the-karan-singh-vaidh\the-karan-singh-vaidh\server\node_modules\router\index.js:582:12)
    at next (C:\react project\x\the-karan-singh-vaidh\the-karan-singh-vaidh\server\node_modules\router\index.js:291:5)
    at read (C:\react project\x\the-karan-singh-vaidh\the-karan-singh-vaidh\server\node_modules\body-parser\lib\read.js:53:5)

[2026-02-02T18:46:11.101Z] 500 - The CORS policy for this site does not allow access from the specified Origin.
Error: The CORS policy for this site does not allow access from the specified Origin.
    at origin (C:\react project\x\the-karan-singh-vaidh\the-karan-singh-vaidh\server\index.js:40:29)
    at C:\react project\x\the-karan-singh-vaidh\the-karan-singh-vaidh\server\node_modules\cors\lib\index.js:219:13
    at optionsCallback (C:\react project\x\the-karan-singh-vaidh\the-karan-singh-vaidh\server\node_modules\cors\lib\index.js:199:9)
    at corsMiddleware (C:\react project\x\the-karan-singh-vaidh\the-karan-singh-vaidh\server\node_modules\cors\lib\index.js:204:7)
    at Layer.handleRequest (C:\react project\x\the-karan-singh-vaidh\the-karan-singh-vaidh\server\node_modules\router\lib\layer.js:152:17)
    at trimPrefix (C:\react project\x\the-karan-singh-vaidh\the-karan-singh-vaidh\server\node_modules\router\index.js:342:13)
    at C:\react project\x\the-karan-singh-vaidh\the-karan-singh-vaidh\server\node_modules\router\index.js:297:9
    at processParams (C:\react project\x\the-karan-singh-vaidh\the-karan-singh-vaidh\server\node_modules\router\index.js:582:12)
    at next (C:\react project\x\the-karan-singh-vaidh\the-karan-singh-vaidh\server\node_modules\router\index.js:291:5)
    at read (C:\react project\x\the-karan-singh-vaidh\the-karan-singh-vaidh\server\node_modules\body-parser\lib\read.js:53:5)

[2026-02-02T18:46:11.106Z] 500 - The CORS policy for this site does not allow access from the specified Origin.
Error: The CORS policy for this site does not allow access from the specified Origin.
    at origin (C:\react project\x\the-karan-singh-vaidh\the-karan-singh-vaidh\server\index.js:40:29)
    at C:\react project\x\the-karan-singh-vaidh\the-karan-singh-vaidh\server\node_modules\cors\lib\index.js:219:13
    at optionsCallback (C:\react project\x\the-karan-singh-vaidh\the-karan-singh-vaidh\server\node_modules\cors\lib\index.js:199:9)
    at corsMiddleware (C:\react project\x\the-karan-singh-vaidh\the-karan-singh-vaidh\server\node_modules\cors\lib\index.js:204:7)
    at Layer.handleRequest (C:\react project\x\the-karan-singh-vaidh\the-karan-singh-vaidh\server\node_modules\router\lib\layer.js:152:17)
    at trimPrefix (C:\react project\x\the-karan-singh-vaidh\the-karan-singh-vaidh\server\node_modules\router\index.js:342:13)
    at C:\react project\x\the-karan-singh-vaidh\the-karan-singh-vaidh\server\node_modules\router\index.js:297:9
    at processParams (C:\react project\x\the-karan-singh-vaidh\the-karan-singh-vaidh\server\node_modules\router\index.js:582:12)
    at next (C:\react project\x\the-karan-singh-vaidh\the-karan-singh-vaidh\server\node_modules\router\index.js:291:5)
    at read (C:\react project\x\the-karan-singh-vaidh\the-karan-singh-vaidh\server\node_modules\body-parser\lib\read.js:53:5)

[2026-02-02T18:46:11.110Z] 500 - The CORS policy for this site does not allow access from the specified Origin.
Error: The CORS policy for this site does not allow access from the specified Origin.
    at origin (C:\react project\x\the-karan-singh-vaidh\the-karan-singh-vaidh\server\index.js:40:29)
    at C:\react project\x\the-karan-singh-vaidh\the-karan-singh-vaidh\server\node_modules\cors\lib\index.js:219:13
    at optionsCallback (C:\react project\x\the-karan-singh-vaidh\the-karan-singh-vaidh\server\node_modules\cors\lib\index.js:199:9)
    at corsMiddleware (C:\react project\x\the-karan-singh-vaidh\the-karan-singh-vaidh\server\node_modules\cors\lib\index.js:204:7)
    at Layer.handleRequest (C:\react project\x\the-karan-singh-vaidh\the-karan-singh-vaidh\server\node_modules\router\lib\layer.js:152:17)
    at trimPrefix (C:\react project\x\the-karan-singh-vaidh\the-karan-singh-vaidh\server\node_modules\router\index.js:342:13)
    at C:\react project\x\the-karan-singh-vaidh\the-karan-singh-vaidh\server\node_modules\router\index.js:297:9
    at processParams (C:\react project\x\the-karan-singh-vaidh\the-karan-singh-vaidh\server\node_modules\router\index.js:582:12)
    at next (C:\react project\x\the-karan-singh-vaidh\the-karan-singh-vaidh\server\node_modules\router\index.js:291:5)
    at read (C:\react project\x\the-karan-singh-vaidh\the-karan-singh-vaidh\server\node_modules\body-parser\lib\read.js:53:5)

[2026-02-02T18:46:11.113Z] 500 - The CORS policy for this site does not allow access from the specified Origin.
Error: The CORS policy for this site does not allow access from the specified Origin.
    at origin (C:\react project\x\the-karan-singh-vaidh\the-karan-singh-vaidh\server\index.js:40:29)
    at C:\react project\x\the-karan-singh-vaidh\the-karan-singh-vaidh\server\node_modules\cors\lib\index.js:219:13
    at optionsCallback (C:\react project\x\the-karan-singh-vaidh\the-karan-singh-vaidh\server\node_modules\cors\lib\index.js:199:9)
    at corsMiddleware (C:\react project\x\the-karan-singh-vaidh\the-karan-singh-vaidh\server\node_modules\cors\lib\index.js:204:7)
    at Layer.handleRequest (C:\react project\x\the-karan-singh-vaidh\the-karan-singh-vaidh\server\node_modules\router\lib\layer.js:152:17)
    at trimPrefix (C:\react project\x\the-karan-singh-vaidh\the-karan-singh-vaidh\server\node_modules\router\index.js:342:13)
    at C:\react project\x\the-karan-singh-vaidh\the-karan-singh-vaidh\server\node_modules\router\index.js:297:9
    at processParams (C:\react project\x\the-karan-singh-vaidh\the-karan-singh-vaidh\server\node_modules\router\index.js:582:12)
    at next (C:\react project\x\the-karan-singh-vaidh\the-karan-singh-vaidh\server\node_modules\router\index.js:291:5)
    at read (C:\react project\x\the-karan-singh-vaidh\the-karan-singh-vaidh\server\node_modules\body-parser\lib\read.js:53:5)

[2026-02-02T18:46:11.115Z] 500 - The CORS policy for this site does not allow access from the specified Origin.
Error: The CORS policy for this site does not allow access from the specified Origin.
    at origin (C:\react project\x\the-karan-singh-vaidh\the-karan-singh-vaidh\server\index.js:40:29)
    at C:\react project\x\the-karan-singh-vaidh\the-karan-singh-vaidh\server\node_modules\cors\lib\index.js:219:13
    at optionsCallback (C:\react project\x\the-karan-singh-vaidh\the-karan-singh-vaidh\server\node_modules\cors\lib\index.js:199:9)
    at corsMiddleware (C:\react project\x\the-karan-singh-vaidh\the-karan-singh-vaidh\server\node_modules\cors\lib\index.js:204:7)
    at Layer.handleRequest (C:\react project\x\the-karan-singh-vaidh\the-karan-singh-vaidh\server\node_modules\router\lib\layer.js:152:17)
    at trimPrefix (C:\react project\x\the-karan-singh-vaidh\the-karan-singh-vaidh\server\node_modules\router\index.js:342:13)
    at C:\react project\x\the-karan-singh-vaidh\the-karan-singh-vaidh\server\node_modules\router\index.js:297:9
    at processParams (C:\react project\x\the-karan-singh-vaidh\the-karan-singh-vaidh\server\node_modules\router\index.js:582:12)
    at next (C:\react project\x\the-karan-singh-vaidh\the-karan-singh-vaidh\server\node_modules\router\index.js:291:5)
    at read (C:\react project\x\the-karan-singh-vaidh\the-karan-singh-vaidh\server\node_modules\body-parser\lib\read.js:53:5)

[2026-02-02T18:46:12.462Z] 500 - The CORS policy for this site does not allow access from the specified Origin.
Error: The CORS policy for this site does not allow access from the specified Origin.
    at origin (C:\react project\x\the-karan-singh-vaidh\the-karan-singh-vaidh\server\index.js:40:29)
    at C:\react project\x\the-karan-singh-vaidh\the-karan-singh-vaidh\server\node_modules\cors\lib\index.js:219:13
    at optionsCallback (C:\react project\x\the-karan-singh-vaidh\the-karan-singh-vaidh\server\node_modules\cors\lib\index.js:199:9)
    at corsMiddleware (C:\react project\x\the-karan-singh-vaidh\the-karan-singh-vaidh\server\node_modules\cors\lib\index.js:204:7)
    at Layer.handleRequest (C:\react project\x\the-karan-singh-vaidh\the-karan-singh-vaidh\server\node_modules\router\lib\layer.js:152:17)
    at trimPrefix (C:\react project\x\the-karan-singh-vaidh\the-karan-singh-vaidh\server\node_modules\router\index.js:342:13)
    at C:\react project\x\the-karan-singh-vaidh\the-karan-singh-vaidh\server\node_modules\router\index.js:297:9
    at processParams (C:\react project\x\the-karan-singh-vaidh\the-karan-singh-vaidh\server\node_modules\router\index.js:582:12)
    at next (C:\react project\x\the-karan-singh-vaidh\the-karan-singh-vaidh\server\node_modules\router\index.js:291:5)
    at read (C:\react project\x\the-karan-singh-vaidh\the-karan-singh-vaidh\server\node_modules\body-parser\lib\read.js:53:5)

[2026-02-02T18:46:46.690Z] 500 - The CORS policy for this site does not allow access from the specified Origin.
Error: The CORS policy for this site does not allow access from the specified Origin.
    at origin (C:\react project\x\the-karan-singh-vaidh\the-karan-singh-vaidh\server\index.js:40:29)
    at C:\react project\x\the-karan-singh-vaidh\the-karan-singh-vaidh\server\node_modules\cors\lib\index.js:219:13
    at optionsCallback (C:\react project\x\the-karan-singh-vaidh\the-karan-singh-vaidh\server\node_modules\cors\lib\index.js:199:9)
    at corsMiddleware (C:\react project\x\the-karan-singh-vaidh\the-karan-singh-vaidh\server\node_modules\cors\lib\index.js:204:7)
    at Layer.handleRequest (C:\react project\x\the-karan-singh-vaidh\the-karan-singh-vaidh\server\node_modules\router\lib\layer.js:152:17)
    at trimPrefix (C:\react project\x\the-karan-singh-vaidh\the-karan-singh-vaidh\server\node_modules\router\index.js:342:13)
    at C:\react project\x\the-karan-singh-vaidh\the-karan-singh-vaidh\server\node_modules\router\index.js:297:9
    at processParams (C:\react project\x\the-karan-singh-vaidh\the-karan-singh-vaidh\server\node_modules\router\index.js:582:12)
    at next (C:\react project\x\the-karan-singh-vaidh\the-karan-singh-vaidh\server\node_modules\router\index.js:291:5)
    at read (C:\react project\x\the-karan-singh-vaidh\the-karan-singh-vaidh\server\node_modules\body-parser\lib\read.js:53:5)

[2026-02-02T18:46:46.695Z] 500 - The CORS policy for this site does not allow access from the specified Origin.
Error: The CORS policy for this site does not allow access from the specified Origin.
    at origin (C:\react project\x\the-karan-singh-vaidh\the-karan-singh-vaidh\server\index.js:40:29)
    at C:\react project\x\the-karan-singh-vaidh\the-karan-singh-vaidh\server\node_modules\cors\lib\index.js:219:13
    at optionsCallback (C:\react project\x\the-karan-singh-vaidh\the-karan-singh-vaidh\server\node_modules\cors\lib\index.js:199:9)
    at corsMiddleware (C:\react project\x\the-karan-singh-vaidh\the-karan-singh-vaidh\server\node_modules\cors\lib\index.js:204:7)
    at Layer.handleRequest (C:\react project\x\the-karan-singh-vaidh\the-karan-singh-vaidh\server\node_modules\router\lib\layer.js:152:17)
    at trimPrefix (C:\react project\x\the-karan-singh-vaidh\the-karan-singh-vaidh\server\node_modules\router\index.js:342:13)
    at C:\react project\x\the-karan-singh-vaidh\the-karan-singh-vaidh\server\node_modules\router\index.js:297:9
    at processParams (C:\react project\x\the-karan-singh-vaidh\the-karan-singh-vaidh\server\node_modules\router\index.js:582:12)
    at next (C:\react project\x\the-karan-singh-vaidh\the-karan-singh-vaidh\server\node_modules\router\index.js:291:5)
    at read (C:\react project\x\the-karan-singh-vaidh\the-karan-singh-vaidh\server\node_modules\body-parser\lib\read.js:53:5)

[2026-02-02T18:46:46.699Z] 500 - The CORS policy for this site does not allow access from the specified Origin.
Error: The CORS policy for this site does not allow access from the specified Origin.
    at origin (C:\react project\x\the-karan-singh-vaidh\the-karan-singh-vaidh\server\index.js:40:29)
    at C:\react project\x\the-karan-singh-vaidh\the-karan-singh-vaidh\server\node_modules\cors\lib\index.js:219:13
    at optionsCallback (C:\react project\x\the-karan-singh-vaidh\the-karan-singh-vaidh\server\node_modules\cors\lib\index.js:199:9)
    at corsMiddleware (C:\react project\x\the-karan-singh-vaidh\the-karan-singh-vaidh\server\node_modules\cors\lib\index.js:204:7)
    at Layer.handleRequest (C:\react project\x\the-karan-singh-vaidh\the-karan-singh-vaidh\server\node_modules\router\lib\layer.js:152:17)
    at trimPrefix (C:\react project\x\the-karan-singh-vaidh\the-karan-singh-vaidh\server\node_modules\router\index.js:342:13)
    at C:\react project\x\the-karan-singh-vaidh\the-karan-singh-vaidh\server\node_modules\router\index.js:297:9
    at processParams (C:\react project\x\the-karan-singh-vaidh\the-karan-singh-vaidh\server\node_modules\router\index.js:582:12)
    at next (C:\react project\x\the-karan-singh-vaidh\the-karan-singh-vaidh\server\node_modules\router\index.js:291:5)
    at read (C:\react project\x\the-karan-singh-vaidh\the-karan-singh-vaidh\server\node_modules\body-parser\lib\read.js:53:5)

[2026-02-02T18:46:46.702Z] 500 - The CORS policy for this site does not allow access from the specified Origin.
Error: The CORS policy for this site does not allow access from the specified Origin.
    at origin (C:\react project\x\the-karan-singh-vaidh\the-karan-singh-vaidh\server\index.js:40:29)
    at C:\react project\x\the-karan-singh-vaidh\the-karan-singh-vaidh\server\node_modules\cors\lib\index.js:219:13
    at optionsCallback (C:\react project\x\the-karan-singh-vaidh\the-karan-singh-vaidh\server\node_modules\cors\lib\index.js:199:9)
    at corsMiddleware (C:\react project\x\the-karan-singh-vaidh\the-karan-singh-vaidh\server\node_modules\cors\lib\index.js:204:7)
    at Layer.handleRequest (C:\react project\x\the-karan-singh-vaidh\the-karan-singh-vaidh\server\node_modules\router\lib\layer.js:152:17)
    at trimPrefix (C:\react project\x\the-karan-singh-vaidh\the-karan-singh-vaidh\server\node_modules\router\index.js:342:13)
    at C:\react project\x\the-karan-singh-vaidh\the-karan-singh-vaidh\server\node_modules\router\index.js:297:9
    at processParams (C:\react project\x\the-karan-singh-vaidh\the-karan-singh-vaidh\server\node_modules\router\index.js:582:12)
    at next (C:\react project\x\the-karan-singh-vaidh\the-karan-singh-vaidh\server\node_modules\router\index.js:291:5)
    at read (C:\react project\x\the-karan-singh-vaidh\the-karan-singh-vaidh\server\node_modules\body-parser\lib\read.js:53:5)

[2026-02-02T18:46:46.704Z] 500 - The CORS policy for this site does not allow access from the specified Origin.
Error: The CORS policy for this site does not allow access from the specified Origin.
    at origin (C:\react project\x\the-karan-singh-vaidh\the-karan-singh-vaidh\server\index.js:40:29)
    at C:\react project\x\the-karan-singh-vaidh\the-karan-singh-vaidh\server\node_modules\cors\lib\index.js:219:13
    at optionsCallback (C:\react project\x\the-karan-singh-vaidh\the-karan-singh-vaidh\server\node_modules\cors\lib\index.js:199:9)
    at corsMiddleware (C:\react project\x\the-karan-singh-vaidh\the-karan-singh-vaidh\server\node_modules\cors\lib\index.js:204:7)
    at Layer.handleRequest (C:\react project\x\the-karan-singh-vaidh\the-karan-singh-vaidh\server\node_modules\router\lib\layer.js:152:17)
    at trimPrefix (C:\react project\x\the-karan-singh-vaidh\the-karan-singh-vaidh\server\node_modules\router\index.js:342:13)
    at C:\react project\x\the-karan-singh-vaidh\the-karan-singh-vaidh\server\node_modules\router\index.js:297:9
    at processParams (C:\react project\x\the-karan-singh-vaidh\the-karan-singh-vaidh\server\node_modules\router\index.js:582:12)
    at next (C:\react project\x\the-karan-singh-vaidh\the-karan-singh-vaidh\server\node_modules\router\index.js:291:5)
    at read (C:\react project\x\the-karan-singh-vaidh\the-karan-singh-vaidh\server\node_modules\body-parser\lib\read.js:53:5)

[2026-02-02T18:46:46.707Z] 500 - The CORS policy for this site does not allow access from the specified Origin.
Error: The CORS policy for this site does not allow access from the specified Origin.
    at origin (C:\react project\x\the-karan-singh-vaidh\the-karan-singh-vaidh\server\index.js:40:29)
    at C:\react project\x\the-karan-singh-vaidh\the-karan-singh-vaidh\server\node_modules\cors\lib\index.js:219:13
    at optionsCallback (C:\react project\x\the-karan-singh-vaidh\the-karan-singh-vaidh\server\node_modules\cors\lib\index.js:199:9)
    at corsMiddleware (C:\react project\x\the-karan-singh-vaidh\the-karan-singh-vaidh\server\node_modules\cors\lib\index.js:204:7)
    at Layer.handleRequest (C:\react project\x\the-karan-singh-vaidh\the-karan-singh-vaidh\server\node_modules\router\lib\layer.js:152:17)
    at trimPrefix (C:\react project\x\the-karan-singh-vaidh\the-karan-singh-vaidh\server\node_modules\router\index.js:342:13)
    at C:\react project\x\the-karan-singh-vaidh\the-karan-singh-vaidh\server\node_modules\router\index.js:297:9
    at processParams (C:\react project\x\the-karan-singh-vaidh\the-karan-singh-vaidh\server\node_modules\router\index.js:582:12)
    at next (C:\react project\x\the-karan-singh-vaidh\the-karan-singh-vaidh\server\node_modules\router\index.js:291:5)
    at read (C:\react project\x\the-karan-singh-vaidh\the-karan-singh-vaidh\server\node_modules\body-parser\lib\read.js:53:5)

[2026-02-02T18:46:47.256Z] 500 - The CORS policy for this site does not allow access from the specified Origin.
Error: The CORS policy for this site does not allow access from the specified Origin.
    at origin (C:\react project\x\the-karan-singh-vaidh\the-karan-singh-vaidh\server\index.js:40:29)
    at C:\react project\x\the-karan-singh-vaidh\the-karan-singh-vaidh\server\node_modules\cors\lib\index.js:219:13
    at optionsCallback (C:\react project\x\the-karan-singh-vaidh\the-karan-singh-vaidh\server\node_modules\cors\lib\index.js:199:9)
    at corsMiddleware (C:\react project\x\the-karan-singh-vaidh\the-karan-singh-vaidh\server\node_modules\cors\lib\index.js:204:7)
    at Layer.handleRequest (C:\react project\x\the-karan-singh-vaidh\the-karan-singh-vaidh\server\node_modules\router\lib\layer.js:152:17)
    at trimPrefix (C:\react project\x\the-karan-singh-vaidh\the-karan-singh-vaidh\server\node_modules\router\index.js:342:13)
    at C:\react project\x\the-karan-singh-vaidh\the-karan-singh-vaidh\server\node_modules\router\index.js:297:9
    at processParams (C:\react project\x\the-karan-singh-vaidh\the-karan-singh-vaidh\server\node_modules\router\index.js:582:12)
    at next (C:\react project\x\the-karan-singh-vaidh\the-karan-singh-vaidh\server\node_modules\router\index.js:291:5)
    at read (C:\react project\x\the-karan-singh-vaidh\the-karan-singh-vaidh\server\node_modules\body-parser\lib\read.js:53:5)

[2026-02-02T18:46:47.258Z] 500 - The CORS policy for this site does not allow access from the specified Origin.
Error: The CORS policy for this site does not allow access from the specified Origin.
    at origin (C:\react project\x\the-karan-singh-vaidh\the-karan-singh-vaidh\server\index.js:40:29)
    at C:\react project\x\the-karan-singh-vaidh\the-karan-singh-vaidh\server\node_modules\cors\lib\index.js:219:13
    at optionsCallback (C:\react project\x\the-karan-singh-vaidh\the-karan-singh-vaidh\server\node_modules\cors\lib\index.js:199:9)
    at corsMiddleware (C:\react project\x\the-karan-singh-vaidh\the-karan-singh-vaidh\server\node_modules\cors\lib\index.js:204:7)
    at Layer.handleRequest (C:\react project\x\the-karan-singh-vaidh\the-karan-singh-vaidh\server\node_modules\router\lib\layer.js:152:17)
    at trimPrefix (C:\react project\x\the-karan-singh-vaidh\the-karan-singh-vaidh\server\node_modules\router\index.js:342:13)
    at C:\react project\x\the-karan-singh-vaidh\the-karan-singh-vaidh\server\node_modules\router\index.js:297:9
    at processParams (C:\react project\x\the-karan-singh-vaidh\the-karan-singh-vaidh\server\node_modules\router\index.js:582:12)
    at next (C:\react project\x\the-karan-singh-vaidh\the-karan-singh-vaidh\server\node_modules\router\index.js:291:5)
    at read (C:\react project\x\the-karan-singh-vaidh\the-karan-singh-vaidh\server\node_modules\body-parser\lib\read.js:53:5)

[2026-02-02T18:46:47.262Z] 500 - The CORS policy for this site does not allow access from the specified Origin.
Error: The CORS policy for this site does not allow access from the specified Origin.
    at origin (C:\react project\x\the-karan-singh-vaidh\the-karan-singh-vaidh\server\index.js:40:29)
    at C:\react project\x\the-karan-singh-vaidh\the-karan-singh-vaidh\server\node_modules\cors\lib\index.js:219:13
    at optionsCallback (C:\react project\x\the-karan-singh-vaidh\the-karan-singh-vaidh\server\node_modules\cors\lib\index.js:199:9)
    at corsMiddleware (C:\react project\x\the-karan-singh-vaidh\the-karan-singh-vaidh\server\node_modules\cors\lib\index.js:204:7)
    at Layer.handleRequest (C:\react project\x\the-karan-singh-vaidh\the-karan-singh-vaidh\server\node_modules\router\lib\layer.js:152:17)
    at trimPrefix (C:\react project\x\the-karan-singh-vaidh\the-karan-singh-vaidh\server\node_modules\router\index.js:342:13)
    at C:\react project\x\the-karan-singh-vaidh\the-karan-singh-vaidh\server\node_modules\router\index.js:297:9
    at processParams (C:\react project\x\the-karan-singh-vaidh\the-karan-singh-vaidh\server\node_modules\router\index.js:582:12)
    at next (C:\react project\x\the-karan-singh-vaidh\the-karan-singh-vaidh\server\node_modules\router\index.js:291:5)
    at read (C:\react project\x\the-karan-singh-vaidh\the-karan-singh-vaidh\server\node_modules\body-parser\lib\read.js:53:5)

[2026-02-02T18:46:47.264Z] 500 - The CORS policy for this site does not allow access from the specified Origin.
Error: The CORS policy for this site does not allow access from the specified Origin.
    at origin (C:\react project\x\the-karan-singh-vaidh\the-karan-singh-vaidh\server\index.js:40:29)
    at C:\react project\x\the-karan-singh-vaidh\the-karan-singh-vaidh\server\node_modules\cors\lib\index.js:219:13
    at optionsCallback (C:\react project\x\the-karan-singh-vaidh\the-karan-singh-vaidh\server\node_modules\cors\lib\index.js:199:9)
    at corsMiddleware (C:\react project\x\the-karan-singh-vaidh\the-karan-singh-vaidh\server\node_modules\cors\lib\index.js:204:7)
    at Layer.handleRequest (C:\react project\x\the-karan-singh-vaidh\the-karan-singh-vaidh\server\node_modules\router\lib\layer.js:152:17)
    at trimPrefix (C:\react project\x\the-karan-singh-vaidh\the-karan-singh-vaidh\server\node_modules\router\index.js:342:13)
    at C:\react project\x\the-karan-singh-vaidh\the-karan-singh-vaidh\server\node_modules\router\index.js:297:9
    at processParams (C:\react project\x\the-karan-singh-vaidh\the-karan-singh-vaidh\server\node_modules\router\index.js:582:12)
    at next (C:\react project\x\the-karan-singh-vaidh\the-karan-singh-vaidh\server\node_modules\router\index.js:291:5)
    at read (C:\react project\x\the-karan-singh-vaidh\the-karan-singh-vaidh\server\node_modules\body-parser\lib\read.js:53:5)

[2026-02-02T18:46:47.268Z] 500 - The CORS policy for this site does not allow access from the specified Origin.
Error: The CORS policy for this site does not allow access from the specified Origin.
    at origin (C:\react project\x\the-karan-singh-vaidh\the-karan-singh-vaidh\server\index.js:40:29)
    at C:\react project\x\the-karan-singh-vaidh\the-karan-singh-vaidh\server\node_modules\cors\lib\index.js:219:13
    at optionsCallback (C:\react project\x\the-karan-singh-vaidh\the-karan-singh-vaidh\server\node_modules\cors\lib\index.js:199:9)
    at corsMiddleware (C:\react project\x\the-karan-singh-vaidh\the-karan-singh-vaidh\server\node_modules\cors\lib\index.js:204:7)
    at Layer.handleRequest (C:\react project\x\the-karan-singh-vaidh\the-karan-singh-vaidh\server\node_modules\router\lib\layer.js:152:17)
    at trimPrefix (C:\react project\x\the-karan-singh-vaidh\the-karan-singh-vaidh\server\node_modules\router\index.js:342:13)
    at C:\react project\x\the-karan-singh-vaidh\the-karan-singh-vaidh\server\node_modules\router\index.js:297:9
    at processParams (C:\react project\x\the-karan-singh-vaidh\the-karan-singh-vaidh\server\node_modules\router\index.js:582:12)
    at next (C:\react project\x\the-karan-singh-vaidh\the-karan-singh-vaidh\server\node_modules\router\index.js:291:5)
    at read (C:\react project\x\the-karan-singh-vaidh\the-karan-singh-vaidh\server\node_modules\body-parser\lib\read.js:53:5)

[2026-02-02T18:46:47.271Z] 500 - The CORS policy for this site does not allow access from the specified Origin.
Error: The CORS policy for this site does not allow access from the specified Origin.
    at origin (C:\react project\x\the-karan-singh-vaidh\the-karan-singh-vaidh\server\index.js:40:29)
    at C:\react project\x\the-karan-singh-vaidh\the-karan-singh-vaidh\server\node_modules\cors\lib\index.js:219:13
    at optionsCallback (C:\react project\x\the-karan-singh-vaidh\the-karan-singh-vaidh\server\node_modules\cors\lib\index.js:199:9)
    at corsMiddleware (C:\react project\x\the-karan-singh-vaidh\the-karan-singh-vaidh\server\node_modules\cors\lib\index.js:204:7)
    at Layer.handleRequest (C:\react project\x\the-karan-singh-vaidh\the-karan-singh-vaidh\server\node_modules\router\lib\layer.js:152:17)
    at trimPrefix (C:\react project\x\the-karan-singh-vaidh\the-karan-singh-vaidh\server\node_modules\router\index.js:342:13)
    at C:\react project\x\the-karan-singh-vaidh\the-karan-singh-vaidh\server\node_modules\router\index.js:297:9
    at processParams (C:\react project\x\the-karan-singh-vaidh\the-karan-singh-vaidh\server\node_modules\router\index.js:582:12)
    at next (C:\react project\x\the-karan-singh-vaidh\the-karan-singh-vaidh\server\node_modules\router\index.js:291:5)
    at read (C:\react project\x\the-karan-singh-vaidh\the-karan-singh-vaidh\server\node_modules\body-parser\lib\read.js:53:5)

[2026-02-02T18:46:47.435Z] 500 - The CORS policy for this site does not allow access from the specified Origin.
Error: The CORS policy for this site does not allow access from the specified Origin.
    at origin (C:\react project\x\the-karan-singh-vaidh\the-karan-singh-vaidh\server\index.js:40:29)
    at C:\react project\x\the-karan-singh-vaidh\the-karan-singh-vaidh\server\node_modules\cors\lib\index.js:219:13
    at optionsCallback (C:\react project\x\the-karan-singh-vaidh\the-karan-singh-vaidh\server\node_modules\cors\lib\index.js:199:9)
    at corsMiddleware (C:\react project\x\the-karan-singh-vaidh\the-karan-singh-vaidh\server\node_modules\cors\lib\index.js:204:7)
    at Layer.handleRequest (C:\react project\x\the-karan-singh-vaidh\the-karan-singh-vaidh\server\node_modules\router\lib\layer.js:152:17)
    at trimPrefix (C:\react project\x\the-karan-singh-vaidh\the-karan-singh-vaidh\server\node_modules\router\index.js:342:13)
    at C:\react project\x\the-karan-singh-vaidh\the-karan-singh-vaidh\server\node_modules\router\index.js:297:9
    at processParams (C:\react project\x\the-karan-singh-vaidh\the-karan-singh-vaidh\server\node_modules\router\index.js:582:12)
    at next (C:\react project\x\the-karan-singh-vaidh\the-karan-singh-vaidh\server\node_modules\router\index.js:291:5)
    at read (C:\react project\x\the-karan-singh-vaidh\the-karan-singh-vaidh\server\node_modules\body-parser\lib\read.js:53:5)

[2026-02-02T18:46:47.438Z] 500 - The CORS policy for this site does not allow access from the specified Origin.
Error: The CORS policy for this site does not allow access from the specified Origin.
    at origin (C:\react project\x\the-karan-singh-vaidh\the-karan-singh-vaidh\server\index.js:40:29)
    at C:\react project\x\the-karan-singh-vaidh\the-karan-singh-vaidh\server\node_modules\cors\lib\index.js:219:13
    at optionsCallback (C:\react project\x\the-karan-singh-vaidh\the-karan-singh-vaidh\server\node_modules\cors\lib\index.js:199:9)
    at corsMiddleware (C:\react project\x\the-karan-singh-vaidh\the-karan-singh-vaidh\server\node_modules\cors\lib\index.js:204:7)
    at Layer.handleRequest (C:\react project\x\the-karan-singh-vaidh\the-karan-singh-vaidh\server\node_modules\router\lib\layer.js:152:17)
    at trimPrefix (C:\react project\x\the-karan-singh-vaidh\the-karan-singh-vaidh\server\node_modules\router\index.js:342:13)
    at C:\react project\x\the-karan-singh-vaidh\the-karan-singh-vaidh\server\node_modules\router\index.js:297:9
    at processParams (C:\react project\x\the-karan-singh-vaidh\the-karan-singh-vaidh\server\node_modules\router\index.js:582:12)
    at next (C:\react project\x\the-karan-singh-vaidh\the-karan-singh-vaidh\server\node_modules\router\index.js:291:5)
    at read (C:\react project\x\the-karan-singh-vaidh\the-karan-singh-vaidh\server\node_modules\body-parser\lib\read.js:53:5)

[2026-02-02T18:46:47.442Z] 500 - The CORS policy for this site does not allow access from the specified Origin.
Error: The CORS policy for this site does not allow access from the specified Origin.
    at origin (C:\react project\x\the-karan-singh-vaidh\the-karan-singh-vaidh\server\index.js:40:29)
    at C:\react project\x\the-karan-singh-vaidh\the-karan-singh-vaidh\server\node_modules\cors\lib\index.js:219:13
    at optionsCallback (C:\react project\x\the-karan-singh-vaidh\the-karan-singh-vaidh\server\node_modules\cors\lib\index.js:199:9)
    at corsMiddleware (C:\react project\x\the-karan-singh-vaidh\the-karan-singh-vaidh\server\node_modules\cors\lib\index.js:204:7)
    at Layer.handleRequest (C:\react project\x\the-karan-singh-vaidh\the-karan-singh-vaidh\server\node_modules\router\lib\layer.js:152:17)
    at trimPrefix (C:\react project\x\the-karan-singh-vaidh\the-karan-singh-vaidh\server\node_modules\router\index.js:342:13)
    at C:\react project\x\the-karan-singh-vaidh\the-karan-singh-vaidh\server\node_modules\router\index.js:297:9
    at processParams (C:\react project\x\the-karan-singh-vaidh\the-karan-singh-vaidh\server\node_modules\router\index.js:582:12)
    at next (C:\react project\x\the-karan-singh-vaidh\the-karan-singh-vaidh\server\node_modules\router\index.js:291:5)
    at read (C:\react project\x\the-karan-singh-vaidh\the-karan-singh-vaidh\server\node_modules\body-parser\lib\read.js:53:5)

[2026-02-02T18:46:47.444Z] 500 - The CORS policy for this site does not allow access from the specified Origin.
Error: The CORS policy for this site does not allow access from the specified Origin.
    at origin (C:\react project\x\the-karan-singh-vaidh\the-karan-singh-vaidh\server\index.js:40:29)
    at C:\react project\x\the-karan-singh-vaidh\the-karan-singh-vaidh\server\node_modules\cors\lib\index.js:219:13
    at optionsCallback (C:\react project\x\the-karan-singh-vaidh\the-karan-singh-vaidh\server\node_modules\cors\lib\index.js:199:9)
    at corsMiddleware (C:\react project\x\the-karan-singh-vaidh\the-karan-singh-vaidh\server\node_modules\cors\lib\index.js:204:7)
    at Layer.handleRequest (C:\react project\x\the-karan-singh-vaidh\the-karan-singh-vaidh\server\node_modules\router\lib\layer.js:152:17)
    at trimPrefix (C:\react project\x\the-karan-singh-vaidh\the-karan-singh-vaidh\server\node_modules\router\index.js:342:13)
    at C:\react project\x\the-karan-singh-vaidh\the-karan-singh-vaidh\server\node_modules\router\index.js:297:9
    at processParams (C:\react project\x\the-karan-singh-vaidh\the-karan-singh-vaidh\server\node_modules\router\index.js:582:12)
    at next (C:\react project\x\the-karan-singh-vaidh\the-karan-singh-vaidh\server\node_modules\router\index.js:291:5)
    at read (C:\react project\x\the-karan-singh-vaidh\the-karan-singh-vaidh\server\node_modules\body-parser\lib\read.js:53:5)

[2026-02-02T18:46:47.447Z] 500 - The CORS policy for this site does not allow access from the specified Origin.
Error: The CORS policy for this site does not allow access from the specified Origin.
    at origin (C:\react project\x\the-karan-singh-vaidh\the-karan-singh-vaidh\server\index.js:40:29)
    at C:\react project\x\the-karan-singh-vaidh\the-karan-singh-vaidh\server\node_modules\cors\lib\index.js:219:13
    at optionsCallback (C:\react project\x\the-karan-singh-vaidh\the-karan-singh-vaidh\server\node_modules\cors\lib\index.js:199:9)
    at corsMiddleware (C:\react project\x\the-karan-singh-vaidh\the-karan-singh-vaidh\server\node_modules\cors\lib\index.js:204:7)
    at Layer.handleRequest (C:\react project\x\the-karan-singh-vaidh\the-karan-singh-vaidh\server\node_modules\router\lib\layer.js:152:17)
    at trimPrefix (C:\react project\x\the-karan-singh-vaidh\the-karan-singh-vaidh\server\node_modules\router\index.js:342:13)
    at C:\react project\x\the-karan-singh-vaidh\the-karan-singh-vaidh\server\node_modules\router\index.js:297:9
    at processParams (C:\react project\x\the-karan-singh-vaidh\the-karan-singh-vaidh\server\node_modules\router\index.js:582:12)
    at next (C:\react project\x\the-karan-singh-vaidh\the-karan-singh-vaidh\server\node_modules\router\index.js:291:5)
    at read (C:\react project\x\the-karan-singh-vaidh\the-karan-singh-vaidh\server\node_modules\body-parser\lib\read.js:53:5)

[2026-02-02T18:46:47.451Z] 500 - The CORS policy for this site does not allow access from the specified Origin.
Error: The CORS policy for this site does not allow access from the specified Origin.
    at origin (C:\react project\x\the-karan-singh-vaidh\the-karan-singh-vaidh\server\index.js:40:29)
    at C:\react project\x\the-karan-singh-vaidh\the-karan-singh-vaidh\server\node_modules\cors\lib\index.js:219:13
    at optionsCallback (C:\react project\x\the-karan-singh-vaidh\the-karan-singh-vaidh\server\node_modules\cors\lib\index.js:199:9)
    at corsMiddleware (C:\react project\x\the-karan-singh-vaidh\the-karan-singh-vaidh\server\node_modules\cors\lib\index.js:204:7)
    at Layer.handleRequest (C:\react project\x\the-karan-singh-vaidh\the-karan-singh-vaidh\server\node_modules\router\lib\layer.js:152:17)
    at trimPrefix (C:\react project\x\the-karan-singh-vaidh\the-karan-singh-vaidh\server\node_modules\router\index.js:342:13)
    at C:\react project\x\the-karan-singh-vaidh\the-karan-singh-vaidh\server\node_modules\router\index.js:297:9
    at processParams (C:\react project\x\the-karan-singh-vaidh\the-karan-singh-vaidh\server\node_modules\router\index.js:582:12)
    at next (C:\react project\x\the-karan-singh-vaidh\the-karan-singh-vaidh\server\node_modules\router\index.js:291:5)
    at read (C:\react project\x\the-karan-singh-vaidh\the-karan-singh-vaidh\server\node_modules\body-parser\lib\read.js:53:5)

[2026-02-02T18:46:47.604Z] 500 - The CORS policy for this site does not allow access from the specified Origin.
Error: The CORS policy for this site does not allow access from the specified Origin.
    at origin (C:\react project\x\the-karan-singh-vaidh\the-karan-singh-vaidh\server\index.js:40:29)
    at C:\react project\x\the-karan-singh-vaidh\the-karan-singh-vaidh\server\node_modules\cors\lib\index.js:219:13
    at optionsCallback (C:\react project\x\the-karan-singh-vaidh\the-karan-singh-vaidh\server\node_modules\cors\lib\index.js:199:9)
    at corsMiddleware (C:\react project\x\the-karan-singh-vaidh\the-karan-singh-vaidh\server\node_modules\cors\lib\index.js:204:7)
    at Layer.handleRequest (C:\react project\x\the-karan-singh-vaidh\the-karan-singh-vaidh\server\node_modules\router\lib\layer.js:152:17)
    at trimPrefix (C:\react project\x\the-karan-singh-vaidh\the-karan-singh-vaidh\server\node_modules\router\index.js:342:13)
    at C:\react project\x\the-karan-singh-vaidh\the-karan-singh-vaidh\server\node_modules\router\index.js:297:9
    at processParams (C:\react project\x\the-karan-singh-vaidh\the-karan-singh-vaidh\server\node_modules\router\index.js:582:12)
    at next (C:\react project\x\the-karan-singh-vaidh\the-karan-singh-vaidh\server\node_modules\router\index.js:291:5)
    at read (C:\react project\x\the-karan-singh-vaidh\the-karan-singh-vaidh\server\node_modules\body-parser\lib\read.js:53:5)

[2026-02-02T18:46:47.608Z] 500 - The CORS policy for this site does not allow access from the specified Origin.
Error: The CORS policy for this site does not allow access from the specified Origin.
    at origin (C:\react project\x\the-karan-singh-vaidh\the-karan-singh-vaidh\server\index.js:40:29)
    at C:\react project\x\the-karan-singh-vaidh\the-karan-singh-vaidh\server\node_modules\cors\lib\index.js:219:13
    at optionsCallback (C:\react project\x\the-karan-singh-vaidh\the-karan-singh-vaidh\server\node_modules\cors\lib\index.js:199:9)
    at corsMiddleware (C:\react project\x\the-karan-singh-vaidh\the-karan-singh-vaidh\server\node_modules\cors\lib\index.js:204:7)
    at Layer.handleRequest (C:\react project\x\the-karan-singh-vaidh\the-karan-singh-vaidh\server\node_modules\router\lib\layer.js:152:17)
    at trimPrefix (C:\react project\x\the-karan-singh-vaidh\the-karan-singh-vaidh\server\node_modules\router\index.js:342:13)
    at C:\react project\x\the-karan-singh-vaidh\the-karan-singh-vaidh\server\node_modules\router\index.js:297:9
    at processParams (C:\react project\x\the-karan-singh-vaidh\the-karan-singh-vaidh\server\node_modules\router\index.js:582:12)
    at next (C:\react project\x\the-karan-singh-vaidh\the-karan-singh-vaidh\server\node_modules\router\index.js:291:5)
    at read (C:\react project\x\the-karan-singh-vaidh\the-karan-singh-vaidh\server\node_modules\body-parser\lib\read.js:53:5)

[2026-02-02T18:46:47.610Z] 500 - The CORS policy for this site does not allow access from the specified Origin.
Error: The CORS policy for this site does not allow access from the specified Origin.
    at origin (C:\react project\x\the-karan-singh-vaidh\the-karan-singh-vaidh\server\index.js:40:29)
    at C:\react project\x\the-karan-singh-vaidh\the-karan-singh-vaidh\server\node_modules\cors\lib\index.js:219:13
    at optionsCallback (C:\react project\x\the-karan-singh-vaidh\the-karan-singh-vaidh\server\node_modules\cors\lib\index.js:199:9)
    at corsMiddleware (C:\react project\x\the-karan-singh-vaidh\the-karan-singh-vaidh\server\node_modules\cors\lib\index.js:204:7)
    at Layer.handleRequest (C:\react project\x\the-karan-singh-vaidh\the-karan-singh-vaidh\server\node_modules\router\lib\layer.js:152:17)
    at trimPrefix (C:\react project\x\the-karan-singh-vaidh\the-karan-singh-vaidh\server\node_modules\router\index.js:342:13)
    at C:\react project\x\the-karan-singh-vaidh\the-karan-singh-vaidh\server\node_modules\router\index.js:297:9
    at processParams (C:\react project\x\the-karan-singh-vaidh\the-karan-singh-vaidh\server\node_modules\router\index.js:582:12)
    at next (C:\react project\x\the-karan-singh-vaidh\the-karan-singh-vaidh\server\node_modules\router\index.js:291:5)
    at read (C:\react project\x\the-karan-singh-vaidh\the-karan-singh-vaidh\server\node_modules\body-parser\lib\read.js:53:5)

[2026-02-02T18:46:47.612Z] 500 - The CORS policy for this site does not allow access from the specified Origin.
Error: The CORS policy for this site does not allow access from the specified Origin.
    at origin (C:\react project\x\the-karan-singh-vaidh\the-karan-singh-vaidh\server\index.js:40:29)
    at C:\react project\x\the-karan-singh-vaidh\the-karan-singh-vaidh\server\node_modules\cors\lib\index.js:219:13
    at optionsCallback (C:\react project\x\the-karan-singh-vaidh\the-karan-singh-vaidh\server\node_modules\cors\lib\index.js:199:9)
    at corsMiddleware (C:\react project\x\the-karan-singh-vaidh\the-karan-singh-vaidh\server\node_modules\cors\lib\index.js:204:7)
    at Layer.handleRequest (C:\react project\x\the-karan-singh-vaidh\the-karan-singh-vaidh\server\node_modules\router\lib\layer.js:152:17)
    at trimPrefix (C:\react project\x\the-karan-singh-vaidh\the-karan-singh-vaidh\server\node_modules\router\index.js:342:13)
    at C:\react project\x\the-karan-singh-vaidh\the-karan-singh-vaidh\server\node_modules\router\index.js:297:9
    at processParams (C:\react project\x\the-karan-singh-vaidh\the-karan-singh-vaidh\server\node_modules\router\index.js:582:12)
    at next (C:\react project\x\the-karan-singh-vaidh\the-karan-singh-vaidh\server\node_modules\router\index.js:291:5)
    at read (C:\react project\x\the-karan-singh-vaidh\the-karan-singh-vaidh\server\node_modules\body-parser\lib\read.js:53:5)

[2026-02-02T18:46:47.615Z] 500 - The CORS policy for this site does not allow access from the specified Origin.
Error: The CORS policy for this site does not allow access from the specified Origin.
    at origin (C:\react project\x\the-karan-singh-vaidh\the-karan-singh-vaidh\server\index.js:40:29)
    at C:\react project\x\the-karan-singh-vaidh\the-karan-singh-vaidh\server\node_modules\cors\lib\index.js:219:13
    at optionsCallback (C:\react project\x\the-karan-singh-vaidh\the-karan-singh-vaidh\server\node_modules\cors\lib\index.js:199:9)
    at corsMiddleware (C:\react project\x\the-karan-singh-vaidh\the-karan-singh-vaidh\server\node_modules\cors\lib\index.js:204:7)
    at Layer.handleRequest (C:\react project\x\the-karan-singh-vaidh\the-karan-singh-vaidh\server\node_modules\router\lib\layer.js:152:17)
    at trimPrefix (C:\react project\x\the-karan-singh-vaidh\the-karan-singh-vaidh\server\node_modules\router\index.js:342:13)
    at C:\react project\x\the-karan-singh-vaidh\the-karan-singh-vaidh\server\node_modules\router\index.js:297:9
    at processParams (C:\react project\x\the-karan-singh-vaidh\the-karan-singh-vaidh\server\node_modules\router\index.js:582:12)
    at next (C:\react project\x\the-karan-singh-vaidh\the-karan-singh-vaidh\server\node_modules\router\index.js:291:5)
    at read (C:\react project\x\the-karan-singh-vaidh\the-karan-singh-vaidh\server\node_modules\body-parser\lib\read.js:53:5)

[2026-02-02T18:46:47.618Z] 500 - The CORS policy for this site does not allow access from the specified Origin.
Error: The CORS policy for this site does not allow access from the specified Origin.
    at origin (C:\react project\x\the-karan-singh-vaidh\the-karan-singh-vaidh\server\index.js:40:29)
    at C:\react project\x\the-karan-singh-vaidh\the-karan-singh-vaidh\server\node_modules\cors\lib\index.js:219:13
    at optionsCallback (C:\react project\x\the-karan-singh-vaidh\the-karan-singh-vaidh\server\node_modules\cors\lib\index.js:199:9)
    at corsMiddleware (C:\react project\x\the-karan-singh-vaidh\the-karan-singh-vaidh\server\node_modules\cors\lib\index.js:204:7)
    at Layer.handleRequest (C:\react project\x\the-karan-singh-vaidh\the-karan-singh-vaidh\server\node_modules\router\lib\layer.js:152:17)
    at trimPrefix (C:\react project\x\the-karan-singh-vaidh\the-karan-singh-vaidh\server\node_modules\router\index.js:342:13)
    at C:\react project\x\the-karan-singh-vaidh\the-karan-singh-vaidh\server\node_modules\router\index.js:297:9
    at processParams (C:\react project\x\the-karan-singh-vaidh\the-karan-singh-vaidh\server\node_modules\router\index.js:582:12)
    at next (C:\react project\x\the-karan-singh-vaidh\the-karan-singh-vaidh\server\node_modules\router\index.js:291:5)
    at read (C:\react project\x\the-karan-singh-vaidh\the-karan-singh-vaidh\server\node_modules\body-parser\lib\read.js:53:5)

[2026-02-02T18:46:49.318Z] 500 - The CORS policy for this site does not allow access from the specified Origin.
Error: The CORS policy for this site does not allow access from the specified Origin.
    at origin (C:\react project\x\the-karan-singh-vaidh\the-karan-singh-vaidh\server\index.js:40:29)
    at C:\react project\x\the-karan-singh-vaidh\the-karan-singh-vaidh\server\node_modules\cors\lib\index.js:219:13
    at optionsCallback (C:\react project\x\the-karan-singh-vaidh\the-karan-singh-vaidh\server\node_modules\cors\lib\index.js:199:9)
    at corsMiddleware (C:\react project\x\the-karan-singh-vaidh\the-karan-singh-vaidh\server\node_modules\cors\lib\index.js:204:7)
    at Layer.handleRequest (C:\react project\x\the-karan-singh-vaidh\the-karan-singh-vaidh\server\node_modules\router\lib\layer.js:152:17)
    at trimPrefix (C:\react project\x\the-karan-singh-vaidh\the-karan-singh-vaidh\server\node_modules\router\index.js:342:13)
    at C:\react project\x\the-karan-singh-vaidh\the-karan-singh-vaidh\server\node_modules\router\index.js:297:9
    at processParams (C:\react project\x\the-karan-singh-vaidh\the-karan-singh-vaidh\server\node_modules\router\index.js:582:12)
    at next (C:\react project\x\the-karan-singh-vaidh\the-karan-singh-vaidh\server\node_modules\router\index.js:291:5)
    at read (C:\react project\x\the-karan-singh-vaidh\the-karan-singh-vaidh\server\node_modules\body-parser\lib\read.js:53:5)

[2026-02-02T18:46:49.320Z] 500 - The CORS policy for this site does not allow access from the specified Origin.
Error: The CORS policy for this site does not allow access from the specified Origin.
    at origin (C:\react project\x\the-karan-singh-vaidh\the-karan-singh-vaidh\server\index.js:40:29)
    at C:\react project\x\the-karan-singh-vaidh\the-karan-singh-vaidh\server\node_modules\cors\lib\index.js:219:13
    at optionsCallback (C:\react project\x\the-karan-singh-vaidh\the-karan-singh-vaidh\server\node_modules\cors\lib\index.js:199:9)
    at corsMiddleware (C:\react project\x\the-karan-singh-vaidh\the-karan-singh-vaidh\server\node_modules\cors\lib\index.js:204:7)
    at Layer.handleRequest (C:\react project\x\the-karan-singh-vaidh\the-karan-singh-vaidh\server\node_modules\router\lib\layer.js:152:17)
    at trimPrefix (C:\react project\x\the-karan-singh-vaidh\the-karan-singh-vaidh\server\node_modules\router\index.js:342:13)
    at C:\react project\x\the-karan-singh-vaidh\the-karan-singh-vaidh\server\node_modules\router\index.js:297:9
    at processParams (C:\react project\x\the-karan-singh-vaidh\the-karan-singh-vaidh\server\node_modules\router\index.js:582:12)
    at next (C:\react project\x\the-karan-singh-vaidh\the-karan-singh-vaidh\server\node_modules\router\index.js:291:5)
    at read (C:\react project\x\the-karan-singh-vaidh\the-karan-singh-vaidh\server\node_modules\body-parser\lib\read.js:53:5)

[2026-02-02T18:46:49.325Z] 500 - The CORS policy for this site does not allow access from the specified Origin.
Error: The CORS policy for this site does not allow access from the specified Origin.
    at origin (C:\react project\x\the-karan-singh-vaidh\the-karan-singh-vaidh\server\index.js:40:29)
    at C:\react project\x\the-karan-singh-vaidh\the-karan-singh-vaidh\server\node_modules\cors\lib\index.js:219:13
    at optionsCallback (C:\react project\x\the-karan-singh-vaidh\the-karan-singh-vaidh\server\node_modules\cors\lib\index.js:199:9)
    at corsMiddleware (C:\react project\x\the-karan-singh-vaidh\the-karan-singh-vaidh\server\node_modules\cors\lib\index.js:204:7)
    at Layer.handleRequest (C:\react project\x\the-karan-singh-vaidh\the-karan-singh-vaidh\server\node_modules\router\lib\layer.js:152:17)
    at trimPrefix (C:\react project\x\the-karan-singh-vaidh\the-karan-singh-vaidh\server\node_modules\router\index.js:342:13)
    at C:\react project\x\the-karan-singh-vaidh\the-karan-singh-vaidh\server\node_modules\router\index.js:297:9
    at processParams (C:\react project\x\the-karan-singh-vaidh\the-karan-singh-vaidh\server\node_modules\router\index.js:582:12)
    at next (C:\react project\x\the-karan-singh-vaidh\the-karan-singh-vaidh\server\node_modules\router\index.js:291:5)
    at read (C:\react project\x\the-karan-singh-vaidh\the-karan-singh-vaidh\server\node_modules\body-parser\lib\read.js:53:5)

[2026-02-02T18:46:49.327Z] 500 - The CORS policy for this site does not allow access from the specified Origin.
Error: The CORS policy for this site does not allow access from the specified Origin.
    at origin (C:\react project\x\the-karan-singh-vaidh\the-karan-singh-vaidh\server\index.js:40:29)
    at C:\react project\x\the-karan-singh-vaidh\the-karan-singh-vaidh\server\node_modules\cors\lib\index.js:219:13
    at optionsCallback (C:\react project\x\the-karan-singh-vaidh\the-karan-singh-vaidh\server\node_modules\cors\lib\index.js:199:9)
    at corsMiddleware (C:\react project\x\the-karan-singh-vaidh\the-karan-singh-vaidh\server\node_modules\cors\lib\index.js:204:7)
    at Layer.handleRequest (C:\react project\x\the-karan-singh-vaidh\the-karan-singh-vaidh\server\node_modules\router\lib\layer.js:152:17)
    at trimPrefix (C:\react project\x\the-karan-singh-vaidh\the-karan-singh-vaidh\server\node_modules\router\index.js:342:13)
    at C:\react project\x\the-karan-singh-vaidh\the-karan-singh-vaidh\server\node_modules\router\index.js:297:9
    at processParams (C:\react project\x\the-karan-singh-vaidh\the-karan-singh-vaidh\server\node_modules\router\index.js:582:12)
    at next (C:\react project\x\the-karan-singh-vaidh\the-karan-singh-vaidh\server\node_modules\router\index.js:291:5)
    at read (C:\react project\x\the-karan-singh-vaidh\the-karan-singh-vaidh\server\node_modules\body-parser\lib\read.js:53:5)

[2026-02-02T18:46:49.332Z] 500 - The CORS policy for this site does not allow access from the specified Origin.
Error: The CORS policy for this site does not allow access from the specified Origin.
    at origin (C:\react project\x\the-karan-singh-vaidh\the-karan-singh-vaidh\server\index.js:40:29)
    at C:\react project\x\the-karan-singh-vaidh\the-karan-singh-vaidh\server\node_modules\cors\lib\index.js:219:13
    at optionsCallback (C:\react project\x\the-karan-singh-vaidh\the-karan-singh-vaidh\server\node_modules\cors\lib\index.js:199:9)
    at corsMiddleware (C:\react project\x\the-karan-singh-vaidh\the-karan-singh-vaidh\server\node_modules\cors\lib\index.js:204:7)
    at Layer.handleRequest (C:\react project\x\the-karan-singh-vaidh\the-karan-singh-vaidh\server\node_modules\router\lib\layer.js:152:17)
    at trimPrefix (C:\react project\x\the-karan-singh-vaidh\the-karan-singh-vaidh\server\node_modules\router\index.js:342:13)
    at C:\react project\x\the-karan-singh-vaidh\the-karan-singh-vaidh\server\node_modules\router\index.js:297:9
    at processParams (C:\react project\x\the-karan-singh-vaidh\the-karan-singh-vaidh\server\node_modules\router\index.js:582:12)
    at next (C:\react project\x\the-karan-singh-vaidh\the-karan-singh-vaidh\server\node_modules\router\index.js:291:5)
    at read (C:\react project\x\the-karan-singh-vaidh\the-karan-singh-vaidh\server\node_modules\body-parser\lib\read.js:53:5)

[2026-02-02T18:46:49.335Z] 500 - The CORS policy for this site does not allow access from the specified Origin.
Error: The CORS policy for this site does not allow access from the specified Origin.
    at origin (C:\react project\x\the-karan-singh-vaidh\the-karan-singh-vaidh\server\index.js:40:29)
    at C:\react project\x\the-karan-singh-vaidh\the-karan-singh-vaidh\server\node_modules\cors\lib\index.js:219:13
    at optionsCallback (C:\react project\x\the-karan-singh-vaidh\the-karan-singh-vaidh\server\node_modules\cors\lib\index.js:199:9)
    at corsMiddleware (C:\react project\x\the-karan-singh-vaidh\the-karan-singh-vaidh\server\node_modules\cors\lib\index.js:204:7)
    at Layer.handleRequest (C:\react project\x\the-karan-singh-vaidh\the-karan-singh-vaidh\server\node_modules\router\lib\layer.js:152:17)
    at trimPrefix (C:\react project\x\the-karan-singh-vaidh\the-karan-singh-vaidh\server\node_modules\router\index.js:342:13)
    at C:\react project\x\the-karan-singh-vaidh\the-karan-singh-vaidh\server\node_modules\router\index.js:297:9
    at processParams (C:\react project\x\the-karan-singh-vaidh\the-karan-singh-vaidh\server\node_modules\router\index.js:582:12)
    at next (C:\react project\x\the-karan-singh-vaidh\the-karan-singh-vaidh\server\node_modules\router\index.js:291:5)
    at read (C:\react project\x\the-karan-singh-vaidh\the-karan-singh-vaidh\server\node_modules\body-parser\lib\read.js:53:5)

[2026-02-02T18:47:39.369Z] 500 - The CORS policy for this site does not allow access from the specified Origin.
Error: The CORS policy for this site does not allow access from the specified Origin.
    at origin (C:\react project\x\the-karan-singh-vaidh\the-karan-singh-vaidh\server\index.js:40:29)
    at C:\react project\x\the-karan-singh-vaidh\the-karan-singh-vaidh\server\node_modules\cors\lib\index.js:219:13
    at optionsCallback (C:\react project\x\the-karan-singh-vaidh\the-karan-singh-vaidh\server\node_modules\cors\lib\index.js:199:9)
    at corsMiddleware (C:\react project\x\the-karan-singh-vaidh\the-karan-singh-vaidh\server\node_modules\cors\lib\index.js:204:7)
    at Layer.handleRequest (C:\react project\x\the-karan-singh-vaidh\the-karan-singh-vaidh\server\node_modules\router\lib\layer.js:152:17)
    at trimPrefix (C:\react project\x\the-karan-singh-vaidh\the-karan-singh-vaidh\server\node_modules\router\index.js:342:13)
    at C:\react project\x\the-karan-singh-vaidh\the-karan-singh-vaidh\server\node_modules\router\index.js:297:9
    at processParams (C:\react project\x\the-karan-singh-vaidh\the-karan-singh-vaidh\server\node_modules\router\index.js:582:12)
    at next (C:\react project\x\the-karan-singh-vaidh\the-karan-singh-vaidh\server\node_modules\router\index.js:291:5)
    at read (C:\react project\x\the-karan-singh-vaidh\the-karan-singh-vaidh\server\node_modules\body-parser\lib\read.js:53:5)

[2026-02-02T18:47:39.373Z] 500 - The CORS policy for this site does not allow access from the specified Origin.
Error: The CORS policy for this site does not allow access from the specified Origin.
    at origin (C:\react project\x\the-karan-singh-vaidh\the-karan-singh-vaidh\server\index.js:40:29)
    at C:\react project\x\the-karan-singh-vaidh\the-karan-singh-vaidh\server\node_modules\cors\lib\index.js:219:13
    at optionsCallback (C:\react project\x\the-karan-singh-vaidh\the-karan-singh-vaidh\server\node_modules\cors\lib\index.js:199:9)
    at corsMiddleware (C:\react project\x\the-karan-singh-vaidh\the-karan-singh-vaidh\server\node_modules\cors\lib\index.js:204:7)
    at Layer.handleRequest (C:\react project\x\the-karan-singh-vaidh\the-karan-singh-vaidh\server\node_modules\router\lib\layer.js:152:17)
    at trimPrefix (C:\react project\x\the-karan-singh-vaidh\the-karan-singh-vaidh\server\node_modules\router\index.js:342:13)
    at C:\react project\x\the-karan-singh-vaidh\the-karan-singh-vaidh\server\node_modules\router\index.js:297:9
    at processParams (C:\react project\x\the-karan-singh-vaidh\the-karan-singh-vaidh\server\node_modules\router\index.js:582:12)
    at next (C:\react project\x\the-karan-singh-vaidh\the-karan-singh-vaidh\server\node_modules\router\index.js:291:5)
    at read (C:\react project\x\the-karan-singh-vaidh\the-karan-singh-vaidh\server\node_modules\body-parser\lib\read.js:53:5)

[2026-02-02T18:47:39.376Z] 500 - The CORS policy for this site does not allow access from the specified Origin.
Error: The CORS policy for this site does not allow access from the specified Origin.
    at origin (C:\react project\x\the-karan-singh-vaidh\the-karan-singh-vaidh\server\index.js:40:29)
    at C:\react project\x\the-karan-singh-vaidh\the-karan-singh-vaidh\server\node_modules\cors\lib\index.js:219:13
    at optionsCallback (C:\react project\x\the-karan-singh-vaidh\the-karan-singh-vaidh\server\node_modules\cors\lib\index.js:199:9)
    at corsMiddleware (C:\react project\x\the-karan-singh-vaidh\the-karan-singh-vaidh\server\node_modules\cors\lib\index.js:204:7)
    at Layer.handleRequest (C:\react project\x\the-karan-singh-vaidh\the-karan-singh-vaidh\server\node_modules\router\lib\layer.js:152:17)
    at trimPrefix (C:\react project\x\the-karan-singh-vaidh\the-karan-singh-vaidh\server\node_modules\router\index.js:342:13)
    at C:\react project\x\the-karan-singh-vaidh\the-karan-singh-vaidh\server\node_modules\router\index.js:297:9
    at processParams (C:\react project\x\the-karan-singh-vaidh\the-karan-singh-vaidh\server\node_modules\router\index.js:582:12)
    at next (C:\react project\x\the-karan-singh-vaidh\the-karan-singh-vaidh\server\node_modules\router\index.js:291:5)
    at read (C:\react project\x\the-karan-singh-vaidh\the-karan-singh-vaidh\server\node_modules\body-parser\lib\read.js:53:5)

[2026-02-02T18:47:39.379Z] 500 - The CORS policy for this site does not allow access from the specified Origin.
Error: The CORS policy for this site does not allow access from the specified Origin.
    at origin (C:\react project\x\the-karan-singh-vaidh\the-karan-singh-vaidh\server\index.js:40:29)
    at C:\react project\x\the-karan-singh-vaidh\the-karan-singh-vaidh\server\node_modules\cors\lib\index.js:219:13
    at optionsCallback (C:\react project\x\the-karan-singh-vaidh\the-karan-singh-vaidh\server\node_modules\cors\lib\index.js:199:9)
    at corsMiddleware (C:\react project\x\the-karan-singh-vaidh\the-karan-singh-vaidh\server\node_modules\cors\lib\index.js:204:7)
    at Layer.handleRequest (C:\react project\x\the-karan-singh-vaidh\the-karan-singh-vaidh\server\node_modules\router\lib\layer.js:152:17)
    at trimPrefix (C:\react project\x\the-karan-singh-vaidh\the-karan-singh-vaidh\server\node_modules\router\index.js:342:13)
    at C:\react project\x\the-karan-singh-vaidh\the-karan-singh-vaidh\server\node_modules\router\index.js:297:9
    at processParams (C:\react project\x\the-karan-singh-vaidh\the-karan-singh-vaidh\server\node_modules\router\index.js:582:12)
    at next (C:\react project\x\the-karan-singh-vaidh\the-karan-singh-vaidh\server\node_modules\router\index.js:291:5)
    at read (C:\react project\x\the-karan-singh-vaidh\the-karan-singh-vaidh\server\node_modules\body-parser\lib\read.js:53:5)

[2026-02-02T18:47:39.381Z] 500 - The CORS policy for this site does not allow access from the specified Origin.
Error: The CORS policy for this site does not allow access from the specified Origin.
    at origin (C:\react project\x\the-karan-singh-vaidh\the-karan-singh-vaidh\server\index.js:40:29)
    at C:\react project\x\the-karan-singh-vaidh\the-karan-singh-vaidh\server\node_modules\cors\lib\index.js:219:13
    at optionsCallback (C:\react project\x\the-karan-singh-vaidh\the-karan-singh-vaidh\server\node_modules\cors\lib\index.js:199:9)
    at corsMiddleware (C:\react project\x\the-karan-singh-vaidh\the-karan-singh-vaidh\server\node_modules\cors\lib\index.js:204:7)
    at Layer.handleRequest (C:\react project\x\the-karan-singh-vaidh\the-karan-singh-vaidh\server\node_modules\router\lib\layer.js:152:17)
    at trimPrefix (C:\react project\x\the-karan-singh-vaidh\the-karan-singh-vaidh\server\node_modules\router\index.js:342:13)
    at C:\react project\x\the-karan-singh-vaidh\the-karan-singh-vaidh\server\node_modules\router\index.js:297:9
    at processParams (C:\react project\x\the-karan-singh-vaidh\the-karan-singh-vaidh\server\node_modules\router\index.js:582:12)
    at next (C:\react project\x\the-karan-singh-vaidh\the-karan-singh-vaidh\server\node_modules\router\index.js:291:5)
    at read (C:\react project\x\the-karan-singh-vaidh\the-karan-singh-vaidh\server\node_modules\body-parser\lib\read.js:53:5)

[2026-02-02T18:47:39.385Z] 500 - The CORS policy for this site does not allow access from the specified Origin.
Error: The CORS policy for this site does not allow access from the specified Origin.
    at origin (C:\react project\x\the-karan-singh-vaidh\the-karan-singh-vaidh\server\index.js:40:29)
    at C:\react project\x\the-karan-singh-vaidh\the-karan-singh-vaidh\server\node_modules\cors\lib\index.js:219:13
    at optionsCallback (C:\react project\x\the-karan-singh-vaidh\the-karan-singh-vaidh\server\node_modules\cors\lib\index.js:199:9)
    at corsMiddleware (C:\react project\x\the-karan-singh-vaidh\the-karan-singh-vaidh\server\node_modules\cors\lib\index.js:204:7)
    at Layer.handleRequest (C:\react project\x\the-karan-singh-vaidh\the-karan-singh-vaidh\server\node_modules\router\lib\layer.js:152:17)
    at trimPrefix (C:\react project\x\the-karan-singh-vaidh\the-karan-singh-vaidh\server\node_modules\router\index.js:342:13)
    at C:\react project\x\the-karan-singh-vaidh\the-karan-singh-vaidh\server\node_modules\router\index.js:297:9
    at processParams (C:\react project\x\the-karan-singh-vaidh\the-karan-singh-vaidh\server\node_modules\router\index.js:582:12)
    at next (C:\react project\x\the-karan-singh-vaidh\the-karan-singh-vaidh\server\node_modules\router\index.js:291:5)
    at read (C:\react project\x\the-karan-singh-vaidh\the-karan-singh-vaidh\server\node_modules\body-parser\lib\read.js:53:5)

[2026-02-02T18:47:39.390Z] 500 - The CORS policy for this site does not allow access from the specified Origin.
Error: The CORS policy for this site does not allow access from the specified Origin.
    at origin (C:\react project\x\the-karan-singh-vaidh\the-karan-singh-vaidh\server\index.js:40:29)
    at C:\react project\x\the-karan-singh-vaidh\the-karan-singh-vaidh\server\node_modules\cors\lib\index.js:219:13
    at optionsCallback (C:\react project\x\the-karan-singh-vaidh\the-karan-singh-vaidh\server\node_modules\cors\lib\index.js:199:9)
    at corsMiddleware (C:\react project\x\the-karan-singh-vaidh\the-karan-singh-vaidh\server\node_modules\cors\lib\index.js:204:7)
    at Layer.handleRequest (C:\react project\x\the-karan-singh-vaidh\the-karan-singh-vaidh\server\node_modules\router\lib\layer.js:152:17)
    at trimPrefix (C:\react project\x\the-karan-singh-vaidh\the-karan-singh-vaidh\server\node_modules\router\index.js:342:13)
    at C:\react project\x\the-karan-singh-vaidh\the-karan-singh-vaidh\server\node_modules\router\index.js:297:9
    at processParams (C:\react project\x\the-karan-singh-vaidh\the-karan-singh-vaidh\server\node_modules\router\index.js:582:12)
    at next (C:\react project\x\the-karan-singh-vaidh\the-karan-singh-vaidh\server\node_modules\router\index.js:291:5)
    at read (C:\react project\x\the-karan-singh-vaidh\the-karan-singh-vaidh\server\node_modules\body-parser\lib\read.js:53:5)

[2026-02-02T18:47:42.488Z] 500 - The CORS policy for this site does not allow access from the specified Origin.
Error: The CORS policy for this site does not allow access from the specified Origin.
    at origin (C:\react project\x\the-karan-singh-vaidh\the-karan-singh-vaidh\server\index.js:40:29)
    at C:\react project\x\the-karan-singh-vaidh\the-karan-singh-vaidh\server\node_modules\cors\lib\index.js:219:13
    at optionsCallback (C:\react project\x\the-karan-singh-vaidh\the-karan-singh-vaidh\server\node_modules\cors\lib\index.js:199:9)
    at corsMiddleware (C:\react project\x\the-karan-singh-vaidh\the-karan-singh-vaidh\server\node_modules\cors\lib\index.js:204:7)
    at Layer.handleRequest (C:\react project\x\the-karan-singh-vaidh\the-karan-singh-vaidh\server\node_modules\router\lib\layer.js:152:17)
    at trimPrefix (C:\react project\x\the-karan-singh-vaidh\the-karan-singh-vaidh\server\node_modules\router\index.js:342:13)
    at C:\react project\x\the-karan-singh-vaidh\the-karan-singh-vaidh\server\node_modules\router\index.js:297:9
    at processParams (C:\react project\x\the-karan-singh-vaidh\the-karan-singh-vaidh\server\node_modules\router\index.js:582:12)
    at next (C:\react project\x\the-karan-singh-vaidh\the-karan-singh-vaidh\server\node_modules\router\index.js:291:5)
    at read (C:\react project\x\the-karan-singh-vaidh\the-karan-singh-vaidh\server\node_modules\body-parser\lib\read.js:53:5)

[2026-02-02T18:47:42.490Z] 500 - The CORS policy for this site does not allow access from the specified Origin.
Error: The CORS policy for this site does not allow access from the specified Origin.
    at origin (C:\react project\x\the-karan-singh-vaidh\the-karan-singh-vaidh\server\index.js:40:29)
    at C:\react project\x\the-karan-singh-vaidh\the-karan-singh-vaidh\server\node_modules\cors\lib\index.js:219:13
    at optionsCallback (C:\react project\x\the-karan-singh-vaidh\the-karan-singh-vaidh\server\node_modules\cors\lib\index.js:199:9)
    at corsMiddleware (C:\react project\x\the-karan-singh-vaidh\the-karan-singh-vaidh\server\node_modules\cors\lib\index.js:204:7)
    at Layer.handleRequest (C:\react project\x\the-karan-singh-vaidh\the-karan-singh-vaidh\server\node_modules\router\lib\layer.js:152:17)
    at trimPrefix (C:\react project\x\the-karan-singh-vaidh\the-karan-singh-vaidh\server\node_modules\router\index.js:342:13)
    at C:\react project\x\the-karan-singh-vaidh\the-karan-singh-vaidh\server\node_modules\router\index.js:297:9
    at processParams (C:\react project\x\the-karan-singh-vaidh\the-karan-singh-vaidh\server\node_modules\router\index.js:582:12)
    at next (C:\react project\x\the-karan-singh-vaidh\the-karan-singh-vaidh\server\node_modules\router\index.js:291:5)
    at read (C:\react project\x\the-karan-singh-vaidh\the-karan-singh-vaidh\server\node_modules\body-parser\lib\read.js:53:5)

[2026-02-02T18:47:42.494Z] 500 - The CORS policy for this site does not allow access from the specified Origin.
Error: The CORS policy for this site does not allow access from the specified Origin.
    at origin (C:\react project\x\the-karan-singh-vaidh\the-karan-singh-vaidh\server\index.js:40:29)
    at C:\react project\x\the-karan-singh-vaidh\the-karan-singh-vaidh\server\node_modules\cors\lib\index.js:219:13
    at optionsCallback (C:\react project\x\the-karan-singh-vaidh\the-karan-singh-vaidh\server\node_modules\cors\lib\index.js:199:9)
    at corsMiddleware (C:\react project\x\the-karan-singh-vaidh\the-karan-singh-vaidh\server\node_modules\cors\lib\index.js:204:7)
    at Layer.handleRequest (C:\react project\x\the-karan-singh-vaidh\the-karan-singh-vaidh\server\node_modules\router\lib\layer.js:152:17)
    at trimPrefix (C:\react project\x\the-karan-singh-vaidh\the-karan-singh-vaidh\server\node_modules\router\index.js:342:13)
    at C:\react project\x\the-karan-singh-vaidh\the-karan-singh-vaidh\server\node_modules\router\index.js:297:9
    at processParams (C:\react project\x\the-karan-singh-vaidh\the-karan-singh-vaidh\server\node_modules\router\index.js:582:12)
    at next (C:\react project\x\the-karan-singh-vaidh\the-karan-singh-vaidh\server\node_modules\router\index.js:291:5)
    at read (C:\react project\x\the-karan-singh-vaidh\the-karan-singh-vaidh\server\node_modules\body-parser\lib\read.js:53:5)

[2026-02-02T18:47:42.496Z] 500 - The CORS policy for this site does not allow access from the specified Origin.
Error: The CORS policy for this site does not allow access from the specified Origin.
    at origin (C:\react project\x\the-karan-singh-vaidh\the-karan-singh-vaidh\server\index.js:40:29)
    at C:\react project\x\the-karan-singh-vaidh\the-karan-singh-vaidh\server\node_modules\cors\lib\index.js:219:13
    at optionsCallback (C:\react project\x\the-karan-singh-vaidh\the-karan-singh-vaidh\server\node_modules\cors\lib\index.js:199:9)
    at corsMiddleware (C:\react project\x\the-karan-singh-vaidh\the-karan-singh-vaidh\server\node_modules\cors\lib\index.js:204:7)
    at Layer.handleRequest (C:\react project\x\the-karan-singh-vaidh\the-karan-singh-vaidh\server\node_modules\router\lib\layer.js:152:17)
    at trimPrefix (C:\react project\x\the-karan-singh-vaidh\the-karan-singh-vaidh\server\node_modules\router\index.js:342:13)
    at C:\react project\x\the-karan-singh-vaidh\the-karan-singh-vaidh\server\node_modules\router\index.js:297:9
    at processParams (C:\react project\x\the-karan-singh-vaidh\the-karan-singh-vaidh\server\node_modules\router\index.js:582:12)
    at next (C:\react project\x\the-karan-singh-vaidh\the-karan-singh-vaidh\server\node_modules\router\index.js:291:5)
    at read (C:\react project\x\the-karan-singh-vaidh\the-karan-singh-vaidh\server\node_modules\body-parser\lib\read.js:53:5)

[2026-02-02T18:47:42.499Z] 500 - The CORS policy for this site does not allow access from the specified Origin.
Error: The CORS policy for this site does not allow access from the specified Origin.
    at origin (C:\react project\x\the-karan-singh-vaidh\the-karan-singh-vaidh\server\index.js:40:29)
    at C:\react project\x\the-karan-singh-vaidh\the-karan-singh-vaidh\server\node_modules\cors\lib\index.js:219:13
    at optionsCallback (C:\react project\x\the-karan-singh-vaidh\the-karan-singh-vaidh\server\node_modules\cors\lib\index.js:199:9)
    at corsMiddleware (C:\react project\x\the-karan-singh-vaidh\the-karan-singh-vaidh\server\node_modules\cors\lib\index.js:204:7)
    at Layer.handleRequest (C:\react project\x\the-karan-singh-vaidh\the-karan-singh-vaidh\server\node_modules\router\lib\layer.js:152:17)
    at trimPrefix (C:\react project\x\the-karan-singh-vaidh\the-karan-singh-vaidh\server\node_modules\router\index.js:342:13)
    at C:\react project\x\the-karan-singh-vaidh\the-karan-singh-vaidh\server\node_modules\router\index.js:297:9
    at processParams (C:\react project\x\the-karan-singh-vaidh\the-karan-singh-vaidh\server\node_modules\router\index.js:582:12)
    at next (C:\react project\x\the-karan-singh-vaidh\the-karan-singh-vaidh\server\node_modules\router\index.js:291:5)
    at read (C:\react project\x\the-karan-singh-vaidh\the-karan-singh-vaidh\server\node_modules\body-parser\lib\read.js:53:5)

[2026-02-02T18:47:42.503Z] 500 - The CORS policy for this site does not allow access from the specified Origin.
Error: The CORS policy for this site does not allow access from the specified Origin.
    at origin (C:\react project\x\the-karan-singh-vaidh\the-karan-singh-vaidh\server\index.js:40:29)
    at C:\react project\x\the-karan-singh-vaidh\the-karan-singh-vaidh\server\node_modules\cors\lib\index.js:219:13
    at optionsCallback (C:\react project\x\the-karan-singh-vaidh\the-karan-singh-vaidh\server\node_modules\cors\lib\index.js:199:9)
    at corsMiddleware (C:\react project\x\the-karan-singh-vaidh\the-karan-singh-vaidh\server\node_modules\cors\lib\index.js:204:7)
    at Layer.handleRequest (C:\react project\x\the-karan-singh-vaidh\the-karan-singh-vaidh\server\node_modules\router\lib\layer.js:152:17)
    at trimPrefix (C:\react project\x\the-karan-singh-vaidh\the-karan-singh-vaidh\server\node_modules\router\index.js:342:13)
    at C:\react project\x\the-karan-singh-vaidh\the-karan-singh-vaidh\server\node_modules\router\index.js:297:9
    at processParams (C:\react project\x\the-karan-singh-vaidh\the-karan-singh-vaidh\server\node_modules\router\index.js:582:12)
    at next (C:\react project\x\the-karan-singh-vaidh\the-karan-singh-vaidh\server\node_modules\router\index.js:291:5)
    at read (C:\react project\x\the-karan-singh-vaidh\the-karan-singh-vaidh\server\node_modules\body-parser\lib\read.js:53:5)

[2026-02-02T18:47:56.163Z] 500 - The CORS policy for this site does not allow access from the specified Origin.
Error: The CORS policy for this site does not allow access from the specified Origin.
    at origin (C:\react project\x\the-karan-singh-vaidh\the-karan-singh-vaidh\server\index.js:40:29)
    at C:\react project\x\the-karan-singh-vaidh\the-karan-singh-vaidh\server\node_modules\cors\lib\index.js:219:13
    at optionsCallback (C:\react project\x\the-karan-singh-vaidh\the-karan-singh-vaidh\server\node_modules\cors\lib\index.js:199:9)
    at corsMiddleware (C:\react project\x\the-karan-singh-vaidh\the-karan-singh-vaidh\server\node_modules\cors\lib\index.js:204:7)
    at Layer.handleRequest (C:\react project\x\the-karan-singh-vaidh\the-karan-singh-vaidh\server\node_modules\router\lib\layer.js:152:17)
    at trimPrefix (C:\react project\x\the-karan-singh-vaidh\the-karan-singh-vaidh\server\node_modules\router\index.js:342:13)
    at C:\react project\x\the-karan-singh-vaidh\the-karan-singh-vaidh\server\node_modules\router\index.js:297:9
    at processParams (C:\react project\x\the-karan-singh-vaidh\the-karan-singh-vaidh\server\node_modules\router\index.js:582:12)
    at next (C:\react project\x\the-karan-singh-vaidh\the-karan-singh-vaidh\server\node_modules\router\index.js:291:5)
    at read (C:\react project\x\the-karan-singh-vaidh\the-karan-singh-vaidh\server\node_modules\body-parser\lib\read.js:53:5)

[2026-02-02T18:47:56.166Z] 500 - The CORS policy for this site does not allow access from the specified Origin.
Error: The CORS policy for this site does not allow access from the specified Origin.
    at origin (C:\react project\x\the-karan-singh-vaidh\the-karan-singh-vaidh\server\index.js:40:29)
    at C:\react project\x\the-karan-singh-vaidh\the-karan-singh-vaidh\server\node_modules\cors\lib\index.js:219:13
    at optionsCallback (C:\react project\x\the-karan-singh-vaidh\the-karan-singh-vaidh\server\node_modules\cors\lib\index.js:199:9)
    at corsMiddleware (C:\react project\x\the-karan-singh-vaidh\the-karan-singh-vaidh\server\node_modules\cors\lib\index.js:204:7)
    at Layer.handleRequest (C:\react project\x\the-karan-singh-vaidh\the-karan-singh-vaidh\server\node_modules\router\lib\layer.js:152:17)
    at trimPrefix (C:\react project\x\the-karan-singh-vaidh\the-karan-singh-vaidh\server\node_modules\router\index.js:342:13)
    at C:\react project\x\the-karan-singh-vaidh\the-karan-singh-vaidh\server\node_modules\router\index.js:297:9
    at processParams (C:\react project\x\the-karan-singh-vaidh\the-karan-singh-vaidh\server\node_modules\router\index.js:582:12)
    at next (C:\react project\x\the-karan-singh-vaidh\the-karan-singh-vaidh\server\node_modules\router\index.js:291:5)
    at read (C:\react project\x\the-karan-singh-vaidh\the-karan-singh-vaidh\server\node_modules\body-parser\lib\read.js:53:5)

[2026-02-02T18:47:56.169Z] 500 - The CORS policy for this site does not allow access from the specified Origin.
Error: The CORS policy for this site does not allow access from the specified Origin.
    at origin (C:\react project\x\the-karan-singh-vaidh\the-karan-singh-vaidh\server\index.js:40:29)
    at C:\react project\x\the-karan-singh-vaidh\the-karan-singh-vaidh\server\node_modules\cors\lib\index.js:219:13
    at optionsCallback (C:\react project\x\the-karan-singh-vaidh\the-karan-singh-vaidh\server\node_modules\cors\lib\index.js:199:9)
    at corsMiddleware (C:\react project\x\the-karan-singh-vaidh\the-karan-singh-vaidh\server\node_modules\cors\lib\index.js:204:7)
    at Layer.handleRequest (C:\react project\x\the-karan-singh-vaidh\the-karan-singh-vaidh\server\node_modules\router\lib\layer.js:152:17)
    at trimPrefix (C:\react project\x\the-karan-singh-vaidh\the-karan-singh-vaidh\server\node_modules\router\index.js:342:13)
    at C:\react project\x\the-karan-singh-vaidh\the-karan-singh-vaidh\server\node_modules\router\index.js:297:9
    at processParams (C:\react project\x\the-karan-singh-vaidh\the-karan-singh-vaidh\server\node_modules\router\index.js:582:12)
    at next (C:\react project\x\the-karan-singh-vaidh\the-karan-singh-vaidh\server\node_modules\router\index.js:291:5)
    at read (C:\react project\x\the-karan-singh-vaidh\the-karan-singh-vaidh\server\node_modules\body-parser\lib\read.js:53:5)

[2026-02-02T18:47:56.171Z] 500 - The CORS policy for this site does not allow access from the specified Origin.
Error: The CORS policy for this site does not allow access from the specified Origin.
    at origin (C:\react project\x\the-karan-singh-vaidh\the-karan-singh-vaidh\server\index.js:40:29)
    at C:\react project\x\the-karan-singh-vaidh\the-karan-singh-vaidh\server\node_modules\cors\lib\index.js:219:13
    at optionsCallback (C:\react project\x\the-karan-singh-vaidh\the-karan-singh-vaidh\server\node_modules\cors\lib\index.js:199:9)
    at corsMiddleware (C:\react project\x\the-karan-singh-vaidh\the-karan-singh-vaidh\server\node_modules\cors\lib\index.js:204:7)
    at Layer.handleRequest (C:\react project\x\the-karan-singh-vaidh\the-karan-singh-vaidh\server\node_modules\router\lib\layer.js:152:17)
    at trimPrefix (C:\react project\x\the-karan-singh-vaidh\the-karan-singh-vaidh\server\node_modules\router\index.js:342:13)
    at C:\react project\x\the-karan-singh-vaidh\the-karan-singh-vaidh\server\node_modules\router\index.js:297:9
    at processParams (C:\react project\x\the-karan-singh-vaidh\the-karan-singh-vaidh\server\node_modules\router\index.js:582:12)
    at next (C:\react project\x\the-karan-singh-vaidh\the-karan-singh-vaidh\server\node_modules\router\index.js:291:5)
    at read (C:\react project\x\the-karan-singh-vaidh\the-karan-singh-vaidh\server\node_modules\body-parser\lib\read.js:53:5)

[2026-02-02T18:47:56.174Z] 500 - The CORS policy for this site does not allow access from the specified Origin.
Error: The CORS policy for this site does not allow access from the specified Origin.
    at origin (C:\react project\x\the-karan-singh-vaidh\the-karan-singh-vaidh\server\index.js:40:29)
    at C:\react project\x\the-karan-singh-vaidh\the-karan-singh-vaidh\server\node_modules\cors\lib\index.js:219:13
    at optionsCallback (C:\react project\x\the-karan-singh-vaidh\the-karan-singh-vaidh\server\node_modules\cors\lib\index.js:199:9)
    at corsMiddleware (C:\react project\x\the-karan-singh-vaidh\the-karan-singh-vaidh\server\node_modules\cors\lib\index.js:204:7)
    at Layer.handleRequest (C:\react project\x\the-karan-singh-vaidh\the-karan-singh-vaidh\server\node_modules\router\lib\layer.js:152:17)
    at trimPrefix (C:\react project\x\the-karan-singh-vaidh\the-karan-singh-vaidh\server\node_modules\router\index.js:342:13)
    at C:\react project\x\the-karan-singh-vaidh\the-karan-singh-vaidh\server\node_modules\router\index.js:297:9
    at processParams (C:\react project\x\the-karan-singh-vaidh\the-karan-singh-vaidh\server\node_modules\router\index.js:582:12)
    at next (C:\react project\x\the-karan-singh-vaidh\the-karan-singh-vaidh\server\node_modules\router\index.js:291:5)
    at read (C:\react project\x\the-karan-singh-vaidh\the-karan-singh-vaidh\server\node_modules\body-parser\lib\read.js:53:5)

[2026-02-02T18:47:56.176Z] 500 - The CORS policy for this site does not allow access from the specified Origin.
Error: The CORS policy for this site does not allow access from the specified Origin.
    at origin (C:\react project\x\the-karan-singh-vaidh\the-karan-singh-vaidh\server\index.js:40:29)
    at C:\react project\x\the-karan-singh-vaidh\the-karan-singh-vaidh\server\node_modules\cors\lib\index.js:219:13
    at optionsCallback (C:\react project\x\the-karan-singh-vaidh\the-karan-singh-vaidh\server\node_modules\cors\lib\index.js:199:9)
    at corsMiddleware (C:\react project\x\the-karan-singh-vaidh\the-karan-singh-vaidh\server\node_modules\cors\lib\index.js:204:7)
    at Layer.handleRequest (C:\react project\x\the-karan-singh-vaidh\the-karan-singh-vaidh\server\node_modules\router\lib\layer.js:152:17)
    at trimPrefix (C:\react project\x\the-karan-singh-vaidh\the-karan-singh-vaidh\server\node_modules\router\index.js:342:13)
    at C:\react project\x\the-karan-singh-vaidh\the-karan-singh-vaidh\server\node_modules\router\index.js:297:9
    at processParams (C:\react project\x\the-karan-singh-vaidh\the-karan-singh-vaidh\server\node_modules\router\index.js:582:12)
    at next (C:\react project\x\the-karan-singh-vaidh\the-karan-singh-vaidh\server\node_modules\router\index.js:291:5)
    at read (C:\react project\x\the-karan-singh-vaidh\the-karan-singh-vaidh\server\node_modules\body-parser\lib\read.js:53:5)

[2026-02-02T18:47:56.816Z] 500 - The CORS policy for this site does not allow access from the specified Origin.
Error: The CORS policy for this site does not allow access from the specified Origin.
    at origin (C:\react project\x\the-karan-singh-vaidh\the-karan-singh-vaidh\server\index.js:40:29)
    at C:\react project\x\the-karan-singh-vaidh\the-karan-singh-vaidh\server\node_modules\cors\lib\index.js:219:13
    at optionsCallback (C:\react project\x\the-karan-singh-vaidh\the-karan-singh-vaidh\server\node_modules\cors\lib\index.js:199:9)
    at corsMiddleware (C:\react project\x\the-karan-singh-vaidh\the-karan-singh-vaidh\server\node_modules\cors\lib\index.js:204:7)
    at Layer.handleRequest (C:\react project\x\the-karan-singh-vaidh\the-karan-singh-vaidh\server\node_modules\router\lib\layer.js:152:17)
    at trimPrefix (C:\react project\x\the-karan-singh-vaidh\the-karan-singh-vaidh\server\node_modules\router\index.js:342:13)
    at C:\react project\x\the-karan-singh-vaidh\the-karan-singh-vaidh\server\node_modules\router\index.js:297:9
    at processParams (C:\react project\x\the-karan-singh-vaidh\the-karan-singh-vaidh\server\node_modules\router\index.js:582:12)
    at next (C:\react project\x\the-karan-singh-vaidh\the-karan-singh-vaidh\server\node_modules\router\index.js:291:5)
    at read (C:\react project\x\the-karan-singh-vaidh\the-karan-singh-vaidh\server\node_modules\body-parser\lib\read.js:53:5)

[2026-02-02T18:47:56.820Z] 500 - The CORS policy for this site does not allow access from the specified Origin.
Error: The CORS policy for this site does not allow access from the specified Origin.
    at origin (C:\react project\x\the-karan-singh-vaidh\the-karan-singh-vaidh\server\index.js:40:29)
    at C:\react project\x\the-karan-singh-vaidh\the-karan-singh-vaidh\server\node_modules\cors\lib\index.js:219:13
    at optionsCallback (C:\react project\x\the-karan-singh-vaidh\the-karan-singh-vaidh\server\node_modules\cors\lib\index.js:199:9)
    at corsMiddleware (C:\react project\x\the-karan-singh-vaidh\the-karan-singh-vaidh\server\node_modules\cors\lib\index.js:204:7)
    at Layer.handleRequest (C:\react project\x\the-karan-singh-vaidh\the-karan-singh-vaidh\server\node_modules\router\lib\layer.js:152:17)
    at trimPrefix (C:\react project\x\the-karan-singh-vaidh\the-karan-singh-vaidh\server\node_modules\router\index.js:342:13)
    at C:\react project\x\the-karan-singh-vaidh\the-karan-singh-vaidh\server\node_modules\router\index.js:297:9
    at processParams (C:\react project\x\the-karan-singh-vaidh\the-karan-singh-vaidh\server\node_modules\router\index.js:582:12)
    at next (C:\react project\x\the-karan-singh-vaidh\the-karan-singh-vaidh\server\node_modules\router\index.js:291:5)
    at read (C:\react project\x\the-karan-singh-vaidh\the-karan-singh-vaidh\server\node_modules\body-parser\lib\read.js:53:5)

[2026-02-02T18:47:56.822Z] 500 - The CORS policy for this site does not allow access from the specified Origin.
Error: The CORS policy for this site does not allow access from the specified Origin.
    at origin (C:\react project\x\the-karan-singh-vaidh\the-karan-singh-vaidh\server\index.js:40:29)
    at C:\react project\x\the-karan-singh-vaidh\the-karan-singh-vaidh\server\node_modules\cors\lib\index.js:219:13
    at optionsCallback (C:\react project\x\the-karan-singh-vaidh\the-karan-singh-vaidh\server\node_modules\cors\lib\index.js:199:9)
    at corsMiddleware (C:\react project\x\the-karan-singh-vaidh\the-karan-singh-vaidh\server\node_modules\cors\lib\index.js:204:7)
    at Layer.handleRequest (C:\react project\x\the-karan-singh-vaidh\the-karan-singh-vaidh\server\node_modules\router\lib\layer.js:152:17)
    at trimPrefix (C:\react project\x\the-karan-singh-vaidh\the-karan-singh-vaidh\server\node_modules\router\index.js:342:13)
    at C:\react project\x\the-karan-singh-vaidh\the-karan-singh-vaidh\server\node_modules\router\index.js:297:9
    at processParams (C:\react project\x\the-karan-singh-vaidh\the-karan-singh-vaidh\server\node_modules\router\index.js:582:12)
    at next (C:\react project\x\the-karan-singh-vaidh\the-karan-singh-vaidh\server\node_modules\router\index.js:291:5)
    at read (C:\react project\x\the-karan-singh-vaidh\the-karan-singh-vaidh\server\node_modules\body-parser\lib\read.js:53:5)

[2026-02-02T18:47:56.824Z] 500 - The CORS policy for this site does not allow access from the specified Origin.
Error: The CORS policy for this site does not allow access from the specified Origin.
    at origin (C:\react project\x\the-karan-singh-vaidh\the-karan-singh-vaidh\server\index.js:40:29)
    at C:\react project\x\the-karan-singh-vaidh\the-karan-singh-vaidh\server\node_modules\cors\lib\index.js:219:13
    at optionsCallback (C:\react project\x\the-karan-singh-vaidh\the-karan-singh-vaidh\server\node_modules\cors\lib\index.js:199:9)
    at corsMiddleware (C:\react project\x\the-karan-singh-vaidh\the-karan-singh-vaidh\server\node_modules\cors\lib\index.js:204:7)
    at Layer.handleRequest (C:\react project\x\the-karan-singh-vaidh\the-karan-singh-vaidh\server\node_modules\router\lib\layer.js:152:17)
    at trimPrefix (C:\react project\x\the-karan-singh-vaidh\the-karan-singh-vaidh\server\node_modules\router\index.js:342:13)
    at C:\react project\x\the-karan-singh-vaidh\the-karan-singh-vaidh\server\node_modules\router\index.js:297:9
    at processParams (C:\react project\x\the-karan-singh-vaidh\the-karan-singh-vaidh\server\node_modules\router\index.js:582:12)
    at next (C:\react project\x\the-karan-singh-vaidh\the-karan-singh-vaidh\server\node_modules\router\index.js:291:5)
    at read (C:\react project\x\the-karan-singh-vaidh\the-karan-singh-vaidh\server\node_modules\body-parser\lib\read.js:53:5)

[2026-02-02T18:47:56.827Z] 500 - The CORS policy for this site does not allow access from the specified Origin.
Error: The CORS policy for this site does not allow access from the specified Origin.
    at origin (C:\react project\x\the-karan-singh-vaidh\the-karan-singh-vaidh\server\index.js:40:29)
    at C:\react project\x\the-karan-singh-vaidh\the-karan-singh-vaidh\server\node_modules\cors\lib\index.js:219:13
    at optionsCallback (C:\react project\x\the-karan-singh-vaidh\the-karan-singh-vaidh\server\node_modules\cors\lib\index.js:199:9)
    at corsMiddleware (C:\react project\x\the-karan-singh-vaidh\the-karan-singh-vaidh\server\node_modules\cors\lib\index.js:204:7)
    at Layer.handleRequest (C:\react project\x\the-karan-singh-vaidh\the-karan-singh-vaidh\server\node_modules\router\lib\layer.js:152:17)
    at trimPrefix (C:\react project\x\the-karan-singh-vaidh\the-karan-singh-vaidh\server\node_modules\router\index.js:342:13)
    at C:\react project\x\the-karan-singh-vaidh\the-karan-singh-vaidh\server\node_modules\router\index.js:297:9
    at processParams (C:\react project\x\the-karan-singh-vaidh\the-karan-singh-vaidh\server\node_modules\router\index.js:582:12)
    at next (C:\react project\x\the-karan-singh-vaidh\the-karan-singh-vaidh\server\node_modules\router\index.js:291:5)
    at read (C:\react project\x\the-karan-singh-vaidh\the-karan-singh-vaidh\server\node_modules\body-parser\lib\read.js:53:5)

[2026-02-02T18:47:56.829Z] 500 - The CORS policy for this site does not allow access from the specified Origin.
Error: The CORS policy for this site does not allow access from the specified Origin.
    at origin (C:\react project\x\the-karan-singh-vaidh\the-karan-singh-vaidh\server\index.js:40:29)
    at C:\react project\x\the-karan-singh-vaidh\the-karan-singh-vaidh\server\node_modules\cors\lib\index.js:219:13
    at optionsCallback (C:\react project\x\the-karan-singh-vaidh\the-karan-singh-vaidh\server\node_modules\cors\lib\index.js:199:9)
    at corsMiddleware (C:\react project\x\the-karan-singh-vaidh\the-karan-singh-vaidh\server\node_modules\cors\lib\index.js:204:7)
    at Layer.handleRequest (C:\react project\x\the-karan-singh-vaidh\the-karan-singh-vaidh\server\node_modules\router\lib\layer.js:152:17)
    at trimPrefix (C:\react project\x\the-karan-singh-vaidh\the-karan-singh-vaidh\server\node_modules\router\index.js:342:13)
    at C:\react project\x\the-karan-singh-vaidh\the-karan-singh-vaidh\server\node_modules\router\index.js:297:9
    at processParams (C:\react project\x\the-karan-singh-vaidh\the-karan-singh-vaidh\server\node_modules\router\index.js:582:12)
    at next (C:\react project\x\the-karan-singh-vaidh\the-karan-singh-vaidh\server\node_modules\router\index.js:291:5)
    at read (C:\react project\x\the-karan-singh-vaidh\the-karan-singh-vaidh\server\node_modules\body-parser\lib\read.js:53:5)

[2026-02-02T18:49:27.603Z] 500 - The CORS policy for this site does not allow access from the specified Origin: http://localhost:5174
Error: The CORS policy for this site does not allow access from the specified Origin: http://localhost:5174
    at origin (C:\react project\x\the-karan-singh-vaidh\the-karan-singh-vaidh\server\index.js:43:29)
    at C:\react project\x\the-karan-singh-vaidh\the-karan-singh-vaidh\server\node_modules\cors\lib\index.js:219:13
    at optionsCallback (C:\react project\x\the-karan-singh-vaidh\the-karan-singh-vaidh\server\node_modules\cors\lib\index.js:199:9)
    at corsMiddleware (C:\react project\x\the-karan-singh-vaidh\the-karan-singh-vaidh\server\node_modules\cors\lib\index.js:204:7)
    at Layer.handleRequest (C:\react project\x\the-karan-singh-vaidh\the-karan-singh-vaidh\server\node_modules\router\lib\layer.js:152:17)
    at trimPrefix (C:\react project\x\the-karan-singh-vaidh\the-karan-singh-vaidh\server\node_modules\router\index.js:342:13)
    at C:\react project\x\the-karan-singh-vaidh\the-karan-singh-vaidh\server\node_modules\router\index.js:297:9
    at processParams (C:\react project\x\the-karan-singh-vaidh\the-karan-singh-vaidh\server\node_modules\router\index.js:582:12)
    at next (C:\react project\x\the-karan-singh-vaidh\the-karan-singh-vaidh\server\node_modules\router\index.js:291:5)
    at read (C:\react project\x\the-karan-singh-vaidh\the-karan-singh-vaidh\server\node_modules\body-parser\lib\read.js:53:5)

[2026-02-02T18:49:27.610Z] 500 - The CORS policy for this site does not allow access from the specified Origin: http://localhost:5174
Error: The CORS policy for this site does not allow access from the specified Origin: http://localhost:5174
    at origin (C:\react project\x\the-karan-singh-vaidh\the-karan-singh-vaidh\server\index.js:43:29)
    at C:\react project\x\the-karan-singh-vaidh\the-karan-singh-vaidh\server\node_modules\cors\lib\index.js:219:13
    at optionsCallback (C:\react project\x\the-karan-singh-vaidh\the-karan-singh-vaidh\server\node_modules\cors\lib\index.js:199:9)
    at corsMiddleware (C:\react project\x\the-karan-singh-vaidh\the-karan-singh-vaidh\server\node_modules\cors\lib\index.js:204:7)
    at Layer.handleRequest (C:\react project\x\the-karan-singh-vaidh\the-karan-singh-vaidh\server\node_modules\router\lib\layer.js:152:17)
    at trimPrefix (C:\react project\x\the-karan-singh-vaidh\the-karan-singh-vaidh\server\node_modules\router\index.js:342:13)
    at C:\react project\x\the-karan-singh-vaidh\the-karan-singh-vaidh\server\node_modules\router\index.js:297:9
    at processParams (C:\react project\x\the-karan-singh-vaidh\the-karan-singh-vaidh\server\node_modules\router\index.js:582:12)
    at next (C:\react project\x\the-karan-singh-vaidh\the-karan-singh-vaidh\server\node_modules\router\index.js:291:5)
    at read (C:\react project\x\the-karan-singh-vaidh\the-karan-singh-vaidh\server\node_modules\body-parser\lib\read.js:53:5)

[2026-02-02T18:49:27.612Z] 500 - The CORS policy for this site does not allow access from the specified Origin: http://localhost:5174
Error: The CORS policy for this site does not allow access from the specified Origin: http://localhost:5174
    at origin (C:\react project\x\the-karan-singh-vaidh\the-karan-singh-vaidh\server\index.js:43:29)
    at C:\react project\x\the-karan-singh-vaidh\the-karan-singh-vaidh\server\node_modules\cors\lib\index.js:219:13
    at optionsCallback (C:\react project\x\the-karan-singh-vaidh\the-karan-singh-vaidh\server\node_modules\cors\lib\index.js:199:9)
    at corsMiddleware (C:\react project\x\the-karan-singh-vaidh\the-karan-singh-vaidh\server\node_modules\cors\lib\index.js:204:7)
    at Layer.handleRequest (C:\react project\x\the-karan-singh-vaidh\the-karan-singh-vaidh\server\node_modules\router\lib\layer.js:152:17)
    at trimPrefix (C:\react project\x\the-karan-singh-vaidh\the-karan-singh-vaidh\server\node_modules\router\index.js:342:13)
    at C:\react project\x\the-karan-singh-vaidh\the-karan-singh-vaidh\server\node_modules\router\index.js:297:9
    at processParams (C:\react project\x\the-karan-singh-vaidh\the-karan-singh-vaidh\server\node_modules\router\index.js:582:12)
    at next (C:\react project\x\the-karan-singh-vaidh\the-karan-singh-vaidh\server\node_modules\router\index.js:291:5)
    at read (C:\react project\x\the-karan-singh-vaidh\the-karan-singh-vaidh\server\node_modules\body-parser\lib\read.js:53:5)

[2026-02-02T18:49:27.618Z] 500 - The CORS policy for this site does not allow access from the specified Origin: http://localhost:5174
Error: The CORS policy for this site does not allow access from the specified Origin: http://localhost:5174
    at origin (C:\react project\x\the-karan-singh-vaidh\the-karan-singh-vaidh\server\index.js:43:29)
    at C:\react project\x\the-karan-singh-vaidh\the-karan-singh-vaidh\server\node_modules\cors\lib\index.js:219:13
    at optionsCallback (C:\react project\x\the-karan-singh-vaidh\the-karan-singh-vaidh\server\node_modules\cors\lib\index.js:199:9)
    at corsMiddleware (C:\react project\x\the-karan-singh-vaidh\the-karan-singh-vaidh\server\node_modules\cors\lib\index.js:204:7)
    at Layer.handleRequest (C:\react project\x\the-karan-singh-vaidh\the-karan-singh-vaidh\server\node_modules\router\lib\layer.js:152:17)
    at trimPrefix (C:\react project\x\the-karan-singh-vaidh\the-karan-singh-vaidh\server\node_modules\router\index.js:342:13)
    at C:\react project\x\the-karan-singh-vaidh\the-karan-singh-vaidh\server\node_modules\router\index.js:297:9
    at processParams (C:\react project\x\the-karan-singh-vaidh\the-karan-singh-vaidh\server\node_modules\router\index.js:582:12)
    at next (C:\react project\x\the-karan-singh-vaidh\the-karan-singh-vaidh\server\node_modules\router\index.js:291:5)
    at read (C:\react project\x\the-karan-singh-vaidh\the-karan-singh-vaidh\server\node_modules\body-parser\lib\read.js:53:5)

[2026-02-02T18:49:27.622Z] 500 - The CORS policy for this site does not allow access from the specified Origin: http://localhost:5174
Error: The CORS policy for this site does not allow access from the specified Origin: http://localhost:5174
    at origin (C:\react project\x\the-karan-singh-vaidh\the-karan-singh-vaidh\server\index.js:43:29)
    at C:\react project\x\the-karan-singh-vaidh\the-karan-singh-vaidh\server\node_modules\cors\lib\index.js:219:13
    at optionsCallback (C:\react project\x\the-karan-singh-vaidh\the-karan-singh-vaidh\server\node_modules\cors\lib\index.js:199:9)
    at corsMiddleware (C:\react project\x\the-karan-singh-vaidh\the-karan-singh-vaidh\server\node_modules\cors\lib\index.js:204:7)
    at Layer.handleRequest (C:\react project\x\the-karan-singh-vaidh\the-karan-singh-vaidh\server\node_modules\router\lib\layer.js:152:17)
    at trimPrefix (C:\react project\x\the-karan-singh-vaidh\the-karan-singh-vaidh\server\node_modules\router\index.js:342:13)
    at C:\react project\x\the-karan-singh-vaidh\the-karan-singh-vaidh\server\node_modules\router\index.js:297:9
    at processParams (C:\react project\x\the-karan-singh-vaidh\the-karan-singh-vaidh\server\node_modules\router\index.js:582:12)
    at next (C:\react project\x\the-karan-singh-vaidh\the-karan-singh-vaidh\server\node_modules\router\index.js:291:5)
    at read (C:\react project\x\the-karan-singh-vaidh\the-karan-singh-vaidh\server\node_modules\body-parser\lib\read.js:53:5)

[2026-02-02T18:49:27.624Z] 500 - The CORS policy for this site does not allow access from the specified Origin: http://localhost:5174
Error: The CORS policy for this site does not allow access from the specified Origin: http://localhost:5174
    at origin (C:\react project\x\the-karan-singh-vaidh\the-karan-singh-vaidh\server\index.js:43:29)
    at C:\react project\x\the-karan-singh-vaidh\the-karan-singh-vaidh\server\node_modules\cors\lib\index.js:219:13
    at optionsCallback (C:\react project\x\the-karan-singh-vaidh\the-karan-singh-vaidh\server\node_modules\cors\lib\index.js:199:9)
    at corsMiddleware (C:\react project\x\the-karan-singh-vaidh\the-karan-singh-vaidh\server\node_modules\cors\lib\index.js:204:7)
    at Layer.handleRequest (C:\react project\x\the-karan-singh-vaidh\the-karan-singh-vaidh\server\node_modules\router\lib\layer.js:152:17)
    at trimPrefix (C:\react project\x\the-karan-singh-vaidh\the-karan-singh-vaidh\server\node_modules\router\index.js:342:13)
    at C:\react project\x\the-karan-singh-vaidh\the-karan-singh-vaidh\server\node_modules\router\index.js:297:9
    at processParams (C:\react project\x\the-karan-singh-vaidh\the-karan-singh-vaidh\server\node_modules\router\index.js:582:12)
    at next (C:\react project\x\the-karan-singh-vaidh\the-karan-singh-vaidh\server\node_modules\router\index.js:291:5)
    at read (C:\react project\x\the-karan-singh-vaidh\the-karan-singh-vaidh\server\node_modules\body-parser\lib\read.js:53:5)

[2026-02-02T18:49:33.607Z] 500 - The CORS policy for this site does not allow access from the specified Origin: http://localhost:5174
Error: The CORS policy for this site does not allow access from the specified Origin: http://localhost:5174
    at origin (C:\react project\x\the-karan-singh-vaidh\the-karan-singh-vaidh\server\index.js:43:29)
    at C:\react project\x\the-karan-singh-vaidh\the-karan-singh-vaidh\server\node_modules\cors\lib\index.js:219:13
    at optionsCallback (C:\react project\x\the-karan-singh-vaidh\the-karan-singh-vaidh\server\node_modules\cors\lib\index.js:199:9)
    at corsMiddleware (C:\react project\x\the-karan-singh-vaidh\the-karan-singh-vaidh\server\node_modules\cors\lib\index.js:204:7)
    at Layer.handleRequest (C:\react project\x\the-karan-singh-vaidh\the-karan-singh-vaidh\server\node_modules\router\lib\layer.js:152:17)
    at trimPrefix (C:\react project\x\the-karan-singh-vaidh\the-karan-singh-vaidh\server\node_modules\router\index.js:342:13)
    at C:\react project\x\the-karan-singh-vaidh\the-karan-singh-vaidh\server\node_modules\router\index.js:297:9
    at processParams (C:\react project\x\the-karan-singh-vaidh\the-karan-singh-vaidh\server\node_modules\router\index.js:582:12)
    at next (C:\react project\x\the-karan-singh-vaidh\the-karan-singh-vaidh\server\node_modules\router\index.js:291:5)
    at read (C:\react project\x\the-karan-singh-vaidh\the-karan-singh-vaidh\server\node_modules\body-parser\lib\read.js:53:5)

[2026-02-02T18:49:33.610Z] 500 - The CORS policy for this site does not allow access from the specified Origin: http://localhost:5174
Error: The CORS policy for this site does not allow access from the specified Origin: http://localhost:5174
    at origin (C:\react project\x\the-karan-singh-vaidh\the-karan-singh-vaidh\server\index.js:43:29)
    at C:\react project\x\the-karan-singh-vaidh\the-karan-singh-vaidh\server\node_modules\cors\lib\index.js:219:13
    at optionsCallback (C:\react project\x\the-karan-singh-vaidh\the-karan-singh-vaidh\server\node_modules\cors\lib\index.js:199:9)
    at corsMiddleware (C:\react project\x\the-karan-singh-vaidh\the-karan-singh-vaidh\server\node_modules\cors\lib\index.js:204:7)
    at Layer.handleRequest (C:\react project\x\the-karan-singh-vaidh\the-karan-singh-vaidh\server\node_modules\router\lib\layer.js:152:17)
    at trimPrefix (C:\react project\x\the-karan-singh-vaidh\the-karan-singh-vaidh\server\node_modules\router\index.js:342:13)
    at C:\react project\x\the-karan-singh-vaidh\the-karan-singh-vaidh\server\node_modules\router\index.js:297:9
    at processParams (C:\react project\x\the-karan-singh-vaidh\the-karan-singh-vaidh\server\node_modules\router\index.js:582:12)
    at next (C:\react project\x\the-karan-singh-vaidh\the-karan-singh-vaidh\server\node_modules\router\index.js:291:5)
    at read (C:\react project\x\the-karan-singh-vaidh\the-karan-singh-vaidh\server\node_modules\body-parser\lib\read.js:53:5)

[2026-02-02T18:49:33.613Z] 500 - The CORS policy for this site does not allow access from the specified Origin: http://localhost:5174
Error: The CORS policy for this site does not allow access from the specified Origin: http://localhost:5174
    at origin (C:\react project\x\the-karan-singh-vaidh\the-karan-singh-vaidh\server\index.js:43:29)
    at C:\react project\x\the-karan-singh-vaidh\the-karan-singh-vaidh\server\node_modules\cors\lib\index.js:219:13
    at optionsCallback (C:\react project\x\the-karan-singh-vaidh\the-karan-singh-vaidh\server\node_modules\cors\lib\index.js:199:9)
    at corsMiddleware (C:\react project\x\the-karan-singh-vaidh\the-karan-singh-vaidh\server\node_modules\cors\lib\index.js:204:7)
    at Layer.handleRequest (C:\react project\x\the-karan-singh-vaidh\the-karan-singh-vaidh\server\node_modules\router\lib\layer.js:152:17)
    at trimPrefix (C:\react project\x\the-karan-singh-vaidh\the-karan-singh-vaidh\server\node_modules\router\index.js:342:13)
    at C:\react project\x\the-karan-singh-vaidh\the-karan-singh-vaidh\server\node_modules\router\index.js:297:9
    at processParams (C:\react project\x\the-karan-singh-vaidh\the-karan-singh-vaidh\server\node_modules\router\index.js:582:12)
    at next (C:\react project\x\the-karan-singh-vaidh\the-karan-singh-vaidh\server\node_modules\router\index.js:291:5)
    at read (C:\react project\x\the-karan-singh-vaidh\the-karan-singh-vaidh\server\node_modules\body-parser\lib\read.js:53:5)

[2026-02-02T18:49:33.617Z] 500 - The CORS policy for this site does not allow access from the specified Origin: http://localhost:5174
Error: The CORS policy for this site does not allow access from the specified Origin: http://localhost:5174
    at origin (C:\react project\x\the-karan-singh-vaidh\the-karan-singh-vaidh\server\index.js:43:29)
    at C:\react project\x\the-karan-singh-vaidh\the-karan-singh-vaidh\server\node_modules\cors\lib\index.js:219:13
    at optionsCallback (C:\react project\x\the-karan-singh-vaidh\the-karan-singh-vaidh\server\node_modules\cors\lib\index.js:199:9)
    at corsMiddleware (C:\react project\x\the-karan-singh-vaidh\the-karan-singh-vaidh\server\node_modules\cors\lib\index.js:204:7)
    at Layer.handleRequest (C:\react project\x\the-karan-singh-vaidh\the-karan-singh-vaidh\server\node_modules\router\lib\layer.js:152:17)
    at trimPrefix (C:\react project\x\the-karan-singh-vaidh\the-karan-singh-vaidh\server\node_modules\router\index.js:342:13)
    at C:\react project\x\the-karan-singh-vaidh\the-karan-singh-vaidh\server\node_modules\router\index.js:297:9
    at processParams (C:\react project\x\the-karan-singh-vaidh\the-karan-singh-vaidh\server\node_modules\router\index.js:582:12)
    at next (C:\react project\x\the-karan-singh-vaidh\the-karan-singh-vaidh\server\node_modules\router\index.js:291:5)
    at read (C:\react project\x\the-karan-singh-vaidh\the-karan-singh-vaidh\server\node_modules\body-parser\lib\read.js:53:5)

[2026-02-02T18:49:33.620Z] 500 - The CORS policy for this site does not allow access from the specified Origin: http://localhost:5174
Error: The CORS policy for this site does not allow access from the specified Origin: http://localhost:5174
    at origin (C:\react project\x\the-karan-singh-vaidh\the-karan-singh-vaidh\server\index.js:43:29)
    at C:\react project\x\the-karan-singh-vaidh\the-karan-singh-vaidh\server\node_modules\cors\lib\index.js:219:13
    at optionsCallback (C:\react project\x\the-karan-singh-vaidh\the-karan-singh-vaidh\server\node_modules\cors\lib\index.js:199:9)
    at corsMiddleware (C:\react project\x\the-karan-singh-vaidh\the-karan-singh-vaidh\server\node_modules\cors\lib\index.js:204:7)
    at Layer.handleRequest (C:\react project\x\the-karan-singh-vaidh\the-karan-singh-vaidh\server\node_modules\router\lib\layer.js:152:17)
    at trimPrefix (C:\react project\x\the-karan-singh-vaidh\the-karan-singh-vaidh\server\node_modules\router\index.js:342:13)
    at C:\react project\x\the-karan-singh-vaidh\the-karan-singh-vaidh\server\node_modules\router\index.js:297:9
    at processParams (C:\react project\x\the-karan-singh-vaidh\the-karan-singh-vaidh\server\node_modules\router\index.js:582:12)
    at next (C:\react project\x\the-karan-singh-vaidh\the-karan-singh-vaidh\server\node_modules\router\index.js:291:5)
    at read (C:\react project\x\the-karan-singh-vaidh\the-karan-singh-vaidh\server\node_modules\body-parser\lib\read.js:53:5)

[2026-02-02T18:49:33.624Z] 500 - The CORS policy for this site does not allow access from the specified Origin: http://localhost:5174
Error: The CORS policy for this site does not allow access from the specified Origin: http://localhost:5174
    at origin (C:\react project\x\the-karan-singh-vaidh\the-karan-singh-vaidh\server\index.js:43:29)
    at C:\react project\x\the-karan-singh-vaidh\the-karan-singh-vaidh\server\node_modules\cors\lib\index.js:219:13
    at optionsCallback (C:\react project\x\the-karan-singh-vaidh\the-karan-singh-vaidh\server\node_modules\cors\lib\index.js:199:9)
    at corsMiddleware (C:\react project\x\the-karan-singh-vaidh\the-karan-singh-vaidh\server\node_modules\cors\lib\index.js:204:7)
    at Layer.handleRequest (C:\react project\x\the-karan-singh-vaidh\the-karan-singh-vaidh\server\node_modules\router\lib\layer.js:152:17)
    at trimPrefix (C:\react project\x\the-karan-singh-vaidh\the-karan-singh-vaidh\server\node_modules\router\index.js:342:13)
    at C:\react project\x\the-karan-singh-vaidh\the-karan-singh-vaidh\server\node_modules\router\index.js:297:9
    at processParams (C:\react project\x\the-karan-singh-vaidh\the-karan-singh-vaidh\server\node_modules\router\index.js:582:12)
    at next (C:\react project\x\the-karan-singh-vaidh\the-karan-singh-vaidh\server\node_modules\router\index.js:291:5)
    at read (C:\react project\x\the-karan-singh-vaidh\the-karan-singh-vaidh\server\node_modules\body-parser\lib\read.js:53:5)

[2026-02-02T18:49:34.270Z] 500 - The CORS policy for this site does not allow access from the specified Origin: http://localhost:5174
Error: The CORS policy for this site does not allow access from the specified Origin: http://localhost:5174
    at origin (C:\react project\x\the-karan-singh-vaidh\the-karan-singh-vaidh\server\index.js:43:29)
    at C:\react project\x\the-karan-singh-vaidh\the-karan-singh-vaidh\server\node_modules\cors\lib\index.js:219:13
    at optionsCallback (C:\react project\x\the-karan-singh-vaidh\the-karan-singh-vaidh\server\node_modules\cors\lib\index.js:199:9)
    at corsMiddleware (C:\react project\x\the-karan-singh-vaidh\the-karan-singh-vaidh\server\node_modules\cors\lib\index.js:204:7)
    at Layer.handleRequest (C:\react project\x\the-karan-singh-vaidh\the-karan-singh-vaidh\server\node_modules\router\lib\layer.js:152:17)
    at trimPrefix (C:\react project\x\the-karan-singh-vaidh\the-karan-singh-vaidh\server\node_modules\router\index.js:342:13)
    at C:\react project\x\the-karan-singh-vaidh\the-karan-singh-vaidh\server\node_modules\router\index.js:297:9
    at processParams (C:\react project\x\the-karan-singh-vaidh\the-karan-singh-vaidh\server\node_modules\router\index.js:582:12)
    at next (C:\react project\x\the-karan-singh-vaidh\the-karan-singh-vaidh\server\node_modules\router\index.js:291:5)
    at read (C:\react project\x\the-karan-singh-vaidh\the-karan-singh-vaidh\server\node_modules\body-parser\lib\read.js:53:5)

[2026-02-02T18:49:34.272Z] 500 - The CORS policy for this site does not allow access from the specified Origin: http://localhost:5174
Error: The CORS policy for this site does not allow access from the specified Origin: http://localhost:5174
    at origin (C:\react project\x\the-karan-singh-vaidh\the-karan-singh-vaidh\server\index.js:43:29)
    at C:\react project\x\the-karan-singh-vaidh\the-karan-singh-vaidh\server\node_modules\cors\lib\index.js:219:13
    at optionsCallback (C:\react project\x\the-karan-singh-vaidh\the-karan-singh-vaidh\server\node_modules\cors\lib\index.js:199:9)
    at corsMiddleware (C:\react project\x\the-karan-singh-vaidh\the-karan-singh-vaidh\server\node_modules\cors\lib\index.js:204:7)
    at Layer.handleRequest (C:\react project\x\the-karan-singh-vaidh\the-karan-singh-vaidh\server\node_modules\router\lib\layer.js:152:17)
    at trimPrefix (C:\react project\x\the-karan-singh-vaidh\the-karan-singh-vaidh\server\node_modules\router\index.js:342:13)
    at C:\react project\x\the-karan-singh-vaidh\the-karan-singh-vaidh\server\node_modules\router\index.js:297:9
    at processParams (C:\react project\x\the-karan-singh-vaidh\the-karan-singh-vaidh\server\node_modules\router\index.js:582:12)
    at next (C:\react project\x\the-karan-singh-vaidh\the-karan-singh-vaidh\server\node_modules\router\index.js:291:5)
    at read (C:\react project\x\the-karan-singh-vaidh\the-karan-singh-vaidh\server\node_modules\body-parser\lib\read.js:53:5)

[2026-02-02T18:49:34.276Z] 500 - The CORS policy for this site does not allow access from the specified Origin: http://localhost:5174
Error: The CORS policy for this site does not allow access from the specified Origin: http://localhost:5174
    at origin (C:\react project\x\the-karan-singh-vaidh\the-karan-singh-vaidh\server\index.js:43:29)
    at C:\react project\x\the-karan-singh-vaidh\the-karan-singh-vaidh\server\node_modules\cors\lib\index.js:219:13
    at optionsCallback (C:\react project\x\the-karan-singh-vaidh\the-karan-singh-vaidh\server\node_modules\cors\lib\index.js:199:9)
    at corsMiddleware (C:\react project\x\the-karan-singh-vaidh\the-karan-singh-vaidh\server\node_modules\cors\lib\index.js:204:7)
    at Layer.handleRequest (C:\react project\x\the-karan-singh-vaidh\the-karan-singh-vaidh\server\node_modules\router\lib\layer.js:152:17)
    at trimPrefix (C:\react project\x\the-karan-singh-vaidh\the-karan-singh-vaidh\server\node_modules\router\index.js:342:13)
    at C:\react project\x\the-karan-singh-vaidh\the-karan-singh-vaidh\server\node_modules\router\index.js:297:9
    at processParams (C:\react project\x\the-karan-singh-vaidh\the-karan-singh-vaidh\server\node_modules\router\index.js:582:12)
    at next (C:\react project\x\the-karan-singh-vaidh\the-karan-singh-vaidh\server\node_modules\router\index.js:291:5)
    at read (C:\react project\x\the-karan-singh-vaidh\the-karan-singh-vaidh\server\node_modules\body-parser\lib\read.js:53:5)

[2026-02-02T18:49:34.279Z] 500 - The CORS policy for this site does not allow access from the specified Origin: http://localhost:5174
Error: The CORS policy for this site does not allow access from the specified Origin: http://localhost:5174
    at origin (C:\react project\x\the-karan-singh-vaidh\the-karan-singh-vaidh\server\index.js:43:29)
    at C:\react project\x\the-karan-singh-vaidh\the-karan-singh-vaidh\server\node_modules\cors\lib\index.js:219:13
    at optionsCallback (C:\react project\x\the-karan-singh-vaidh\the-karan-singh-vaidh\server\node_modules\cors\lib\index.js:199:9)
    at corsMiddleware (C:\react project\x\the-karan-singh-vaidh\the-karan-singh-vaidh\server\node_modules\cors\lib\index.js:204:7)
    at Layer.handleRequest (C:\react project\x\the-karan-singh-vaidh\the-karan-singh-vaidh\server\node_modules\router\lib\layer.js:152:17)
    at trimPrefix (C:\react project\x\the-karan-singh-vaidh\the-karan-singh-vaidh\server\node_modules\router\index.js:342:13)
    at C:\react project\x\the-karan-singh-vaidh\the-karan-singh-vaidh\server\node_modules\router\index.js:297:9
    at processParams (C:\react project\x\the-karan-singh-vaidh\the-karan-singh-vaidh\server\node_modules\router\index.js:582:12)
    at next (C:\react project\x\the-karan-singh-vaidh\the-karan-singh-vaidh\server\node_modules\router\index.js:291:5)
    at read (C:\react project\x\the-karan-singh-vaidh\the-karan-singh-vaidh\server\node_modules\body-parser\lib\read.js:53:5)

[2026-02-02T18:49:34.282Z] 500 - The CORS policy for this site does not allow access from the specified Origin: http://localhost:5174
Error: The CORS policy for this site does not allow access from the specified Origin: http://localhost:5174
    at origin (C:\react project\x\the-karan-singh-vaidh\the-karan-singh-vaidh\server\index.js:43:29)
    at C:\react project\x\the-karan-singh-vaidh\the-karan-singh-vaidh\server\node_modules\cors\lib\index.js:219:13
    at optionsCallback (C:\react project\x\the-karan-singh-vaidh\the-karan-singh-vaidh\server\node_modules\cors\lib\index.js:199:9)
    at corsMiddleware (C:\react project\x\the-karan-singh-vaidh\the-karan-singh-vaidh\server\node_modules\cors\lib\index.js:204:7)
    at Layer.handleRequest (C:\react project\x\the-karan-singh-vaidh\the-karan-singh-vaidh\server\node_modules\router\lib\layer.js:152:17)
    at trimPrefix (C:\react project\x\the-karan-singh-vaidh\the-karan-singh-vaidh\server\node_modules\router\index.js:342:13)
    at C:\react project\x\the-karan-singh-vaidh\the-karan-singh-vaidh\server\node_modules\router\index.js:297:9
    at processParams (C:\react project\x\the-karan-singh-vaidh\the-karan-singh-vaidh\server\node_modules\router\index.js:582:12)
    at next (C:\react project\x\the-karan-singh-vaidh\the-karan-singh-vaidh\server\node_modules\router\index.js:291:5)
    at read (C:\react project\x\the-karan-singh-vaidh\the-karan-singh-vaidh\server\node_modules\body-parser\lib\read.js:53:5)

[2026-02-02T18:49:34.284Z] 500 - The CORS policy for this site does not allow access from the specified Origin: http://localhost:5174
Error: The CORS policy for this site does not allow access from the specified Origin: http://localhost:5174
    at origin (C:\react project\x\the-karan-singh-vaidh\the-karan-singh-vaidh\server\index.js:43:29)
    at C:\react project\x\the-karan-singh-vaidh\the-karan-singh-vaidh\server\node_modules\cors\lib\index.js:219:13
    at optionsCallback (C:\react project\x\the-karan-singh-vaidh\the-karan-singh-vaidh\server\node_modules\cors\lib\index.js:199:9)
    at corsMiddleware (C:\react project\x\the-karan-singh-vaidh\the-karan-singh-vaidh\server\node_modules\cors\lib\index.js:204:7)
    at Layer.handleRequest (C:\react project\x\the-karan-singh-vaidh\the-karan-singh-vaidh\server\node_modules\router\lib\layer.js:152:17)
    at trimPrefix (C:\react project\x\the-karan-singh-vaidh\the-karan-singh-vaidh\server\node_modules\router\index.js:342:13)
    at C:\react project\x\the-karan-singh-vaidh\the-karan-singh-vaidh\server\node_modules\router\index.js:297:9
    at processParams (C:\react project\x\the-karan-singh-vaidh\the-karan-singh-vaidh\server\node_modules\router\index.js:582:12)
    at next (C:\react project\x\the-karan-singh-vaidh\the-karan-singh-vaidh\server\node_modules\router\index.js:291:5)
    at read (C:\react project\x\the-karan-singh-vaidh\the-karan-singh-vaidh\server\node_modules\body-parser\lib\read.js:53:5)

[2026-02-02T18:49:48.513Z] 500 - The CORS policy for this site does not allow access from the specified Origin: http://localhost:5174
Error: The CORS policy for this site does not allow access from the specified Origin: http://localhost:5174
    at origin (C:\react project\x\the-karan-singh-vaidh\the-karan-singh-vaidh\server\index.js:43:29)
    at C:\react project\x\the-karan-singh-vaidh\the-karan-singh-vaidh\server\node_modules\cors\lib\index.js:219:13
    at optionsCallback (C:\react project\x\the-karan-singh-vaidh\the-karan-singh-vaidh\server\node_modules\cors\lib\index.js:199:9)
    at corsMiddleware (C:\react project\x\the-karan-singh-vaidh\the-karan-singh-vaidh\server\node_modules\cors\lib\index.js:204:7)
    at Layer.handleRequest (C:\react project\x\the-karan-singh-vaidh\the-karan-singh-vaidh\server\node_modules\router\lib\layer.js:152:17)
    at trimPrefix (C:\react project\x\the-karan-singh-vaidh\the-karan-singh-vaidh\server\node_modules\router\index.js:342:13)
    at C:\react project\x\the-karan-singh-vaidh\the-karan-singh-vaidh\server\node_modules\router\index.js:297:9
    at processParams (C:\react project\x\the-karan-singh-vaidh\the-karan-singh-vaidh\server\node_modules\router\index.js:582:12)
    at next (C:\react project\x\the-karan-singh-vaidh\the-karan-singh-vaidh\server\node_modules\router\index.js:291:5)
    at read (C:\react project\x\the-karan-singh-vaidh\the-karan-singh-vaidh\server\node_modules\body-parser\lib\read.js:53:5)

[2026-02-02T18:49:48.519Z] 500 - The CORS policy for this site does not allow access from the specified Origin: http://localhost:5174
Error: The CORS policy for this site does not allow access from the specified Origin: http://localhost:5174
    at origin (C:\react project\x\the-karan-singh-vaidh\the-karan-singh-vaidh\server\index.js:43:29)
    at C:\react project\x\the-karan-singh-vaidh\the-karan-singh-vaidh\server\node_modules\cors\lib\index.js:219:13
    at optionsCallback (C:\react project\x\the-karan-singh-vaidh\the-karan-singh-vaidh\server\node_modules\cors\lib\index.js:199:9)
    at corsMiddleware (C:\react project\x\the-karan-singh-vaidh\the-karan-singh-vaidh\server\node_modules\cors\lib\index.js:204:7)
    at Layer.handleRequest (C:\react project\x\the-karan-singh-vaidh\the-karan-singh-vaidh\server\node_modules\router\lib\layer.js:152:17)
    at trimPrefix (C:\react project\x\the-karan-singh-vaidh\the-karan-singh-vaidh\server\node_modules\router\index.js:342:13)
    at C:\react project\x\the-karan-singh-vaidh\the-karan-singh-vaidh\server\node_modules\router\index.js:297:9
    at processParams (C:\react project\x\the-karan-singh-vaidh\the-karan-singh-vaidh\server\node_modules\router\index.js:582:12)
    at next (C:\react project\x\the-karan-singh-vaidh\the-karan-singh-vaidh\server\node_modules\router\index.js:291:5)
    at read (C:\react project\x\the-karan-singh-vaidh\the-karan-singh-vaidh\server\node_modules\body-parser\lib\read.js:53:5)

[2026-02-02T18:49:48.522Z] 500 - The CORS policy for this site does not allow access from the specified Origin: http://localhost:5174
Error: The CORS policy for this site does not allow access from the specified Origin: http://localhost:5174
    at origin (C:\react project\x\the-karan-singh-vaidh\the-karan-singh-vaidh\server\index.js:43:29)
    at C:\react project\x\the-karan-singh-vaidh\the-karan-singh-vaidh\server\node_modules\cors\lib\index.js:219:13
    at optionsCallback (C:\react project\x\the-karan-singh-vaidh\the-karan-singh-vaidh\server\node_modules\cors\lib\index.js:199:9)
    at corsMiddleware (C:\react project\x\the-karan-singh-vaidh\the-karan-singh-vaidh\server\node_modules\cors\lib\index.js:204:7)
    at Layer.handleRequest (C:\react project\x\the-karan-singh-vaidh\the-karan-singh-vaidh\server\node_modules\router\lib\layer.js:152:17)
    at trimPrefix (C:\react project\x\the-karan-singh-vaidh\the-karan-singh-vaidh\server\node_modules\router\index.js:342:13)
    at C:\react project\x\the-karan-singh-vaidh\the-karan-singh-vaidh\server\node_modules\router\index.js:297:9
    at processParams (C:\react project\x\the-karan-singh-vaidh\the-karan-singh-vaidh\server\node_modules\router\index.js:582:12)
    at next (C:\react project\x\the-karan-singh-vaidh\the-karan-singh-vaidh\server\node_modules\router\index.js:291:5)
    at read (C:\react project\x\the-karan-singh-vaidh\the-karan-singh-vaidh\server\node_modules\body-parser\lib\read.js:53:5)

[2026-02-02T18:49:48.525Z] 500 - The CORS policy for this site does not allow access from the specified Origin: http://localhost:5174
Error: The CORS policy for this site does not allow access from the specified Origin: http://localhost:5174
    at origin (C:\react project\x\the-karan-singh-vaidh\the-karan-singh-vaidh\server\index.js:43:29)
    at C:\react project\x\the-karan-singh-vaidh\the-karan-singh-vaidh\server\node_modules\cors\lib\index.js:219:13
    at optionsCallback (C:\react project\x\the-karan-singh-vaidh\the-karan-singh-vaidh\server\node_modules\cors\lib\index.js:199:9)
    at corsMiddleware (C:\react project\x\the-karan-singh-vaidh\the-karan-singh-vaidh\server\node_modules\cors\lib\index.js:204:7)
    at Layer.handleRequest (C:\react project\x\the-karan-singh-vaidh\the-karan-singh-vaidh\server\node_modules\router\lib\layer.js:152:17)
    at trimPrefix (C:\react project\x\the-karan-singh-vaidh\the-karan-singh-vaidh\server\node_modules\router\index.js:342:13)
    at C:\react project\x\the-karan-singh-vaidh\the-karan-singh-vaidh\server\node_modules\router\index.js:297:9
    at processParams (C:\react project\x\the-karan-singh-vaidh\the-karan-singh-vaidh\server\node_modules\router\index.js:582:12)
    at next (C:\react project\x\the-karan-singh-vaidh\the-karan-singh-vaidh\server\node_modules\router\index.js:291:5)
    at read (C:\react project\x\the-karan-singh-vaidh\the-karan-singh-vaidh\server\node_modules\body-parser\lib\read.js:53:5)

[2026-02-02T18:49:48.527Z] 500 - The CORS policy for this site does not allow access from the specified Origin: http://localhost:5174
Error: The CORS policy for this site does not allow access from the specified Origin: http://localhost:5174
    at origin (C:\react project\x\the-karan-singh-vaidh\the-karan-singh-vaidh\server\index.js:43:29)
    at C:\react project\x\the-karan-singh-vaidh\the-karan-singh-vaidh\server\node_modules\cors\lib\index.js:219:13
    at optionsCallback (C:\react project\x\the-karan-singh-vaidh\the-karan-singh-vaidh\server\node_modules\cors\lib\index.js:199:9)
    at corsMiddleware (C:\react project\x\the-karan-singh-vaidh\the-karan-singh-vaidh\server\node_modules\cors\lib\index.js:204:7)
    at Layer.handleRequest (C:\react project\x\the-karan-singh-vaidh\the-karan-singh-vaidh\server\node_modules\router\lib\layer.js:152:17)
    at trimPrefix (C:\react project\x\the-karan-singh-vaidh\the-karan-singh-vaidh\server\node_modules\router\index.js:342:13)
    at C:\react project\x\the-karan-singh-vaidh\the-karan-singh-vaidh\server\node_modules\router\index.js:297:9
    at processParams (C:\react project\x\the-karan-singh-vaidh\the-karan-singh-vaidh\server\node_modules\router\index.js:582:12)
    at next (C:\react project\x\the-karan-singh-vaidh\the-karan-singh-vaidh\server\node_modules\router\index.js:291:5)
    at read (C:\react project\x\the-karan-singh-vaidh\the-karan-singh-vaidh\server\node_modules\body-parser\lib\read.js:53:5)

[2026-02-02T18:49:48.529Z] 500 - The CORS policy for this site does not allow access from the specified Origin: http://localhost:5174
Error: The CORS policy for this site does not allow access from the specified Origin: http://localhost:5174
    at origin (C:\react project\x\the-karan-singh-vaidh\the-karan-singh-vaidh\server\index.js:43:29)
    at C:\react project\x\the-karan-singh-vaidh\the-karan-singh-vaidh\server\node_modules\cors\lib\index.js:219:13
    at optionsCallback (C:\react project\x\the-karan-singh-vaidh\the-karan-singh-vaidh\server\node_modules\cors\lib\index.js:199:9)
    at corsMiddleware (C:\react project\x\the-karan-singh-vaidh\the-karan-singh-vaidh\server\node_modules\cors\lib\index.js:204:7)
    at Layer.handleRequest (C:\react project\x\the-karan-singh-vaidh\the-karan-singh-vaidh\server\node_modules\router\lib\layer.js:152:17)
    at trimPrefix (C:\react project\x\the-karan-singh-vaidh\the-karan-singh-vaidh\server\node_modules\router\index.js:342:13)
    at C:\react project\x\the-karan-singh-vaidh\the-karan-singh-vaidh\server\node_modules\router\index.js:297:9
    at processParams (C:\react project\x\the-karan-singh-vaidh\the-karan-singh-vaidh\server\node_modules\router\index.js:582:12)
    at next (C:\react project\x\the-karan-singh-vaidh\the-karan-singh-vaidh\server\node_modules\router\index.js:291:5)
    at read (C:\react project\x\the-karan-singh-vaidh\the-karan-singh-vaidh\server\node_modules\body-parser\lib\read.js:53:5)

[2026-02-02T18:49:49.756Z] 500 - The CORS policy for this site does not allow access from the specified Origin: http://localhost:5174
Error: The CORS policy for this site does not allow access from the specified Origin: http://localhost:5174
    at origin (C:\react project\x\the-karan-singh-vaidh\the-karan-singh-vaidh\server\index.js:43:29)
    at C:\react project\x\the-karan-singh-vaidh\the-karan-singh-vaidh\server\node_modules\cors\lib\index.js:219:13
    at optionsCallback (C:\react project\x\the-karan-singh-vaidh\the-karan-singh-vaidh\server\node_modules\cors\lib\index.js:199:9)
    at corsMiddleware (C:\react project\x\the-karan-singh-vaidh\the-karan-singh-vaidh\server\node_modules\cors\lib\index.js:204:7)
    at Layer.handleRequest (C:\react project\x\the-karan-singh-vaidh\the-karan-singh-vaidh\server\node_modules\router\lib\layer.js:152:17)
    at trimPrefix (C:\react project\x\the-karan-singh-vaidh\the-karan-singh-vaidh\server\node_modules\router\index.js:342:13)
    at C:\react project\x\the-karan-singh-vaidh\the-karan-singh-vaidh\server\node_modules\router\index.js:297:9
    at processParams (C:\react project\x\the-karan-singh-vaidh\the-karan-singh-vaidh\server\node_modules\router\index.js:582:12)
    at next (C:\react project\x\the-karan-singh-vaidh\the-karan-singh-vaidh\server\node_modules\router\index.js:291:5)
    at read (C:\react project\x\the-karan-singh-vaidh\the-karan-singh-vaidh\server\node_modules\body-parser\lib\read.js:53:5)

[2026-02-02T18:49:49.758Z] 500 - The CORS policy for this site does not allow access from the specified Origin: http://localhost:5174
Error: The CORS policy for this site does not allow access from the specified Origin: http://localhost:5174
    at origin (C:\react project\x\the-karan-singh-vaidh\the-karan-singh-vaidh\server\index.js:43:29)
    at C:\react project\x\the-karan-singh-vaidh\the-karan-singh-vaidh\server\node_modules\cors\lib\index.js:219:13
    at optionsCallback (C:\react project\x\the-karan-singh-vaidh\the-karan-singh-vaidh\server\node_modules\cors\lib\index.js:199:9)
    at corsMiddleware (C:\react project\x\the-karan-singh-vaidh\the-karan-singh-vaidh\server\node_modules\cors\lib\index.js:204:7)
    at Layer.handleRequest (C:\react project\x\the-karan-singh-vaidh\the-karan-singh-vaidh\server\node_modules\router\lib\layer.js:152:17)
    at trimPrefix (C:\react project\x\the-karan-singh-vaidh\the-karan-singh-vaidh\server\node_modules\router\index.js:342:13)
    at C:\react project\x\the-karan-singh-vaidh\the-karan-singh-vaidh\server\node_modules\router\index.js:297:9
    at processParams (C:\react project\x\the-karan-singh-vaidh\the-karan-singh-vaidh\server\node_modules\router\index.js:582:12)
    at next (C:\react project\x\the-karan-singh-vaidh\the-karan-singh-vaidh\server\node_modules\router\index.js:291:5)
    at read (C:\react project\x\the-karan-singh-vaidh\the-karan-singh-vaidh\server\node_modules\body-parser\lib\read.js:53:5)

[2026-02-02T18:49:49.762Z] 500 - The CORS policy for this site does not allow access from the specified Origin: http://localhost:5174
Error: The CORS policy for this site does not allow access from the specified Origin: http://localhost:5174
    at origin (C:\react project\x\the-karan-singh-vaidh\the-karan-singh-vaidh\server\index.js:43:29)
    at C:\react project\x\the-karan-singh-vaidh\the-karan-singh-vaidh\server\node_modules\cors\lib\index.js:219:13
    at optionsCallback (C:\react project\x\the-karan-singh-vaidh\the-karan-singh-vaidh\server\node_modules\cors\lib\index.js:199:9)
    at corsMiddleware (C:\react project\x\the-karan-singh-vaidh\the-karan-singh-vaidh\server\node_modules\cors\lib\index.js:204:7)
    at Layer.handleRequest (C:\react project\x\the-karan-singh-vaidh\the-karan-singh-vaidh\server\node_modules\router\lib\layer.js:152:17)
    at trimPrefix (C:\react project\x\the-karan-singh-vaidh\the-karan-singh-vaidh\server\node_modules\router\index.js:342:13)
    at C:\react project\x\the-karan-singh-vaidh\the-karan-singh-vaidh\server\node_modules\router\index.js:297:9
    at processParams (C:\react project\x\the-karan-singh-vaidh\the-karan-singh-vaidh\server\node_modules\router\index.js:582:12)
    at next (C:\react project\x\the-karan-singh-vaidh\the-karan-singh-vaidh\server\node_modules\router\index.js:291:5)
    at read (C:\react project\x\the-karan-singh-vaidh\the-karan-singh-vaidh\server\node_modules\body-parser\lib\read.js:53:5)

[2026-02-02T18:49:49.768Z] 500 - The CORS policy for this site does not allow access from the specified Origin: http://localhost:5174
Error: The CORS policy for this site does not allow access from the specified Origin: http://localhost:5174
    at origin (C:\react project\x\the-karan-singh-vaidh\the-karan-singh-vaidh\server\index.js:43:29)
    at C:\react project\x\the-karan-singh-vaidh\the-karan-singh-vaidh\server\node_modules\cors\lib\index.js:219:13
    at optionsCallback (C:\react project\x\the-karan-singh-vaidh\the-karan-singh-vaidh\server\node_modules\cors\lib\index.js:199:9)
    at corsMiddleware (C:\react project\x\the-karan-singh-vaidh\the-karan-singh-vaidh\server\node_modules\cors\lib\index.js:204:7)
    at Layer.handleRequest (C:\react project\x\the-karan-singh-vaidh\the-karan-singh-vaidh\server\node_modules\router\lib\layer.js:152:17)
    at trimPrefix (C:\react project\x\the-karan-singh-vaidh\the-karan-singh-vaidh\server\node_modules\router\index.js:342:13)
    at C:\react project\x\the-karan-singh-vaidh\the-karan-singh-vaidh\server\node_modules\router\index.js:297:9
    at processParams (C:\react project\x\the-karan-singh-vaidh\the-karan-singh-vaidh\server\node_modules\router\index.js:582:12)
    at next (C:\react project\x\the-karan-singh-vaidh\the-karan-singh-vaidh\server\node_modules\router\index.js:291:5)
    at read (C:\react project\x\the-karan-singh-vaidh\the-karan-singh-vaidh\server\node_modules\body-parser\lib\read.js:53:5)

[2026-02-02T18:49:49.783Z] 500 - The CORS policy for this site does not allow access from the specified Origin: http://localhost:5174
Error: The CORS policy for this site does not allow access from the specified Origin: http://localhost:5174
    at origin (C:\react project\x\the-karan-singh-vaidh\the-karan-singh-vaidh\server\index.js:43:29)
    at C:\react project\x\the-karan-singh-vaidh\the-karan-singh-vaidh\server\node_modules\cors\lib\index.js:219:13
    at optionsCallback (C:\react project\x\the-karan-singh-vaidh\the-karan-singh-vaidh\server\node_modules\cors\lib\index.js:199:9)
    at corsMiddleware (C:\react project\x\the-karan-singh-vaidh\the-karan-singh-vaidh\server\node_modules\cors\lib\index.js:204:7)
    at Layer.handleRequest (C:\react project\x\the-karan-singh-vaidh\the-karan-singh-vaidh\server\node_modules\router\lib\layer.js:152:17)
    at trimPrefix (C:\react project\x\the-karan-singh-vaidh\the-karan-singh-vaidh\server\node_modules\router\index.js:342:13)
    at C:\react project\x\the-karan-singh-vaidh\the-karan-singh-vaidh\server\node_modules\router\index.js:297:9
    at processParams (C:\react project\x\the-karan-singh-vaidh\the-karan-singh-vaidh\server\node_modules\router\index.js:582:12)
    at next (C:\react project\x\the-karan-singh-vaidh\the-karan-singh-vaidh\server\node_modules\router\index.js:291:5)
    at read (C:\react project\x\the-karan-singh-vaidh\the-karan-singh-vaidh\server\node_modules\body-parser\lib\read.js:53:5)

[2026-02-02T18:49:49.792Z] 500 - The CORS policy for this site does not allow access from the specified Origin: http://localhost:5174
Error: The CORS policy for this site does not allow access from the specified Origin: http://localhost:5174
    at origin (C:\react project\x\the-karan-singh-vaidh\the-karan-singh-vaidh\server\index.js:43:29)
    at C:\react project\x\the-karan-singh-vaidh\the-karan-singh-vaidh\server\node_modules\cors\lib\index.js:219:13
    at optionsCallback (C:\react project\x\the-karan-singh-vaidh\the-karan-singh-vaidh\server\node_modules\cors\lib\index.js:199:9)
    at corsMiddleware (C:\react project\x\the-karan-singh-vaidh\the-karan-singh-vaidh\server\node_modules\cors\lib\index.js:204:7)
    at Layer.handleRequest (C:\react project\x\the-karan-singh-vaidh\the-karan-singh-vaidh\server\node_modules\router\lib\layer.js:152:17)
    at trimPrefix (C:\react project\x\the-karan-singh-vaidh\the-karan-singh-vaidh\server\node_modules\router\index.js:342:13)
    at C:\react project\x\the-karan-singh-vaidh\the-karan-singh-vaidh\server\node_modules\router\index.js:297:9
    at processParams (C:\react project\x\the-karan-singh-vaidh\the-karan-singh-vaidh\server\node_modules\router\index.js:582:12)
    at next (C:\react project\x\the-karan-singh-vaidh\the-karan-singh-vaidh\server\node_modules\router\index.js:291:5)
    at read (C:\react project\x\the-karan-singh-vaidh\the-karan-singh-vaidh\server\node_modules\body-parser\lib\read.js:53:5)

[2026-02-02T18:50:11.257Z] 500 - The CORS policy for this site does not allow access from the specified Origin: http://localhost:5174
Error: The CORS policy for this site does not allow access from the specified Origin: http://localhost:5174
    at origin (C:\react project\x\the-karan-singh-vaidh\the-karan-singh-vaidh\server\index.js:43:29)
    at C:\react project\x\the-karan-singh-vaidh\the-karan-singh-vaidh\server\node_modules\cors\lib\index.js:219:13
    at optionsCallback (C:\react project\x\the-karan-singh-vaidh\the-karan-singh-vaidh\server\node_modules\cors\lib\index.js:199:9)
    at corsMiddleware (C:\react project\x\the-karan-singh-vaidh\the-karan-singh-vaidh\server\node_modules\cors\lib\index.js:204:7)
    at Layer.handleRequest (C:\react project\x\the-karan-singh-vaidh\the-karan-singh-vaidh\server\node_modules\router\lib\layer.js:152:17)
    at trimPrefix (C:\react project\x\the-karan-singh-vaidh\the-karan-singh-vaidh\server\node_modules\router\index.js:342:13)
    at C:\react project\x\the-karan-singh-vaidh\the-karan-singh-vaidh\server\node_modules\router\index.js:297:9
    at processParams (C:\react project\x\the-karan-singh-vaidh\the-karan-singh-vaidh\server\node_modules\router\index.js:582:12)
    at next (C:\react project\x\the-karan-singh-vaidh\the-karan-singh-vaidh\server\node_modules\router\index.js:291:5)
    at read (C:\react project\x\the-karan-singh-vaidh\the-karan-singh-vaidh\server\node_modules\body-parser\lib\read.js:53:5)

[2026-02-02T18:50:11.271Z] 500 - The CORS policy for this site does not allow access from the specified Origin: http://localhost:5174
Error: The CORS policy for this site does not allow access from the specified Origin: http://localhost:5174
    at origin (C:\react project\x\the-karan-singh-vaidh\the-karan-singh-vaidh\server\index.js:43:29)
    at C:\react project\x\the-karan-singh-vaidh\the-karan-singh-vaidh\server\node_modules\cors\lib\index.js:219:13
    at optionsCallback (C:\react project\x\the-karan-singh-vaidh\the-karan-singh-vaidh\server\node_modules\cors\lib\index.js:199:9)
    at corsMiddleware (C:\react project\x\the-karan-singh-vaidh\the-karan-singh-vaidh\server\node_modules\cors\lib\index.js:204:7)
    at Layer.handleRequest (C:\react project\x\the-karan-singh-vaidh\the-karan-singh-vaidh\server\node_modules\router\lib\layer.js:152:17)
    at trimPrefix (C:\react project\x\the-karan-singh-vaidh\the-karan-singh-vaidh\server\node_modules\router\index.js:342:13)
    at C:\react project\x\the-karan-singh-vaidh\the-karan-singh-vaidh\server\node_modules\router\index.js:297:9
    at processParams (C:\react project\x\the-karan-singh-vaidh\the-karan-singh-vaidh\server\node_modules\router\index.js:582:12)
    at next (C:\react project\x\the-karan-singh-vaidh\the-karan-singh-vaidh\server\node_modules\router\index.js:291:5)
    at read (C:\react project\x\the-karan-singh-vaidh\the-karan-singh-vaidh\server\node_modules\body-parser\lib\read.js:53:5)

[2026-02-02T18:50:11.275Z] 500 - The CORS policy for this site does not allow access from the specified Origin: http://localhost:5174
Error: The CORS policy for this site does not allow access from the specified Origin: http://localhost:5174
    at origin (C:\react project\x\the-karan-singh-vaidh\the-karan-singh-vaidh\server\index.js:43:29)
    at C:\react project\x\the-karan-singh-vaidh\the-karan-singh-vaidh\server\node_modules\cors\lib\index.js:219:13
    at optionsCallback (C:\react project\x\the-karan-singh-vaidh\the-karan-singh-vaidh\server\node_modules\cors\lib\index.js:199:9)
    at corsMiddleware (C:\react project\x\the-karan-singh-vaidh\the-karan-singh-vaidh\server\node_modules\cors\lib\index.js:204:7)
    at Layer.handleRequest (C:\react project\x\the-karan-singh-vaidh\the-karan-singh-vaidh\server\node_modules\router\lib\layer.js:152:17)
    at trimPrefix (C:\react project\x\the-karan-singh-vaidh\the-karan-singh-vaidh\server\node_modules\router\index.js:342:13)
    at C:\react project\x\the-karan-singh-vaidh\the-karan-singh-vaidh\server\node_modules\router\index.js:297:9
    at processParams (C:\react project\x\the-karan-singh-vaidh\the-karan-singh-vaidh\server\node_modules\router\index.js:582:12)
    at next (C:\react project\x\the-karan-singh-vaidh\the-karan-singh-vaidh\server\node_modules\router\index.js:291:5)
    at read (C:\react project\x\the-karan-singh-vaidh\the-karan-singh-vaidh\server\node_modules\body-parser\lib\read.js:53:5)

[2026-02-02T18:50:11.278Z] 500 - The CORS policy for this site does not allow access from the specified Origin: http://localhost:5174
Error: The CORS policy for this site does not allow access from the specified Origin: http://localhost:5174
    at origin (C:\react project\x\the-karan-singh-vaidh\the-karan-singh-vaidh\server\index.js:43:29)
    at C:\react project\x\the-karan-singh-vaidh\the-karan-singh-vaidh\server\node_modules\cors\lib\index.js:219:13
    at optionsCallback (C:\react project\x\the-karan-singh-vaidh\the-karan-singh-vaidh\server\node_modules\cors\lib\index.js:199:9)
    at corsMiddleware (C:\react project\x\the-karan-singh-vaidh\the-karan-singh-vaidh\server\node_modules\cors\lib\index.js:204:7)
    at Layer.handleRequest (C:\react project\x\the-karan-singh-vaidh\the-karan-singh-vaidh\server\node_modules\router\lib\layer.js:152:17)
    at trimPrefix (C:\react project\x\the-karan-singh-vaidh\the-karan-singh-vaidh\server\node_modules\router\index.js:342:13)
    at C:\react project\x\the-karan-singh-vaidh\the-karan-singh-vaidh\server\node_modules\router\index.js:297:9
    at processParams (C:\react project\x\the-karan-singh-vaidh\the-karan-singh-vaidh\server\node_modules\router\index.js:582:12)
    at next (C:\react project\x\the-karan-singh-vaidh\the-karan-singh-vaidh\server\node_modules\router\index.js:291:5)
    at read (C:\react project\x\the-karan-singh-vaidh\the-karan-singh-vaidh\server\node_modules\body-parser\lib\read.js:53:5)

[2026-02-02T18:50:11.281Z] 500 - The CORS policy for this site does not allow access from the specified Origin: http://localhost:5174
Error: The CORS policy for this site does not allow access from the specified Origin: http://localhost:5174
    at origin (C:\react project\x\the-karan-singh-vaidh\the-karan-singh-vaidh\server\index.js:43:29)
    at C:\react project\x\the-karan-singh-vaidh\the-karan-singh-vaidh\server\node_modules\cors\lib\index.js:219:13
    at optionsCallback (C:\react project\x\the-karan-singh-vaidh\the-karan-singh-vaidh\server\node_modules\cors\lib\index.js:199:9)
    at corsMiddleware (C:\react project\x\the-karan-singh-vaidh\the-karan-singh-vaidh\server\node_modules\cors\lib\index.js:204:7)
    at Layer.handleRequest (C:\react project\x\the-karan-singh-vaidh\the-karan-singh-vaidh\server\node_modules\router\lib\layer.js:152:17)
    at trimPrefix (C:\react project\x\the-karan-singh-vaidh\the-karan-singh-vaidh\server\node_modules\router\index.js:342:13)
    at C:\react project\x\the-karan-singh-vaidh\the-karan-singh-vaidh\server\node_modules\router\index.js:297:9
    at processParams (C:\react project\x\the-karan-singh-vaidh\the-karan-singh-vaidh\server\node_modules\router\index.js:582:12)
    at next (C:\react project\x\the-karan-singh-vaidh\the-karan-singh-vaidh\server\node_modules\router\index.js:291:5)
    at read (C:\react project\x\the-karan-singh-vaidh\the-karan-singh-vaidh\server\node_modules\body-parser\lib\read.js:53:5)

[2026-02-02T18:50:11.284Z] 500 - The CORS policy for this site does not allow access from the specified Origin: http://localhost:5174
Error: The CORS policy for this site does not allow access from the specified Origin: http://localhost:5174
    at origin (C:\react project\x\the-karan-singh-vaidh\the-karan-singh-vaidh\server\index.js:43:29)
    at C:\react project\x\the-karan-singh-vaidh\the-karan-singh-vaidh\server\node_modules\cors\lib\index.js:219:13
    at optionsCallback (C:\react project\x\the-karan-singh-vaidh\the-karan-singh-vaidh\server\node_modules\cors\lib\index.js:199:9)
    at corsMiddleware (C:\react project\x\the-karan-singh-vaidh\the-karan-singh-vaidh\server\node_modules\cors\lib\index.js:204:7)
    at Layer.handleRequest (C:\react project\x\the-karan-singh-vaidh\the-karan-singh-vaidh\server\node_modules\router\lib\layer.js:152:17)
    at trimPrefix (C:\react project\x\the-karan-singh-vaidh\the-karan-singh-vaidh\server\node_modules\router\index.js:342:13)
    at C:\react project\x\the-karan-singh-vaidh\the-karan-singh-vaidh\server\node_modules\router\index.js:297:9
    at processParams (C:\react project\x\the-karan-singh-vaidh\the-karan-singh-vaidh\server\node_modules\router\index.js:582:12)
    at next (C:\react project\x\the-karan-singh-vaidh\the-karan-singh-vaidh\server\node_modules\router\index.js:291:5)
    at read (C:\react project\x\the-karan-singh-vaidh\the-karan-singh-vaidh\server\node_modules\body-parser\lib\read.js:53:5)

[2026-02-02T18:50:12.903Z] 500 - The CORS policy for this site does not allow access from the specified Origin: http://localhost:5174
Error: The CORS policy for this site does not allow access from the specified Origin: http://localhost:5174
    at origin (C:\react project\x\the-karan-singh-vaidh\the-karan-singh-vaidh\server\index.js:43:29)
    at C:\react project\x\the-karan-singh-vaidh\the-karan-singh-vaidh\server\node_modules\cors\lib\index.js:219:13
    at optionsCallback (C:\react project\x\the-karan-singh-vaidh\the-karan-singh-vaidh\server\node_modules\cors\lib\index.js:199:9)
    at corsMiddleware (C:\react project\x\the-karan-singh-vaidh\the-karan-singh-vaidh\server\node_modules\cors\lib\index.js:204:7)
    at Layer.handleRequest (C:\react project\x\the-karan-singh-vaidh\the-karan-singh-vaidh\server\node_modules\router\lib\layer.js:152:17)
    at trimPrefix (C:\react project\x\the-karan-singh-vaidh\the-karan-singh-vaidh\server\node_modules\router\index.js:342:13)
    at C:\react project\x\the-karan-singh-vaidh\the-karan-singh-vaidh\server\node_modules\router\index.js:297:9
    at processParams (C:\react project\x\the-karan-singh-vaidh\the-karan-singh-vaidh\server\node_modules\router\index.js:582:12)
    at next (C:\react project\x\the-karan-singh-vaidh\the-karan-singh-vaidh\server\node_modules\router\index.js:291:5)
    at read (C:\react project\x\the-karan-singh-vaidh\the-karan-singh-vaidh\server\node_modules\body-parser\lib\read.js:53:5)

[2026-02-02T18:50:12.907Z] 500 - The CORS policy for this site does not allow access from the specified Origin: http://localhost:5174
Error: The CORS policy for this site does not allow access from the specified Origin: http://localhost:5174
    at origin (C:\react project\x\the-karan-singh-vaidh\the-karan-singh-vaidh\server\index.js:43:29)
    at C:\react project\x\the-karan-singh-vaidh\the-karan-singh-vaidh\server\node_modules\cors\lib\index.js:219:13
    at optionsCallback (C:\react project\x\the-karan-singh-vaidh\the-karan-singh-vaidh\server\node_modules\cors\lib\index.js:199:9)
    at corsMiddleware (C:\react project\x\the-karan-singh-vaidh\the-karan-singh-vaidh\server\node_modules\cors\lib\index.js:204:7)
    at Layer.handleRequest (C:\react project\x\the-karan-singh-vaidh\the-karan-singh-vaidh\server\node_modules\router\lib\layer.js:152:17)
    at trimPrefix (C:\react project\x\the-karan-singh-vaidh\the-karan-singh-vaidh\server\node_modules\router\index.js:342:13)
    at C:\react project\x\the-karan-singh-vaidh\the-karan-singh-vaidh\server\node_modules\router\index.js:297:9
    at processParams (C:\react project\x\the-karan-singh-vaidh\the-karan-singh-vaidh\server\node_modules\router\index.js:582:12)
    at next (C:\react project\x\the-karan-singh-vaidh\the-karan-singh-vaidh\server\node_modules\router\index.js:291:5)
    at read (C:\react project\x\the-karan-singh-vaidh\the-karan-singh-vaidh\server\node_modules\body-parser\lib\read.js:53:5)

[2026-02-02T18:50:12.909Z] 500 - The CORS policy for this site does not allow access from the specified Origin: http://localhost:5174
Error: The CORS policy for this site does not allow access from the specified Origin: http://localhost:5174
    at origin (C:\react project\x\the-karan-singh-vaidh\the-karan-singh-vaidh\server\index.js:43:29)
    at C:\react project\x\the-karan-singh-vaidh\the-karan-singh-vaidh\server\node_modules\cors\lib\index.js:219:13
    at optionsCallback (C:\react project\x\the-karan-singh-vaidh\the-karan-singh-vaidh\server\node_modules\cors\lib\index.js:199:9)
    at corsMiddleware (C:\react project\x\the-karan-singh-vaidh\the-karan-singh-vaidh\server\node_modules\cors\lib\index.js:204:7)
    at Layer.handleRequest (C:\react project\x\the-karan-singh-vaidh\the-karan-singh-vaidh\server\node_modules\router\lib\layer.js:152:17)
    at trimPrefix (C:\react project\x\the-karan-singh-vaidh\the-karan-singh-vaidh\server\node_modules\router\index.js:342:13)
    at C:\react project\x\the-karan-singh-vaidh\the-karan-singh-vaidh\server\node_modules\router\index.js:297:9
    at processParams (C:\react project\x\the-karan-singh-vaidh\the-karan-singh-vaidh\server\node_modules\router\index.js:582:12)
    at next (C:\react project\x\the-karan-singh-vaidh\the-karan-singh-vaidh\server\node_modules\router\index.js:291:5)
    at read (C:\react project\x\the-karan-singh-vaidh\the-karan-singh-vaidh\server\node_modules\body-parser\lib\read.js:53:5)

[2026-02-02T18:50:12.913Z] 500 - The CORS policy for this site does not allow access from the specified Origin: http://localhost:5174
Error: The CORS policy for this site does not allow access from the specified Origin: http://localhost:5174
    at origin (C:\react project\x\the-karan-singh-vaidh\the-karan-singh-vaidh\server\index.js:43:29)
    at C:\react project\x\the-karan-singh-vaidh\the-karan-singh-vaidh\server\node_modules\cors\lib\index.js:219:13
    at optionsCallback (C:\react project\x\the-karan-singh-vaidh\the-karan-singh-vaidh\server\node_modules\cors\lib\index.js:199:9)
    at corsMiddleware (C:\react project\x\the-karan-singh-vaidh\the-karan-singh-vaidh\server\node_modules\cors\lib\index.js:204:7)
    at Layer.handleRequest (C:\react project\x\the-karan-singh-vaidh\the-karan-singh-vaidh\server\node_modules\router\lib\layer.js:152:17)
    at trimPrefix (C:\react project\x\the-karan-singh-vaidh\the-karan-singh-vaidh\server\node_modules\router\index.js:342:13)
    at C:\react project\x\the-karan-singh-vaidh\the-karan-singh-vaidh\server\node_modules\router\index.js:297:9
    at processParams (C:\react project\x\the-karan-singh-vaidh\the-karan-singh-vaidh\server\node_modules\router\index.js:582:12)
    at next (C:\react project\x\the-karan-singh-vaidh\the-karan-singh-vaidh\server\node_modules\router\index.js:291:5)
    at read (C:\react project\x\the-karan-singh-vaidh\the-karan-singh-vaidh\server\node_modules\body-parser\lib\read.js:53:5)

[2026-02-02T18:50:12.916Z] 500 - The CORS policy for this site does not allow access from the specified Origin: http://localhost:5174
Error: The CORS policy for this site does not allow access from the specified Origin: http://localhost:5174
    at origin (C:\react project\x\the-karan-singh-vaidh\the-karan-singh-vaidh\server\index.js:43:29)
    at C:\react project\x\the-karan-singh-vaidh\the-karan-singh-vaidh\server\node_modules\cors\lib\index.js:219:13
    at optionsCallback (C:\react project\x\the-karan-singh-vaidh\the-karan-singh-vaidh\server\node_modules\cors\lib\index.js:199:9)
    at corsMiddleware (C:\react project\x\the-karan-singh-vaidh\the-karan-singh-vaidh\server\node_modules\cors\lib\index.js:204:7)
    at Layer.handleRequest (C:\react project\x\the-karan-singh-vaidh\the-karan-singh-vaidh\server\node_modules\router\lib\layer.js:152:17)
    at trimPrefix (C:\react project\x\the-karan-singh-vaidh\the-karan-singh-vaidh\server\node_modules\router\index.js:342:13)
    at C:\react project\x\the-karan-singh-vaidh\the-karan-singh-vaidh\server\node_modules\router\index.js:297:9
    at processParams (C:\react project\x\the-karan-singh-vaidh\the-karan-singh-vaidh\server\node_modules\router\index.js:582:12)
    at next (C:\react project\x\the-karan-singh-vaidh\the-karan-singh-vaidh\server\node_modules\router\index.js:291:5)
    at read (C:\react project\x\the-karan-singh-vaidh\the-karan-singh-vaidh\server\node_modules\body-parser\lib\read.js:53:5)

[2026-02-02T18:50:12.920Z] 500 - The CORS policy for this site does not allow access from the specified Origin: http://localhost:5174
Error: The CORS policy for this site does not allow access from the specified Origin: http://localhost:5174
    at origin (C:\react project\x\the-karan-singh-vaidh\the-karan-singh-vaidh\server\index.js:43:29)
    at C:\react project\x\the-karan-singh-vaidh\the-karan-singh-vaidh\server\node_modules\cors\lib\index.js:219:13
    at optionsCallback (C:\react project\x\the-karan-singh-vaidh\the-karan-singh-vaidh\server\node_modules\cors\lib\index.js:199:9)
    at corsMiddleware (C:\react project\x\the-karan-singh-vaidh\the-karan-singh-vaidh\server\node_modules\cors\lib\index.js:204:7)
    at Layer.handleRequest (C:\react project\x\the-karan-singh-vaidh\the-karan-singh-vaidh\server\node_modules\router\lib\layer.js:152:17)
    at trimPrefix (C:\react project\x\the-karan-singh-vaidh\the-karan-singh-vaidh\server\node_modules\router\index.js:342:13)
    at C:\react project\x\the-karan-singh-vaidh\the-karan-singh-vaidh\server\node_modules\router\index.js:297:9
    at processParams (C:\react project\x\the-karan-singh-vaidh\the-karan-singh-vaidh\server\node_modules\router\index.js:582:12)
    at next (C:\react project\x\the-karan-singh-vaidh\the-karan-singh-vaidh\server\node_modules\router\index.js:291:5)
    at read (C:\react project\x\the-karan-singh-vaidh\the-karan-singh-vaidh\server\node_modules\body-parser\lib\read.js:53:5)

[2026-02-02T18:58:12.973Z] 500 - Cast to ObjectId failed for value "sinus" (type string) at path "_id" for model "Product"
CastError: Cast to ObjectId failed for value "sinus" (type string) at path "_id" for model "Product"
    at SchemaObjectId.cast (C:\react project\x\the-karan-singh-vaidh\the-karan-singh-vaidh\server\node_modules\mongoose\lib\schema\objectId.js:253:11)
    at SchemaType.applySetters (C:\react project\x\the-karan-singh-vaidh\the-karan-singh-vaidh\server\node_modules\mongoose\lib\schemaType.js:1280:12)
    at SchemaType.castForQuery (C:\react project\x\the-karan-singh-vaidh\the-karan-singh-vaidh\server\node_modules\mongoose\lib\schemaType.js:1706:17)
    at cast (C:\react project\x\the-karan-singh-vaidh\the-karan-singh-vaidh\server\node_modules\mongoose\lib\cast.js:386:32)
    at Query.cast (C:\react project\x\the-karan-singh-vaidh\the-karan-singh-vaidh\server\node_modules\mongoose\lib\query.js:5040:12)
    at Query._castConditions (C:\react project\x\the-karan-singh-vaidh\the-karan-singh-vaidh\server\node_modules\mongoose\lib\query.js:2374:10)
    at model.Query._findOne (C:\react project\x\the-karan-singh-vaidh\the-karan-singh-vaidh\server\node_modules\mongoose\lib\query.js:2704:8)
    at model.Query.exec (C:\react project\x\the-karan-singh-vaidh\the-karan-singh-vaidh\server\node_modules\mongoose\lib\query.js:4652:80)
    at process.processTicksAndRejections (node:internal/process/task_queues:95:5)
    at async C:\react project\x\the-karan-singh-vaidh\the-karan-singh-vaidh\server\controllers\productController.js:67:21

[2026-02-02T18:58:12.983Z] 500 - Cast to ObjectId failed for value "sinus" (type string) at path "_id" for model "Product"
CastError: Cast to ObjectId failed for value "sinus" (type string) at path "_id" for model "Product"
    at SchemaObjectId.cast (C:\react project\x\the-karan-singh-vaidh\the-karan-singh-vaidh\server\node_modules\mongoose\lib\schema\objectId.js:253:11)
    at SchemaType.applySetters (C:\react project\x\the-karan-singh-vaidh\the-karan-singh-vaidh\server\node_modules\mongoose\lib\schemaType.js:1280:12)
    at SchemaType.castForQuery (C:\react project\x\the-karan-singh-vaidh\the-karan-singh-vaidh\server\node_modules\mongoose\lib\schemaType.js:1706:17)
    at cast (C:\react project\x\the-karan-singh-vaidh\the-karan-singh-vaidh\server\node_modules\mongoose\lib\cast.js:386:32)
    at Query.cast (C:\react project\x\the-karan-singh-vaidh\the-karan-singh-vaidh\server\node_modules\mongoose\lib\query.js:5040:12)
    at Query._castConditions (C:\react project\x\the-karan-singh-vaidh\the-karan-singh-vaidh\server\node_modules\mongoose\lib\query.js:2374:10)
    at model.Query._findOne (C:\react project\x\the-karan-singh-vaidh\the-karan-singh-vaidh\server\node_modules\mongoose\lib\query.js:2704:8)
    at model.Query.exec (C:\react project\x\the-karan-singh-vaidh\the-karan-singh-vaidh\server\node_modules\mongoose\lib\query.js:4652:80)
    at process.processTicksAndRejections (node:internal/process/task_queues:95:5)
    at async C:\react project\x\the-karan-singh-vaidh\the-karan-singh-vaidh\server\controllers\productController.js:67:21

[2026-02-07T16:15:09.061Z] 401 - Invalid email or password
Error: Invalid email or password
    at C:\react project\x\the-karan-singh-vaidh\the-karan-singh-vaidh\server\controllers\authController.js:40:23

[2026-02-08T10:54:44.245Z] 401 - Not authorized, token failed
Error: Not authorized, token failed
    at C:\react project\x\the-karan-singh-vaidh\the-karan-singh-vaidh\server\middleware\authMiddleware.js:27:19
    at asyncUtilWrap (C:\react project\x\the-karan-singh-vaidh\the-karan-singh-vaidh\server\node_modules\express-async-handler\index.js:3:20)
    at Layer.handleRequest (C:\react project\x\the-karan-singh-vaidh\the-karan-singh-vaidh\server\node_modules\router\lib\layer.js:152:17)
    at next (C:\react project\x\the-karan-singh-vaidh\the-karan-singh-vaidh\server\node_modules\router\lib\route.js:157:13)
    at Route.dispatch (C:\react project\x\the-karan-singh-vaidh\the-karan-singh-vaidh\server\node_modules\router\lib\route.js:117:3)
    at handle (C:\react project\x\the-karan-singh-vaidh\the-karan-singh-vaidh\server\node_modules\router\index.js:435:11)
    at Layer.handleRequest (C:\react project\x\the-karan-singh-vaidh\the-karan-singh-vaidh\server\node_modules\router\lib\layer.js:152:17)
    at C:\react project\x\the-karan-singh-vaidh\the-karan-singh-vaidh\server\node_modules\router\index.js:295:15
    at processParams (C:\react project\x\the-karan-singh-vaidh\the-karan-singh-vaidh\server\node_modules\router\index.js:582:12)
    at next (C:\react project\x\the-karan-singh-vaidh\the-karan-singh-vaidh\server\node_modules\router\index.js:291:5)

[2026-02-08T11:35:50.976Z] 401 - Invalid email or password
Error: Invalid email or password
    at C:\react project\x\the-karan-singh-vaidh\the-karan-singh-vaidh\server\controllers\authController.js:40:23

[2026-02-08T11:59:31.285Z] 404 - Product not found
Error: Product not found
    at C:\react project\x\the-karan-singh-vaidh\the-karan-singh-vaidh\server\controllers\productController.js:78:15
    at process.processTicksAndRejections (node:internal/process/task_queues:95:5)

[2026-02-08T13:05:39.281Z] 404 - Not Found - /api/health
Error: Not Found - /api/health
    at notFound (C:\react project\x\the-karan-singh-vaidh\the-karan-singh-vaidh\server\middleware\errorMiddleware.js:2:19)
    at Layer.handleRequest (C:\react project\x\the-karan-singh-vaidh\the-karan-singh-vaidh\server\node_modules\router\lib\layer.js:152:17)
    at trimPrefix (C:\react project\x\the-karan-singh-vaidh\the-karan-singh-vaidh\server\node_modules\router\index.js:342:13)
    at C:\react project\x\the-karan-singh-vaidh\the-karan-singh-vaidh\server\node_modules\router\index.js:297:9
    at processParams (C:\react project\x\the-karan-singh-vaidh\the-karan-singh-vaidh\server\node_modules\router\index.js:582:12)
    at next (C:\react project\x\the-karan-singh-vaidh\the-karan-singh-vaidh\server\node_modules\router\index.js:291:5)
    at logger (C:\react project\x\the-karan-singh-vaidh\the-karan-singh-vaidh\server\node_modules\morgan\index.js:144:5)
    at Layer.handleRequest (C:\react project\x\the-karan-singh-vaidh\the-karan-singh-vaidh\server\node_modules\router\lib\layer.js:152:17)
    at trimPrefix (C:\react project\x\the-karan-singh-vaidh\the-karan-singh-vaidh\server\node_modules\router\index.js:342:13)
    at C:\react project\x\the-karan-singh-vaidh\the-karan-singh-vaidh\server\node_modules\router\index.js:297:9

[2026-02-08T13:05:40.981Z] 404 - Not Found - /api/health
Error: Not Found - /api/health
    at notFound (C:\react project\x\the-karan-singh-vaidh\the-karan-singh-vaidh\server\middleware\errorMiddleware.js:2:19)
    at Layer.handleRequest (C:\react project\x\the-karan-singh-vaidh\the-karan-singh-vaidh\server\node_modules\router\lib\layer.js:152:17)
    at trimPrefix (C:\react project\x\the-karan-singh-vaidh\the-karan-singh-vaidh\server\node_modules\router\index.js:342:13)
    at C:\react project\x\the-karan-singh-vaidh\the-karan-singh-vaidh\server\node_modules\router\index.js:297:9
    at processParams (C:\react project\x\the-karan-singh-vaidh\the-karan-singh-vaidh\server\node_modules\router\index.js:582:12)
    at next (C:\react project\x\the-karan-singh-vaidh\the-karan-singh-vaidh\server\node_modules\router\index.js:291:5)
    at logger (C:\react project\x\the-karan-singh-vaidh\the-karan-singh-vaidh\server\node_modules\morgan\index.js:144:5)
    at Layer.handleRequest (C:\react project\x\the-karan-singh-vaidh\the-karan-singh-vaidh\server\node_modules\router\lib\layer.js:152:17)
    at trimPrefix (C:\react project\x\the-karan-singh-vaidh\the-karan-singh-vaidh\server\node_modules\router\index.js:342:13)
    at C:\react project\x\the-karan-singh-vaidh\the-karan-singh-vaidh\server\node_modules\router\index.js:297:9

[2026-02-08T13:05:41.972Z] 404 - Not Found - /api/health
Error: Not Found - /api/health
    at notFound (C:\react project\x\the-karan-singh-vaidh\the-karan-singh-vaidh\server\middleware\errorMiddleware.js:2:19)
    at Layer.handleRequest (C:\react project\x\the-karan-singh-vaidh\the-karan-singh-vaidh\server\node_modules\router\lib\layer.js:152:17)
    at trimPrefix (C:\react project\x\the-karan-singh-vaidh\the-karan-singh-vaidh\server\node_modules\router\index.js:342:13)
    at C:\react project\x\the-karan-singh-vaidh\the-karan-singh-vaidh\server\node_modules\router\index.js:297:9
    at processParams (C:\react project\x\the-karan-singh-vaidh\the-karan-singh-vaidh\server\node_modules\router\index.js:582:12)
    at next (C:\react project\x\the-karan-singh-vaidh\the-karan-singh-vaidh\server\node_modules\router\index.js:291:5)
    at logger (C:\react project\x\the-karan-singh-vaidh\the-karan-singh-vaidh\server\node_modules\morgan\index.js:144:5)
    at Layer.handleRequest (C:\react project\x\the-karan-singh-vaidh\the-karan-singh-vaidh\server\node_modules\router\lib\layer.js:152:17)
    at trimPrefix (C:\react project\x\the-karan-singh-vaidh\the-karan-singh-vaidh\server\node_modules\router\index.js:342:13)
    at C:\react project\x\the-karan-singh-vaidh\the-karan-singh-vaidh\server\node_modules\router\index.js:297:9

[2026-02-08T13:05:42.753Z] 404 - Not Found - /api/health
Error: Not Found - /api/health
    at notFound (C:\react project\x\the-karan-singh-vaidh\the-karan-singh-vaidh\server\middleware\errorMiddleware.js:2:19)
    at Layer.handleRequest (C:\react project\x\the-karan-singh-vaidh\the-karan-singh-vaidh\server\node_modules\router\lib\layer.js:152:17)
    at trimPrefix (C:\react project\x\the-karan-singh-vaidh\the-karan-singh-vaidh\server\node_modules\router\index.js:342:13)
    at C:\react project\x\the-karan-singh-vaidh\the-karan-singh-vaidh\server\node_modules\router\index.js:297:9
    at processParams (C:\react project\x\the-karan-singh-vaidh\the-karan-singh-vaidh\server\node_modules\router\index.js:582:12)
    at next (C:\react project\x\the-karan-singh-vaidh\the-karan-singh-vaidh\server\node_modules\router\index.js:291:5)
    at logger (C:\react project\x\the-karan-singh-vaidh\the-karan-singh-vaidh\server\node_modules\morgan\index.js:144:5)
    at Layer.handleRequest (C:\react project\x\the-karan-singh-vaidh\the-karan-singh-vaidh\server\node_modules\router\lib\layer.js:152:17)
    at trimPrefix (C:\react project\x\the-karan-singh-vaidh\the-karan-singh-vaidh\server\node_modules\router\index.js:342:13)
    at C:\react project\x\the-karan-singh-vaidh\the-karan-singh-vaidh\server\node_modules\router\index.js:297:9

[2026-02-08T13:05:43.662Z] 404 - Not Found - /api/health
Error: Not Found - /api/health
    at notFound (C:\react project\x\the-karan-singh-vaidh\the-karan-singh-vaidh\server\middleware\errorMiddleware.js:2:19)
    at Layer.handleRequest (C:\react project\x\the-karan-singh-vaidh\the-karan-singh-vaidh\server\node_modules\router\lib\layer.js:152:17)
    at trimPrefix (C:\react project\x\the-karan-singh-vaidh\the-karan-singh-vaidh\server\node_modules\router\index.js:342:13)
    at C:\react project\x\the-karan-singh-vaidh\the-karan-singh-vaidh\server\node_modules\router\index.js:297:9
    at processParams (C:\react project\x\the-karan-singh-vaidh\the-karan-singh-vaidh\server\node_modules\router\index.js:582:12)
    at next (C:\react project\x\the-karan-singh-vaidh\the-karan-singh-vaidh\server\node_modules\router\index.js:291:5)
    at logger (C:\react project\x\the-karan-singh-vaidh\the-karan-singh-vaidh\server\node_modules\morgan\index.js:144:5)
    at Layer.handleRequest (C:\react project\x\the-karan-singh-vaidh\the-karan-singh-vaidh\server\node_modules\router\lib\layer.js:152:17)
    at trimPrefix (C:\react project\x\the-karan-singh-vaidh\the-karan-singh-vaidh\server\node_modules\router\index.js:342:13)
    at C:\react project\x\the-karan-singh-vaidh\the-karan-singh-vaidh\server\node_modules\router\index.js:297:9

[2026-02-08T13:26:47.609Z] 404 - Not Found - /api/health
Error: Not Found - /api/health
    at notFound (C:\react project\x\the-karan-singh-vaidh\the-karan-singh-vaidh\server\middleware\errorMiddleware.js:2:19)
    at Layer.handleRequest (C:\react project\x\the-karan-singh-vaidh\the-karan-singh-vaidh\server\node_modules\router\lib\layer.js:152:17)
    at trimPrefix (C:\react project\x\the-karan-singh-vaidh\the-karan-singh-vaidh\server\node_modules\router\index.js:342:13)
    at C:\react project\x\the-karan-singh-vaidh\the-karan-singh-vaidh\server\node_modules\router\index.js:297:9
    at processParams (C:\react project\x\the-karan-singh-vaidh\the-karan-singh-vaidh\server\node_modules\router\index.js:582:12)
    at next (C:\react project\x\the-karan-singh-vaidh\the-karan-singh-vaidh\server\node_modules\router\index.js:291:5)
    at logger (C:\react project\x\the-karan-singh-vaidh\the-karan-singh-vaidh\server\node_modules\morgan\index.js:144:5)
    at Layer.handleRequest (C:\react project\x\the-karan-singh-vaidh\the-karan-singh-vaidh\server\node_modules\router\lib\layer.js:152:17)
    at trimPrefix (C:\react project\x\the-karan-singh-vaidh\the-karan-singh-vaidh\server\node_modules\router\index.js:342:13)
    at C:\react project\x\the-karan-singh-vaidh\the-karan-singh-vaidh\server\node_modules\router\index.js:297:9

[2026-02-08T14:05:09.745Z] 404 - Not Found - /api/health
Error: Not Found - /api/health
    at notFound (C:\react project\x\the-karan-singh-vaidh\the-karan-singh-vaidh\server\middleware\errorMiddleware.js:2:19)
    at Layer.handleRequest (C:\react project\x\the-karan-singh-vaidh\the-karan-singh-vaidh\server\node_modules\router\lib\layer.js:152:17)
    at trimPrefix (C:\react project\x\the-karan-singh-vaidh\the-karan-singh-vaidh\server\node_modules\router\index.js:342:13)
    at C:\react project\x\the-karan-singh-vaidh\the-karan-singh-vaidh\server\node_modules\router\index.js:297:9
    at processParams (C:\react project\x\the-karan-singh-vaidh\the-karan-singh-vaidh\server\node_modules\router\index.js:582:12)
    at next (C:\react project\x\the-karan-singh-vaidh\the-karan-singh-vaidh\server\node_modules\router\index.js:291:5)
    at logger (C:\react project\x\the-karan-singh-vaidh\the-karan-singh-vaidh\server\node_modules\morgan\index.js:144:5)
    at Layer.handleRequest (C:\react project\x\the-karan-singh-vaidh\the-karan-singh-vaidh\server\node_modules\router\lib\layer.js:152:17)
    at trimPrefix (C:\react project\x\the-karan-singh-vaidh\the-karan-singh-vaidh\server\node_modules\router\index.js:342:13)
    at C:\react project\x\the-karan-singh-vaidh\the-karan-singh-vaidh\server\node_modules\router\index.js:297:9

[2026-02-08T14:05:11.307Z] 404 - Not Found - /api/health
Error: Not Found - /api/health
    at notFound (C:\react project\x\the-karan-singh-vaidh\the-karan-singh-vaidh\server\middleware\errorMiddleware.js:2:19)
    at Layer.handleRequest (C:\react project\x\the-karan-singh-vaidh\the-karan-singh-vaidh\server\node_modules\router\lib\layer.js:152:17)
    at trimPrefix (C:\react project\x\the-karan-singh-vaidh\the-karan-singh-vaidh\server\node_modules\router\index.js:342:13)
    at C:\react project\x\the-karan-singh-vaidh\the-karan-singh-vaidh\server\node_modules\router\index.js:297:9
    at processParams (C:\react project\x\the-karan-singh-vaidh\the-karan-singh-vaidh\server\node_modules\router\index.js:582:12)
    at next (C:\react project\x\the-karan-singh-vaidh\the-karan-singh-vaidh\server\node_modules\router\index.js:291:5)
    at logger (C:\react project\x\the-karan-singh-vaidh\the-karan-singh-vaidh\server\node_modules\morgan\index.js:144:5)
    at Layer.handleRequest (C:\react project\x\the-karan-singh-vaidh\the-karan-singh-vaidh\server\node_modules\router\lib\layer.js:152:17)
    at trimPrefix (C:\react project\x\the-karan-singh-vaidh\the-karan-singh-vaidh\server\node_modules\router\index.js:342:13)
    at C:\react project\x\the-karan-singh-vaidh\the-karan-singh-vaidh\server\node_modules\router\index.js:297:9

[2026-02-08T14:32:35.711Z] 404 - Not Found - /api/health
Error: Not Found - /api/health
    at notFound (C:\react project\x\the-karan-singh-vaidh\the-karan-singh-vaidh\server\middleware\errorMiddleware.js:2:19)
    at Layer.handleRequest (C:\react project\x\the-karan-singh-vaidh\the-karan-singh-vaidh\server\node_modules\router\lib\layer.js:152:17)
    at trimPrefix (C:\react project\x\the-karan-singh-vaidh\the-karan-singh-vaidh\server\node_modules\router\index.js:342:13)
    at C:\react project\x\the-karan-singh-vaidh\the-karan-singh-vaidh\server\node_modules\router\index.js:297:9
    at processParams (C:\react project\x\the-karan-singh-vaidh\the-karan-singh-vaidh\server\node_modules\router\index.js:582:12)
    at next (C:\react project\x\the-karan-singh-vaidh\the-karan-singh-vaidh\server\node_modules\router\index.js:291:5)
    at logger (C:\react project\x\the-karan-singh-vaidh\the-karan-singh-vaidh\server\node_modules\morgan\index.js:144:5)
    at Layer.handleRequest (C:\react project\x\the-karan-singh-vaidh\the-karan-singh-vaidh\server\node_modules\router\lib\layer.js:152:17)
    at trimPrefix (C:\react project\x\the-karan-singh-vaidh\the-karan-singh-vaidh\server\node_modules\router\index.js:342:13)
    at C:\react project\x\the-karan-singh-vaidh\the-karan-singh-vaidh\server\node_modules\router\index.js:297:9

[2026-02-10T15:41:27.997Z] 400 - Incorrect OTP
Error: Incorrect OTP
    at C:\react project\x\the-karan-singh-vaidh\the-karan-singh-vaidh\server\controllers\otpController.js:107:15
    at process.processTicksAndRejections (node:internal/process/task_queues:95:5)

[2026-02-20T16:08:35.174Z] 404 - Not Found - /socket.io/?EIO=4&transport=polling&t=33z9zva8
Error: Not Found - /socket.io/?EIO=4&transport=polling&t=33z9zva8
    at notFound (C:\react project\x\the-karan-singh-vaidh\the-karan-singh-vaidh\server\middleware\errorMiddleware.js:2:19)
    at Layer.handleRequest (C:\react project\x\the-karan-singh-vaidh\the-karan-singh-vaidh\server\node_modules\router\lib\layer.js:152:17)
    at trimPrefix (C:\react project\x\the-karan-singh-vaidh\the-karan-singh-vaidh\server\node_modules\router\index.js:342:13)
    at C:\react project\x\the-karan-singh-vaidh\the-karan-singh-vaidh\server\node_modules\router\index.js:297:9
    at processParams (C:\react project\x\the-karan-singh-vaidh\the-karan-singh-vaidh\server\node_modules\router\index.js:582:12)
    at next (C:\react project\x\the-karan-singh-vaidh\the-karan-singh-vaidh\server\node_modules\router\index.js:291:5)
    at logger (C:\react project\x\the-karan-singh-vaidh\the-karan-singh-vaidh\server\node_modules\morgan\index.js:144:5)
    at Layer.handleRequest (C:\react project\x\the-karan-singh-vaidh\the-karan-singh-vaidh\server\node_modules\router\lib\layer.js:152:17)
    at trimPrefix (C:\react project\x\the-karan-singh-vaidh\the-karan-singh-vaidh\server\node_modules\router\index.js:342:13)
    at C:\react project\x\the-karan-singh-vaidh\the-karan-singh-vaidh\server\node_modules\router\index.js:297:9

[2026-02-20T16:08:41.154Z] 404 - Not Found - /socket.io/?EIO=4&transport=polling&t=343wcjsf
Error: Not Found - /socket.io/?EIO=4&transport=polling&t=343wcjsf
    at notFound (C:\react project\x\the-karan-singh-vaidh\the-karan-singh-vaidh\server\middleware\errorMiddleware.js:2:19)
    at Layer.handleRequest (C:\react project\x\the-karan-singh-vaidh\the-karan-singh-vaidh\server\node_modules\router\lib\layer.js:152:17)
    at trimPrefix (C:\react project\x\the-karan-singh-vaidh\the-karan-singh-vaidh\server\node_modules\router\index.js:342:13)
    at C:\react project\x\the-karan-singh-vaidh\the-karan-singh-vaidh\server\node_modules\router\index.js:297:9
    at processParams (C:\react project\x\the-karan-singh-vaidh\the-karan-singh-vaidh\server\node_modules\router\index.js:582:12)
    at next (C:\react project\x\the-karan-singh-vaidh\the-karan-singh-vaidh\server\node_modules\router\index.js:291:5)
    at logger (C:\react project\x\the-karan-singh-vaidh\the-karan-singh-vaidh\server\node_modules\morgan\index.js:144:5)
    at Layer.handleRequest (C:\react project\x\the-karan-singh-vaidh\the-karan-singh-vaidh\server\node_modules\router\lib\layer.js:152:17)
    at trimPrefix (C:\react project\x\the-karan-singh-vaidh\the-karan-singh-vaidh\server\node_modules\router\index.js:342:13)
    at C:\react project\x\the-karan-singh-vaidh\the-karan-singh-vaidh\server\node_modules\router\index.js:297:9

[2026-02-20T16:08:47.157Z] 404 - Not Found - /socket.io/?EIO=4&transport=polling&t=348j58fd
Error: Not Found - /socket.io/?EIO=4&transport=polling&t=348j58fd
    at notFound (C:\react project\x\the-karan-singh-vaidh\the-karan-singh-vaidh\server\middleware\errorMiddleware.js:2:19)
    at Layer.handleRequest (C:\react project\x\the-karan-singh-vaidh\the-karan-singh-vaidh\server\node_modules\router\lib\layer.js:152:17)
    at trimPrefix (C:\react project\x\the-karan-singh-vaidh\the-karan-singh-vaidh\server\node_modules\router\index.js:342:13)
    at C:\react project\x\the-karan-singh-vaidh\the-karan-singh-vaidh\server\node_modules\router\index.js:297:9
    at processParams (C:\react project\x\the-karan-singh-vaidh\the-karan-singh-vaidh\server\node_modules\router\index.js:582:12)
    at next (C:\react project\x\the-karan-singh-vaidh\the-karan-singh-vaidh\server\node_modules\router\index.js:291:5)
    at logger (C:\react project\x\the-karan-singh-vaidh\the-karan-singh-vaidh\server\node_modules\morgan\index.js:144:5)
    at Layer.handleRequest (C:\react project\x\the-karan-singh-vaidh\the-karan-singh-vaidh\server\node_modules\router\lib\layer.js:152:17)
    at trimPrefix (C:\react project\x\the-karan-singh-vaidh\the-karan-singh-vaidh\server\node_modules\router\index.js:342:13)
    at C:\react project\x\the-karan-singh-vaidh\the-karan-singh-vaidh\server\node_modules\router\index.js:297:9

[2026-02-20T16:08:53.156Z] 404 - Not Found - /socket.io/?EIO=4&transport=polling&t=34d5u6w1
Error: Not Found - /socket.io/?EIO=4&transport=polling&t=34d5u6w1
    at notFound (C:\react project\x\the-karan-singh-vaidh\the-karan-singh-vaidh\server\middleware\errorMiddleware.js:2:19)
    at Layer.handleRequest (C:\react project\x\the-karan-singh-vaidh\the-karan-singh-vaidh\server\node_modules\router\lib\layer.js:152:17)
    at trimPrefix (C:\react project\x\the-karan-singh-vaidh\the-karan-singh-vaidh\server\node_modules\router\index.js:342:13)
    at C:\react project\x\the-karan-singh-vaidh\the-karan-singh-vaidh\server\node_modules\router\index.js:297:9
    at processParams (C:\react project\x\the-karan-singh-vaidh\the-karan-singh-vaidh\server\node_modules\router\index.js:582:12)
    at next (C:\react project\x\the-karan-singh-vaidh\the-karan-singh-vaidh\server\node_modules\router\index.js:291:5)
    at logger (C:\react project\x\the-karan-singh-vaidh\the-karan-singh-vaidh\server\node_modules\morgan\index.js:144:5)
    at Layer.handleRequest (C:\react project\x\the-karan-singh-vaidh\the-karan-singh-vaidh\server\node_modules\router\lib\layer.js:152:17)
    at trimPrefix (C:\react project\x\the-karan-singh-vaidh\the-karan-singh-vaidh\server\node_modules\router\index.js:342:13)
    at C:\react project\x\the-karan-singh-vaidh\the-karan-singh-vaidh\server\node_modules\router\index.js:297:9

[2026-02-20T16:08:59.166Z] 404 - Not Found - /socket.io/?EIO=4&transport=polling&t=34hsjrcr
Error: Not Found - /socket.io/?EIO=4&transport=polling&t=34hsjrcr
    at notFound (C:\react project\x\the-karan-singh-vaidh\the-karan-singh-vaidh\server\middleware\errorMiddleware.js:2:19)
    at Layer.handleRequest (C:\react project\x\the-karan-singh-vaidh\the-karan-singh-vaidh\server\node_modules\router\lib\layer.js:152:17)
    at trimPrefix (C:\react project\x\the-karan-singh-vaidh\the-karan-singh-vaidh\server\node_modules\router\index.js:342:13)
    at C:\react project\x\the-karan-singh-vaidh\the-karan-singh-vaidh\server\node_modules\router\index.js:297:9
    at processParams (C:\react project\x\the-karan-singh-vaidh\the-karan-singh-vaidh\server\node_modules\router\index.js:582:12)
    at next (C:\react project\x\the-karan-singh-vaidh\the-karan-singh-vaidh\server\node_modules\router\index.js:291:5)
    at logger (C:\react project\x\the-karan-singh-vaidh\the-karan-singh-vaidh\server\node_modules\morgan\index.js:144:5)
    at Layer.handleRequest (C:\react project\x\the-karan-singh-vaidh\the-karan-singh-vaidh\server\node_modules\router\lib\layer.js:152:17)
    at trimPrefix (C:\react project\x\the-karan-singh-vaidh\the-karan-singh-vaidh\server\node_modules\router\index.js:342:13)
    at C:\react project\x\the-karan-singh-vaidh\the-karan-singh-vaidh\server\node_modules\router\index.js:297:9

[2026-02-20T16:09:05.150Z] 404 - Not Found - /socket.io/?EIO=4&transport=polling&t=34mf0iij
Error: Not Found - /socket.io/?EIO=4&transport=polling&t=34mf0iij
    at notFound (C:\react project\x\the-karan-singh-vaidh\the-karan-singh-vaidh\server\middleware\errorMiddleware.js:2:19)
    at Layer.handleRequest (C:\react project\x\the-karan-singh-vaidh\the-karan-singh-vaidh\server\node_modules\router\lib\layer.js:152:17)
    at trimPrefix (C:\react project\x\the-karan-singh-vaidh\the-karan-singh-vaidh\server\node_modules\router\index.js:342:13)
    at C:\react project\x\the-karan-singh-vaidh\the-karan-singh-vaidh\server\node_modules\router\index.js:297:9
    at processParams (C:\react project\x\the-karan-singh-vaidh\the-karan-singh-vaidh\server\node_modules\router\index.js:582:12)
    at next (C:\react project\x\the-karan-singh-vaidh\the-karan-singh-vaidh\server\node_modules\router\index.js:291:5)
    at logger (C:\react project\x\the-karan-singh-vaidh\the-karan-singh-vaidh\server\node_modules\morgan\index.js:144:5)
    at Layer.handleRequest (C:\react project\x\the-karan-singh-vaidh\the-karan-singh-vaidh\server\node_modules\router\lib\layer.js:152:17)
    at trimPrefix (C:\react project\x\the-karan-singh-vaidh\the-karan-singh-vaidh\server\node_modules\router\index.js:342:13)
    at C:\react project\x\the-karan-singh-vaidh\the-karan-singh-vaidh\server\node_modules\router\index.js:297:9

[2026-02-20T16:09:11.157Z] 404 - Not Found - /socket.io/?EIO=4&transport=polling&t=34r1umx6
Error: Not Found - /socket.io/?EIO=4&transport=polling&t=34r1umx6
    at notFound (C:\react project\x\the-karan-singh-vaidh\the-karan-singh-vaidh\server\middleware\errorMiddleware.js:2:19)
    at Layer.handleRequest (C:\react project\x\the-karan-singh-vaidh\the-karan-singh-vaidh\server\node_modules\router\lib\layer.js:152:17)
    at trimPrefix (C:\react project\x\the-karan-singh-vaidh\the-karan-singh-vaidh\server\node_modules\router\index.js:342:13)
    at C:\react project\x\the-karan-singh-vaidh\the-karan-singh-vaidh\server\node_modules\router\index.js:297:9
    at processParams (C:\react project\x\the-karan-singh-vaidh\the-karan-singh-vaidh\server\node_modules\router\index.js:582:12)
    at next (C:\react project\x\the-karan-singh-vaidh\the-karan-singh-vaidh\server\node_modules\router\index.js:291:5)
    at logger (C:\react project\x\the-karan-singh-vaidh\the-karan-singh-vaidh\server\node_modules\morgan\index.js:144:5)
    at Layer.handleRequest (C:\react project\x\the-karan-singh-vaidh\the-karan-singh-vaidh\server\node_modules\router\lib\layer.js:152:17)
    at trimPrefix (C:\react project\x\the-karan-singh-vaidh\the-karan-singh-vaidh\server\node_modules\router\index.js:342:13)
    at C:\react project\x\the-karan-singh-vaidh\the-karan-singh-vaidh\server\node_modules\router\index.js:297:9

[2026-02-20T16:09:17.164Z] 404 - Not Found - /socket.io/?EIO=4&transport=polling&t=34voq8xy
Error: Not Found - /socket.io/?EIO=4&transport=polling&t=34voq8xy
    at notFound (C:\react project\x\the-karan-singh-vaidh\the-karan-singh-vaidh\server\middleware\errorMiddleware.js:2:19)
    at Layer.handleRequest (C:\react project\x\the-karan-singh-vaidh\the-karan-singh-vaidh\server\node_modules\router\lib\layer.js:152:17)
    at trimPrefix (C:\react project\x\the-karan-singh-vaidh\the-karan-singh-vaidh\server\node_modules\router\index.js:342:13)
    at C:\react project\x\the-karan-singh-vaidh\the-karan-singh-vaidh\server\node_modules\router\index.js:297:9
    at processParams (C:\react project\x\the-karan-singh-vaidh\the-karan-singh-vaidh\server\node_modules\router\index.js:582:12)
    at next (C:\react project\x\the-karan-singh-vaidh\the-karan-singh-vaidh\server\node_modules\router\index.js:291:5)
    at logger (C:\react project\x\the-karan-singh-vaidh\the-karan-singh-vaidh\server\node_modules\morgan\index.js:144:5)
    at Layer.handleRequest (C:\react project\x\the-karan-singh-vaidh\the-karan-singh-vaidh\server\node_modules\router\lib\layer.js:152:17)
    at trimPrefix (C:\react project\x\the-karan-singh-vaidh\the-karan-singh-vaidh\server\node_modules\router\index.js:342:13)
    at C:\react project\x\the-karan-singh-vaidh\the-karan-singh-vaidh\server\node_modules\router\index.js:297:9

[2026-02-20T16:09:23.159Z] 404 - Not Found - /socket.io/?EIO=4&transport=polling&t=350b8qz7
Error: Not Found - /socket.io/?EIO=4&transport=polling&t=350b8qz7
    at notFound (C:\react project\x\the-karan-singh-vaidh\the-karan-singh-vaidh\server\middleware\errorMiddleware.js:2:19)
    at Layer.handleRequest (C:\react project\x\the-karan-singh-vaidh\the-karan-singh-vaidh\server\node_modules\router\lib\layer.js:152:17)
    at trimPrefix (C:\react project\x\the-karan-singh-vaidh\the-karan-singh-vaidh\server\node_modules\router\index.js:342:13)
    at C:\react project\x\the-karan-singh-vaidh\the-karan-singh-vaidh\server\node_modules\router\index.js:297:9
    at processParams (C:\react project\x\the-karan-singh-vaidh\the-karan-singh-vaidh\server\node_modules\router\index.js:582:12)
    at next (C:\react project\x\the-karan-singh-vaidh\the-karan-singh-vaidh\server\node_modules\router\index.js:291:5)
    at logger (C:\react project\x\the-karan-singh-vaidh\the-karan-singh-vaidh\server\node_modules\morgan\index.js:144:5)
    at Layer.handleRequest (C:\react project\x\the-karan-singh-vaidh\the-karan-singh-vaidh\server\node_modules\router\lib\layer.js:152:17)
    at trimPrefix (C:\react project\x\the-karan-singh-vaidh\the-karan-singh-vaidh\server\node_modules\router\index.js:342:13)
    at C:\react project\x\the-karan-singh-vaidh\the-karan-singh-vaidh\server\node_modules\router\index.js:297:9

[2026-02-20T16:09:27.178Z] 404 - Not Found - /api/activity/stats/699815a20e67b6e7f5f3d7fa
Error: Not Found - /api/activity/stats/699815a20e67b6e7f5f3d7fa
    at notFound (C:\react project\x\the-karan-singh-vaidh\the-karan-singh-vaidh\server\middleware\errorMiddleware.js:2:19)
    at Layer.handleRequest (C:\react project\x\the-karan-singh-vaidh\the-karan-singh-vaidh\server\node_modules\router\lib\layer.js:152:17)
    at trimPrefix (C:\react project\x\the-karan-singh-vaidh\the-karan-singh-vaidh\server\node_modules\router\index.js:342:13)
    at C:\react project\x\the-karan-singh-vaidh\the-karan-singh-vaidh\server\node_modules\router\index.js:297:9
    at processParams (C:\react project\x\the-karan-singh-vaidh\the-karan-singh-vaidh\server\node_modules\router\index.js:582:12)
    at next (C:\react project\x\the-karan-singh-vaidh\the-karan-singh-vaidh\server\node_modules\router\index.js:291:5)
    at logger (C:\react project\x\the-karan-singh-vaidh\the-karan-singh-vaidh\server\node_modules\morgan\index.js:144:5)
    at Layer.handleRequest (C:\react project\x\the-karan-singh-vaidh\the-karan-singh-vaidh\server\node_modules\router\lib\layer.js:152:17)
    at trimPrefix (C:\react project\x\the-karan-singh-vaidh\the-karan-singh-vaidh\server\node_modules\router\index.js:342:13)
    at C:\react project\x\the-karan-singh-vaidh\the-karan-singh-vaidh\server\node_modules\router\index.js:297:9

[2026-02-20T16:09:29.151Z] 404 - Not Found - /socket.io/?EIO=4&transport=polling&t=354xoubf
Error: Not Found - /socket.io/?EIO=4&transport=polling&t=354xoubf
    at notFound (C:\react project\x\the-karan-singh-vaidh\the-karan-singh-vaidh\server\middleware\errorMiddleware.js:2:19)
    at Layer.handleRequest (C:\react project\x\the-karan-singh-vaidh\the-karan-singh-vaidh\server\node_modules\router\lib\layer.js:152:17)
    at trimPrefix (C:\react project\x\the-karan-singh-vaidh\the-karan-singh-vaidh\server\node_modules\router\index.js:342:13)
    at C:\react project\x\the-karan-singh-vaidh\the-karan-singh-vaidh\server\node_modules\router\index.js:297:9
    at processParams (C:\react project\x\the-karan-singh-vaidh\the-karan-singh-vaidh\server\node_modules\router\index.js:582:12)
    at next (C:\react project\x\the-karan-singh-vaidh\the-karan-singh-vaidh\server\node_modules\router\index.js:291:5)
    at logger (C:\react project\x\the-karan-singh-vaidh\the-karan-singh-vaidh\server\node_modules\morgan\index.js:144:5)
    at Layer.handleRequest (C:\react project\x\the-karan-singh-vaidh\the-karan-singh-vaidh\server\node_modules\router\lib\layer.js:152:17)
    at trimPrefix (C:\react project\x\the-karan-singh-vaidh\the-karan-singh-vaidh\server\node_modules\router\index.js:342:13)
    at C:\react project\x\the-karan-singh-vaidh\the-karan-singh-vaidh\server\node_modules\router\index.js:297:9

[2026-02-20T16:09:35.168Z] 404 - Not Found - /socket.io/?EIO=4&transport=polling&t=359kr7wn
Error: Not Found - /socket.io/?EIO=4&transport=polling&t=359kr7wn
    at notFound (C:\react project\x\the-karan-singh-vaidh\the-karan-singh-vaidh\server\middleware\errorMiddleware.js:2:19)
    at Layer.handleRequest (C:\react project\x\the-karan-singh-vaidh\the-karan-singh-vaidh\server\node_modules\router\lib\layer.js:152:17)
    at trimPrefix (C:\react project\x\the-karan-singh-vaidh\the-karan-singh-vaidh\server\node_modules\router\index.js:342:13)
    at C:\react project\x\the-karan-singh-vaidh\the-karan-singh-vaidh\server\node_modules\router\index.js:297:9
    at processParams (C:\react project\x\the-karan-singh-vaidh\the-karan-singh-vaidh\server\node_modules\router\index.js:582:12)
    at next (C:\react project\x\the-karan-singh-vaidh\the-karan-singh-vaidh\server\node_modules\router\index.js:291:5)
    at logger (C:\react project\x\the-karan-singh-vaidh\the-karan-singh-vaidh\server\node_modules\morgan\index.js:144:5)
    at Layer.handleRequest (C:\react project\x\the-karan-singh-vaidh\the-karan-singh-vaidh\server\node_modules\router\lib\layer.js:152:17)
    at trimPrefix (C:\react project\x\the-karan-singh-vaidh\the-karan-singh-vaidh\server\node_modules\router\index.js:342:13)
    at C:\react project\x\the-karan-singh-vaidh\the-karan-singh-vaidh\server\node_modules\router\index.js:297:9

[2026-02-20T16:09:41.163Z] 404 - Not Found - /socket.io/?EIO=4&transport=polling&t=35e7cu4n
Error: Not Found - /socket.io/?EIO=4&transport=polling&t=35e7cu4n
    at notFound (C:\react project\x\the-karan-singh-vaidh\the-karan-singh-vaidh\server\middleware\errorMiddleware.js:2:19)
    at Layer.handleRequest (C:\react project\x\the-karan-singh-vaidh\the-karan-singh-vaidh\server\node_modules\router\lib\layer.js:152:17)
    at trimPrefix (C:\react project\x\the-karan-singh-vaidh\the-karan-singh-vaidh\server\node_modules\router\index.js:342:13)
    at C:\react project\x\the-karan-singh-vaidh\the-karan-singh-vaidh\server\node_modules\router\index.js:297:9
    at processParams (C:\react project\x\the-karan-singh-vaidh\the-karan-singh-vaidh\server\node_modules\router\index.js:582:12)
    at next (C:\react project\x\the-karan-singh-vaidh\the-karan-singh-vaidh\server\node_modules\router\index.js:291:5)
    at logger (C:\react project\x\the-karan-singh-vaidh\the-karan-singh-vaidh\server\node_modules\morgan\index.js:144:5)
    at Layer.handleRequest (C:\react project\x\the-karan-singh-vaidh\the-karan-singh-vaidh\server\node_modules\router\lib\layer.js:152:17)
    at trimPrefix (C:\react project\x\the-karan-singh-vaidh\the-karan-singh-vaidh\server\node_modules\router\index.js:342:13)
    at C:\react project\x\the-karan-singh-vaidh\the-karan-singh-vaidh\server\node_modules\router\index.js:297:9

[2026-02-20T16:09:47.155Z] 404 - Not Found - /socket.io/?EIO=4&transport=polling&t=35itsmc2
Error: Not Found - /socket.io/?EIO=4&transport=polling&t=35itsmc2
    at notFound (C:\react project\x\the-karan-singh-vaidh\the-karan-singh-vaidh\server\middleware\errorMiddleware.js:2:19)
    at Layer.handleRequest (C:\react project\x\the-karan-singh-vaidh\the-karan-singh-vaidh\server\node_modules\router\lib\layer.js:152:17)
    at trimPrefix (C:\react project\x\the-karan-singh-vaidh\the-karan-singh-vaidh\server\node_modules\router\index.js:342:13)
    at C:\react project\x\the-karan-singh-vaidh\the-karan-singh-vaidh\server\node_modules\router\index.js:297:9
    at processParams (C:\react project\x\the-karan-singh-vaidh\the-karan-singh-vaidh\server\node_modules\router\index.js:582:12)
    at next (C:\react project\x\the-karan-singh-vaidh\the-karan-singh-vaidh\server\node_modules\router\index.js:291:5)
    at logger (C:\react project\x\the-karan-singh-vaidh\the-karan-singh-vaidh\server\node_modules\morgan\index.js:144:5)
    at Layer.handleRequest (C:\react project\x\the-karan-singh-vaidh\the-karan-singh-vaidh\server\node_modules\router\lib\layer.js:152:17)
    at trimPrefix (C:\react project\x\the-karan-singh-vaidh\the-karan-singh-vaidh\server\node_modules\router\index.js:342:13)
    at C:\react project\x\the-karan-singh-vaidh\the-karan-singh-vaidh\server\node_modules\router\index.js:297:9

[2026-02-20T16:09:53.163Z] 404 - Not Found - /socket.io/?EIO=4&transport=polling&t=35ngouwk
Error: Not Found - /socket.io/?EIO=4&transport=polling&t=35ngouwk
    at notFound (C:\react project\x\the-karan-singh-vaidh\the-karan-singh-vaidh\server\middleware\errorMiddleware.js:2:19)
    at Layer.handleRequest (C:\react project\x\the-karan-singh-vaidh\the-karan-singh-vaidh\server\node_modules\router\lib\layer.js:152:17)
    at trimPrefix (C:\react project\x\the-karan-singh-vaidh\the-karan-singh-vaidh\server\node_modules\router\index.js:342:13)
    at C:\react project\x\the-karan-singh-vaidh\the-karan-singh-vaidh\server\node_modules\router\index.js:297:9
    at processParams (C:\react project\x\the-karan-singh-vaidh\the-karan-singh-vaidh\server\node_modules\router\index.js:582:12)
    at next (C:\react project\x\the-karan-singh-vaidh\the-karan-singh-vaidh\server\node_modules\router\index.js:291:5)
    at logger (C:\react project\x\the-karan-singh-vaidh\the-karan-singh-vaidh\server\node_modules\morgan\index.js:144:5)
    at Layer.handleRequest (C:\react project\x\the-karan-singh-vaidh\the-karan-singh-vaidh\server\node_modules\router\lib\layer.js:152:17)
    at trimPrefix (C:\react project\x\the-karan-singh-vaidh\the-karan-singh-vaidh\server\node_modules\router\index.js:342:13)
    at C:\react project\x\the-karan-singh-vaidh\the-karan-singh-vaidh\server\node_modules\router\index.js:297:9

[2026-02-20T16:09:59.161Z] 404 - Not Found - /socket.io/?EIO=4&transport=polling&t=35s3aeos
Error: Not Found - /socket.io/?EIO=4&transport=polling&t=35s3aeos
    at notFound (C:\react project\x\the-karan-singh-vaidh\the-karan-singh-vaidh\server\middleware\errorMiddleware.js:2:19)
    at Layer.handleRequest (C:\react project\x\the-karan-singh-vaidh\the-karan-singh-vaidh\server\node_modules\router\lib\layer.js:152:17)
    at trimPrefix (C:\react project\x\the-karan-singh-vaidh\the-karan-singh-vaidh\server\node_modules\router\index.js:342:13)
    at C:\react project\x\the-karan-singh-vaidh\the-karan-singh-vaidh\server\node_modules\router\index.js:297:9
    at processParams (C:\react project\x\the-karan-singh-vaidh\the-karan-singh-vaidh\server\node_modules\router\index.js:582:12)
    at next (C:\react project\x\the-karan-singh-vaidh\the-karan-singh-vaidh\server\node_modules\router\index.js:291:5)
    at logger (C:\react project\x\the-karan-singh-vaidh\the-karan-singh-vaidh\server\node_modules\morgan\index.js:144:5)
    at Layer.handleRequest (C:\react project\x\the-karan-singh-vaidh\the-karan-singh-vaidh\server\node_modules\router\lib\layer.js:152:17)
    at trimPrefix (C:\react project\x\the-karan-singh-vaidh\the-karan-singh-vaidh\server\node_modules\router\index.js:342:13)
    at C:\react project\x\the-karan-singh-vaidh\the-karan-singh-vaidh\server\node_modules\router\index.js:297:9

[2026-02-20T16:10:05.162Z] 404 - Not Found - /socket.io/?EIO=4&transport=polling&t=35wpz1f7
Error: Not Found - /socket.io/?EIO=4&transport=polling&t=35wpz1f7
    at notFound (C:\react project\x\the-karan-singh-vaidh\the-karan-singh-vaidh\server\middleware\errorMiddleware.js:2:19)
    at Layer.handleRequest (C:\react project\x\the-karan-singh-vaidh\the-karan-singh-vaidh\server\node_modules\router\lib\layer.js:152:17)
    at trimPrefix (C:\react project\x\the-karan-singh-vaidh\the-karan-singh-vaidh\server\node_modules\router\index.js:342:13)
    at C:\react project\x\the-karan-singh-vaidh\the-karan-singh-vaidh\server\node_modules\router\index.js:297:9
    at processParams (C:\react project\x\the-karan-singh-vaidh\the-karan-singh-vaidh\server\node_modules\router\index.js:582:12)
    at next (C:\react project\x\the-karan-singh-vaidh\the-karan-singh-vaidh\server\node_modules\router\index.js:291:5)
    at logger (C:\react project\x\the-karan-singh-vaidh\the-karan-singh-vaidh\server\node_modules\morgan\index.js:144:5)
    at Layer.handleRequest (C:\react project\x\the-karan-singh-vaidh\the-karan-singh-vaidh\server\node_modules\router\lib\layer.js:152:17)
    at trimPrefix (C:\react project\x\the-karan-singh-vaidh\the-karan-singh-vaidh\server\node_modules\router\index.js:342:13)
    at C:\react project\x\the-karan-singh-vaidh\the-karan-singh-vaidh\server\node_modules\router\index.js:297:9

[2026-02-20T16:10:11.158Z] 404 - Not Found - /socket.io/?EIO=4&transport=polling&t=361ch5jb
Error: Not Found - /socket.io/?EIO=4&transport=polling&t=361ch5jb
    at notFound (C:\react project\x\the-karan-singh-vaidh\the-karan-singh-vaidh\server\middleware\errorMiddleware.js:2:19)
    at Layer.handleRequest (C:\react project\x\the-karan-singh-vaidh\the-karan-singh-vaidh\server\node_modules\router\lib\layer.js:152:17)
    at trimPrefix (C:\react project\x\the-karan-singh-vaidh\the-karan-singh-vaidh\server\node_modules\router\index.js:342:13)
    at C:\react project\x\the-karan-singh-vaidh\the-karan-singh-vaidh\server\node_modules\router\index.js:297:9
    at processParams (C:\react project\x\the-karan-singh-vaidh\the-karan-singh-vaidh\server\node_modules\router\index.js:582:12)
    at next (C:\react project\x\the-karan-singh-vaidh\the-karan-singh-vaidh\server\node_modules\router\index.js:291:5)
    at logger (C:\react project\x\the-karan-singh-vaidh\the-karan-singh-vaidh\server\node_modules\morgan\index.js:144:5)
    at Layer.handleRequest (C:\react project\x\the-karan-singh-vaidh\the-karan-singh-vaidh\server\node_modules\router\lib\layer.js:152:17)
    at trimPrefix (C:\react project\x\the-karan-singh-vaidh\the-karan-singh-vaidh\server\node_modules\router\index.js:342:13)
    at C:\react project\x\the-karan-singh-vaidh\the-karan-singh-vaidh\server\node_modules\router\index.js:297:9

[2026-02-20T16:10:17.165Z] 404 - Not Found - /socket.io/?EIO=4&transport=polling&t=365zdyrc
Error: Not Found - /socket.io/?EIO=4&transport=polling&t=365zdyrc
    at notFound (C:\react project\x\the-karan-singh-vaidh\the-karan-singh-vaidh\server\middleware\errorMiddleware.js:2:19)
    at Layer.handleRequest (C:\react project\x\the-karan-singh-vaidh\the-karan-singh-vaidh\server\node_modules\router\lib\layer.js:152:17)
    at trimPrefix (C:\react project\x\the-karan-singh-vaidh\the-karan-singh-vaidh\server\node_modules\router\index.js:342:13)
    at C:\react project\x\the-karan-singh-vaidh\the-karan-singh-vaidh\server\node_modules\router\index.js:297:9
    at processParams (C:\react project\x\the-karan-singh-vaidh\the-karan-singh-vaidh\server\node_modules\router\index.js:582:12)
    at next (C:\react project\x\the-karan-singh-vaidh\the-karan-singh-vaidh\server\node_modules\router\index.js:291:5)
    at logger (C:\react project\x\the-karan-singh-vaidh\the-karan-singh-vaidh\server\node_modules\morgan\index.js:144:5)
    at Layer.handleRequest (C:\react project\x\the-karan-singh-vaidh\the-karan-singh-vaidh\server\node_modules\router\lib\layer.js:152:17)
    at trimPrefix (C:\react project\x\the-karan-singh-vaidh\the-karan-singh-vaidh\server\node_modules\router\index.js:342:13)
    at C:\react project\x\the-karan-singh-vaidh\the-karan-singh-vaidh\server\node_modules\router\index.js:297:9

[2026-02-20T16:10:23.164Z] 404 - Not Found - /socket.io/?EIO=4&transport=polling&t=36alzsvy
Error: Not Found - /socket.io/?EIO=4&transport=polling&t=36alzsvy
    at notFound (C:\react project\x\the-karan-singh-vaidh\the-karan-singh-vaidh\server\middleware\errorMiddleware.js:2:19)
    at Layer.handleRequest (C:\react project\x\the-karan-singh-vaidh\the-karan-singh-vaidh\server\node_modules\router\lib\layer.js:152:17)
    at trimPrefix (C:\react project\x\the-karan-singh-vaidh\the-karan-singh-vaidh\server\node_modules\router\index.js:342:13)
    at C:\react project\x\the-karan-singh-vaidh\the-karan-singh-vaidh\server\node_modules\router\index.js:297:9
    at processParams (C:\react project\x\the-karan-singh-vaidh\the-karan-singh-vaidh\server\node_modules\router\index.js:582:12)
    at next (C:\react project\x\the-karan-singh-vaidh\the-karan-singh-vaidh\server\node_modules\router\index.js:291:5)
    at logger (C:\react project\x\the-karan-singh-vaidh\the-karan-singh-vaidh\server\node_modules\morgan\index.js:144:5)
    at Layer.handleRequest (C:\react project\x\the-karan-singh-vaidh\the-karan-singh-vaidh\server\node_modules\router\lib\layer.js:152:17)
    at trimPrefix (C:\react project\x\the-karan-singh-vaidh\the-karan-singh-vaidh\server\node_modules\router\index.js:342:13)
    at C:\react project\x\the-karan-singh-vaidh\the-karan-singh-vaidh\server\node_modules\router\index.js:297:9

[2026-02-20T16:10:27.169Z] 404 - Not Found - /api/activity/stats/699815a20e67b6e7f5f3d7fa
Error: Not Found - /api/activity/stats/699815a20e67b6e7f5f3d7fa
    at notFound (C:\react project\x\the-karan-singh-vaidh\the-karan-singh-vaidh\server\middleware\errorMiddleware.js:2:19)
    at Layer.handleRequest (C:\react project\x\the-karan-singh-vaidh\the-karan-singh-vaidh\server\node_modules\router\lib\layer.js:152:17)
    at trimPrefix (C:\react project\x\the-karan-singh-vaidh\the-karan-singh-vaidh\server\node_modules\router\index.js:342:13)
    at C:\react project\x\the-karan-singh-vaidh\the-karan-singh-vaidh\server\node_modules\router\index.js:297:9
    at processParams (C:\react project\x\the-karan-singh-vaidh\the-karan-singh-vaidh\server\node_modules\router\index.js:582:12)
    at next (C:\react project\x\the-karan-singh-vaidh\the-karan-singh-vaidh\server\node_modules\router\index.js:291:5)
    at logger (C:\react project\x\the-karan-singh-vaidh\the-karan-singh-vaidh\server\node_modules\morgan\index.js:144:5)
    at Layer.handleRequest (C:\react project\x\the-karan-singh-vaidh\the-karan-singh-vaidh\server\node_modules\router\lib\layer.js:152:17)
    at trimPrefix (C:\react project\x\the-karan-singh-vaidh\the-karan-singh-vaidh\server\node_modules\router\index.js:342:13)
    at C:\react project\x\the-karan-singh-vaidh\the-karan-singh-vaidh\server\node_modules\router\index.js:297:9

[2026-02-20T16:10:29.168Z] 404 - Not Found - /socket.io/?EIO=4&transport=polling&t=36f8rcdf
Error: Not Found - /socket.io/?EIO=4&transport=polling&t=36f8rcdf
    at notFound (C:\react project\x\the-karan-singh-vaidh\the-karan-singh-vaidh\server\middleware\errorMiddleware.js:2:19)
    at Layer.handleRequest (C:\react project\x\the-karan-singh-vaidh\the-karan-singh-vaidh\server\node_modules\router\lib\layer.js:152:17)
    at trimPrefix (C:\react project\x\the-karan-singh-vaidh\the-karan-singh-vaidh\server\node_modules\router\index.js:342:13)
    at C:\react project\x\the-karan-singh-vaidh\the-karan-singh-vaidh\server\node_modules\router\index.js:297:9
    at processParams (C:\react project\x\the-karan-singh-vaidh\the-karan-singh-vaidh\server\node_modules\router\index.js:582:12)
    at next (C:\react project\x\the-karan-singh-vaidh\the-karan-singh-vaidh\server\node_modules\router\index.js:291:5)
    at logger (C:\react project\x\the-karan-singh-vaidh\the-karan-singh-vaidh\server\node_modules\morgan\index.js:144:5)
    at Layer.handleRequest (C:\react project\x\the-karan-singh-vaidh\the-karan-singh-vaidh\server\node_modules\router\lib\layer.js:152:17)
    at trimPrefix (C:\react project\x\the-karan-singh-vaidh\the-karan-singh-vaidh\server\node_modules\router\index.js:342:13)
    at C:\react project\x\the-karan-singh-vaidh\the-karan-singh-vaidh\server\node_modules\router\index.js:297:9

[2026-02-20T16:10:35.185Z] 404 - Not Found - /socket.io/?EIO=4&transport=polling&t=36jv5k85
Error: Not Found - /socket.io/?EIO=4&transport=polling&t=36jv5k85
    at notFound (C:\react project\x\the-karan-singh-vaidh\the-karan-singh-vaidh\server\middleware\errorMiddleware.js:2:19)
    at Layer.handleRequest (C:\react project\x\the-karan-singh-vaidh\the-karan-singh-vaidh\server\node_modules\router\lib\layer.js:152:17)
    at trimPrefix (C:\react project\x\the-karan-singh-vaidh\the-karan-singh-vaidh\server\node_modules\router\index.js:342:13)
    at C:\react project\x\the-karan-singh-vaidh\the-karan-singh-vaidh\server\node_modules\router\index.js:297:9
    at processParams (C:\react project\x\the-karan-singh-vaidh\the-karan-singh-vaidh\server\node_modules\router\index.js:582:12)
    at next (C:\react project\x\the-karan-singh-vaidh\the-karan-singh-vaidh\server\node_modules\router\index.js:291:5)
    at logger (C:\react project\x\the-karan-singh-vaidh\the-karan-singh-vaidh\server\node_modules\morgan\index.js:144:5)
    at Layer.handleRequest (C:\react project\x\the-karan-singh-vaidh\the-karan-singh-vaidh\server\node_modules\router\lib\layer.js:152:17)
    at trimPrefix (C:\react project\x\the-karan-singh-vaidh\the-karan-singh-vaidh\server\node_modules\router\index.js:342:13)
    at C:\react project\x\the-karan-singh-vaidh\the-karan-singh-vaidh\server\node_modules\router\index.js:297:9

[2026-02-20T16:10:41.161Z] 404 - Not Found - /socket.io/?EIO=4&transport=polling&t=36ohx20s
Error: Not Found - /socket.io/?EIO=4&transport=polling&t=36ohx20s
    at notFound (C:\react project\x\the-karan-singh-vaidh\the-karan-singh-vaidh\server\middleware\errorMiddleware.js:2:19)
    at Layer.handleRequest (C:\react project\x\the-karan-singh-vaidh\the-karan-singh-vaidh\server\node_modules\router\lib\layer.js:152:17)
    at trimPrefix (C:\react project\x\the-karan-singh-vaidh\the-karan-singh-vaidh\server\node_modules\router\index.js:342:13)
    at C:\react project\x\the-karan-singh-vaidh\the-karan-singh-vaidh\server\node_modules\router\index.js:297:9
    at processParams (C:\react project\x\the-karan-singh-vaidh\the-karan-singh-vaidh\server\node_modules\router\index.js:582:12)
    at next (C:\react project\x\the-karan-singh-vaidh\the-karan-singh-vaidh\server\node_modules\router\index.js:291:5)
    at logger (C:\react project\x\the-karan-singh-vaidh\the-karan-singh-vaidh\server\node_modules\morgan\index.js:144:5)
    at Layer.handleRequest (C:\react project\x\the-karan-singh-vaidh\the-karan-singh-vaidh\server\node_modules\router\lib\layer.js:152:17)
    at trimPrefix (C:\react project\x\the-karan-singh-vaidh\the-karan-singh-vaidh\server\node_modules\router\index.js:342:13)
    at C:\react project\x\the-karan-singh-vaidh\the-karan-singh-vaidh\server\node_modules\router\index.js:297:9

[2026-02-20T16:10:47.164Z] 404 - Not Found - /socket.io/?EIO=4&transport=polling&t=36t4rzex
Error: Not Found - /socket.io/?EIO=4&transport=polling&t=36t4rzex
    at notFound (C:\react project\x\the-karan-singh-vaidh\the-karan-singh-vaidh\server\middleware\errorMiddleware.js:2:19)
    at Layer.handleRequest (C:\react project\x\the-karan-singh-vaidh\the-karan-singh-vaidh\server\node_modules\router\lib\layer.js:152:17)
    at trimPrefix (C:\react project\x\the-karan-singh-vaidh\the-karan-singh-vaidh\server\node_modules\router\index.js:342:13)
    at C:\react project\x\the-karan-singh-vaidh\the-karan-singh-vaidh\server\node_modules\router\index.js:297:9
    at processParams (C:\react project\x\the-karan-singh-vaidh\the-karan-singh-vaidh\server\node_modules\router\index.js:582:12)
    at next (C:\react project\x\the-karan-singh-vaidh\the-karan-singh-vaidh\server\node_modules\router\index.js:291:5)
    at logger (C:\react project\x\the-karan-singh-vaidh\the-karan-singh-vaidh\server\node_modules\morgan\index.js:144:5)
    at Layer.handleRequest (C:\react project\x\the-karan-singh-vaidh\the-karan-singh-vaidh\server\node_modules\router\lib\layer.js:152:17)
    at trimPrefix (C:\react project\x\the-karan-singh-vaidh\the-karan-singh-vaidh\server\node_modules\router\index.js:342:13)
    at C:\react project\x\the-karan-singh-vaidh\the-karan-singh-vaidh\server\node_modules\router\index.js:297:9

[2026-02-20T16:10:53.165Z] 404 - Not Found - /socket.io/?EIO=4&transport=polling&t=36xregh7
Error: Not Found - /socket.io/?EIO=4&transport=polling&t=36xregh7
    at notFound (C:\react project\x\the-karan-singh-vaidh\the-karan-singh-vaidh\server\middleware\errorMiddleware.js:2:19)
    at Layer.handleRequest (C:\react project\x\the-karan-singh-vaidh\the-karan-singh-vaidh\server\node_modules\router\lib\layer.js:152:17)
    at trimPrefix (C:\react project\x\the-karan-singh-vaidh\the-karan-singh-vaidh\server\node_modules\router\index.js:342:13)
    at C:\react project\x\the-karan-singh-vaidh\the-karan-singh-vaidh\server\node_modules\router\index.js:297:9
    at processParams (C:\react project\x\the-karan-singh-vaidh\the-karan-singh-vaidh\server\node_modules\router\index.js:582:12)
    at next (C:\react project\x\the-karan-singh-vaidh\the-karan-singh-vaidh\server\node_modules\router\index.js:291:5)
    at logger (C:\react project\x\the-karan-singh-vaidh\the-karan-singh-vaidh\server\node_modules\morgan\index.js:144:5)
    at Layer.handleRequest (C:\react project\x\the-karan-singh-vaidh\the-karan-singh-vaidh\server\node_modules\router\lib\layer.js:152:17)
    at trimPrefix (C:\react project\x\the-karan-singh-vaidh\the-karan-singh-vaidh\server\node_modules\router\index.js:342:13)
    at C:\react project\x\the-karan-singh-vaidh\the-karan-singh-vaidh\server\node_modules\router\index.js:297:9

[2026-02-20T16:10:59.157Z] 404 - Not Found - /socket.io/?EIO=4&transport=polling&t=372dv3ob
Error: Not Found - /socket.io/?EIO=4&transport=polling&t=372dv3ob
    at notFound (C:\react project\x\the-karan-singh-vaidh\the-karan-singh-vaidh\server\middleware\errorMiddleware.js:2:19)
    at Layer.handleRequest (C:\react project\x\the-karan-singh-vaidh\the-karan-singh-vaidh\server\node_modules\router\lib\layer.js:152:17)
    at trimPrefix (C:\react project\x\the-karan-singh-vaidh\the-karan-singh-vaidh\server\node_modules\router\index.js:342:13)
    at C:\react project\x\the-karan-singh-vaidh\the-karan-singh-vaidh\server\node_modules\router\index.js:297:9
    at processParams (C:\react project\x\the-karan-singh-vaidh\the-karan-singh-vaidh\server\node_modules\router\index.js:582:12)
    at next (C:\react project\x\the-karan-singh-vaidh\the-karan-singh-vaidh\server\node_modules\router\index.js:291:5)
    at logger (C:\react project\x\the-karan-singh-vaidh\the-karan-singh-vaidh\server\node_modules\morgan\index.js:144:5)
    at Layer.handleRequest (C:\react project\x\the-karan-singh-vaidh\the-karan-singh-vaidh\server\node_modules\router\lib\layer.js:152:17)
    at trimPrefix (C:\react project\x\the-karan-singh-vaidh\the-karan-singh-vaidh\server\node_modules\router\index.js:342:13)
    at C:\react project\x\the-karan-singh-vaidh\the-karan-singh-vaidh\server\node_modules\router\index.js:297:9

[2026-02-20T16:11:05.157Z] 404 - Not Found - /socket.io/?EIO=4&transport=polling&t=3770ji8f
Error: Not Found - /socket.io/?EIO=4&transport=polling&t=3770ji8f
    at notFound (C:\react project\x\the-karan-singh-vaidh\the-karan-singh-vaidh\server\middleware\errorMiddleware.js:2:19)
    at Layer.handleRequest (C:\react project\x\the-karan-singh-vaidh\the-karan-singh-vaidh\server\node_modules\router\lib\layer.js:152:17)
    at trimPrefix (C:\react project\x\the-karan-singh-vaidh\the-karan-singh-vaidh\server\node_modules\router\index.js:342:13)
    at C:\react project\x\the-karan-singh-vaidh\the-karan-singh-vaidh\server\node_modules\router\index.js:297:9
    at processParams (C:\react project\x\the-karan-singh-vaidh\the-karan-singh-vaidh\server\node_modules\router\index.js:582:12)
    at next (C:\react project\x\the-karan-singh-vaidh\the-karan-singh-vaidh\server\node_modules\router\index.js:291:5)
    at logger (C:\react project\x\the-karan-singh-vaidh\the-karan-singh-vaidh\server\node_modules\morgan\index.js:144:5)
    at Layer.handleRequest (C:\react project\x\the-karan-singh-vaidh\the-karan-singh-vaidh\server\node_modules\router\lib\layer.js:152:17)
    at trimPrefix (C:\react project\x\the-karan-singh-vaidh\the-karan-singh-vaidh\server\node_modules\router\index.js:342:13)
    at C:\react project\x\the-karan-singh-vaidh\the-karan-singh-vaidh\server\node_modules\router\index.js:297:9

[2026-02-20T16:11:11.152Z] 404 - Not Found - /socket.io/?EIO=4&transport=polling&t=37bn27ta
Error: Not Found - /socket.io/?EIO=4&transport=polling&t=37bn27ta
    at notFound (C:\react project\x\the-karan-singh-vaidh\the-karan-singh-vaidh\server\middleware\errorMiddleware.js:2:19)
    at Layer.handleRequest (C:\react project\x\the-karan-singh-vaidh\the-karan-singh-vaidh\server\node_modules\router\lib\layer.js:152:17)
    at trimPrefix (C:\react project\x\the-karan-singh-vaidh\the-karan-singh-vaidh\server\node_modules\router\index.js:342:13)
    at C:\react project\x\the-karan-singh-vaidh\the-karan-singh-vaidh\server\node_modules\router\index.js:297:9
    at processParams (C:\react project\x\the-karan-singh-vaidh\the-karan-singh-vaidh\server\node_modules\router\index.js:582:12)
    at next (C:\react project\x\the-karan-singh-vaidh\the-karan-singh-vaidh\server\node_modules\router\index.js:291:5)
    at logger (C:\react project\x\the-karan-singh-vaidh\the-karan-singh-vaidh\server\node_modules\morgan\index.js:144:5)
    at Layer.handleRequest (C:\react project\x\the-karan-singh-vaidh\the-karan-singh-vaidh\server\node_modules\router\lib\layer.js:152:17)
    at trimPrefix (C:\react project\x\the-karan-singh-vaidh\the-karan-singh-vaidh\server\node_modules\router\index.js:342:13)
    at C:\react project\x\the-karan-singh-vaidh\the-karan-singh-vaidh\server\node_modules\router\index.js:297:9

[2026-02-20T16:11:17.153Z] 404 - Not Found - /socket.io/?EIO=4&transport=polling&t=37g9qzr2
Error: Not Found - /socket.io/?EIO=4&transport=polling&t=37g9qzr2
    at notFound (C:\react project\x\the-karan-singh-vaidh\the-karan-singh-vaidh\server\middleware\errorMiddleware.js:2:19)
    at Layer.handleRequest (C:\react project\x\the-karan-singh-vaidh\the-karan-singh-vaidh\server\node_modules\router\lib\layer.js:152:17)
    at trimPrefix (C:\react project\x\the-karan-singh-vaidh\the-karan-singh-vaidh\server\node_modules\router\index.js:342:13)
    at C:\react project\x\the-karan-singh-vaidh\the-karan-singh-vaidh\server\node_modules\router\index.js:297:9
    at processParams (C:\react project\x\the-karan-singh-vaidh\the-karan-singh-vaidh\server\node_modules\router\index.js:582:12)
    at next (C:\react project\x\the-karan-singh-vaidh\the-karan-singh-vaidh\server\node_modules\router\index.js:291:5)
    at logger (C:\react project\x\the-karan-singh-vaidh\the-karan-singh-vaidh\server\node_modules\morgan\index.js:144:5)
    at Layer.handleRequest (C:\react project\x\the-karan-singh-vaidh\the-karan-singh-vaidh\server\node_modules\router\lib\layer.js:152:17)
    at trimPrefix (C:\react project\x\the-karan-singh-vaidh\the-karan-singh-vaidh\server\node_modules\router\index.js:342:13)
    at C:\react project\x\the-karan-singh-vaidh\the-karan-singh-vaidh\server\node_modules\router\index.js:297:9

[2026-02-20T16:11:23.981Z] 404 - Not Found - /socket.io/?EIO=4&transport=polling&t=37kwg5i0
Error: Not Found - /socket.io/?EIO=4&transport=polling&t=37kwg5i0
    at notFound (C:\react project\x\the-karan-singh-vaidh\the-karan-singh-vaidh\server\middleware\errorMiddleware.js:2:19)
    at Layer.handleRequest (C:\react project\x\the-karan-singh-vaidh\the-karan-singh-vaidh\server\node_modules\router\lib\layer.js:152:17)
    at trimPrefix (C:\react project\x\the-karan-singh-vaidh\the-karan-singh-vaidh\server\node_modules\router\index.js:342:13)
    at C:\react project\x\the-karan-singh-vaidh\the-karan-singh-vaidh\server\node_modules\router\index.js:297:9
    at processParams (C:\react project\x\the-karan-singh-vaidh\the-karan-singh-vaidh\server\node_modules\router\index.js:582:12)
    at next (C:\react project\x\the-karan-singh-vaidh\the-karan-singh-vaidh\server\node_modules\router\index.js:291:5)
    at logger (C:\react project\x\the-karan-singh-vaidh\the-karan-singh-vaidh\server\node_modules\morgan\index.js:144:5)
    at Layer.handleRequest (C:\react project\x\the-karan-singh-vaidh\the-karan-singh-vaidh\server\node_modules\router\lib\layer.js:152:17)
    at trimPrefix (C:\react project\x\the-karan-singh-vaidh\the-karan-singh-vaidh\server\node_modules\router\index.js:342:13)
    at C:\react project\x\the-karan-singh-vaidh\the-karan-singh-vaidh\server\node_modules\router\index.js:297:9

[2026-02-20T16:11:27.175Z] 404 - Not Found - /api/activity/stats/699815a20e67b6e7f5f3d7fa
Error: Not Found - /api/activity/stats/699815a20e67b6e7f5f3d7fa
    at notFound (C:\react project\x\the-karan-singh-vaidh\the-karan-singh-vaidh\server\middleware\errorMiddleware.js:2:19)
    at Layer.handleRequest (C:\react project\x\the-karan-singh-vaidh\the-karan-singh-vaidh\server\node_modules\router\lib\layer.js:152:17)
    at trimPrefix (C:\react project\x\the-karan-singh-vaidh\the-karan-singh-vaidh\server\node_modules\router\index.js:342:13)
    at C:\react project\x\the-karan-singh-vaidh\the-karan-singh-vaidh\server\node_modules\router\index.js:297:9
    at processParams (C:\react project\x\the-karan-singh-vaidh\the-karan-singh-vaidh\server\node_modules\router\index.js:582:12)
    at next (C:\react project\x\the-karan-singh-vaidh\the-karan-singh-vaidh\server\node_modules\router\index.js:291:5)
    at logger (C:\react project\x\the-karan-singh-vaidh\the-karan-singh-vaidh\server\node_modules\morgan\index.js:144:5)
    at Layer.handleRequest (C:\react project\x\the-karan-singh-vaidh\the-karan-singh-vaidh\server\node_modules\router\lib\layer.js:152:17)
    at trimPrefix (C:\react project\x\the-karan-singh-vaidh\the-karan-singh-vaidh\server\node_modules\router\index.js:342:13)
    at C:\react project\x\the-karan-singh-vaidh\the-karan-singh-vaidh\server\node_modules\router\index.js:297:9

[2026-02-20T16:11:29.156Z] 404 - Not Found - /socket.io/?EIO=4&transport=polling&t=37pj6e7k
Error: Not Found - /socket.io/?EIO=4&transport=polling&t=37pj6e7k
    at notFound (C:\react project\x\the-karan-singh-vaidh\the-karan-singh-vaidh\server\middleware\errorMiddleware.js:2:19)
    at Layer.handleRequest (C:\react project\x\the-karan-singh-vaidh\the-karan-singh-vaidh\server\node_modules\router\lib\layer.js:152:17)
    at trimPrefix (C:\react project\x\the-karan-singh-vaidh\the-karan-singh-vaidh\server\node_modules\router\index.js:342:13)
    at C:\react project\x\the-karan-singh-vaidh\the-karan-singh-vaidh\server\node_modules\router\index.js:297:9
    at processParams (C:\react project\x\the-karan-singh-vaidh\the-karan-singh-vaidh\server\node_modules\router\index.js:582:12)
    at next (C:\react project\x\the-karan-singh-vaidh\the-karan-singh-vaidh\server\node_modules\router\index.js:291:5)
    at logger (C:\react project\x\the-karan-singh-vaidh\the-karan-singh-vaidh\server\node_modules\morgan\index.js:144:5)
    at Layer.handleRequest (C:\react project\x\the-karan-singh-vaidh\the-karan-singh-vaidh\server\node_modules\router\lib\layer.js:152:17)
    at trimPrefix (C:\react project\x\the-karan-singh-vaidh\the-karan-singh-vaidh\server\node_modules\router\index.js:342:13)
    at C:\react project\x\the-karan-singh-vaidh\the-karan-singh-vaidh\server\node_modules\router\index.js:297:9

[2026-02-20T16:11:35.155Z] 404 - Not Found - /socket.io/?EIO=4&transport=polling&t=37u5sa3c
Error: Not Found - /socket.io/?EIO=4&transport=polling&t=37u5sa3c
    at notFound (C:\react project\x\the-karan-singh-vaidh\the-karan-singh-vaidh\server\middleware\errorMiddleware.js:2:19)
    at Layer.handleRequest (C:\react project\x\the-karan-singh-vaidh\the-karan-singh-vaidh\server\node_modules\router\lib\layer.js:152:17)
    at trimPrefix (C:\react project\x\the-karan-singh-vaidh\the-karan-singh-vaidh\server\node_modules\router\index.js:342:13)
    at C:\react project\x\the-karan-singh-vaidh\the-karan-singh-vaidh\server\node_modules\router\index.js:297:9
    at processParams (C:\react project\x\the-karan-singh-vaidh\the-karan-singh-vaidh\server\node_modules\router\index.js:582:12)
    at next (C:\react project\x\the-karan-singh-vaidh\the-karan-singh-vaidh\server\node_modules\router\index.js:291:5)
    at logger (C:\react project\x\the-karan-singh-vaidh\the-karan-singh-vaidh\server\node_modules\morgan\index.js:144:5)
    at Layer.handleRequest (C:\react project\x\the-karan-singh-vaidh\the-karan-singh-vaidh\server\node_modules\router\lib\layer.js:152:17)
    at trimPrefix (C:\react project\x\the-karan-singh-vaidh\the-karan-singh-vaidh\server\node_modules\router\index.js:342:13)
    at C:\react project\x\the-karan-singh-vaidh\the-karan-singh-vaidh\server\node_modules\router\index.js:297:9

[2026-02-20T16:11:41.159Z] 404 - Not Found - /socket.io/?EIO=4&transport=polling&t=37yshqo0
Error: Not Found - /socket.io/?EIO=4&transport=polling&t=37yshqo0
    at notFound (C:\react project\x\the-karan-singh-vaidh\the-karan-singh-vaidh\server\middleware\errorMiddleware.js:2:19)
    at Layer.handleRequest (C:\react project\x\the-karan-singh-vaidh\the-karan-singh-vaidh\server\node_modules\router\lib\layer.js:152:17)
    at trimPrefix (C:\react project\x\the-karan-singh-vaidh\the-karan-singh-vaidh\server\node_modules\router\index.js:342:13)
    at C:\react project\x\the-karan-singh-vaidh\the-karan-singh-vaidh\server\node_modules\router\index.js:297:9
    at processParams (C:\react project\x\the-karan-singh-vaidh\the-karan-singh-vaidh\server\node_modules\router\index.js:582:12)
    at next (C:\react project\x\the-karan-singh-vaidh\the-karan-singh-vaidh\server\node_modules\router\index.js:291:5)
    at logger (C:\react project\x\the-karan-singh-vaidh\the-karan-singh-vaidh\server\node_modules\morgan\index.js:144:5)
    at Layer.handleRequest (C:\react project\x\the-karan-singh-vaidh\the-karan-singh-vaidh\server\node_modules\router\lib\layer.js:152:17)
    at trimPrefix (C:\react project\x\the-karan-singh-vaidh\the-karan-singh-vaidh\server\node_modules\router\index.js:342:13)
    at C:\react project\x\the-karan-singh-vaidh\the-karan-singh-vaidh\server\node_modules\router\index.js:297:9

[2026-02-20T16:11:47.158Z] 404 - Not Found - /socket.io/?EIO=4&transport=polling&t=383f4sx0
Error: Not Found - /socket.io/?EIO=4&transport=polling&t=383f4sx0
    at notFound (C:\react project\x\the-karan-singh-vaidh\the-karan-singh-vaidh\server\middleware\errorMiddleware.js:2:19)
    at Layer.handleRequest (C:\react project\x\the-karan-singh-vaidh\the-karan-singh-vaidh\server\node_modules\router\lib\layer.js:152:17)
    at trimPrefix (C:\react project\x\the-karan-singh-vaidh\the-karan-singh-vaidh\server\node_modules\router\index.js:342:13)
    at C:\react project\x\the-karan-singh-vaidh\the-karan-singh-vaidh\server\node_modules\router\index.js:297:9
    at processParams (C:\react project\x\the-karan-singh-vaidh\the-karan-singh-vaidh\server\node_modules\router\index.js:582:12)
    at next (C:\react project\x\the-karan-singh-vaidh\the-karan-singh-vaidh\server\node_modules\router\index.js:291:5)
    at logger (C:\react project\x\the-karan-singh-vaidh\the-karan-singh-vaidh\server\node_modules\morgan\index.js:144:5)
    at Layer.handleRequest (C:\react project\x\the-karan-singh-vaidh\the-karan-singh-vaidh\server\node_modules\router\lib\layer.js:152:17)
    at trimPrefix (C:\react project\x\the-karan-singh-vaidh\the-karan-singh-vaidh\server\node_modules\router\index.js:342:13)
    at C:\react project\x\the-karan-singh-vaidh\the-karan-singh-vaidh\server\node_modules\router\index.js:297:9

[2026-02-20T16:11:53.168Z] 404 - Not Found - /socket.io/?EIO=4&transport=polling&t=38821tz2
Error: Not Found - /socket.io/?EIO=4&transport=polling&t=38821tz2
    at notFound (C:\react project\x\the-karan-singh-vaidh\the-karan-singh-vaidh\server\middleware\errorMiddleware.js:2:19)
    at Layer.handleRequest (C:\react project\x\the-karan-singh-vaidh\the-karan-singh-vaidh\server\node_modules\router\lib\layer.js:152:17)
    at trimPrefix (C:\react project\x\the-karan-singh-vaidh\the-karan-singh-vaidh\server\node_modules\router\index.js:342:13)
    at C:\react project\x\the-karan-singh-vaidh\the-karan-singh-vaidh\server\node_modules\router\index.js:297:9
    at processParams (C:\react project\x\the-karan-singh-vaidh\the-karan-singh-vaidh\server\node_modules\router\index.js:582:12)
    at next (C:\react project\x\the-karan-singh-vaidh\the-karan-singh-vaidh\server\node_modules\router\index.js:291:5)
    at logger (C:\react project\x\the-karan-singh-vaidh\the-karan-singh-vaidh\server\node_modules\morgan\index.js:144:5)
    at Layer.handleRequest (C:\react project\x\the-karan-singh-vaidh\the-karan-singh-vaidh\server\node_modules\router\lib\layer.js:152:17)
    at trimPrefix (C:\react project\x\the-karan-singh-vaidh\the-karan-singh-vaidh\server\node_modules\router\index.js:342:13)
    at C:\react project\x\the-karan-singh-vaidh\the-karan-singh-vaidh\server\node_modules\router\index.js:297:9

[2026-02-20T16:11:59.156Z] 404 - Not Found - /socket.io/?EIO=4&transport=polling&t=38cohvyl
Error: Not Found - /socket.io/?EIO=4&transport=polling&t=38cohvyl
    at notFound (C:\react project\x\the-karan-singh-vaidh\the-karan-singh-vaidh\server\middleware\errorMiddleware.js:2:19)
    at Layer.handleRequest (C:\react project\x\the-karan-singh-vaidh\the-karan-singh-vaidh\server\node_modules\router\lib\layer.js:152:17)
    at trimPrefix (C:\react project\x\the-karan-singh-vaidh\the-karan-singh-vaidh\server\node_modules\router\index.js:342:13)
    at C:\react project\x\the-karan-singh-vaidh\the-karan-singh-vaidh\server\node_modules\router\index.js:297:9
    at processParams (C:\react project\x\the-karan-singh-vaidh\the-karan-singh-vaidh\server\node_modules\router\index.js:582:12)
    at next (C:\react project\x\the-karan-singh-vaidh\the-karan-singh-vaidh\server\node_modules\router\index.js:291:5)
    at logger (C:\react project\x\the-karan-singh-vaidh\the-karan-singh-vaidh\server\node_modules\morgan\index.js:144:5)
    at Layer.handleRequest (C:\react project\x\the-karan-singh-vaidh\the-karan-singh-vaidh\server\node_modules\router\lib\layer.js:152:17)
    at trimPrefix (C:\react project\x\the-karan-singh-vaidh\the-karan-singh-vaidh\server\node_modules\router\index.js:342:13)
    at C:\react project\x\the-karan-singh-vaidh\the-karan-singh-vaidh\server\node_modules\router\index.js:297:9

[2026-02-20T16:12:05.150Z] 404 - Not Found - /socket.io/?EIO=4&transport=polling&t=38hb0rgm
Error: Not Found - /socket.io/?EIO=4&transport=polling&t=38hb0rgm
    at notFound (C:\react project\x\the-karan-singh-vaidh\the-karan-singh-vaidh\server\middleware\errorMiddleware.js:2:19)
    at Layer.handleRequest (C:\react project\x\the-karan-singh-vaidh\the-karan-singh-vaidh\server\node_modules\router\lib\layer.js:152:17)
    at trimPrefix (C:\react project\x\the-karan-singh-vaidh\the-karan-singh-vaidh\server\node_modules\router\index.js:342:13)
    at C:\react project\x\the-karan-singh-vaidh\the-karan-singh-vaidh\server\node_modules\router\index.js:297:9
    at processParams (C:\react project\x\the-karan-singh-vaidh\the-karan-singh-vaidh\server\node_modules\router\index.js:582:12)
    at next (C:\react project\x\the-karan-singh-vaidh\the-karan-singh-vaidh\server\node_modules\router\index.js:291:5)
    at logger (C:\react project\x\the-karan-singh-vaidh\the-karan-singh-vaidh\server\node_modules\morgan\index.js:144:5)
    at Layer.handleRequest (C:\react project\x\the-karan-singh-vaidh\the-karan-singh-vaidh\server\node_modules\router\lib\layer.js:152:17)
    at trimPrefix (C:\react project\x\the-karan-singh-vaidh\the-karan-singh-vaidh\server\node_modules\router\index.js:342:13)
    at C:\react project\x\the-karan-singh-vaidh\the-karan-singh-vaidh\server\node_modules\router\index.js:297:9

[2026-02-20T16:12:11.158Z] 404 - Not Found - /socket.io/?EIO=4&transport=polling&t=38lxwfwz
Error: Not Found - /socket.io/?EIO=4&transport=polling&t=38lxwfwz
    at notFound (C:\react project\x\the-karan-singh-vaidh\the-karan-singh-vaidh\server\middleware\errorMiddleware.js:2:19)
    at Layer.handleRequest (C:\react project\x\the-karan-singh-vaidh\the-karan-singh-vaidh\server\node_modules\router\lib\layer.js:152:17)
    at trimPrefix (C:\react project\x\the-karan-singh-vaidh\the-karan-singh-vaidh\server\node_modules\router\index.js:342:13)
    at C:\react project\x\the-karan-singh-vaidh\the-karan-singh-vaidh\server\node_modules\router\index.js:297:9
    at processParams (C:\react project\x\the-karan-singh-vaidh\the-karan-singh-vaidh\server\node_modules\router\index.js:582:12)
    at next (C:\react project\x\the-karan-singh-vaidh\the-karan-singh-vaidh\server\node_modules\router\index.js:291:5)
    at logger (C:\react project\x\the-karan-singh-vaidh\the-karan-singh-vaidh\server\node_modules\morgan\index.js:144:5)
    at Layer.handleRequest (C:\react project\x\the-karan-singh-vaidh\the-karan-singh-vaidh\server\node_modules\router\lib\layer.js:152:17)
    at trimPrefix (C:\react project\x\the-karan-singh-vaidh\the-karan-singh-vaidh\server\node_modules\router\index.js:342:13)
    at C:\react project\x\the-karan-singh-vaidh\the-karan-singh-vaidh\server\node_modules\router\index.js:297:9

[2026-02-20T16:12:17.162Z] 404 - Not Found - /socket.io/?EIO=4&transport=polling&t=38qkpaav
Error: Not Found - /socket.io/?EIO=4&transport=polling&t=38qkpaav
    at notFound (C:\react project\x\the-karan-singh-vaidh\the-karan-singh-vaidh\server\middleware\errorMiddleware.js:2:19)
    at Layer.handleRequest (C:\react project\x\the-karan-singh-vaidh\the-karan-singh-vaidh\server\node_modules\router\lib\layer.js:152:17)
    at trimPrefix (C:\react project\x\the-karan-singh-vaidh\the-karan-singh-vaidh\server\node_modules\router\index.js:342:13)
    at C:\react project\x\the-karan-singh-vaidh\the-karan-singh-vaidh\server\node_modules\router\index.js:297:9
    at processParams (C:\react project\x\the-karan-singh-vaidh\the-karan-singh-vaidh\server\node_modules\router\index.js:582:12)
    at next (C:\react project\x\the-karan-singh-vaidh\the-karan-singh-vaidh\server\node_modules\router\index.js:291:5)
    at logger (C:\react project\x\the-karan-singh-vaidh\the-karan-singh-vaidh\server\node_modules\morgan\index.js:144:5)
    at Layer.handleRequest (C:\react project\x\the-karan-singh-vaidh\the-karan-singh-vaidh\server\node_modules\router\lib\layer.js:152:17)
    at trimPrefix (C:\react project\x\the-karan-singh-vaidh\the-karan-singh-vaidh\server\node_modules\router\index.js:342:13)
    at C:\react project\x\the-karan-singh-vaidh\the-karan-singh-vaidh\server\node_modules\router\index.js:297:9

[2026-02-20T16:12:23.159Z] 404 - Not Found - /socket.io/?EIO=4&transport=polling&t=38v79yik
Error: Not Found - /socket.io/?EIO=4&transport=polling&t=38v79yik
    at notFound (C:\react project\x\the-karan-singh-vaidh\the-karan-singh-vaidh\server\middleware\errorMiddleware.js:2:19)
    at Layer.handleRequest (C:\react project\x\the-karan-singh-vaidh\the-karan-singh-vaidh\server\node_modules\router\lib\layer.js:152:17)
    at trimPrefix (C:\react project\x\the-karan-singh-vaidh\the-karan-singh-vaidh\server\node_modules\router\index.js:342:13)
    at C:\react project\x\the-karan-singh-vaidh\the-karan-singh-vaidh\server\node_modules\router\index.js:297:9
    at processParams (C:\react project\x\the-karan-singh-vaidh\the-karan-singh-vaidh\server\node_modules\router\index.js:582:12)
    at next (C:\react project\x\the-karan-singh-vaidh\the-karan-singh-vaidh\server\node_modules\router\index.js:291:5)
    at logger (C:\react project\x\the-karan-singh-vaidh\the-karan-singh-vaidh\server\node_modules\morgan\index.js:144:5)
    at Layer.handleRequest (C:\react project\x\the-karan-singh-vaidh\the-karan-singh-vaidh\server\node_modules\router\lib\layer.js:152:17)
    at trimPrefix (C:\react project\x\the-karan-singh-vaidh\the-karan-singh-vaidh\server\node_modules\router\index.js:342:13)
    at C:\react project\x\the-karan-singh-vaidh\the-karan-singh-vaidh\server\node_modules\router\index.js:297:9

[2026-02-20T16:12:27.191Z] 404 - Not Found - /api/activity/stats/699815a20e67b6e7f5f3d7fa
Error: Not Found - /api/activity/stats/699815a20e67b6e7f5f3d7fa
    at notFound (C:\react project\x\the-karan-singh-vaidh\the-karan-singh-vaidh\server\middleware\errorMiddleware.js:2:19)
    at Layer.handleRequest (C:\react project\x\the-karan-singh-vaidh\the-karan-singh-vaidh\server\node_modules\router\lib\layer.js:152:17)
    at trimPrefix (C:\react project\x\the-karan-singh-vaidh\the-karan-singh-vaidh\server\node_modules\router\index.js:342:13)
    at C:\react project\x\the-karan-singh-vaidh\the-karan-singh-vaidh\server\node_modules\router\index.js:297:9
    at processParams (C:\react project\x\the-karan-singh-vaidh\the-karan-singh-vaidh\server\node_modules\router\index.js:582:12)
    at next (C:\react project\x\the-karan-singh-vaidh\the-karan-singh-vaidh\server\node_modules\router\index.js:291:5)
    at logger (C:\react project\x\the-karan-singh-vaidh\the-karan-singh-vaidh\server\node_modules\morgan\index.js:144:5)
    at Layer.handleRequest (C:\react project\x\the-karan-singh-vaidh\the-karan-singh-vaidh\server\node_modules\router\lib\layer.js:152:17)
    at trimPrefix (C:\react project\x\the-karan-singh-vaidh\the-karan-singh-vaidh\server\node_modules\router\index.js:342:13)
    at C:\react project\x\the-karan-singh-vaidh\the-karan-singh-vaidh\server\node_modules\router\index.js:297:9

[2026-02-20T16:12:29.162Z] 404 - Not Found - /socket.io/?EIO=4&transport=polling&t=38ztydny
Error: Not Found - /socket.io/?EIO=4&transport=polling&t=38ztydny
    at notFound (C:\react project\x\the-karan-singh-vaidh\the-karan-singh-vaidh\server\middleware\errorMiddleware.js:2:19)
    at Layer.handleRequest (C:\react project\x\the-karan-singh-vaidh\the-karan-singh-vaidh\server\node_modules\router\lib\layer.js:152:17)
    at trimPrefix (C:\react project\x\the-karan-singh-vaidh\the-karan-singh-vaidh\server\node_modules\router\index.js:342:13)
    at C:\react project\x\the-karan-singh-vaidh\the-karan-singh-vaidh\server\node_modules\router\index.js:297:9
    at processParams (C:\react project\x\the-karan-singh-vaidh\the-karan-singh-vaidh\server\node_modules\router\index.js:582:12)
    at next (C:\react project\x\the-karan-singh-vaidh\the-karan-singh-vaidh\server\node_modules\router\index.js:291:5)
    at logger (C:\react project\x\the-karan-singh-vaidh\the-karan-singh-vaidh\server\node_modules\morgan\index.js:144:5)
    at Layer.handleRequest (C:\react project\x\the-karan-singh-vaidh\the-karan-singh-vaidh\server\node_modules\router\lib\layer.js:152:17)
    at trimPrefix (C:\react project\x\the-karan-singh-vaidh\the-karan-singh-vaidh\server\node_modules\router\index.js:342:13)
    at C:\react project\x\the-karan-singh-vaidh\the-karan-singh-vaidh\server\node_modules\router\index.js:297:9

[2026-02-20T16:12:35.157Z] 404 - Not Found - /socket.io/?EIO=4&transport=polling&t=394gj9kn
Error: Not Found - /socket.io/?EIO=4&transport=polling&t=394gj9kn
    at notFound (C:\react project\x\the-karan-singh-vaidh\the-karan-singh-vaidh\server\middleware\errorMiddleware.js:2:19)
    at Layer.handleRequest (C:\react project\x\the-karan-singh-vaidh\the-karan-singh-vaidh\server\node_modules\router\lib\layer.js:152:17)
    at trimPrefix (C:\react project\x\the-karan-singh-vaidh\the-karan-singh-vaidh\server\node_modules\router\index.js:342:13)
    at C:\react project\x\the-karan-singh-vaidh\the-karan-singh-vaidh\server\node_modules\router\index.js:297:9
    at processParams (C:\react project\x\the-karan-singh-vaidh\the-karan-singh-vaidh\server\node_modules\router\index.js:582:12)
    at next (C:\react project\x\the-karan-singh-vaidh\the-karan-singh-vaidh\server\node_modules\router\index.js:291:5)
    at logger (C:\react project\x\the-karan-singh-vaidh\the-karan-singh-vaidh\server\node_modules\morgan\index.js:144:5)
    at Layer.handleRequest (C:\react project\x\the-karan-singh-vaidh\the-karan-singh-vaidh\server\node_modules\router\lib\layer.js:152:17)
    at trimPrefix (C:\react project\x\the-karan-singh-vaidh\the-karan-singh-vaidh\server\node_modules\router\index.js:342:13)
    at C:\react project\x\the-karan-singh-vaidh\the-karan-singh-vaidh\server\node_modules\router\index.js:297:9

[2026-02-20T16:12:41.157Z] 404 - Not Found - /socket.io/?EIO=4&transport=polling&t=39936ws2
Error: Not Found - /socket.io/?EIO=4&transport=polling&t=39936ws2
    at notFound (C:\react project\x\the-karan-singh-vaidh\the-karan-singh-vaidh\server\middleware\errorMiddleware.js:2:19)
    at Layer.handleRequest (C:\react project\x\the-karan-singh-vaidh\the-karan-singh-vaidh\server\node_modules\router\lib\layer.js:152:17)
    at trimPrefix (C:\react project\x\the-karan-singh-vaidh\the-karan-singh-vaidh\server\node_modules\router\index.js:342:13)
    at C:\react project\x\the-karan-singh-vaidh\the-karan-singh-vaidh\server\node_modules\router\index.js:297:9
    at processParams (C:\react project\x\the-karan-singh-vaidh\the-karan-singh-vaidh\server\node_modules\router\index.js:582:12)
    at next (C:\react project\x\the-karan-singh-vaidh\the-karan-singh-vaidh\server\node_modules\router\index.js:291:5)
    at logger (C:\react project\x\the-karan-singh-vaidh\the-karan-singh-vaidh\server\node_modules\morgan\index.js:144:5)
    at Layer.handleRequest (C:\react project\x\the-karan-singh-vaidh\the-karan-singh-vaidh\server\node_modules\router\lib\layer.js:152:17)
    at trimPrefix (C:\react project\x\the-karan-singh-vaidh\the-karan-singh-vaidh\server\node_modules\router\index.js:342:13)
    at C:\react project\x\the-karan-singh-vaidh\the-karan-singh-vaidh\server\node_modules\router\index.js:297:9

[2026-02-20T16:12:47.158Z] 404 - Not Found - /socket.io/?EIO=4&transport=polling&t=39dpwtpe
Error: Not Found - /socket.io/?EIO=4&transport=polling&t=39dpwtpe
    at notFound (C:\react project\x\the-karan-singh-vaidh\the-karan-singh-vaidh\server\middleware\errorMiddleware.js:2:19)
    at Layer.handleRequest (C:\react project\x\the-karan-singh-vaidh\the-karan-singh-vaidh\server\node_modules\router\lib\layer.js:152:17)
    at trimPrefix (C:\react project\x\the-karan-singh-vaidh\the-karan-singh-vaidh\server\node_modules\router\index.js:342:13)
    at C:\react project\x\the-karan-singh-vaidh\the-karan-singh-vaidh\server\node_modules\router\index.js:297:9
    at processParams (C:\react project\x\the-karan-singh-vaidh\the-karan-singh-vaidh\server\node_modules\router\index.js:582:12)
    at next (C:\react project\x\the-karan-singh-vaidh\the-karan-singh-vaidh\server\node_modules\router\index.js:291:5)
    at logger (C:\react project\x\the-karan-singh-vaidh\the-karan-singh-vaidh\server\node_modules\morgan\index.js:144:5)
    at Layer.handleRequest (C:\react project\x\the-karan-singh-vaidh\the-karan-singh-vaidh\server\node_modules\router\lib\layer.js:152:17)
    at trimPrefix (C:\react project\x\the-karan-singh-vaidh\the-karan-singh-vaidh\server\node_modules\router\index.js:342:13)
    at C:\react project\x\the-karan-singh-vaidh\the-karan-singh-vaidh\server\node_modules\router\index.js:297:9

[2026-02-20T16:12:53.155Z] 404 - Not Found - /socket.io/?EIO=4&transport=polling&t=39icgvna
Error: Not Found - /socket.io/?EIO=4&transport=polling&t=39icgvna
    at notFound (C:\react project\x\the-karan-singh-vaidh\the-karan-singh-vaidh\server\middleware\errorMiddleware.js:2:19)
    at Layer.handleRequest (C:\react project\x\the-karan-singh-vaidh\the-karan-singh-vaidh\server\node_modules\router\lib\layer.js:152:17)
    at trimPrefix (C:\react project\x\the-karan-singh-vaidh\the-karan-singh-vaidh\server\node_modules\router\index.js:342:13)
    at C:\react project\x\the-karan-singh-vaidh\the-karan-singh-vaidh\server\node_modules\router\index.js:297:9
    at processParams (C:\react project\x\the-karan-singh-vaidh\the-karan-singh-vaidh\server\node_modules\router\index.js:582:12)
    at next (C:\react project\x\the-karan-singh-vaidh\the-karan-singh-vaidh\server\node_modules\router\index.js:291:5)
    at logger (C:\react project\x\the-karan-singh-vaidh\the-karan-singh-vaidh\server\node_modules\morgan\index.js:144:5)
    at Layer.handleRequest (C:\react project\x\the-karan-singh-vaidh\the-karan-singh-vaidh\server\node_modules\router\lib\layer.js:152:17)
    at trimPrefix (C:\react project\x\the-karan-singh-vaidh\the-karan-singh-vaidh\server\node_modules\router\index.js:342:13)
    at C:\react project\x\the-karan-singh-vaidh\the-karan-singh-vaidh\server\node_modules\router\index.js:297:9

[2026-02-20T16:12:59.156Z] 404 - Not Found - /socket.io/?EIO=4&transport=polling&t=39mz5ov4
Error: Not Found - /socket.io/?EIO=4&transport=polling&t=39mz5ov4
    at notFound (C:\react project\x\the-karan-singh-vaidh\the-karan-singh-vaidh\server\middleware\errorMiddleware.js:2:19)
    at Layer.handleRequest (C:\react project\x\the-karan-singh-vaidh\the-karan-singh-vaidh\server\node_modules\router\lib\layer.js:152:17)
    at trimPrefix (C:\react project\x\the-karan-singh-vaidh\the-karan-singh-vaidh\server\node_modules\router\index.js:342:13)
    at C:\react project\x\the-karan-singh-vaidh\the-karan-singh-vaidh\server\node_modules\router\index.js:297:9
    at processParams (C:\react project\x\the-karan-singh-vaidh\the-karan-singh-vaidh\server\node_modules\router\index.js:582:12)
    at next (C:\react project\x\the-karan-singh-vaidh\the-karan-singh-vaidh\server\node_modules\router\index.js:291:5)
    at logger (C:\react project\x\the-karan-singh-vaidh\the-karan-singh-vaidh\server\node_modules\morgan\index.js:144:5)
    at Layer.handleRequest (C:\react project\x\the-karan-singh-vaidh\the-karan-singh-vaidh\server\node_modules\router\lib\layer.js:152:17)
    at trimPrefix (C:\react project\x\the-karan-singh-vaidh\the-karan-singh-vaidh\server\node_modules\router\index.js:342:13)
    at C:\react project\x\the-karan-singh-vaidh\the-karan-singh-vaidh\server\node_modules\router\index.js:297:9

[2026-02-20T16:13:05.150Z] 404 - Not Found - /socket.io/?EIO=4&transport=polling&t=39rlokij
Error: Not Found - /socket.io/?EIO=4&transport=polling&t=39rlokij
    at notFound (C:\react project\x\the-karan-singh-vaidh\the-karan-singh-vaidh\server\middleware\errorMiddleware.js:2:19)
    at Layer.handleRequest (C:\react project\x\the-karan-singh-vaidh\the-karan-singh-vaidh\server\node_modules\router\lib\layer.js:152:17)
    at trimPrefix (C:\react project\x\the-karan-singh-vaidh\the-karan-singh-vaidh\server\node_modules\router\index.js:342:13)
    at C:\react project\x\the-karan-singh-vaidh\the-karan-singh-vaidh\server\node_modules\router\index.js:297:9
    at processParams (C:\react project\x\the-karan-singh-vaidh\the-karan-singh-vaidh\server\node_modules\router\index.js:582:12)
    at next (C:\react project\x\the-karan-singh-vaidh\the-karan-singh-vaidh\server\node_modules\router\index.js:291:5)
    at logger (C:\react project\x\the-karan-singh-vaidh\the-karan-singh-vaidh\server\node_modules\morgan\index.js:144:5)
    at Layer.handleRequest (C:\react project\x\the-karan-singh-vaidh\the-karan-singh-vaidh\server\node_modules\router\lib\layer.js:152:17)
    at trimPrefix (C:\react project\x\the-karan-singh-vaidh\the-karan-singh-vaidh\server\node_modules\router\index.js:342:13)
    at C:\react project\x\the-karan-singh-vaidh\the-karan-singh-vaidh\server\node_modules\router\index.js:297:9

[2026-02-20T16:13:11.159Z] 404 - Not Found - /socket.io/?EIO=4&transport=polling&t=39w8ksam
Error: Not Found - /socket.io/?EIO=4&transport=polling&t=39w8ksam
    at notFound (C:\react project\x\the-karan-singh-vaidh\the-karan-singh-vaidh\server\middleware\errorMiddleware.js:2:19)
    at Layer.handleRequest (C:\react project\x\the-karan-singh-vaidh\the-karan-singh-vaidh\server\node_modules\router\lib\layer.js:152:17)
    at trimPrefix (C:\react project\x\the-karan-singh-vaidh\the-karan-singh-vaidh\server\node_modules\router\index.js:342:13)
    at C:\react project\x\the-karan-singh-vaidh\the-karan-singh-vaidh\server\node_modules\router\index.js:297:9
    at processParams (C:\react project\x\the-karan-singh-vaidh\the-karan-singh-vaidh\server\node_modules\router\index.js:582:12)
    at next (C:\react project\x\the-karan-singh-vaidh\the-karan-singh-vaidh\server\node_modules\router\index.js:291:5)
    at logger (C:\react project\x\the-karan-singh-vaidh\the-karan-singh-vaidh\server\node_modules\morgan\index.js:144:5)
    at Layer.handleRequest (C:\react project\x\the-karan-singh-vaidh\the-karan-singh-vaidh\server\node_modules\router\lib\layer.js:152:17)
    at trimPrefix (C:\react project\x\the-karan-singh-vaidh\the-karan-singh-vaidh\server\node_modules\router\index.js:342:13)
    at C:\react project\x\the-karan-singh-vaidh\the-karan-singh-vaidh\server\node_modules\router\index.js:297:9

[2026-02-20T16:13:17.165Z] 404 - Not Found - /socket.io/?EIO=4&transport=polling&t=3a0ve2l2
Error: Not Found - /socket.io/?EIO=4&transport=polling&t=3a0ve2l2
    at notFound (C:\react project\x\the-karan-singh-vaidh\the-karan-singh-vaidh\server\middleware\errorMiddleware.js:2:19)
    at Layer.handleRequest (C:\react project\x\the-karan-singh-vaidh\the-karan-singh-vaidh\server\node_modules\router\lib\layer.js:152:17)
    at trimPrefix (C:\react project\x\the-karan-singh-vaidh\the-karan-singh-vaidh\server\node_modules\router\index.js:342:13)
    at C:\react project\x\the-karan-singh-vaidh\the-karan-singh-vaidh\server\node_modules\router\index.js:297:9
    at processParams (C:\react project\x\the-karan-singh-vaidh\the-karan-singh-vaidh\server\node_modules\router\index.js:582:12)
    at next (C:\react project\x\the-karan-singh-vaidh\the-karan-singh-vaidh\server\node_modules\router\index.js:291:5)
    at logger (C:\react project\x\the-karan-singh-vaidh\the-karan-singh-vaidh\server\node_modules\morgan\index.js:144:5)
    at Layer.handleRequest (C:\react project\x\the-karan-singh-vaidh\the-karan-singh-vaidh\server\node_modules\router\lib\layer.js:152:17)
    at trimPrefix (C:\react project\x\the-karan-singh-vaidh\the-karan-singh-vaidh\server\node_modules\router\index.js:342:13)
    at C:\react project\x\the-karan-singh-vaidh\the-karan-singh-vaidh\server\node_modules\router\index.js:297:9

[2026-02-20T16:13:23.155Z] 404 - Not Found - /socket.io/?EIO=4&transport=polling&t=3a5hsjd4
Error: Not Found - /socket.io/?EIO=4&transport=polling&t=3a5hsjd4
    at notFound (C:\react project\x\the-karan-singh-vaidh\the-karan-singh-vaidh\server\middleware\errorMiddleware.js:2:19)
    at Layer.handleRequest (C:\react project\x\the-karan-singh-vaidh\the-karan-singh-vaidh\server\node_modules\router\lib\layer.js:152:17)
    at trimPrefix (C:\react project\x\the-karan-singh-vaidh\the-karan-singh-vaidh\server\node_modules\router\index.js:342:13)
    at C:\react project\x\the-karan-singh-vaidh\the-karan-singh-vaidh\server\node_modules\router\index.js:297:9
    at processParams (C:\react project\x\the-karan-singh-vaidh\the-karan-singh-vaidh\server\node_modules\router\index.js:582:12)
    at next (C:\react project\x\the-karan-singh-vaidh\the-karan-singh-vaidh\server\node_modules\router\index.js:291:5)
    at logger (C:\react project\x\the-karan-singh-vaidh\the-karan-singh-vaidh\server\node_modules\morgan\index.js:144:5)
    at Layer.handleRequest (C:\react project\x\the-karan-singh-vaidh\the-karan-singh-vaidh\server\node_modules\router\lib\layer.js:152:17)
    at trimPrefix (C:\react project\x\the-karan-singh-vaidh\the-karan-singh-vaidh\server\node_modules\router\index.js:342:13)
    at C:\react project\x\the-karan-singh-vaidh\the-karan-singh-vaidh\server\node_modules\router\index.js:297:9

[2026-02-20T16:13:27.169Z] 404 - Not Found - /api/activity/stats/699815a20e67b6e7f5f3d7fa
Error: Not Found - /api/activity/stats/699815a20e67b6e7f5f3d7fa
    at notFound (C:\react project\x\the-karan-singh-vaidh\the-karan-singh-vaidh\server\middleware\errorMiddleware.js:2:19)
    at Layer.handleRequest (C:\react project\x\the-karan-singh-vaidh\the-karan-singh-vaidh\server\node_modules\router\lib\layer.js:152:17)
    at trimPrefix (C:\react project\x\the-karan-singh-vaidh\the-karan-singh-vaidh\server\node_modules\router\index.js:342:13)
    at C:\react project\x\the-karan-singh-vaidh\the-karan-singh-vaidh\server\node_modules\router\index.js:297:9
    at processParams (C:\react project\x\the-karan-singh-vaidh\the-karan-singh-vaidh\server\node_modules\router\index.js:582:12)
    at next (C:\react project\x\the-karan-singh-vaidh\the-karan-singh-vaidh\server\node_modules\router\index.js:291:5)
    at logger (C:\react project\x\the-karan-singh-vaidh\the-karan-singh-vaidh\server\node_modules\morgan\index.js:144:5)
    at Layer.handleRequest (C:\react project\x\the-karan-singh-vaidh\the-karan-singh-vaidh\server\node_modules\router\lib\layer.js:152:17)
    at trimPrefix (C:\react project\x\the-karan-singh-vaidh\the-karan-singh-vaidh\server\node_modules\router\index.js:342:13)
    at C:\react project\x\the-karan-singh-vaidh\the-karan-singh-vaidh\server\node_modules\router\index.js:297:9

[2026-02-20T16:13:29.158Z] 404 - Not Found - /socket.io/?EIO=4&transport=polling&t=3aa4k63b
Error: Not Found - /socket.io/?EIO=4&transport=polling&t=3aa4k63b
    at notFound (C:\react project\x\the-karan-singh-vaidh\the-karan-singh-vaidh\server\middleware\errorMiddleware.js:2:19)
    at Layer.handleRequest (C:\react project\x\the-karan-singh-vaidh\the-karan-singh-vaidh\server\node_modules\router\lib\layer.js:152:17)
    at trimPrefix (C:\react project\x\the-karan-singh-vaidh\the-karan-singh-vaidh\server\node_modules\router\index.js:342:13)
    at C:\react project\x\the-karan-singh-vaidh\the-karan-singh-vaidh\server\node_modules\router\index.js:297:9
    at processParams (C:\react project\x\the-karan-singh-vaidh\the-karan-singh-vaidh\server\node_modules\router\index.js:582:12)
    at next (C:\react project\x\the-karan-singh-vaidh\the-karan-singh-vaidh\server\node_modules\router\index.js:291:5)
    at logger (C:\react project\x\the-karan-singh-vaidh\the-karan-singh-vaidh\server\node_modules\morgan\index.js:144:5)
    at Layer.handleRequest (C:\react project\x\the-karan-singh-vaidh\the-karan-singh-vaidh\server\node_modules\router\lib\layer.js:152:17)
    at trimPrefix (C:\react project\x\the-karan-singh-vaidh\the-karan-singh-vaidh\server\node_modules\router\index.js:342:13)
    at C:\react project\x\the-karan-singh-vaidh\the-karan-singh-vaidh\server\node_modules\router\index.js:297:9

[2026-02-20T16:13:35.424Z] 404 - Not Found - /socket.io/?EIO=4&transport=polling&t=3aer28hm
Error: Not Found - /socket.io/?EIO=4&transport=polling&t=3aer28hm
    at notFound (C:\react project\x\the-karan-singh-vaidh\the-karan-singh-vaidh\server\middleware\errorMiddleware.js:2:19)
    at Layer.handleRequest (C:\react project\x\the-karan-singh-vaidh\the-karan-singh-vaidh\server\node_modules\router\lib\layer.js:152:17)
    at trimPrefix (C:\react project\x\the-karan-singh-vaidh\the-karan-singh-vaidh\server\node_modules\router\index.js:342:13)
    at C:\react project\x\the-karan-singh-vaidh\the-karan-singh-vaidh\server\node_modules\router\index.js:297:9
    at processParams (C:\react project\x\the-karan-singh-vaidh\the-karan-singh-vaidh\server\node_modules\router\index.js:582:12)
    at next (C:\react project\x\the-karan-singh-vaidh\the-karan-singh-vaidh\server\node_modules\router\index.js:291:5)
    at logger (C:\react project\x\the-karan-singh-vaidh\the-karan-singh-vaidh\server\node_modules\morgan\index.js:144:5)
    at Layer.handleRequest (C:\react project\x\the-karan-singh-vaidh\the-karan-singh-vaidh\server\node_modules\router\lib\layer.js:152:17)
    at trimPrefix (C:\react project\x\the-karan-singh-vaidh\the-karan-singh-vaidh\server\node_modules\router\index.js:342:13)
    at C:\react project\x\the-karan-singh-vaidh\the-karan-singh-vaidh\server\node_modules\router\index.js:297:9

[2026-02-20T16:13:41.167Z] 404 - Not Found - /socket.io/?EIO=4&transport=polling&t=3aje3b9l
Error: Not Found - /socket.io/?EIO=4&transport=polling&t=3aje3b9l
    at notFound (C:\react project\x\the-karan-singh-vaidh\the-karan-singh-vaidh\server\middleware\errorMiddleware.js:2:19)
    at Layer.handleRequest (C:\react project\x\the-karan-singh-vaidh\the-karan-singh-vaidh\server\node_modules\router\lib\layer.js:152:17)
    at trimPrefix (C:\react project\x\the-karan-singh-vaidh\the-karan-singh-vaidh\server\node_modules\router\index.js:342:13)
    at C:\react project\x\the-karan-singh-vaidh\the-karan-singh-vaidh\server\node_modules\router\index.js:297:9
    at processParams (C:\react project\x\the-karan-singh-vaidh\the-karan-singh-vaidh\server\node_modules\router\index.js:582:12)
    at next (C:\react project\x\the-karan-singh-vaidh\the-karan-singh-vaidh\server\node_modules\router\index.js:291:5)
    at logger (C:\react project\x\the-karan-singh-vaidh\the-karan-singh-vaidh\server\node_modules\morgan\index.js:144:5)
    at Layer.handleRequest (C:\react project\x\the-karan-singh-vaidh\the-karan-singh-vaidh\server\node_modules\router\lib\layer.js:152:17)
    at trimPrefix (C:\react project\x\the-karan-singh-vaidh\the-karan-singh-vaidh\server\node_modules\router\index.js:342:13)
    at C:\react project\x\the-karan-singh-vaidh\the-karan-singh-vaidh\server\node_modules\router\index.js:297:9

[2026-02-20T16:13:47.164Z] 404 - Not Found - /socket.io/?EIO=4&transport=polling&t=3ao0p0ic
Error: Not Found - /socket.io/?EIO=4&transport=polling&t=3ao0p0ic
    at notFound (C:\react project\x\the-karan-singh-vaidh\the-karan-singh-vaidh\server\middleware\errorMiddleware.js:2:19)
    at Layer.handleRequest (C:\react project\x\the-karan-singh-vaidh\the-karan-singh-vaidh\server\node_modules\router\lib\layer.js:152:17)
    at trimPrefix (C:\react project\x\the-karan-singh-vaidh\the-karan-singh-vaidh\server\node_modules\router\index.js:342:13)
    at C:\react project\x\the-karan-singh-vaidh\the-karan-singh-vaidh\server\node_modules\router\index.js:297:9
    at processParams (C:\react project\x\the-karan-singh-vaidh\the-karan-singh-vaidh\server\node_modules\router\index.js:582:12)
    at next (C:\react project\x\the-karan-singh-vaidh\the-karan-singh-vaidh\server\node_modules\router\index.js:291:5)
    at logger (C:\react project\x\the-karan-singh-vaidh\the-karan-singh-vaidh\server\node_modules\morgan\index.js:144:5)
    at Layer.handleRequest (C:\react project\x\the-karan-singh-vaidh\the-karan-singh-vaidh\server\node_modules\router\lib\layer.js:152:17)
    at trimPrefix (C:\react project\x\the-karan-singh-vaidh\the-karan-singh-vaidh\server\node_modules\router\index.js:342:13)
    at C:\react project\x\the-karan-singh-vaidh\the-karan-singh-vaidh\server\node_modules\router\index.js:297:9

[2026-02-20T16:13:53.161Z] 404 - Not Found - /socket.io/?EIO=4&transport=polling&t=3asna176
Error: Not Found - /socket.io/?EIO=4&transport=polling&t=3asna176
    at notFound (C:\react project\x\the-karan-singh-vaidh\the-karan-singh-vaidh\server\middleware\errorMiddleware.js:2:19)
    at Layer.handleRequest (C:\react project\x\the-karan-singh-vaidh\the-karan-singh-vaidh\server\node_modules\router\lib\layer.js:152:17)
    at trimPrefix (C:\react project\x\the-karan-singh-vaidh\the-karan-singh-vaidh\server\node_modules\router\index.js:342:13)
    at C:\react project\x\the-karan-singh-vaidh\the-karan-singh-vaidh\server\node_modules\router\index.js:297:9
    at processParams (C:\react project\x\the-karan-singh-vaidh\the-karan-singh-vaidh\server\node_modules\router\index.js:582:12)
    at next (C:\react project\x\the-karan-singh-vaidh\the-karan-singh-vaidh\server\node_modules\router\index.js:291:5)
    at logger (C:\react project\x\the-karan-singh-vaidh\the-karan-singh-vaidh\server\node_modules\morgan\index.js:144:5)
    at Layer.handleRequest (C:\react project\x\the-karan-singh-vaidh\the-karan-singh-vaidh\server\node_modules\router\lib\layer.js:152:17)
    at trimPrefix (C:\react project\x\the-karan-singh-vaidh\the-karan-singh-vaidh\server\node_modules\router\index.js:342:13)
    at C:\react project\x\the-karan-singh-vaidh\the-karan-singh-vaidh\server\node_modules\router\index.js:297:9

[2026-02-20T16:13:59.157Z] 404 - Not Found - /socket.io/?EIO=4&transport=polling&t=3ax9uvzg
Error: Not Found - /socket.io/?EIO=4&transport=polling&t=3ax9uvzg
    at notFound (C:\react project\x\the-karan-singh-vaidh\the-karan-singh-vaidh\server\middleware\errorMiddleware.js:2:19)
    at Layer.handleRequest (C:\react project\x\the-karan-singh-vaidh\the-karan-singh-vaidh\server\node_modules\router\lib\layer.js:152:17)
    at trimPrefix (C:\react project\x\the-karan-singh-vaidh\the-karan-singh-vaidh\server\node_modules\router\index.js:342:13)
    at C:\react project\x\the-karan-singh-vaidh\the-karan-singh-vaidh\server\node_modules\router\index.js:297:9
    at processParams (C:\react project\x\the-karan-singh-vaidh\the-karan-singh-vaidh\server\node_modules\router\index.js:582:12)
    at next (C:\react project\x\the-karan-singh-vaidh\the-karan-singh-vaidh\server\node_modules\router\index.js:291:5)
    at logger (C:\react project\x\the-karan-singh-vaidh\the-karan-singh-vaidh\server\node_modules\morgan\index.js:144:5)
    at Layer.handleRequest (C:\react project\x\the-karan-singh-vaidh\the-karan-singh-vaidh\server\node_modules\router\lib\layer.js:152:17)
    at trimPrefix (C:\react project\x\the-karan-singh-vaidh\the-karan-singh-vaidh\server\node_modules\router\index.js:342:13)
    at C:\react project\x\the-karan-singh-vaidh\the-karan-singh-vaidh\server\node_modules\router\index.js:297:9

[2026-02-20T16:14:05.164Z] 404 - Not Found - /socket.io/?EIO=4&transport=polling&t=3b1wplpt
Error: Not Found - /socket.io/?EIO=4&transport=polling&t=3b1wplpt
    at notFound (C:\react project\x\the-karan-singh-vaidh\the-karan-singh-vaidh\server\middleware\errorMiddleware.js:2:19)
    at Layer.handleRequest (C:\react project\x\the-karan-singh-vaidh\the-karan-singh-vaidh\server\node_modules\router\lib\layer.js:152:17)
    at trimPrefix (C:\react project\x\the-karan-singh-vaidh\the-karan-singh-vaidh\server\node_modules\router\index.js:342:13)
    at C:\react project\x\the-karan-singh-vaidh\the-karan-singh-vaidh\server\node_modules\router\index.js:297:9
    at processParams (C:\react project\x\the-karan-singh-vaidh\the-karan-singh-vaidh\server\node_modules\router\index.js:582:12)
    at next (C:\react project\x\the-karan-singh-vaidh\the-karan-singh-vaidh\server\node_modules\router\index.js:291:5)
    at logger (C:\react project\x\the-karan-singh-vaidh\the-karan-singh-vaidh\server\node_modules\morgan\index.js:144:5)
    at Layer.handleRequest (C:\react project\x\the-karan-singh-vaidh\the-karan-singh-vaidh\server\node_modules\router\lib\layer.js:152:17)
    at trimPrefix (C:\react project\x\the-karan-singh-vaidh\the-karan-singh-vaidh\server\node_modules\router\index.js:342:13)
    at C:\react project\x\the-karan-singh-vaidh\the-karan-singh-vaidh\server\node_modules\router\index.js:297:9

[2026-02-20T16:14:11.164Z] 404 - Not Found - /socket.io/?EIO=4&transport=polling&t=3b6jetkd
Error: Not Found - /socket.io/?EIO=4&transport=polling&t=3b6jetkd
    at notFound (C:\react project\x\the-karan-singh-vaidh\the-karan-singh-vaidh\server\middleware\errorMiddleware.js:2:19)
    at Layer.handleRequest (C:\react project\x\the-karan-singh-vaidh\the-karan-singh-vaidh\server\node_modules\router\lib\layer.js:152:17)
    at trimPrefix (C:\react project\x\the-karan-singh-vaidh\the-karan-singh-vaidh\server\node_modules\router\index.js:342:13)
    at C:\react project\x\the-karan-singh-vaidh\the-karan-singh-vaidh\server\node_modules\router\index.js:297:9
    at processParams (C:\react project\x\the-karan-singh-vaidh\the-karan-singh-vaidh\server\node_modules\router\index.js:582:12)
    at next (C:\react project\x\the-karan-singh-vaidh\the-karan-singh-vaidh\server\node_modules\router\index.js:291:5)
    at logger (C:\react project\x\the-karan-singh-vaidh\the-karan-singh-vaidh\server\node_modules\morgan\index.js:144:5)
    at Layer.handleRequest (C:\react project\x\the-karan-singh-vaidh\the-karan-singh-vaidh\server\node_modules\router\lib\layer.js:152:17)
    at trimPrefix (C:\react project\x\the-karan-singh-vaidh\the-karan-singh-vaidh\server\node_modules\router\index.js:342:13)
    at C:\react project\x\the-karan-singh-vaidh\the-karan-singh-vaidh\server\node_modules\router\index.js:297:9

[2026-02-20T16:14:17.157Z] 404 - Not Found - /socket.io/?EIO=4&transport=polling&t=3bb5vubf
Error: Not Found - /socket.io/?EIO=4&transport=polling&t=3bb5vubf
    at notFound (C:\react project\x\the-karan-singh-vaidh\the-karan-singh-vaidh\server\middleware\errorMiddleware.js:2:19)
    at Layer.handleRequest (C:\react project\x\the-karan-singh-vaidh\the-karan-singh-vaidh\server\node_modules\router\lib\layer.js:152:17)
    at trimPrefix (C:\react project\x\the-karan-singh-vaidh\the-karan-singh-vaidh\server\node_modules\router\index.js:342:13)
    at C:\react project\x\the-karan-singh-vaidh\the-karan-singh-vaidh\server\node_modules\router\index.js:297:9
    at processParams (C:\react project\x\the-karan-singh-vaidh\the-karan-singh-vaidh\server\node_modules\router\index.js:582:12)
    at next (C:\react project\x\the-karan-singh-vaidh\the-karan-singh-vaidh\server\node_modules\router\index.js:291:5)
    at logger (C:\react project\x\the-karan-singh-vaidh\the-karan-singh-vaidh\server\node_modules\morgan\index.js:144:5)
    at Layer.handleRequest (C:\react project\x\the-karan-singh-vaidh\the-karan-singh-vaidh\server\node_modules\router\lib\layer.js:152:17)
    at trimPrefix (C:\react project\x\the-karan-singh-vaidh\the-karan-singh-vaidh\server\node_modules\router\index.js:342:13)
    at C:\react project\x\the-karan-singh-vaidh\the-karan-singh-vaidh\server\node_modules\router\index.js:297:9

[2026-02-20T16:14:23.155Z] 404 - Not Found - /socket.io/?EIO=4&transport=polling&t=3bfshn0h
Error: Not Found - /socket.io/?EIO=4&transport=polling&t=3bfshn0h
    at notFound (C:\react project\x\the-karan-singh-vaidh\the-karan-singh-vaidh\server\middleware\errorMiddleware.js:2:19)
    at Layer.handleRequest (C:\react project\x\the-karan-singh-vaidh\the-karan-singh-vaidh\server\node_modules\router\lib\layer.js:152:17)
    at trimPrefix (C:\react project\x\the-karan-singh-vaidh\the-karan-singh-vaidh\server\node_modules\router\index.js:342:13)
    at C:\react project\x\the-karan-singh-vaidh\the-karan-singh-vaidh\server\node_modules\router\index.js:297:9
    at processParams (C:\react project\x\the-karan-singh-vaidh\the-karan-singh-vaidh\server\node_modules\router\index.js:582:12)
    at next (C:\react project\x\the-karan-singh-vaidh\the-karan-singh-vaidh\server\node_modules\router\index.js:291:5)
    at logger (C:\react project\x\the-karan-singh-vaidh\the-karan-singh-vaidh\server\node_modules\morgan\index.js:144:5)
    at Layer.handleRequest (C:\react project\x\the-karan-singh-vaidh\the-karan-singh-vaidh\server\node_modules\router\lib\layer.js:152:17)
    at trimPrefix (C:\react project\x\the-karan-singh-vaidh\the-karan-singh-vaidh\server\node_modules\router\index.js:342:13)
    at C:\react project\x\the-karan-singh-vaidh\the-karan-singh-vaidh\server\node_modules\router\index.js:297:9

[2026-02-20T16:14:27.195Z] 404 - Not Found - /api/activity/stats/699815a20e67b6e7f5f3d7fa
Error: Not Found - /api/activity/stats/699815a20e67b6e7f5f3d7fa
    at notFound (C:\react project\x\the-karan-singh-vaidh\the-karan-singh-vaidh\server\middleware\errorMiddleware.js:2:19)
    at Layer.handleRequest (C:\react project\x\the-karan-singh-vaidh\the-karan-singh-vaidh\server\node_modules\router\lib\layer.js:152:17)
    at trimPrefix (C:\react project\x\the-karan-singh-vaidh\the-karan-singh-vaidh\server\node_modules\router\index.js:342:13)
    at C:\react project\x\the-karan-singh-vaidh\the-karan-singh-vaidh\server\node_modules\router\index.js:297:9
    at processParams (C:\react project\x\the-karan-singh-vaidh\the-karan-singh-vaidh\server\node_modules\router\index.js:582:12)
    at next (C:\react project\x\the-karan-singh-vaidh\the-karan-singh-vaidh\server\node_modules\router\index.js:291:5)
    at logger (C:\react project\x\the-karan-singh-vaidh\the-karan-singh-vaidh\server\node_modules\morgan\index.js:144:5)
    at Layer.handleRequest (C:\react project\x\the-karan-singh-vaidh\the-karan-singh-vaidh\server\node_modules\router\lib\layer.js:152:17)
    at trimPrefix (C:\react project\x\the-karan-singh-vaidh\the-karan-singh-vaidh\server\node_modules\router\index.js:342:13)
    at C:\react project\x\the-karan-singh-vaidh\the-karan-singh-vaidh\server\node_modules\router\index.js:297:9

[2026-02-20T16:14:29.158Z] 404 - Not Found - /socket.io/?EIO=4&transport=polling&t=3bkf8nd7
Error: Not Found - /socket.io/?EIO=4&transport=polling&t=3bkf8nd7
    at notFound (C:\react project\x\the-karan-singh-vaidh\the-karan-singh-vaidh\server\middleware\errorMiddleware.js:2:19)
    at Layer.handleRequest (C:\react project\x\the-karan-singh-vaidh\the-karan-singh-vaidh\server\node_modules\router\lib\layer.js:152:17)
    at trimPrefix (C:\react project\x\the-karan-singh-vaidh\the-karan-singh-vaidh\server\node_modules\router\index.js:342:13)
    at C:\react project\x\the-karan-singh-vaidh\the-karan-singh-vaidh\server\node_modules\router\index.js:297:9
    at processParams (C:\react project\x\the-karan-singh-vaidh\the-karan-singh-vaidh\server\node_modules\router\index.js:582:12)
    at next (C:\react project\x\the-karan-singh-vaidh\the-karan-singh-vaidh\server\node_modules\router\index.js:291:5)
    at logger (C:\react project\x\the-karan-singh-vaidh\the-karan-singh-vaidh\server\node_modules\morgan\index.js:144:5)
    at Layer.handleRequest (C:\react project\x\the-karan-singh-vaidh\the-karan-singh-vaidh\server\node_modules\router\lib\layer.js:152:17)
    at trimPrefix (C:\react project\x\the-karan-singh-vaidh\the-karan-singh-vaidh\server\node_modules\router\index.js:342:13)
    at C:\react project\x\the-karan-singh-vaidh\the-karan-singh-vaidh\server\node_modules\router\index.js:297:9

[2026-02-20T16:14:35.161Z] 404 - Not Found - /socket.io/?EIO=4&transport=polling&t=3bp1yvyq
Error: Not Found - /socket.io/?EIO=4&transport=polling&t=3bp1yvyq
    at notFound (C:\react project\x\the-karan-singh-vaidh\the-karan-singh-vaidh\server\middleware\errorMiddleware.js:2:19)
    at Layer.handleRequest (C:\react project\x\the-karan-singh-vaidh\the-karan-singh-vaidh\server\node_modules\router\lib\layer.js:152:17)
    at trimPrefix (C:\react project\x\the-karan-singh-vaidh\the-karan-singh-vaidh\server\node_modules\router\index.js:342:13)
    at C:\react project\x\the-karan-singh-vaidh\the-karan-singh-vaidh\server\node_modules\router\index.js:297:9
    at processParams (C:\react project\x\the-karan-singh-vaidh\the-karan-singh-vaidh\server\node_modules\router\index.js:582:12)
    at next (C:\react project\x\the-karan-singh-vaidh\the-karan-singh-vaidh\server\node_modules\router\index.js:291:5)
    at logger (C:\react project\x\the-karan-singh-vaidh\the-karan-singh-vaidh\server\node_modules\morgan\index.js:144:5)
    at Layer.handleRequest (C:\react project\x\the-karan-singh-vaidh\the-karan-singh-vaidh\server\node_modules\router\lib\layer.js:152:17)
    at trimPrefix (C:\react project\x\the-karan-singh-vaidh\the-karan-singh-vaidh\server\node_modules\router\index.js:342:13)
    at C:\react project\x\the-karan-singh-vaidh\the-karan-singh-vaidh\server\node_modules\router\index.js:297:9

[2026-02-20T16:14:41.166Z] 404 - Not Found - /socket.io/?EIO=4&transport=polling&t=3btos8eb
Error: Not Found - /socket.io/?EIO=4&transport=polling&t=3btos8eb
    at notFound (C:\react project\x\the-karan-singh-vaidh\the-karan-singh-vaidh\server\middleware\errorMiddleware.js:2:19)
    at Layer.handleRequest (C:\react project\x\the-karan-singh-vaidh\the-karan-singh-vaidh\server\node_modules\router\lib\layer.js:152:17)
    at trimPrefix (C:\react project\x\the-karan-singh-vaidh\the-karan-singh-vaidh\server\node_modules\router\index.js:342:13)
    at C:\react project\x\the-karan-singh-vaidh\the-karan-singh-vaidh\server\node_modules\router\index.js:297:9
    at processParams (C:\react project\x\the-karan-singh-vaidh\the-karan-singh-vaidh\server\node_modules\router\index.js:582:12)
    at next (C:\react project\x\the-karan-singh-vaidh\the-karan-singh-vaidh\server\node_modules\router\index.js:291:5)
    at logger (C:\react project\x\the-karan-singh-vaidh\the-karan-singh-vaidh\server\node_modules\morgan\index.js:144:5)
    at Layer.handleRequest (C:\react project\x\the-karan-singh-vaidh\the-karan-singh-vaidh\server\node_modules\router\lib\layer.js:152:17)
    at trimPrefix (C:\react project\x\the-karan-singh-vaidh\the-karan-singh-vaidh\server\node_modules\router\index.js:342:13)
    at C:\react project\x\the-karan-singh-vaidh\the-karan-singh-vaidh\server\node_modules\router\index.js:297:9

[2026-02-20T16:14:47.165Z] 404 - Not Found - /socket.io/?EIO=4&transport=polling&t=3bybehec
Error: Not Found - /socket.io/?EIO=4&transport=polling&t=3bybehec
    at notFound (C:\react project\x\the-karan-singh-vaidh\the-karan-singh-vaidh\server\middleware\errorMiddleware.js:2:19)
    at Layer.handleRequest (C:\react project\x\the-karan-singh-vaidh\the-karan-singh-vaidh\server\node_modules\router\lib\layer.js:152:17)
    at trimPrefix (C:\react project\x\the-karan-singh-vaidh\the-karan-singh-vaidh\server\node_modules\router\index.js:342:13)
    at C:\react project\x\the-karan-singh-vaidh\the-karan-singh-vaidh\server\node_modules\router\index.js:297:9
    at processParams (C:\react project\x\the-karan-singh-vaidh\the-karan-singh-vaidh\server\node_modules\router\index.js:582:12)
    at next (C:\react project\x\the-karan-singh-vaidh\the-karan-singh-vaidh\server\node_modules\router\index.js:291:5)
    at logger (C:\react project\x\the-karan-singh-vaidh\the-karan-singh-vaidh\server\node_modules\morgan\index.js:144:5)
    at Layer.handleRequest (C:\react project\x\the-karan-singh-vaidh\the-karan-singh-vaidh\server\node_modules\router\lib\layer.js:152:17)
    at trimPrefix (C:\react project\x\the-karan-singh-vaidh\the-karan-singh-vaidh\server\node_modules\router\index.js:342:13)
    at C:\react project\x\the-karan-singh-vaidh\the-karan-singh-vaidh\server\node_modules\router\index.js:297:9

[2026-02-20T16:14:53.159Z] 404 - Not Found - /socket.io/?EIO=4&transport=polling&t=3c2xxxgd
Error: Not Found - /socket.io/?EIO=4&transport=polling&t=3c2xxxgd
    at notFound (C:\react project\x\the-karan-singh-vaidh\the-karan-singh-vaidh\server\middleware\errorMiddleware.js:2:19)
    at Layer.handleRequest (C:\react project\x\the-karan-singh-vaidh\the-karan-singh-vaidh\server\node_modules\router\lib\layer.js:152:17)
    at trimPrefix (C:\react project\x\the-karan-singh-vaidh\the-karan-singh-vaidh\server\node_modules\router\index.js:342:13)
    at C:\react project\x\the-karan-singh-vaidh\the-karan-singh-vaidh\server\node_modules\router\index.js:297:9
    at processParams (C:\react project\x\the-karan-singh-vaidh\the-karan-singh-vaidh\server\node_modules\router\index.js:582:12)
    at next (C:\react project\x\the-karan-singh-vaidh\the-karan-singh-vaidh\server\node_modules\router\index.js:291:5)
    at logger (C:\react project\x\the-karan-singh-vaidh\the-karan-singh-vaidh\server\node_modules\morgan\index.js:144:5)
    at Layer.handleRequest (C:\react project\x\the-karan-singh-vaidh\the-karan-singh-vaidh\server\node_modules\router\lib\layer.js:152:17)
    at trimPrefix (C:\react project\x\the-karan-singh-vaidh\the-karan-singh-vaidh\server\node_modules\router\index.js:342:13)
    at C:\react project\x\the-karan-singh-vaidh\the-karan-singh-vaidh\server\node_modules\router\index.js:297:9

[2026-02-20T16:14:59.163Z] 404 - Not Found - /socket.io/?EIO=4&transport=polling&t=3c7kqwta
Error: Not Found - /socket.io/?EIO=4&transport=polling&t=3c7kqwta
    at notFound (C:\react project\x\the-karan-singh-vaidh\the-karan-singh-vaidh\server\middleware\errorMiddleware.js:2:19)
    at Layer.handleRequest (C:\react project\x\the-karan-singh-vaidh\the-karan-singh-vaidh\server\node_modules\router\lib\layer.js:152:17)
    at trimPrefix (C:\react project\x\the-karan-singh-vaidh\the-karan-singh-vaidh\server\node_modules\router\index.js:342:13)
    at C:\react project\x\the-karan-singh-vaidh\the-karan-singh-vaidh\server\node_modules\router\index.js:297:9
    at processParams (C:\react project\x\the-karan-singh-vaidh\the-karan-singh-vaidh\server\node_modules\router\index.js:582:12)
    at next (C:\react project\x\the-karan-singh-vaidh\the-karan-singh-vaidh\server\node_modules\router\index.js:291:5)
    at logger (C:\react project\x\the-karan-singh-vaidh\the-karan-singh-vaidh\server\node_modules\morgan\index.js:144:5)
    at Layer.handleRequest (C:\react project\x\the-karan-singh-vaidh\the-karan-singh-vaidh\server\node_modules\router\lib\layer.js:152:17)
    at trimPrefix (C:\react project\x\the-karan-singh-vaidh\the-karan-singh-vaidh\server\node_modules\router\index.js:342:13)
    at C:\react project\x\the-karan-singh-vaidh\the-karan-singh-vaidh\server\node_modules\router\index.js:297:9

[2026-02-20T16:15:05.165Z] 404 - Not Found - /socket.io/?EIO=4&transport=polling&t=3cc7fze1
Error: Not Found - /socket.io/?EIO=4&transport=polling&t=3cc7fze1
    at notFound (C:\react project\x\the-karan-singh-vaidh\the-karan-singh-vaidh\server\middleware\errorMiddleware.js:2:19)
    at Layer.handleRequest (C:\react project\x\the-karan-singh-vaidh\the-karan-singh-vaidh\server\node_modules\router\lib\layer.js:152:17)
    at trimPrefix (C:\react project\x\the-karan-singh-vaidh\the-karan-singh-vaidh\server\node_modules\router\index.js:342:13)
    at C:\react project\x\the-karan-singh-vaidh\the-karan-singh-vaidh\server\node_modules\router\index.js:297:9
    at processParams (C:\react project\x\the-karan-singh-vaidh\the-karan-singh-vaidh\server\node_modules\router\index.js:582:12)
    at next (C:\react project\x\the-karan-singh-vaidh\the-karan-singh-vaidh\server\node_modules\router\index.js:291:5)
    at logger (C:\react project\x\the-karan-singh-vaidh\the-karan-singh-vaidh\server\node_modules\morgan\index.js:144:5)
    at Layer.handleRequest (C:\react project\x\the-karan-singh-vaidh\the-karan-singh-vaidh\server\node_modules\router\lib\layer.js:152:17)
    at trimPrefix (C:\react project\x\the-karan-singh-vaidh\the-karan-singh-vaidh\server\node_modules\router\index.js:342:13)
    at C:\react project\x\the-karan-singh-vaidh\the-karan-singh-vaidh\server\node_modules\router\index.js:297:9

[2026-02-20T16:15:11.157Z] 404 - Not Found - /socket.io/?EIO=4&transport=polling&t=3cgtw6b4
Error: Not Found - /socket.io/?EIO=4&transport=polling&t=3cgtw6b4
    at notFound (C:\react project\x\the-karan-singh-vaidh\the-karan-singh-vaidh\server\middleware\errorMiddleware.js:2:19)
    at Layer.handleRequest (C:\react project\x\the-karan-singh-vaidh\the-karan-singh-vaidh\server\node_modules\router\lib\layer.js:152:17)
    at trimPrefix (C:\react project\x\the-karan-singh-vaidh\the-karan-singh-vaidh\server\node_modules\router\index.js:342:13)
    at C:\react project\x\the-karan-singh-vaidh\the-karan-singh-vaidh\server\node_modules\router\index.js:297:9
    at processParams (C:\react project\x\the-karan-singh-vaidh\the-karan-singh-vaidh\server\node_modules\router\index.js:582:12)
    at next (C:\react project\x\the-karan-singh-vaidh\the-karan-singh-vaidh\server\node_modules\router\index.js:291:5)
    at logger (C:\react project\x\the-karan-singh-vaidh\the-karan-singh-vaidh\server\node_modules\morgan\index.js:144:5)
    at Layer.handleRequest (C:\react project\x\the-karan-singh-vaidh\the-karan-singh-vaidh\server\node_modules\router\lib\layer.js:152:17)
    at trimPrefix (C:\react project\x\the-karan-singh-vaidh\the-karan-singh-vaidh\server\node_modules\router\index.js:342:13)
    at C:\react project\x\the-karan-singh-vaidh\the-karan-singh-vaidh\server\node_modules\router\index.js:297:9

[2026-02-20T16:15:16.429Z] 401 - Not authorized, token failed
Error: Not authorized, token failed
    at C:\react project\x\the-karan-singh-vaidh\the-karan-singh-vaidh\server\middleware\authMiddleware.js:27:19
    at asyncUtilWrap (C:\react project\x\the-karan-singh-vaidh\the-karan-singh-vaidh\server\node_modules\express-async-handler\index.js:3:20)
    at Layer.handleRequest (C:\react project\x\the-karan-singh-vaidh\the-karan-singh-vaidh\server\node_modules\router\lib\layer.js:152:17)
    at next (C:\react project\x\the-karan-singh-vaidh\the-karan-singh-vaidh\server\node_modules\router\lib\route.js:157:13)
    at Route.dispatch (C:\react project\x\the-karan-singh-vaidh\the-karan-singh-vaidh\server\node_modules\router\lib\route.js:117:3)
    at handle (C:\react project\x\the-karan-singh-vaidh\the-karan-singh-vaidh\server\node_modules\router\index.js:435:11)
    at Layer.handleRequest (C:\react project\x\the-karan-singh-vaidh\the-karan-singh-vaidh\server\node_modules\router\lib\layer.js:152:17)
    at C:\react project\x\the-karan-singh-vaidh\the-karan-singh-vaidh\server\node_modules\router\index.js:295:15
    at processParams (C:\react project\x\the-karan-singh-vaidh\the-karan-singh-vaidh\server\node_modules\router\index.js:582:12)
    at next (C:\react project\x\the-karan-singh-vaidh\the-karan-singh-vaidh\server\node_modules\router\index.js:291:5)

[2026-02-20T16:15:17.156Z] 404 - Not Found - /socket.io/?EIO=4&transport=polling&t=3clgiswm
Error: Not Found - /socket.io/?EIO=4&transport=polling&t=3clgiswm
    at notFound (C:\react project\x\the-karan-singh-vaidh\the-karan-singh-vaidh\server\middleware\errorMiddleware.js:2:19)
    at Layer.handleRequest (C:\react project\x\the-karan-singh-vaidh\the-karan-singh-vaidh\server\node_modules\router\lib\layer.js:152:17)
    at trimPrefix (C:\react project\x\the-karan-singh-vaidh\the-karan-singh-vaidh\server\node_modules\router\index.js:342:13)
    at C:\react project\x\the-karan-singh-vaidh\the-karan-singh-vaidh\server\node_modules\router\index.js:297:9
    at processParams (C:\react project\x\the-karan-singh-vaidh\the-karan-singh-vaidh\server\node_modules\router\index.js:582:12)
    at next (C:\react project\x\the-karan-singh-vaidh\the-karan-singh-vaidh\server\node_modules\router\index.js:291:5)
    at logger (C:\react project\x\the-karan-singh-vaidh\the-karan-singh-vaidh\server\node_modules\morgan\index.js:144:5)
    at Layer.handleRequest (C:\react project\x\the-karan-singh-vaidh\the-karan-singh-vaidh\server\node_modules\router\lib\layer.js:152:17)
    at trimPrefix (C:\react project\x\the-karan-singh-vaidh\the-karan-singh-vaidh\server\node_modules\router\index.js:342:13)
    at C:\react project\x\the-karan-singh-vaidh\the-karan-singh-vaidh\server\node_modules\router\index.js:297:9

[2026-02-20T16:15:23.152Z] 404 - Not Found - /socket.io/?EIO=4&transport=polling&t=3cq320va
Error: Not Found - /socket.io/?EIO=4&transport=polling&t=3cq320va
    at notFound (C:\react project\x\the-karan-singh-vaidh\the-karan-singh-vaidh\server\middleware\errorMiddleware.js:2:19)
    at Layer.handleRequest (C:\react project\x\the-karan-singh-vaidh\the-karan-singh-vaidh\server\node_modules\router\lib\layer.js:152:17)
    at trimPrefix (C:\react project\x\the-karan-singh-vaidh\the-karan-singh-vaidh\server\node_modules\router\index.js:342:13)
    at C:\react project\x\the-karan-singh-vaidh\the-karan-singh-vaidh\server\node_modules\router\index.js:297:9
    at processParams (C:\react project\x\the-karan-singh-vaidh\the-karan-singh-vaidh\server\node_modules\router\index.js:582:12)
    at next (C:\react project\x\the-karan-singh-vaidh\the-karan-singh-vaidh\server\node_modules\router\index.js:291:5)
    at logger (C:\react project\x\the-karan-singh-vaidh\the-karan-singh-vaidh\server\node_modules\morgan\index.js:144:5)
    at Layer.handleRequest (C:\react project\x\the-karan-singh-vaidh\the-karan-singh-vaidh\server\node_modules\router\lib\layer.js:152:17)
    at trimPrefix (C:\react project\x\the-karan-singh-vaidh\the-karan-singh-vaidh\server\node_modules\router\index.js:342:13)
    at C:\react project\x\the-karan-singh-vaidh\the-karan-singh-vaidh\server\node_modules\router\index.js:297:9

[2026-02-20T16:15:27.175Z] 404 - Not Found - /api/activity/stats/699815a20e67b6e7f5f3d7fa
Error: Not Found - /api/activity/stats/699815a20e67b6e7f5f3d7fa
    at notFound (C:\react project\x\the-karan-singh-vaidh\the-karan-singh-vaidh\server\middleware\errorMiddleware.js:2:19)
    at Layer.handleRequest (C:\react project\x\the-karan-singh-vaidh\the-karan-singh-vaidh\server\node_modules\router\lib\layer.js:152:17)
    at trimPrefix (C:\react project\x\the-karan-singh-vaidh\the-karan-singh-vaidh\server\node_modules\router\index.js:342:13)
    at C:\react project\x\the-karan-singh-vaidh\the-karan-singh-vaidh\server\node_modules\router\index.js:297:9
    at processParams (C:\react project\x\the-karan-singh-vaidh\the-karan-singh-vaidh\server\node_modules\router\index.js:582:12)
    at next (C:\react project\x\the-karan-singh-vaidh\the-karan-singh-vaidh\server\node_modules\router\index.js:291:5)
    at logger (C:\react project\x\the-karan-singh-vaidh\the-karan-singh-vaidh\server\node_modules\morgan\index.js:144:5)
    at Layer.handleRequest (C:\react project\x\the-karan-singh-vaidh\the-karan-singh-vaidh\server\node_modules\router\lib\layer.js:152:17)
    at trimPrefix (C:\react project\x\the-karan-singh-vaidh\the-karan-singh-vaidh\server\node_modules\router\index.js:342:13)
    at C:\react project\x\the-karan-singh-vaidh\the-karan-singh-vaidh\server\node_modules\router\index.js:297:9

[2026-02-20T16:15:29.164Z] 404 - Not Found - /socket.io/?EIO=4&transport=polling&t=3cuq0hhv
Error: Not Found - /socket.io/?EIO=4&transport=polling&t=3cuq0hhv
    at notFound (C:\react project\x\the-karan-singh-vaidh\the-karan-singh-vaidh\server\middleware\errorMiddleware.js:2:19)
    at Layer.handleRequest (C:\react project\x\the-karan-singh-vaidh\the-karan-singh-vaidh\server\node_modules\router\lib\layer.js:152:17)
    at trimPrefix (C:\react project\x\the-karan-singh-vaidh\the-karan-singh-vaidh\server\node_modules\router\index.js:342:13)
    at C:\react project\x\the-karan-singh-vaidh\the-karan-singh-vaidh\server\node_modules\router\index.js:297:9
    at processParams (C:\react project\x\the-karan-singh-vaidh\the-karan-singh-vaidh\server\node_modules\router\index.js:582:12)
    at next (C:\react project\x\the-karan-singh-vaidh\the-karan-singh-vaidh\server\node_modules\router\index.js:291:5)
    at logger (C:\react project\x\the-karan-singh-vaidh\the-karan-singh-vaidh\server\node_modules\morgan\index.js:144:5)
    at Layer.handleRequest (C:\react project\x\the-karan-singh-vaidh\the-karan-singh-vaidh\server\node_modules\router\lib\layer.js:152:17)
    at trimPrefix (C:\react project\x\the-karan-singh-vaidh\the-karan-singh-vaidh\server\node_modules\router\index.js:342:13)
    at C:\react project\x\the-karan-singh-vaidh\the-karan-singh-vaidh\server\node_modules\router\index.js:297:9

[2026-02-20T16:15:35.163Z] 404 - Not Found - /socket.io/?EIO=4&transport=polling&t=3czcpzz1
Error: Not Found - /socket.io/?EIO=4&transport=polling&t=3czcpzz1
    at notFound (C:\react project\x\the-karan-singh-vaidh\the-karan-singh-vaidh\server\middleware\errorMiddleware.js:2:19)
    at Layer.handleRequest (C:\react project\x\the-karan-singh-vaidh\the-karan-singh-vaidh\server\node_modules\router\lib\layer.js:152:17)
    at trimPrefix (C:\react project\x\the-karan-singh-vaidh\the-karan-singh-vaidh\server\node_modules\router\index.js:342:13)
    at C:\react project\x\the-karan-singh-vaidh\the-karan-singh-vaidh\server\node_modules\router\index.js:297:9
    at processParams (C:\react project\x\the-karan-singh-vaidh\the-karan-singh-vaidh\server\node_modules\router\index.js:582:12)
    at next (C:\react project\x\the-karan-singh-vaidh\the-karan-singh-vaidh\server\node_modules\router\index.js:291:5)
    at logger (C:\react project\x\the-karan-singh-vaidh\the-karan-singh-vaidh\server\node_modules\morgan\index.js:144:5)
    at Layer.handleRequest (C:\react project\x\the-karan-singh-vaidh\the-karan-singh-vaidh\server\node_modules\router\lib\layer.js:152:17)
    at trimPrefix (C:\react project\x\the-karan-singh-vaidh\the-karan-singh-vaidh\server\node_modules\router\index.js:342:13)
    at C:\react project\x\the-karan-singh-vaidh\the-karan-singh-vaidh\server\node_modules\router\index.js:297:9

[2026-02-20T16:15:41.159Z] 404 - Not Found - /socket.io/?EIO=4&transport=polling&t=3d3z9qem
Error: Not Found - /socket.io/?EIO=4&transport=polling&t=3d3z9qem
    at notFound (C:\react project\x\the-karan-singh-vaidh\the-karan-singh-vaidh\server\middleware\errorMiddleware.js:2:19)
    at Layer.handleRequest (C:\react project\x\the-karan-singh-vaidh\the-karan-singh-vaidh\server\node_modules\router\lib\layer.js:152:17)
    at trimPrefix (C:\react project\x\the-karan-singh-vaidh\the-karan-singh-vaidh\server\node_modules\router\index.js:342:13)
    at C:\react project\x\the-karan-singh-vaidh\the-karan-singh-vaidh\server\node_modules\router\index.js:297:9
    at processParams (C:\react project\x\the-karan-singh-vaidh\the-karan-singh-vaidh\server\node_modules\router\index.js:582:12)
    at next (C:\react project\x\the-karan-singh-vaidh\the-karan-singh-vaidh\server\node_modules\router\index.js:291:5)
    at logger (C:\react project\x\the-karan-singh-vaidh\the-karan-singh-vaidh\server\node_modules\morgan\index.js:144:5)
    at Layer.handleRequest (C:\react project\x\the-karan-singh-vaidh\the-karan-singh-vaidh\server\node_modules\router\lib\layer.js:152:17)
    at trimPrefix (C:\react project\x\the-karan-singh-vaidh\the-karan-singh-vaidh\server\node_modules\router\index.js:342:13)
    at C:\react project\x\the-karan-singh-vaidh\the-karan-singh-vaidh\server\node_modules\router\index.js:297:9

[2026-02-20T16:15:47.164Z] 404 - Not Found - /socket.io/?EIO=4&transport=polling&t=3d8m1e3w
Error: Not Found - /socket.io/?EIO=4&transport=polling&t=3d8m1e3w
    at notFound (C:\react project\x\the-karan-singh-vaidh\the-karan-singh-vaidh\server\middleware\errorMiddleware.js:2:19)
    at Layer.handleRequest (C:\react project\x\the-karan-singh-vaidh\the-karan-singh-vaidh\server\node_modules\router\lib\layer.js:152:17)
    at trimPrefix (C:\react project\x\the-karan-singh-vaidh\the-karan-singh-vaidh\server\node_modules\router\index.js:342:13)
    at C:\react project\x\the-karan-singh-vaidh\the-karan-singh-vaidh\server\node_modules\router\index.js:297:9
    at processParams (C:\react project\x\the-karan-singh-vaidh\the-karan-singh-vaidh\server\node_modules\router\index.js:582:12)
    at next (C:\react project\x\the-karan-singh-vaidh\the-karan-singh-vaidh\server\node_modules\router\index.js:291:5)
    at logger (C:\react project\x\the-karan-singh-vaidh\the-karan-singh-vaidh\server\node_modules\morgan\index.js:144:5)
    at Layer.handleRequest (C:\react project\x\the-karan-singh-vaidh\the-karan-singh-vaidh\server\node_modules\router\lib\layer.js:152:17)
    at trimPrefix (C:\react project\x\the-karan-singh-vaidh\the-karan-singh-vaidh\server\node_modules\router\index.js:342:13)
    at C:\react project\x\the-karan-singh-vaidh\the-karan-singh-vaidh\server\node_modules\router\index.js:297:9

[2026-02-20T16:15:53.164Z] 404 - Not Found - /socket.io/?EIO=4&transport=polling&t=3dd8pzd4
Error: Not Found - /socket.io/?EIO=4&transport=polling&t=3dd8pzd4
    at notFound (C:\react project\x\the-karan-singh-vaidh\the-karan-singh-vaidh\server\middleware\errorMiddleware.js:2:19)
    at Layer.handleRequest (C:\react project\x\the-karan-singh-vaidh\the-karan-singh-vaidh\server\node_modules\router\lib\layer.js:152:17)
    at trimPrefix (C:\react project\x\the-karan-singh-vaidh\the-karan-singh-vaidh\server\node_modules\router\index.js:342:13)
    at C:\react project\x\the-karan-singh-vaidh\the-karan-singh-vaidh\server\node_modules\router\index.js:297:9
    at processParams (C:\react project\x\the-karan-singh-vaidh\the-karan-singh-vaidh\server\node_modules\router\index.js:582:12)
    at next (C:\react project\x\the-karan-singh-vaidh\the-karan-singh-vaidh\server\node_modules\router\index.js:291:5)
    at logger (C:\react project\x\the-karan-singh-vaidh\the-karan-singh-vaidh\server\node_modules\morgan\index.js:144:5)
    at Layer.handleRequest (C:\react project\x\the-karan-singh-vaidh\the-karan-singh-vaidh\server\node_modules\router\lib\layer.js:152:17)
    at trimPrefix (C:\react project\x\the-karan-singh-vaidh\the-karan-singh-vaidh\server\node_modules\router\index.js:342:13)
    at C:\react project\x\the-karan-singh-vaidh\the-karan-singh-vaidh\server\node_modules\router\index.js:297:9

[2026-02-20T16:15:59.163Z] 404 - Not Found - /socket.io/?EIO=4&transport=polling&t=3dhvdrcv
Error: Not Found - /socket.io/?EIO=4&transport=polling&t=3dhvdrcv
    at notFound (C:\react project\x\the-karan-singh-vaidh\the-karan-singh-vaidh\server\middleware\errorMiddleware.js:2:19)
    at Layer.handleRequest (C:\react project\x\the-karan-singh-vaidh\the-karan-singh-vaidh\server\node_modules\router\lib\layer.js:152:17)
    at trimPrefix (C:\react project\x\the-karan-singh-vaidh\the-karan-singh-vaidh\server\node_modules\router\index.js:342:13)
    at C:\react project\x\the-karan-singh-vaidh\the-karan-singh-vaidh\server\node_modules\router\index.js:297:9
    at processParams (C:\react project\x\the-karan-singh-vaidh\the-karan-singh-vaidh\server\node_modules\router\index.js:582:12)
    at next (C:\react project\x\the-karan-singh-vaidh\the-karan-singh-vaidh\server\node_modules\router\index.js:291:5)
    at logger (C:\react project\x\the-karan-singh-vaidh\the-karan-singh-vaidh\server\node_modules\morgan\index.js:144:5)
    at Layer.handleRequest (C:\react project\x\the-karan-singh-vaidh\the-karan-singh-vaidh\server\node_modules\router\lib\layer.js:152:17)
    at trimPrefix (C:\react project\x\the-karan-singh-vaidh\the-karan-singh-vaidh\server\node_modules\router\index.js:342:13)
    at C:\react project\x\the-karan-singh-vaidh\the-karan-singh-vaidh\server\node_modules\router\index.js:297:9

[2026-02-20T16:16:05.155Z] 404 - Not Found - /socket.io/?EIO=4&transport=polling&t=3dmht2tb
Error: Not Found - /socket.io/?EIO=4&transport=polling&t=3dmht2tb
    at notFound (C:\react project\x\the-karan-singh-vaidh\the-karan-singh-vaidh\server\middleware\errorMiddleware.js:2:19)
    at Layer.handleRequest (C:\react project\x\the-karan-singh-vaidh\the-karan-singh-vaidh\server\node_modules\router\lib\layer.js:152:17)
    at trimPrefix (C:\react project\x\the-karan-singh-vaidh\the-karan-singh-vaidh\server\node_modules\router\index.js:342:13)
    at C:\react project\x\the-karan-singh-vaidh\the-karan-singh-vaidh\server\node_modules\router\index.js:297:9
    at processParams (C:\react project\x\the-karan-singh-vaidh\the-karan-singh-vaidh\server\node_modules\router\index.js:582:12)
    at next (C:\react project\x\the-karan-singh-vaidh\the-karan-singh-vaidh\server\node_modules\router\index.js:291:5)
    at logger (C:\react project\x\the-karan-singh-vaidh\the-karan-singh-vaidh\server\node_modules\morgan\index.js:144:5)
    at Layer.handleRequest (C:\react project\x\the-karan-singh-vaidh\the-karan-singh-vaidh\server\node_modules\router\lib\layer.js:152:17)
    at trimPrefix (C:\react project\x\the-karan-singh-vaidh\the-karan-singh-vaidh\server\node_modules\router\index.js:342:13)
    at C:\react project\x\the-karan-singh-vaidh\the-karan-singh-vaidh\server\node_modules\router\index.js:297:9

[2026-02-20T16:16:05.235Z] 401 - Invalid email or password
Error: Invalid email or password
    at C:\react project\x\the-karan-singh-vaidh\the-karan-singh-vaidh\server\controllers\authController.js:45:19
    at process.processTicksAndRejections (node:internal/process/task_queues:95:5)

[2026-02-20T16:16:11.162Z] 404 - Not Found - /socket.io/?EIO=4&transport=polling&t=3dr4oh2n
Error: Not Found - /socket.io/?EIO=4&transport=polling&t=3dr4oh2n
    at notFound (C:\react project\x\the-karan-singh-vaidh\the-karan-singh-vaidh\server\middleware\errorMiddleware.js:2:19)
    at Layer.handleRequest (C:\react project\x\the-karan-singh-vaidh\the-karan-singh-vaidh\server\node_modules\router\lib\layer.js:152:17)
    at trimPrefix (C:\react project\x\the-karan-singh-vaidh\the-karan-singh-vaidh\server\node_modules\router\index.js:342:13)
    at C:\react project\x\the-karan-singh-vaidh\the-karan-singh-vaidh\server\node_modules\router\index.js:297:9
    at processParams (C:\react project\x\the-karan-singh-vaidh\the-karan-singh-vaidh\server\node_modules\router\index.js:582:12)
    at next (C:\react project\x\the-karan-singh-vaidh\the-karan-singh-vaidh\server\node_modules\router\index.js:291:5)
    at logger (C:\react project\x\the-karan-singh-vaidh\the-karan-singh-vaidh\server\node_modules\morgan\index.js:144:5)
    at Layer.handleRequest (C:\react project\x\the-karan-singh-vaidh\the-karan-singh-vaidh\server\node_modules\router\lib\layer.js:152:17)
    at trimPrefix (C:\react project\x\the-karan-singh-vaidh\the-karan-singh-vaidh\server\node_modules\router\index.js:342:13)
    at C:\react project\x\the-karan-singh-vaidh\the-karan-singh-vaidh\server\node_modules\router\index.js:297:9

[2026-02-20T16:16:17.159Z] 404 - Not Found - /socket.io/?EIO=4&transport=polling&t=3dvr8fyp
Error: Not Found - /socket.io/?EIO=4&transport=polling&t=3dvr8fyp
    at notFound (C:\react project\x\the-karan-singh-vaidh\the-karan-singh-vaidh\server\middleware\errorMiddleware.js:2:19)
    at Layer.handleRequest (C:\react project\x\the-karan-singh-vaidh\the-karan-singh-vaidh\server\node_modules\router\lib\layer.js:152:17)
    at trimPrefix (C:\react project\x\the-karan-singh-vaidh\the-karan-singh-vaidh\server\node_modules\router\index.js:342:13)
    at C:\react project\x\the-karan-singh-vaidh\the-karan-singh-vaidh\server\node_modules\router\index.js:297:9
    at processParams (C:\react project\x\the-karan-singh-vaidh\the-karan-singh-vaidh\server\node_modules\router\index.js:582:12)
    at next (C:\react project\x\the-karan-singh-vaidh\the-karan-singh-vaidh\server\node_modules\router\index.js:291:5)
    at logger (C:\react project\x\the-karan-singh-vaidh\the-karan-singh-vaidh\server\node_modules\morgan\index.js:144:5)
    at Layer.handleRequest (C:\react project\x\the-karan-singh-vaidh\the-karan-singh-vaidh\server\node_modules\router\lib\layer.js:152:17)
    at trimPrefix (C:\react project\x\the-karan-singh-vaidh\the-karan-singh-vaidh\server\node_modules\router\index.js:342:13)
    at C:\react project\x\the-karan-singh-vaidh\the-karan-singh-vaidh\server\node_modules\router\index.js:297:9

[2026-02-20T16:16:23.151Z] 404 - Not Found - /socket.io/?EIO=4&transport=polling&t=3e0dppfw
Error: Not Found - /socket.io/?EIO=4&transport=polling&t=3e0dppfw
    at notFound (C:\react project\x\the-karan-singh-vaidh\the-karan-singh-vaidh\server\middleware\errorMiddleware.js:2:19)
    at Layer.handleRequest (C:\react project\x\the-karan-singh-vaidh\the-karan-singh-vaidh\server\node_modules\router\lib\layer.js:152:17)
    at trimPrefix (C:\react project\x\the-karan-singh-vaidh\the-karan-singh-vaidh\server\node_modules\router\index.js:342:13)
    at C:\react project\x\the-karan-singh-vaidh\the-karan-singh-vaidh\server\node_modules\router\index.js:297:9
    at processParams (C:\react project\x\the-karan-singh-vaidh\the-karan-singh-vaidh\server\node_modules\router\index.js:582:12)
    at next (C:\react project\x\the-karan-singh-vaidh\the-karan-singh-vaidh\server\node_modules\router\index.js:291:5)
    at logger (C:\react project\x\the-karan-singh-vaidh\the-karan-singh-vaidh\server\node_modules\morgan\index.js:144:5)
    at Layer.handleRequest (C:\react project\x\the-karan-singh-vaidh\the-karan-singh-vaidh\server\node_modules\router\lib\layer.js:152:17)
    at trimPrefix (C:\react project\x\the-karan-singh-vaidh\the-karan-singh-vaidh\server\node_modules\router\index.js:342:13)
    at C:\react project\x\the-karan-singh-vaidh\the-karan-singh-vaidh\server\node_modules\router\index.js:297:9

[2026-02-20T16:16:27.169Z] 404 - Not Found - /api/activity/stats/699815a20e67b6e7f5f3d7fa
Error: Not Found - /api/activity/stats/699815a20e67b6e7f5f3d7fa
    at notFound (C:\react project\x\the-karan-singh-vaidh\the-karan-singh-vaidh\server\middleware\errorMiddleware.js:2:19)
    at Layer.handleRequest (C:\react project\x\the-karan-singh-vaidh\the-karan-singh-vaidh\server\node_modules\router\lib\layer.js:152:17)
    at trimPrefix (C:\react project\x\the-karan-singh-vaidh\the-karan-singh-vaidh\server\node_modules\router\index.js:342:13)
    at C:\react project\x\the-karan-singh-vaidh\the-karan-singh-vaidh\server\node_modules\router\index.js:297:9
    at processParams (C:\react project\x\the-karan-singh-vaidh\the-karan-singh-vaidh\server\node_modules\router\index.js:582:12)
    at next (C:\react project\x\the-karan-singh-vaidh\the-karan-singh-vaidh\server\node_modules\router\index.js:291:5)
    at logger (C:\react project\x\the-karan-singh-vaidh\the-karan-singh-vaidh\server\node_modules\morgan\index.js:144:5)
    at Layer.handleRequest (C:\react project\x\the-karan-singh-vaidh\the-karan-singh-vaidh\server\node_modules\router\lib\layer.js:152:17)
    at trimPrefix (C:\react project\x\the-karan-singh-vaidh\the-karan-singh-vaidh\server\node_modules\router\index.js:342:13)
    at C:\react project\x\the-karan-singh-vaidh\the-karan-singh-vaidh\server\node_modules\router\index.js:297:9

[2026-02-20T16:16:29.156Z] 404 - Not Found - /socket.io/?EIO=4&transport=polling&t=3e50hnrl
Error: Not Found - /socket.io/?EIO=4&transport=polling&t=3e50hnrl
    at notFound (C:\react project\x\the-karan-singh-vaidh\the-karan-singh-vaidh\server\middleware\errorMiddleware.js:2:19)
    at Layer.handleRequest (C:\react project\x\the-karan-singh-vaidh\the-karan-singh-vaidh\server\node_modules\router\lib\layer.js:152:17)
    at trimPrefix (C:\react project\x\the-karan-singh-vaidh\the-karan-singh-vaidh\server\node_modules\router\index.js:342:13)
    at C:\react project\x\the-karan-singh-vaidh\the-karan-singh-vaidh\server\node_modules\router\index.js:297:9
    at processParams (C:\react project\x\the-karan-singh-vaidh\the-karan-singh-vaidh\server\node_modules\router\index.js:582:12)
    at next (C:\react project\x\the-karan-singh-vaidh\the-karan-singh-vaidh\server\node_modules\router\index.js:291:5)
    at logger (C:\react project\x\the-karan-singh-vaidh\the-karan-singh-vaidh\server\node_modules\morgan\index.js:144:5)
    at Layer.handleRequest (C:\react project\x\the-karan-singh-vaidh\the-karan-singh-vaidh\server\node_modules\router\lib\layer.js:152:17)
    at trimPrefix (C:\react project\x\the-karan-singh-vaidh\the-karan-singh-vaidh\server\node_modules\router\index.js:342:13)
    at C:\react project\x\the-karan-singh-vaidh\the-karan-singh-vaidh\server\node_modules\router\index.js:297:9

[2026-02-20T16:16:35.169Z] 404 - Not Found - /socket.io/?EIO=4&transport=polling&t=3e9ngusd
Error: Not Found - /socket.io/?EIO=4&transport=polling&t=3e9ngusd
    at notFound (C:\react project\x\the-karan-singh-vaidh\the-karan-singh-vaidh\server\middleware\errorMiddleware.js:2:19)
    at Layer.handleRequest (C:\react project\x\the-karan-singh-vaidh\the-karan-singh-vaidh\server\node_modules\router\lib\layer.js:152:17)
    at trimPrefix (C:\react project\x\the-karan-singh-vaidh\the-karan-singh-vaidh\server\node_modules\router\index.js:342:13)
    at C:\react project\x\the-karan-singh-vaidh\the-karan-singh-vaidh\server\node_modules\router\index.js:297:9
    at processParams (C:\react project\x\the-karan-singh-vaidh\the-karan-singh-vaidh\server\node_modules\router\index.js:582:12)
    at next (C:\react project\x\the-karan-singh-vaidh\the-karan-singh-vaidh\server\node_modules\router\index.js:291:5)
    at logger (C:\react project\x\the-karan-singh-vaidh\the-karan-singh-vaidh\server\node_modules\morgan\index.js:144:5)
    at Layer.handleRequest (C:\react project\x\the-karan-singh-vaidh\the-karan-singh-vaidh\server\node_modules\router\lib\layer.js:152:17)
    at trimPrefix (C:\react project\x\the-karan-singh-vaidh\the-karan-singh-vaidh\server\node_modules\router\index.js:342:13)
    at C:\react project\x\the-karan-singh-vaidh\the-karan-singh-vaidh\server\node_modules\router\index.js:297:9

[2026-02-20T16:16:41.160Z] 404 - Not Found - /socket.io/?EIO=4&transport=polling&t=3ee9xfaj
Error: Not Found - /socket.io/?EIO=4&transport=polling&t=3ee9xfaj
    at notFound (C:\react project\x\the-karan-singh-vaidh\the-karan-singh-vaidh\server\middleware\errorMiddleware.js:2:19)
    at Layer.handleRequest (C:\react project\x\the-karan-singh-vaidh\the-karan-singh-vaidh\server\node_modules\router\lib\layer.js:152:17)
    at trimPrefix (C:\react project\x\the-karan-singh-vaidh\the-karan-singh-vaidh\server\node_modules\router\index.js:342:13)
    at C:\react project\x\the-karan-singh-vaidh\the-karan-singh-vaidh\server\node_modules\router\index.js:297:9
    at processParams (C:\react project\x\the-karan-singh-vaidh\the-karan-singh-vaidh\server\node_modules\router\index.js:582:12)
    at next (C:\react project\x\the-karan-singh-vaidh\the-karan-singh-vaidh\server\node_modules\router\index.js:291:5)
    at logger (C:\react project\x\the-karan-singh-vaidh\the-karan-singh-vaidh\server\node_modules\morgan\index.js:144:5)
    at Layer.handleRequest (C:\react project\x\the-karan-singh-vaidh\the-karan-singh-vaidh\server\node_modules\router\lib\layer.js:152:17)
    at trimPrefix (C:\react project\x\the-karan-singh-vaidh\the-karan-singh-vaidh\server\node_modules\router\index.js:342:13)
    at C:\react project\x\the-karan-singh-vaidh\the-karan-singh-vaidh\server\node_modules\router\index.js:297:9

[2026-02-20T16:16:47.150Z] 404 - Not Found - /socket.io/?EIO=4&transport=polling&t=3eiwd0xu
Error: Not Found - /socket.io/?EIO=4&transport=polling&t=3eiwd0xu
    at notFound (C:\react project\x\the-karan-singh-vaidh\the-karan-singh-vaidh\server\middleware\errorMiddleware.js:2:19)
    at Layer.handleRequest (C:\react project\x\the-karan-singh-vaidh\the-karan-singh-vaidh\server\node_modules\router\lib\layer.js:152:17)
    at trimPrefix (C:\react project\x\the-karan-singh-vaidh\the-karan-singh-vaidh\server\node_modules\router\index.js:342:13)
    at C:\react project\x\the-karan-singh-vaidh\the-karan-singh-vaidh\server\node_modules\router\index.js:297:9
    at processParams (C:\react project\x\the-karan-singh-vaidh\the-karan-singh-vaidh\server\node_modules\router\index.js:582:12)
    at next (C:\react project\x\the-karan-singh-vaidh\the-karan-singh-vaidh\server\node_modules\router\index.js:291:5)
    at logger (C:\react project\x\the-karan-singh-vaidh\the-karan-singh-vaidh\server\node_modules\morgan\index.js:144:5)
    at Layer.handleRequest (C:\react project\x\the-karan-singh-vaidh\the-karan-singh-vaidh\server\node_modules\router\lib\layer.js:152:17)
    at trimPrefix (C:\react project\x\the-karan-singh-vaidh\the-karan-singh-vaidh\server\node_modules\router\index.js:342:13)
    at C:\react project\x\the-karan-singh-vaidh\the-karan-singh-vaidh\server\node_modules\router\index.js:297:9

[2026-02-20T16:16:53.158Z] 404 - Not Found - /socket.io/?EIO=4&transport=polling&t=3enj8a2t
Error: Not Found - /socket.io/?EIO=4&transport=polling&t=3enj8a2t
    at notFound (C:\react project\x\the-karan-singh-vaidh\the-karan-singh-vaidh\server\middleware\errorMiddleware.js:2:19)
    at Layer.handleRequest (C:\react project\x\the-karan-singh-vaidh\the-karan-singh-vaidh\server\node_modules\router\lib\layer.js:152:17)
    at trimPrefix (C:\react project\x\the-karan-singh-vaidh\the-karan-singh-vaidh\server\node_modules\router\index.js:342:13)
    at C:\react project\x\the-karan-singh-vaidh\the-karan-singh-vaidh\server\node_modules\router\index.js:297:9
    at processParams (C:\react project\x\the-karan-singh-vaidh\the-karan-singh-vaidh\server\node_modules\router\index.js:582:12)
    at next (C:\react project\x\the-karan-singh-vaidh\the-karan-singh-vaidh\server\node_modules\router\index.js:291:5)
    at logger (C:\react project\x\the-karan-singh-vaidh\the-karan-singh-vaidh\server\node_modules\morgan\index.js:144:5)
    at Layer.handleRequest (C:\react project\x\the-karan-singh-vaidh\the-karan-singh-vaidh\server\node_modules\router\lib\layer.js:152:17)
    at trimPrefix (C:\react project\x\the-karan-singh-vaidh\the-karan-singh-vaidh\server\node_modules\router\index.js:342:13)
    at C:\react project\x\the-karan-singh-vaidh\the-karan-singh-vaidh\server\node_modules\router\index.js:297:9

[2026-02-20T16:16:59.153Z] 404 - Not Found - /socket.io/?EIO=4&transport=polling&t=3es5rnyd
Error: Not Found - /socket.io/?EIO=4&transport=polling&t=3es5rnyd
    at notFound (C:\react project\x\the-karan-singh-vaidh\the-karan-singh-vaidh\server\middleware\errorMiddleware.js:2:19)
    at Layer.handleRequest (C:\react project\x\the-karan-singh-vaidh\the-karan-singh-vaidh\server\node_modules\router\lib\layer.js:152:17)
    at trimPrefix (C:\react project\x\the-karan-singh-vaidh\the-karan-singh-vaidh\server\node_modules\router\index.js:342:13)
    at C:\react project\x\the-karan-singh-vaidh\the-karan-singh-vaidh\server\node_modules\router\index.js:297:9
    at processParams (C:\react project\x\the-karan-singh-vaidh\the-karan-singh-vaidh\server\node_modules\router\index.js:582:12)
    at next (C:\react project\x\the-karan-singh-vaidh\the-karan-singh-vaidh\server\node_modules\router\index.js:291:5)
    at logger (C:\react project\x\the-karan-singh-vaidh\the-karan-singh-vaidh\server\node_modules\morgan\index.js:144:5)
    at Layer.handleRequest (C:\react project\x\the-karan-singh-vaidh\the-karan-singh-vaidh\server\node_modules\router\lib\layer.js:152:17)
    at trimPrefix (C:\react project\x\the-karan-singh-vaidh\the-karan-singh-vaidh\server\node_modules\router\index.js:342:13)
    at C:\react project\x\the-karan-singh-vaidh\the-karan-singh-vaidh\server\node_modules\router\index.js:297:9

[2026-02-20T16:17:05.156Z] 404 - Not Found - /socket.io/?EIO=4&transport=polling&t=3ewsi9tt
Error: Not Found - /socket.io/?EIO=4&transport=polling&t=3ewsi9tt
    at notFound (C:\react project\x\the-karan-singh-vaidh\the-karan-singh-vaidh\server\middleware\errorMiddleware.js:2:19)
    at Layer.handleRequest (C:\react project\x\the-karan-singh-vaidh\the-karan-singh-vaidh\server\node_modules\router\lib\layer.js:152:17)
    at trimPrefix (C:\react project\x\the-karan-singh-vaidh\the-karan-singh-vaidh\server\node_modules\router\index.js:342:13)
    at C:\react project\x\the-karan-singh-vaidh\the-karan-singh-vaidh\server\node_modules\router\index.js:297:9
    at processParams (C:\react project\x\the-karan-singh-vaidh\the-karan-singh-vaidh\server\node_modules\router\index.js:582:12)
    at next (C:\react project\x\the-karan-singh-vaidh\the-karan-singh-vaidh\server\node_modules\router\index.js:291:5)
    at logger (C:\react project\x\the-karan-singh-vaidh\the-karan-singh-vaidh\server\node_modules\morgan\index.js:144:5)
    at Layer.handleRequest (C:\react project\x\the-karan-singh-vaidh\the-karan-singh-vaidh\server\node_modules\router\lib\layer.js:152:17)
    at trimPrefix (C:\react project\x\the-karan-singh-vaidh\the-karan-singh-vaidh\server\node_modules\router\index.js:342:13)
    at C:\react project\x\the-karan-singh-vaidh\the-karan-singh-vaidh\server\node_modules\router\index.js:297:9

[2026-02-20T16:17:11.160Z] 404 - Not Found - /socket.io/?EIO=4&transport=polling&t=3f1f968o
Error: Not Found - /socket.io/?EIO=4&transport=polling&t=3f1f968o
    at notFound (C:\react project\x\the-karan-singh-vaidh\the-karan-singh-vaidh\server\middleware\errorMiddleware.js:2:19)
    at Layer.handleRequest (C:\react project\x\the-karan-singh-vaidh\the-karan-singh-vaidh\server\node_modules\router\lib\layer.js:152:17)
    at trimPrefix (C:\react project\x\the-karan-singh-vaidh\the-karan-singh-vaidh\server\node_modules\router\index.js:342:13)
    at C:\react project\x\the-karan-singh-vaidh\the-karan-singh-vaidh\server\node_modules\router\index.js:297:9
    at processParams (C:\react project\x\the-karan-singh-vaidh\the-karan-singh-vaidh\server\node_modules\router\index.js:582:12)
    at next (C:\react project\x\the-karan-singh-vaidh\the-karan-singh-vaidh\server\node_modules\router\index.js:291:5)
    at logger (C:\react project\x\the-karan-singh-vaidh\the-karan-singh-vaidh\server\node_modules\morgan\index.js:144:5)
    at Layer.handleRequest (C:\react project\x\the-karan-singh-vaidh\the-karan-singh-vaidh\server\node_modules\router\lib\layer.js:152:17)
    at trimPrefix (C:\react project\x\the-karan-singh-vaidh\the-karan-singh-vaidh\server\node_modules\router\index.js:342:13)
    at C:\react project\x\the-karan-singh-vaidh\the-karan-singh-vaidh\server\node_modules\router\index.js:297:9

[2026-02-20T16:17:17.154Z] 404 - Not Found - /socket.io/?EIO=4&transport=polling&t=3f61sax5
Error: Not Found - /socket.io/?EIO=4&transport=polling&t=3f61sax5
    at notFound (C:\react project\x\the-karan-singh-vaidh\the-karan-singh-vaidh\server\middleware\errorMiddleware.js:2:19)
    at Layer.handleRequest (C:\react project\x\the-karan-singh-vaidh\the-karan-singh-vaidh\server\node_modules\router\lib\layer.js:152:17)
    at trimPrefix (C:\react project\x\the-karan-singh-vaidh\the-karan-singh-vaidh\server\node_modules\router\index.js:342:13)
    at C:\react project\x\the-karan-singh-vaidh\the-karan-singh-vaidh\server\node_modules\router\index.js:297:9
    at processParams (C:\react project\x\the-karan-singh-vaidh\the-karan-singh-vaidh\server\node_modules\router\index.js:582:12)
    at next (C:\react project\x\the-karan-singh-vaidh\the-karan-singh-vaidh\server\node_modules\router\index.js:291:5)
    at logger (C:\react project\x\the-karan-singh-vaidh\the-karan-singh-vaidh\server\node_modules\morgan\index.js:144:5)
    at Layer.handleRequest (C:\react project\x\the-karan-singh-vaidh\the-karan-singh-vaidh\server\node_modules\router\lib\layer.js:152:17)
    at trimPrefix (C:\react project\x\the-karan-singh-vaidh\the-karan-singh-vaidh\server\node_modules\router\index.js:342:13)
    at C:\react project\x\the-karan-singh-vaidh\the-karan-singh-vaidh\server\node_modules\router\index.js:297:9

[2026-02-20T16:17:23.155Z] 404 - Not Found - /socket.io/?EIO=4&transport=polling&t=3faoimd7
Error: Not Found - /socket.io/?EIO=4&transport=polling&t=3faoimd7
    at notFound (C:\react project\x\the-karan-singh-vaidh\the-karan-singh-vaidh\server\middleware\errorMiddleware.js:2:19)
    at Layer.handleRequest (C:\react project\x\the-karan-singh-vaidh\the-karan-singh-vaidh\server\node_modules\router\lib\layer.js:152:17)
    at trimPrefix (C:\react project\x\the-karan-singh-vaidh\the-karan-singh-vaidh\server\node_modules\router\index.js:342:13)
    at C:\react project\x\the-karan-singh-vaidh\the-karan-singh-vaidh\server\node_modules\router\index.js:297:9
    at processParams (C:\react project\x\the-karan-singh-vaidh\the-karan-singh-vaidh\server\node_modules\router\index.js:582:12)
    at next (C:\react project\x\the-karan-singh-vaidh\the-karan-singh-vaidh\server\node_modules\router\index.js:291:5)
    at logger (C:\react project\x\the-karan-singh-vaidh\the-karan-singh-vaidh\server\node_modules\morgan\index.js:144:5)
    at Layer.handleRequest (C:\react project\x\the-karan-singh-vaidh\the-karan-singh-vaidh\server\node_modules\router\lib\layer.js:152:17)
    at trimPrefix (C:\react project\x\the-karan-singh-vaidh\the-karan-singh-vaidh\server\node_modules\router\index.js:342:13)
    at C:\react project\x\the-karan-singh-vaidh\the-karan-singh-vaidh\server\node_modules\router\index.js:297:9

[2026-02-20T16:17:27.191Z] 404 - Not Found - /api/activity/stats/699815a20e67b6e7f5f3d7fa
Error: Not Found - /api/activity/stats/699815a20e67b6e7f5f3d7fa
    at notFound (C:\react project\x\the-karan-singh-vaidh\the-karan-singh-vaidh\server\middleware\errorMiddleware.js:2:19)
    at Layer.handleRequest (C:\react project\x\the-karan-singh-vaidh\the-karan-singh-vaidh\server\node_modules\router\lib\layer.js:152:17)
    at trimPrefix (C:\react project\x\the-karan-singh-vaidh\the-karan-singh-vaidh\server\node_modules\router\index.js:342:13)
    at C:\react project\x\the-karan-singh-vaidh\the-karan-singh-vaidh\server\node_modules\router\index.js:297:9
    at processParams (C:\react project\x\the-karan-singh-vaidh\the-karan-singh-vaidh\server\node_modules\router\index.js:582:12)
    at next (C:\react project\x\the-karan-singh-vaidh\the-karan-singh-vaidh\server\node_modules\router\index.js:291:5)
    at logger (C:\react project\x\the-karan-singh-vaidh\the-karan-singh-vaidh\server\node_modules\morgan\index.js:144:5)
    at Layer.handleRequest (C:\react project\x\the-karan-singh-vaidh\the-karan-singh-vaidh\server\node_modules\router\lib\layer.js:152:17)
    at trimPrefix (C:\react project\x\the-karan-singh-vaidh\the-karan-singh-vaidh\server\node_modules\router\index.js:342:13)
    at C:\react project\x\the-karan-singh-vaidh\the-karan-singh-vaidh\server\node_modules\router\index.js:297:9

[2026-02-20T16:17:29.164Z] 404 - Not Found - /socket.io/?EIO=4&transport=polling&t=3ffbf4vl
Error: Not Found - /socket.io/?EIO=4&transport=polling&t=3ffbf4vl
    at notFound (C:\react project\x\the-karan-singh-vaidh\the-karan-singh-vaidh\server\middleware\errorMiddleware.js:2:19)
    at Layer.handleRequest (C:\react project\x\the-karan-singh-vaidh\the-karan-singh-vaidh\server\node_modules\router\lib\layer.js:152:17)
    at trimPrefix (C:\react project\x\the-karan-singh-vaidh\the-karan-singh-vaidh\server\node_modules\router\index.js:342:13)
    at C:\react project\x\the-karan-singh-vaidh\the-karan-singh-vaidh\server\node_modules\router\index.js:297:9
    at processParams (C:\react project\x\the-karan-singh-vaidh\the-karan-singh-vaidh\server\node_modules\router\index.js:582:12)
    at next (C:\react project\x\the-karan-singh-vaidh\the-karan-singh-vaidh\server\node_modules\router\index.js:291:5)
    at logger (C:\react project\x\the-karan-singh-vaidh\the-karan-singh-vaidh\server\node_modules\morgan\index.js:144:5)
    at Layer.handleRequest (C:\react project\x\the-karan-singh-vaidh\the-karan-singh-vaidh\server\node_modules\router\lib\layer.js:152:17)
    at trimPrefix (C:\react project\x\the-karan-singh-vaidh\the-karan-singh-vaidh\server\node_modules\router\index.js:342:13)
    at C:\react project\x\the-karan-singh-vaidh\the-karan-singh-vaidh\server\node_modules\router\index.js:297:9

[2026-02-20T16:17:35.158Z] 404 - Not Found - /socket.io/?EIO=4&transport=polling&t=3fjxwqlm
Error: Not Found - /socket.io/?EIO=4&transport=polling&t=3fjxwqlm
    at notFound (C:\react project\x\the-karan-singh-vaidh\the-karan-singh-vaidh\server\middleware\errorMiddleware.js:2:19)
    at Layer.handleRequest (C:\react project\x\the-karan-singh-vaidh\the-karan-singh-vaidh\server\node_modules\router\lib\layer.js:152:17)
    at trimPrefix (C:\react project\x\the-karan-singh-vaidh\the-karan-singh-vaidh\server\node_modules\router\index.js:342:13)
    at C:\react project\x\the-karan-singh-vaidh\the-karan-singh-vaidh\server\node_modules\router\index.js:297:9
    at processParams (C:\react project\x\the-karan-singh-vaidh\the-karan-singh-vaidh\server\node_modules\router\index.js:582:12)
    at next (C:\react project\x\the-karan-singh-vaidh\the-karan-singh-vaidh\server\node_modules\router\index.js:291:5)
    at logger (C:\react project\x\the-karan-singh-vaidh\the-karan-singh-vaidh\server\node_modules\morgan\index.js:144:5)
    at Layer.handleRequest (C:\react project\x\the-karan-singh-vaidh\the-karan-singh-vaidh\server\node_modules\router\lib\layer.js:152:17)
    at trimPrefix (C:\react project\x\the-karan-singh-vaidh\the-karan-singh-vaidh\server\node_modules\router\index.js:342:13)
    at C:\react project\x\the-karan-singh-vaidh\the-karan-singh-vaidh\server\node_modules\router\index.js:297:9

[2026-02-20T16:17:41.153Z] 404 - Not Found - /socket.io/?EIO=4&transport=polling&t=3fokg4gc
Error: Not Found - /socket.io/?EIO=4&transport=polling&t=3fokg4gc
    at notFound (C:\react project\x\the-karan-singh-vaidh\the-karan-singh-vaidh\server\middleware\errorMiddleware.js:2:19)
    at Layer.handleRequest (C:\react project\x\the-karan-singh-vaidh\the-karan-singh-vaidh\server\node_modules\router\lib\layer.js:152:17)
    at trimPrefix (C:\react project\x\the-karan-singh-vaidh\the-karan-singh-vaidh\server\node_modules\router\index.js:342:13)
    at C:\react project\x\the-karan-singh-vaidh\the-karan-singh-vaidh\server\node_modules\router\index.js:297:9
    at processParams (C:\react project\x\the-karan-singh-vaidh\the-karan-singh-vaidh\server\node_modules\router\index.js:582:12)
    at next (C:\react project\x\the-karan-singh-vaidh\the-karan-singh-vaidh\server\node_modules\router\index.js:291:5)
    at logger (C:\react project\x\the-karan-singh-vaidh\the-karan-singh-vaidh\server\node_modules\morgan\index.js:144:5)
    at Layer.handleRequest (C:\react project\x\the-karan-singh-vaidh\the-karan-singh-vaidh\server\node_modules\router\lib\layer.js:152:17)
    at trimPrefix (C:\react project\x\the-karan-singh-vaidh\the-karan-singh-vaidh\server\node_modules\router\index.js:342:13)
    at C:\react project\x\the-karan-singh-vaidh\the-karan-singh-vaidh\server\node_modules\router\index.js:297:9

[2026-02-20T16:17:47.154Z] 404 - Not Found - /socket.io/?EIO=4&transport=polling&t=3ft7555m
Error: Not Found - /socket.io/?EIO=4&transport=polling&t=3ft7555m
    at notFound (C:\react project\x\the-karan-singh-vaidh\the-karan-singh-vaidh\server\middleware\errorMiddleware.js:2:19)
    at Layer.handleRequest (C:\react project\x\the-karan-singh-vaidh\the-karan-singh-vaidh\server\node_modules\router\lib\layer.js:152:17)
    at trimPrefix (C:\react project\x\the-karan-singh-vaidh\the-karan-singh-vaidh\server\node_modules\router\index.js:342:13)
    at C:\react project\x\the-karan-singh-vaidh\the-karan-singh-vaidh\server\node_modules\router\index.js:297:9
    at processParams (C:\react project\x\the-karan-singh-vaidh\the-karan-singh-vaidh\server\node_modules\router\index.js:582:12)
    at next (C:\react project\x\the-karan-singh-vaidh\the-karan-singh-vaidh\server\node_modules\router\index.js:291:5)
    at logger (C:\react project\x\the-karan-singh-vaidh\the-karan-singh-vaidh\server\node_modules\morgan\index.js:144:5)
    at Layer.handleRequest (C:\react project\x\the-karan-singh-vaidh\the-karan-singh-vaidh\server\node_modules\router\lib\layer.js:152:17)
    at trimPrefix (C:\react project\x\the-karan-singh-vaidh\the-karan-singh-vaidh\server\node_modules\router\index.js:342:13)
    at C:\react project\x\the-karan-singh-vaidh\the-karan-singh-vaidh\server\node_modules\router\index.js:297:9

[2026-02-20T16:17:53.151Z] 404 - Not Found - /socket.io/?EIO=4&transport=polling&t=3fxtr5er
Error: Not Found - /socket.io/?EIO=4&transport=polling&t=3fxtr5er
    at notFound (C:\react project\x\the-karan-singh-vaidh\the-karan-singh-vaidh\server\middleware\errorMiddleware.js:2:19)
    at Layer.handleRequest (C:\react project\x\the-karan-singh-vaidh\the-karan-singh-vaidh\server\node_modules\router\lib\layer.js:152:17)
    at trimPrefix (C:\react project\x\the-karan-singh-vaidh\the-karan-singh-vaidh\server\node_modules\router\index.js:342:13)
    at C:\react project\x\the-karan-singh-vaidh\the-karan-singh-vaidh\server\node_modules\router\index.js:297:9
    at processParams (C:\react project\x\the-karan-singh-vaidh\the-karan-singh-vaidh\server\node_modules\router\index.js:582:12)
    at next (C:\react project\x\the-karan-singh-vaidh\the-karan-singh-vaidh\server\node_modules\router\index.js:291:5)
    at logger (C:\react project\x\the-karan-singh-vaidh\the-karan-singh-vaidh\server\node_modules\morgan\index.js:144:5)
    at Layer.handleRequest (C:\react project\x\the-karan-singh-vaidh\the-karan-singh-vaidh\server\node_modules\router\lib\layer.js:152:17)
    at trimPrefix (C:\react project\x\the-karan-singh-vaidh\the-karan-singh-vaidh\server\node_modules\router\index.js:342:13)
    at C:\react project\x\the-karan-singh-vaidh\the-karan-singh-vaidh\server\node_modules\router\index.js:297:9

[2026-02-20T16:17:59.158Z] 404 - Not Found - /socket.io/?EIO=4&transport=polling&t=3g2gmolf
Error: Not Found - /socket.io/?EIO=4&transport=polling&t=3g2gmolf
    at notFound (C:\react project\x\the-karan-singh-vaidh\the-karan-singh-vaidh\server\middleware\errorMiddleware.js:2:19)
    at Layer.handleRequest (C:\react project\x\the-karan-singh-vaidh\the-karan-singh-vaidh\server\node_modules\router\lib\layer.js:152:17)
    at trimPrefix (C:\react project\x\the-karan-singh-vaidh\the-karan-singh-vaidh\server\node_modules\router\index.js:342:13)
    at C:\react project\x\the-karan-singh-vaidh\the-karan-singh-vaidh\server\node_modules\router\index.js:297:9
    at processParams (C:\react project\x\the-karan-singh-vaidh\the-karan-singh-vaidh\server\node_modules\router\index.js:582:12)
    at next (C:\react project\x\the-karan-singh-vaidh\the-karan-singh-vaidh\server\node_modules\router\index.js:291:5)
    at logger (C:\react project\x\the-karan-singh-vaidh\the-karan-singh-vaidh\server\node_modules\morgan\index.js:144:5)
    at Layer.handleRequest (C:\react project\x\the-karan-singh-vaidh\the-karan-singh-vaidh\server\node_modules\router\lib\layer.js:152:17)
    at trimPrefix (C:\react project\x\the-karan-singh-vaidh\the-karan-singh-vaidh\server\node_modules\router\index.js:342:13)
    at C:\react project\x\the-karan-singh-vaidh\the-karan-singh-vaidh\server\node_modules\router\index.js:297:9

[2026-02-20T16:18:05.157Z] 404 - Not Found - /socket.io/?EIO=4&transport=polling&t=3g739fpd
Error: Not Found - /socket.io/?EIO=4&transport=polling&t=3g739fpd
    at notFound (C:\react project\x\the-karan-singh-vaidh\the-karan-singh-vaidh\server\middleware\errorMiddleware.js:2:19)
    at Layer.handleRequest (C:\react project\x\the-karan-singh-vaidh\the-karan-singh-vaidh\server\node_modules\router\lib\layer.js:152:17)
    at trimPrefix (C:\react project\x\the-karan-singh-vaidh\the-karan-singh-vaidh\server\node_modules\router\index.js:342:13)
    at C:\react project\x\the-karan-singh-vaidh\the-karan-singh-vaidh\server\node_modules\router\index.js:297:9
    at processParams (C:\react project\x\the-karan-singh-vaidh\the-karan-singh-vaidh\server\node_modules\router\index.js:582:12)
    at next (C:\react project\x\the-karan-singh-vaidh\the-karan-singh-vaidh\server\node_modules\router\index.js:291:5)
    at logger (C:\react project\x\the-karan-singh-vaidh\the-karan-singh-vaidh\server\node_modules\morgan\index.js:144:5)
    at Layer.handleRequest (C:\react project\x\the-karan-singh-vaidh\the-karan-singh-vaidh\server\node_modules\router\lib\layer.js:152:17)
    at trimPrefix (C:\react project\x\the-karan-singh-vaidh\the-karan-singh-vaidh\server\node_modules\router\index.js:342:13)
    at C:\react project\x\the-karan-singh-vaidh\the-karan-singh-vaidh\server\node_modules\router\index.js:297:9

[2026-02-20T16:18:11.156Z] 404 - Not Found - /socket.io/?EIO=4&transport=polling&t=3gbpvrs9
Error: Not Found - /socket.io/?EIO=4&transport=polling&t=3gbpvrs9
    at notFound (C:\react project\x\the-karan-singh-vaidh\the-karan-singh-vaidh\server\middleware\errorMiddleware.js:2:19)
    at Layer.handleRequest (C:\react project\x\the-karan-singh-vaidh\the-karan-singh-vaidh\server\node_modules\router\lib\layer.js:152:17)
    at trimPrefix (C:\react project\x\the-karan-singh-vaidh\the-karan-singh-vaidh\server\node_modules\router\index.js:342:13)
    at C:\react project\x\the-karan-singh-vaidh\the-karan-singh-vaidh\server\node_modules\router\index.js:297:9
    at processParams (C:\react project\x\the-karan-singh-vaidh\the-karan-singh-vaidh\server\node_modules\router\index.js:582:12)
    at next (C:\react project\x\the-karan-singh-vaidh\the-karan-singh-vaidh\server\node_modules\router\index.js:291:5)
    at logger (C:\react project\x\the-karan-singh-vaidh\the-karan-singh-vaidh\server\node_modules\morgan\index.js:144:5)
    at Layer.handleRequest (C:\react project\x\the-karan-singh-vaidh\the-karan-singh-vaidh\server\node_modules\router\lib\layer.js:152:17)
    at trimPrefix (C:\react project\x\the-karan-singh-vaidh\the-karan-singh-vaidh\server\node_modules\router\index.js:342:13)
    at C:\react project\x\the-karan-singh-vaidh\the-karan-singh-vaidh\server\node_modules\router\index.js:297:9

[2026-02-20T16:18:17.149Z] 404 - Not Found - /socket.io/?EIO=4&transport=polling&t=3ggccc5p
Error: Not Found - /socket.io/?EIO=4&transport=polling&t=3ggccc5p
    at notFound (C:\react project\x\the-karan-singh-vaidh\the-karan-singh-vaidh\server\middleware\errorMiddleware.js:2:19)
    at Layer.handleRequest (C:\react project\x\the-karan-singh-vaidh\the-karan-singh-vaidh\server\node_modules\router\lib\layer.js:152:17)
    at trimPrefix (C:\react project\x\the-karan-singh-vaidh\the-karan-singh-vaidh\server\node_modules\router\index.js:342:13)
    at C:\react project\x\the-karan-singh-vaidh\the-karan-singh-vaidh\server\node_modules\router\index.js:297:9
    at processParams (C:\react project\x\the-karan-singh-vaidh\the-karan-singh-vaidh\server\node_modules\router\index.js:582:12)
    at next (C:\react project\x\the-karan-singh-vaidh\the-karan-singh-vaidh\server\node_modules\router\index.js:291:5)
    at logger (C:\react project\x\the-karan-singh-vaidh\the-karan-singh-vaidh\server\node_modules\morgan\index.js:144:5)
    at Layer.handleRequest (C:\react project\x\the-karan-singh-vaidh\the-karan-singh-vaidh\server\node_modules\router\lib\layer.js:152:17)
    at trimPrefix (C:\react project\x\the-karan-singh-vaidh\the-karan-singh-vaidh\server\node_modules\router\index.js:342:13)
    at C:\react project\x\the-karan-singh-vaidh\the-karan-singh-vaidh\server\node_modules\router\index.js:297:9

[2026-02-20T16:18:23.162Z] 404 - Not Found - /socket.io/?EIO=4&transport=polling&t=3gkzbw00
Error: Not Found - /socket.io/?EIO=4&transport=polling&t=3gkzbw00
    at notFound (C:\react project\x\the-karan-singh-vaidh\the-karan-singh-vaidh\server\middleware\errorMiddleware.js:2:19)
    at Layer.handleRequest (C:\react project\x\the-karan-singh-vaidh\the-karan-singh-vaidh\server\node_modules\router\lib\layer.js:152:17)
    at trimPrefix (C:\react project\x\the-karan-singh-vaidh\the-karan-singh-vaidh\server\node_modules\router\index.js:342:13)
    at C:\react project\x\the-karan-singh-vaidh\the-karan-singh-vaidh\server\node_modules\router\index.js:297:9
    at processParams (C:\react project\x\the-karan-singh-vaidh\the-karan-singh-vaidh\server\node_modules\router\index.js:582:12)
    at next (C:\react project\x\the-karan-singh-vaidh\the-karan-singh-vaidh\server\node_modules\router\index.js:291:5)
    at logger (C:\react project\x\the-karan-singh-vaidh\the-karan-singh-vaidh\server\node_modules\morgan\index.js:144:5)
    at Layer.handleRequest (C:\react project\x\the-karan-singh-vaidh\the-karan-singh-vaidh\server\node_modules\router\lib\layer.js:152:17)
    at trimPrefix (C:\react project\x\the-karan-singh-vaidh\the-karan-singh-vaidh\server\node_modules\router\index.js:342:13)
    at C:\react project\x\the-karan-singh-vaidh\the-karan-singh-vaidh\server\node_modules\router\index.js:297:9

[2026-02-20T16:18:27.181Z] 404 - Not Found - /api/activity/stats/699815a20e67b6e7f5f3d7fa
Error: Not Found - /api/activity/stats/699815a20e67b6e7f5f3d7fa
    at notFound (C:\react project\x\the-karan-singh-vaidh\the-karan-singh-vaidh\server\middleware\errorMiddleware.js:2:19)
    at Layer.handleRequest (C:\react project\x\the-karan-singh-vaidh\the-karan-singh-vaidh\server\node_modules\router\lib\layer.js:152:17)
    at trimPrefix (C:\react project\x\the-karan-singh-vaidh\the-karan-singh-vaidh\server\node_modules\router\index.js:342:13)
    at C:\react project\x\the-karan-singh-vaidh\the-karan-singh-vaidh\server\node_modules\router\index.js:297:9
    at processParams (C:\react project\x\the-karan-singh-vaidh\the-karan-singh-vaidh\server\node_modules\router\index.js:582:12)
    at next (C:\react project\x\the-karan-singh-vaidh\the-karan-singh-vaidh\server\node_modules\router\index.js:291:5)
    at logger (C:\react project\x\the-karan-singh-vaidh\the-karan-singh-vaidh\server\node_modules\morgan\index.js:144:5)
    at Layer.handleRequest (C:\react project\x\the-karan-singh-vaidh\the-karan-singh-vaidh\server\node_modules\router\lib\layer.js:152:17)
    at trimPrefix (C:\react project\x\the-karan-singh-vaidh\the-karan-singh-vaidh\server\node_modules\router\index.js:342:13)
    at C:\react project\x\the-karan-singh-vaidh\the-karan-singh-vaidh\server\node_modules\router\index.js:297:9

[2026-02-20T16:18:29.163Z] 404 - Not Found - /socket.io/?EIO=4&transport=polling&t=3gpm1o08
Error: Not Found - /socket.io/?EIO=4&transport=polling&t=3gpm1o08
    at notFound (C:\react project\x\the-karan-singh-vaidh\the-karan-singh-vaidh\server\middleware\errorMiddleware.js:2:19)
    at Layer.handleRequest (C:\react project\x\the-karan-singh-vaidh\the-karan-singh-vaidh\server\node_modules\router\lib\layer.js:152:17)
    at trimPrefix (C:\react project\x\the-karan-singh-vaidh\the-karan-singh-vaidh\server\node_modules\router\index.js:342:13)
    at C:\react project\x\the-karan-singh-vaidh\the-karan-singh-vaidh\server\node_modules\router\index.js:297:9
    at processParams (C:\react project\x\the-karan-singh-vaidh\the-karan-singh-vaidh\server\node_modules\router\index.js:582:12)
    at next (C:\react project\x\the-karan-singh-vaidh\the-karan-singh-vaidh\server\node_modules\router\index.js:291:5)
    at logger (C:\react project\x\the-karan-singh-vaidh\the-karan-singh-vaidh\server\node_modules\morgan\index.js:144:5)
    at Layer.handleRequest (C:\react project\x\the-karan-singh-vaidh\the-karan-singh-vaidh\server\node_modules\router\lib\layer.js:152:17)
    at trimPrefix (C:\react project\x\the-karan-singh-vaidh\the-karan-singh-vaidh\server\node_modules\router\index.js:342:13)
    at C:\react project\x\the-karan-singh-vaidh\the-karan-singh-vaidh\server\node_modules\router\index.js:297:9

[2026-02-20T16:18:35.158Z] 404 - Not Found - /socket.io/?EIO=4&transport=polling&t=3gu8lmzo
Error: Not Found - /socket.io/?EIO=4&transport=polling&t=3gu8lmzo
    at notFound (C:\react project\x\the-karan-singh-vaidh\the-karan-singh-vaidh\server\middleware\errorMiddleware.js:2:19)
    at Layer.handleRequest (C:\react project\x\the-karan-singh-vaidh\the-karan-singh-vaidh\server\node_modules\router\lib\layer.js:152:17)
    at trimPrefix (C:\react project\x\the-karan-singh-vaidh\the-karan-singh-vaidh\server\node_modules\router\index.js:342:13)
    at C:\react project\x\the-karan-singh-vaidh\the-karan-singh-vaidh\server\node_modules\router\index.js:297:9
    at processParams (C:\react project\x\the-karan-singh-vaidh\the-karan-singh-vaidh\server\node_modules\router\index.js:582:12)
    at next (C:\react project\x\the-karan-singh-vaidh\the-karan-singh-vaidh\server\node_modules\router\index.js:291:5)
    at logger (C:\react project\x\the-karan-singh-vaidh\the-karan-singh-vaidh\server\node_modules\morgan\index.js:144:5)
    at Layer.handleRequest (C:\react project\x\the-karan-singh-vaidh\the-karan-singh-vaidh\server\node_modules\router\lib\layer.js:152:17)
    at trimPrefix (C:\react project\x\the-karan-singh-vaidh\the-karan-singh-vaidh\server\node_modules\router\index.js:342:13)
    at C:\react project\x\the-karan-singh-vaidh\the-karan-singh-vaidh\server\node_modules\router\index.js:297:9

[2026-02-20T16:18:41.157Z] 404 - Not Found - /socket.io/?EIO=4&transport=polling&t=3gyv6109
Error: Not Found - /socket.io/?EIO=4&transport=polling&t=3gyv6109
    at notFound (C:\react project\x\the-karan-singh-vaidh\the-karan-singh-vaidh\server\middleware\errorMiddleware.js:2:19)
    at Layer.handleRequest (C:\react project\x\the-karan-singh-vaidh\the-karan-singh-vaidh\server\node_modules\router\lib\layer.js:152:17)
    at trimPrefix (C:\react project\x\the-karan-singh-vaidh\the-karan-singh-vaidh\server\node_modules\router\index.js:342:13)
    at C:\react project\x\the-karan-singh-vaidh\the-karan-singh-vaidh\server\node_modules\router\index.js:297:9
    at processParams (C:\react project\x\the-karan-singh-vaidh\the-karan-singh-vaidh\server\node_modules\router\index.js:582:12)
    at next (C:\react project\x\the-karan-singh-vaidh\the-karan-singh-vaidh\server\node_modules\router\index.js:291:5)
    at logger (C:\react project\x\the-karan-singh-vaidh\the-karan-singh-vaidh\server\node_modules\morgan\index.js:144:5)
    at Layer.handleRequest (C:\react project\x\the-karan-singh-vaidh\the-karan-singh-vaidh\server\node_modules\router\lib\layer.js:152:17)
    at trimPrefix (C:\react project\x\the-karan-singh-vaidh\the-karan-singh-vaidh\server\node_modules\router\index.js:342:13)
    at C:\react project\x\the-karan-singh-vaidh\the-karan-singh-vaidh\server\node_modules\router\index.js:297:9

[2026-02-20T16:18:47.158Z] 404 - Not Found - /socket.io/?EIO=4&transport=polling&t=3h3hwu5n
Error: Not Found - /socket.io/?EIO=4&transport=polling&t=3h3hwu5n
    at notFound (C:\react project\x\the-karan-singh-vaidh\the-karan-singh-vaidh\server\middleware\errorMiddleware.js:2:19)
    at Layer.handleRequest (C:\react project\x\the-karan-singh-vaidh\the-karan-singh-vaidh\server\node_modules\router\lib\layer.js:152:17)
    at trimPrefix (C:\react project\x\the-karan-singh-vaidh\the-karan-singh-vaidh\server\node_modules\router\index.js:342:13)
    at C:\react project\x\the-karan-singh-vaidh\the-karan-singh-vaidh\server\node_modules\router\index.js:297:9
    at processParams (C:\react project\x\the-karan-singh-vaidh\the-karan-singh-vaidh\server\node_modules\router\index.js:582:12)
    at next (C:\react project\x\the-karan-singh-vaidh\the-karan-singh-vaidh\server\node_modules\router\index.js:291:5)
    at logger (C:\react project\x\the-karan-singh-vaidh\the-karan-singh-vaidh\server\node_modules\morgan\index.js:144:5)
    at Layer.handleRequest (C:\react project\x\the-karan-singh-vaidh\the-karan-singh-vaidh\server\node_modules\router\lib\layer.js:152:17)
    at trimPrefix (C:\react project\x\the-karan-singh-vaidh\the-karan-singh-vaidh\server\node_modules\router\index.js:342:13)
    at C:\react project\x\the-karan-singh-vaidh\the-karan-singh-vaidh\server\node_modules\router\index.js:297:9

[2026-02-20T16:18:53.162Z] 404 - Not Found - /socket.io/?EIO=4&transport=polling&t=3h84obp0
Error: Not Found - /socket.io/?EIO=4&transport=polling&t=3h84obp0
    at notFound (C:\react project\x\the-karan-singh-vaidh\the-karan-singh-vaidh\server\middleware\errorMiddleware.js:2:19)
    at Layer.handleRequest (C:\react project\x\the-karan-singh-vaidh\the-karan-singh-vaidh\server\node_modules\router\lib\layer.js:152:17)
    at trimPrefix (C:\react project\x\the-karan-singh-vaidh\the-karan-singh-vaidh\server\node_modules\router\index.js:342:13)
    at C:\react project\x\the-karan-singh-vaidh\the-karan-singh-vaidh\server\node_modules\router\index.js:297:9
    at processParams (C:\react project\x\the-karan-singh-vaidh\the-karan-singh-vaidh\server\node_modules\router\index.js:582:12)
    at next (C:\react project\x\the-karan-singh-vaidh\the-karan-singh-vaidh\server\node_modules\router\index.js:291:5)
    at logger (C:\react project\x\the-karan-singh-vaidh\the-karan-singh-vaidh\server\node_modules\morgan\index.js:144:5)
    at Layer.handleRequest (C:\react project\x\the-karan-singh-vaidh\the-karan-singh-vaidh\server\node_modules\router\lib\layer.js:152:17)
    at trimPrefix (C:\react project\x\the-karan-singh-vaidh\the-karan-singh-vaidh\server\node_modules\router\index.js:342:13)
    at C:\react project\x\the-karan-singh-vaidh\the-karan-singh-vaidh\server\node_modules\router\index.js:297:9

[2026-02-20T16:18:59.164Z] 404 - Not Found - /socket.io/?EIO=4&transport=polling&t=3hcre5dk
Error: Not Found - /socket.io/?EIO=4&transport=polling&t=3hcre5dk
    at notFound (C:\react project\x\the-karan-singh-vaidh\the-karan-singh-vaidh\server\middleware\errorMiddleware.js:2:19)
    at Layer.handleRequest (C:\react project\x\the-karan-singh-vaidh\the-karan-singh-vaidh\server\node_modules\router\lib\layer.js:152:17)
    at trimPrefix (C:\react project\x\the-karan-singh-vaidh\the-karan-singh-vaidh\server\node_modules\router\index.js:342:13)
    at C:\react project\x\the-karan-singh-vaidh\the-karan-singh-vaidh\server\node_modules\router\index.js:297:9
    at processParams (C:\react project\x\the-karan-singh-vaidh\the-karan-singh-vaidh\server\node_modules\router\index.js:582:12)
    at next (C:\react project\x\the-karan-singh-vaidh\the-karan-singh-vaidh\server\node_modules\router\index.js:291:5)
    at logger (C:\react project\x\the-karan-singh-vaidh\the-karan-singh-vaidh\server\node_modules\morgan\index.js:144:5)
    at Layer.handleRequest (C:\react project\x\the-karan-singh-vaidh\the-karan-singh-vaidh\server\node_modules\router\lib\layer.js:152:17)
    at trimPrefix (C:\react project\x\the-karan-singh-vaidh\the-karan-singh-vaidh\server\node_modules\router\index.js:342:13)
    at C:\react project\x\the-karan-singh-vaidh\the-karan-singh-vaidh\server\node_modules\router\index.js:297:9

[2026-02-20T16:19:05.162Z] 404 - Not Found - /socket.io/?EIO=4&transport=polling&t=3hhdt7j6
Error: Not Found - /socket.io/?EIO=4&transport=polling&t=3hhdt7j6
    at notFound (C:\react project\x\the-karan-singh-vaidh\the-karan-singh-vaidh\server\middleware\errorMiddleware.js:2:19)
    at Layer.handleRequest (C:\react project\x\the-karan-singh-vaidh\the-karan-singh-vaidh\server\node_modules\router\lib\layer.js:152:17)
    at trimPrefix (C:\react project\x\the-karan-singh-vaidh\the-karan-singh-vaidh\server\node_modules\router\index.js:342:13)
    at C:\react project\x\the-karan-singh-vaidh\the-karan-singh-vaidh\server\node_modules\router\index.js:297:9
    at processParams (C:\react project\x\the-karan-singh-vaidh\the-karan-singh-vaidh\server\node_modules\router\index.js:582:12)
    at next (C:\react project\x\the-karan-singh-vaidh\the-karan-singh-vaidh\server\node_modules\router\index.js:291:5)
    at logger (C:\react project\x\the-karan-singh-vaidh\the-karan-singh-vaidh\server\node_modules\morgan\index.js:144:5)
    at Layer.handleRequest (C:\react project\x\the-karan-singh-vaidh\the-karan-singh-vaidh\server\node_modules\router\lib\layer.js:152:17)
    at trimPrefix (C:\react project\x\the-karan-singh-vaidh\the-karan-singh-vaidh\server\node_modules\router\index.js:342:13)
    at C:\react project\x\the-karan-singh-vaidh\the-karan-singh-vaidh\server\node_modules\router\index.js:297:9

[2026-02-20T16:19:11.158Z] 404 - Not Found - /socket.io/?EIO=4&transport=polling&t=3hm0jiad
Error: Not Found - /socket.io/?EIO=4&transport=polling&t=3hm0jiad
    at notFound (C:\react project\x\the-karan-singh-vaidh\the-karan-singh-vaidh\server\middleware\errorMiddleware.js:2:19)
    at Layer.handleRequest (C:\react project\x\the-karan-singh-vaidh\the-karan-singh-vaidh\server\node_modules\router\lib\layer.js:152:17)
    at trimPrefix (C:\react project\x\the-karan-singh-vaidh\the-karan-singh-vaidh\server\node_modules\router\index.js:342:13)
    at C:\react project\x\the-karan-singh-vaidh\the-karan-singh-vaidh\server\node_modules\router\index.js:297:9
    at processParams (C:\react project\x\the-karan-singh-vaidh\the-karan-singh-vaidh\server\node_modules\router\index.js:582:12)
    at next (C:\react project\x\the-karan-singh-vaidh\the-karan-singh-vaidh\server\node_modules\router\index.js:291:5)
    at logger (C:\react project\x\the-karan-singh-vaidh\the-karan-singh-vaidh\server\node_modules\morgan\index.js:144:5)
    at Layer.handleRequest (C:\react project\x\the-karan-singh-vaidh\the-karan-singh-vaidh\server\node_modules\router\lib\layer.js:152:17)
    at trimPrefix (C:\react project\x\the-karan-singh-vaidh\the-karan-singh-vaidh\server\node_modules\router\index.js:342:13)
    at C:\react project\x\the-karan-singh-vaidh\the-karan-singh-vaidh\server\node_modules\router\index.js:297:9

[2026-02-20T16:19:17.150Z] 404 - Not Found - /socket.io/?EIO=4&transport=polling&t=3hqn0q8o
Error: Not Found - /socket.io/?EIO=4&transport=polling&t=3hqn0q8o
    at notFound (C:\react project\x\the-karan-singh-vaidh\the-karan-singh-vaidh\server\middleware\errorMiddleware.js:2:19)
    at Layer.handleRequest (C:\react project\x\the-karan-singh-vaidh\the-karan-singh-vaidh\server\node_modules\router\lib\layer.js:152:17)
    at trimPrefix (C:\react project\x\the-karan-singh-vaidh\the-karan-singh-vaidh\server\node_modules\router\index.js:342:13)
    at C:\react project\x\the-karan-singh-vaidh\the-karan-singh-vaidh\server\node_modules\router\index.js:297:9
    at processParams (C:\react project\x\the-karan-singh-vaidh\the-karan-singh-vaidh\server\node_modules\router\index.js:582:12)
    at next (C:\react project\x\the-karan-singh-vaidh\the-karan-singh-vaidh\server\node_modules\router\index.js:291:5)
    at logger (C:\react project\x\the-karan-singh-vaidh\the-karan-singh-vaidh\server\node_modules\morgan\index.js:144:5)
    at Layer.handleRequest (C:\react project\x\the-karan-singh-vaidh\the-karan-singh-vaidh\server\node_modules\router\lib\layer.js:152:17)
    at trimPrefix (C:\react project\x\the-karan-singh-vaidh\the-karan-singh-vaidh\server\node_modules\router\index.js:342:13)
    at C:\react project\x\the-karan-singh-vaidh\the-karan-singh-vaidh\server\node_modules\router\index.js:297:9

[2026-02-20T16:19:23.160Z] 404 - Not Found - /socket.io/?EIO=4&transport=polling&t=3hv9x17g
Error: Not Found - /socket.io/?EIO=4&transport=polling&t=3hv9x17g
    at notFound (C:\react project\x\the-karan-singh-vaidh\the-karan-singh-vaidh\server\middleware\errorMiddleware.js:2:19)
    at Layer.handleRequest (C:\react project\x\the-karan-singh-vaidh\the-karan-singh-vaidh\server\node_modules\router\lib\layer.js:152:17)
    at trimPrefix (C:\react project\x\the-karan-singh-vaidh\the-karan-singh-vaidh\server\node_modules\router\index.js:342:13)
    at C:\react project\x\the-karan-singh-vaidh\the-karan-singh-vaidh\server\node_modules\router\index.js:297:9
    at processParams (C:\react project\x\the-karan-singh-vaidh\the-karan-singh-vaidh\server\node_modules\router\index.js:582:12)
    at next (C:\react project\x\the-karan-singh-vaidh\the-karan-singh-vaidh\server\node_modules\router\index.js:291:5)
    at logger (C:\react project\x\the-karan-singh-vaidh\the-karan-singh-vaidh\server\node_modules\morgan\index.js:144:5)
    at Layer.handleRequest (C:\react project\x\the-karan-singh-vaidh\the-karan-singh-vaidh\server\node_modules\router\lib\layer.js:152:17)
    at trimPrefix (C:\react project\x\the-karan-singh-vaidh\the-karan-singh-vaidh\server\node_modules\router\index.js:342:13)
    at C:\react project\x\the-karan-singh-vaidh\the-karan-singh-vaidh\server\node_modules\router\index.js:297:9

[2026-02-20T16:19:27.179Z] 404 - Not Found - /api/activity/stats/699815a20e67b6e7f5f3d7fa
Error: Not Found - /api/activity/stats/699815a20e67b6e7f5f3d7fa
    at notFound (C:\react project\x\the-karan-singh-vaidh\the-karan-singh-vaidh\server\middleware\errorMiddleware.js:2:19)
    at Layer.handleRequest (C:\react project\x\the-karan-singh-vaidh\the-karan-singh-vaidh\server\node_modules\router\lib\layer.js:152:17)
    at trimPrefix (C:\react project\x\the-karan-singh-vaidh\the-karan-singh-vaidh\server\node_modules\router\index.js:342:13)
    at C:\react project\x\the-karan-singh-vaidh\the-karan-singh-vaidh\server\node_modules\router\index.js:297:9
    at processParams (C:\react project\x\the-karan-singh-vaidh\the-karan-singh-vaidh\server\node_modules\router\index.js:582:12)
    at next (C:\react project\x\the-karan-singh-vaidh\the-karan-singh-vaidh\server\node_modules\router\index.js:291:5)
    at logger (C:\react project\x\the-karan-singh-vaidh\the-karan-singh-vaidh\server\node_modules\morgan\index.js:144:5)
    at Layer.handleRequest (C:\react project\x\the-karan-singh-vaidh\the-karan-singh-vaidh\server\node_modules\router\lib\layer.js:152:17)
    at trimPrefix (C:\react project\x\the-karan-singh-vaidh\the-karan-singh-vaidh\server\node_modules\router\index.js:342:13)
    at C:\react project\x\the-karan-singh-vaidh\the-karan-singh-vaidh\server\node_modules\router\index.js:297:9

[2026-02-20T16:19:29.159Z] 404 - Not Found - /socket.io/?EIO=4&transport=polling&t=3hzwkrtv
Error: Not Found - /socket.io/?EIO=4&transport=polling&t=3hzwkrtv
    at notFound (C:\react project\x\the-karan-singh-vaidh\the-karan-singh-vaidh\server\middleware\errorMiddleware.js:2:19)
    at Layer.handleRequest (C:\react project\x\the-karan-singh-vaidh\the-karan-singh-vaidh\server\node_modules\router\lib\layer.js:152:17)
    at trimPrefix (C:\react project\x\the-karan-singh-vaidh\the-karan-singh-vaidh\server\node_modules\router\index.js:342:13)
    at C:\react project\x\the-karan-singh-vaidh\the-karan-singh-vaidh\server\node_modules\router\index.js:297:9
    at processParams (C:\react project\x\the-karan-singh-vaidh\the-karan-singh-vaidh\server\node_modules\router\index.js:582:12)
    at next (C:\react project\x\the-karan-singh-vaidh\the-karan-singh-vaidh\server\node_modules\router\index.js:291:5)
    at logger (C:\react project\x\the-karan-singh-vaidh\the-karan-singh-vaidh\server\node_modules\morgan\index.js:144:5)
    at Layer.handleRequest (C:\react project\x\the-karan-singh-vaidh\the-karan-singh-vaidh\server\node_modules\router\lib\layer.js:152:17)
    at trimPrefix (C:\react project\x\the-karan-singh-vaidh\the-karan-singh-vaidh\server\node_modules\router\index.js:342:13)
    at C:\react project\x\the-karan-singh-vaidh\the-karan-singh-vaidh\server\node_modules\router\index.js:297:9

[2026-02-20T16:19:35.157Z] 404 - Not Found - /socket.io/?EIO=4&transport=polling&t=3i4j53nk
Error: Not Found - /socket.io/?EIO=4&transport=polling&t=3i4j53nk
    at notFound (C:\react project\x\the-karan-singh-vaidh\the-karan-singh-vaidh\server\middleware\errorMiddleware.js:2:19)
    at Layer.handleRequest (C:\react project\x\the-karan-singh-vaidh\the-karan-singh-vaidh\server\node_modules\router\lib\layer.js:152:17)
    at trimPrefix (C:\react project\x\the-karan-singh-vaidh\the-karan-singh-vaidh\server\node_modules\router\index.js:342:13)
    at C:\react project\x\the-karan-singh-vaidh\the-karan-singh-vaidh\server\node_modules\router\index.js:297:9
    at processParams (C:\react project\x\the-karan-singh-vaidh\the-karan-singh-vaidh\server\node_modules\router\index.js:582:12)
    at next (C:\react project\x\the-karan-singh-vaidh\the-karan-singh-vaidh\server\node_modules\router\index.js:291:5)
    at logger (C:\react project\x\the-karan-singh-vaidh\the-karan-singh-vaidh\server\node_modules\morgan\index.js:144:5)
    at Layer.handleRequest (C:\react project\x\the-karan-singh-vaidh\the-karan-singh-vaidh\server\node_modules\router\lib\layer.js:152:17)
    at trimPrefix (C:\react project\x\the-karan-singh-vaidh\the-karan-singh-vaidh\server\node_modules\router\index.js:342:13)
    at C:\react project\x\the-karan-singh-vaidh\the-karan-singh-vaidh\server\node_modules\router\index.js:297:9

[2026-02-20T16:19:41.154Z] 404 - Not Found - /socket.io/?EIO=4&transport=polling&t=3i95sqwe
Error: Not Found - /socket.io/?EIO=4&transport=polling&t=3i95sqwe
    at notFound (C:\react project\x\the-karan-singh-vaidh\the-karan-singh-vaidh\server\middleware\errorMiddleware.js:2:19)
    at Layer.handleRequest (C:\react project\x\the-karan-singh-vaidh\the-karan-singh-vaidh\server\node_modules\router\lib\layer.js:152:17)
    at trimPrefix (C:\react project\x\the-karan-singh-vaidh\the-karan-singh-vaidh\server\node_modules\router\index.js:342:13)
    at C:\react project\x\the-karan-singh-vaidh\the-karan-singh-vaidh\server\node_modules\router\index.js:297:9
    at processParams (C:\react project\x\the-karan-singh-vaidh\the-karan-singh-vaidh\server\node_modules\router\index.js:582:12)
    at next (C:\react project\x\the-karan-singh-vaidh\the-karan-singh-vaidh\server\node_modules\router\index.js:291:5)
    at logger (C:\react project\x\the-karan-singh-vaidh\the-karan-singh-vaidh\server\node_modules\morgan\index.js:144:5)
    at Layer.handleRequest (C:\react project\x\the-karan-singh-vaidh\the-karan-singh-vaidh\server\node_modules\router\lib\layer.js:152:17)
    at trimPrefix (C:\react project\x\the-karan-singh-vaidh\the-karan-singh-vaidh\server\node_modules\router\index.js:342:13)
    at C:\react project\x\the-karan-singh-vaidh\the-karan-singh-vaidh\server\node_modules\router\index.js:297:9

[2026-02-20T16:19:47.159Z] 404 - Not Found - /socket.io/?EIO=4&transport=polling&t=3idsf5qd
Error: Not Found - /socket.io/?EIO=4&transport=polling&t=3idsf5qd
    at notFound (C:\react project\x\the-karan-singh-vaidh\the-karan-singh-vaidh\server\middleware\errorMiddleware.js:2:19)
    at Layer.handleRequest (C:\react project\x\the-karan-singh-vaidh\the-karan-singh-vaidh\server\node_modules\router\lib\layer.js:152:17)
    at trimPrefix (C:\react project\x\the-karan-singh-vaidh\the-karan-singh-vaidh\server\node_modules\router\index.js:342:13)
    at C:\react project\x\the-karan-singh-vaidh\the-karan-singh-vaidh\server\node_modules\router\index.js:297:9
    at processParams (C:\react project\x\the-karan-singh-vaidh\the-karan-singh-vaidh\server\node_modules\router\index.js:582:12)
    at next (C:\react project\x\the-karan-singh-vaidh\the-karan-singh-vaidh\server\node_modules\router\index.js:291:5)
    at logger (C:\react project\x\the-karan-singh-vaidh\the-karan-singh-vaidh\server\node_modules\morgan\index.js:144:5)
    at Layer.handleRequest (C:\react project\x\the-karan-singh-vaidh\the-karan-singh-vaidh\server\node_modules\router\lib\layer.js:152:17)
    at trimPrefix (C:\react project\x\the-karan-singh-vaidh\the-karan-singh-vaidh\server\node_modules\router\index.js:342:13)
    at C:\react project\x\the-karan-singh-vaidh\the-karan-singh-vaidh\server\node_modules\router\index.js:297:9

[2026-02-20T16:19:53.166Z] 404 - Not Found - /socket.io/?EIO=4&transport=polling&t=3iifai8u
Error: Not Found - /socket.io/?EIO=4&transport=polling&t=3iifai8u
    at notFound (C:\react project\x\the-karan-singh-vaidh\the-karan-singh-vaidh\server\middleware\errorMiddleware.js:2:19)
    at Layer.handleRequest (C:\react project\x\the-karan-singh-vaidh\the-karan-singh-vaidh\server\node_modules\router\lib\layer.js:152:17)
    at trimPrefix (C:\react project\x\the-karan-singh-vaidh\the-karan-singh-vaidh\server\node_modules\router\index.js:342:13)
    at C:\react project\x\the-karan-singh-vaidh\the-karan-singh-vaidh\server\node_modules\router\index.js:297:9
    at processParams (C:\react project\x\the-karan-singh-vaidh\the-karan-singh-vaidh\server\node_modules\router\index.js:582:12)
    at next (C:\react project\x\the-karan-singh-vaidh\the-karan-singh-vaidh\server\node_modules\router\index.js:291:5)
    at logger (C:\react project\x\the-karan-singh-vaidh\the-karan-singh-vaidh\server\node_modules\morgan\index.js:144:5)
    at Layer.handleRequest (C:\react project\x\the-karan-singh-vaidh\the-karan-singh-vaidh\server\node_modules\router\lib\layer.js:152:17)
    at trimPrefix (C:\react project\x\the-karan-singh-vaidh\the-karan-singh-vaidh\server\node_modules\router\index.js:342:13)
    at C:\react project\x\the-karan-singh-vaidh\the-karan-singh-vaidh\server\node_modules\router\index.js:297:9

[2026-02-20T16:19:59.162Z] 404 - Not Found - /socket.io/?EIO=4&transport=polling&t=3in1zt2p
Error: Not Found - /socket.io/?EIO=4&transport=polling&t=3in1zt2p
    at notFound (C:\react project\x\the-karan-singh-vaidh\the-karan-singh-vaidh\server\middleware\errorMiddleware.js:2:19)
    at Layer.handleRequest (C:\react project\x\the-karan-singh-vaidh\the-karan-singh-vaidh\server\node_modules\router\lib\layer.js:152:17)
    at trimPrefix (C:\react project\x\the-karan-singh-vaidh\the-karan-singh-vaidh\server\node_modules\router\index.js:342:13)
    at C:\react project\x\the-karan-singh-vaidh\the-karan-singh-vaidh\server\node_modules\router\index.js:297:9
    at processParams (C:\react project\x\the-karan-singh-vaidh\the-karan-singh-vaidh\server\node_modules\router\index.js:582:12)
    at next (C:\react project\x\the-karan-singh-vaidh\the-karan-singh-vaidh\server\node_modules\router\index.js:291:5)
    at logger (C:\react project\x\the-karan-singh-vaidh\the-karan-singh-vaidh\server\node_modules\morgan\index.js:144:5)
    at Layer.handleRequest (C:\react project\x\the-karan-singh-vaidh\the-karan-singh-vaidh\server\node_modules\router\lib\layer.js:152:17)
    at trimPrefix (C:\react project\x\the-karan-singh-vaidh\the-karan-singh-vaidh\server\node_modules\router\index.js:342:13)
    at C:\react project\x\the-karan-singh-vaidh\the-karan-singh-vaidh\server\node_modules\router\index.js:297:9

[2026-02-20T16:20:05.156Z] 404 - Not Found - /socket.io/?EIO=4&transport=polling&t=3iroisha
Error: Not Found - /socket.io/?EIO=4&transport=polling&t=3iroisha
    at notFound (C:\react project\x\the-karan-singh-vaidh\the-karan-singh-vaidh\server\middleware\errorMiddleware.js:2:19)
    at Layer.handleRequest (C:\react project\x\the-karan-singh-vaidh\the-karan-singh-vaidh\server\node_modules\router\lib\layer.js:152:17)
    at trimPrefix (C:\react project\x\the-karan-singh-vaidh\the-karan-singh-vaidh\server\node_modules\router\index.js:342:13)
    at C:\react project\x\the-karan-singh-vaidh\the-karan-singh-vaidh\server\node_modules\router\index.js:297:9
    at processParams (C:\react project\x\the-karan-singh-vaidh\the-karan-singh-vaidh\server\node_modules\router\index.js:582:12)
    at next (C:\react project\x\the-karan-singh-vaidh\the-karan-singh-vaidh\server\node_modules\router\index.js:291:5)
    at logger (C:\react project\x\the-karan-singh-vaidh\the-karan-singh-vaidh\server\node_modules\morgan\index.js:144:5)
    at Layer.handleRequest (C:\react project\x\the-karan-singh-vaidh\the-karan-singh-vaidh\server\node_modules\router\lib\layer.js:152:17)
    at trimPrefix (C:\react project\x\the-karan-singh-vaidh\the-karan-singh-vaidh\server\node_modules\router\index.js:342:13)
    at C:\react project\x\the-karan-singh-vaidh\the-karan-singh-vaidh\server\node_modules\router\index.js:297:9

[2026-02-20T16:20:11.164Z] 404 - Not Found - /socket.io/?EIO=4&transport=polling&t=3iwbdx5z
Error: Not Found - /socket.io/?EIO=4&transport=polling&t=3iwbdx5z
    at notFound (C:\react project\x\the-karan-singh-vaidh\the-karan-singh-vaidh\server\middleware\errorMiddleware.js:2:19)
    at Layer.handleRequest (C:\react project\x\the-karan-singh-vaidh\the-karan-singh-vaidh\server\node_modules\router\lib\layer.js:152:17)
    at trimPrefix (C:\react project\x\the-karan-singh-vaidh\the-karan-singh-vaidh\server\node_modules\router\index.js:342:13)
    at C:\react project\x\the-karan-singh-vaidh\the-karan-singh-vaidh\server\node_modules\router\index.js:297:9
    at processParams (C:\react project\x\the-karan-singh-vaidh\the-karan-singh-vaidh\server\node_modules\router\index.js:582:12)
    at next (C:\react project\x\the-karan-singh-vaidh\the-karan-singh-vaidh\server\node_modules\router\index.js:291:5)
    at logger (C:\react project\x\the-karan-singh-vaidh\the-karan-singh-vaidh\server\node_modules\morgan\index.js:144:5)
    at Layer.handleRequest (C:\react project\x\the-karan-singh-vaidh\the-karan-singh-vaidh\server\node_modules\router\lib\layer.js:152:17)
    at trimPrefix (C:\react project\x\the-karan-singh-vaidh\the-karan-singh-vaidh\server\node_modules\router\index.js:342:13)
    at C:\react project\x\the-karan-singh-vaidh\the-karan-singh-vaidh\server\node_modules\router\index.js:297:9

[2026-02-20T16:20:17.155Z] 404 - Not Found - /socket.io/?EIO=4&transport=polling&t=3j0xri4i
Error: Not Found - /socket.io/?EIO=4&transport=polling&t=3j0xri4i
    at notFound (C:\react project\x\the-karan-singh-vaidh\the-karan-singh-vaidh\server\middleware\errorMiddleware.js:2:19)
    at Layer.handleRequest (C:\react project\x\the-karan-singh-vaidh\the-karan-singh-vaidh\server\node_modules\router\lib\layer.js:152:17)
    at trimPrefix (C:\react project\x\the-karan-singh-vaidh\the-karan-singh-vaidh\server\node_modules\router\index.js:342:13)
    at C:\react project\x\the-karan-singh-vaidh\the-karan-singh-vaidh\server\node_modules\router\index.js:297:9
    at processParams (C:\react project\x\the-karan-singh-vaidh\the-karan-singh-vaidh\server\node_modules\router\index.js:582:12)
    at next (C:\react project\x\the-karan-singh-vaidh\the-karan-singh-vaidh\server\node_modules\router\index.js:291:5)
    at logger (C:\react project\x\the-karan-singh-vaidh\the-karan-singh-vaidh\server\node_modules\morgan\index.js:144:5)
    at Layer.handleRequest (C:\react project\x\the-karan-singh-vaidh\the-karan-singh-vaidh\server\node_modules\router\lib\layer.js:152:17)
    at trimPrefix (C:\react project\x\the-karan-singh-vaidh\the-karan-singh-vaidh\server\node_modules\router\index.js:342:13)
    at C:\react project\x\the-karan-singh-vaidh\the-karan-singh-vaidh\server\node_modules\router\index.js:297:9

[2026-02-20T16:20:23.165Z] 404 - Not Found - /socket.io/?EIO=4&transport=polling&t=3j5kqokl
Error: Not Found - /socket.io/?EIO=4&transport=polling&t=3j5kqokl
    at notFound (C:\react project\x\the-karan-singh-vaidh\the-karan-singh-vaidh\server\middleware\errorMiddleware.js:2:19)
    at Layer.handleRequest (C:\react project\x\the-karan-singh-vaidh\the-karan-singh-vaidh\server\node_modules\router\lib\layer.js:152:17)
    at trimPrefix (C:\react project\x\the-karan-singh-vaidh\the-karan-singh-vaidh\server\node_modules\router\index.js:342:13)
    at C:\react project\x\the-karan-singh-vaidh\the-karan-singh-vaidh\server\node_modules\router\index.js:297:9
    at processParams (C:\react project\x\the-karan-singh-vaidh\the-karan-singh-vaidh\server\node_modules\router\index.js:582:12)
    at next (C:\react project\x\the-karan-singh-vaidh\the-karan-singh-vaidh\server\node_modules\router\index.js:291:5)
    at logger (C:\react project\x\the-karan-singh-vaidh\the-karan-singh-vaidh\server\node_modules\morgan\index.js:144:5)
    at Layer.handleRequest (C:\react project\x\the-karan-singh-vaidh\the-karan-singh-vaidh\server\node_modules\router\lib\layer.js:152:17)
    at trimPrefix (C:\react project\x\the-karan-singh-vaidh\the-karan-singh-vaidh\server\node_modules\router\index.js:342:13)
    at C:\react project\x\the-karan-singh-vaidh\the-karan-singh-vaidh\server\node_modules\router\index.js:297:9

[2026-02-20T16:20:27.173Z] 404 - Not Found - /api/activity/stats/699815a20e67b6e7f5f3d7fa
Error: Not Found - /api/activity/stats/699815a20e67b6e7f5f3d7fa
    at notFound (C:\react project\x\the-karan-singh-vaidh\the-karan-singh-vaidh\server\middleware\errorMiddleware.js:2:19)
    at Layer.handleRequest (C:\react project\x\the-karan-singh-vaidh\the-karan-singh-vaidh\server\node_modules\router\lib\layer.js:152:17)
    at trimPrefix (C:\react project\x\the-karan-singh-vaidh\the-karan-singh-vaidh\server\node_modules\router\index.js:342:13)
    at C:\react project\x\the-karan-singh-vaidh\the-karan-singh-vaidh\server\node_modules\router\index.js:297:9
    at processParams (C:\react project\x\the-karan-singh-vaidh\the-karan-singh-vaidh\server\node_modules\router\index.js:582:12)
    at next (C:\react project\x\the-karan-singh-vaidh\the-karan-singh-vaidh\server\node_modules\router\index.js:291:5)
    at logger (C:\react project\x\the-karan-singh-vaidh\the-karan-singh-vaidh\server\node_modules\morgan\index.js:144:5)
    at Layer.handleRequest (C:\react project\x\the-karan-singh-vaidh\the-karan-singh-vaidh\server\node_modules\router\lib\layer.js:152:17)
    at trimPrefix (C:\react project\x\the-karan-singh-vaidh\the-karan-singh-vaidh\server\node_modules\router\index.js:342:13)
    at C:\react project\x\the-karan-singh-vaidh\the-karan-singh-vaidh\server\node_modules\router\index.js:297:9

[2026-02-20T16:20:30.757Z] 404 - Not Found - /socket.io/?EIO=4&transport=polling&t=3ja7e7zr
Error: Not Found - /socket.io/?EIO=4&transport=polling&t=3ja7e7zr
    at notFound (C:\react project\x\the-karan-singh-vaidh\the-karan-singh-vaidh\server\middleware\errorMiddleware.js:2:19)
    at Layer.handleRequest (C:\react project\x\the-karan-singh-vaidh\the-karan-singh-vaidh\server\node_modules\router\lib\layer.js:152:17)
    at trimPrefix (C:\react project\x\the-karan-singh-vaidh\the-karan-singh-vaidh\server\node_modules\router\index.js:342:13)
    at C:\react project\x\the-karan-singh-vaidh\the-karan-singh-vaidh\server\node_modules\router\index.js:297:9
    at processParams (C:\react project\x\the-karan-singh-vaidh\the-karan-singh-vaidh\server\node_modules\router\index.js:582:12)
    at next (C:\react project\x\the-karan-singh-vaidh\the-karan-singh-vaidh\server\node_modules\router\index.js:291:5)
    at logger (C:\react project\x\the-karan-singh-vaidh\the-karan-singh-vaidh\server\node_modules\morgan\index.js:144:5)
    at Layer.handleRequest (C:\react project\x\the-karan-singh-vaidh\the-karan-singh-vaidh\server\node_modules\router\lib\layer.js:152:17)
    at trimPrefix (C:\react project\x\the-karan-singh-vaidh\the-karan-singh-vaidh\server\node_modules\router\index.js:342:13)
    at C:\react project\x\the-karan-singh-vaidh\the-karan-singh-vaidh\server\node_modules\router\index.js:297:9

[2026-02-20T16:20:36.150Z] 404 - Not Found - /socket.io/?EIO=4&transport=polling&t=3jflg5ln
Error: Not Found - /socket.io/?EIO=4&transport=polling&t=3jflg5ln
    at notFound (C:\react project\x\the-karan-singh-vaidh\the-karan-singh-vaidh\server\middleware\errorMiddleware.js:2:19)
    at Layer.handleRequest (C:\react project\x\the-karan-singh-vaidh\the-karan-singh-vaidh\server\node_modules\router\lib\layer.js:152:17)
    at trimPrefix (C:\react project\x\the-karan-singh-vaidh\the-karan-singh-vaidh\server\node_modules\router\index.js:342:13)
    at C:\react project\x\the-karan-singh-vaidh\the-karan-singh-vaidh\server\node_modules\router\index.js:297:9
    at processParams (C:\react project\x\the-karan-singh-vaidh\the-karan-singh-vaidh\server\node_modules\router\index.js:582:12)
    at next (C:\react project\x\the-karan-singh-vaidh\the-karan-singh-vaidh\server\node_modules\router\index.js:291:5)
    at logger (C:\react project\x\the-karan-singh-vaidh\the-karan-singh-vaidh\server\node_modules\morgan\index.js:144:5)
    at Layer.handleRequest (C:\react project\x\the-karan-singh-vaidh\the-karan-singh-vaidh\server\node_modules\router\lib\layer.js:152:17)
    at trimPrefix (C:\react project\x\the-karan-singh-vaidh\the-karan-singh-vaidh\server\node_modules\router\index.js:342:13)
    at C:\react project\x\the-karan-singh-vaidh\the-karan-singh-vaidh\server\node_modules\router\index.js:297:9

[2026-02-20T16:20:42.164Z] 404 - Not Found - /socket.io/?EIO=4&transport=polling&t=3jk8i0ub
Error: Not Found - /socket.io/?EIO=4&transport=polling&t=3jk8i0ub
    at notFound (C:\react project\x\the-karan-singh-vaidh\the-karan-singh-vaidh\server\middleware\errorMiddleware.js:2:19)
    at Layer.handleRequest (C:\react project\x\the-karan-singh-vaidh\the-karan-singh-vaidh\server\node_modules\router\lib\layer.js:152:17)
    at trimPrefix (C:\react project\x\the-karan-singh-vaidh\the-karan-singh-vaidh\server\node_modules\router\index.js:342:13)
    at C:\react project\x\the-karan-singh-vaidh\the-karan-singh-vaidh\server\node_modules\router\index.js:297:9
    at processParams (C:\react project\x\the-karan-singh-vaidh\the-karan-singh-vaidh\server\node_modules\router\index.js:582:12)
    at next (C:\react project\x\the-karan-singh-vaidh\the-karan-singh-vaidh\server\node_modules\router\index.js:291:5)
    at logger (C:\react project\x\the-karan-singh-vaidh\the-karan-singh-vaidh\server\node_modules\morgan\index.js:144:5)
    at Layer.handleRequest (C:\react project\x\the-karan-singh-vaidh\the-karan-singh-vaidh\server\node_modules\router\lib\layer.js:152:17)
    at trimPrefix (C:\react project\x\the-karan-singh-vaidh\the-karan-singh-vaidh\server\node_modules\router\index.js:342:13)
    at C:\react project\x\the-karan-singh-vaidh\the-karan-singh-vaidh\server\node_modules\router\index.js:297:9

[2026-02-20T16:20:48.167Z] 404 - Not Found - /socket.io/?EIO=4&transport=polling&t=3jov6kom
Error: Not Found - /socket.io/?EIO=4&transport=polling&t=3jov6kom
    at notFound (C:\react project\x\the-karan-singh-vaidh\the-karan-singh-vaidh\server\middleware\errorMiddleware.js:2:19)
    at Layer.handleRequest (C:\react project\x\the-karan-singh-vaidh\the-karan-singh-vaidh\server\node_modules\router\lib\layer.js:152:17)
    at trimPrefix (C:\react project\x\the-karan-singh-vaidh\the-karan-singh-vaidh\server\node_modules\router\index.js:342:13)
    at C:\react project\x\the-karan-singh-vaidh\the-karan-singh-vaidh\server\node_modules\router\index.js:297:9
    at processParams (C:\react project\x\the-karan-singh-vaidh\the-karan-singh-vaidh\server\node_modules\router\index.js:582:12)
    at next (C:\react project\x\the-karan-singh-vaidh\the-karan-singh-vaidh\server\node_modules\router\index.js:291:5)
    at logger (C:\react project\x\the-karan-singh-vaidh\the-karan-singh-vaidh\server\node_modules\morgan\index.js:144:5)
    at Layer.handleRequest (C:\react project\x\the-karan-singh-vaidh\the-karan-singh-vaidh\server\node_modules\router\lib\layer.js:152:17)
    at trimPrefix (C:\react project\x\the-karan-singh-vaidh\the-karan-singh-vaidh\server\node_modules\router\index.js:342:13)
    at C:\react project\x\the-karan-singh-vaidh\the-karan-singh-vaidh\server\node_modules\router\index.js:297:9

[2026-02-20T16:20:54.163Z] 404 - Not Found - /socket.io/?EIO=4&transport=polling&t=3jtht7na
Error: Not Found - /socket.io/?EIO=4&transport=polling&t=3jtht7na
    at notFound (C:\react project\x\the-karan-singh-vaidh\the-karan-singh-vaidh\server\middleware\errorMiddleware.js:2:19)
    at Layer.handleRequest (C:\react project\x\the-karan-singh-vaidh\the-karan-singh-vaidh\server\node_modules\router\lib\layer.js:152:17)
    at trimPrefix (C:\react project\x\the-karan-singh-vaidh\the-karan-singh-vaidh\server\node_modules\router\index.js:342:13)
    at C:\react project\x\the-karan-singh-vaidh\the-karan-singh-vaidh\server\node_modules\router\index.js:297:9
    at processParams (C:\react project\x\the-karan-singh-vaidh\the-karan-singh-vaidh\server\node_modules\router\index.js:582:12)
    at next (C:\react project\x\the-karan-singh-vaidh\the-karan-singh-vaidh\server\node_modules\router\index.js:291:5)
    at logger (C:\react project\x\the-karan-singh-vaidh\the-karan-singh-vaidh\server\node_modules\morgan\index.js:144:5)
    at Layer.handleRequest (C:\react project\x\the-karan-singh-vaidh\the-karan-singh-vaidh\server\node_modules\router\lib\layer.js:152:17)
    at trimPrefix (C:\react project\x\the-karan-singh-vaidh\the-karan-singh-vaidh\server\node_modules\router\index.js:342:13)
    at C:\react project\x\the-karan-singh-vaidh\the-karan-singh-vaidh\server\node_modules\router\index.js:297:9

[2026-02-20T16:21:00.161Z] 404 - Not Found - /socket.io/?EIO=4&transport=polling&t=3jy4e2wk
Error: Not Found - /socket.io/?EIO=4&transport=polling&t=3jy4e2wk
    at notFound (C:\react project\x\the-karan-singh-vaidh\the-karan-singh-vaidh\server\middleware\errorMiddleware.js:2:19)
    at Layer.handleRequest (C:\react project\x\the-karan-singh-vaidh\the-karan-singh-vaidh\server\node_modules\router\lib\layer.js:152:17)
    at trimPrefix (C:\react project\x\the-karan-singh-vaidh\the-karan-singh-vaidh\server\node_modules\router\index.js:342:13)
    at C:\react project\x\the-karan-singh-vaidh\the-karan-singh-vaidh\server\node_modules\router\index.js:297:9
    at processParams (C:\react project\x\the-karan-singh-vaidh\the-karan-singh-vaidh\server\node_modules\router\index.js:582:12)
    at next (C:\react project\x\the-karan-singh-vaidh\the-karan-singh-vaidh\server\node_modules\router\index.js:291:5)
    at logger (C:\react project\x\the-karan-singh-vaidh\the-karan-singh-vaidh\server\node_modules\morgan\index.js:144:5)
    at Layer.handleRequest (C:\react project\x\the-karan-singh-vaidh\the-karan-singh-vaidh\server\node_modules\router\lib\layer.js:152:17)
    at trimPrefix (C:\react project\x\the-karan-singh-vaidh\the-karan-singh-vaidh\server\node_modules\router\index.js:342:13)
    at C:\react project\x\the-karan-singh-vaidh\the-karan-singh-vaidh\server\node_modules\router\index.js:297:9

[2026-02-20T16:21:06.157Z] 404 - Not Found - /socket.io/?EIO=4&transport=polling&t=3k2qzag9
Error: Not Found - /socket.io/?EIO=4&transport=polling&t=3k2qzag9
    at notFound (C:\react project\x\the-karan-singh-vaidh\the-karan-singh-vaidh\server\middleware\errorMiddleware.js:2:19)
    at Layer.handleRequest (C:\react project\x\the-karan-singh-vaidh\the-karan-singh-vaidh\server\node_modules\router\lib\layer.js:152:17)
    at trimPrefix (C:\react project\x\the-karan-singh-vaidh\the-karan-singh-vaidh\server\node_modules\router\index.js:342:13)
    at C:\react project\x\the-karan-singh-vaidh\the-karan-singh-vaidh\server\node_modules\router\index.js:297:9
    at processParams (C:\react project\x\the-karan-singh-vaidh\the-karan-singh-vaidh\server\node_modules\router\index.js:582:12)
    at next (C:\react project\x\the-karan-singh-vaidh\the-karan-singh-vaidh\server\node_modules\router\index.js:291:5)
    at logger (C:\react project\x\the-karan-singh-vaidh\the-karan-singh-vaidh\server\node_modules\morgan\index.js:144:5)
    at Layer.handleRequest (C:\react project\x\the-karan-singh-vaidh\the-karan-singh-vaidh\server\node_modules\router\lib\layer.js:152:17)
    at trimPrefix (C:\react project\x\the-karan-singh-vaidh\the-karan-singh-vaidh\server\node_modules\router\index.js:342:13)
    at C:\react project\x\the-karan-singh-vaidh\the-karan-singh-vaidh\server\node_modules\router\index.js:297:9

[2026-02-20T16:21:12.159Z] 404 - Not Found - /socket.io/?EIO=4&transport=polling&t=3k7dof30
Error: Not Found - /socket.io/?EIO=4&transport=polling&t=3k7dof30
    at notFound (C:\react project\x\the-karan-singh-vaidh\the-karan-singh-vaidh\server\middleware\errorMiddleware.js:2:19)
    at Layer.handleRequest (C:\react project\x\the-karan-singh-vaidh\the-karan-singh-vaidh\server\node_modules\router\lib\layer.js:152:17)
    at trimPrefix (C:\react project\x\the-karan-singh-vaidh\the-karan-singh-vaidh\server\node_modules\router\index.js:342:13)
    at C:\react project\x\the-karan-singh-vaidh\the-karan-singh-vaidh\server\node_modules\router\index.js:297:9
    at processParams (C:\react project\x\the-karan-singh-vaidh\the-karan-singh-vaidh\server\node_modules\router\index.js:582:12)
    at next (C:\react project\x\the-karan-singh-vaidh\the-karan-singh-vaidh\server\node_modules\router\index.js:291:5)
    at logger (C:\react project\x\the-karan-singh-vaidh\the-karan-singh-vaidh\server\node_modules\morgan\index.js:144:5)
    at Layer.handleRequest (C:\react project\x\the-karan-singh-vaidh\the-karan-singh-vaidh\server\node_modules\router\lib\layer.js:152:17)
    at trimPrefix (C:\react project\x\the-karan-singh-vaidh\the-karan-singh-vaidh\server\node_modules\router\index.js:342:13)
    at C:\react project\x\the-karan-singh-vaidh\the-karan-singh-vaidh\server\node_modules\router\index.js:297:9

[2026-02-20T16:21:18.160Z] 404 - Not Found - /socket.io/?EIO=4&transport=polling&t=3kc0eigo
Error: Not Found - /socket.io/?EIO=4&transport=polling&t=3kc0eigo
    at notFound (C:\react project\x\the-karan-singh-vaidh\the-karan-singh-vaidh\server\middleware\errorMiddleware.js:2:19)
    at Layer.handleRequest (C:\react project\x\the-karan-singh-vaidh\the-karan-singh-vaidh\server\node_modules\router\lib\layer.js:152:17)
    at trimPrefix (C:\react project\x\the-karan-singh-vaidh\the-karan-singh-vaidh\server\node_modules\router\index.js:342:13)
    at C:\react project\x\the-karan-singh-vaidh\the-karan-singh-vaidh\server\node_modules\router\index.js:297:9
    at processParams (C:\react project\x\the-karan-singh-vaidh\the-karan-singh-vaidh\server\node_modules\router\index.js:582:12)
    at next (C:\react project\x\the-karan-singh-vaidh\the-karan-singh-vaidh\server\node_modules\router\index.js:291:5)
    at logger (C:\react project\x\the-karan-singh-vaidh\the-karan-singh-vaidh\server\node_modules\morgan\index.js:144:5)
    at Layer.handleRequest (C:\react project\x\the-karan-singh-vaidh\the-karan-singh-vaidh\server\node_modules\router\lib\layer.js:152:17)
    at trimPrefix (C:\react project\x\the-karan-singh-vaidh\the-karan-singh-vaidh\server\node_modules\router\index.js:342:13)
    at C:\react project\x\the-karan-singh-vaidh\the-karan-singh-vaidh\server\node_modules\router\index.js:297:9

[2026-02-20T16:21:24.162Z] 404 - Not Found - /socket.io/?EIO=4&transport=polling&t=3kgn3rlz
Error: Not Found - /socket.io/?EIO=4&transport=polling&t=3kgn3rlz
    at notFound (C:\react project\x\the-karan-singh-vaidh\the-karan-singh-vaidh\server\middleware\errorMiddleware.js:2:19)
    at Layer.handleRequest (C:\react project\x\the-karan-singh-vaidh\the-karan-singh-vaidh\server\node_modules\router\lib\layer.js:152:17)
    at trimPrefix (C:\react project\x\the-karan-singh-vaidh\the-karan-singh-vaidh\server\node_modules\router\index.js:342:13)
    at C:\react project\x\the-karan-singh-vaidh\the-karan-singh-vaidh\server\node_modules\router\index.js:297:9
    at processParams (C:\react project\x\the-karan-singh-vaidh\the-karan-singh-vaidh\server\node_modules\router\index.js:582:12)
    at next (C:\react project\x\the-karan-singh-vaidh\the-karan-singh-vaidh\server\node_modules\router\index.js:291:5)
    at logger (C:\react project\x\the-karan-singh-vaidh\the-karan-singh-vaidh\server\node_modules\morgan\index.js:144:5)
    at Layer.handleRequest (C:\react project\x\the-karan-singh-vaidh\the-karan-singh-vaidh\server\node_modules\router\lib\layer.js:152:17)
    at trimPrefix (C:\react project\x\the-karan-singh-vaidh\the-karan-singh-vaidh\server\node_modules\router\index.js:342:13)
    at C:\react project\x\the-karan-singh-vaidh\the-karan-singh-vaidh\server\node_modules\router\index.js:297:9

[2026-02-20T16:21:27.175Z] 404 - Not Found - /api/activity/stats/699815a20e67b6e7f5f3d7fa
Error: Not Found - /api/activity/stats/699815a20e67b6e7f5f3d7fa
    at notFound (C:\react project\x\the-karan-singh-vaidh\the-karan-singh-vaidh\server\middleware\errorMiddleware.js:2:19)
    at Layer.handleRequest (C:\react project\x\the-karan-singh-vaidh\the-karan-singh-vaidh\server\node_modules\router\lib\layer.js:152:17)
    at trimPrefix (C:\react project\x\the-karan-singh-vaidh\the-karan-singh-vaidh\server\node_modules\router\index.js:342:13)
    at C:\react project\x\the-karan-singh-vaidh\the-karan-singh-vaidh\server\node_modules\router\index.js:297:9
    at processParams (C:\react project\x\the-karan-singh-vaidh\the-karan-singh-vaidh\server\node_modules\router\index.js:582:12)
    at next (C:\react project\x\the-karan-singh-vaidh\the-karan-singh-vaidh\server\node_modules\router\index.js:291:5)
    at logger (C:\react project\x\the-karan-singh-vaidh\the-karan-singh-vaidh\server\node_modules\morgan\index.js:144:5)
    at Layer.handleRequest (C:\react project\x\the-karan-singh-vaidh\the-karan-singh-vaidh\server\node_modules\router\lib\layer.js:152:17)
    at trimPrefix (C:\react project\x\the-karan-singh-vaidh\the-karan-singh-vaidh\server\node_modules\router\index.js:342:13)
    at C:\react project\x\the-karan-singh-vaidh\the-karan-singh-vaidh\server\node_modules\router\index.js:297:9

[2026-02-20T16:21:30.164Z] 404 - Not Found - /socket.io/?EIO=4&transport=polling&t=3kl9sjj1
Error: Not Found - /socket.io/?EIO=4&transport=polling&t=3kl9sjj1
    at notFound (C:\react project\x\the-karan-singh-vaidh\the-karan-singh-vaidh\server\middleware\errorMiddleware.js:2:19)
    at Layer.handleRequest (C:\react project\x\the-karan-singh-vaidh\the-karan-singh-vaidh\server\node_modules\router\lib\layer.js:152:17)
    at trimPrefix (C:\react project\x\the-karan-singh-vaidh\the-karan-singh-vaidh\server\node_modules\router\index.js:342:13)
    at C:\react project\x\the-karan-singh-vaidh\the-karan-singh-vaidh\server\node_modules\router\index.js:297:9
    at processParams (C:\react project\x\the-karan-singh-vaidh\the-karan-singh-vaidh\server\node_modules\router\index.js:582:12)
    at next (C:\react project\x\the-karan-singh-vaidh\the-karan-singh-vaidh\server\node_modules\router\index.js:291:5)
    at logger (C:\react project\x\the-karan-singh-vaidh\the-karan-singh-vaidh\server\node_modules\morgan\index.js:144:5)
    at Layer.handleRequest (C:\react project\x\the-karan-singh-vaidh\the-karan-singh-vaidh\server\node_modules\router\lib\layer.js:152:17)
    at trimPrefix (C:\react project\x\the-karan-singh-vaidh\the-karan-singh-vaidh\server\node_modules\router\index.js:342:13)
    at C:\react project\x\the-karan-singh-vaidh\the-karan-singh-vaidh\server\node_modules\router\index.js:297:9

[2026-02-20T16:21:36.167Z] 404 - Not Found - /socket.io/?EIO=4&transport=polling&t=3kpwkqc4
Error: Not Found - /socket.io/?EIO=4&transport=polling&t=3kpwkqc4
    at notFound (C:\react project\x\the-karan-singh-vaidh\the-karan-singh-vaidh\server\middleware\errorMiddleware.js:2:19)
    at Layer.handleRequest (C:\react project\x\the-karan-singh-vaidh\the-karan-singh-vaidh\server\node_modules\router\lib\layer.js:152:17)
    at trimPrefix (C:\react project\x\the-karan-singh-vaidh\the-karan-singh-vaidh\server\node_modules\router\index.js:342:13)
    at C:\react project\x\the-karan-singh-vaidh\the-karan-singh-vaidh\server\node_modules\router\index.js:297:9
    at processParams (C:\react project\x\the-karan-singh-vaidh\the-karan-singh-vaidh\server\node_modules\router\index.js:582:12)
    at next (C:\react project\x\the-karan-singh-vaidh\the-karan-singh-vaidh\server\node_modules\router\index.js:291:5)
    at logger (C:\react project\x\the-karan-singh-vaidh\the-karan-singh-vaidh\server\node_modules\morgan\index.js:144:5)
    at Layer.handleRequest (C:\react project\x\the-karan-singh-vaidh\the-karan-singh-vaidh\server\node_modules\router\lib\layer.js:152:17)
    at trimPrefix (C:\react project\x\the-karan-singh-vaidh\the-karan-singh-vaidh\server\node_modules\router\index.js:342:13)
    at C:\react project\x\the-karan-singh-vaidh\the-karan-singh-vaidh\server\node_modules\router\index.js:297:9

[2026-02-20T16:21:42.162Z] 404 - Not Found - /socket.io/?EIO=4&transport=polling&t=3kuj4tud
Error: Not Found - /socket.io/?EIO=4&transport=polling&t=3kuj4tud
    at notFound (C:\react project\x\the-karan-singh-vaidh\the-karan-singh-vaidh\server\middleware\errorMiddleware.js:2:19)
    at Layer.handleRequest (C:\react project\x\the-karan-singh-vaidh\the-karan-singh-vaidh\server\node_modules\router\lib\layer.js:152:17)
    at trimPrefix (C:\react project\x\the-karan-singh-vaidh\the-karan-singh-vaidh\server\node_modules\router\index.js:342:13)
    at C:\react project\x\the-karan-singh-vaidh\the-karan-singh-vaidh\server\node_modules\router\index.js:297:9
    at processParams (C:\react project\x\the-karan-singh-vaidh\the-karan-singh-vaidh\server\node_modules\router\index.js:582:12)
    at next (C:\react project\x\the-karan-singh-vaidh\the-karan-singh-vaidh\server\node_modules\router\index.js:291:5)
    at logger (C:\react project\x\the-karan-singh-vaidh\the-karan-singh-vaidh\server\node_modules\morgan\index.js:144:5)
    at Layer.handleRequest (C:\react project\x\the-karan-singh-vaidh\the-karan-singh-vaidh\server\node_modules\router\lib\layer.js:152:17)
    at trimPrefix (C:\react project\x\the-karan-singh-vaidh\the-karan-singh-vaidh\server\node_modules\router\index.js:342:13)
    at C:\react project\x\the-karan-singh-vaidh\the-karan-singh-vaidh\server\node_modules\router\index.js:297:9

[2026-02-20T16:21:48.155Z] 404 - Not Found - /socket.io/?EIO=4&transport=polling&t=3kz5lfcg
Error: Not Found - /socket.io/?EIO=4&transport=polling&t=3kz5lfcg
    at notFound (C:\react project\x\the-karan-singh-vaidh\the-karan-singh-vaidh\server\middleware\errorMiddleware.js:2:19)
    at Layer.handleRequest (C:\react project\x\the-karan-singh-vaidh\the-karan-singh-vaidh\server\node_modules\router\lib\layer.js:152:17)
    at trimPrefix (C:\react project\x\the-karan-singh-vaidh\the-karan-singh-vaidh\server\node_modules\router\index.js:342:13)
    at C:\react project\x\the-karan-singh-vaidh\the-karan-singh-vaidh\server\node_modules\router\index.js:297:9
    at processParams (C:\react project\x\the-karan-singh-vaidh\the-karan-singh-vaidh\server\node_modules\router\index.js:582:12)
    at next (C:\react project\x\the-karan-singh-vaidh\the-karan-singh-vaidh\server\node_modules\router\index.js:291:5)
    at logger (C:\react project\x\the-karan-singh-vaidh\the-karan-singh-vaidh\server\node_modules\morgan\index.js:144:5)
    at Layer.handleRequest (C:\react project\x\the-karan-singh-vaidh\the-karan-singh-vaidh\server\node_modules\router\lib\layer.js:152:17)
    at trimPrefix (C:\react project\x\the-karan-singh-vaidh\the-karan-singh-vaidh\server\node_modules\router\index.js:342:13)
    at C:\react project\x\the-karan-singh-vaidh\the-karan-singh-vaidh\server\node_modules\router\index.js:297:9

[2026-02-20T16:21:54.150Z] 404 - Not Found - /socket.io/?EIO=4&transport=polling&t=3l3s42ve
Error: Not Found - /socket.io/?EIO=4&transport=polling&t=3l3s42ve
    at notFound (C:\react project\x\the-karan-singh-vaidh\the-karan-singh-vaidh\server\middleware\errorMiddleware.js:2:19)
    at Layer.handleRequest (C:\react project\x\the-karan-singh-vaidh\the-karan-singh-vaidh\server\node_modules\router\lib\layer.js:152:17)
    at trimPrefix (C:\react project\x\the-karan-singh-vaidh\the-karan-singh-vaidh\server\node_modules\router\index.js:342:13)
    at C:\react project\x\the-karan-singh-vaidh\the-karan-singh-vaidh\server\node_modules\router\index.js:297:9
    at processParams (C:\react project\x\the-karan-singh-vaidh\the-karan-singh-vaidh\server\node_modules\router\index.js:582:12)
    at next (C:\react project\x\the-karan-singh-vaidh\the-karan-singh-vaidh\server\node_modules\router\index.js:291:5)
    at logger (C:\react project\x\the-karan-singh-vaidh\the-karan-singh-vaidh\server\node_modules\morgan\index.js:144:5)
    at Layer.handleRequest (C:\react project\x\the-karan-singh-vaidh\the-karan-singh-vaidh\server\node_modules\router\lib\layer.js:152:17)
    at trimPrefix (C:\react project\x\the-karan-singh-vaidh\the-karan-singh-vaidh\server\node_modules\router\index.js:342:13)
    at C:\react project\x\the-karan-singh-vaidh\the-karan-singh-vaidh\server\node_modules\router\index.js:297:9

[2026-02-20T16:22:00.168Z] 404 - Not Found - /socket.io/?EIO=4&transport=polling&t=3l8f9yk0
Error: Not Found - /socket.io/?EIO=4&transport=polling&t=3l8f9yk0
    at notFound (C:\react project\x\the-karan-singh-vaidh\the-karan-singh-vaidh\server\middleware\errorMiddleware.js:2:19)
    at Layer.handleRequest (C:\react project\x\the-karan-singh-vaidh\the-karan-singh-vaidh\server\node_modules\router\lib\layer.js:152:17)
    at trimPrefix (C:\react project\x\the-karan-singh-vaidh\the-karan-singh-vaidh\server\node_modules\router\index.js:342:13)
    at C:\react project\x\the-karan-singh-vaidh\the-karan-singh-vaidh\server\node_modules\router\index.js:297:9
    at processParams (C:\react project\x\the-karan-singh-vaidh\the-karan-singh-vaidh\server\node_modules\router\index.js:582:12)
    at next (C:\react project\x\the-karan-singh-vaidh\the-karan-singh-vaidh\server\node_modules\router\index.js:291:5)
    at logger (C:\react project\x\the-karan-singh-vaidh\the-karan-singh-vaidh\server\node_modules\morgan\index.js:144:5)
    at Layer.handleRequest (C:\react project\x\the-karan-singh-vaidh\the-karan-singh-vaidh\server\node_modules\router\lib\layer.js:152:17)
    at trimPrefix (C:\react project\x\the-karan-singh-vaidh\the-karan-singh-vaidh\server\node_modules\router\index.js:342:13)
    at C:\react project\x\the-karan-singh-vaidh\the-karan-singh-vaidh\server\node_modules\router\index.js:297:9

[2026-02-20T16:22:06.155Z] 404 - Not Found - /socket.io/?EIO=4&transport=polling&t=3ld1l0w1
Error: Not Found - /socket.io/?EIO=4&transport=polling&t=3ld1l0w1
    at notFound (C:\react project\x\the-karan-singh-vaidh\the-karan-singh-vaidh\server\middleware\errorMiddleware.js:2:19)
    at Layer.handleRequest (C:\react project\x\the-karan-singh-vaidh\the-karan-singh-vaidh\server\node_modules\router\lib\layer.js:152:17)
    at trimPrefix (C:\react project\x\the-karan-singh-vaidh\the-karan-singh-vaidh\server\node_modules\router\index.js:342:13)
    at C:\react project\x\the-karan-singh-vaidh\the-karan-singh-vaidh\server\node_modules\router\index.js:297:9
    at processParams (C:\react project\x\the-karan-singh-vaidh\the-karan-singh-vaidh\server\node_modules\router\index.js:582:12)
    at next (C:\react project\x\the-karan-singh-vaidh\the-karan-singh-vaidh\server\node_modules\router\index.js:291:5)
    at logger (C:\react project\x\the-karan-singh-vaidh\the-karan-singh-vaidh\server\node_modules\morgan\index.js:144:5)
    at Layer.handleRequest (C:\react project\x\the-karan-singh-vaidh\the-karan-singh-vaidh\server\node_modules\router\lib\layer.js:152:17)
    at trimPrefix (C:\react project\x\the-karan-singh-vaidh\the-karan-singh-vaidh\server\node_modules\router\index.js:342:13)
    at C:\react project\x\the-karan-singh-vaidh\the-karan-singh-vaidh\server\node_modules\router\index.js:297:9

[2026-02-20T16:22:12.162Z] 404 - Not Found - /socket.io/?EIO=4&transport=polling&t=3lhogtf9
Error: Not Found - /socket.io/?EIO=4&transport=polling&t=3lhogtf9
    at notFound (C:\react project\x\the-karan-singh-vaidh\the-karan-singh-vaidh\server\middleware\errorMiddleware.js:2:19)
    at Layer.handleRequest (C:\react project\x\the-karan-singh-vaidh\the-karan-singh-vaidh\server\node_modules\router\lib\layer.js:152:17)
    at trimPrefix (C:\react project\x\the-karan-singh-vaidh\the-karan-singh-vaidh\server\node_modules\router\index.js:342:13)
    at C:\react project\x\the-karan-singh-vaidh\the-karan-singh-vaidh\server\node_modules\router\index.js:297:9
    at processParams (C:\react project\x\the-karan-singh-vaidh\the-karan-singh-vaidh\server\node_modules\router\index.js:582:12)
    at next (C:\react project\x\the-karan-singh-vaidh\the-karan-singh-vaidh\server\node_modules\router\index.js:291:5)
    at logger (C:\react project\x\the-karan-singh-vaidh\the-karan-singh-vaidh\server\node_modules\morgan\index.js:144:5)
    at Layer.handleRequest (C:\react project\x\the-karan-singh-vaidh\the-karan-singh-vaidh\server\node_modules\router\lib\layer.js:152:17)
    at trimPrefix (C:\react project\x\the-karan-singh-vaidh\the-karan-singh-vaidh\server\node_modules\router\index.js:342:13)
    at C:\react project\x\the-karan-singh-vaidh\the-karan-singh-vaidh\server\node_modules\router\index.js:297:9

[2026-02-20T16:22:18.158Z] 404 - Not Found - /socket.io/?EIO=4&transport=polling&t=3lmb0y6a
Error: Not Found - /socket.io/?EIO=4&transport=polling&t=3lmb0y6a
    at notFound (C:\react project\x\the-karan-singh-vaidh\the-karan-singh-vaidh\server\middleware\errorMiddleware.js:2:19)
    at Layer.handleRequest (C:\react project\x\the-karan-singh-vaidh\the-karan-singh-vaidh\server\node_modules\router\lib\layer.js:152:17)
    at trimPrefix (C:\react project\x\the-karan-singh-vaidh\the-karan-singh-vaidh\server\node_modules\router\index.js:342:13)
    at C:\react project\x\the-karan-singh-vaidh\the-karan-singh-vaidh\server\node_modules\router\index.js:297:9
    at processParams (C:\react project\x\the-karan-singh-vaidh\the-karan-singh-vaidh\server\node_modules\router\index.js:582:12)
    at next (C:\react project\x\the-karan-singh-vaidh\the-karan-singh-vaidh\server\node_modules\router\index.js:291:5)
    at logger (C:\react project\x\the-karan-singh-vaidh\the-karan-singh-vaidh\server\node_modules\morgan\index.js:144:5)
    at Layer.handleRequest (C:\react project\x\the-karan-singh-vaidh\the-karan-singh-vaidh\server\node_modules\router\lib\layer.js:152:17)
    at trimPrefix (C:\react project\x\the-karan-singh-vaidh\the-karan-singh-vaidh\server\node_modules\router\index.js:342:13)
    at C:\react project\x\the-karan-singh-vaidh\the-karan-singh-vaidh\server\node_modules\router\index.js:297:9

[2026-02-20T16:22:24.160Z] 404 - Not Found - /socket.io/?EIO=4&transport=polling&t=3lqxp21f
Error: Not Found - /socket.io/?EIO=4&transport=polling&t=3lqxp21f
    at notFound (C:\react project\x\the-karan-singh-vaidh\the-karan-singh-vaidh\server\middleware\errorMiddleware.js:2:19)
    at Layer.handleRequest (C:\react project\x\the-karan-singh-vaidh\the-karan-singh-vaidh\server\node_modules\router\lib\layer.js:152:17)
    at trimPrefix (C:\react project\x\the-karan-singh-vaidh\the-karan-singh-vaidh\server\node_modules\router\index.js:342:13)
    at C:\react project\x\the-karan-singh-vaidh\the-karan-singh-vaidh\server\node_modules\router\index.js:297:9
    at processParams (C:\react project\x\the-karan-singh-vaidh\the-karan-singh-vaidh\server\node_modules\router\index.js:582:12)
    at next (C:\react project\x\the-karan-singh-vaidh\the-karan-singh-vaidh\server\node_modules\router\index.js:291:5)
    at logger (C:\react project\x\the-karan-singh-vaidh\the-karan-singh-vaidh\server\node_modules\morgan\index.js:144:5)
    at Layer.handleRequest (C:\react project\x\the-karan-singh-vaidh\the-karan-singh-vaidh\server\node_modules\router\lib\layer.js:152:17)
    at trimPrefix (C:\react project\x\the-karan-singh-vaidh\the-karan-singh-vaidh\server\node_modules\router\index.js:342:13)
    at C:\react project\x\the-karan-singh-vaidh\the-karan-singh-vaidh\server\node_modules\router\index.js:297:9

[2026-02-20T16:22:27.172Z] 404 - Not Found - /api/activity/stats/699815a20e67b6e7f5f3d7fa
Error: Not Found - /api/activity/stats/699815a20e67b6e7f5f3d7fa
    at notFound (C:\react project\x\the-karan-singh-vaidh\the-karan-singh-vaidh\server\middleware\errorMiddleware.js:2:19)
    at Layer.handleRequest (C:\react project\x\the-karan-singh-vaidh\the-karan-singh-vaidh\server\node_modules\router\lib\layer.js:152:17)
    at trimPrefix (C:\react project\x\the-karan-singh-vaidh\the-karan-singh-vaidh\server\node_modules\router\index.js:342:13)
    at C:\react project\x\the-karan-singh-vaidh\the-karan-singh-vaidh\server\node_modules\router\index.js:297:9
    at processParams (C:\react project\x\the-karan-singh-vaidh\the-karan-singh-vaidh\server\node_modules\router\index.js:582:12)
    at next (C:\react project\x\the-karan-singh-vaidh\the-karan-singh-vaidh\server\node_modules\router\index.js:291:5)
    at logger (C:\react project\x\the-karan-singh-vaidh\the-karan-singh-vaidh\server\node_modules\morgan\index.js:144:5)
    at Layer.handleRequest (C:\react project\x\the-karan-singh-vaidh\the-karan-singh-vaidh\server\node_modules\router\lib\layer.js:152:17)
    at trimPrefix (C:\react project\x\the-karan-singh-vaidh\the-karan-singh-vaidh\server\node_modules\router\index.js:342:13)
    at C:\react project\x\the-karan-singh-vaidh\the-karan-singh-vaidh\server\node_modules\router\index.js:297:9

[2026-02-20T16:22:30.165Z] 404 - Not Found - /socket.io/?EIO=4&transport=polling&t=3lvki15a
Error: Not Found - /socket.io/?EIO=4&transport=polling&t=3lvki15a
    at notFound (C:\react project\x\the-karan-singh-vaidh\the-karan-singh-vaidh\server\middleware\errorMiddleware.js:2:19)
    at Layer.handleRequest (C:\react project\x\the-karan-singh-vaidh\the-karan-singh-vaidh\server\node_modules\router\lib\layer.js:152:17)
    at trimPrefix (C:\react project\x\the-karan-singh-vaidh\the-karan-singh-vaidh\server\node_modules\router\index.js:342:13)
    at C:\react project\x\the-karan-singh-vaidh\the-karan-singh-vaidh\server\node_modules\router\index.js:297:9
    at processParams (C:\react project\x\the-karan-singh-vaidh\the-karan-singh-vaidh\server\node_modules\router\index.js:582:12)
    at next (C:\react project\x\the-karan-singh-vaidh\the-karan-singh-vaidh\server\node_modules\router\index.js:291:5)
    at logger (C:\react project\x\the-karan-singh-vaidh\the-karan-singh-vaidh\server\node_modules\morgan\index.js:144:5)
    at Layer.handleRequest (C:\react project\x\the-karan-singh-vaidh\the-karan-singh-vaidh\server\node_modules\router\lib\layer.js:152:17)
    at trimPrefix (C:\react project\x\the-karan-singh-vaidh\the-karan-singh-vaidh\server\node_modules\router\index.js:342:13)
    at C:\react project\x\the-karan-singh-vaidh\the-karan-singh-vaidh\server\node_modules\router\index.js:297:9

[2026-02-20T16:22:36.162Z] 404 - Not Found - /socket.io/?EIO=4&transport=polling&t=3m0742x9
Error: Not Found - /socket.io/?EIO=4&transport=polling&t=3m0742x9
    at notFound (C:\react project\x\the-karan-singh-vaidh\the-karan-singh-vaidh\server\middleware\errorMiddleware.js:2:19)
    at Layer.handleRequest (C:\react project\x\the-karan-singh-vaidh\the-karan-singh-vaidh\server\node_modules\router\lib\layer.js:152:17)
    at trimPrefix (C:\react project\x\the-karan-singh-vaidh\the-karan-singh-vaidh\server\node_modules\router\index.js:342:13)
    at C:\react project\x\the-karan-singh-vaidh\the-karan-singh-vaidh\server\node_modules\router\index.js:297:9
    at processParams (C:\react project\x\the-karan-singh-vaidh\the-karan-singh-vaidh\server\node_modules\router\index.js:582:12)
    at next (C:\react project\x\the-karan-singh-vaidh\the-karan-singh-vaidh\server\node_modules\router\index.js:291:5)
    at logger (C:\react project\x\the-karan-singh-vaidh\the-karan-singh-vaidh\server\node_modules\morgan\index.js:144:5)
    at Layer.handleRequest (C:\react project\x\the-karan-singh-vaidh\the-karan-singh-vaidh\server\node_modules\router\lib\layer.js:152:17)
    at trimPrefix (C:\react project\x\the-karan-singh-vaidh\the-karan-singh-vaidh\server\node_modules\router\index.js:342:13)
    at C:\react project\x\the-karan-singh-vaidh\the-karan-singh-vaidh\server\node_modules\router\index.js:297:9

[2026-02-20T16:22:42.157Z] 404 - Not Found - /socket.io/?EIO=4&transport=polling&t=3m4to2pm
Error: Not Found - /socket.io/?EIO=4&transport=polling&t=3m4to2pm
    at notFound (C:\react project\x\the-karan-singh-vaidh\the-karan-singh-vaidh\server\middleware\errorMiddleware.js:2:19)
    at Layer.handleRequest (C:\react project\x\the-karan-singh-vaidh\the-karan-singh-vaidh\server\node_modules\router\lib\layer.js:152:17)
    at trimPrefix (C:\react project\x\the-karan-singh-vaidh\the-karan-singh-vaidh\server\node_modules\router\index.js:342:13)
    at C:\react project\x\the-karan-singh-vaidh\the-karan-singh-vaidh\server\node_modules\router\index.js:297:9
    at processParams (C:\react project\x\the-karan-singh-vaidh\the-karan-singh-vaidh\server\node_modules\router\index.js:582:12)
    at next (C:\react project\x\the-karan-singh-vaidh\the-karan-singh-vaidh\server\node_modules\router\index.js:291:5)
    at logger (C:\react project\x\the-karan-singh-vaidh\the-karan-singh-vaidh\server\node_modules\morgan\index.js:144:5)
    at Layer.handleRequest (C:\react project\x\the-karan-singh-vaidh\the-karan-singh-vaidh\server\node_modules\router\lib\layer.js:152:17)
    at trimPrefix (C:\react project\x\the-karan-singh-vaidh\the-karan-singh-vaidh\server\node_modules\router\index.js:342:13)
    at C:\react project\x\the-karan-singh-vaidh\the-karan-singh-vaidh\server\node_modules\router\index.js:297:9

[2026-02-20T16:22:48.159Z] 404 - Not Found - /socket.io/?EIO=4&transport=polling&t=3m9ges11
Error: Not Found - /socket.io/?EIO=4&transport=polling&t=3m9ges11
    at notFound (C:\react project\x\the-karan-singh-vaidh\the-karan-singh-vaidh\server\middleware\errorMiddleware.js:2:19)
    at Layer.handleRequest (C:\react project\x\the-karan-singh-vaidh\the-karan-singh-vaidh\server\node_modules\router\lib\layer.js:152:17)
    at trimPrefix (C:\react project\x\the-karan-singh-vaidh\the-karan-singh-vaidh\server\node_modules\router\index.js:342:13)
    at C:\react project\x\the-karan-singh-vaidh\the-karan-singh-vaidh\server\node_modules\router\index.js:297:9
    at processParams (C:\react project\x\the-karan-singh-vaidh\the-karan-singh-vaidh\server\node_modules\router\index.js:582:12)
    at next (C:\react project\x\the-karan-singh-vaidh\the-karan-singh-vaidh\server\node_modules\router\index.js:291:5)
    at logger (C:\react project\x\the-karan-singh-vaidh\the-karan-singh-vaidh\server\node_modules\morgan\index.js:144:5)
    at Layer.handleRequest (C:\react project\x\the-karan-singh-vaidh\the-karan-singh-vaidh\server\node_modules\router\lib\layer.js:152:17)
    at trimPrefix (C:\react project\x\the-karan-singh-vaidh\the-karan-singh-vaidh\server\node_modules\router\index.js:342:13)
    at C:\react project\x\the-karan-singh-vaidh\the-karan-singh-vaidh\server\node_modules\router\index.js:297:9

[2026-02-20T16:22:54.159Z] 404 - Not Found - /socket.io/?EIO=4&transport=polling&t=3me325ks
Error: Not Found - /socket.io/?EIO=4&transport=polling&t=3me325ks
    at notFound (C:\react project\x\the-karan-singh-vaidh\the-karan-singh-vaidh\server\middleware\errorMiddleware.js:2:19)
    at Layer.handleRequest (C:\react project\x\the-karan-singh-vaidh\the-karan-singh-vaidh\server\node_modules\router\lib\layer.js:152:17)
    at trimPrefix (C:\react project\x\the-karan-singh-vaidh\the-karan-singh-vaidh\server\node_modules\router\index.js:342:13)
    at C:\react project\x\the-karan-singh-vaidh\the-karan-singh-vaidh\server\node_modules\router\index.js:297:9
    at processParams (C:\react project\x\the-karan-singh-vaidh\the-karan-singh-vaidh\server\node_modules\router\index.js:582:12)
    at next (C:\react project\x\the-karan-singh-vaidh\the-karan-singh-vaidh\server\node_modules\router\index.js:291:5)
    at logger (C:\react project\x\the-karan-singh-vaidh\the-karan-singh-vaidh\server\node_modules\morgan\index.js:144:5)
    at Layer.handleRequest (C:\react project\x\the-karan-singh-vaidh\the-karan-singh-vaidh\server\node_modules\router\lib\layer.js:152:17)
    at trimPrefix (C:\react project\x\the-karan-singh-vaidh\the-karan-singh-vaidh\server\node_modules\router\index.js:342:13)
    at C:\react project\x\the-karan-singh-vaidh\the-karan-singh-vaidh\server\node_modules\router\index.js:297:9

[2026-02-20T16:23:00.161Z] 404 - Not Found - /socket.io/?EIO=4&transport=polling&t=3miprkdh
Error: Not Found - /socket.io/?EIO=4&transport=polling&t=3miprkdh
    at notFound (C:\react project\x\the-karan-singh-vaidh\the-karan-singh-vaidh\server\middleware\errorMiddleware.js:2:19)
    at Layer.handleRequest (C:\react project\x\the-karan-singh-vaidh\the-karan-singh-vaidh\server\node_modules\router\lib\layer.js:152:17)
    at trimPrefix (C:\react project\x\the-karan-singh-vaidh\the-karan-singh-vaidh\server\node_modules\router\index.js:342:13)
    at C:\react project\x\the-karan-singh-vaidh\the-karan-singh-vaidh\server\node_modules\router\index.js:297:9
    at processParams (C:\react project\x\the-karan-singh-vaidh\the-karan-singh-vaidh\server\node_modules\router\index.js:582:12)
    at next (C:\react project\x\the-karan-singh-vaidh\the-karan-singh-vaidh\server\node_modules\router\index.js:291:5)
    at logger (C:\react project\x\the-karan-singh-vaidh\the-karan-singh-vaidh\server\node_modules\morgan\index.js:144:5)
    at Layer.handleRequest (C:\react project\x\the-karan-singh-vaidh\the-karan-singh-vaidh\server\node_modules\router\lib\layer.js:152:17)
    at trimPrefix (C:\react project\x\the-karan-singh-vaidh\the-karan-singh-vaidh\server\node_modules\router\index.js:342:13)
    at C:\react project\x\the-karan-singh-vaidh\the-karan-singh-vaidh\server\node_modules\router\index.js:297:9

[2026-02-20T16:23:06.163Z] 404 - Not Found - /socket.io/?EIO=4&transport=polling&t=3mnchmho
Error: Not Found - /socket.io/?EIO=4&transport=polling&t=3mnchmho
    at notFound (C:\react project\x\the-karan-singh-vaidh\the-karan-singh-vaidh\server\middleware\errorMiddleware.js:2:19)
    at Layer.handleRequest (C:\react project\x\the-karan-singh-vaidh\the-karan-singh-vaidh\server\node_modules\router\lib\layer.js:152:17)
    at trimPrefix (C:\react project\x\the-karan-singh-vaidh\the-karan-singh-vaidh\server\node_modules\router\index.js:342:13)
    at C:\react project\x\the-karan-singh-vaidh\the-karan-singh-vaidh\server\node_modules\router\index.js:297:9
    at processParams (C:\react project\x\the-karan-singh-vaidh\the-karan-singh-vaidh\server\node_modules\router\index.js:582:12)
    at next (C:\react project\x\the-karan-singh-vaidh\the-karan-singh-vaidh\server\node_modules\router\index.js:291:5)
    at logger (C:\react project\x\the-karan-singh-vaidh\the-karan-singh-vaidh\server\node_modules\morgan\index.js:144:5)
    at Layer.handleRequest (C:\react project\x\the-karan-singh-vaidh\the-karan-singh-vaidh\server\node_modules\router\lib\layer.js:152:17)
    at trimPrefix (C:\react project\x\the-karan-singh-vaidh\the-karan-singh-vaidh\server\node_modules\router\index.js:342:13)
    at C:\react project\x\the-karan-singh-vaidh\the-karan-singh-vaidh\server\node_modules\router\index.js:297:9

[2026-02-20T16:23:12.164Z] 404 - Not Found - /socket.io/?EIO=4&transport=polling&t=3mrz6nb5
Error: Not Found - /socket.io/?EIO=4&transport=polling&t=3mrz6nb5
    at notFound (C:\react project\x\the-karan-singh-vaidh\the-karan-singh-vaidh\server\middleware\errorMiddleware.js:2:19)
    at Layer.handleRequest (C:\react project\x\the-karan-singh-vaidh\the-karan-singh-vaidh\server\node_modules\router\lib\layer.js:152:17)
    at trimPrefix (C:\react project\x\the-karan-singh-vaidh\the-karan-singh-vaidh\server\node_modules\router\index.js:342:13)
    at C:\react project\x\the-karan-singh-vaidh\the-karan-singh-vaidh\server\node_modules\router\index.js:297:9
    at processParams (C:\react project\x\the-karan-singh-vaidh\the-karan-singh-vaidh\server\node_modules\router\index.js:582:12)
    at next (C:\react project\x\the-karan-singh-vaidh\the-karan-singh-vaidh\server\node_modules\router\index.js:291:5)
    at logger (C:\react project\x\the-karan-singh-vaidh\the-karan-singh-vaidh\server\node_modules\morgan\index.js:144:5)
    at Layer.handleRequest (C:\react project\x\the-karan-singh-vaidh\the-karan-singh-vaidh\server\node_modules\router\lib\layer.js:152:17)
    at trimPrefix (C:\react project\x\the-karan-singh-vaidh\the-karan-singh-vaidh\server\node_modules\router\index.js:342:13)
    at C:\react project\x\the-karan-singh-vaidh\the-karan-singh-vaidh\server\node_modules\router\index.js:297:9

[2026-02-20T16:23:18.161Z] 404 - Not Found - /socket.io/?EIO=4&transport=polling&t=3mwlqw0y
Error: Not Found - /socket.io/?EIO=4&transport=polling&t=3mwlqw0y
    at notFound (C:\react project\x\the-karan-singh-vaidh\the-karan-singh-vaidh\server\middleware\errorMiddleware.js:2:19)
    at Layer.handleRequest (C:\react project\x\the-karan-singh-vaidh\the-karan-singh-vaidh\server\node_modules\router\lib\layer.js:152:17)
    at trimPrefix (C:\react project\x\the-karan-singh-vaidh\the-karan-singh-vaidh\server\node_modules\router\index.js:342:13)
    at C:\react project\x\the-karan-singh-vaidh\the-karan-singh-vaidh\server\node_modules\router\index.js:297:9
    at processParams (C:\react project\x\the-karan-singh-vaidh\the-karan-singh-vaidh\server\node_modules\router\index.js:582:12)
    at next (C:\react project\x\the-karan-singh-vaidh\the-karan-singh-vaidh\server\node_modules\router\index.js:291:5)
    at logger (C:\react project\x\the-karan-singh-vaidh\the-karan-singh-vaidh\server\node_modules\morgan\index.js:144:5)
    at Layer.handleRequest (C:\react project\x\the-karan-singh-vaidh\the-karan-singh-vaidh\server\node_modules\router\lib\layer.js:152:17)
    at trimPrefix (C:\react project\x\the-karan-singh-vaidh\the-karan-singh-vaidh\server\node_modules\router\index.js:342:13)
    at C:\react project\x\the-karan-singh-vaidh\the-karan-singh-vaidh\server\node_modules\router\index.js:297:9

[2026-02-20T16:23:24.165Z] 404 - Not Found - /socket.io/?EIO=4&transport=polling&t=3n18in8y
Error: Not Found - /socket.io/?EIO=4&transport=polling&t=3n18in8y
    at notFound (C:\react project\x\the-karan-singh-vaidh\the-karan-singh-vaidh\server\middleware\errorMiddleware.js:2:19)
    at Layer.handleRequest (C:\react project\x\the-karan-singh-vaidh\the-karan-singh-vaidh\server\node_modules\router\lib\layer.js:152:17)
    at trimPrefix (C:\react project\x\the-karan-singh-vaidh\the-karan-singh-vaidh\server\node_modules\router\index.js:342:13)
    at C:\react project\x\the-karan-singh-vaidh\the-karan-singh-vaidh\server\node_modules\router\index.js:297:9
    at processParams (C:\react project\x\the-karan-singh-vaidh\the-karan-singh-vaidh\server\node_modules\router\index.js:582:12)
    at next (C:\react project\x\the-karan-singh-vaidh\the-karan-singh-vaidh\server\node_modules\router\index.js:291:5)
    at logger (C:\react project\x\the-karan-singh-vaidh\the-karan-singh-vaidh\server\node_modules\morgan\index.js:144:5)
    at Layer.handleRequest (C:\react project\x\the-karan-singh-vaidh\the-karan-singh-vaidh\server\node_modules\router\lib\layer.js:152:17)
    at trimPrefix (C:\react project\x\the-karan-singh-vaidh\the-karan-singh-vaidh\server\node_modules\router\index.js:342:13)
    at C:\react project\x\the-karan-singh-vaidh\the-karan-singh-vaidh\server\node_modules\router\index.js:297:9

[2026-02-20T16:23:27.173Z] 404 - Not Found - /api/activity/stats/699815a20e67b6e7f5f3d7fa
Error: Not Found - /api/activity/stats/699815a20e67b6e7f5f3d7fa
    at notFound (C:\react project\x\the-karan-singh-vaidh\the-karan-singh-vaidh\server\middleware\errorMiddleware.js:2:19)
    at Layer.handleRequest (C:\react project\x\the-karan-singh-vaidh\the-karan-singh-vaidh\server\node_modules\router\lib\layer.js:152:17)
    at trimPrefix (C:\react project\x\the-karan-singh-vaidh\the-karan-singh-vaidh\server\node_modules\router\index.js:342:13)
    at C:\react project\x\the-karan-singh-vaidh\the-karan-singh-vaidh\server\node_modules\router\index.js:297:9
    at processParams (C:\react project\x\the-karan-singh-vaidh\the-karan-singh-vaidh\server\node_modules\router\index.js:582:12)
    at next (C:\react project\x\the-karan-singh-vaidh\the-karan-singh-vaidh\server\node_modules\router\index.js:291:5)
    at logger (C:\react project\x\the-karan-singh-vaidh\the-karan-singh-vaidh\server\node_modules\morgan\index.js:144:5)
    at Layer.handleRequest (C:\react project\x\the-karan-singh-vaidh\the-karan-singh-vaidh\server\node_modules\router\lib\layer.js:152:17)
    at trimPrefix (C:\react project\x\the-karan-singh-vaidh\the-karan-singh-vaidh\server\node_modules\router\index.js:342:13)
    at C:\react project\x\the-karan-singh-vaidh\the-karan-singh-vaidh\server\node_modules\router\index.js:297:9

[2026-02-20T16:23:30.162Z] 404 - Not Found - /socket.io/?EIO=4&transport=polling&t=3n5v3ui8
Error: Not Found - /socket.io/?EIO=4&transport=polling&t=3n5v3ui8
    at notFound (C:\react project\x\the-karan-singh-vaidh\the-karan-singh-vaidh\server\middleware\errorMiddleware.js:2:19)
    at Layer.handleRequest (C:\react project\x\the-karan-singh-vaidh\the-karan-singh-vaidh\server\node_modules\router\lib\layer.js:152:17)
    at trimPrefix (C:\react project\x\the-karan-singh-vaidh\the-karan-singh-vaidh\server\node_modules\router\index.js:342:13)
    at C:\react project\x\the-karan-singh-vaidh\the-karan-singh-vaidh\server\node_modules\router\index.js:297:9
    at processParams (C:\react project\x\the-karan-singh-vaidh\the-karan-singh-vaidh\server\node_modules\router\index.js:582:12)
    at next (C:\react project\x\the-karan-singh-vaidh\the-karan-singh-vaidh\server\node_modules\router\index.js:291:5)
    at logger (C:\react project\x\the-karan-singh-vaidh\the-karan-singh-vaidh\server\node_modules\morgan\index.js:144:5)
    at Layer.handleRequest (C:\react project\x\the-karan-singh-vaidh\the-karan-singh-vaidh\server\node_modules\router\lib\layer.js:152:17)
    at trimPrefix (C:\react project\x\the-karan-singh-vaidh\the-karan-singh-vaidh\server\node_modules\router\index.js:342:13)
    at C:\react project\x\the-karan-singh-vaidh\the-karan-singh-vaidh\server\node_modules\router\index.js:297:9

[2026-02-20T16:23:36.158Z] 404 - Not Found - /socket.io/?EIO=4&transport=polling&t=3nahoekc
Error: Not Found - /socket.io/?EIO=4&transport=polling&t=3nahoekc
    at notFound (C:\react project\x\the-karan-singh-vaidh\the-karan-singh-vaidh\server\middleware\errorMiddleware.js:2:19)
    at Layer.handleRequest (C:\react project\x\the-karan-singh-vaidh\the-karan-singh-vaidh\server\node_modules\router\lib\layer.js:152:17)
    at trimPrefix (C:\react project\x\the-karan-singh-vaidh\the-karan-singh-vaidh\server\node_modules\router\index.js:342:13)
    at C:\react project\x\the-karan-singh-vaidh\the-karan-singh-vaidh\server\node_modules\router\index.js:297:9
    at processParams (C:\react project\x\the-karan-singh-vaidh\the-karan-singh-vaidh\server\node_modules\router\index.js:582:12)
    at next (C:\react project\x\the-karan-singh-vaidh\the-karan-singh-vaidh\server\node_modules\router\index.js:291:5)
    at logger (C:\react project\x\the-karan-singh-vaidh\the-karan-singh-vaidh\server\node_modules\morgan\index.js:144:5)
    at Layer.handleRequest (C:\react project\x\the-karan-singh-vaidh\the-karan-singh-vaidh\server\node_modules\router\lib\layer.js:152:17)
    at trimPrefix (C:\react project\x\the-karan-singh-vaidh\the-karan-singh-vaidh\server\node_modules\router\index.js:342:13)
    at C:\react project\x\the-karan-singh-vaidh\the-karan-singh-vaidh\server\node_modules\router\index.js:297:9

[2026-02-20T16:23:42.150Z] 404 - Not Found - /socket.io/?EIO=4&transport=polling&t=3nf44nwb
Error: Not Found - /socket.io/?EIO=4&transport=polling&t=3nf44nwb
    at notFound (C:\react project\x\the-karan-singh-vaidh\the-karan-singh-vaidh\server\middleware\errorMiddleware.js:2:19)
    at Layer.handleRequest (C:\react project\x\the-karan-singh-vaidh\the-karan-singh-vaidh\server\node_modules\router\lib\layer.js:152:17)
    at trimPrefix (C:\react project\x\the-karan-singh-vaidh\the-karan-singh-vaidh\server\node_modules\router\index.js:342:13)
    at C:\react project\x\the-karan-singh-vaidh\the-karan-singh-vaidh\server\node_modules\router\index.js:297:9
    at processParams (C:\react project\x\the-karan-singh-vaidh\the-karan-singh-vaidh\server\node_modules\router\index.js:582:12)
    at next (C:\react project\x\the-karan-singh-vaidh\the-karan-singh-vaidh\server\node_modules\router\index.js:291:5)
    at logger (C:\react project\x\the-karan-singh-vaidh\the-karan-singh-vaidh\server\node_modules\morgan\index.js:144:5)
    at Layer.handleRequest (C:\react project\x\the-karan-singh-vaidh\the-karan-singh-vaidh\server\node_modules\router\lib\layer.js:152:17)
    at trimPrefix (C:\react project\x\the-karan-singh-vaidh\the-karan-singh-vaidh\server\node_modules\router\index.js:342:13)
    at C:\react project\x\the-karan-singh-vaidh\the-karan-singh-vaidh\server\node_modules\router\index.js:297:9

[2026-02-20T16:23:48.153Z] 404 - Not Found - /socket.io/?EIO=4&transport=polling&t=3njqv6op
Error: Not Found - /socket.io/?EIO=4&transport=polling&t=3njqv6op
    at notFound (C:\react project\x\the-karan-singh-vaidh\the-karan-singh-vaidh\server\middleware\errorMiddleware.js:2:19)
    at Layer.handleRequest (C:\react project\x\the-karan-singh-vaidh\the-karan-singh-vaidh\server\node_modules\router\lib\layer.js:152:17)
    at trimPrefix (C:\react project\x\the-karan-singh-vaidh\the-karan-singh-vaidh\server\node_modules\router\index.js:342:13)
    at C:\react project\x\the-karan-singh-vaidh\the-karan-singh-vaidh\server\node_modules\router\index.js:297:9
    at processParams (C:\react project\x\the-karan-singh-vaidh\the-karan-singh-vaidh\server\node_modules\router\index.js:582:12)
    at next (C:\react project\x\the-karan-singh-vaidh\the-karan-singh-vaidh\server\node_modules\router\index.js:291:5)
    at logger (C:\react project\x\the-karan-singh-vaidh\the-karan-singh-vaidh\server\node_modules\morgan\index.js:144:5)
    at Layer.handleRequest (C:\react project\x\the-karan-singh-vaidh\the-karan-singh-vaidh\server\node_modules\router\lib\layer.js:152:17)
    at trimPrefix (C:\react project\x\the-karan-singh-vaidh\the-karan-singh-vaidh\server\node_modules\router\index.js:342:13)
    at C:\react project\x\the-karan-singh-vaidh\the-karan-singh-vaidh\server\node_modules\router\index.js:297:9

[2026-02-20T16:23:54.161Z] 404 - Not Found - /socket.io/?EIO=4&transport=polling&t=3nodreu1
Error: Not Found - /socket.io/?EIO=4&transport=polling&t=3nodreu1
    at notFound (C:\react project\x\the-karan-singh-vaidh\the-karan-singh-vaidh\server\middleware\errorMiddleware.js:2:19)
    at Layer.handleRequest (C:\react project\x\the-karan-singh-vaidh\the-karan-singh-vaidh\server\node_modules\router\lib\layer.js:152:17)
    at trimPrefix (C:\react project\x\the-karan-singh-vaidh\the-karan-singh-vaidh\server\node_modules\router\index.js:342:13)
    at C:\react project\x\the-karan-singh-vaidh\the-karan-singh-vaidh\server\node_modules\router\index.js:297:9
    at processParams (C:\react project\x\the-karan-singh-vaidh\the-karan-singh-vaidh\server\node_modules\router\index.js:582:12)
    at next (C:\react project\x\the-karan-singh-vaidh\the-karan-singh-vaidh\server\node_modules\router\index.js:291:5)
    at logger (C:\react project\x\the-karan-singh-vaidh\the-karan-singh-vaidh\server\node_modules\morgan\index.js:144:5)
    at Layer.handleRequest (C:\react project\x\the-karan-singh-vaidh\the-karan-singh-vaidh\server\node_modules\router\lib\layer.js:152:17)
    at trimPrefix (C:\react project\x\the-karan-singh-vaidh\the-karan-singh-vaidh\server\node_modules\router\index.js:342:13)
    at C:\react project\x\the-karan-singh-vaidh\the-karan-singh-vaidh\server\node_modules\router\index.js:297:9

[2026-02-20T16:24:00.156Z] 404 - Not Found - /socket.io/?EIO=4&transport=polling&t=3nt0aqgj
Error: Not Found - /socket.io/?EIO=4&transport=polling&t=3nt0aqgj
    at notFound (C:\react project\x\the-karan-singh-vaidh\the-karan-singh-vaidh\server\middleware\errorMiddleware.js:2:19)
    at Layer.handleRequest (C:\react project\x\the-karan-singh-vaidh\the-karan-singh-vaidh\server\node_modules\router\lib\layer.js:152:17)
    at trimPrefix (C:\react project\x\the-karan-singh-vaidh\the-karan-singh-vaidh\server\node_modules\router\index.js:342:13)
    at C:\react project\x\the-karan-singh-vaidh\the-karan-singh-vaidh\server\node_modules\router\index.js:297:9
    at processParams (C:\react project\x\the-karan-singh-vaidh\the-karan-singh-vaidh\server\node_modules\router\index.js:582:12)
    at next (C:\react project\x\the-karan-singh-vaidh\the-karan-singh-vaidh\server\node_modules\router\index.js:291:5)
    at logger (C:\react project\x\the-karan-singh-vaidh\the-karan-singh-vaidh\server\node_modules\morgan\index.js:144:5)
    at Layer.handleRequest (C:\react project\x\the-karan-singh-vaidh\the-karan-singh-vaidh\server\node_modules\router\lib\layer.js:152:17)
    at trimPrefix (C:\react project\x\the-karan-singh-vaidh\the-karan-singh-vaidh\server\node_modules\router\index.js:342:13)
    at C:\react project\x\the-karan-singh-vaidh\the-karan-singh-vaidh\server\node_modules\router\index.js:297:9

[2026-02-20T16:24:06.162Z] 404 - Not Found - /socket.io/?EIO=4&transport=polling&t=3nxn34fe
Error: Not Found - /socket.io/?EIO=4&transport=polling&t=3nxn34fe
    at notFound (C:\react project\x\the-karan-singh-vaidh\the-karan-singh-vaidh\server\middleware\errorMiddleware.js:2:19)
    at Layer.handleRequest (C:\react project\x\the-karan-singh-vaidh\the-karan-singh-vaidh\server\node_modules\router\lib\layer.js:152:17)
    at trimPrefix (C:\react project\x\the-karan-singh-vaidh\the-karan-singh-vaidh\server\node_modules\router\index.js:342:13)
    at C:\react project\x\the-karan-singh-vaidh\the-karan-singh-vaidh\server\node_modules\router\index.js:297:9
    at processParams (C:\react project\x\the-karan-singh-vaidh\the-karan-singh-vaidh\server\node_modules\router\index.js:582:12)
    at next (C:\react project\x\the-karan-singh-vaidh\the-karan-singh-vaidh\server\node_modules\router\index.js:291:5)
    at logger (C:\react project\x\the-karan-singh-vaidh\the-karan-singh-vaidh\server\node_modules\morgan\index.js:144:5)
    at Layer.handleRequest (C:\react project\x\the-karan-singh-vaidh\the-karan-singh-vaidh\server\node_modules\router\lib\layer.js:152:17)
    at trimPrefix (C:\react project\x\the-karan-singh-vaidh\the-karan-singh-vaidh\server\node_modules\router\index.js:342:13)
    at C:\react project\x\the-karan-singh-vaidh\the-karan-singh-vaidh\server\node_modules\router\index.js:297:9

[2026-02-20T16:24:12.158Z] 404 - Not Found - /socket.io/?EIO=4&transport=polling&t=3o29ojkq
Error: Not Found - /socket.io/?EIO=4&transport=polling&t=3o29ojkq
    at notFound (C:\react project\x\the-karan-singh-vaidh\the-karan-singh-vaidh\server\middleware\errorMiddleware.js:2:19)
    at Layer.handleRequest (C:\react project\x\the-karan-singh-vaidh\the-karan-singh-vaidh\server\node_modules\router\lib\layer.js:152:17)
    at trimPrefix (C:\react project\x\the-karan-singh-vaidh\the-karan-singh-vaidh\server\node_modules\router\index.js:342:13)
    at C:\react project\x\the-karan-singh-vaidh\the-karan-singh-vaidh\server\node_modules\router\index.js:297:9
    at processParams (C:\react project\x\the-karan-singh-vaidh\the-karan-singh-vaidh\server\node_modules\router\index.js:582:12)
    at next (C:\react project\x\the-karan-singh-vaidh\the-karan-singh-vaidh\server\node_modules\router\index.js:291:5)
    at logger (C:\react project\x\the-karan-singh-vaidh\the-karan-singh-vaidh\server\node_modules\morgan\index.js:144:5)
    at Layer.handleRequest (C:\react project\x\the-karan-singh-vaidh\the-karan-singh-vaidh\server\node_modules\router\lib\layer.js:152:17)
    at trimPrefix (C:\react project\x\the-karan-singh-vaidh\the-karan-singh-vaidh\server\node_modules\router\index.js:342:13)
    at C:\react project\x\the-karan-singh-vaidh\the-karan-singh-vaidh\server\node_modules\router\index.js:297:9

[2026-02-20T16:24:18.159Z] 404 - Not Found - /socket.io/?EIO=4&transport=polling&t=3o6wco6g
Error: Not Found - /socket.io/?EIO=4&transport=polling&t=3o6wco6g
    at notFound (C:\react project\x\the-karan-singh-vaidh\the-karan-singh-vaidh\server\middleware\errorMiddleware.js:2:19)
    at Layer.handleRequest (C:\react project\x\the-karan-singh-vaidh\the-karan-singh-vaidh\server\node_modules\router\lib\layer.js:152:17)
    at trimPrefix (C:\react project\x\the-karan-singh-vaidh\the-karan-singh-vaidh\server\node_modules\router\index.js:342:13)
    at C:\react project\x\the-karan-singh-vaidh\the-karan-singh-vaidh\server\node_modules\router\index.js:297:9
    at processParams (C:\react project\x\the-karan-singh-vaidh\the-karan-singh-vaidh\server\node_modules\router\index.js:582:12)
    at next (C:\react project\x\the-karan-singh-vaidh\the-karan-singh-vaidh\server\node_modules\router\index.js:291:5)
    at logger (C:\react project\x\the-karan-singh-vaidh\the-karan-singh-vaidh\server\node_modules\morgan\index.js:144:5)
    at Layer.handleRequest (C:\react project\x\the-karan-singh-vaidh\the-karan-singh-vaidh\server\node_modules\router\lib\layer.js:152:17)
    at trimPrefix (C:\react project\x\the-karan-singh-vaidh\the-karan-singh-vaidh\server\node_modules\router\index.js:342:13)
    at C:\react project\x\the-karan-singh-vaidh\the-karan-singh-vaidh\server\node_modules\router\index.js:297:9

[2026-02-20T16:24:24.166Z] 404 - Not Found - /socket.io/?EIO=4&transport=polling&t=3obj8ojy
Error: Not Found - /socket.io/?EIO=4&transport=polling&t=3obj8ojy
    at notFound (C:\react project\x\the-karan-singh-vaidh\the-karan-singh-vaidh\server\middleware\errorMiddleware.js:2:19)
    at Layer.handleRequest (C:\react project\x\the-karan-singh-vaidh\the-karan-singh-vaidh\server\node_modules\router\lib\layer.js:152:17)
    at trimPrefix (C:\react project\x\the-karan-singh-vaidh\the-karan-singh-vaidh\server\node_modules\router\index.js:342:13)
    at C:\react project\x\the-karan-singh-vaidh\the-karan-singh-vaidh\server\node_modules\router\index.js:297:9
    at processParams (C:\react project\x\the-karan-singh-vaidh\the-karan-singh-vaidh\server\node_modules\router\index.js:582:12)
    at next (C:\react project\x\the-karan-singh-vaidh\the-karan-singh-vaidh\server\node_modules\router\index.js:291:5)
    at logger (C:\react project\x\the-karan-singh-vaidh\the-karan-singh-vaidh\server\node_modules\morgan\index.js:144:5)
    at Layer.handleRequest (C:\react project\x\the-karan-singh-vaidh\the-karan-singh-vaidh\server\node_modules\router\lib\layer.js:152:17)
    at trimPrefix (C:\react project\x\the-karan-singh-vaidh\the-karan-singh-vaidh\server\node_modules\router\index.js:342:13)
    at C:\react project\x\the-karan-singh-vaidh\the-karan-singh-vaidh\server\node_modules\router\index.js:297:9

[2026-02-20T16:24:27.176Z] 404 - Not Found - /api/activity/stats/699815a20e67b6e7f5f3d7fa
Error: Not Found - /api/activity/stats/699815a20e67b6e7f5f3d7fa
    at notFound (C:\react project\x\the-karan-singh-vaidh\the-karan-singh-vaidh\server\middleware\errorMiddleware.js:2:19)
    at Layer.handleRequest (C:\react project\x\the-karan-singh-vaidh\the-karan-singh-vaidh\server\node_modules\router\lib\layer.js:152:17)
    at trimPrefix (C:\react project\x\the-karan-singh-vaidh\the-karan-singh-vaidh\server\node_modules\router\index.js:342:13)
    at C:\react project\x\the-karan-singh-vaidh\the-karan-singh-vaidh\server\node_modules\router\index.js:297:9
    at processParams (C:\react project\x\the-karan-singh-vaidh\the-karan-singh-vaidh\server\node_modules\router\index.js:582:12)
    at next (C:\react project\x\the-karan-singh-vaidh\the-karan-singh-vaidh\server\node_modules\router\index.js:291:5)
    at logger (C:\react project\x\the-karan-singh-vaidh\the-karan-singh-vaidh\server\node_modules\morgan\index.js:144:5)
    at Layer.handleRequest (C:\react project\x\the-karan-singh-vaidh\the-karan-singh-vaidh\server\node_modules\router\lib\layer.js:152:17)
    at trimPrefix (C:\react project\x\the-karan-singh-vaidh\the-karan-singh-vaidh\server\node_modules\router\index.js:342:13)
    at C:\react project\x\the-karan-singh-vaidh\the-karan-singh-vaidh\server\node_modules\router\index.js:297:9

[2026-02-20T16:24:30.160Z] 404 - Not Found - /socket.io/?EIO=4&transport=polling&t=3og5qx9m
Error: Not Found - /socket.io/?EIO=4&transport=polling&t=3og5qx9m
    at notFound (C:\react project\x\the-karan-singh-vaidh\the-karan-singh-vaidh\server\middleware\errorMiddleware.js:2:19)
    at Layer.handleRequest (C:\react project\x\the-karan-singh-vaidh\the-karan-singh-vaidh\server\node_modules\router\lib\layer.js:152:17)
    at trimPrefix (C:\react project\x\the-karan-singh-vaidh\the-karan-singh-vaidh\server\node_modules\router\index.js:342:13)
    at C:\react project\x\the-karan-singh-vaidh\the-karan-singh-vaidh\server\node_modules\router\index.js:297:9
    at processParams (C:\react project\x\the-karan-singh-vaidh\the-karan-singh-vaidh\server\node_modules\router\index.js:582:12)
    at next (C:\react project\x\the-karan-singh-vaidh\the-karan-singh-vaidh\server\node_modules\router\index.js:291:5)
    at logger (C:\react project\x\the-karan-singh-vaidh\the-karan-singh-vaidh\server\node_modules\morgan\index.js:144:5)
    at Layer.handleRequest (C:\react project\x\the-karan-singh-vaidh\the-karan-singh-vaidh\server\node_modules\router\lib\layer.js:152:17)
    at trimPrefix (C:\react project\x\the-karan-singh-vaidh\the-karan-singh-vaidh\server\node_modules\router\index.js:342:13)
    at C:\react project\x\the-karan-singh-vaidh\the-karan-singh-vaidh\server\node_modules\router\index.js:297:9

[2026-02-20T16:24:36.157Z] 404 - Not Found - /socket.io/?EIO=4&transport=polling&t=3okscrmo
Error: Not Found - /socket.io/?EIO=4&transport=polling&t=3okscrmo
    at notFound (C:\react project\x\the-karan-singh-vaidh\the-karan-singh-vaidh\server\middleware\errorMiddleware.js:2:19)
    at Layer.handleRequest (C:\react project\x\the-karan-singh-vaidh\the-karan-singh-vaidh\server\node_modules\router\lib\layer.js:152:17)
    at trimPrefix (C:\react project\x\the-karan-singh-vaidh\the-karan-singh-vaidh\server\node_modules\router\index.js:342:13)
    at C:\react project\x\the-karan-singh-vaidh\the-karan-singh-vaidh\server\node_modules\router\index.js:297:9
    at processParams (C:\react project\x\the-karan-singh-vaidh\the-karan-singh-vaidh\server\node_modules\router\index.js:582:12)
    at next (C:\react project\x\the-karan-singh-vaidh\the-karan-singh-vaidh\server\node_modules\router\index.js:291:5)
    at logger (C:\react project\x\the-karan-singh-vaidh\the-karan-singh-vaidh\server\node_modules\morgan\index.js:144:5)
    at Layer.handleRequest (C:\react project\x\the-karan-singh-vaidh\the-karan-singh-vaidh\server\node_modules\router\lib\layer.js:152:17)
    at trimPrefix (C:\react project\x\the-karan-singh-vaidh\the-karan-singh-vaidh\server\node_modules\router\index.js:342:13)
    at C:\react project\x\the-karan-singh-vaidh\the-karan-singh-vaidh\server\node_modules\router\index.js:297:9

[2026-02-20T16:24:42.162Z] 404 - Not Found - /socket.io/?EIO=4&transport=polling&t=3opf4m1z
Error: Not Found - /socket.io/?EIO=4&transport=polling&t=3opf4m1z
    at notFound (C:\react project\x\the-karan-singh-vaidh\the-karan-singh-vaidh\server\middleware\errorMiddleware.js:2:19)
    at Layer.handleRequest (C:\react project\x\the-karan-singh-vaidh\the-karan-singh-vaidh\server\node_modules\router\lib\layer.js:152:17)
    at trimPrefix (C:\react project\x\the-karan-singh-vaidh\the-karan-singh-vaidh\server\node_modules\router\index.js:342:13)
    at C:\react project\x\the-karan-singh-vaidh\the-karan-singh-vaidh\server\node_modules\router\index.js:297:9
    at processParams (C:\react project\x\the-karan-singh-vaidh\the-karan-singh-vaidh\server\node_modules\router\index.js:582:12)
    at next (C:\react project\x\the-karan-singh-vaidh\the-karan-singh-vaidh\server\node_modules\router\index.js:291:5)
    at logger (C:\react project\x\the-karan-singh-vaidh\the-karan-singh-vaidh\server\node_modules\morgan\index.js:144:5)
    at Layer.handleRequest (C:\react project\x\the-karan-singh-vaidh\the-karan-singh-vaidh\server\node_modules\router\lib\layer.js:152:17)
    at trimPrefix (C:\react project\x\the-karan-singh-vaidh\the-karan-singh-vaidh\server\node_modules\router\index.js:342:13)
    at C:\react project\x\the-karan-singh-vaidh\the-karan-singh-vaidh\server\node_modules\router\index.js:297:9

[2026-02-20T16:24:48.164Z] 404 - Not Found - /socket.io/?EIO=4&transport=polling&t=3ou1u8uw
Error: Not Found - /socket.io/?EIO=4&transport=polling&t=3ou1u8uw
    at notFound (C:\react project\x\the-karan-singh-vaidh\the-karan-singh-vaidh\server\middleware\errorMiddleware.js:2:19)
    at Layer.handleRequest (C:\react project\x\the-karan-singh-vaidh\the-karan-singh-vaidh\server\node_modules\router\lib\layer.js:152:17)
    at trimPrefix (C:\react project\x\the-karan-singh-vaidh\the-karan-singh-vaidh\server\node_modules\router\index.js:342:13)
    at C:\react project\x\the-karan-singh-vaidh\the-karan-singh-vaidh\server\node_modules\router\index.js:297:9
    at processParams (C:\react project\x\the-karan-singh-vaidh\the-karan-singh-vaidh\server\node_modules\router\index.js:582:12)
    at next (C:\react project\x\the-karan-singh-vaidh\the-karan-singh-vaidh\server\node_modules\router\index.js:291:5)
    at logger (C:\react project\x\the-karan-singh-vaidh\the-karan-singh-vaidh\server\node_modules\morgan\index.js:144:5)
    at Layer.handleRequest (C:\react project\x\the-karan-singh-vaidh\the-karan-singh-vaidh\server\node_modules\router\lib\layer.js:152:17)
    at trimPrefix (C:\react project\x\the-karan-singh-vaidh\the-karan-singh-vaidh\server\node_modules\router\index.js:342:13)
    at C:\react project\x\the-karan-singh-vaidh\the-karan-singh-vaidh\server\node_modules\router\index.js:297:9

[2026-02-20T16:24:54.161Z] 404 - Not Found - /socket.io/?EIO=4&transport=polling&t=3oyoflj2
Error: Not Found - /socket.io/?EIO=4&transport=polling&t=3oyoflj2
    at notFound (C:\react project\x\the-karan-singh-vaidh\the-karan-singh-vaidh\server\middleware\errorMiddleware.js:2:19)
    at Layer.handleRequest (C:\react project\x\the-karan-singh-vaidh\the-karan-singh-vaidh\server\node_modules\router\lib\layer.js:152:17)
    at trimPrefix (C:\react project\x\the-karan-singh-vaidh\the-karan-singh-vaidh\server\node_modules\router\index.js:342:13)
    at C:\react project\x\the-karan-singh-vaidh\the-karan-singh-vaidh\server\node_modules\router\index.js:297:9
    at processParams (C:\react project\x\the-karan-singh-vaidh\the-karan-singh-vaidh\server\node_modules\router\index.js:582:12)
    at next (C:\react project\x\the-karan-singh-vaidh\the-karan-singh-vaidh\server\node_modules\router\index.js:291:5)
    at logger (C:\react project\x\the-karan-singh-vaidh\the-karan-singh-vaidh\server\node_modules\morgan\index.js:144:5)
    at Layer.handleRequest (C:\react project\x\the-karan-singh-vaidh\the-karan-singh-vaidh\server\node_modules\router\lib\layer.js:152:17)
    at trimPrefix (C:\react project\x\the-karan-singh-vaidh\the-karan-singh-vaidh\server\node_modules\router\index.js:342:13)
    at C:\react project\x\the-karan-singh-vaidh\the-karan-singh-vaidh\server\node_modules\router\index.js:297:9

[2026-02-20T16:25:00.157Z] 404 - Not Found - /socket.io/?EIO=4&transport=polling&t=3p3az6ab
Error: Not Found - /socket.io/?EIO=4&transport=polling&t=3p3az6ab
    at notFound (C:\react project\x\the-karan-singh-vaidh\the-karan-singh-vaidh\server\middleware\errorMiddleware.js:2:19)
    at Layer.handleRequest (C:\react project\x\the-karan-singh-vaidh\the-karan-singh-vaidh\server\node_modules\router\lib\layer.js:152:17)
    at trimPrefix (C:\react project\x\the-karan-singh-vaidh\the-karan-singh-vaidh\server\node_modules\router\index.js:342:13)
    at C:\react project\x\the-karan-singh-vaidh\the-karan-singh-vaidh\server\node_modules\router\index.js:297:9
    at processParams (C:\react project\x\the-karan-singh-vaidh\the-karan-singh-vaidh\server\node_modules\router\index.js:582:12)
    at next (C:\react project\x\the-karan-singh-vaidh\the-karan-singh-vaidh\server\node_modules\router\index.js:291:5)
    at logger (C:\react project\x\the-karan-singh-vaidh\the-karan-singh-vaidh\server\node_modules\morgan\index.js:144:5)
    at Layer.handleRequest (C:\react project\x\the-karan-singh-vaidh\the-karan-singh-vaidh\server\node_modules\router\lib\layer.js:152:17)
    at trimPrefix (C:\react project\x\the-karan-singh-vaidh\the-karan-singh-vaidh\server\node_modules\router\index.js:342:13)
    at C:\react project\x\the-karan-singh-vaidh\the-karan-singh-vaidh\server\node_modules\router\index.js:297:9

[2026-02-20T16:25:06.161Z] 404 - Not Found - /socket.io/?EIO=4&transport=polling&t=3p7xppwb
Error: Not Found - /socket.io/?EIO=4&transport=polling&t=3p7xppwb
    at notFound (C:\react project\x\the-karan-singh-vaidh\the-karan-singh-vaidh\server\middleware\errorMiddleware.js:2:19)
    at Layer.handleRequest (C:\react project\x\the-karan-singh-vaidh\the-karan-singh-vaidh\server\node_modules\router\lib\layer.js:152:17)
    at trimPrefix (C:\react project\x\the-karan-singh-vaidh\the-karan-singh-vaidh\server\node_modules\router\index.js:342:13)
    at C:\react project\x\the-karan-singh-vaidh\the-karan-singh-vaidh\server\node_modules\router\index.js:297:9
    at processParams (C:\react project\x\the-karan-singh-vaidh\the-karan-singh-vaidh\server\node_modules\router\index.js:582:12)
    at next (C:\react project\x\the-karan-singh-vaidh\the-karan-singh-vaidh\server\node_modules\router\index.js:291:5)
    at logger (C:\react project\x\the-karan-singh-vaidh\the-karan-singh-vaidh\server\node_modules\morgan\index.js:144:5)
    at Layer.handleRequest (C:\react project\x\the-karan-singh-vaidh\the-karan-singh-vaidh\server\node_modules\router\lib\layer.js:152:17)
    at trimPrefix (C:\react project\x\the-karan-singh-vaidh\the-karan-singh-vaidh\server\node_modules\router\index.js:342:13)
    at C:\react project\x\the-karan-singh-vaidh\the-karan-singh-vaidh\server\node_modules\router\index.js:297:9

[2026-02-20T16:25:12.156Z] 404 - Not Found - /socket.io/?EIO=4&transport=polling&t=3pckb3gc
Error: Not Found - /socket.io/?EIO=4&transport=polling&t=3pckb3gc
    at notFound (C:\react project\x\the-karan-singh-vaidh\the-karan-singh-vaidh\server\middleware\errorMiddleware.js:2:19)
    at Layer.handleRequest (C:\react project\x\the-karan-singh-vaidh\the-karan-singh-vaidh\server\node_modules\router\lib\layer.js:152:17)
    at trimPrefix (C:\react project\x\the-karan-singh-vaidh\the-karan-singh-vaidh\server\node_modules\router\index.js:342:13)
    at C:\react project\x\the-karan-singh-vaidh\the-karan-singh-vaidh\server\node_modules\router\index.js:297:9
    at processParams (C:\react project\x\the-karan-singh-vaidh\the-karan-singh-vaidh\server\node_modules\router\index.js:582:12)
    at next (C:\react project\x\the-karan-singh-vaidh\the-karan-singh-vaidh\server\node_modules\router\index.js:291:5)
    at logger (C:\react project\x\the-karan-singh-vaidh\the-karan-singh-vaidh\server\node_modules\morgan\index.js:144:5)
    at Layer.handleRequest (C:\react project\x\the-karan-singh-vaidh\the-karan-singh-vaidh\server\node_modules\router\lib\layer.js:152:17)
    at trimPrefix (C:\react project\x\the-karan-singh-vaidh\the-karan-singh-vaidh\server\node_modules\router\index.js:342:13)
    at C:\react project\x\the-karan-singh-vaidh\the-karan-singh-vaidh\server\node_modules\router\index.js:297:9

[2026-02-20T16:25:18.161Z] 404 - Not Found - /socket.io/?EIO=4&transport=polling&t=3ph72pgb
Error: Not Found - /socket.io/?EIO=4&transport=polling&t=3ph72pgb
    at notFound (C:\react project\x\the-karan-singh-vaidh\the-karan-singh-vaidh\server\middleware\errorMiddleware.js:2:19)
    at Layer.handleRequest (C:\react project\x\the-karan-singh-vaidh\the-karan-singh-vaidh\server\node_modules\router\lib\layer.js:152:17)
    at trimPrefix (C:\react project\x\the-karan-singh-vaidh\the-karan-singh-vaidh\server\node_modules\router\index.js:342:13)
    at C:\react project\x\the-karan-singh-vaidh\the-karan-singh-vaidh\server\node_modules\router\index.js:297:9
    at processParams (C:\react project\x\the-karan-singh-vaidh\the-karan-singh-vaidh\server\node_modules\router\index.js:582:12)
    at next (C:\react project\x\the-karan-singh-vaidh\the-karan-singh-vaidh\server\node_modules\router\index.js:291:5)
    at logger (C:\react project\x\the-karan-singh-vaidh\the-karan-singh-vaidh\server\node_modules\morgan\index.js:144:5)
    at Layer.handleRequest (C:\react project\x\the-karan-singh-vaidh\the-karan-singh-vaidh\server\node_modules\router\lib\layer.js:152:17)
    at trimPrefix (C:\react project\x\the-karan-singh-vaidh\the-karan-singh-vaidh\server\node_modules\router\index.js:342:13)
    at C:\react project\x\the-karan-singh-vaidh\the-karan-singh-vaidh\server\node_modules\router\index.js:297:9

[2026-02-20T16:25:24.152Z] 404 - Not Found - /socket.io/?EIO=4&transport=polling&t=3pltj8cr
Error: Not Found - /socket.io/?EIO=4&transport=polling&t=3pltj8cr
    at notFound (C:\react project\x\the-karan-singh-vaidh\the-karan-singh-vaidh\server\middleware\errorMiddleware.js:2:19)
    at Layer.handleRequest (C:\react project\x\the-karan-singh-vaidh\the-karan-singh-vaidh\server\node_modules\router\lib\layer.js:152:17)
    at trimPrefix (C:\react project\x\the-karan-singh-vaidh\the-karan-singh-vaidh\server\node_modules\router\index.js:342:13)
    at C:\react project\x\the-karan-singh-vaidh\the-karan-singh-vaidh\server\node_modules\router\index.js:297:9
    at processParams (C:\react project\x\the-karan-singh-vaidh\the-karan-singh-vaidh\server\node_modules\router\index.js:582:12)
    at next (C:\react project\x\the-karan-singh-vaidh\the-karan-singh-vaidh\server\node_modules\router\index.js:291:5)
    at logger (C:\react project\x\the-karan-singh-vaidh\the-karan-singh-vaidh\server\node_modules\morgan\index.js:144:5)
    at Layer.handleRequest (C:\react project\x\the-karan-singh-vaidh\the-karan-singh-vaidh\server\node_modules\router\lib\layer.js:152:17)
    at trimPrefix (C:\react project\x\the-karan-singh-vaidh\the-karan-singh-vaidh\server\node_modules\router\index.js:342:13)
    at C:\react project\x\the-karan-singh-vaidh\the-karan-singh-vaidh\server\node_modules\router\index.js:297:9

[2026-02-20T16:25:27.183Z] 404 - Not Found - /api/activity/stats/699815a20e67b6e7f5f3d7fa
Error: Not Found - /api/activity/stats/699815a20e67b6e7f5f3d7fa
    at notFound (C:\react project\x\the-karan-singh-vaidh\the-karan-singh-vaidh\server\middleware\errorMiddleware.js:2:19)
    at Layer.handleRequest (C:\react project\x\the-karan-singh-vaidh\the-karan-singh-vaidh\server\node_modules\router\lib\layer.js:152:17)
    at trimPrefix (C:\react project\x\the-karan-singh-vaidh\the-karan-singh-vaidh\server\node_modules\router\index.js:342:13)
    at C:\react project\x\the-karan-singh-vaidh\the-karan-singh-vaidh\server\node_modules\router\index.js:297:9
    at processParams (C:\react project\x\the-karan-singh-vaidh\the-karan-singh-vaidh\server\node_modules\router\index.js:582:12)
    at next (C:\react project\x\the-karan-singh-vaidh\the-karan-singh-vaidh\server\node_modules\router\index.js:291:5)
    at logger (C:\react project\x\the-karan-singh-vaidh\the-karan-singh-vaidh\server\node_modules\morgan\index.js:144:5)
    at Layer.handleRequest (C:\react project\x\the-karan-singh-vaidh\the-karan-singh-vaidh\server\node_modules\router\lib\layer.js:152:17)
    at trimPrefix (C:\react project\x\the-karan-singh-vaidh\the-karan-singh-vaidh\server\node_modules\router\index.js:342:13)
    at C:\react project\x\the-karan-singh-vaidh\the-karan-singh-vaidh\server\node_modules\router\index.js:297:9

[2026-02-20T16:25:30.162Z] 404 - Not Found - /socket.io/?EIO=4&transport=polling&t=3pqghkce
Error: Not Found - /socket.io/?EIO=4&transport=polling&t=3pqghkce
    at notFound (C:\react project\x\the-karan-singh-vaidh\the-karan-singh-vaidh\server\middleware\errorMiddleware.js:2:19)
    at Layer.handleRequest (C:\react project\x\the-karan-singh-vaidh\the-karan-singh-vaidh\server\node_modules\router\lib\layer.js:152:17)
    at trimPrefix (C:\react project\x\the-karan-singh-vaidh\the-karan-singh-vaidh\server\node_modules\router\index.js:342:13)
    at C:\react project\x\the-karan-singh-vaidh\the-karan-singh-vaidh\server\node_modules\router\index.js:297:9
    at processParams (C:\react project\x\the-karan-singh-vaidh\the-karan-singh-vaidh\server\node_modules\router\index.js:582:12)
    at next (C:\react project\x\the-karan-singh-vaidh\the-karan-singh-vaidh\server\node_modules\router\index.js:291:5)
    at logger (C:\react project\x\the-karan-singh-vaidh\the-karan-singh-vaidh\server\node_modules\morgan\index.js:144:5)
    at Layer.handleRequest (C:\react project\x\the-karan-singh-vaidh\the-karan-singh-vaidh\server\node_modules\router\lib\layer.js:152:17)
    at trimPrefix (C:\react project\x\the-karan-singh-vaidh\the-karan-singh-vaidh\server\node_modules\router\index.js:342:13)
    at C:\react project\x\the-karan-singh-vaidh\the-karan-singh-vaidh\server\node_modules\router\index.js:297:9

[2026-02-20T16:25:36.163Z] 404 - Not Found - /socket.io/?EIO=4&transport=polling&t=3pv33cyi
Error: Not Found - /socket.io/?EIO=4&transport=polling&t=3pv33cyi
    at notFound (C:\react project\x\the-karan-singh-vaidh\the-karan-singh-vaidh\server\middleware\errorMiddleware.js:2:19)
    at Layer.handleRequest (C:\react project\x\the-karan-singh-vaidh\the-karan-singh-vaidh\server\node_modules\router\lib\layer.js:152:17)
    at trimPrefix (C:\react project\x\the-karan-singh-vaidh\the-karan-singh-vaidh\server\node_modules\router\index.js:342:13)
    at C:\react project\x\the-karan-singh-vaidh\the-karan-singh-vaidh\server\node_modules\router\index.js:297:9
    at processParams (C:\react project\x\the-karan-singh-vaidh\the-karan-singh-vaidh\server\node_modules\router\index.js:582:12)
    at next (C:\react project\x\the-karan-singh-vaidh\the-karan-singh-vaidh\server\node_modules\router\index.js:291:5)
    at logger (C:\react project\x\the-karan-singh-vaidh\the-karan-singh-vaidh\server\node_modules\morgan\index.js:144:5)
    at Layer.handleRequest (C:\react project\x\the-karan-singh-vaidh\the-karan-singh-vaidh\server\node_modules\router\lib\layer.js:152:17)
    at trimPrefix (C:\react project\x\the-karan-singh-vaidh\the-karan-singh-vaidh\server\node_modules\router\index.js:342:13)
    at C:\react project\x\the-karan-singh-vaidh\the-karan-singh-vaidh\server\node_modules\router\index.js:297:9

[2026-02-20T16:25:42.150Z] 404 - Not Found - /socket.io/?EIO=4&transport=polling&t=3pzpgsv4
Error: Not Found - /socket.io/?EIO=4&transport=polling&t=3pzpgsv4
    at notFound (C:\react project\x\the-karan-singh-vaidh\the-karan-singh-vaidh\server\middleware\errorMiddleware.js:2:19)
    at Layer.handleRequest (C:\react project\x\the-karan-singh-vaidh\the-karan-singh-vaidh\server\node_modules\router\lib\layer.js:152:17)
    at trimPrefix (C:\react project\x\the-karan-singh-vaidh\the-karan-singh-vaidh\server\node_modules\router\index.js:342:13)
    at C:\react project\x\the-karan-singh-vaidh\the-karan-singh-vaidh\server\node_modules\router\index.js:297:9
    at processParams (C:\react project\x\the-karan-singh-vaidh\the-karan-singh-vaidh\server\node_modules\router\index.js:582:12)
    at next (C:\react project\x\the-karan-singh-vaidh\the-karan-singh-vaidh\server\node_modules\router\index.js:291:5)
    at logger (C:\react project\x\the-karan-singh-vaidh\the-karan-singh-vaidh\server\node_modules\morgan\index.js:144:5)
    at Layer.handleRequest (C:\react project\x\the-karan-singh-vaidh\the-karan-singh-vaidh\server\node_modules\router\lib\layer.js:152:17)
    at trimPrefix (C:\react project\x\the-karan-singh-vaidh\the-karan-singh-vaidh\server\node_modules\router\index.js:342:13)
    at C:\react project\x\the-karan-singh-vaidh\the-karan-singh-vaidh\server\node_modules\router\index.js:297:9

[2026-02-20T16:25:48.153Z] 404 - Not Found - /socket.io/?EIO=4&transport=polling&t=3q4c76el
Error: Not Found - /socket.io/?EIO=4&transport=polling&t=3q4c76el
    at notFound (C:\react project\x\the-karan-singh-vaidh\the-karan-singh-vaidh\server\middleware\errorMiddleware.js:2:19)
    at Layer.handleRequest (C:\react project\x\the-karan-singh-vaidh\the-karan-singh-vaidh\server\node_modules\router\lib\layer.js:152:17)
    at trimPrefix (C:\react project\x\the-karan-singh-vaidh\the-karan-singh-vaidh\server\node_modules\router\index.js:342:13)
    at C:\react project\x\the-karan-singh-vaidh\the-karan-singh-vaidh\server\node_modules\router\index.js:297:9
    at processParams (C:\react project\x\the-karan-singh-vaidh\the-karan-singh-vaidh\server\node_modules\router\index.js:582:12)
    at next (C:\react project\x\the-karan-singh-vaidh\the-karan-singh-vaidh\server\node_modules\router\index.js:291:5)
    at logger (C:\react project\x\the-karan-singh-vaidh\the-karan-singh-vaidh\server\node_modules\morgan\index.js:144:5)
    at Layer.handleRequest (C:\react project\x\the-karan-singh-vaidh\the-karan-singh-vaidh\server\node_modules\router\lib\layer.js:152:17)
    at trimPrefix (C:\react project\x\the-karan-singh-vaidh\the-karan-singh-vaidh\server\node_modules\router\index.js:342:13)
    at C:\react project\x\the-karan-singh-vaidh\the-karan-singh-vaidh\server\node_modules\router\index.js:297:9

[2026-02-20T16:25:54.151Z] 404 - Not Found - /socket.io/?EIO=4&transport=polling&t=3q8ytf65
Error: Not Found - /socket.io/?EIO=4&transport=polling&t=3q8ytf65
    at notFound (C:\react project\x\the-karan-singh-vaidh\the-karan-singh-vaidh\server\middleware\errorMiddleware.js:2:19)
    at Layer.handleRequest (C:\react project\x\the-karan-singh-vaidh\the-karan-singh-vaidh\server\node_modules\router\lib\layer.js:152:17)
    at trimPrefix (C:\react project\x\the-karan-singh-vaidh\the-karan-singh-vaidh\server\node_modules\router\index.js:342:13)
    at C:\react project\x\the-karan-singh-vaidh\the-karan-singh-vaidh\server\node_modules\router\index.js:297:9
    at processParams (C:\react project\x\the-karan-singh-vaidh\the-karan-singh-vaidh\server\node_modules\router\index.js:582:12)
    at next (C:\react project\x\the-karan-singh-vaidh\the-karan-singh-vaidh\server\node_modules\router\index.js:291:5)
    at logger (C:\react project\x\the-karan-singh-vaidh\the-karan-singh-vaidh\server\node_modules\morgan\index.js:144:5)
    at Layer.handleRequest (C:\react project\x\the-karan-singh-vaidh\the-karan-singh-vaidh\server\node_modules\router\lib\layer.js:152:17)
    at trimPrefix (C:\react project\x\the-karan-singh-vaidh\the-karan-singh-vaidh\server\node_modules\router\index.js:342:13)
    at C:\react project\x\the-karan-singh-vaidh\the-karan-singh-vaidh\server\node_modules\router\index.js:297:9

[2026-02-20T16:26:00.160Z] 404 - Not Found - /socket.io/?EIO=4&transport=polling&t=3qdlk6pr
Error: Not Found - /socket.io/?EIO=4&transport=polling&t=3qdlk6pr
    at notFound (C:\react project\x\the-karan-singh-vaidh\the-karan-singh-vaidh\server\middleware\errorMiddleware.js:2:19)
    at Layer.handleRequest (C:\react project\x\the-karan-singh-vaidh\the-karan-singh-vaidh\server\node_modules\router\lib\layer.js:152:17)
    at trimPrefix (C:\react project\x\the-karan-singh-vaidh\the-karan-singh-vaidh\server\node_modules\router\index.js:342:13)
    at C:\react project\x\the-karan-singh-vaidh\the-karan-singh-vaidh\server\node_modules\router\index.js:297:9
    at processParams (C:\react project\x\the-karan-singh-vaidh\the-karan-singh-vaidh\server\node_modules\router\index.js:582:12)
    at next (C:\react project\x\the-karan-singh-vaidh\the-karan-singh-vaidh\server\node_modules\router\index.js:291:5)
    at logger (C:\react project\x\the-karan-singh-vaidh\the-karan-singh-vaidh\server\node_modules\morgan\index.js:144:5)
    at Layer.handleRequest (C:\react project\x\the-karan-singh-vaidh\the-karan-singh-vaidh\server\node_modules\router\lib\layer.js:152:17)
    at trimPrefix (C:\react project\x\the-karan-singh-vaidh\the-karan-singh-vaidh\server\node_modules\router\index.js:342:13)
    at C:\react project\x\the-karan-singh-vaidh\the-karan-singh-vaidh\server\node_modules\router\index.js:297:9

[2026-02-20T16:26:06.159Z] 404 - Not Found - /socket.io/?EIO=4&transport=polling&t=3qi8dmb4
Error: Not Found - /socket.io/?EIO=4&transport=polling&t=3qi8dmb4
    at notFound (C:\react project\x\the-karan-singh-vaidh\the-karan-singh-vaidh\server\middleware\errorMiddleware.js:2:19)
    at Layer.handleRequest (C:\react project\x\the-karan-singh-vaidh\the-karan-singh-vaidh\server\node_modules\router\lib\layer.js:152:17)
    at trimPrefix (C:\react project\x\the-karan-singh-vaidh\the-karan-singh-vaidh\server\node_modules\router\index.js:342:13)
    at C:\react project\x\the-karan-singh-vaidh\the-karan-singh-vaidh\server\node_modules\router\index.js:297:9
    at processParams (C:\react project\x\the-karan-singh-vaidh\the-karan-singh-vaidh\server\node_modules\router\index.js:582:12)
    at next (C:\react project\x\the-karan-singh-vaidh\the-karan-singh-vaidh\server\node_modules\router\index.js:291:5)
    at logger (C:\react project\x\the-karan-singh-vaidh\the-karan-singh-vaidh\server\node_modules\morgan\index.js:144:5)
    at Layer.handleRequest (C:\react project\x\the-karan-singh-vaidh\the-karan-singh-vaidh\server\node_modules\router\lib\layer.js:152:17)
    at trimPrefix (C:\react project\x\the-karan-singh-vaidh\the-karan-singh-vaidh\server\node_modules\router\index.js:342:13)
    at C:\react project\x\the-karan-singh-vaidh\the-karan-singh-vaidh\server\node_modules\router\index.js:297:9

[2026-02-20T16:26:12.160Z] 404 - Not Found - /socket.io/?EIO=4&transport=polling&t=3qmv2zuy
Error: Not Found - /socket.io/?EIO=4&transport=polling&t=3qmv2zuy
    at notFound (C:\react project\x\the-karan-singh-vaidh\the-karan-singh-vaidh\server\middleware\errorMiddleware.js:2:19)
    at Layer.handleRequest (C:\react project\x\the-karan-singh-vaidh\the-karan-singh-vaidh\server\node_modules\router\lib\layer.js:152:17)
    at trimPrefix (C:\react project\x\the-karan-singh-vaidh\the-karan-singh-vaidh\server\node_modules\router\index.js:342:13)
    at C:\react project\x\the-karan-singh-vaidh\the-karan-singh-vaidh\server\node_modules\router\index.js:297:9
    at processParams (C:\react project\x\the-karan-singh-vaidh\the-karan-singh-vaidh\server\node_modules\router\index.js:582:12)
    at next (C:\react project\x\the-karan-singh-vaidh\the-karan-singh-vaidh\server\node_modules\router\index.js:291:5)
    at logger (C:\react project\x\the-karan-singh-vaidh\the-karan-singh-vaidh\server\node_modules\morgan\index.js:144:5)
    at Layer.handleRequest (C:\react project\x\the-karan-singh-vaidh\the-karan-singh-vaidh\server\node_modules\router\lib\layer.js:152:17)
    at trimPrefix (C:\react project\x\the-karan-singh-vaidh\the-karan-singh-vaidh\server\node_modules\router\index.js:342:13)
    at C:\react project\x\the-karan-singh-vaidh\the-karan-singh-vaidh\server\node_modules\router\index.js:297:9

[2026-02-20T16:26:18.163Z] 404 - Not Found - /socket.io/?EIO=4&transport=polling&t=3qrhqb0k
Error: Not Found - /socket.io/?EIO=4&transport=polling&t=3qrhqb0k
    at notFound (C:\react project\x\the-karan-singh-vaidh\the-karan-singh-vaidh\server\middleware\errorMiddleware.js:2:19)
    at Layer.handleRequest (C:\react project\x\the-karan-singh-vaidh\the-karan-singh-vaidh\server\node_modules\router\lib\layer.js:152:17)
    at trimPrefix (C:\react project\x\the-karan-singh-vaidh\the-karan-singh-vaidh\server\node_modules\router\index.js:342:13)
    at C:\react project\x\the-karan-singh-vaidh\the-karan-singh-vaidh\server\node_modules\router\index.js:297:9
    at processParams (C:\react project\x\the-karan-singh-vaidh\the-karan-singh-vaidh\server\node_modules\router\index.js:582:12)
    at next (C:\react project\x\the-karan-singh-vaidh\the-karan-singh-vaidh\server\node_modules\router\index.js:291:5)
    at logger (C:\react project\x\the-karan-singh-vaidh\the-karan-singh-vaidh\server\node_modules\morgan\index.js:144:5)
    at Layer.handleRequest (C:\react project\x\the-karan-singh-vaidh\the-karan-singh-vaidh\server\node_modules\router\lib\layer.js:152:17)
    at trimPrefix (C:\react project\x\the-karan-singh-vaidh\the-karan-singh-vaidh\server\node_modules\router\index.js:342:13)
    at C:\react project\x\the-karan-singh-vaidh\the-karan-singh-vaidh\server\node_modules\router\index.js:297:9

[2026-02-20T16:26:24.159Z] 404 - Not Found - /socket.io/?EIO=4&transport=polling&t=3qw4c8j1
Error: Not Found - /socket.io/?EIO=4&transport=polling&t=3qw4c8j1
    at notFound (C:\react project\x\the-karan-singh-vaidh\the-karan-singh-vaidh\server\middleware\errorMiddleware.js:2:19)
    at Layer.handleRequest (C:\react project\x\the-karan-singh-vaidh\the-karan-singh-vaidh\server\node_modules\router\lib\layer.js:152:17)
    at trimPrefix (C:\react project\x\the-karan-singh-vaidh\the-karan-singh-vaidh\server\node_modules\router\index.js:342:13)
    at C:\react project\x\the-karan-singh-vaidh\the-karan-singh-vaidh\server\node_modules\router\index.js:297:9
    at processParams (C:\react project\x\the-karan-singh-vaidh\the-karan-singh-vaidh\server\node_modules\router\index.js:582:12)
    at next (C:\react project\x\the-karan-singh-vaidh\the-karan-singh-vaidh\server\node_modules\router\index.js:291:5)
    at logger (C:\react project\x\the-karan-singh-vaidh\the-karan-singh-vaidh\server\node_modules\morgan\index.js:144:5)
    at Layer.handleRequest (C:\react project\x\the-karan-singh-vaidh\the-karan-singh-vaidh\server\node_modules\router\lib\layer.js:152:17)
    at trimPrefix (C:\react project\x\the-karan-singh-vaidh\the-karan-singh-vaidh\server\node_modules\router\index.js:342:13)
    at C:\react project\x\the-karan-singh-vaidh\the-karan-singh-vaidh\server\node_modules\router\index.js:297:9

[2026-02-20T16:26:27.169Z] 404 - Not Found - /api/activity/stats/699815a20e67b6e7f5f3d7fa
Error: Not Found - /api/activity/stats/699815a20e67b6e7f5f3d7fa
    at notFound (C:\react project\x\the-karan-singh-vaidh\the-karan-singh-vaidh\server\middleware\errorMiddleware.js:2:19)
    at Layer.handleRequest (C:\react project\x\the-karan-singh-vaidh\the-karan-singh-vaidh\server\node_modules\router\lib\layer.js:152:17)
    at trimPrefix (C:\react project\x\the-karan-singh-vaidh\the-karan-singh-vaidh\server\node_modules\router\index.js:342:13)
    at C:\react project\x\the-karan-singh-vaidh\the-karan-singh-vaidh\server\node_modules\router\index.js:297:9
    at processParams (C:\react project\x\the-karan-singh-vaidh\the-karan-singh-vaidh\server\node_modules\router\index.js:582:12)
    at next (C:\react project\x\the-karan-singh-vaidh\the-karan-singh-vaidh\server\node_modules\router\index.js:291:5)
    at logger (C:\react project\x\the-karan-singh-vaidh\the-karan-singh-vaidh\server\node_modules\morgan\index.js:144:5)
    at Layer.handleRequest (C:\react project\x\the-karan-singh-vaidh\the-karan-singh-vaidh\server\node_modules\router\lib\layer.js:152:17)
    at trimPrefix (C:\react project\x\the-karan-singh-vaidh\the-karan-singh-vaidh\server\node_modules\router\index.js:342:13)
    at C:\react project\x\the-karan-singh-vaidh\the-karan-singh-vaidh\server\node_modules\router\index.js:297:9

[2026-02-20T16:26:30.153Z] 404 - Not Found - /socket.io/?EIO=4&transport=polling&t=3r0qvr1w
Error: Not Found - /socket.io/?EIO=4&transport=polling&t=3r0qvr1w
    at notFound (C:\react project\x\the-karan-singh-vaidh\the-karan-singh-vaidh\server\middleware\errorMiddleware.js:2:19)
    at Layer.handleRequest (C:\react project\x\the-karan-singh-vaidh\the-karan-singh-vaidh\server\node_modules\router\lib\layer.js:152:17)
    at trimPrefix (C:\react project\x\the-karan-singh-vaidh\the-karan-singh-vaidh\server\node_modules\router\index.js:342:13)
    at C:\react project\x\the-karan-singh-vaidh\the-karan-singh-vaidh\server\node_modules\router\index.js:297:9
    at processParams (C:\react project\x\the-karan-singh-vaidh\the-karan-singh-vaidh\server\node_modules\router\index.js:582:12)
    at next (C:\react project\x\the-karan-singh-vaidh\the-karan-singh-vaidh\server\node_modules\router\index.js:291:5)
    at logger (C:\react project\x\the-karan-singh-vaidh\the-karan-singh-vaidh\server\node_modules\morgan\index.js:144:5)
    at Layer.handleRequest (C:\react project\x\the-karan-singh-vaidh\the-karan-singh-vaidh\server\node_modules\router\lib\layer.js:152:17)
    at trimPrefix (C:\react project\x\the-karan-singh-vaidh\the-karan-singh-vaidh\server\node_modules\router\index.js:342:13)
    at C:\react project\x\the-karan-singh-vaidh\the-karan-singh-vaidh\server\node_modules\router\index.js:297:9

[2026-02-20T16:26:36.162Z] 404 - Not Found - /socket.io/?EIO=4&transport=polling&t=3r5dqg00
Error: Not Found - /socket.io/?EIO=4&transport=polling&t=3r5dqg00
    at notFound (C:\react project\x\the-karan-singh-vaidh\the-karan-singh-vaidh\server\middleware\errorMiddleware.js:2:19)
    at Layer.handleRequest (C:\react project\x\the-karan-singh-vaidh\the-karan-singh-vaidh\server\node_modules\router\lib\layer.js:152:17)
    at trimPrefix (C:\react project\x\the-karan-singh-vaidh\the-karan-singh-vaidh\server\node_modules\router\index.js:342:13)
    at C:\react project\x\the-karan-singh-vaidh\the-karan-singh-vaidh\server\node_modules\router\index.js:297:9
    at processParams (C:\react project\x\the-karan-singh-vaidh\the-karan-singh-vaidh\server\node_modules\router\index.js:582:12)
    at next (C:\react project\x\the-karan-singh-vaidh\the-karan-singh-vaidh\server\node_modules\router\index.js:291:5)
    at logger (C:\react project\x\the-karan-singh-vaidh\the-karan-singh-vaidh\server\node_modules\morgan\index.js:144:5)
    at Layer.handleRequest (C:\react project\x\the-karan-singh-vaidh\the-karan-singh-vaidh\server\node_modules\router\lib\layer.js:152:17)
    at trimPrefix (C:\react project\x\the-karan-singh-vaidh\the-karan-singh-vaidh\server\node_modules\router\index.js:342:13)
    at C:\react project\x\the-karan-singh-vaidh\the-karan-singh-vaidh\server\node_modules\router\index.js:297:9

[2026-02-20T16:26:42.164Z] 404 - Not Found - /socket.io/?EIO=4&transport=polling&t=3ra0ij2d
Error: Not Found - /socket.io/?EIO=4&transport=polling&t=3ra0ij2d
    at notFound (C:\react project\x\the-karan-singh-vaidh\the-karan-singh-vaidh\server\middleware\errorMiddleware.js:2:19)
    at Layer.handleRequest (C:\react project\x\the-karan-singh-vaidh\the-karan-singh-vaidh\server\node_modules\router\lib\layer.js:152:17)
    at trimPrefix (C:\react project\x\the-karan-singh-vaidh\the-karan-singh-vaidh\server\node_modules\router\index.js:342:13)
    at C:\react project\x\the-karan-singh-vaidh\the-karan-singh-vaidh\server\node_modules\router\index.js:297:9
    at processParams (C:\react project\x\the-karan-singh-vaidh\the-karan-singh-vaidh\server\node_modules\router\index.js:582:12)
    at next (C:\react project\x\the-karan-singh-vaidh\the-karan-singh-vaidh\server\node_modules\router\index.js:291:5)
    at logger (C:\react project\x\the-karan-singh-vaidh\the-karan-singh-vaidh\server\node_modules\morgan\index.js:144:5)
    at Layer.handleRequest (C:\react project\x\the-karan-singh-vaidh\the-karan-singh-vaidh\server\node_modules\router\lib\layer.js:152:17)
    at trimPrefix (C:\react project\x\the-karan-singh-vaidh\the-karan-singh-vaidh\server\node_modules\router\index.js:342:13)
    at C:\react project\x\the-karan-singh-vaidh\the-karan-singh-vaidh\server\node_modules\router\index.js:297:9

[2026-02-20T16:26:48.154Z] 404 - Not Found - /socket.io/?EIO=4&transport=polling&t=3remwu6v
Error: Not Found - /socket.io/?EIO=4&transport=polling&t=3remwu6v
    at notFound (C:\react project\x\the-karan-singh-vaidh\the-karan-singh-vaidh\server\middleware\errorMiddleware.js:2:19)
    at Layer.handleRequest (C:\react project\x\the-karan-singh-vaidh\the-karan-singh-vaidh\server\node_modules\router\lib\layer.js:152:17)
    at trimPrefix (C:\react project\x\the-karan-singh-vaidh\the-karan-singh-vaidh\server\node_modules\router\index.js:342:13)
    at C:\react project\x\the-karan-singh-vaidh\the-karan-singh-vaidh\server\node_modules\router\index.js:297:9
    at processParams (C:\react project\x\the-karan-singh-vaidh\the-karan-singh-vaidh\server\node_modules\router\index.js:582:12)
    at next (C:\react project\x\the-karan-singh-vaidh\the-karan-singh-vaidh\server\node_modules\router\index.js:291:5)
    at logger (C:\react project\x\the-karan-singh-vaidh\the-karan-singh-vaidh\server\node_modules\morgan\index.js:144:5)
    at Layer.handleRequest (C:\react project\x\the-karan-singh-vaidh\the-karan-singh-vaidh\server\node_modules\router\lib\layer.js:152:17)
    at trimPrefix (C:\react project\x\the-karan-singh-vaidh\the-karan-singh-vaidh\server\node_modules\router\index.js:342:13)
    at C:\react project\x\the-karan-singh-vaidh\the-karan-singh-vaidh\server\node_modules\router\index.js:297:9

[2026-02-20T16:26:54.167Z] 404 - Not Found - /socket.io/?EIO=4&transport=polling&t=3rj9txxv
Error: Not Found - /socket.io/?EIO=4&transport=polling&t=3rj9txxv
    at notFound (C:\react project\x\the-karan-singh-vaidh\the-karan-singh-vaidh\server\middleware\errorMiddleware.js:2:19)
    at Layer.handleRequest (C:\react project\x\the-karan-singh-vaidh\the-karan-singh-vaidh\server\node_modules\router\lib\layer.js:152:17)
    at trimPrefix (C:\react project\x\the-karan-singh-vaidh\the-karan-singh-vaidh\server\node_modules\router\index.js:342:13)
    at C:\react project\x\the-karan-singh-vaidh\the-karan-singh-vaidh\server\node_modules\router\index.js:297:9
    at processParams (C:\react project\x\the-karan-singh-vaidh\the-karan-singh-vaidh\server\node_modules\router\index.js:582:12)
    at next (C:\react project\x\the-karan-singh-vaidh\the-karan-singh-vaidh\server\node_modules\router\index.js:291:5)
    at logger (C:\react project\x\the-karan-singh-vaidh\the-karan-singh-vaidh\server\node_modules\morgan\index.js:144:5)
    at Layer.handleRequest (C:\react project\x\the-karan-singh-vaidh\the-karan-singh-vaidh\server\node_modules\router\lib\layer.js:152:17)
    at trimPrefix (C:\react project\x\the-karan-singh-vaidh\the-karan-singh-vaidh\server\node_modules\router\index.js:342:13)
    at C:\react project\x\the-karan-singh-vaidh\the-karan-singh-vaidh\server\node_modules\router\index.js:297:9

[2026-02-20T16:27:00.160Z] 404 - Not Found - /socket.io/?EIO=4&transport=polling&t=3rnwfh6r
Error: Not Found - /socket.io/?EIO=4&transport=polling&t=3rnwfh6r
    at notFound (C:\react project\x\the-karan-singh-vaidh\the-karan-singh-vaidh\server\middleware\errorMiddleware.js:2:19)
    at Layer.handleRequest (C:\react project\x\the-karan-singh-vaidh\the-karan-singh-vaidh\server\node_modules\router\lib\layer.js:152:17)
    at trimPrefix (C:\react project\x\the-karan-singh-vaidh\the-karan-singh-vaidh\server\node_modules\router\index.js:342:13)
    at C:\react project\x\the-karan-singh-vaidh\the-karan-singh-vaidh\server\node_modules\router\index.js:297:9
    at processParams (C:\react project\x\the-karan-singh-vaidh\the-karan-singh-vaidh\server\node_modules\router\index.js:582:12)
    at next (C:\react project\x\the-karan-singh-vaidh\the-karan-singh-vaidh\server\node_modules\router\index.js:291:5)
    at logger (C:\react project\x\the-karan-singh-vaidh\the-karan-singh-vaidh\server\node_modules\morgan\index.js:144:5)
    at Layer.handleRequest (C:\react project\x\the-karan-singh-vaidh\the-karan-singh-vaidh\server\node_modules\router\lib\layer.js:152:17)
    at trimPrefix (C:\react project\x\the-karan-singh-vaidh\the-karan-singh-vaidh\server\node_modules\router\index.js:342:13)
    at C:\react project\x\the-karan-singh-vaidh\the-karan-singh-vaidh\server\node_modules\router\index.js:297:9

[2026-02-20T16:27:06.155Z] 404 - Not Found - /socket.io/?EIO=4&transport=polling&t=3rsivryf
Error: Not Found - /socket.io/?EIO=4&transport=polling&t=3rsivryf
    at notFound (C:\react project\x\the-karan-singh-vaidh\the-karan-singh-vaidh\server\middleware\errorMiddleware.js:2:19)
    at Layer.handleRequest (C:\react project\x\the-karan-singh-vaidh\the-karan-singh-vaidh\server\node_modules\router\lib\layer.js:152:17)
    at trimPrefix (C:\react project\x\the-karan-singh-vaidh\the-karan-singh-vaidh\server\node_modules\router\index.js:342:13)
    at C:\react project\x\the-karan-singh-vaidh\the-karan-singh-vaidh\server\node_modules\router\index.js:297:9
    at processParams (C:\react project\x\the-karan-singh-vaidh\the-karan-singh-vaidh\server\node_modules\router\index.js:582:12)
    at next (C:\react project\x\the-karan-singh-vaidh\the-karan-singh-vaidh\server\node_modules\router\index.js:291:5)
    at logger (C:\react project\x\the-karan-singh-vaidh\the-karan-singh-vaidh\server\node_modules\morgan\index.js:144:5)
    at Layer.handleRequest (C:\react project\x\the-karan-singh-vaidh\the-karan-singh-vaidh\server\node_modules\router\lib\layer.js:152:17)
    at trimPrefix (C:\react project\x\the-karan-singh-vaidh\the-karan-singh-vaidh\server\node_modules\router\index.js:342:13)
    at C:\react project\x\the-karan-singh-vaidh\the-karan-singh-vaidh\server\node_modules\router\index.js:297:9

[2026-02-20T16:27:12.165Z] 404 - Not Found - /socket.io/?EIO=4&transport=polling&t=3rx5vta3
Error: Not Found - /socket.io/?EIO=4&transport=polling&t=3rx5vta3
    at notFound (C:\react project\x\the-karan-singh-vaidh\the-karan-singh-vaidh\server\middleware\errorMiddleware.js:2:19)
    at Layer.handleRequest (C:\react project\x\the-karan-singh-vaidh\the-karan-singh-vaidh\server\node_modules\router\lib\layer.js:152:17)
    at trimPrefix (C:\react project\x\the-karan-singh-vaidh\the-karan-singh-vaidh\server\node_modules\router\index.js:342:13)
    at C:\react project\x\the-karan-singh-vaidh\the-karan-singh-vaidh\server\node_modules\router\index.js:297:9
    at processParams (C:\react project\x\the-karan-singh-vaidh\the-karan-singh-vaidh\server\node_modules\router\index.js:582:12)
    at next (C:\react project\x\the-karan-singh-vaidh\the-karan-singh-vaidh\server\node_modules\router\index.js:291:5)
    at logger (C:\react project\x\the-karan-singh-vaidh\the-karan-singh-vaidh\server\node_modules\morgan\index.js:144:5)
    at Layer.handleRequest (C:\react project\x\the-karan-singh-vaidh\the-karan-singh-vaidh\server\node_modules\router\lib\layer.js:152:17)
    at trimPrefix (C:\react project\x\the-karan-singh-vaidh\the-karan-singh-vaidh\server\node_modules\router\index.js:342:13)
    at C:\react project\x\the-karan-singh-vaidh\the-karan-singh-vaidh\server\node_modules\router\index.js:297:9

[2026-02-20T16:27:18.155Z] 404 - Not Found - /socket.io/?EIO=4&transport=polling&t=3s1s9ybh
Error: Not Found - /socket.io/?EIO=4&transport=polling&t=3s1s9ybh
    at notFound (C:\react project\x\the-karan-singh-vaidh\the-karan-singh-vaidh\server\middleware\errorMiddleware.js:2:19)
    at Layer.handleRequest (C:\react project\x\the-karan-singh-vaidh\the-karan-singh-vaidh\server\node_modules\router\lib\layer.js:152:17)
    at trimPrefix (C:\react project\x\the-karan-singh-vaidh\the-karan-singh-vaidh\server\node_modules\router\index.js:342:13)
    at C:\react project\x\the-karan-singh-vaidh\the-karan-singh-vaidh\server\node_modules\router\index.js:297:9
    at processParams (C:\react project\x\the-karan-singh-vaidh\the-karan-singh-vaidh\server\node_modules\router\index.js:582:12)
    at next (C:\react project\x\the-karan-singh-vaidh\the-karan-singh-vaidh\server\node_modules\router\index.js:291:5)
    at logger (C:\react project\x\the-karan-singh-vaidh\the-karan-singh-vaidh\server\node_modules\morgan\index.js:144:5)
    at Layer.handleRequest (C:\react project\x\the-karan-singh-vaidh\the-karan-singh-vaidh\server\node_modules\router\lib\layer.js:152:17)
    at trimPrefix (C:\react project\x\the-karan-singh-vaidh\the-karan-singh-vaidh\server\node_modules\router\index.js:342:13)
    at C:\react project\x\the-karan-singh-vaidh\the-karan-singh-vaidh\server\node_modules\router\index.js:297:9

[2026-02-20T16:27:24.157Z] 404 - Not Found - /socket.io/?EIO=4&transport=polling&t=3s6eyqqx
Error: Not Found - /socket.io/?EIO=4&transport=polling&t=3s6eyqqx
    at notFound (C:\react project\x\the-karan-singh-vaidh\the-karan-singh-vaidh\server\middleware\errorMiddleware.js:2:19)
    at Layer.handleRequest (C:\react project\x\the-karan-singh-vaidh\the-karan-singh-vaidh\server\node_modules\router\lib\layer.js:152:17)
    at trimPrefix (C:\react project\x\the-karan-singh-vaidh\the-karan-singh-vaidh\server\node_modules\router\index.js:342:13)
    at C:\react project\x\the-karan-singh-vaidh\the-karan-singh-vaidh\server\node_modules\router\index.js:297:9
    at processParams (C:\react project\x\the-karan-singh-vaidh\the-karan-singh-vaidh\server\node_modules\router\index.js:582:12)
    at next (C:\react project\x\the-karan-singh-vaidh\the-karan-singh-vaidh\server\node_modules\router\index.js:291:5)
    at logger (C:\react project\x\the-karan-singh-vaidh\the-karan-singh-vaidh\server\node_modules\morgan\index.js:144:5)
    at Layer.handleRequest (C:\react project\x\the-karan-singh-vaidh\the-karan-singh-vaidh\server\node_modules\router\lib\layer.js:152:17)
    at trimPrefix (C:\react project\x\the-karan-singh-vaidh\the-karan-singh-vaidh\server\node_modules\router\index.js:342:13)
    at C:\react project\x\the-karan-singh-vaidh\the-karan-singh-vaidh\server\node_modules\router\index.js:297:9

[2026-02-20T16:27:27.188Z] 404 - Not Found - /api/activity/stats/699815a20e67b6e7f5f3d7fa
Error: Not Found - /api/activity/stats/699815a20e67b6e7f5f3d7fa
    at notFound (C:\react project\x\the-karan-singh-vaidh\the-karan-singh-vaidh\server\middleware\errorMiddleware.js:2:19)
    at Layer.handleRequest (C:\react project\x\the-karan-singh-vaidh\the-karan-singh-vaidh\server\node_modules\router\lib\layer.js:152:17)
    at trimPrefix (C:\react project\x\the-karan-singh-vaidh\the-karan-singh-vaidh\server\node_modules\router\index.js:342:13)
    at C:\react project\x\the-karan-singh-vaidh\the-karan-singh-vaidh\server\node_modules\router\index.js:297:9
    at processParams (C:\react project\x\the-karan-singh-vaidh\the-karan-singh-vaidh\server\node_modules\router\index.js:582:12)
    at next (C:\react project\x\the-karan-singh-vaidh\the-karan-singh-vaidh\server\node_modules\router\index.js:291:5)
    at logger (C:\react project\x\the-karan-singh-vaidh\the-karan-singh-vaidh\server\node_modules\morgan\index.js:144:5)
    at Layer.handleRequest (C:\react project\x\the-karan-singh-vaidh\the-karan-singh-vaidh\server\node_modules\router\lib\layer.js:152:17)
    at trimPrefix (C:\react project\x\the-karan-singh-vaidh\the-karan-singh-vaidh\server\node_modules\router\index.js:342:13)
    at C:\react project\x\the-karan-singh-vaidh\the-karan-singh-vaidh\server\node_modules\router\index.js:297:9

[2026-02-20T16:27:30.156Z] 404 - Not Found - /socket.io/?EIO=4&transport=polling&t=3sb1m1mn
Error: Not Found - /socket.io/?EIO=4&transport=polling&t=3sb1m1mn
    at notFound (C:\react project\x\the-karan-singh-vaidh\the-karan-singh-vaidh\server\middleware\errorMiddleware.js:2:19)
    at Layer.handleRequest (C:\react project\x\the-karan-singh-vaidh\the-karan-singh-vaidh\server\node_modules\router\lib\layer.js:152:17)
    at trimPrefix (C:\react project\x\the-karan-singh-vaidh\the-karan-singh-vaidh\server\node_modules\router\index.js:342:13)
    at C:\react project\x\the-karan-singh-vaidh\the-karan-singh-vaidh\server\node_modules\router\index.js:297:9
    at processParams (C:\react project\x\the-karan-singh-vaidh\the-karan-singh-vaidh\server\node_modules\router\index.js:582:12)
    at next (C:\react project\x\the-karan-singh-vaidh\the-karan-singh-vaidh\server\node_modules\router\index.js:291:5)
    at logger (C:\react project\x\the-karan-singh-vaidh\the-karan-singh-vaidh\server\node_modules\morgan\index.js:144:5)
    at Layer.handleRequest (C:\react project\x\the-karan-singh-vaidh\the-karan-singh-vaidh\server\node_modules\router\lib\layer.js:152:17)
    at trimPrefix (C:\react project\x\the-karan-singh-vaidh\the-karan-singh-vaidh\server\node_modules\router\index.js:342:13)
    at C:\react project\x\the-karan-singh-vaidh\the-karan-singh-vaidh\server\node_modules\router\index.js:297:9

[2026-02-20T16:27:36.152Z] 404 - Not Found - /socket.io/?EIO=4&transport=polling&t=3sfo6mmw
Error: Not Found - /socket.io/?EIO=4&transport=polling&t=3sfo6mmw
    at notFound (C:\react project\x\the-karan-singh-vaidh\the-karan-singh-vaidh\server\middleware\errorMiddleware.js:2:19)
    at Layer.handleRequest (C:\react project\x\the-karan-singh-vaidh\the-karan-singh-vaidh\server\node_modules\router\lib\layer.js:152:17)
    at trimPrefix (C:\react project\x\the-karan-singh-vaidh\the-karan-singh-vaidh\server\node_modules\router\index.js:342:13)
    at C:\react project\x\the-karan-singh-vaidh\the-karan-singh-vaidh\server\node_modules\router\index.js:297:9
    at processParams (C:\react project\x\the-karan-singh-vaidh\the-karan-singh-vaidh\server\node_modules\router\index.js:582:12)
    at next (C:\react project\x\the-karan-singh-vaidh\the-karan-singh-vaidh\server\node_modules\router\index.js:291:5)
    at logger (C:\react project\x\the-karan-singh-vaidh\the-karan-singh-vaidh\server\node_modules\morgan\index.js:144:5)
    at Layer.handleRequest (C:\react project\x\the-karan-singh-vaidh\the-karan-singh-vaidh\server\node_modules\router\lib\layer.js:152:17)
    at trimPrefix (C:\react project\x\the-karan-singh-vaidh\the-karan-singh-vaidh\server\node_modules\router\index.js:342:13)
    at C:\react project\x\the-karan-singh-vaidh\the-karan-singh-vaidh\server\node_modules\router\index.js:297:9

[2026-02-20T16:27:42.158Z] 404 - Not Found - /socket.io/?EIO=4&transport=polling&t=3skb0yj7
Error: Not Found - /socket.io/?EIO=4&transport=polling&t=3skb0yj7
    at notFound (C:\react project\x\the-karan-singh-vaidh\the-karan-singh-vaidh\server\middleware\errorMiddleware.js:2:19)
    at Layer.handleRequest (C:\react project\x\the-karan-singh-vaidh\the-karan-singh-vaidh\server\node_modules\router\lib\layer.js:152:17)
    at trimPrefix (C:\react project\x\the-karan-singh-vaidh\the-karan-singh-vaidh\server\node_modules\router\index.js:342:13)
    at C:\react project\x\the-karan-singh-vaidh\the-karan-singh-vaidh\server\node_modules\router\index.js:297:9
    at processParams (C:\react project\x\the-karan-singh-vaidh\the-karan-singh-vaidh\server\node_modules\router\index.js:582:12)
    at next (C:\react project\x\the-karan-singh-vaidh\the-karan-singh-vaidh\server\node_modules\router\index.js:291:5)
    at logger (C:\react project\x\the-karan-singh-vaidh\the-karan-singh-vaidh\server\node_modules\morgan\index.js:144:5)
    at Layer.handleRequest (C:\react project\x\the-karan-singh-vaidh\the-karan-singh-vaidh\server\node_modules\router\lib\layer.js:152:17)
    at trimPrefix (C:\react project\x\the-karan-singh-vaidh\the-karan-singh-vaidh\server\node_modules\router\index.js:342:13)
    at C:\react project\x\the-karan-singh-vaidh\the-karan-singh-vaidh\server\node_modules\router\index.js:297:9

[2026-02-20T16:27:48.161Z] 404 - Not Found - /socket.io/?EIO=4&transport=polling&t=3soxrjue
Error: Not Found - /socket.io/?EIO=4&transport=polling&t=3soxrjue
    at notFound (C:\react project\x\the-karan-singh-vaidh\the-karan-singh-vaidh\server\middleware\errorMiddleware.js:2:19)
    at Layer.handleRequest (C:\react project\x\the-karan-singh-vaidh\the-karan-singh-vaidh\server\node_modules\router\lib\layer.js:152:17)
    at trimPrefix (C:\react project\x\the-karan-singh-vaidh\the-karan-singh-vaidh\server\node_modules\router\index.js:342:13)
    at C:\react project\x\the-karan-singh-vaidh\the-karan-singh-vaidh\server\node_modules\router\index.js:297:9
    at processParams (C:\react project\x\the-karan-singh-vaidh\the-karan-singh-vaidh\server\node_modules\router\index.js:582:12)
    at next (C:\react project\x\the-karan-singh-vaidh\the-karan-singh-vaidh\server\node_modules\router\index.js:291:5)
    at logger (C:\react project\x\the-karan-singh-vaidh\the-karan-singh-vaidh\server\node_modules\morgan\index.js:144:5)
    at Layer.handleRequest (C:\react project\x\the-karan-singh-vaidh\the-karan-singh-vaidh\server\node_modules\router\lib\layer.js:152:17)
    at trimPrefix (C:\react project\x\the-karan-singh-vaidh\the-karan-singh-vaidh\server\node_modules\router\index.js:342:13)
    at C:\react project\x\the-karan-singh-vaidh\the-karan-singh-vaidh\server\node_modules\router\index.js:297:9

[2026-02-20T16:27:54.160Z] 404 - Not Found - /socket.io/?EIO=4&transport=polling&t=3stkcrlf
Error: Not Found - /socket.io/?EIO=4&transport=polling&t=3stkcrlf
    at notFound (C:\react project\x\the-karan-singh-vaidh\the-karan-singh-vaidh\server\middleware\errorMiddleware.js:2:19)
    at Layer.handleRequest (C:\react project\x\the-karan-singh-vaidh\the-karan-singh-vaidh\server\node_modules\router\lib\layer.js:152:17)
    at trimPrefix (C:\react project\x\the-karan-singh-vaidh\the-karan-singh-vaidh\server\node_modules\router\index.js:342:13)
    at C:\react project\x\the-karan-singh-vaidh\the-karan-singh-vaidh\server\node_modules\router\index.js:297:9
    at processParams (C:\react project\x\the-karan-singh-vaidh\the-karan-singh-vaidh\server\node_modules\router\index.js:582:12)
    at next (C:\react project\x\the-karan-singh-vaidh\the-karan-singh-vaidh\server\node_modules\router\index.js:291:5)
    at logger (C:\react project\x\the-karan-singh-vaidh\the-karan-singh-vaidh\server\node_modules\morgan\index.js:144:5)
    at Layer.handleRequest (C:\react project\x\the-karan-singh-vaidh\the-karan-singh-vaidh\server\node_modules\router\lib\layer.js:152:17)
    at trimPrefix (C:\react project\x\the-karan-singh-vaidh\the-karan-singh-vaidh\server\node_modules\router\index.js:342:13)
    at C:\react project\x\the-karan-singh-vaidh\the-karan-singh-vaidh\server\node_modules\router\index.js:297:9

[2026-02-20T16:28:00.157Z] 404 - Not Found - /socket.io/?EIO=4&transport=polling&t=3sy6xxiw
Error: Not Found - /socket.io/?EIO=4&transport=polling&t=3sy6xxiw
    at notFound (C:\react project\x\the-karan-singh-vaidh\the-karan-singh-vaidh\server\middleware\errorMiddleware.js:2:19)
    at Layer.handleRequest (C:\react project\x\the-karan-singh-vaidh\the-karan-singh-vaidh\server\node_modules\router\lib\layer.js:152:17)
    at trimPrefix (C:\react project\x\the-karan-singh-vaidh\the-karan-singh-vaidh\server\node_modules\router\index.js:342:13)
    at C:\react project\x\the-karan-singh-vaidh\the-karan-singh-vaidh\server\node_modules\router\index.js:297:9
    at processParams (C:\react project\x\the-karan-singh-vaidh\the-karan-singh-vaidh\server\node_modules\router\index.js:582:12)
    at next (C:\react project\x\the-karan-singh-vaidh\the-karan-singh-vaidh\server\node_modules\router\index.js:291:5)
    at logger (C:\react project\x\the-karan-singh-vaidh\the-karan-singh-vaidh\server\node_modules\morgan\index.js:144:5)
    at Layer.handleRequest (C:\react project\x\the-karan-singh-vaidh\the-karan-singh-vaidh\server\node_modules\router\lib\layer.js:152:17)
    at trimPrefix (C:\react project\x\the-karan-singh-vaidh\the-karan-singh-vaidh\server\node_modules\router\index.js:342:13)
    at C:\react project\x\the-karan-singh-vaidh\the-karan-singh-vaidh\server\node_modules\router\index.js:297:9

[2026-02-20T16:28:06.165Z] 404 - Not Found - /socket.io/?EIO=4&transport=polling&t=3t2tu2l2
Error: Not Found - /socket.io/?EIO=4&transport=polling&t=3t2tu2l2
    at notFound (C:\react project\x\the-karan-singh-vaidh\the-karan-singh-vaidh\server\middleware\errorMiddleware.js:2:19)
    at Layer.handleRequest (C:\react project\x\the-karan-singh-vaidh\the-karan-singh-vaidh\server\node_modules\router\lib\layer.js:152:17)
    at trimPrefix (C:\react project\x\the-karan-singh-vaidh\the-karan-singh-vaidh\server\node_modules\router\index.js:342:13)
    at C:\react project\x\the-karan-singh-vaidh\the-karan-singh-vaidh\server\node_modules\router\index.js:297:9
    at processParams (C:\react project\x\the-karan-singh-vaidh\the-karan-singh-vaidh\server\node_modules\router\index.js:582:12)
    at next (C:\react project\x\the-karan-singh-vaidh\the-karan-singh-vaidh\server\node_modules\router\index.js:291:5)
    at logger (C:\react project\x\the-karan-singh-vaidh\the-karan-singh-vaidh\server\node_modules\morgan\index.js:144:5)
    at Layer.handleRequest (C:\react project\x\the-karan-singh-vaidh\the-karan-singh-vaidh\server\node_modules\router\lib\layer.js:152:17)
    at trimPrefix (C:\react project\x\the-karan-singh-vaidh\the-karan-singh-vaidh\server\node_modules\router\index.js:342:13)
    at C:\react project\x\the-karan-singh-vaidh\the-karan-singh-vaidh\server\node_modules\router\index.js:297:9

[2026-02-20T16:28:12.151Z] 404 - Not Found - /socket.io/?EIO=4&transport=polling&t=3t7g4ke7
Error: Not Found - /socket.io/?EIO=4&transport=polling&t=3t7g4ke7
    at notFound (C:\react project\x\the-karan-singh-vaidh\the-karan-singh-vaidh\server\middleware\errorMiddleware.js:2:19)
    at Layer.handleRequest (C:\react project\x\the-karan-singh-vaidh\the-karan-singh-vaidh\server\node_modules\router\lib\layer.js:152:17)
    at trimPrefix (C:\react project\x\the-karan-singh-vaidh\the-karan-singh-vaidh\server\node_modules\router\index.js:342:13)
    at C:\react project\x\the-karan-singh-vaidh\the-karan-singh-vaidh\server\node_modules\router\index.js:297:9
    at processParams (C:\react project\x\the-karan-singh-vaidh\the-karan-singh-vaidh\server\node_modules\router\index.js:582:12)
    at next (C:\react project\x\the-karan-singh-vaidh\the-karan-singh-vaidh\server\node_modules\router\index.js:291:5)
    at logger (C:\react project\x\the-karan-singh-vaidh\the-karan-singh-vaidh\server\node_modules\morgan\index.js:144:5)
    at Layer.handleRequest (C:\react project\x\the-karan-singh-vaidh\the-karan-singh-vaidh\server\node_modules\router\lib\layer.js:152:17)
    at trimPrefix (C:\react project\x\the-karan-singh-vaidh\the-karan-singh-vaidh\server\node_modules\router\index.js:342:13)
    at C:\react project\x\the-karan-singh-vaidh\the-karan-singh-vaidh\server\node_modules\router\index.js:297:9

[2026-02-20T16:28:18.150Z] 404 - Not Found - /socket.io/?EIO=4&transport=polling&t=3tc2smw0
Error: Not Found - /socket.io/?EIO=4&transport=polling&t=3tc2smw0
    at notFound (C:\react project\x\the-karan-singh-vaidh\the-karan-singh-vaidh\server\middleware\errorMiddleware.js:2:19)
    at Layer.handleRequest (C:\react project\x\the-karan-singh-vaidh\the-karan-singh-vaidh\server\node_modules\router\lib\layer.js:152:17)
    at trimPrefix (C:\react project\x\the-karan-singh-vaidh\the-karan-singh-vaidh\server\node_modules\router\index.js:342:13)
    at C:\react project\x\the-karan-singh-vaidh\the-karan-singh-vaidh\server\node_modules\router\index.js:297:9
    at processParams (C:\react project\x\the-karan-singh-vaidh\the-karan-singh-vaidh\server\node_modules\router\index.js:582:12)
    at next (C:\react project\x\the-karan-singh-vaidh\the-karan-singh-vaidh\server\node_modules\router\index.js:291:5)
    at logger (C:\react project\x\the-karan-singh-vaidh\the-karan-singh-vaidh\server\node_modules\morgan\index.js:144:5)
    at Layer.handleRequest (C:\react project\x\the-karan-singh-vaidh\the-karan-singh-vaidh\server\node_modules\router\lib\layer.js:152:17)
    at trimPrefix (C:\react project\x\the-karan-singh-vaidh\the-karan-singh-vaidh\server\node_modules\router\index.js:342:13)
    at C:\react project\x\the-karan-singh-vaidh\the-karan-singh-vaidh\server\node_modules\router\index.js:297:9

[2026-02-20T16:28:24.156Z] 404 - Not Found - /socket.io/?EIO=4&transport=polling&t=3tgplb2j
Error: Not Found - /socket.io/?EIO=4&transport=polling&t=3tgplb2j
    at notFound (C:\react project\x\the-karan-singh-vaidh\the-karan-singh-vaidh\server\middleware\errorMiddleware.js:2:19)
    at Layer.handleRequest (C:\react project\x\the-karan-singh-vaidh\the-karan-singh-vaidh\server\node_modules\router\lib\layer.js:152:17)
    at trimPrefix (C:\react project\x\the-karan-singh-vaidh\the-karan-singh-vaidh\server\node_modules\router\index.js:342:13)
    at C:\react project\x\the-karan-singh-vaidh\the-karan-singh-vaidh\server\node_modules\router\index.js:297:9
    at processParams (C:\react project\x\the-karan-singh-vaidh\the-karan-singh-vaidh\server\node_modules\router\index.js:582:12)
    at next (C:\react project\x\the-karan-singh-vaidh\the-karan-singh-vaidh\server\node_modules\router\index.js:291:5)
    at logger (C:\react project\x\the-karan-singh-vaidh\the-karan-singh-vaidh\server\node_modules\morgan\index.js:144:5)
    at Layer.handleRequest (C:\react project\x\the-karan-singh-vaidh\the-karan-singh-vaidh\server\node_modules\router\lib\layer.js:152:17)
    at trimPrefix (C:\react project\x\the-karan-singh-vaidh\the-karan-singh-vaidh\server\node_modules\router\index.js:342:13)
    at C:\react project\x\the-karan-singh-vaidh\the-karan-singh-vaidh\server\node_modules\router\index.js:297:9

[2026-02-20T16:28:27.169Z] 404 - Not Found - /api/activity/stats/699815a20e67b6e7f5f3d7fa
Error: Not Found - /api/activity/stats/699815a20e67b6e7f5f3d7fa
    at notFound (C:\react project\x\the-karan-singh-vaidh\the-karan-singh-vaidh\server\middleware\errorMiddleware.js:2:19)
    at Layer.handleRequest (C:\react project\x\the-karan-singh-vaidh\the-karan-singh-vaidh\server\node_modules\router\lib\layer.js:152:17)
    at trimPrefix (C:\react project\x\the-karan-singh-vaidh\the-karan-singh-vaidh\server\node_modules\router\index.js:342:13)
    at C:\react project\x\the-karan-singh-vaidh\the-karan-singh-vaidh\server\node_modules\router\index.js:297:9
    at processParams (C:\react project\x\the-karan-singh-vaidh\the-karan-singh-vaidh\server\node_modules\router\index.js:582:12)
    at next (C:\react project\x\the-karan-singh-vaidh\the-karan-singh-vaidh\server\node_modules\router\index.js:291:5)
    at logger (C:\react project\x\the-karan-singh-vaidh\the-karan-singh-vaidh\server\node_modules\morgan\index.js:144:5)
    at Layer.handleRequest (C:\react project\x\the-karan-singh-vaidh\the-karan-singh-vaidh\server\node_modules\router\lib\layer.js:152:17)
    at trimPrefix (C:\react project\x\the-karan-singh-vaidh\the-karan-singh-vaidh\server\node_modules\router\index.js:342:13)
    at C:\react project\x\the-karan-singh-vaidh\the-karan-singh-vaidh\server\node_modules\router\index.js:297:9

[2026-02-20T16:28:30.159Z] 404 - Not Found - /socket.io/?EIO=4&transport=polling&t=3tlcdrzz
Error: Not Found - /socket.io/?EIO=4&transport=polling&t=3tlcdrzz
    at notFound (C:\react project\x\the-karan-singh-vaidh\the-karan-singh-vaidh\server\middleware\errorMiddleware.js:2:19)
    at Layer.handleRequest (C:\react project\x\the-karan-singh-vaidh\the-karan-singh-vaidh\server\node_modules\router\lib\layer.js:152:17)
    at trimPrefix (C:\react project\x\the-karan-singh-vaidh\the-karan-singh-vaidh\server\node_modules\router\index.js:342:13)
    at C:\react project\x\the-karan-singh-vaidh\the-karan-singh-vaidh\server\node_modules\router\index.js:297:9
    at processParams (C:\react project\x\the-karan-singh-vaidh\the-karan-singh-vaidh\server\node_modules\router\index.js:582:12)
    at next (C:\react project\x\the-karan-singh-vaidh\the-karan-singh-vaidh\server\node_modules\router\index.js:291:5)
    at logger (C:\react project\x\the-karan-singh-vaidh\the-karan-singh-vaidh\server\node_modules\morgan\index.js:144:5)
    at Layer.handleRequest (C:\react project\x\the-karan-singh-vaidh\the-karan-singh-vaidh\server\node_modules\router\lib\layer.js:152:17)
    at trimPrefix (C:\react project\x\the-karan-singh-vaidh\the-karan-singh-vaidh\server\node_modules\router\index.js:342:13)
    at C:\react project\x\the-karan-singh-vaidh\the-karan-singh-vaidh\server\node_modules\router\index.js:297:9

[2026-02-20T16:28:36.157Z] 404 - Not Found - /socket.io/?EIO=4&transport=polling&t=3tpyz18i
Error: Not Found - /socket.io/?EIO=4&transport=polling&t=3tpyz18i
    at notFound (C:\react project\x\the-karan-singh-vaidh\the-karan-singh-vaidh\server\middleware\errorMiddleware.js:2:19)
    at Layer.handleRequest (C:\react project\x\the-karan-singh-vaidh\the-karan-singh-vaidh\server\node_modules\router\lib\layer.js:152:17)
    at trimPrefix (C:\react project\x\the-karan-singh-vaidh\the-karan-singh-vaidh\server\node_modules\router\index.js:342:13)
    at C:\react project\x\the-karan-singh-vaidh\the-karan-singh-vaidh\server\node_modules\router\index.js:297:9
    at processParams (C:\react project\x\the-karan-singh-vaidh\the-karan-singh-vaidh\server\node_modules\router\index.js:582:12)
    at next (C:\react project\x\the-karan-singh-vaidh\the-karan-singh-vaidh\server\node_modules\router\index.js:291:5)
    at logger (C:\react project\x\the-karan-singh-vaidh\the-karan-singh-vaidh\server\node_modules\morgan\index.js:144:5)
    at Layer.handleRequest (C:\react project\x\the-karan-singh-vaidh\the-karan-singh-vaidh\server\node_modules\router\lib\layer.js:152:17)
    at trimPrefix (C:\react project\x\the-karan-singh-vaidh\the-karan-singh-vaidh\server\node_modules\router\index.js:342:13)
    at C:\react project\x\the-karan-singh-vaidh\the-karan-singh-vaidh\server\node_modules\router\index.js:297:9

[2026-02-20T16:28:42.154Z] 404 - Not Found - /socket.io/?EIO=4&transport=polling&t=3tulkcbf
Error: Not Found - /socket.io/?EIO=4&transport=polling&t=3tulkcbf
    at notFound (C:\react project\x\the-karan-singh-vaidh\the-karan-singh-vaidh\server\middleware\errorMiddleware.js:2:19)
    at Layer.handleRequest (C:\react project\x\the-karan-singh-vaidh\the-karan-singh-vaidh\server\node_modules\router\lib\layer.js:152:17)
    at trimPrefix (C:\react project\x\the-karan-singh-vaidh\the-karan-singh-vaidh\server\node_modules\router\index.js:342:13)
    at C:\react project\x\the-karan-singh-vaidh\the-karan-singh-vaidh\server\node_modules\router\index.js:297:9
    at processParams (C:\react project\x\the-karan-singh-vaidh\the-karan-singh-vaidh\server\node_modules\router\index.js:582:12)
    at next (C:\react project\x\the-karan-singh-vaidh\the-karan-singh-vaidh\server\node_modules\router\index.js:291:5)
    at logger (C:\react project\x\the-karan-singh-vaidh\the-karan-singh-vaidh\server\node_modules\morgan\index.js:144:5)
    at Layer.handleRequest (C:\react project\x\the-karan-singh-vaidh\the-karan-singh-vaidh\server\node_modules\router\lib\layer.js:152:17)
    at trimPrefix (C:\react project\x\the-karan-singh-vaidh\the-karan-singh-vaidh\server\node_modules\router\index.js:342:13)
    at C:\react project\x\the-karan-singh-vaidh\the-karan-singh-vaidh\server\node_modules\router\index.js:297:9

[2026-02-20T16:28:48.251Z] 404 - Not Found - /socket.io/?EIO=4&transport=polling&t=3tz8bva1
Error: Not Found - /socket.io/?EIO=4&transport=polling&t=3tz8bva1
    at notFound (C:\react project\x\the-karan-singh-vaidh\the-karan-singh-vaidh\server\middleware\errorMiddleware.js:2:19)
    at Layer.handleRequest (C:\react project\x\the-karan-singh-vaidh\the-karan-singh-vaidh\server\node_modules\router\lib\layer.js:152:17)
    at trimPrefix (C:\react project\x\the-karan-singh-vaidh\the-karan-singh-vaidh\server\node_modules\router\index.js:342:13)
    at C:\react project\x\the-karan-singh-vaidh\the-karan-singh-vaidh\server\node_modules\router\index.js:297:9
    at processParams (C:\react project\x\the-karan-singh-vaidh\the-karan-singh-vaidh\server\node_modules\router\index.js:582:12)
    at next (C:\react project\x\the-karan-singh-vaidh\the-karan-singh-vaidh\server\node_modules\router\index.js:291:5)
    at logger (C:\react project\x\the-karan-singh-vaidh\the-karan-singh-vaidh\server\node_modules\morgan\index.js:144:5)
    at Layer.handleRequest (C:\react project\x\the-karan-singh-vaidh\the-karan-singh-vaidh\server\node_modules\router\lib\layer.js:152:17)
    at trimPrefix (C:\react project\x\the-karan-singh-vaidh\the-karan-singh-vaidh\server\node_modules\router\index.js:342:13)
    at C:\react project\x\the-karan-singh-vaidh\the-karan-singh-vaidh\server\node_modules\router\index.js:297:9

[2026-02-20T16:28:54.158Z] 404 - Not Found - /socket.io/?EIO=4&transport=polling&t=3u3v1443
Error: Not Found - /socket.io/?EIO=4&transport=polling&t=3u3v1443
    at notFound (C:\react project\x\the-karan-singh-vaidh\the-karan-singh-vaidh\server\middleware\errorMiddleware.js:2:19)
    at Layer.handleRequest (C:\react project\x\the-karan-singh-vaidh\the-karan-singh-vaidh\server\node_modules\router\lib\layer.js:152:17)
    at trimPrefix (C:\react project\x\the-karan-singh-vaidh\the-karan-singh-vaidh\server\node_modules\router\index.js:342:13)
    at C:\react project\x\the-karan-singh-vaidh\the-karan-singh-vaidh\server\node_modules\router\index.js:297:9
    at processParams (C:\react project\x\the-karan-singh-vaidh\the-karan-singh-vaidh\server\node_modules\router\index.js:582:12)
    at next (C:\react project\x\the-karan-singh-vaidh\the-karan-singh-vaidh\server\node_modules\router\index.js:291:5)
    at logger (C:\react project\x\the-karan-singh-vaidh\the-karan-singh-vaidh\server\node_modules\morgan\index.js:144:5)
    at Layer.handleRequest (C:\react project\x\the-karan-singh-vaidh\the-karan-singh-vaidh\server\node_modules\router\lib\layer.js:152:17)
    at trimPrefix (C:\react project\x\the-karan-singh-vaidh\the-karan-singh-vaidh\server\node_modules\router\index.js:342:13)
    at C:\react project\x\the-karan-singh-vaidh\the-karan-singh-vaidh\server\node_modules\router\index.js:297:9

[2026-02-20T16:29:00.160Z] 404 - Not Found - /socket.io/?EIO=4&transport=polling&t=3u8hrx02
Error: Not Found - /socket.io/?EIO=4&transport=polling&t=3u8hrx02
    at notFound (C:\react project\x\the-karan-singh-vaidh\the-karan-singh-vaidh\server\middleware\errorMiddleware.js:2:19)
    at Layer.handleRequest (C:\react project\x\the-karan-singh-vaidh\the-karan-singh-vaidh\server\node_modules\router\lib\layer.js:152:17)
    at trimPrefix (C:\react project\x\the-karan-singh-vaidh\the-karan-singh-vaidh\server\node_modules\router\index.js:342:13)
    at C:\react project\x\the-karan-singh-vaidh\the-karan-singh-vaidh\server\node_modules\router\index.js:297:9
    at processParams (C:\react project\x\the-karan-singh-vaidh\the-karan-singh-vaidh\server\node_modules\router\index.js:582:12)
    at next (C:\react project\x\the-karan-singh-vaidh\the-karan-singh-vaidh\server\node_modules\router\index.js:291:5)
    at logger (C:\react project\x\the-karan-singh-vaidh\the-karan-singh-vaidh\server\node_modules\morgan\index.js:144:5)
    at Layer.handleRequest (C:\react project\x\the-karan-singh-vaidh\the-karan-singh-vaidh\server\node_modules\router\lib\layer.js:152:17)
    at trimPrefix (C:\react project\x\the-karan-singh-vaidh\the-karan-singh-vaidh\server\node_modules\router\index.js:342:13)
    at C:\react project\x\the-karan-singh-vaidh\the-karan-singh-vaidh\server\node_modules\router\index.js:297:9

[2026-02-20T16:29:06.163Z] 404 - Not Found - /socket.io/?EIO=4&transport=polling&t=3ud4ga8e
Error: Not Found - /socket.io/?EIO=4&transport=polling&t=3ud4ga8e
    at notFound (C:\react project\x\the-karan-singh-vaidh\the-karan-singh-vaidh\server\middleware\errorMiddleware.js:2:19)
    at Layer.handleRequest (C:\react project\x\the-karan-singh-vaidh\the-karan-singh-vaidh\server\node_modules\router\lib\layer.js:152:17)
    at trimPrefix (C:\react project\x\the-karan-singh-vaidh\the-karan-singh-vaidh\server\node_modules\router\index.js:342:13)
    at C:\react project\x\the-karan-singh-vaidh\the-karan-singh-vaidh\server\node_modules\router\index.js:297:9
    at processParams (C:\react project\x\the-karan-singh-vaidh\the-karan-singh-vaidh\server\node_modules\router\index.js:582:12)
    at next (C:\react project\x\the-karan-singh-vaidh\the-karan-singh-vaidh\server\node_modules\router\index.js:291:5)
    at logger (C:\react project\x\the-karan-singh-vaidh\the-karan-singh-vaidh\server\node_modules\morgan\index.js:144:5)
    at Layer.handleRequest (C:\react project\x\the-karan-singh-vaidh\the-karan-singh-vaidh\server\node_modules\router\lib\layer.js:152:17)
    at trimPrefix (C:\react project\x\the-karan-singh-vaidh\the-karan-singh-vaidh\server\node_modules\router\index.js:342:13)
    at C:\react project\x\the-karan-singh-vaidh\the-karan-singh-vaidh\server\node_modules\router\index.js:297:9

[2026-02-20T16:29:12.156Z] 404 - Not Found - /socket.io/?EIO=4&transport=polling&t=3uhqzyje
Error: Not Found - /socket.io/?EIO=4&transport=polling&t=3uhqzyje
    at notFound (C:\react project\x\the-karan-singh-vaidh\the-karan-singh-vaidh\server\middleware\errorMiddleware.js:2:19)
    at Layer.handleRequest (C:\react project\x\the-karan-singh-vaidh\the-karan-singh-vaidh\server\node_modules\router\lib\layer.js:152:17)
    at trimPrefix (C:\react project\x\the-karan-singh-vaidh\the-karan-singh-vaidh\server\node_modules\router\index.js:342:13)
    at C:\react project\x\the-karan-singh-vaidh\the-karan-singh-vaidh\server\node_modules\router\index.js:297:9
    at processParams (C:\react project\x\the-karan-singh-vaidh\the-karan-singh-vaidh\server\node_modules\router\index.js:582:12)
    at next (C:\react project\x\the-karan-singh-vaidh\the-karan-singh-vaidh\server\node_modules\router\index.js:291:5)
    at logger (C:\react project\x\the-karan-singh-vaidh\the-karan-singh-vaidh\server\node_modules\morgan\index.js:144:5)
    at Layer.handleRequest (C:\react project\x\the-karan-singh-vaidh\the-karan-singh-vaidh\server\node_modules\router\lib\layer.js:152:17)
    at trimPrefix (C:\react project\x\the-karan-singh-vaidh\the-karan-singh-vaidh\server\node_modules\router\index.js:342:13)
    at C:\react project\x\the-karan-singh-vaidh\the-karan-singh-vaidh\server\node_modules\router\index.js:297:9

[2026-02-20T16:29:18.156Z] 404 - Not Found - /socket.io/?EIO=4&transport=polling&t=3umdkgiz
Error: Not Found - /socket.io/?EIO=4&transport=polling&t=3umdkgiz
    at notFound (C:\react project\x\the-karan-singh-vaidh\the-karan-singh-vaidh\server\middleware\errorMiddleware.js:2:19)
    at Layer.handleRequest (C:\react project\x\the-karan-singh-vaidh\the-karan-singh-vaidh\server\node_modules\router\lib\layer.js:152:17)
    at trimPrefix (C:\react project\x\the-karan-singh-vaidh\the-karan-singh-vaidh\server\node_modules\router\index.js:342:13)
    at C:\react project\x\the-karan-singh-vaidh\the-karan-singh-vaidh\server\node_modules\router\index.js:297:9
    at processParams (C:\react project\x\the-karan-singh-vaidh\the-karan-singh-vaidh\server\node_modules\router\index.js:582:12)
    at next (C:\react project\x\the-karan-singh-vaidh\the-karan-singh-vaidh\server\node_modules\router\index.js:291:5)
    at logger (C:\react project\x\the-karan-singh-vaidh\the-karan-singh-vaidh\server\node_modules\morgan\index.js:144:5)
    at Layer.handleRequest (C:\react project\x\the-karan-singh-vaidh\the-karan-singh-vaidh\server\node_modules\router\lib\layer.js:152:17)
    at trimPrefix (C:\react project\x\the-karan-singh-vaidh\the-karan-singh-vaidh\server\node_modules\router\index.js:342:13)
    at C:\react project\x\the-karan-singh-vaidh\the-karan-singh-vaidh\server\node_modules\router\index.js:297:9

[2026-02-20T16:29:24.164Z] 404 - Not Found - /socket.io/?EIO=4&transport=polling&t=3ur0gi58
Error: Not Found - /socket.io/?EIO=4&transport=polling&t=3ur0gi58
    at notFound (C:\react project\x\the-karan-singh-vaidh\the-karan-singh-vaidh\server\middleware\errorMiddleware.js:2:19)
    at Layer.handleRequest (C:\react project\x\the-karan-singh-vaidh\the-karan-singh-vaidh\server\node_modules\router\lib\layer.js:152:17)
    at trimPrefix (C:\react project\x\the-karan-singh-vaidh\the-karan-singh-vaidh\server\node_modules\router\index.js:342:13)
    at C:\react project\x\the-karan-singh-vaidh\the-karan-singh-vaidh\server\node_modules\router\index.js:297:9
    at processParams (C:\react project\x\the-karan-singh-vaidh\the-karan-singh-vaidh\server\node_modules\router\index.js:582:12)
    at next (C:\react project\x\the-karan-singh-vaidh\the-karan-singh-vaidh\server\node_modules\router\index.js:291:5)
    at logger (C:\react project\x\the-karan-singh-vaidh\the-karan-singh-vaidh\server\node_modules\morgan\index.js:144:5)
    at Layer.handleRequest (C:\react project\x\the-karan-singh-vaidh\the-karan-singh-vaidh\server\node_modules\router\lib\layer.js:152:17)
    at trimPrefix (C:\react project\x\the-karan-singh-vaidh\the-karan-singh-vaidh\server\node_modules\router\index.js:342:13)
    at C:\react project\x\the-karan-singh-vaidh\the-karan-singh-vaidh\server\node_modules\router\index.js:297:9

[2026-02-20T16:29:27.196Z] 404 - Not Found - /api/activity/stats/699815a20e67b6e7f5f3d7fa
Error: Not Found - /api/activity/stats/699815a20e67b6e7f5f3d7fa
    at notFound (C:\react project\x\the-karan-singh-vaidh\the-karan-singh-vaidh\server\middleware\errorMiddleware.js:2:19)
    at Layer.handleRequest (C:\react project\x\the-karan-singh-vaidh\the-karan-singh-vaidh\server\node_modules\router\lib\layer.js:152:17)
    at trimPrefix (C:\react project\x\the-karan-singh-vaidh\the-karan-singh-vaidh\server\node_modules\router\index.js:342:13)
    at C:\react project\x\the-karan-singh-vaidh\the-karan-singh-vaidh\server\node_modules\router\index.js:297:9
    at processParams (C:\react project\x\the-karan-singh-vaidh\the-karan-singh-vaidh\server\node_modules\router\index.js:582:12)
    at next (C:\react project\x\the-karan-singh-vaidh\the-karan-singh-vaidh\server\node_modules\router\index.js:291:5)
    at logger (C:\react project\x\the-karan-singh-vaidh\the-karan-singh-vaidh\server\node_modules\morgan\index.js:144:5)
    at Layer.handleRequest (C:\react project\x\the-karan-singh-vaidh\the-karan-singh-vaidh\server\node_modules\router\lib\layer.js:152:17)
    at trimPrefix (C:\react project\x\the-karan-singh-vaidh\the-karan-singh-vaidh\server\node_modules\router\index.js:342:13)
    at C:\react project\x\the-karan-singh-vaidh\the-karan-singh-vaidh\server\node_modules\router\index.js:297:9

[2026-02-20T16:29:30.155Z] 404 - Not Found - /socket.io/?EIO=4&transport=polling&t=3uvmy1dx
Error: Not Found - /socket.io/?EIO=4&transport=polling&t=3uvmy1dx
    at notFound (C:\react project\x\the-karan-singh-vaidh\the-karan-singh-vaidh\server\middleware\errorMiddleware.js:2:19)
    at Layer.handleRequest (C:\react project\x\the-karan-singh-vaidh\the-karan-singh-vaidh\server\node_modules\router\lib\layer.js:152:17)
    at trimPrefix (C:\react project\x\the-karan-singh-vaidh\the-karan-singh-vaidh\server\node_modules\router\index.js:342:13)
    at C:\react project\x\the-karan-singh-vaidh\the-karan-singh-vaidh\server\node_modules\router\index.js:297:9
    at processParams (C:\react project\x\the-karan-singh-vaidh\the-karan-singh-vaidh\server\node_modules\router\index.js:582:12)
    at next (C:\react project\x\the-karan-singh-vaidh\the-karan-singh-vaidh\server\node_modules\router\index.js:291:5)
    at logger (C:\react project\x\the-karan-singh-vaidh\the-karan-singh-vaidh\server\node_modules\morgan\index.js:144:5)
    at Layer.handleRequest (C:\react project\x\the-karan-singh-vaidh\the-karan-singh-vaidh\server\node_modules\router\lib\layer.js:152:17)
    at trimPrefix (C:\react project\x\the-karan-singh-vaidh\the-karan-singh-vaidh\server\node_modules\router\index.js:342:13)
    at C:\react project\x\the-karan-singh-vaidh\the-karan-singh-vaidh\server\node_modules\router\index.js:297:9

[2026-02-20T16:29:36.153Z] 404 - Not Found - /socket.io/?EIO=4&transport=polling&t=3v09imjd
Error: Not Found - /socket.io/?EIO=4&transport=polling&t=3v09imjd
    at notFound (C:\react project\x\the-karan-singh-vaidh\the-karan-singh-vaidh\server\middleware\errorMiddleware.js:2:19)
    at Layer.handleRequest (C:\react project\x\the-karan-singh-vaidh\the-karan-singh-vaidh\server\node_modules\router\lib\layer.js:152:17)
    at trimPrefix (C:\react project\x\the-karan-singh-vaidh\the-karan-singh-vaidh\server\node_modules\router\index.js:342:13)
    at C:\react project\x\the-karan-singh-vaidh\the-karan-singh-vaidh\server\node_modules\router\index.js:297:9
    at processParams (C:\react project\x\the-karan-singh-vaidh\the-karan-singh-vaidh\server\node_modules\router\index.js:582:12)
    at next (C:\react project\x\the-karan-singh-vaidh\the-karan-singh-vaidh\server\node_modules\router\index.js:291:5)
    at logger (C:\react project\x\the-karan-singh-vaidh\the-karan-singh-vaidh\server\node_modules\morgan\index.js:144:5)
    at Layer.handleRequest (C:\react project\x\the-karan-singh-vaidh\the-karan-singh-vaidh\server\node_modules\router\lib\layer.js:152:17)
    at trimPrefix (C:\react project\x\the-karan-singh-vaidh\the-karan-singh-vaidh\server\node_modules\router\index.js:342:13)
    at C:\react project\x\the-karan-singh-vaidh\the-karan-singh-vaidh\server\node_modules\router\index.js:297:9

[2026-02-20T16:29:42.161Z] 404 - Not Found - /socket.io/?EIO=4&transport=polling&t=3v4wei2c
Error: Not Found - /socket.io/?EIO=4&transport=polling&t=3v4wei2c
    at notFound (C:\react project\x\the-karan-singh-vaidh\the-karan-singh-vaidh\server\middleware\errorMiddleware.js:2:19)
    at Layer.handleRequest (C:\react project\x\the-karan-singh-vaidh\the-karan-singh-vaidh\server\node_modules\router\lib\layer.js:152:17)
    at trimPrefix (C:\react project\x\the-karan-singh-vaidh\the-karan-singh-vaidh\server\node_modules\router\index.js:342:13)
    at C:\react project\x\the-karan-singh-vaidh\the-karan-singh-vaidh\server\node_modules\router\index.js:297:9
    at processParams (C:\react project\x\the-karan-singh-vaidh\the-karan-singh-vaidh\server\node_modules\router\index.js:582:12)
    at next (C:\react project\x\the-karan-singh-vaidh\the-karan-singh-vaidh\server\node_modules\router\index.js:291:5)
    at logger (C:\react project\x\the-karan-singh-vaidh\the-karan-singh-vaidh\server\node_modules\morgan\index.js:144:5)
    at Layer.handleRequest (C:\react project\x\the-karan-singh-vaidh\the-karan-singh-vaidh\server\node_modules\router\lib\layer.js:152:17)
    at trimPrefix (C:\react project\x\the-karan-singh-vaidh\the-karan-singh-vaidh\server\node_modules\router\index.js:342:13)
    at C:\react project\x\the-karan-singh-vaidh\the-karan-singh-vaidh\server\node_modules\router\index.js:297:9

[2026-02-20T16:29:48.158Z] 404 - Not Found - /socket.io/?EIO=4&transport=polling&t=3v9izw0x
Error: Not Found - /socket.io/?EIO=4&transport=polling&t=3v9izw0x
    at notFound (C:\react project\x\the-karan-singh-vaidh\the-karan-singh-vaidh\server\middleware\errorMiddleware.js:2:19)
    at Layer.handleRequest (C:\react project\x\the-karan-singh-vaidh\the-karan-singh-vaidh\server\node_modules\router\lib\layer.js:152:17)
    at trimPrefix (C:\react project\x\the-karan-singh-vaidh\the-karan-singh-vaidh\server\node_modules\router\index.js:342:13)
    at C:\react project\x\the-karan-singh-vaidh\the-karan-singh-vaidh\server\node_modules\router\index.js:297:9
    at processParams (C:\react project\x\the-karan-singh-vaidh\the-karan-singh-vaidh\server\node_modules\router\index.js:582:12)
    at next (C:\react project\x\the-karan-singh-vaidh\the-karan-singh-vaidh\server\node_modules\router\index.js:291:5)
    at logger (C:\react project\x\the-karan-singh-vaidh\the-karan-singh-vaidh\server\node_modules\morgan\index.js:144:5)
    at Layer.handleRequest (C:\react project\x\the-karan-singh-vaidh\the-karan-singh-vaidh\server\node_modules\router\lib\layer.js:152:17)
    at trimPrefix (C:\react project\x\the-karan-singh-vaidh\the-karan-singh-vaidh\server\node_modules\router\index.js:342:13)
    at C:\react project\x\the-karan-singh-vaidh\the-karan-singh-vaidh\server\node_modules\router\index.js:297:9

[2026-02-20T16:29:54.155Z] 404 - Not Found - /socket.io/?EIO=4&transport=polling&t=3ve5ldvw
Error: Not Found - /socket.io/?EIO=4&transport=polling&t=3ve5ldvw
    at notFound (C:\react project\x\the-karan-singh-vaidh\the-karan-singh-vaidh\server\middleware\errorMiddleware.js:2:19)
    at Layer.handleRequest (C:\react project\x\the-karan-singh-vaidh\the-karan-singh-vaidh\server\node_modules\router\lib\layer.js:152:17)
    at trimPrefix (C:\react project\x\the-karan-singh-vaidh\the-karan-singh-vaidh\server\node_modules\router\index.js:342:13)
    at C:\react project\x\the-karan-singh-vaidh\the-karan-singh-vaidh\server\node_modules\router\index.js:297:9
    at processParams (C:\react project\x\the-karan-singh-vaidh\the-karan-singh-vaidh\server\node_modules\router\index.js:582:12)
    at next (C:\react project\x\the-karan-singh-vaidh\the-karan-singh-vaidh\server\node_modules\router\index.js:291:5)
    at logger (C:\react project\x\the-karan-singh-vaidh\the-karan-singh-vaidh\server\node_modules\morgan\index.js:144:5)
    at Layer.handleRequest (C:\react project\x\the-karan-singh-vaidh\the-karan-singh-vaidh\server\node_modules\router\lib\layer.js:152:17)
    at trimPrefix (C:\react project\x\the-karan-singh-vaidh\the-karan-singh-vaidh\server\node_modules\router\index.js:342:13)
    at C:\react project\x\the-karan-singh-vaidh\the-karan-singh-vaidh\server\node_modules\router\index.js:297:9

[2026-02-20T16:30:00.165Z] 404 - Not Found - /socket.io/?EIO=4&transport=polling&t=3visickd
Error: Not Found - /socket.io/?EIO=4&transport=polling&t=3visickd
    at notFound (C:\react project\x\the-karan-singh-vaidh\the-karan-singh-vaidh\server\middleware\errorMiddleware.js:2:19)
    at Layer.handleRequest (C:\react project\x\the-karan-singh-vaidh\the-karan-singh-vaidh\server\node_modules\router\lib\layer.js:152:17)
    at trimPrefix (C:\react project\x\the-karan-singh-vaidh\the-karan-singh-vaidh\server\node_modules\router\index.js:342:13)
    at C:\react project\x\the-karan-singh-vaidh\the-karan-singh-vaidh\server\node_modules\router\index.js:297:9
    at processParams (C:\react project\x\the-karan-singh-vaidh\the-karan-singh-vaidh\server\node_modules\router\index.js:582:12)
    at next (C:\react project\x\the-karan-singh-vaidh\the-karan-singh-vaidh\server\node_modules\router\index.js:291:5)
    at logger (C:\react project\x\the-karan-singh-vaidh\the-karan-singh-vaidh\server\node_modules\morgan\index.js:144:5)
    at Layer.handleRequest (C:\react project\x\the-karan-singh-vaidh\the-karan-singh-vaidh\server\node_modules\router\lib\layer.js:152:17)
    at trimPrefix (C:\react project\x\the-karan-singh-vaidh\the-karan-singh-vaidh\server\node_modules\router\index.js:342:13)
    at C:\react project\x\the-karan-singh-vaidh\the-karan-singh-vaidh\server\node_modules\router\index.js:297:9

[2026-02-20T16:30:06.160Z] 404 - Not Found - /socket.io/?EIO=4&transport=polling&t=3vnf0x81
Error: Not Found - /socket.io/?EIO=4&transport=polling&t=3vnf0x81
    at notFound (C:\react project\x\the-karan-singh-vaidh\the-karan-singh-vaidh\server\middleware\errorMiddleware.js:2:19)
    at Layer.handleRequest (C:\react project\x\the-karan-singh-vaidh\the-karan-singh-vaidh\server\node_modules\router\lib\layer.js:152:17)
    at trimPrefix (C:\react project\x\the-karan-singh-vaidh\the-karan-singh-vaidh\server\node_modules\router\index.js:342:13)
    at C:\react project\x\the-karan-singh-vaidh\the-karan-singh-vaidh\server\node_modules\router\index.js:297:9
    at processParams (C:\react project\x\the-karan-singh-vaidh\the-karan-singh-vaidh\server\node_modules\router\index.js:582:12)
    at next (C:\react project\x\the-karan-singh-vaidh\the-karan-singh-vaidh\server\node_modules\router\index.js:291:5)
    at logger (C:\react project\x\the-karan-singh-vaidh\the-karan-singh-vaidh\server\node_modules\morgan\index.js:144:5)
    at Layer.handleRequest (C:\react project\x\the-karan-singh-vaidh\the-karan-singh-vaidh\server\node_modules\router\lib\layer.js:152:17)
    at trimPrefix (C:\react project\x\the-karan-singh-vaidh\the-karan-singh-vaidh\server\node_modules\router\index.js:342:13)
    at C:\react project\x\the-karan-singh-vaidh\the-karan-singh-vaidh\server\node_modules\router\index.js:297:9

[2026-02-20T16:30:12.159Z] 404 - Not Found - /socket.io/?EIO=4&transport=polling&t=3vs1ouhs
Error: Not Found - /socket.io/?EIO=4&transport=polling&t=3vs1ouhs
    at notFound (C:\react project\x\the-karan-singh-vaidh\the-karan-singh-vaidh\server\middleware\errorMiddleware.js:2:19)
    at Layer.handleRequest (C:\react project\x\the-karan-singh-vaidh\the-karan-singh-vaidh\server\node_modules\router\lib\layer.js:152:17)
    at trimPrefix (C:\react project\x\the-karan-singh-vaidh\the-karan-singh-vaidh\server\node_modules\router\index.js:342:13)
    at C:\react project\x\the-karan-singh-vaidh\the-karan-singh-vaidh\server\node_modules\router\index.js:297:9
    at processParams (C:\react project\x\the-karan-singh-vaidh\the-karan-singh-vaidh\server\node_modules\router\index.js:582:12)
    at next (C:\react project\x\the-karan-singh-vaidh\the-karan-singh-vaidh\server\node_modules\router\index.js:291:5)
    at logger (C:\react project\x\the-karan-singh-vaidh\the-karan-singh-vaidh\server\node_modules\morgan\index.js:144:5)
    at Layer.handleRequest (C:\react project\x\the-karan-singh-vaidh\the-karan-singh-vaidh\server\node_modules\router\lib\layer.js:152:17)
    at trimPrefix (C:\react project\x\the-karan-singh-vaidh\the-karan-singh-vaidh\server\node_modules\router\index.js:342:13)
    at C:\react project\x\the-karan-singh-vaidh\the-karan-singh-vaidh\server\node_modules\router\index.js:297:9

[2026-02-20T16:30:18.157Z] 404 - Not Found - /socket.io/?EIO=4&transport=polling&t=3vwoayd6
Error: Not Found - /socket.io/?EIO=4&transport=polling&t=3vwoayd6
    at notFound (C:\react project\x\the-karan-singh-vaidh\the-karan-singh-vaidh\server\middleware\errorMiddleware.js:2:19)
    at Layer.handleRequest (C:\react project\x\the-karan-singh-vaidh\the-karan-singh-vaidh\server\node_modules\router\lib\layer.js:152:17)
    at trimPrefix (C:\react project\x\the-karan-singh-vaidh\the-karan-singh-vaidh\server\node_modules\router\index.js:342:13)
    at C:\react project\x\the-karan-singh-vaidh\the-karan-singh-vaidh\server\node_modules\router\index.js:297:9
    at processParams (C:\react project\x\the-karan-singh-vaidh\the-karan-singh-vaidh\server\node_modules\router\index.js:582:12)
    at next (C:\react project\x\the-karan-singh-vaidh\the-karan-singh-vaidh\server\node_modules\router\index.js:291:5)
    at logger (C:\react project\x\the-karan-singh-vaidh\the-karan-singh-vaidh\server\node_modules\morgan\index.js:144:5)
    at Layer.handleRequest (C:\react project\x\the-karan-singh-vaidh\the-karan-singh-vaidh\server\node_modules\router\lib\layer.js:152:17)
    at trimPrefix (C:\react project\x\the-karan-singh-vaidh\the-karan-singh-vaidh\server\node_modules\router\index.js:342:13)
    at C:\react project\x\the-karan-singh-vaidh\the-karan-singh-vaidh\server\node_modules\router\index.js:297:9

[2026-02-20T16:30:24.159Z] 404 - Not Found - /socket.io/?EIO=4&transport=polling&t=3w1b0n8h
Error: Not Found - /socket.io/?EIO=4&transport=polling&t=3w1b0n8h
    at notFound (C:\react project\x\the-karan-singh-vaidh\the-karan-singh-vaidh\server\middleware\errorMiddleware.js:2:19)
    at Layer.handleRequest (C:\react project\x\the-karan-singh-vaidh\the-karan-singh-vaidh\server\node_modules\router\lib\layer.js:152:17)
    at trimPrefix (C:\react project\x\the-karan-singh-vaidh\the-karan-singh-vaidh\server\node_modules\router\index.js:342:13)
    at C:\react project\x\the-karan-singh-vaidh\the-karan-singh-vaidh\server\node_modules\router\index.js:297:9
    at processParams (C:\react project\x\the-karan-singh-vaidh\the-karan-singh-vaidh\server\node_modules\router\index.js:582:12)
    at next (C:\react project\x\the-karan-singh-vaidh\the-karan-singh-vaidh\server\node_modules\router\index.js:291:5)
    at logger (C:\react project\x\the-karan-singh-vaidh\the-karan-singh-vaidh\server\node_modules\morgan\index.js:144:5)
    at Layer.handleRequest (C:\react project\x\the-karan-singh-vaidh\the-karan-singh-vaidh\server\node_modules\router\lib\layer.js:152:17)
    at trimPrefix (C:\react project\x\the-karan-singh-vaidh\the-karan-singh-vaidh\server\node_modules\router\index.js:342:13)
    at C:\react project\x\the-karan-singh-vaidh\the-karan-singh-vaidh\server\node_modules\router\index.js:297:9

[2026-02-20T16:30:27.201Z] 404 - Not Found - /api/activity/stats/699815a20e67b6e7f5f3d7fa
Error: Not Found - /api/activity/stats/699815a20e67b6e7f5f3d7fa
    at notFound (C:\react project\x\the-karan-singh-vaidh\the-karan-singh-vaidh\server\middleware\errorMiddleware.js:2:19)
    at Layer.handleRequest (C:\react project\x\the-karan-singh-vaidh\the-karan-singh-vaidh\server\node_modules\router\lib\layer.js:152:17)
    at trimPrefix (C:\react project\x\the-karan-singh-vaidh\the-karan-singh-vaidh\server\node_modules\router\index.js:342:13)
    at C:\react project\x\the-karan-singh-vaidh\the-karan-singh-vaidh\server\node_modules\router\index.js:297:9
    at processParams (C:\react project\x\the-karan-singh-vaidh\the-karan-singh-vaidh\server\node_modules\router\index.js:582:12)
    at next (C:\react project\x\the-karan-singh-vaidh\the-karan-singh-vaidh\server\node_modules\router\index.js:291:5)
    at logger (C:\react project\x\the-karan-singh-vaidh\the-karan-singh-vaidh\server\node_modules\morgan\index.js:144:5)
    at Layer.handleRequest (C:\react project\x\the-karan-singh-vaidh\the-karan-singh-vaidh\server\node_modules\router\lib\layer.js:152:17)
    at trimPrefix (C:\react project\x\the-karan-singh-vaidh\the-karan-singh-vaidh\server\node_modules\router\index.js:342:13)
    at C:\react project\x\the-karan-singh-vaidh\the-karan-singh-vaidh\server\node_modules\router\index.js:297:9

[2026-02-20T16:30:30.156Z] 404 - Not Found - /socket.io/?EIO=4&transport=polling&t=3w5xlobs
Error: Not Found - /socket.io/?EIO=4&transport=polling&t=3w5xlobs
    at notFound (C:\react project\x\the-karan-singh-vaidh\the-karan-singh-vaidh\server\middleware\errorMiddleware.js:2:19)
    at Layer.handleRequest (C:\react project\x\the-karan-singh-vaidh\the-karan-singh-vaidh\server\node_modules\router\lib\layer.js:152:17)
    at trimPrefix (C:\react project\x\the-karan-singh-vaidh\the-karan-singh-vaidh\server\node_modules\router\index.js:342:13)
    at C:\react project\x\the-karan-singh-vaidh\the-karan-singh-vaidh\server\node_modules\router\index.js:297:9
    at processParams (C:\react project\x\the-karan-singh-vaidh\the-karan-singh-vaidh\server\node_modules\router\index.js:582:12)
    at next (C:\react project\x\the-karan-singh-vaidh\the-karan-singh-vaidh\server\node_modules\router\index.js:291:5)
    at logger (C:\react project\x\the-karan-singh-vaidh\the-karan-singh-vaidh\server\node_modules\morgan\index.js:144:5)
    at Layer.handleRequest (C:\react project\x\the-karan-singh-vaidh\the-karan-singh-vaidh\server\node_modules\router\lib\layer.js:152:17)
    at trimPrefix (C:\react project\x\the-karan-singh-vaidh\the-karan-singh-vaidh\server\node_modules\router\index.js:342:13)
    at C:\react project\x\the-karan-singh-vaidh\the-karan-singh-vaidh\server\node_modules\router\index.js:297:9

[2026-02-20T16:30:36.154Z] 404 - Not Found - /socket.io/?EIO=4&transport=polling&t=3wak7p9d
Error: Not Found - /socket.io/?EIO=4&transport=polling&t=3wak7p9d
    at notFound (C:\react project\x\the-karan-singh-vaidh\the-karan-singh-vaidh\server\middleware\errorMiddleware.js:2:19)
    at Layer.handleRequest (C:\react project\x\the-karan-singh-vaidh\the-karan-singh-vaidh\server\node_modules\router\lib\layer.js:152:17)
    at trimPrefix (C:\react project\x\the-karan-singh-vaidh\the-karan-singh-vaidh\server\node_modules\router\index.js:342:13)
    at C:\react project\x\the-karan-singh-vaidh\the-karan-singh-vaidh\server\node_modules\router\index.js:297:9
    at processParams (C:\react project\x\the-karan-singh-vaidh\the-karan-singh-vaidh\server\node_modules\router\index.js:582:12)
    at next (C:\react project\x\the-karan-singh-vaidh\the-karan-singh-vaidh\server\node_modules\router\index.js:291:5)
    at logger (C:\react project\x\the-karan-singh-vaidh\the-karan-singh-vaidh\server\node_modules\morgan\index.js:144:5)
    at Layer.handleRequest (C:\react project\x\the-karan-singh-vaidh\the-karan-singh-vaidh\server\node_modules\router\lib\layer.js:152:17)
    at trimPrefix (C:\react project\x\the-karan-singh-vaidh\the-karan-singh-vaidh\server\node_modules\router\index.js:342:13)
    at C:\react project\x\the-karan-singh-vaidh\the-karan-singh-vaidh\server\node_modules\router\index.js:297:9

[2026-02-20T16:30:42.170Z] 404 - Not Found - /socket.io/?EIO=4&transport=polling&t=3wf7aj54
Error: Not Found - /socket.io/?EIO=4&transport=polling&t=3wf7aj54
    at notFound (C:\react project\x\the-karan-singh-vaidh\the-karan-singh-vaidh\server\middleware\errorMiddleware.js:2:19)
    at Layer.handleRequest (C:\react project\x\the-karan-singh-vaidh\the-karan-singh-vaidh\server\node_modules\router\lib\layer.js:152:17)
    at trimPrefix (C:\react project\x\the-karan-singh-vaidh\the-karan-singh-vaidh\server\node_modules\router\index.js:342:13)
    at C:\react project\x\the-karan-singh-vaidh\the-karan-singh-vaidh\server\node_modules\router\index.js:297:9
    at processParams (C:\react project\x\the-karan-singh-vaidh\the-karan-singh-vaidh\server\node_modules\router\index.js:582:12)
    at next (C:\react project\x\the-karan-singh-vaidh\the-karan-singh-vaidh\server\node_modules\router\index.js:291:5)
    at logger (C:\react project\x\the-karan-singh-vaidh\the-karan-singh-vaidh\server\node_modules\morgan\index.js:144:5)
    at Layer.handleRequest (C:\react project\x\the-karan-singh-vaidh\the-karan-singh-vaidh\server\node_modules\router\lib\layer.js:152:17)
    at trimPrefix (C:\react project\x\the-karan-singh-vaidh\the-karan-singh-vaidh\server\node_modules\router\index.js:342:13)
    at C:\react project\x\the-karan-singh-vaidh\the-karan-singh-vaidh\server\node_modules\router\index.js:297:9

[2026-02-20T16:30:48.162Z] 404 - Not Found - /socket.io/?EIO=4&transport=polling&t=3wjtq7e1
Error: Not Found - /socket.io/?EIO=4&transport=polling&t=3wjtq7e1
    at notFound (C:\react project\x\the-karan-singh-vaidh\the-karan-singh-vaidh\server\middleware\errorMiddleware.js:2:19)
    at Layer.handleRequest (C:\react project\x\the-karan-singh-vaidh\the-karan-singh-vaidh\server\node_modules\router\lib\layer.js:152:17)
    at trimPrefix (C:\react project\x\the-karan-singh-vaidh\the-karan-singh-vaidh\server\node_modules\router\index.js:342:13)
    at C:\react project\x\the-karan-singh-vaidh\the-karan-singh-vaidh\server\node_modules\router\index.js:297:9
    at processParams (C:\react project\x\the-karan-singh-vaidh\the-karan-singh-vaidh\server\node_modules\router\index.js:582:12)
    at next (C:\react project\x\the-karan-singh-vaidh\the-karan-singh-vaidh\server\node_modules\router\index.js:291:5)
    at logger (C:\react project\x\the-karan-singh-vaidh\the-karan-singh-vaidh\server\node_modules\morgan\index.js:144:5)
    at Layer.handleRequest (C:\react project\x\the-karan-singh-vaidh\the-karan-singh-vaidh\server\node_modules\router\lib\layer.js:152:17)
    at trimPrefix (C:\react project\x\the-karan-singh-vaidh\the-karan-singh-vaidh\server\node_modules\router\index.js:342:13)
    at C:\react project\x\the-karan-singh-vaidh\the-karan-singh-vaidh\server\node_modules\router\index.js:297:9

[2026-02-20T16:30:54.159Z] 404 - Not Found - /socket.io/?EIO=4&transport=polling&t=3wogevql
Error: Not Found - /socket.io/?EIO=4&transport=polling&t=3wogevql
    at notFound (C:\react project\x\the-karan-singh-vaidh\the-karan-singh-vaidh\server\middleware\errorMiddleware.js:2:19)
    at Layer.handleRequest (C:\react project\x\the-karan-singh-vaidh\the-karan-singh-vaidh\server\node_modules\router\lib\layer.js:152:17)
    at trimPrefix (C:\react project\x\the-karan-singh-vaidh\the-karan-singh-vaidh\server\node_modules\router\index.js:342:13)
    at C:\react project\x\the-karan-singh-vaidh\the-karan-singh-vaidh\server\node_modules\router\index.js:297:9
    at processParams (C:\react project\x\the-karan-singh-vaidh\the-karan-singh-vaidh\server\node_modules\router\index.js:582:12)
    at next (C:\react project\x\the-karan-singh-vaidh\the-karan-singh-vaidh\server\node_modules\router\index.js:291:5)
    at logger (C:\react project\x\the-karan-singh-vaidh\the-karan-singh-vaidh\server\node_modules\morgan\index.js:144:5)
    at Layer.handleRequest (C:\react project\x\the-karan-singh-vaidh\the-karan-singh-vaidh\server\node_modules\router\lib\layer.js:152:17)
    at trimPrefix (C:\react project\x\the-karan-singh-vaidh\the-karan-singh-vaidh\server\node_modules\router\index.js:342:13)
    at C:\react project\x\the-karan-singh-vaidh\the-karan-singh-vaidh\server\node_modules\router\index.js:297:9

[2026-02-20T16:31:00.163Z] 404 - Not Found - /socket.io/?EIO=4&transport=polling&t=3wt33fsg
Error: Not Found - /socket.io/?EIO=4&transport=polling&t=3wt33fsg
    at notFound (C:\react project\x\the-karan-singh-vaidh\the-karan-singh-vaidh\server\middleware\errorMiddleware.js:2:19)
    at Layer.handleRequest (C:\react project\x\the-karan-singh-vaidh\the-karan-singh-vaidh\server\node_modules\router\lib\layer.js:152:17)
    at trimPrefix (C:\react project\x\the-karan-singh-vaidh\the-karan-singh-vaidh\server\node_modules\router\index.js:342:13)
    at C:\react project\x\the-karan-singh-vaidh\the-karan-singh-vaidh\server\node_modules\router\index.js:297:9
    at processParams (C:\react project\x\the-karan-singh-vaidh\the-karan-singh-vaidh\server\node_modules\router\index.js:582:12)
    at next (C:\react project\x\the-karan-singh-vaidh\the-karan-singh-vaidh\server\node_modules\router\index.js:291:5)
    at logger (C:\react project\x\the-karan-singh-vaidh\the-karan-singh-vaidh\server\node_modules\morgan\index.js:144:5)
    at Layer.handleRequest (C:\react project\x\the-karan-singh-vaidh\the-karan-singh-vaidh\server\node_modules\router\lib\layer.js:152:17)
    at trimPrefix (C:\react project\x\the-karan-singh-vaidh\the-karan-singh-vaidh\server\node_modules\router\index.js:342:13)
    at C:\react project\x\the-karan-singh-vaidh\the-karan-singh-vaidh\server\node_modules\router\index.js:297:9

[2026-02-20T16:31:06.161Z] 404 - Not Found - /socket.io/?EIO=4&transport=polling&t=3wxprkn5
Error: Not Found - /socket.io/?EIO=4&transport=polling&t=3wxprkn5
    at notFound (C:\react project\x\the-karan-singh-vaidh\the-karan-singh-vaidh\server\middleware\errorMiddleware.js:2:19)
    at Layer.handleRequest (C:\react project\x\the-karan-singh-vaidh\the-karan-singh-vaidh\server\node_modules\router\lib\layer.js:152:17)
    at trimPrefix (C:\react project\x\the-karan-singh-vaidh\the-karan-singh-vaidh\server\node_modules\router\index.js:342:13)
    at C:\react project\x\the-karan-singh-vaidh\the-karan-singh-vaidh\server\node_modules\router\index.js:297:9
    at processParams (C:\react project\x\the-karan-singh-vaidh\the-karan-singh-vaidh\server\node_modules\router\index.js:582:12)
    at next (C:\react project\x\the-karan-singh-vaidh\the-karan-singh-vaidh\server\node_modules\router\index.js:291:5)
    at logger (C:\react project\x\the-karan-singh-vaidh\the-karan-singh-vaidh\server\node_modules\morgan\index.js:144:5)
    at Layer.handleRequest (C:\react project\x\the-karan-singh-vaidh\the-karan-singh-vaidh\server\node_modules\router\lib\layer.js:152:17)
    at trimPrefix (C:\react project\x\the-karan-singh-vaidh\the-karan-singh-vaidh\server\node_modules\router\index.js:342:13)
    at C:\react project\x\the-karan-singh-vaidh\the-karan-singh-vaidh\server\node_modules\router\index.js:297:9

[2026-02-20T16:31:12.151Z] 404 - Not Found - /socket.io/?EIO=4&transport=polling&t=3x2c594p
Error: Not Found - /socket.io/?EIO=4&transport=polling&t=3x2c594p
    at notFound (C:\react project\x\the-karan-singh-vaidh\the-karan-singh-vaidh\server\middleware\errorMiddleware.js:2:19)
    at Layer.handleRequest (C:\react project\x\the-karan-singh-vaidh\the-karan-singh-vaidh\server\node_modules\router\lib\layer.js:152:17)
    at trimPrefix (C:\react project\x\the-karan-singh-vaidh\the-karan-singh-vaidh\server\node_modules\router\index.js:342:13)
    at C:\react project\x\the-karan-singh-vaidh\the-karan-singh-vaidh\server\node_modules\router\index.js:297:9
    at processParams (C:\react project\x\the-karan-singh-vaidh\the-karan-singh-vaidh\server\node_modules\router\index.js:582:12)
    at next (C:\react project\x\the-karan-singh-vaidh\the-karan-singh-vaidh\server\node_modules\router\index.js:291:5)
    at logger (C:\react project\x\the-karan-singh-vaidh\the-karan-singh-vaidh\server\node_modules\morgan\index.js:144:5)
    at Layer.handleRequest (C:\react project\x\the-karan-singh-vaidh\the-karan-singh-vaidh\server\node_modules\router\lib\layer.js:152:17)
    at trimPrefix (C:\react project\x\the-karan-singh-vaidh\the-karan-singh-vaidh\server\node_modules\router\index.js:342:13)
    at C:\react project\x\the-karan-singh-vaidh\the-karan-singh-vaidh\server\node_modules\router\index.js:297:9

[2026-02-20T16:31:18.159Z] 404 - Not Found - /socket.io/?EIO=4&transport=polling&t=3x6z0dak
Error: Not Found - /socket.io/?EIO=4&transport=polling&t=3x6z0dak
    at notFound (C:\react project\x\the-karan-singh-vaidh\the-karan-singh-vaidh\server\middleware\errorMiddleware.js:2:19)
    at Layer.handleRequest (C:\react project\x\the-karan-singh-vaidh\the-karan-singh-vaidh\server\node_modules\router\lib\layer.js:152:17)
    at trimPrefix (C:\react project\x\the-karan-singh-vaidh\the-karan-singh-vaidh\server\node_modules\router\index.js:342:13)
    at C:\react project\x\the-karan-singh-vaidh\the-karan-singh-vaidh\server\node_modules\router\index.js:297:9
    at processParams (C:\react project\x\the-karan-singh-vaidh\the-karan-singh-vaidh\server\node_modules\router\index.js:582:12)
    at next (C:\react project\x\the-karan-singh-vaidh\the-karan-singh-vaidh\server\node_modules\router\index.js:291:5)
    at logger (C:\react project\x\the-karan-singh-vaidh\the-karan-singh-vaidh\server\node_modules\morgan\index.js:144:5)
    at Layer.handleRequest (C:\react project\x\the-karan-singh-vaidh\the-karan-singh-vaidh\server\node_modules\router\lib\layer.js:152:17)
    at trimPrefix (C:\react project\x\the-karan-singh-vaidh\the-karan-singh-vaidh\server\node_modules\router\index.js:342:13)
    at C:\react project\x\the-karan-singh-vaidh\the-karan-singh-vaidh\server\node_modules\router\index.js:297:9

[2026-02-20T16:31:24.162Z] 404 - Not Found - /socket.io/?EIO=4&transport=polling&t=3xblrls8
Error: Not Found - /socket.io/?EIO=4&transport=polling&t=3xblrls8
    at notFound (C:\react project\x\the-karan-singh-vaidh\the-karan-singh-vaidh\server\middleware\errorMiddleware.js:2:19)
    at Layer.handleRequest (C:\react project\x\the-karan-singh-vaidh\the-karan-singh-vaidh\server\node_modules\router\lib\layer.js:152:17)
    at trimPrefix (C:\react project\x\the-karan-singh-vaidh\the-karan-singh-vaidh\server\node_modules\router\index.js:342:13)
    at C:\react project\x\the-karan-singh-vaidh\the-karan-singh-vaidh\server\node_modules\router\index.js:297:9
    at processParams (C:\react project\x\the-karan-singh-vaidh\the-karan-singh-vaidh\server\node_modules\router\index.js:582:12)
    at next (C:\react project\x\the-karan-singh-vaidh\the-karan-singh-vaidh\server\node_modules\router\index.js:291:5)
    at logger (C:\react project\x\the-karan-singh-vaidh\the-karan-singh-vaidh\server\node_modules\morgan\index.js:144:5)
    at Layer.handleRequest (C:\react project\x\the-karan-singh-vaidh\the-karan-singh-vaidh\server\node_modules\router\lib\layer.js:152:17)
    at trimPrefix (C:\react project\x\the-karan-singh-vaidh\the-karan-singh-vaidh\server\node_modules\router\index.js:342:13)
    at C:\react project\x\the-karan-singh-vaidh\the-karan-singh-vaidh\server\node_modules\router\index.js:297:9

[2026-02-20T16:31:27.176Z] 404 - Not Found - /api/activity/stats/699815a20e67b6e7f5f3d7fa
Error: Not Found - /api/activity/stats/699815a20e67b6e7f5f3d7fa
    at notFound (C:\react project\x\the-karan-singh-vaidh\the-karan-singh-vaidh\server\middleware\errorMiddleware.js:2:19)
    at Layer.handleRequest (C:\react project\x\the-karan-singh-vaidh\the-karan-singh-vaidh\server\node_modules\router\lib\layer.js:152:17)
    at trimPrefix (C:\react project\x\the-karan-singh-vaidh\the-karan-singh-vaidh\server\node_modules\router\index.js:342:13)
    at C:\react project\x\the-karan-singh-vaidh\the-karan-singh-vaidh\server\node_modules\router\index.js:297:9
    at processParams (C:\react project\x\the-karan-singh-vaidh\the-karan-singh-vaidh\server\node_modules\router\index.js:582:12)
    at next (C:\react project\x\the-karan-singh-vaidh\the-karan-singh-vaidh\server\node_modules\router\index.js:291:5)
    at logger (C:\react project\x\the-karan-singh-vaidh\the-karan-singh-vaidh\server\node_modules\morgan\index.js:144:5)
    at Layer.handleRequest (C:\react project\x\the-karan-singh-vaidh\the-karan-singh-vaidh\server\node_modules\router\lib\layer.js:152:17)
    at trimPrefix (C:\react project\x\the-karan-singh-vaidh\the-karan-singh-vaidh\server\node_modules\router\index.js:342:13)
    at C:\react project\x\the-karan-singh-vaidh\the-karan-singh-vaidh\server\node_modules\router\index.js:297:9

[2026-02-20T16:31:30.161Z] 404 - Not Found - /socket.io/?EIO=4&transport=polling&t=3xg8evfl
Error: Not Found - /socket.io/?EIO=4&transport=polling&t=3xg8evfl
    at notFound (C:\react project\x\the-karan-singh-vaidh\the-karan-singh-vaidh\server\middleware\errorMiddleware.js:2:19)
    at Layer.handleRequest (C:\react project\x\the-karan-singh-vaidh\the-karan-singh-vaidh\server\node_modules\router\lib\layer.js:152:17)
    at trimPrefix (C:\react project\x\the-karan-singh-vaidh\the-karan-singh-vaidh\server\node_modules\router\index.js:342:13)
    at C:\react project\x\the-karan-singh-vaidh\the-karan-singh-vaidh\server\node_modules\router\index.js:297:9
    at processParams (C:\react project\x\the-karan-singh-vaidh\the-karan-singh-vaidh\server\node_modules\router\index.js:582:12)
    at next (C:\react project\x\the-karan-singh-vaidh\the-karan-singh-vaidh\server\node_modules\router\index.js:291:5)
    at logger (C:\react project\x\the-karan-singh-vaidh\the-karan-singh-vaidh\server\node_modules\morgan\index.js:144:5)
    at Layer.handleRequest (C:\react project\x\the-karan-singh-vaidh\the-karan-singh-vaidh\server\node_modules\router\lib\layer.js:152:17)
    at trimPrefix (C:\react project\x\the-karan-singh-vaidh\the-karan-singh-vaidh\server\node_modules\router\index.js:342:13)
    at C:\react project\x\the-karan-singh-vaidh\the-karan-singh-vaidh\server\node_modules\router\index.js:297:9

[2026-02-20T16:31:36.163Z] 404 - Not Found - /socket.io/?EIO=4&transport=polling&t=3xkv4jxs
Error: Not Found - /socket.io/?EIO=4&transport=polling&t=3xkv4jxs
    at notFound (C:\react project\x\the-karan-singh-vaidh\the-karan-singh-vaidh\server\middleware\errorMiddleware.js:2:19)
    at Layer.handleRequest (C:\react project\x\the-karan-singh-vaidh\the-karan-singh-vaidh\server\node_modules\router\lib\layer.js:152:17)
    at trimPrefix (C:\react project\x\the-karan-singh-vaidh\the-karan-singh-vaidh\server\node_modules\router\index.js:342:13)
    at C:\react project\x\the-karan-singh-vaidh\the-karan-singh-vaidh\server\node_modules\router\index.js:297:9
    at processParams (C:\react project\x\the-karan-singh-vaidh\the-karan-singh-vaidh\server\node_modules\router\index.js:582:12)
    at next (C:\react project\x\the-karan-singh-vaidh\the-karan-singh-vaidh\server\node_modules\router\index.js:291:5)
    at logger (C:\react project\x\the-karan-singh-vaidh\the-karan-singh-vaidh\server\node_modules\morgan\index.js:144:5)
    at Layer.handleRequest (C:\react project\x\the-karan-singh-vaidh\the-karan-singh-vaidh\server\node_modules\router\lib\layer.js:152:17)
    at trimPrefix (C:\react project\x\the-karan-singh-vaidh\the-karan-singh-vaidh\server\node_modules\router\index.js:342:13)
    at C:\react project\x\the-karan-singh-vaidh\the-karan-singh-vaidh\server\node_modules\router\index.js:297:9

[2026-02-20T16:31:42.152Z] 404 - Not Found - /socket.io/?EIO=4&transport=polling&t=3xphgb7d
Error: Not Found - /socket.io/?EIO=4&transport=polling&t=3xphgb7d
    at notFound (C:\react project\x\the-karan-singh-vaidh\the-karan-singh-vaidh\server\middleware\errorMiddleware.js:2:19)
    at Layer.handleRequest (C:\react project\x\the-karan-singh-vaidh\the-karan-singh-vaidh\server\node_modules\router\lib\layer.js:152:17)
    at trimPrefix (C:\react project\x\the-karan-singh-vaidh\the-karan-singh-vaidh\server\node_modules\router\index.js:342:13)
    at C:\react project\x\the-karan-singh-vaidh\the-karan-singh-vaidh\server\node_modules\router\index.js:297:9
    at processParams (C:\react project\x\the-karan-singh-vaidh\the-karan-singh-vaidh\server\node_modules\router\index.js:582:12)
    at next (C:\react project\x\the-karan-singh-vaidh\the-karan-singh-vaidh\server\node_modules\router\index.js:291:5)
    at logger (C:\react project\x\the-karan-singh-vaidh\the-karan-singh-vaidh\server\node_modules\morgan\index.js:144:5)
    at Layer.handleRequest (C:\react project\x\the-karan-singh-vaidh\the-karan-singh-vaidh\server\node_modules\router\lib\layer.js:152:17)
    at trimPrefix (C:\react project\x\the-karan-singh-vaidh\the-karan-singh-vaidh\server\node_modules\router\index.js:342:13)
    at C:\react project\x\the-karan-singh-vaidh\the-karan-singh-vaidh\server\node_modules\router\index.js:297:9

[2026-02-20T16:31:47.839Z] 404 - Not Found - /socket.io/?EIO=4&transport=polling&t=3xturqhv
Error: Not Found - /socket.io/?EIO=4&transport=polling&t=3xturqhv
    at notFound (C:\react project\x\the-karan-singh-vaidh\the-karan-singh-vaidh\server\middleware\errorMiddleware.js:2:19)
    at Layer.handleRequest (C:\react project\x\the-karan-singh-vaidh\the-karan-singh-vaidh\server\node_modules\router\lib\layer.js:152:17)
    at trimPrefix (C:\react project\x\the-karan-singh-vaidh\the-karan-singh-vaidh\server\node_modules\router\index.js:342:13)
    at C:\react project\x\the-karan-singh-vaidh\the-karan-singh-vaidh\server\node_modules\router\index.js:297:9
    at processParams (C:\react project\x\the-karan-singh-vaidh\the-karan-singh-vaidh\server\node_modules\router\index.js:582:12)
    at next (C:\react project\x\the-karan-singh-vaidh\the-karan-singh-vaidh\server\node_modules\router\index.js:291:5)
    at logger (C:\react project\x\the-karan-singh-vaidh\the-karan-singh-vaidh\server\node_modules\morgan\index.js:144:5)
    at Layer.handleRequest (C:\react project\x\the-karan-singh-vaidh\the-karan-singh-vaidh\server\node_modules\router\lib\layer.js:152:17)
    at trimPrefix (C:\react project\x\the-karan-singh-vaidh\the-karan-singh-vaidh\server\node_modules\router\index.js:342:13)
    at C:\react project\x\the-karan-singh-vaidh\the-karan-singh-vaidh\server\node_modules\router\index.js:297:9

[2026-02-20T16:32:27.161Z] 404 - Not Found - /api/activity/stats/699815a20e67b6e7f5f3d7fa
Error: Not Found - /api/activity/stats/699815a20e67b6e7f5f3d7fa
    at notFound (C:\react project\x\the-karan-singh-vaidh\the-karan-singh-vaidh\server\middleware\errorMiddleware.js:2:19)
    at Layer.handleRequest (C:\react project\x\the-karan-singh-vaidh\the-karan-singh-vaidh\server\node_modules\router\lib\layer.js:152:17)
    at trimPrefix (C:\react project\x\the-karan-singh-vaidh\the-karan-singh-vaidh\server\node_modules\router\index.js:342:13)
    at C:\react project\x\the-karan-singh-vaidh\the-karan-singh-vaidh\server\node_modules\router\index.js:297:9
    at processParams (C:\react project\x\the-karan-singh-vaidh\the-karan-singh-vaidh\server\node_modules\router\index.js:582:12)
    at next (C:\react project\x\the-karan-singh-vaidh\the-karan-singh-vaidh\server\node_modules\router\index.js:291:5)
    at logger (C:\react project\x\the-karan-singh-vaidh\the-karan-singh-vaidh\server\node_modules\morgan\index.js:144:5)
    at Layer.handleRequest (C:\react project\x\the-karan-singh-vaidh\the-karan-singh-vaidh\server\node_modules\router\lib\layer.js:152:17)
    at trimPrefix (C:\react project\x\the-karan-singh-vaidh\the-karan-singh-vaidh\server\node_modules\router\index.js:342:13)
    at C:\react project\x\the-karan-singh-vaidh\the-karan-singh-vaidh\server\node_modules\router\index.js:297:9

[2026-02-20T16:33:27.177Z] 404 - Not Found - /api/activity/stats/699815a20e67b6e7f5f3d7fa
Error: Not Found - /api/activity/stats/699815a20e67b6e7f5f3d7fa
    at notFound (C:\react project\x\the-karan-singh-vaidh\the-karan-singh-vaidh\server\middleware\errorMiddleware.js:2:19)
    at Layer.handleRequest (C:\react project\x\the-karan-singh-vaidh\the-karan-singh-vaidh\server\node_modules\router\lib\layer.js:152:17)
    at trimPrefix (C:\react project\x\the-karan-singh-vaidh\the-karan-singh-vaidh\server\node_modules\router\index.js:342:13)
    at C:\react project\x\the-karan-singh-vaidh\the-karan-singh-vaidh\server\node_modules\router\index.js:297:9
    at processParams (C:\react project\x\the-karan-singh-vaidh\the-karan-singh-vaidh\server\node_modules\router\index.js:582:12)
    at next (C:\react project\x\the-karan-singh-vaidh\the-karan-singh-vaidh\server\node_modules\router\index.js:291:5)
    at logger (C:\react project\x\the-karan-singh-vaidh\the-karan-singh-vaidh\server\node_modules\morgan\index.js:144:5)
    at Layer.handleRequest (C:\react project\x\the-karan-singh-vaidh\the-karan-singh-vaidh\server\node_modules\router\lib\layer.js:152:17)
    at trimPrefix (C:\react project\x\the-karan-singh-vaidh\the-karan-singh-vaidh\server\node_modules\router\index.js:342:13)
    at C:\react project\x\the-karan-singh-vaidh\the-karan-singh-vaidh\server\node_modules\router\index.js:297:9

[2026-02-20T16:34:27.172Z] 404 - Not Found - /api/activity/stats/699815a20e67b6e7f5f3d7fa
Error: Not Found - /api/activity/stats/699815a20e67b6e7f5f3d7fa
    at notFound (C:\react project\x\the-karan-singh-vaidh\the-karan-singh-vaidh\server\middleware\errorMiddleware.js:2:19)
    at Layer.handleRequest (C:\react project\x\the-karan-singh-vaidh\the-karan-singh-vaidh\server\node_modules\router\lib\layer.js:152:17)
    at trimPrefix (C:\react project\x\the-karan-singh-vaidh\the-karan-singh-vaidh\server\node_modules\router\index.js:342:13)
    at C:\react project\x\the-karan-singh-vaidh\the-karan-singh-vaidh\server\node_modules\router\index.js:297:9
    at processParams (C:\react project\x\the-karan-singh-vaidh\the-karan-singh-vaidh\server\node_modules\router\index.js:582:12)
    at next (C:\react project\x\the-karan-singh-vaidh\the-karan-singh-vaidh\server\node_modules\router\index.js:291:5)
    at logger (C:\react project\x\the-karan-singh-vaidh\the-karan-singh-vaidh\server\node_modules\morgan\index.js:144:5)
    at Layer.handleRequest (C:\react project\x\the-karan-singh-vaidh\the-karan-singh-vaidh\server\node_modules\router\lib\layer.js:152:17)
    at trimPrefix (C:\react project\x\the-karan-singh-vaidh\the-karan-singh-vaidh\server\node_modules\router\index.js:342:13)
    at C:\react project\x\the-karan-singh-vaidh\the-karan-singh-vaidh\server\node_modules\router\index.js:297:9

[2026-02-20T16:35:27.178Z] 404 - Not Found - /api/activity/stats/699815a20e67b6e7f5f3d7fa
Error: Not Found - /api/activity/stats/699815a20e67b6e7f5f3d7fa
    at notFound (C:\react project\x\the-karan-singh-vaidh\the-karan-singh-vaidh\server\middleware\errorMiddleware.js:2:19)
    at Layer.handleRequest (C:\react project\x\the-karan-singh-vaidh\the-karan-singh-vaidh\server\node_modules\router\lib\layer.js:152:17)
    at trimPrefix (C:\react project\x\the-karan-singh-vaidh\the-karan-singh-vaidh\server\node_modules\router\index.js:342:13)
    at C:\react project\x\the-karan-singh-vaidh\the-karan-singh-vaidh\server\node_modules\router\index.js:297:9
    at processParams (C:\react project\x\the-karan-singh-vaidh\the-karan-singh-vaidh\server\node_modules\router\index.js:582:12)
    at next (C:\react project\x\the-karan-singh-vaidh\the-karan-singh-vaidh\server\node_modules\router\index.js:291:5)
    at logger (C:\react project\x\the-karan-singh-vaidh\the-karan-singh-vaidh\server\node_modules\morgan\index.js:144:5)
    at Layer.handleRequest (C:\react project\x\the-karan-singh-vaidh\the-karan-singh-vaidh\server\node_modules\router\lib\layer.js:152:17)
    at trimPrefix (C:\react project\x\the-karan-singh-vaidh\the-karan-singh-vaidh\server\node_modules\router\index.js:342:13)
    at C:\react project\x\the-karan-singh-vaidh\the-karan-singh-vaidh\server\node_modules\router\index.js:297:9

[2026-02-20T16:36:27.191Z] 404 - Not Found - /api/activity/stats/699815a20e67b6e7f5f3d7fa
Error: Not Found - /api/activity/stats/699815a20e67b6e7f5f3d7fa
    at notFound (C:\react project\x\the-karan-singh-vaidh\the-karan-singh-vaidh\server\middleware\errorMiddleware.js:2:19)
    at Layer.handleRequest (C:\react project\x\the-karan-singh-vaidh\the-karan-singh-vaidh\server\node_modules\router\lib\layer.js:152:17)
    at trimPrefix (C:\react project\x\the-karan-singh-vaidh\the-karan-singh-vaidh\server\node_modules\router\index.js:342:13)
    at C:\react project\x\the-karan-singh-vaidh\the-karan-singh-vaidh\server\node_modules\router\index.js:297:9
    at processParams (C:\react project\x\the-karan-singh-vaidh\the-karan-singh-vaidh\server\node_modules\router\index.js:582:12)
    at next (C:\react project\x\the-karan-singh-vaidh\the-karan-singh-vaidh\server\node_modules\router\index.js:291:5)
    at logger (C:\react project\x\the-karan-singh-vaidh\the-karan-singh-vaidh\server\node_modules\morgan\index.js:144:5)
    at Layer.handleRequest (C:\react project\x\the-karan-singh-vaidh\the-karan-singh-vaidh\server\node_modules\router\lib\layer.js:152:17)
    at trimPrefix (C:\react project\x\the-karan-singh-vaidh\the-karan-singh-vaidh\server\node_modules\router\index.js:342:13)
    at C:\react project\x\the-karan-singh-vaidh\the-karan-singh-vaidh\server\node_modules\router\index.js:297:9

[2026-02-20T16:37:27.216Z] 404 - Not Found - /api/activity/stats/699815a20e67b6e7f5f3d7fa
Error: Not Found - /api/activity/stats/699815a20e67b6e7f5f3d7fa
    at notFound (C:\react project\x\the-karan-singh-vaidh\the-karan-singh-vaidh\server\middleware\errorMiddleware.js:2:19)
    at Layer.handleRequest (C:\react project\x\the-karan-singh-vaidh\the-karan-singh-vaidh\server\node_modules\router\lib\layer.js:152:17)
    at trimPrefix (C:\react project\x\the-karan-singh-vaidh\the-karan-singh-vaidh\server\node_modules\router\index.js:342:13)
    at C:\react project\x\the-karan-singh-vaidh\the-karan-singh-vaidh\server\node_modules\router\index.js:297:9
    at processParams (C:\react project\x\the-karan-singh-vaidh\the-karan-singh-vaidh\server\node_modules\router\index.js:582:12)
    at next (C:\react project\x\the-karan-singh-vaidh\the-karan-singh-vaidh\server\node_modules\router\index.js:291:5)
    at logger (C:\react project\x\the-karan-singh-vaidh\the-karan-singh-vaidh\server\node_modules\morgan\index.js:144:5)
    at Layer.handleRequest (C:\react project\x\the-karan-singh-vaidh\the-karan-singh-vaidh\server\node_modules\router\lib\layer.js:152:17)
    at trimPrefix (C:\react project\x\the-karan-singh-vaidh\the-karan-singh-vaidh\server\node_modules\router\index.js:342:13)
    at C:\react project\x\the-karan-singh-vaidh\the-karan-singh-vaidh\server\node_modules\router\index.js:297:9

[2026-02-20T16:38:27.181Z] 404 - Not Found - /api/activity/stats/699815a20e67b6e7f5f3d7fa
Error: Not Found - /api/activity/stats/699815a20e67b6e7f5f3d7fa
    at notFound (C:\react project\x\the-karan-singh-vaidh\the-karan-singh-vaidh\server\middleware\errorMiddleware.js:2:19)
    at Layer.handleRequest (C:\react project\x\the-karan-singh-vaidh\the-karan-singh-vaidh\server\node_modules\router\lib\layer.js:152:17)
    at trimPrefix (C:\react project\x\the-karan-singh-vaidh\the-karan-singh-vaidh\server\node_modules\router\index.js:342:13)
    at C:\react project\x\the-karan-singh-vaidh\the-karan-singh-vaidh\server\node_modules\router\index.js:297:9
    at processParams (C:\react project\x\the-karan-singh-vaidh\the-karan-singh-vaidh\server\node_modules\router\index.js:582:12)
    at next (C:\react project\x\the-karan-singh-vaidh\the-karan-singh-vaidh\server\node_modules\router\index.js:291:5)
    at logger (C:\react project\x\the-karan-singh-vaidh\the-karan-singh-vaidh\server\node_modules\morgan\index.js:144:5)
    at Layer.handleRequest (C:\react project\x\the-karan-singh-vaidh\the-karan-singh-vaidh\server\node_modules\router\lib\layer.js:152:17)
    at trimPrefix (C:\react project\x\the-karan-singh-vaidh\the-karan-singh-vaidh\server\node_modules\router\index.js:342:13)
    at C:\react project\x\the-karan-singh-vaidh\the-karan-singh-vaidh\server\node_modules\router\index.js:297:9

[2026-02-20T16:39:27.181Z] 404 - Not Found - /api/activity/stats/699815a20e67b6e7f5f3d7fa
Error: Not Found - /api/activity/stats/699815a20e67b6e7f5f3d7fa
    at notFound (C:\react project\x\the-karan-singh-vaidh\the-karan-singh-vaidh\server\middleware\errorMiddleware.js:2:19)
    at Layer.handleRequest (C:\react project\x\the-karan-singh-vaidh\the-karan-singh-vaidh\server\node_modules\router\lib\layer.js:152:17)
    at trimPrefix (C:\react project\x\the-karan-singh-vaidh\the-karan-singh-vaidh\server\node_modules\router\index.js:342:13)
    at C:\react project\x\the-karan-singh-vaidh\the-karan-singh-vaidh\server\node_modules\router\index.js:297:9
    at processParams (C:\react project\x\the-karan-singh-vaidh\the-karan-singh-vaidh\server\node_modules\router\index.js:582:12)
    at next (C:\react project\x\the-karan-singh-vaidh\the-karan-singh-vaidh\server\node_modules\router\index.js:291:5)
    at logger (C:\react project\x\the-karan-singh-vaidh\the-karan-singh-vaidh\server\node_modules\morgan\index.js:144:5)
    at Layer.handleRequest (C:\react project\x\the-karan-singh-vaidh\the-karan-singh-vaidh\server\node_modules\router\lib\layer.js:152:17)
    at trimPrefix (C:\react project\x\the-karan-singh-vaidh\the-karan-singh-vaidh\server\node_modules\router\index.js:342:13)
    at C:\react project\x\the-karan-singh-vaidh\the-karan-singh-vaidh\server\node_modules\router\index.js:297:9

[2026-02-20T16:40:27.166Z] 404 - Not Found - /api/activity/stats/699815a20e67b6e7f5f3d7fa
Error: Not Found - /api/activity/stats/699815a20e67b6e7f5f3d7fa
    at notFound (C:\react project\x\the-karan-singh-vaidh\the-karan-singh-vaidh\server\middleware\errorMiddleware.js:2:19)
    at Layer.handleRequest (C:\react project\x\the-karan-singh-vaidh\the-karan-singh-vaidh\server\node_modules\router\lib\layer.js:152:17)
    at trimPrefix (C:\react project\x\the-karan-singh-vaidh\the-karan-singh-vaidh\server\node_modules\router\index.js:342:13)
    at C:\react project\x\the-karan-singh-vaidh\the-karan-singh-vaidh\server\node_modules\router\index.js:297:9
    at processParams (C:\react project\x\the-karan-singh-vaidh\the-karan-singh-vaidh\server\node_modules\router\index.js:582:12)
    at next (C:\react project\x\the-karan-singh-vaidh\the-karan-singh-vaidh\server\node_modules\router\index.js:291:5)
    at logger (C:\react project\x\the-karan-singh-vaidh\the-karan-singh-vaidh\server\node_modules\morgan\index.js:144:5)
    at Layer.handleRequest (C:\react project\x\the-karan-singh-vaidh\the-karan-singh-vaidh\server\node_modules\router\lib\layer.js:152:17)
    at trimPrefix (C:\react project\x\the-karan-singh-vaidh\the-karan-singh-vaidh\server\node_modules\router\index.js:342:13)
    at C:\react project\x\the-karan-singh-vaidh\the-karan-singh-vaidh\server\node_modules\router\index.js:297:9

[2026-02-20T16:41:27.169Z] 404 - Not Found - /api/activity/stats/699815a20e67b6e7f5f3d7fa
Error: Not Found - /api/activity/stats/699815a20e67b6e7f5f3d7fa
    at notFound (C:\react project\x\the-karan-singh-vaidh\the-karan-singh-vaidh\server\middleware\errorMiddleware.js:2:19)
    at Layer.handleRequest (C:\react project\x\the-karan-singh-vaidh\the-karan-singh-vaidh\server\node_modules\router\lib\layer.js:152:17)
    at trimPrefix (C:\react project\x\the-karan-singh-vaidh\the-karan-singh-vaidh\server\node_modules\router\index.js:342:13)
    at C:\react project\x\the-karan-singh-vaidh\the-karan-singh-vaidh\server\node_modules\router\index.js:297:9
    at processParams (C:\react project\x\the-karan-singh-vaidh\the-karan-singh-vaidh\server\node_modules\router\index.js:582:12)
    at next (C:\react project\x\the-karan-singh-vaidh\the-karan-singh-vaidh\server\node_modules\router\index.js:291:5)
    at logger (C:\react project\x\the-karan-singh-vaidh\the-karan-singh-vaidh\server\node_modules\morgan\index.js:144:5)
    at Layer.handleRequest (C:\react project\x\the-karan-singh-vaidh\the-karan-singh-vaidh\server\node_modules\router\lib\layer.js:152:17)
    at trimPrefix (C:\react project\x\the-karan-singh-vaidh\the-karan-singh-vaidh\server\node_modules\router\index.js:342:13)
    at C:\react project\x\the-karan-singh-vaidh\the-karan-singh-vaidh\server\node_modules\router\index.js:297:9

[2026-02-20T16:42:27.174Z] 404 - Not Found - /api/activity/stats/699815a20e67b6e7f5f3d7fa
Error: Not Found - /api/activity/stats/699815a20e67b6e7f5f3d7fa
    at notFound (C:\react project\x\the-karan-singh-vaidh\the-karan-singh-vaidh\server\middleware\errorMiddleware.js:2:19)
    at Layer.handleRequest (C:\react project\x\the-karan-singh-vaidh\the-karan-singh-vaidh\server\node_modules\router\lib\layer.js:152:17)
    at trimPrefix (C:\react project\x\the-karan-singh-vaidh\the-karan-singh-vaidh\server\node_modules\router\index.js:342:13)
    at C:\react project\x\the-karan-singh-vaidh\the-karan-singh-vaidh\server\node_modules\router\index.js:297:9
    at processParams (C:\react project\x\the-karan-singh-vaidh\the-karan-singh-vaidh\server\node_modules\router\index.js:582:12)
    at next (C:\react project\x\the-karan-singh-vaidh\the-karan-singh-vaidh\server\node_modules\router\index.js:291:5)
    at logger (C:\react project\x\the-karan-singh-vaidh\the-karan-singh-vaidh\server\node_modules\morgan\index.js:144:5)
    at Layer.handleRequest (C:\react project\x\the-karan-singh-vaidh\the-karan-singh-vaidh\server\node_modules\router\lib\layer.js:152:17)
    at trimPrefix (C:\react project\x\the-karan-singh-vaidh\the-karan-singh-vaidh\server\node_modules\router\index.js:342:13)
    at C:\react project\x\the-karan-singh-vaidh\the-karan-singh-vaidh\server\node_modules\router\index.js:297:9

[2026-02-20T16:43:27.170Z] 404 - Not Found - /api/activity/stats/699815a20e67b6e7f5f3d7fa
Error: Not Found - /api/activity/stats/699815a20e67b6e7f5f3d7fa
    at notFound (C:\react project\x\the-karan-singh-vaidh\the-karan-singh-vaidh\server\middleware\errorMiddleware.js:2:19)
    at Layer.handleRequest (C:\react project\x\the-karan-singh-vaidh\the-karan-singh-vaidh\server\node_modules\router\lib\layer.js:152:17)
    at trimPrefix (C:\react project\x\the-karan-singh-vaidh\the-karan-singh-vaidh\server\node_modules\router\index.js:342:13)
    at C:\react project\x\the-karan-singh-vaidh\the-karan-singh-vaidh\server\node_modules\router\index.js:297:9
    at processParams (C:\react project\x\the-karan-singh-vaidh\the-karan-singh-vaidh\server\node_modules\router\index.js:582:12)
    at next (C:\react project\x\the-karan-singh-vaidh\the-karan-singh-vaidh\server\node_modules\router\index.js:291:5)
    at logger (C:\react project\x\the-karan-singh-vaidh\the-karan-singh-vaidh\server\node_modules\morgan\index.js:144:5)
    at Layer.handleRequest (C:\react project\x\the-karan-singh-vaidh\the-karan-singh-vaidh\server\node_modules\router\lib\layer.js:152:17)
    at trimPrefix (C:\react project\x\the-karan-singh-vaidh\the-karan-singh-vaidh\server\node_modules\router\index.js:342:13)
    at C:\react project\x\the-karan-singh-vaidh\the-karan-singh-vaidh\server\node_modules\router\index.js:297:9

[2026-02-20T16:44:27.167Z] 404 - Not Found - /api/activity/stats/699815a20e67b6e7f5f3d7fa
Error: Not Found - /api/activity/stats/699815a20e67b6e7f5f3d7fa
    at notFound (C:\react project\x\the-karan-singh-vaidh\the-karan-singh-vaidh\server\middleware\errorMiddleware.js:2:19)
    at Layer.handleRequest (C:\react project\x\the-karan-singh-vaidh\the-karan-singh-vaidh\server\node_modules\router\lib\layer.js:152:17)
    at trimPrefix (C:\react project\x\the-karan-singh-vaidh\the-karan-singh-vaidh\server\node_modules\router\index.js:342:13)
    at C:\react project\x\the-karan-singh-vaidh\the-karan-singh-vaidh\server\node_modules\router\index.js:297:9
    at processParams (C:\react project\x\the-karan-singh-vaidh\the-karan-singh-vaidh\server\node_modules\router\index.js:582:12)
    at next (C:\react project\x\the-karan-singh-vaidh\the-karan-singh-vaidh\server\node_modules\router\index.js:291:5)
    at logger (C:\react project\x\the-karan-singh-vaidh\the-karan-singh-vaidh\server\node_modules\morgan\index.js:144:5)
    at Layer.handleRequest (C:\react project\x\the-karan-singh-vaidh\the-karan-singh-vaidh\server\node_modules\router\lib\layer.js:152:17)
    at trimPrefix (C:\react project\x\the-karan-singh-vaidh\the-karan-singh-vaidh\server\node_modules\router\index.js:342:13)
    at C:\react project\x\the-karan-singh-vaidh\the-karan-singh-vaidh\server\node_modules\router\index.js:297:9

[2026-02-20T16:45:27.173Z] 404 - Not Found - /api/activity/stats/699815a20e67b6e7f5f3d7fa
Error: Not Found - /api/activity/stats/699815a20e67b6e7f5f3d7fa
    at notFound (C:\react project\x\the-karan-singh-vaidh\the-karan-singh-vaidh\server\middleware\errorMiddleware.js:2:19)
    at Layer.handleRequest (C:\react project\x\the-karan-singh-vaidh\the-karan-singh-vaidh\server\node_modules\router\lib\layer.js:152:17)
    at trimPrefix (C:\react project\x\the-karan-singh-vaidh\the-karan-singh-vaidh\server\node_modules\router\index.js:342:13)
    at C:\react project\x\the-karan-singh-vaidh\the-karan-singh-vaidh\server\node_modules\router\index.js:297:9
    at processParams (C:\react project\x\the-karan-singh-vaidh\the-karan-singh-vaidh\server\node_modules\router\index.js:582:12)
    at next (C:\react project\x\the-karan-singh-vaidh\the-karan-singh-vaidh\server\node_modules\router\index.js:291:5)
    at logger (C:\react project\x\the-karan-singh-vaidh\the-karan-singh-vaidh\server\node_modules\morgan\index.js:144:5)
    at Layer.handleRequest (C:\react project\x\the-karan-singh-vaidh\the-karan-singh-vaidh\server\node_modules\router\lib\layer.js:152:17)
    at trimPrefix (C:\react project\x\the-karan-singh-vaidh\the-karan-singh-vaidh\server\node_modules\router\index.js:342:13)
    at C:\react project\x\the-karan-singh-vaidh\the-karan-singh-vaidh\server\node_modules\router\index.js:297:9

[2026-02-20T16:46:27.172Z] 404 - Not Found - /api/activity/stats/699815a20e67b6e7f5f3d7fa
Error: Not Found - /api/activity/stats/699815a20e67b6e7f5f3d7fa
    at notFound (C:\react project\x\the-karan-singh-vaidh\the-karan-singh-vaidh\server\middleware\errorMiddleware.js:2:19)
    at Layer.handleRequest (C:\react project\x\the-karan-singh-vaidh\the-karan-singh-vaidh\server\node_modules\router\lib\layer.js:152:17)
    at trimPrefix (C:\react project\x\the-karan-singh-vaidh\the-karan-singh-vaidh\server\node_modules\router\index.js:342:13)
    at C:\react project\x\the-karan-singh-vaidh\the-karan-singh-vaidh\server\node_modules\router\index.js:297:9
    at processParams (C:\react project\x\the-karan-singh-vaidh\the-karan-singh-vaidh\server\node_modules\router\index.js:582:12)
    at next (C:\react project\x\the-karan-singh-vaidh\the-karan-singh-vaidh\server\node_modules\router\index.js:291:5)
    at logger (C:\react project\x\the-karan-singh-vaidh\the-karan-singh-vaidh\server\node_modules\morgan\index.js:144:5)
    at Layer.handleRequest (C:\react project\x\the-karan-singh-vaidh\the-karan-singh-vaidh\server\node_modules\router\lib\layer.js:152:17)
    at trimPrefix (C:\react project\x\the-karan-singh-vaidh\the-karan-singh-vaidh\server\node_modules\router\index.js:342:13)
    at C:\react project\x\the-karan-singh-vaidh\the-karan-singh-vaidh\server\node_modules\router\index.js:297:9

[2026-02-20T16:47:27.210Z] 404 - Not Found - /api/activity/stats/699815a20e67b6e7f5f3d7fa
Error: Not Found - /api/activity/stats/699815a20e67b6e7f5f3d7fa
    at notFound (C:\react project\x\the-karan-singh-vaidh\the-karan-singh-vaidh\server\middleware\errorMiddleware.js:2:19)
    at Layer.handleRequest (C:\react project\x\the-karan-singh-vaidh\the-karan-singh-vaidh\server\node_modules\router\lib\layer.js:152:17)
    at trimPrefix (C:\react project\x\the-karan-singh-vaidh\the-karan-singh-vaidh\server\node_modules\router\index.js:342:13)
    at C:\react project\x\the-karan-singh-vaidh\the-karan-singh-vaidh\server\node_modules\router\index.js:297:9
    at processParams (C:\react project\x\the-karan-singh-vaidh\the-karan-singh-vaidh\server\node_modules\router\index.js:582:12)
    at next (C:\react project\x\the-karan-singh-vaidh\the-karan-singh-vaidh\server\node_modules\router\index.js:291:5)
    at logger (C:\react project\x\the-karan-singh-vaidh\the-karan-singh-vaidh\server\node_modules\morgan\index.js:144:5)
    at Layer.handleRequest (C:\react project\x\the-karan-singh-vaidh\the-karan-singh-vaidh\server\node_modules\router\lib\layer.js:152:17)
    at trimPrefix (C:\react project\x\the-karan-singh-vaidh\the-karan-singh-vaidh\server\node_modules\router\index.js:342:13)
    at C:\react project\x\the-karan-singh-vaidh\the-karan-singh-vaidh\server\node_modules\router\index.js:297:9

[2026-02-20T16:48:27.178Z] 404 - Not Found - /api/activity/stats/699815a20e67b6e7f5f3d7fa
Error: Not Found - /api/activity/stats/699815a20e67b6e7f5f3d7fa
    at notFound (C:\react project\x\the-karan-singh-vaidh\the-karan-singh-vaidh\server\middleware\errorMiddleware.js:2:19)
    at Layer.handleRequest (C:\react project\x\the-karan-singh-vaidh\the-karan-singh-vaidh\server\node_modules\router\lib\layer.js:152:17)
    at trimPrefix (C:\react project\x\the-karan-singh-vaidh\the-karan-singh-vaidh\server\node_modules\router\index.js:342:13)
    at C:\react project\x\the-karan-singh-vaidh\the-karan-singh-vaidh\server\node_modules\router\index.js:297:9
    at processParams (C:\react project\x\the-karan-singh-vaidh\the-karan-singh-vaidh\server\node_modules\router\index.js:582:12)
    at next (C:\react project\x\the-karan-singh-vaidh\the-karan-singh-vaidh\server\node_modules\router\index.js:291:5)
    at logger (C:\react project\x\the-karan-singh-vaidh\the-karan-singh-vaidh\server\node_modules\morgan\index.js:144:5)
    at Layer.handleRequest (C:\react project\x\the-karan-singh-vaidh\the-karan-singh-vaidh\server\node_modules\router\lib\layer.js:152:17)
    at trimPrefix (C:\react project\x\the-karan-singh-vaidh\the-karan-singh-vaidh\server\node_modules\router\index.js:342:13)
    at C:\react project\x\the-karan-singh-vaidh\the-karan-singh-vaidh\server\node_modules\router\index.js:297:9

[2026-02-20T16:49:27.173Z] 404 - Not Found - /api/activity/stats/699815a20e67b6e7f5f3d7fa
Error: Not Found - /api/activity/stats/699815a20e67b6e7f5f3d7fa
    at notFound (C:\react project\x\the-karan-singh-vaidh\the-karan-singh-vaidh\server\middleware\errorMiddleware.js:2:19)
    at Layer.handleRequest (C:\react project\x\the-karan-singh-vaidh\the-karan-singh-vaidh\server\node_modules\router\lib\layer.js:152:17)
    at trimPrefix (C:\react project\x\the-karan-singh-vaidh\the-karan-singh-vaidh\server\node_modules\router\index.js:342:13)
    at C:\react project\x\the-karan-singh-vaidh\the-karan-singh-vaidh\server\node_modules\router\index.js:297:9
    at processParams (C:\react project\x\the-karan-singh-vaidh\the-karan-singh-vaidh\server\node_modules\router\index.js:582:12)
    at next (C:\react project\x\the-karan-singh-vaidh\the-karan-singh-vaidh\server\node_modules\router\index.js:291:5)
    at logger (C:\react project\x\the-karan-singh-vaidh\the-karan-singh-vaidh\server\node_modules\morgan\index.js:144:5)
    at Layer.handleRequest (C:\react project\x\the-karan-singh-vaidh\the-karan-singh-vaidh\server\node_modules\router\lib\layer.js:152:17)
    at trimPrefix (C:\react project\x\the-karan-singh-vaidh\the-karan-singh-vaidh\server\node_modules\router\index.js:342:13)
    at C:\react project\x\the-karan-singh-vaidh\the-karan-singh-vaidh\server\node_modules\router\index.js:297:9

[2026-02-20T16:50:27.167Z] 404 - Not Found - /api/activity/stats/699815a20e67b6e7f5f3d7fa
Error: Not Found - /api/activity/stats/699815a20e67b6e7f5f3d7fa
    at notFound (C:\react project\x\the-karan-singh-vaidh\the-karan-singh-vaidh\server\middleware\errorMiddleware.js:2:19)
    at Layer.handleRequest (C:\react project\x\the-karan-singh-vaidh\the-karan-singh-vaidh\server\node_modules\router\lib\layer.js:152:17)
    at trimPrefix (C:\react project\x\the-karan-singh-vaidh\the-karan-singh-vaidh\server\node_modules\router\index.js:342:13)
    at C:\react project\x\the-karan-singh-vaidh\the-karan-singh-vaidh\server\node_modules\router\index.js:297:9
    at processParams (C:\react project\x\the-karan-singh-vaidh\the-karan-singh-vaidh\server\node_modules\router\index.js:582:12)
    at next (C:\react project\x\the-karan-singh-vaidh\the-karan-singh-vaidh\server\node_modules\router\index.js:291:5)
    at logger (C:\react project\x\the-karan-singh-vaidh\the-karan-singh-vaidh\server\node_modules\morgan\index.js:144:5)
    at Layer.handleRequest (C:\react project\x\the-karan-singh-vaidh\the-karan-singh-vaidh\server\node_modules\router\lib\layer.js:152:17)
    at trimPrefix (C:\react project\x\the-karan-singh-vaidh\the-karan-singh-vaidh\server\node_modules\router\index.js:342:13)
    at C:\react project\x\the-karan-singh-vaidh\the-karan-singh-vaidh\server\node_modules\router\index.js:297:9

[2026-02-20T16:51:27.167Z] 404 - Not Found - /api/activity/stats/699815a20e67b6e7f5f3d7fa
Error: Not Found - /api/activity/stats/699815a20e67b6e7f5f3d7fa
    at notFound (C:\react project\x\the-karan-singh-vaidh\the-karan-singh-vaidh\server\middleware\errorMiddleware.js:2:19)
    at Layer.handleRequest (C:\react project\x\the-karan-singh-vaidh\the-karan-singh-vaidh\server\node_modules\router\lib\layer.js:152:17)
    at trimPrefix (C:\react project\x\the-karan-singh-vaidh\the-karan-singh-vaidh\server\node_modules\router\index.js:342:13)
    at C:\react project\x\the-karan-singh-vaidh\the-karan-singh-vaidh\server\node_modules\router\index.js:297:9
    at processParams (C:\react project\x\the-karan-singh-vaidh\the-karan-singh-vaidh\server\node_modules\router\index.js:582:12)
    at next (C:\react project\x\the-karan-singh-vaidh\the-karan-singh-vaidh\server\node_modules\router\index.js:291:5)
    at logger (C:\react project\x\the-karan-singh-vaidh\the-karan-singh-vaidh\server\node_modules\morgan\index.js:144:5)
    at Layer.handleRequest (C:\react project\x\the-karan-singh-vaidh\the-karan-singh-vaidh\server\node_modules\router\lib\layer.js:152:17)
    at trimPrefix (C:\react project\x\the-karan-singh-vaidh\the-karan-singh-vaidh\server\node_modules\router\index.js:342:13)
    at C:\react project\x\the-karan-singh-vaidh\the-karan-singh-vaidh\server\node_modules\router\index.js:297:9

[2026-02-20T16:52:27.159Z] 404 - Not Found - /api/activity/stats/699815a20e67b6e7f5f3d7fa
Error: Not Found - /api/activity/stats/699815a20e67b6e7f5f3d7fa
    at notFound (C:\react project\x\the-karan-singh-vaidh\the-karan-singh-vaidh\server\middleware\errorMiddleware.js:2:19)
    at Layer.handleRequest (C:\react project\x\the-karan-singh-vaidh\the-karan-singh-vaidh\server\node_modules\router\lib\layer.js:152:17)
    at trimPrefix (C:\react project\x\the-karan-singh-vaidh\the-karan-singh-vaidh\server\node_modules\router\index.js:342:13)
    at C:\react project\x\the-karan-singh-vaidh\the-karan-singh-vaidh\server\node_modules\router\index.js:297:9
    at processParams (C:\react project\x\the-karan-singh-vaidh\the-karan-singh-vaidh\server\node_modules\router\index.js:582:12)
    at next (C:\react project\x\the-karan-singh-vaidh\the-karan-singh-vaidh\server\node_modules\router\index.js:291:5)
    at logger (C:\react project\x\the-karan-singh-vaidh\the-karan-singh-vaidh\server\node_modules\morgan\index.js:144:5)
    at Layer.handleRequest (C:\react project\x\the-karan-singh-vaidh\the-karan-singh-vaidh\server\node_modules\router\lib\layer.js:152:17)
    at trimPrefix (C:\react project\x\the-karan-singh-vaidh\the-karan-singh-vaidh\server\node_modules\router\index.js:342:13)
    at C:\react project\x\the-karan-singh-vaidh\the-karan-singh-vaidh\server\node_modules\router\index.js:297:9

[2026-02-20T16:53:27.194Z] 404 - Not Found - /api/activity/stats/699815a20e67b6e7f5f3d7fa
Error: Not Found - /api/activity/stats/699815a20e67b6e7f5f3d7fa
    at notFound (C:\react project\x\the-karan-singh-vaidh\the-karan-singh-vaidh\server\middleware\errorMiddleware.js:2:19)
    at Layer.handleRequest (C:\react project\x\the-karan-singh-vaidh\the-karan-singh-vaidh\server\node_modules\router\lib\layer.js:152:17)
    at trimPrefix (C:\react project\x\the-karan-singh-vaidh\the-karan-singh-vaidh\server\node_modules\router\index.js:342:13)
    at C:\react project\x\the-karan-singh-vaidh\the-karan-singh-vaidh\server\node_modules\router\index.js:297:9
    at processParams (C:\react project\x\the-karan-singh-vaidh\the-karan-singh-vaidh\server\node_modules\router\index.js:582:12)
    at next (C:\react project\x\the-karan-singh-vaidh\the-karan-singh-vaidh\server\node_modules\router\index.js:291:5)
    at logger (C:\react project\x\the-karan-singh-vaidh\the-karan-singh-vaidh\server\node_modules\morgan\index.js:144:5)
    at Layer.handleRequest (C:\react project\x\the-karan-singh-vaidh\the-karan-singh-vaidh\server\node_modules\router\lib\layer.js:152:17)
    at trimPrefix (C:\react project\x\the-karan-singh-vaidh\the-karan-singh-vaidh\server\node_modules\router\index.js:342:13)
    at C:\react project\x\the-karan-singh-vaidh\the-karan-singh-vaidh\server\node_modules\router\index.js:297:9

[2026-02-20T16:54:27.165Z] 404 - Not Found - /api/activity/stats/699815a20e67b6e7f5f3d7fa
Error: Not Found - /api/activity/stats/699815a20e67b6e7f5f3d7fa
    at notFound (C:\react project\x\the-karan-singh-vaidh\the-karan-singh-vaidh\server\middleware\errorMiddleware.js:2:19)
    at Layer.handleRequest (C:\react project\x\the-karan-singh-vaidh\the-karan-singh-vaidh\server\node_modules\router\lib\layer.js:152:17)
    at trimPrefix (C:\react project\x\the-karan-singh-vaidh\the-karan-singh-vaidh\server\node_modules\router\index.js:342:13)
    at C:\react project\x\the-karan-singh-vaidh\the-karan-singh-vaidh\server\node_modules\router\index.js:297:9
    at processParams (C:\react project\x\the-karan-singh-vaidh\the-karan-singh-vaidh\server\node_modules\router\index.js:582:12)
    at next (C:\react project\x\the-karan-singh-vaidh\the-karan-singh-vaidh\server\node_modules\router\index.js:291:5)
    at logger (C:\react project\x\the-karan-singh-vaidh\the-karan-singh-vaidh\server\node_modules\morgan\index.js:144:5)
    at Layer.handleRequest (C:\react project\x\the-karan-singh-vaidh\the-karan-singh-vaidh\server\node_modules\router\lib\layer.js:152:17)
    at trimPrefix (C:\react project\x\the-karan-singh-vaidh\the-karan-singh-vaidh\server\node_modules\router\index.js:342:13)
    at C:\react project\x\the-karan-singh-vaidh\the-karan-singh-vaidh\server\node_modules\router\index.js:297:9

[2026-02-20T16:55:27.182Z] 404 - Not Found - /api/activity/stats/699815a20e67b6e7f5f3d7fa
Error: Not Found - /api/activity/stats/699815a20e67b6e7f5f3d7fa
    at notFound (C:\react project\x\the-karan-singh-vaidh\the-karan-singh-vaidh\server\middleware\errorMiddleware.js:2:19)
    at Layer.handleRequest (C:\react project\x\the-karan-singh-vaidh\the-karan-singh-vaidh\server\node_modules\router\lib\layer.js:152:17)
    at trimPrefix (C:\react project\x\the-karan-singh-vaidh\the-karan-singh-vaidh\server\node_modules\router\index.js:342:13)
    at C:\react project\x\the-karan-singh-vaidh\the-karan-singh-vaidh\server\node_modules\router\index.js:297:9
    at processParams (C:\react project\x\the-karan-singh-vaidh\the-karan-singh-vaidh\server\node_modules\router\index.js:582:12)
    at next (C:\react project\x\the-karan-singh-vaidh\the-karan-singh-vaidh\server\node_modules\router\index.js:291:5)
    at logger (C:\react project\x\the-karan-singh-vaidh\the-karan-singh-vaidh\server\node_modules\morgan\index.js:144:5)
    at Layer.handleRequest (C:\react project\x\the-karan-singh-vaidh\the-karan-singh-vaidh\server\node_modules\router\lib\layer.js:152:17)
    at trimPrefix (C:\react project\x\the-karan-singh-vaidh\the-karan-singh-vaidh\server\node_modules\router\index.js:342:13)
    at C:\react project\x\the-karan-singh-vaidh\the-karan-singh-vaidh\server\node_modules\router\index.js:297:9

[2026-02-20T16:56:27.165Z] 404 - Not Found - /api/activity/stats/699815a20e67b6e7f5f3d7fa
Error: Not Found - /api/activity/stats/699815a20e67b6e7f5f3d7fa
    at notFound (C:\react project\x\the-karan-singh-vaidh\the-karan-singh-vaidh\server\middleware\errorMiddleware.js:2:19)
    at Layer.handleRequest (C:\react project\x\the-karan-singh-vaidh\the-karan-singh-vaidh\server\node_modules\router\lib\layer.js:152:17)
    at trimPrefix (C:\react project\x\the-karan-singh-vaidh\the-karan-singh-vaidh\server\node_modules\router\index.js:342:13)
    at C:\react project\x\the-karan-singh-vaidh\the-karan-singh-vaidh\server\node_modules\router\index.js:297:9
    at processParams (C:\react project\x\the-karan-singh-vaidh\the-karan-singh-vaidh\server\node_modules\router\index.js:582:12)
    at next (C:\react project\x\the-karan-singh-vaidh\the-karan-singh-vaidh\server\node_modules\router\index.js:291:5)
    at logger (C:\react project\x\the-karan-singh-vaidh\the-karan-singh-vaidh\server\node_modules\morgan\index.js:144:5)
    at Layer.handleRequest (C:\react project\x\the-karan-singh-vaidh\the-karan-singh-vaidh\server\node_modules\router\lib\layer.js:152:17)
    at trimPrefix (C:\react project\x\the-karan-singh-vaidh\the-karan-singh-vaidh\server\node_modules\router\index.js:342:13)
    at C:\react project\x\the-karan-singh-vaidh\the-karan-singh-vaidh\server\node_modules\router\index.js:297:9

[2026-02-20T16:57:27.186Z] 404 - Not Found - /api/activity/stats/699815a20e67b6e7f5f3d7fa
Error: Not Found - /api/activity/stats/699815a20e67b6e7f5f3d7fa
    at notFound (C:\react project\x\the-karan-singh-vaidh\the-karan-singh-vaidh\server\middleware\errorMiddleware.js:2:19)
    at Layer.handleRequest (C:\react project\x\the-karan-singh-vaidh\the-karan-singh-vaidh\server\node_modules\router\lib\layer.js:152:17)
    at trimPrefix (C:\react project\x\the-karan-singh-vaidh\the-karan-singh-vaidh\server\node_modules\router\index.js:342:13)
    at C:\react project\x\the-karan-singh-vaidh\the-karan-singh-vaidh\server\node_modules\router\index.js:297:9
    at processParams (C:\react project\x\the-karan-singh-vaidh\the-karan-singh-vaidh\server\node_modules\router\index.js:582:12)
    at next (C:\react project\x\the-karan-singh-vaidh\the-karan-singh-vaidh\server\node_modules\router\index.js:291:5)
    at logger (C:\react project\x\the-karan-singh-vaidh\the-karan-singh-vaidh\server\node_modules\morgan\index.js:144:5)
    at Layer.handleRequest (C:\react project\x\the-karan-singh-vaidh\the-karan-singh-vaidh\server\node_modules\router\lib\layer.js:152:17)
    at trimPrefix (C:\react project\x\the-karan-singh-vaidh\the-karan-singh-vaidh\server\node_modules\router\index.js:342:13)
    at C:\react project\x\the-karan-singh-vaidh\the-karan-singh-vaidh\server\node_modules\router\index.js:297:9

[2026-02-20T16:58:27.166Z] 404 - Not Found - /api/activity/stats/699815a20e67b6e7f5f3d7fa
Error: Not Found - /api/activity/stats/699815a20e67b6e7f5f3d7fa
    at notFound (C:\react project\x\the-karan-singh-vaidh\the-karan-singh-vaidh\server\middleware\errorMiddleware.js:2:19)
    at Layer.handleRequest (C:\react project\x\the-karan-singh-vaidh\the-karan-singh-vaidh\server\node_modules\router\lib\layer.js:152:17)
    at trimPrefix (C:\react project\x\the-karan-singh-vaidh\the-karan-singh-vaidh\server\node_modules\router\index.js:342:13)
    at C:\react project\x\the-karan-singh-vaidh\the-karan-singh-vaidh\server\node_modules\router\index.js:297:9
    at processParams (C:\react project\x\the-karan-singh-vaidh\the-karan-singh-vaidh\server\node_modules\router\index.js:582:12)
    at next (C:\react project\x\the-karan-singh-vaidh\the-karan-singh-vaidh\server\node_modules\router\index.js:291:5)
    at logger (C:\react project\x\the-karan-singh-vaidh\the-karan-singh-vaidh\server\node_modules\morgan\index.js:144:5)
    at Layer.handleRequest (C:\react project\x\the-karan-singh-vaidh\the-karan-singh-vaidh\server\node_modules\router\lib\layer.js:152:17)
    at trimPrefix (C:\react project\x\the-karan-singh-vaidh\the-karan-singh-vaidh\server\node_modules\router\index.js:342:13)
    at C:\react project\x\the-karan-singh-vaidh\the-karan-singh-vaidh\server\node_modules\router\index.js:297:9

[2026-02-20T16:59:27.182Z] 404 - Not Found - /api/activity/stats/699815a20e67b6e7f5f3d7fa
Error: Not Found - /api/activity/stats/699815a20e67b6e7f5f3d7fa
    at notFound (C:\react project\x\the-karan-singh-vaidh\the-karan-singh-vaidh\server\middleware\errorMiddleware.js:2:19)
    at Layer.handleRequest (C:\react project\x\the-karan-singh-vaidh\the-karan-singh-vaidh\server\node_modules\router\lib\layer.js:152:17)
    at trimPrefix (C:\react project\x\the-karan-singh-vaidh\the-karan-singh-vaidh\server\node_modules\router\index.js:342:13)
    at C:\react project\x\the-karan-singh-vaidh\the-karan-singh-vaidh\server\node_modules\router\index.js:297:9
    at processParams (C:\react project\x\the-karan-singh-vaidh\the-karan-singh-vaidh\server\node_modules\router\index.js:582:12)
    at next (C:\react project\x\the-karan-singh-vaidh\the-karan-singh-vaidh\server\node_modules\router\index.js:291:5)
    at logger (C:\react project\x\the-karan-singh-vaidh\the-karan-singh-vaidh\server\node_modules\morgan\index.js:144:5)
    at Layer.handleRequest (C:\react project\x\the-karan-singh-vaidh\the-karan-singh-vaidh\server\node_modules\router\lib\layer.js:152:17)
    at trimPrefix (C:\react project\x\the-karan-singh-vaidh\the-karan-singh-vaidh\server\node_modules\router\index.js:342:13)
    at C:\react project\x\the-karan-singh-vaidh\the-karan-singh-vaidh\server\node_modules\router\index.js:297:9

[2026-02-20T17:00:27.175Z] 404 - Not Found - /api/activity/stats/699815a20e67b6e7f5f3d7fa
Error: Not Found - /api/activity/stats/699815a20e67b6e7f5f3d7fa
    at notFound (C:\react project\x\the-karan-singh-vaidh\the-karan-singh-vaidh\server\middleware\errorMiddleware.js:2:19)
    at Layer.handleRequest (C:\react project\x\the-karan-singh-vaidh\the-karan-singh-vaidh\server\node_modules\router\lib\layer.js:152:17)
    at trimPrefix (C:\react project\x\the-karan-singh-vaidh\the-karan-singh-vaidh\server\node_modules\router\index.js:342:13)
    at C:\react project\x\the-karan-singh-vaidh\the-karan-singh-vaidh\server\node_modules\router\index.js:297:9
    at processParams (C:\react project\x\the-karan-singh-vaidh\the-karan-singh-vaidh\server\node_modules\router\index.js:582:12)
    at next (C:\react project\x\the-karan-singh-vaidh\the-karan-singh-vaidh\server\node_modules\router\index.js:291:5)
    at logger (C:\react project\x\the-karan-singh-vaidh\the-karan-singh-vaidh\server\node_modules\morgan\index.js:144:5)
    at Layer.handleRequest (C:\react project\x\the-karan-singh-vaidh\the-karan-singh-vaidh\server\node_modules\router\lib\layer.js:152:17)
    at trimPrefix (C:\react project\x\the-karan-singh-vaidh\the-karan-singh-vaidh\server\node_modules\router\index.js:342:13)
    at C:\react project\x\the-karan-singh-vaidh\the-karan-singh-vaidh\server\node_modules\router\index.js:297:9

[2026-02-20T17:01:27.170Z] 404 - Not Found - /api/activity/stats/699815a20e67b6e7f5f3d7fa
Error: Not Found - /api/activity/stats/699815a20e67b6e7f5f3d7fa
    at notFound (C:\react project\x\the-karan-singh-vaidh\the-karan-singh-vaidh\server\middleware\errorMiddleware.js:2:19)
    at Layer.handleRequest (C:\react project\x\the-karan-singh-vaidh\the-karan-singh-vaidh\server\node_modules\router\lib\layer.js:152:17)
    at trimPrefix (C:\react project\x\the-karan-singh-vaidh\the-karan-singh-vaidh\server\node_modules\router\index.js:342:13)
    at C:\react project\x\the-karan-singh-vaidh\the-karan-singh-vaidh\server\node_modules\router\index.js:297:9
    at processParams (C:\react project\x\the-karan-singh-vaidh\the-karan-singh-vaidh\server\node_modules\router\index.js:582:12)
    at next (C:\react project\x\the-karan-singh-vaidh\the-karan-singh-vaidh\server\node_modules\router\index.js:291:5)
    at logger (C:\react project\x\the-karan-singh-vaidh\the-karan-singh-vaidh\server\node_modules\morgan\index.js:144:5)
    at Layer.handleRequest (C:\react project\x\the-karan-singh-vaidh\the-karan-singh-vaidh\server\node_modules\router\lib\layer.js:152:17)
    at trimPrefix (C:\react project\x\the-karan-singh-vaidh\the-karan-singh-vaidh\server\node_modules\router\index.js:342:13)
    at C:\react project\x\the-karan-singh-vaidh\the-karan-singh-vaidh\server\node_modules\router\index.js:297:9

[2026-02-20T17:02:27.170Z] 404 - Not Found - /api/activity/stats/699815a20e67b6e7f5f3d7fa
Error: Not Found - /api/activity/stats/699815a20e67b6e7f5f3d7fa
    at notFound (C:\react project\x\the-karan-singh-vaidh\the-karan-singh-vaidh\server\middleware\errorMiddleware.js:2:19)
    at Layer.handleRequest (C:\react project\x\the-karan-singh-vaidh\the-karan-singh-vaidh\server\node_modules\router\lib\layer.js:152:17)
    at trimPrefix (C:\react project\x\the-karan-singh-vaidh\the-karan-singh-vaidh\server\node_modules\router\index.js:342:13)
    at C:\react project\x\the-karan-singh-vaidh\the-karan-singh-vaidh\server\node_modules\router\index.js:297:9
    at processParams (C:\react project\x\the-karan-singh-vaidh\the-karan-singh-vaidh\server\node_modules\router\index.js:582:12)
    at next (C:\react project\x\the-karan-singh-vaidh\the-karan-singh-vaidh\server\node_modules\router\index.js:291:5)
    at logger (C:\react project\x\the-karan-singh-vaidh\the-karan-singh-vaidh\server\node_modules\morgan\index.js:144:5)
    at Layer.handleRequest (C:\react project\x\the-karan-singh-vaidh\the-karan-singh-vaidh\server\node_modules\router\lib\layer.js:152:17)
    at trimPrefix (C:\react project\x\the-karan-singh-vaidh\the-karan-singh-vaidh\server\node_modules\router\index.js:342:13)
    at C:\react project\x\the-karan-singh-vaidh\the-karan-singh-vaidh\server\node_modules\router\index.js:297:9

[2026-02-20T17:03:27.184Z] 404 - Not Found - /api/activity/stats/699815a20e67b6e7f5f3d7fa
Error: Not Found - /api/activity/stats/699815a20e67b6e7f5f3d7fa
    at notFound (C:\react project\x\the-karan-singh-vaidh\the-karan-singh-vaidh\server\middleware\errorMiddleware.js:2:19)
    at Layer.handleRequest (C:\react project\x\the-karan-singh-vaidh\the-karan-singh-vaidh\server\node_modules\router\lib\layer.js:152:17)
    at trimPrefix (C:\react project\x\the-karan-singh-vaidh\the-karan-singh-vaidh\server\node_modules\router\index.js:342:13)
    at C:\react project\x\the-karan-singh-vaidh\the-karan-singh-vaidh\server\node_modules\router\index.js:297:9
    at processParams (C:\react project\x\the-karan-singh-vaidh\the-karan-singh-vaidh\server\node_modules\router\index.js:582:12)
    at next (C:\react project\x\the-karan-singh-vaidh\the-karan-singh-vaidh\server\node_modules\router\index.js:291:5)
    at logger (C:\react project\x\the-karan-singh-vaidh\the-karan-singh-vaidh\server\node_modules\morgan\index.js:144:5)
    at Layer.handleRequest (C:\react project\x\the-karan-singh-vaidh\the-karan-singh-vaidh\server\node_modules\router\lib\layer.js:152:17)
    at trimPrefix (C:\react project\x\the-karan-singh-vaidh\the-karan-singh-vaidh\server\node_modules\router\index.js:342:13)
    at C:\react project\x\the-karan-singh-vaidh\the-karan-singh-vaidh\server\node_modules\router\index.js:297:9

[2026-02-20T17:04:27.186Z] 404 - Not Found - /api/activity/stats/699815a20e67b6e7f5f3d7fa
Error: Not Found - /api/activity/stats/699815a20e67b6e7f5f3d7fa
    at notFound (C:\react project\x\the-karan-singh-vaidh\the-karan-singh-vaidh\server\middleware\errorMiddleware.js:2:19)
    at Layer.handleRequest (C:\react project\x\the-karan-singh-vaidh\the-karan-singh-vaidh\server\node_modules\router\lib\layer.js:152:17)
    at trimPrefix (C:\react project\x\the-karan-singh-vaidh\the-karan-singh-vaidh\server\node_modules\router\index.js:342:13)
    at C:\react project\x\the-karan-singh-vaidh\the-karan-singh-vaidh\server\node_modules\router\index.js:297:9
    at processParams (C:\react project\x\the-karan-singh-vaidh\the-karan-singh-vaidh\server\node_modules\router\index.js:582:12)
    at next (C:\react project\x\the-karan-singh-vaidh\the-karan-singh-vaidh\server\node_modules\router\index.js:291:5)
    at logger (C:\react project\x\the-karan-singh-vaidh\the-karan-singh-vaidh\server\node_modules\morgan\index.js:144:5)
    at Layer.handleRequest (C:\react project\x\the-karan-singh-vaidh\the-karan-singh-vaidh\server\node_modules\router\lib\layer.js:152:17)
    at trimPrefix (C:\react project\x\the-karan-singh-vaidh\the-karan-singh-vaidh\server\node_modules\router\index.js:342:13)
    at C:\react project\x\the-karan-singh-vaidh\the-karan-singh-vaidh\server\node_modules\router\index.js:297:9

[2026-02-20T17:05:27.202Z] 404 - Not Found - /api/activity/stats/699815a20e67b6e7f5f3d7fa
Error: Not Found - /api/activity/stats/699815a20e67b6e7f5f3d7fa
    at notFound (C:\react project\x\the-karan-singh-vaidh\the-karan-singh-vaidh\server\middleware\errorMiddleware.js:2:19)
    at Layer.handleRequest (C:\react project\x\the-karan-singh-vaidh\the-karan-singh-vaidh\server\node_modules\router\lib\layer.js:152:17)
    at trimPrefix (C:\react project\x\the-karan-singh-vaidh\the-karan-singh-vaidh\server\node_modules\router\index.js:342:13)
    at C:\react project\x\the-karan-singh-vaidh\the-karan-singh-vaidh\server\node_modules\router\index.js:297:9
    at processParams (C:\react project\x\the-karan-singh-vaidh\the-karan-singh-vaidh\server\node_modules\router\index.js:582:12)
    at next (C:\react project\x\the-karan-singh-vaidh\the-karan-singh-vaidh\server\node_modules\router\index.js:291:5)
    at logger (C:\react project\x\the-karan-singh-vaidh\the-karan-singh-vaidh\server\node_modules\morgan\index.js:144:5)
    at Layer.handleRequest (C:\react project\x\the-karan-singh-vaidh\the-karan-singh-vaidh\server\node_modules\router\lib\layer.js:152:17)
    at trimPrefix (C:\react project\x\the-karan-singh-vaidh\the-karan-singh-vaidh\server\node_modules\router\index.js:342:13)
    at C:\react project\x\the-karan-singh-vaidh\the-karan-singh-vaidh\server\node_modules\router\index.js:297:9

[2026-02-20T17:06:27.190Z] 404 - Not Found - /api/activity/stats/699815a20e67b6e7f5f3d7fa
Error: Not Found - /api/activity/stats/699815a20e67b6e7f5f3d7fa
    at notFound (C:\react project\x\the-karan-singh-vaidh\the-karan-singh-vaidh\server\middleware\errorMiddleware.js:2:19)
    at Layer.handleRequest (C:\react project\x\the-karan-singh-vaidh\the-karan-singh-vaidh\server\node_modules\router\lib\layer.js:152:17)
    at trimPrefix (C:\react project\x\the-karan-singh-vaidh\the-karan-singh-vaidh\server\node_modules\router\index.js:342:13)
    at C:\react project\x\the-karan-singh-vaidh\the-karan-singh-vaidh\server\node_modules\router\index.js:297:9
    at processParams (C:\react project\x\the-karan-singh-vaidh\the-karan-singh-vaidh\server\node_modules\router\index.js:582:12)
    at next (C:\react project\x\the-karan-singh-vaidh\the-karan-singh-vaidh\server\node_modules\router\index.js:291:5)
    at logger (C:\react project\x\the-karan-singh-vaidh\the-karan-singh-vaidh\server\node_modules\morgan\index.js:144:5)
    at Layer.handleRequest (C:\react project\x\the-karan-singh-vaidh\the-karan-singh-vaidh\server\node_modules\router\lib\layer.js:152:17)
    at trimPrefix (C:\react project\x\the-karan-singh-vaidh\the-karan-singh-vaidh\server\node_modules\router\index.js:342:13)
    at C:\react project\x\the-karan-singh-vaidh\the-karan-singh-vaidh\server\node_modules\router\index.js:297:9

[2026-02-20T17:07:27.177Z] 404 - Not Found - /api/activity/stats/699815a20e67b6e7f5f3d7fa
Error: Not Found - /api/activity/stats/699815a20e67b6e7f5f3d7fa
    at notFound (C:\react project\x\the-karan-singh-vaidh\the-karan-singh-vaidh\server\middleware\errorMiddleware.js:2:19)
    at Layer.handleRequest (C:\react project\x\the-karan-singh-vaidh\the-karan-singh-vaidh\server\node_modules\router\lib\layer.js:152:17)
    at trimPrefix (C:\react project\x\the-karan-singh-vaidh\the-karan-singh-vaidh\server\node_modules\router\index.js:342:13)
    at C:\react project\x\the-karan-singh-vaidh\the-karan-singh-vaidh\server\node_modules\router\index.js:297:9
    at processParams (C:\react project\x\the-karan-singh-vaidh\the-karan-singh-vaidh\server\node_modules\router\index.js:582:12)
    at next (C:\react project\x\the-karan-singh-vaidh\the-karan-singh-vaidh\server\node_modules\router\index.js:291:5)
    at logger (C:\react project\x\the-karan-singh-vaidh\the-karan-singh-vaidh\server\node_modules\morgan\index.js:144:5)
    at Layer.handleRequest (C:\react project\x\the-karan-singh-vaidh\the-karan-singh-vaidh\server\node_modules\router\lib\layer.js:152:17)
    at trimPrefix (C:\react project\x\the-karan-singh-vaidh\the-karan-singh-vaidh\server\node_modules\router\index.js:342:13)
    at C:\react project\x\the-karan-singh-vaidh\the-karan-singh-vaidh\server\node_modules\router\index.js:297:9

[2026-02-20T17:08:27.175Z] 404 - Not Found - /api/activity/stats/699815a20e67b6e7f5f3d7fa
Error: Not Found - /api/activity/stats/699815a20e67b6e7f5f3d7fa
    at notFound (C:\react project\x\the-karan-singh-vaidh\the-karan-singh-vaidh\server\middleware\errorMiddleware.js:2:19)
    at Layer.handleRequest (C:\react project\x\the-karan-singh-vaidh\the-karan-singh-vaidh\server\node_modules\router\lib\layer.js:152:17)
    at trimPrefix (C:\react project\x\the-karan-singh-vaidh\the-karan-singh-vaidh\server\node_modules\router\index.js:342:13)
    at C:\react project\x\the-karan-singh-vaidh\the-karan-singh-vaidh\server\node_modules\router\index.js:297:9
    at processParams (C:\react project\x\the-karan-singh-vaidh\the-karan-singh-vaidh\server\node_modules\router\index.js:582:12)
    at next (C:\react project\x\the-karan-singh-vaidh\the-karan-singh-vaidh\server\node_modules\router\index.js:291:5)
    at logger (C:\react project\x\the-karan-singh-vaidh\the-karan-singh-vaidh\server\node_modules\morgan\index.js:144:5)
    at Layer.handleRequest (C:\react project\x\the-karan-singh-vaidh\the-karan-singh-vaidh\server\node_modules\router\lib\layer.js:152:17)
    at trimPrefix (C:\react project\x\the-karan-singh-vaidh\the-karan-singh-vaidh\server\node_modules\router\index.js:342:13)
    at C:\react project\x\the-karan-singh-vaidh\the-karan-singh-vaidh\server\node_modules\router\index.js:297:9

[2026-02-20T17:09:27.179Z] 404 - Not Found - /api/activity/stats/699815a20e67b6e7f5f3d7fa
Error: Not Found - /api/activity/stats/699815a20e67b6e7f5f3d7fa
    at notFound (C:\react project\x\the-karan-singh-vaidh\the-karan-singh-vaidh\server\middleware\errorMiddleware.js:2:19)
    at Layer.handleRequest (C:\react project\x\the-karan-singh-vaidh\the-karan-singh-vaidh\server\node_modules\router\lib\layer.js:152:17)
    at trimPrefix (C:\react project\x\the-karan-singh-vaidh\the-karan-singh-vaidh\server\node_modules\router\index.js:342:13)
    at C:\react project\x\the-karan-singh-vaidh\the-karan-singh-vaidh\server\node_modules\router\index.js:297:9
    at processParams (C:\react project\x\the-karan-singh-vaidh\the-karan-singh-vaidh\server\node_modules\router\index.js:582:12)
    at next (C:\react project\x\the-karan-singh-vaidh\the-karan-singh-vaidh\server\node_modules\router\index.js:291:5)
    at logger (C:\react project\x\the-karan-singh-vaidh\the-karan-singh-vaidh\server\node_modules\morgan\index.js:144:5)
    at Layer.handleRequest (C:\react project\x\the-karan-singh-vaidh\the-karan-singh-vaidh\server\node_modules\router\lib\layer.js:152:17)
    at trimPrefix (C:\react project\x\the-karan-singh-vaidh\the-karan-singh-vaidh\server\node_modules\router\index.js:342:13)
    at C:\react project\x\the-karan-singh-vaidh\the-karan-singh-vaidh\server\node_modules\router\index.js:297:9

[2026-02-20T17:10:27.174Z] 404 - Not Found - /api/activity/stats/699815a20e67b6e7f5f3d7fa
Error: Not Found - /api/activity/stats/699815a20e67b6e7f5f3d7fa
    at notFound (C:\react project\x\the-karan-singh-vaidh\the-karan-singh-vaidh\server\middleware\errorMiddleware.js:2:19)
    at Layer.handleRequest (C:\react project\x\the-karan-singh-vaidh\the-karan-singh-vaidh\server\node_modules\router\lib\layer.js:152:17)
    at trimPrefix (C:\react project\x\the-karan-singh-vaidh\the-karan-singh-vaidh\server\node_modules\router\index.js:342:13)
    at C:\react project\x\the-karan-singh-vaidh\the-karan-singh-vaidh\server\node_modules\router\index.js:297:9
    at processParams (C:\react project\x\the-karan-singh-vaidh\the-karan-singh-vaidh\server\node_modules\router\index.js:582:12)
    at next (C:\react project\x\the-karan-singh-vaidh\the-karan-singh-vaidh\server\node_modules\router\index.js:291:5)
    at logger (C:\react project\x\the-karan-singh-vaidh\the-karan-singh-vaidh\server\node_modules\morgan\index.js:144:5)
    at Layer.handleRequest (C:\react project\x\the-karan-singh-vaidh\the-karan-singh-vaidh\server\node_modules\router\lib\layer.js:152:17)
    at trimPrefix (C:\react project\x\the-karan-singh-vaidh\the-karan-singh-vaidh\server\node_modules\router\index.js:342:13)
    at C:\react project\x\the-karan-singh-vaidh\the-karan-singh-vaidh\server\node_modules\router\index.js:297:9

[2026-02-20T17:11:27.175Z] 404 - Not Found - /api/activity/stats/699815a20e67b6e7f5f3d7fa
Error: Not Found - /api/activity/stats/699815a20e67b6e7f5f3d7fa
    at notFound (C:\react project\x\the-karan-singh-vaidh\the-karan-singh-vaidh\server\middleware\errorMiddleware.js:2:19)
    at Layer.handleRequest (C:\react project\x\the-karan-singh-vaidh\the-karan-singh-vaidh\server\node_modules\router\lib\layer.js:152:17)
    at trimPrefix (C:\react project\x\the-karan-singh-vaidh\the-karan-singh-vaidh\server\node_modules\router\index.js:342:13)
    at C:\react project\x\the-karan-singh-vaidh\the-karan-singh-vaidh\server\node_modules\router\index.js:297:9
    at processParams (C:\react project\x\the-karan-singh-vaidh\the-karan-singh-vaidh\server\node_modules\router\index.js:582:12)
    at next (C:\react project\x\the-karan-singh-vaidh\the-karan-singh-vaidh\server\node_modules\router\index.js:291:5)
    at logger (C:\react project\x\the-karan-singh-vaidh\the-karan-singh-vaidh\server\node_modules\morgan\index.js:144:5)
    at Layer.handleRequest (C:\react project\x\the-karan-singh-vaidh\the-karan-singh-vaidh\server\node_modules\router\lib\layer.js:152:17)
    at trimPrefix (C:\react project\x\the-karan-singh-vaidh\the-karan-singh-vaidh\server\node_modules\router\index.js:342:13)
    at C:\react project\x\the-karan-singh-vaidh\the-karan-singh-vaidh\server\node_modules\router\index.js:297:9

[2026-02-20T17:12:27.172Z] 404 - Not Found - /api/activity/stats/699815a20e67b6e7f5f3d7fa
Error: Not Found - /api/activity/stats/699815a20e67b6e7f5f3d7fa
    at notFound (C:\react project\x\the-karan-singh-vaidh\the-karan-singh-vaidh\server\middleware\errorMiddleware.js:2:19)
    at Layer.handleRequest (C:\react project\x\the-karan-singh-vaidh\the-karan-singh-vaidh\server\node_modules\router\lib\layer.js:152:17)
    at trimPrefix (C:\react project\x\the-karan-singh-vaidh\the-karan-singh-vaidh\server\node_modules\router\index.js:342:13)
    at C:\react project\x\the-karan-singh-vaidh\the-karan-singh-vaidh\server\node_modules\router\index.js:297:9
    at processParams (C:\react project\x\the-karan-singh-vaidh\the-karan-singh-vaidh\server\node_modules\router\index.js:582:12)
    at next (C:\react project\x\the-karan-singh-vaidh\the-karan-singh-vaidh\server\node_modules\router\index.js:291:5)
    at logger (C:\react project\x\the-karan-singh-vaidh\the-karan-singh-vaidh\server\node_modules\morgan\index.js:144:5)
    at Layer.handleRequest (C:\react project\x\the-karan-singh-vaidh\the-karan-singh-vaidh\server\node_modules\router\lib\layer.js:152:17)
    at trimPrefix (C:\react project\x\the-karan-singh-vaidh\the-karan-singh-vaidh\server\node_modules\router\index.js:342:13)
    at C:\react project\x\the-karan-singh-vaidh\the-karan-singh-vaidh\server\node_modules\router\index.js:297:9

[2026-02-20T17:13:27.177Z] 404 - Not Found - /api/activity/stats/699815a20e67b6e7f5f3d7fa
Error: Not Found - /api/activity/stats/699815a20e67b6e7f5f3d7fa
    at notFound (C:\react project\x\the-karan-singh-vaidh\the-karan-singh-vaidh\server\middleware\errorMiddleware.js:2:19)
    at Layer.handleRequest (C:\react project\x\the-karan-singh-vaidh\the-karan-singh-vaidh\server\node_modules\router\lib\layer.js:152:17)
    at trimPrefix (C:\react project\x\the-karan-singh-vaidh\the-karan-singh-vaidh\server\node_modules\router\index.js:342:13)
    at C:\react project\x\the-karan-singh-vaidh\the-karan-singh-vaidh\server\node_modules\router\index.js:297:9
    at processParams (C:\react project\x\the-karan-singh-vaidh\the-karan-singh-vaidh\server\node_modules\router\index.js:582:12)
    at next (C:\react project\x\the-karan-singh-vaidh\the-karan-singh-vaidh\server\node_modules\router\index.js:291:5)
    at logger (C:\react project\x\the-karan-singh-vaidh\the-karan-singh-vaidh\server\node_modules\morgan\index.js:144:5)
    at Layer.handleRequest (C:\react project\x\the-karan-singh-vaidh\the-karan-singh-vaidh\server\node_modules\router\lib\layer.js:152:17)
    at trimPrefix (C:\react project\x\the-karan-singh-vaidh\the-karan-singh-vaidh\server\node_modules\router\index.js:342:13)
    at C:\react project\x\the-karan-singh-vaidh\the-karan-singh-vaidh\server\node_modules\router\index.js:297:9

[2026-02-20T17:14:27.213Z] 404 - Not Found - /api/activity/stats/699815a20e67b6e7f5f3d7fa
Error: Not Found - /api/activity/stats/699815a20e67b6e7f5f3d7fa
    at notFound (C:\react project\x\the-karan-singh-vaidh\the-karan-singh-vaidh\server\middleware\errorMiddleware.js:2:19)
    at Layer.handleRequest (C:\react project\x\the-karan-singh-vaidh\the-karan-singh-vaidh\server\node_modules\router\lib\layer.js:152:17)
    at trimPrefix (C:\react project\x\the-karan-singh-vaidh\the-karan-singh-vaidh\server\node_modules\router\index.js:342:13)
    at C:\react project\x\the-karan-singh-vaidh\the-karan-singh-vaidh\server\node_modules\router\index.js:297:9
    at processParams (C:\react project\x\the-karan-singh-vaidh\the-karan-singh-vaidh\server\node_modules\router\index.js:582:12)
    at next (C:\react project\x\the-karan-singh-vaidh\the-karan-singh-vaidh\server\node_modules\router\index.js:291:5)
    at logger (C:\react project\x\the-karan-singh-vaidh\the-karan-singh-vaidh\server\node_modules\morgan\index.js:144:5)
    at Layer.handleRequest (C:\react project\x\the-karan-singh-vaidh\the-karan-singh-vaidh\server\node_modules\router\lib\layer.js:152:17)
    at trimPrefix (C:\react project\x\the-karan-singh-vaidh\the-karan-singh-vaidh\server\node_modules\router\index.js:342:13)
    at C:\react project\x\the-karan-singh-vaidh\the-karan-singh-vaidh\server\node_modules\router\index.js:297:9

[2026-02-20T17:15:27.154Z] 404 - Not Found - /api/activity/stats/699815a20e67b6e7f5f3d7fa
Error: Not Found - /api/activity/stats/699815a20e67b6e7f5f3d7fa
    at notFound (C:\react project\x\the-karan-singh-vaidh\the-karan-singh-vaidh\server\middleware\errorMiddleware.js:2:19)
    at Layer.handleRequest (C:\react project\x\the-karan-singh-vaidh\the-karan-singh-vaidh\server\node_modules\router\lib\layer.js:152:17)
    at trimPrefix (C:\react project\x\the-karan-singh-vaidh\the-karan-singh-vaidh\server\node_modules\router\index.js:342:13)
    at C:\react project\x\the-karan-singh-vaidh\the-karan-singh-vaidh\server\node_modules\router\index.js:297:9
    at processParams (C:\react project\x\the-karan-singh-vaidh\the-karan-singh-vaidh\server\node_modules\router\index.js:582:12)
    at next (C:\react project\x\the-karan-singh-vaidh\the-karan-singh-vaidh\server\node_modules\router\index.js:291:5)
    at logger (C:\react project\x\the-karan-singh-vaidh\the-karan-singh-vaidh\server\node_modules\morgan\index.js:144:5)
    at Layer.handleRequest (C:\react project\x\the-karan-singh-vaidh\the-karan-singh-vaidh\server\node_modules\router\lib\layer.js:152:17)
    at trimPrefix (C:\react project\x\the-karan-singh-vaidh\the-karan-singh-vaidh\server\node_modules\router\index.js:342:13)
    at C:\react project\x\the-karan-singh-vaidh\the-karan-singh-vaidh\server\node_modules\router\index.js:297:9

[2026-02-20T17:16:27.177Z] 404 - Not Found - /api/activity/stats/699815a20e67b6e7f5f3d7fa
Error: Not Found - /api/activity/stats/699815a20e67b6e7f5f3d7fa
    at notFound (C:\react project\x\the-karan-singh-vaidh\the-karan-singh-vaidh\server\middleware\errorMiddleware.js:2:19)
    at Layer.handleRequest (C:\react project\x\the-karan-singh-vaidh\the-karan-singh-vaidh\server\node_modules\router\lib\layer.js:152:17)
    at trimPrefix (C:\react project\x\the-karan-singh-vaidh\the-karan-singh-vaidh\server\node_modules\router\index.js:342:13)
    at C:\react project\x\the-karan-singh-vaidh\the-karan-singh-vaidh\server\node_modules\router\index.js:297:9
    at processParams (C:\react project\x\the-karan-singh-vaidh\the-karan-singh-vaidh\server\node_modules\router\index.js:582:12)
    at next (C:\react project\x\the-karan-singh-vaidh\the-karan-singh-vaidh\server\node_modules\router\index.js:291:5)
    at logger (C:\react project\x\the-karan-singh-vaidh\the-karan-singh-vaidh\server\node_modules\morgan\index.js:144:5)
    at Layer.handleRequest (C:\react project\x\the-karan-singh-vaidh\the-karan-singh-vaidh\server\node_modules\router\lib\layer.js:152:17)
    at trimPrefix (C:\react project\x\the-karan-singh-vaidh\the-karan-singh-vaidh\server\node_modules\router\index.js:342:13)
    at C:\react project\x\the-karan-singh-vaidh\the-karan-singh-vaidh\server\node_modules\router\index.js:297:9

[2026-02-20T17:17:27.188Z] 404 - Not Found - /api/activity/stats/699815a20e67b6e7f5f3d7fa
Error: Not Found - /api/activity/stats/699815a20e67b6e7f5f3d7fa
    at notFound (C:\react project\x\the-karan-singh-vaidh\the-karan-singh-vaidh\server\middleware\errorMiddleware.js:2:19)
    at Layer.handleRequest (C:\react project\x\the-karan-singh-vaidh\the-karan-singh-vaidh\server\node_modules\router\lib\layer.js:152:17)
    at trimPrefix (C:\react project\x\the-karan-singh-vaidh\the-karan-singh-vaidh\server\node_modules\router\index.js:342:13)
    at C:\react project\x\the-karan-singh-vaidh\the-karan-singh-vaidh\server\node_modules\router\index.js:297:9
    at processParams (C:\react project\x\the-karan-singh-vaidh\the-karan-singh-vaidh\server\node_modules\router\index.js:582:12)
    at next (C:\react project\x\the-karan-singh-vaidh\the-karan-singh-vaidh\server\node_modules\router\index.js:291:5)
    at logger (C:\react project\x\the-karan-singh-vaidh\the-karan-singh-vaidh\server\node_modules\morgan\index.js:144:5)
    at Layer.handleRequest (C:\react project\x\the-karan-singh-vaidh\the-karan-singh-vaidh\server\node_modules\router\lib\layer.js:152:17)
    at trimPrefix (C:\react project\x\the-karan-singh-vaidh\the-karan-singh-vaidh\server\node_modules\router\index.js:342:13)
    at C:\react project\x\the-karan-singh-vaidh\the-karan-singh-vaidh\server\node_modules\router\index.js:297:9

[2026-02-20T17:18:27.194Z] 404 - Not Found - /api/activity/stats/699815a20e67b6e7f5f3d7fa
Error: Not Found - /api/activity/stats/699815a20e67b6e7f5f3d7fa
    at notFound (C:\react project\x\the-karan-singh-vaidh\the-karan-singh-vaidh\server\middleware\errorMiddleware.js:2:19)
    at Layer.handleRequest (C:\react project\x\the-karan-singh-vaidh\the-karan-singh-vaidh\server\node_modules\router\lib\layer.js:152:17)
    at trimPrefix (C:\react project\x\the-karan-singh-vaidh\the-karan-singh-vaidh\server\node_modules\router\index.js:342:13)
    at C:\react project\x\the-karan-singh-vaidh\the-karan-singh-vaidh\server\node_modules\router\index.js:297:9
    at processParams (C:\react project\x\the-karan-singh-vaidh\the-karan-singh-vaidh\server\node_modules\router\index.js:582:12)
    at next (C:\react project\x\the-karan-singh-vaidh\the-karan-singh-vaidh\server\node_modules\router\index.js:291:5)
    at logger (C:\react project\x\the-karan-singh-vaidh\the-karan-singh-vaidh\server\node_modules\morgan\index.js:144:5)
    at Layer.handleRequest (C:\react project\x\the-karan-singh-vaidh\the-karan-singh-vaidh\server\node_modules\router\lib\layer.js:152:17)
    at trimPrefix (C:\react project\x\the-karan-singh-vaidh\the-karan-singh-vaidh\server\node_modules\router\index.js:342:13)
    at C:\react project\x\the-karan-singh-vaidh\the-karan-singh-vaidh\server\node_modules\router\index.js:297:9

[2026-02-20T17:19:27.174Z] 404 - Not Found - /api/activity/stats/699815a20e67b6e7f5f3d7fa
Error: Not Found - /api/activity/stats/699815a20e67b6e7f5f3d7fa
    at notFound (C:\react project\x\the-karan-singh-vaidh\the-karan-singh-vaidh\server\middleware\errorMiddleware.js:2:19)
    at Layer.handleRequest (C:\react project\x\the-karan-singh-vaidh\the-karan-singh-vaidh\server\node_modules\router\lib\layer.js:152:17)
    at trimPrefix (C:\react project\x\the-karan-singh-vaidh\the-karan-singh-vaidh\server\node_modules\router\index.js:342:13)
    at C:\react project\x\the-karan-singh-vaidh\the-karan-singh-vaidh\server\node_modules\router\index.js:297:9
    at processParams (C:\react project\x\the-karan-singh-vaidh\the-karan-singh-vaidh\server\node_modules\router\index.js:582:12)
    at next (C:\react project\x\the-karan-singh-vaidh\the-karan-singh-vaidh\server\node_modules\router\index.js:291:5)
    at logger (C:\react project\x\the-karan-singh-vaidh\the-karan-singh-vaidh\server\node_modules\morgan\index.js:144:5)
    at Layer.handleRequest (C:\react project\x\the-karan-singh-vaidh\the-karan-singh-vaidh\server\node_modules\router\lib\layer.js:152:17)
    at trimPrefix (C:\react project\x\the-karan-singh-vaidh\the-karan-singh-vaidh\server\node_modules\router\index.js:342:13)
    at C:\react project\x\the-karan-singh-vaidh\the-karan-singh-vaidh\server\node_modules\router\index.js:297:9

[2026-02-20T17:20:27.174Z] 404 - Not Found - /api/activity/stats/699815a20e67b6e7f5f3d7fa
Error: Not Found - /api/activity/stats/699815a20e67b6e7f5f3d7fa
    at notFound (C:\react project\x\the-karan-singh-vaidh\the-karan-singh-vaidh\server\middleware\errorMiddleware.js:2:19)
    at Layer.handleRequest (C:\react project\x\the-karan-singh-vaidh\the-karan-singh-vaidh\server\node_modules\router\lib\layer.js:152:17)
    at trimPrefix (C:\react project\x\the-karan-singh-vaidh\the-karan-singh-vaidh\server\node_modules\router\index.js:342:13)
    at C:\react project\x\the-karan-singh-vaidh\the-karan-singh-vaidh\server\node_modules\router\index.js:297:9
    at processParams (C:\react project\x\the-karan-singh-vaidh\the-karan-singh-vaidh\server\node_modules\router\index.js:582:12)
    at next (C:\react project\x\the-karan-singh-vaidh\the-karan-singh-vaidh\server\node_modules\router\index.js:291:5)
    at logger (C:\react project\x\the-karan-singh-vaidh\the-karan-singh-vaidh\server\node_modules\morgan\index.js:144:5)
    at Layer.handleRequest (C:\react project\x\the-karan-singh-vaidh\the-karan-singh-vaidh\server\node_modules\router\lib\layer.js:152:17)
    at trimPrefix (C:\react project\x\the-karan-singh-vaidh\the-karan-singh-vaidh\server\node_modules\router\index.js:342:13)
    at C:\react project\x\the-karan-singh-vaidh\the-karan-singh-vaidh\server\node_modules\router\index.js:297:9

[2026-02-20T17:21:27.173Z] 404 - Not Found - /api/activity/stats/699815a20e67b6e7f5f3d7fa
Error: Not Found - /api/activity/stats/699815a20e67b6e7f5f3d7fa
    at notFound (C:\react project\x\the-karan-singh-vaidh\the-karan-singh-vaidh\server\middleware\errorMiddleware.js:2:19)
    at Layer.handleRequest (C:\react project\x\the-karan-singh-vaidh\the-karan-singh-vaidh\server\node_modules\router\lib\layer.js:152:17)
    at trimPrefix (C:\react project\x\the-karan-singh-vaidh\the-karan-singh-vaidh\server\node_modules\router\index.js:342:13)
    at C:\react project\x\the-karan-singh-vaidh\the-karan-singh-vaidh\server\node_modules\router\index.js:297:9
    at processParams (C:\react project\x\the-karan-singh-vaidh\the-karan-singh-vaidh\server\node_modules\router\index.js:582:12)
    at next (C:\react project\x\the-karan-singh-vaidh\the-karan-singh-vaidh\server\node_modules\router\index.js:291:5)
    at logger (C:\react project\x\the-karan-singh-vaidh\the-karan-singh-vaidh\server\node_modules\morgan\index.js:144:5)
    at Layer.handleRequest (C:\react project\x\the-karan-singh-vaidh\the-karan-singh-vaidh\server\node_modules\router\lib\layer.js:152:17)
    at trimPrefix (C:\react project\x\the-karan-singh-vaidh\the-karan-singh-vaidh\server\node_modules\router\index.js:342:13)
    at C:\react project\x\the-karan-singh-vaidh\the-karan-singh-vaidh\server\node_modules\router\index.js:297:9

[2026-02-20T17:22:27.180Z] 404 - Not Found - /api/activity/stats/699815a20e67b6e7f5f3d7fa
Error: Not Found - /api/activity/stats/699815a20e67b6e7f5f3d7fa
    at notFound (C:\react project\x\the-karan-singh-vaidh\the-karan-singh-vaidh\server\middleware\errorMiddleware.js:2:19)
    at Layer.handleRequest (C:\react project\x\the-karan-singh-vaidh\the-karan-singh-vaidh\server\node_modules\router\lib\layer.js:152:17)
    at trimPrefix (C:\react project\x\the-karan-singh-vaidh\the-karan-singh-vaidh\server\node_modules\router\index.js:342:13)
    at C:\react project\x\the-karan-singh-vaidh\the-karan-singh-vaidh\server\node_modules\router\index.js:297:9
    at processParams (C:\react project\x\the-karan-singh-vaidh\the-karan-singh-vaidh\server\node_modules\router\index.js:582:12)
    at next (C:\react project\x\the-karan-singh-vaidh\the-karan-singh-vaidh\server\node_modules\router\index.js:291:5)
    at logger (C:\react project\x\the-karan-singh-vaidh\the-karan-singh-vaidh\server\node_modules\morgan\index.js:144:5)
    at Layer.handleRequest (C:\react project\x\the-karan-singh-vaidh\the-karan-singh-vaidh\server\node_modules\router\lib\layer.js:152:17)
    at trimPrefix (C:\react project\x\the-karan-singh-vaidh\the-karan-singh-vaidh\server\node_modules\router\index.js:342:13)
    at C:\react project\x\the-karan-singh-vaidh\the-karan-singh-vaidh\server\node_modules\router\index.js:297:9

[2026-02-20T17:23:27.184Z] 404 - Not Found - /api/activity/stats/699815a20e67b6e7f5f3d7fa
Error: Not Found - /api/activity/stats/699815a20e67b6e7f5f3d7fa
    at notFound (C:\react project\x\the-karan-singh-vaidh\the-karan-singh-vaidh\server\middleware\errorMiddleware.js:2:19)
    at Layer.handleRequest (C:\react project\x\the-karan-singh-vaidh\the-karan-singh-vaidh\server\node_modules\router\lib\layer.js:152:17)
    at trimPrefix (C:\react project\x\the-karan-singh-vaidh\the-karan-singh-vaidh\server\node_modules\router\index.js:342:13)
    at C:\react project\x\the-karan-singh-vaidh\the-karan-singh-vaidh\server\node_modules\router\index.js:297:9
    at processParams (C:\react project\x\the-karan-singh-vaidh\the-karan-singh-vaidh\server\node_modules\router\index.js:582:12)
    at next (C:\react project\x\the-karan-singh-vaidh\the-karan-singh-vaidh\server\node_modules\router\index.js:291:5)
    at logger (C:\react project\x\the-karan-singh-vaidh\the-karan-singh-vaidh\server\node_modules\morgan\index.js:144:5)
    at Layer.handleRequest (C:\react project\x\the-karan-singh-vaidh\the-karan-singh-vaidh\server\node_modules\router\lib\layer.js:152:17)
    at trimPrefix (C:\react project\x\the-karan-singh-vaidh\the-karan-singh-vaidh\server\node_modules\router\index.js:342:13)
    at C:\react project\x\the-karan-singh-vaidh\the-karan-singh-vaidh\server\node_modules\router\index.js:297:9

[2026-02-20T17:24:27.172Z] 404 - Not Found - /api/activity/stats/699815a20e67b6e7f5f3d7fa
Error: Not Found - /api/activity/stats/699815a20e67b6e7f5f3d7fa
    at notFound (C:\react project\x\the-karan-singh-vaidh\the-karan-singh-vaidh\server\middleware\errorMiddleware.js:2:19)
    at Layer.handleRequest (C:\react project\x\the-karan-singh-vaidh\the-karan-singh-vaidh\server\node_modules\router\lib\layer.js:152:17)
    at trimPrefix (C:\react project\x\the-karan-singh-vaidh\the-karan-singh-vaidh\server\node_modules\router\index.js:342:13)
    at C:\react project\x\the-karan-singh-vaidh\the-karan-singh-vaidh\server\node_modules\router\index.js:297:9
    at processParams (C:\react project\x\the-karan-singh-vaidh\the-karan-singh-vaidh\server\node_modules\router\index.js:582:12)
    at next (C:\react project\x\the-karan-singh-vaidh\the-karan-singh-vaidh\server\node_modules\router\index.js:291:5)
    at logger (C:\react project\x\the-karan-singh-vaidh\the-karan-singh-vaidh\server\node_modules\morgan\index.js:144:5)
    at Layer.handleRequest (C:\react project\x\the-karan-singh-vaidh\the-karan-singh-vaidh\server\node_modules\router\lib\layer.js:152:17)
    at trimPrefix (C:\react project\x\the-karan-singh-vaidh\the-karan-singh-vaidh\server\node_modules\router\index.js:342:13)
    at C:\react project\x\the-karan-singh-vaidh\the-karan-singh-vaidh\server\node_modules\router\index.js:297:9

[2026-02-20T17:25:27.176Z] 404 - Not Found - /api/activity/stats/699815a20e67b6e7f5f3d7fa
Error: Not Found - /api/activity/stats/699815a20e67b6e7f5f3d7fa
    at notFound (C:\react project\x\the-karan-singh-vaidh\the-karan-singh-vaidh\server\middleware\errorMiddleware.js:2:19)
    at Layer.handleRequest (C:\react project\x\the-karan-singh-vaidh\the-karan-singh-vaidh\server\node_modules\router\lib\layer.js:152:17)
    at trimPrefix (C:\react project\x\the-karan-singh-vaidh\the-karan-singh-vaidh\server\node_modules\router\index.js:342:13)
    at C:\react project\x\the-karan-singh-vaidh\the-karan-singh-vaidh\server\node_modules\router\index.js:297:9
    at processParams (C:\react project\x\the-karan-singh-vaidh\the-karan-singh-vaidh\server\node_modules\router\index.js:582:12)
    at next (C:\react project\x\the-karan-singh-vaidh\the-karan-singh-vaidh\server\node_modules\router\index.js:291:5)
    at logger (C:\react project\x\the-karan-singh-vaidh\the-karan-singh-vaidh\server\node_modules\morgan\index.js:144:5)
    at Layer.handleRequest (C:\react project\x\the-karan-singh-vaidh\the-karan-singh-vaidh\server\node_modules\router\lib\layer.js:152:17)
    at trimPrefix (C:\react project\x\the-karan-singh-vaidh\the-karan-singh-vaidh\server\node_modules\router\index.js:342:13)
    at C:\react project\x\the-karan-singh-vaidh\the-karan-singh-vaidh\server\node_modules\router\index.js:297:9

[2026-02-20T17:26:27.172Z] 404 - Not Found - /api/activity/stats/699815a20e67b6e7f5f3d7fa
Error: Not Found - /api/activity/stats/699815a20e67b6e7f5f3d7fa
    at notFound (C:\react project\x\the-karan-singh-vaidh\the-karan-singh-vaidh\server\middleware\errorMiddleware.js:2:19)
    at Layer.handleRequest (C:\react project\x\the-karan-singh-vaidh\the-karan-singh-vaidh\server\node_modules\router\lib\layer.js:152:17)
    at trimPrefix (C:\react project\x\the-karan-singh-vaidh\the-karan-singh-vaidh\server\node_modules\router\index.js:342:13)
    at C:\react project\x\the-karan-singh-vaidh\the-karan-singh-vaidh\server\node_modules\router\index.js:297:9
    at processParams (C:\react project\x\the-karan-singh-vaidh\the-karan-singh-vaidh\server\node_modules\router\index.js:582:12)
    at next (C:\react project\x\the-karan-singh-vaidh\the-karan-singh-vaidh\server\node_modules\router\index.js:291:5)
    at logger (C:\react project\x\the-karan-singh-vaidh\the-karan-singh-vaidh\server\node_modules\morgan\index.js:144:5)
    at Layer.handleRequest (C:\react project\x\the-karan-singh-vaidh\the-karan-singh-vaidh\server\node_modules\router\lib\layer.js:152:17)
    at trimPrefix (C:\react project\x\the-karan-singh-vaidh\the-karan-singh-vaidh\server\node_modules\router\index.js:342:13)
    at C:\react project\x\the-karan-singh-vaidh\the-karan-singh-vaidh\server\node_modules\router\index.js:297:9

[2026-02-20T17:27:27.174Z] 404 - Not Found - /api/activity/stats/699815a20e67b6e7f5f3d7fa
Error: Not Found - /api/activity/stats/699815a20e67b6e7f5f3d7fa
    at notFound (C:\react project\x\the-karan-singh-vaidh\the-karan-singh-vaidh\server\middleware\errorMiddleware.js:2:19)
    at Layer.handleRequest (C:\react project\x\the-karan-singh-vaidh\the-karan-singh-vaidh\server\node_modules\router\lib\layer.js:152:17)
    at trimPrefix (C:\react project\x\the-karan-singh-vaidh\the-karan-singh-vaidh\server\node_modules\router\index.js:342:13)
    at C:\react project\x\the-karan-singh-vaidh\the-karan-singh-vaidh\server\node_modules\router\index.js:297:9
    at processParams (C:\react project\x\the-karan-singh-vaidh\the-karan-singh-vaidh\server\node_modules\router\index.js:582:12)
    at next (C:\react project\x\the-karan-singh-vaidh\the-karan-singh-vaidh\server\node_modules\router\index.js:291:5)
    at logger (C:\react project\x\the-karan-singh-vaidh\the-karan-singh-vaidh\server\node_modules\morgan\index.js:144:5)
    at Layer.handleRequest (C:\react project\x\the-karan-singh-vaidh\the-karan-singh-vaidh\server\node_modules\router\lib\layer.js:152:17)
    at trimPrefix (C:\react project\x\the-karan-singh-vaidh\the-karan-singh-vaidh\server\node_modules\router\index.js:342:13)
    at C:\react project\x\the-karan-singh-vaidh\the-karan-singh-vaidh\server\node_modules\router\index.js:297:9

[2026-02-20T17:28:27.178Z] 404 - Not Found - /api/activity/stats/699815a20e67b6e7f5f3d7fa
Error: Not Found - /api/activity/stats/699815a20e67b6e7f5f3d7fa
    at notFound (C:\react project\x\the-karan-singh-vaidh\the-karan-singh-vaidh\server\middleware\errorMiddleware.js:2:19)
    at Layer.handleRequest (C:\react project\x\the-karan-singh-vaidh\the-karan-singh-vaidh\server\node_modules\router\lib\layer.js:152:17)
    at trimPrefix (C:\react project\x\the-karan-singh-vaidh\the-karan-singh-vaidh\server\node_modules\router\index.js:342:13)
    at C:\react project\x\the-karan-singh-vaidh\the-karan-singh-vaidh\server\node_modules\router\index.js:297:9
    at processParams (C:\react project\x\the-karan-singh-vaidh\the-karan-singh-vaidh\server\node_modules\router\index.js:582:12)
    at next (C:\react project\x\the-karan-singh-vaidh\the-karan-singh-vaidh\server\node_modules\router\index.js:291:5)
    at logger (C:\react project\x\the-karan-singh-vaidh\the-karan-singh-vaidh\server\node_modules\morgan\index.js:144:5)
    at Layer.handleRequest (C:\react project\x\the-karan-singh-vaidh\the-karan-singh-vaidh\server\node_modules\router\lib\layer.js:152:17)
    at trimPrefix (C:\react project\x\the-karan-singh-vaidh\the-karan-singh-vaidh\server\node_modules\router\index.js:342:13)
    at C:\react project\x\the-karan-singh-vaidh\the-karan-singh-vaidh\server\node_modules\router\index.js:297:9

[2026-02-20T17:29:27.185Z] 404 - Not Found - /api/activity/stats/699815a20e67b6e7f5f3d7fa
Error: Not Found - /api/activity/stats/699815a20e67b6e7f5f3d7fa
    at notFound (C:\react project\x\the-karan-singh-vaidh\the-karan-singh-vaidh\server\middleware\errorMiddleware.js:2:19)
    at Layer.handleRequest (C:\react project\x\the-karan-singh-vaidh\the-karan-singh-vaidh\server\node_modules\router\lib\layer.js:152:17)
    at trimPrefix (C:\react project\x\the-karan-singh-vaidh\the-karan-singh-vaidh\server\node_modules\router\index.js:342:13)
    at C:\react project\x\the-karan-singh-vaidh\the-karan-singh-vaidh\server\node_modules\router\index.js:297:9
    at processParams (C:\react project\x\the-karan-singh-vaidh\the-karan-singh-vaidh\server\node_modules\router\index.js:582:12)
    at next (C:\react project\x\the-karan-singh-vaidh\the-karan-singh-vaidh\server\node_modules\router\index.js:291:5)
    at logger (C:\react project\x\the-karan-singh-vaidh\the-karan-singh-vaidh\server\node_modules\morgan\index.js:144:5)
    at Layer.handleRequest (C:\react project\x\the-karan-singh-vaidh\the-karan-singh-vaidh\server\node_modules\router\lib\layer.js:152:17)
    at trimPrefix (C:\react project\x\the-karan-singh-vaidh\the-karan-singh-vaidh\server\node_modules\router\index.js:342:13)
    at C:\react project\x\the-karan-singh-vaidh\the-karan-singh-vaidh\server\node_modules\router\index.js:297:9

[2026-02-20T17:30:27.183Z] 404 - Not Found - /api/activity/stats/699815a20e67b6e7f5f3d7fa
Error: Not Found - /api/activity/stats/699815a20e67b6e7f5f3d7fa
    at notFound (C:\react project\x\the-karan-singh-vaidh\the-karan-singh-vaidh\server\middleware\errorMiddleware.js:2:19)
    at Layer.handleRequest (C:\react project\x\the-karan-singh-vaidh\the-karan-singh-vaidh\server\node_modules\router\lib\layer.js:152:17)
    at trimPrefix (C:\react project\x\the-karan-singh-vaidh\the-karan-singh-vaidh\server\node_modules\router\index.js:342:13)
    at C:\react project\x\the-karan-singh-vaidh\the-karan-singh-vaidh\server\node_modules\router\index.js:297:9
    at processParams (C:\react project\x\the-karan-singh-vaidh\the-karan-singh-vaidh\server\node_modules\router\index.js:582:12)
    at next (C:\react project\x\the-karan-singh-vaidh\the-karan-singh-vaidh\server\node_modules\router\index.js:291:5)
    at logger (C:\react project\x\the-karan-singh-vaidh\the-karan-singh-vaidh\server\node_modules\morgan\index.js:144:5)
    at Layer.handleRequest (C:\react project\x\the-karan-singh-vaidh\the-karan-singh-vaidh\server\node_modules\router\lib\layer.js:152:17)
    at trimPrefix (C:\react project\x\the-karan-singh-vaidh\the-karan-singh-vaidh\server\node_modules\router\index.js:342:13)
    at C:\react project\x\the-karan-singh-vaidh\the-karan-singh-vaidh\server\node_modules\router\index.js:297:9

[2026-02-20T17:31:27.178Z] 404 - Not Found - /api/activity/stats/699815a20e67b6e7f5f3d7fa
Error: Not Found - /api/activity/stats/699815a20e67b6e7f5f3d7fa
    at notFound (C:\react project\x\the-karan-singh-vaidh\the-karan-singh-vaidh\server\middleware\errorMiddleware.js:2:19)
    at Layer.handleRequest (C:\react project\x\the-karan-singh-vaidh\the-karan-singh-vaidh\server\node_modules\router\lib\layer.js:152:17)
    at trimPrefix (C:\react project\x\the-karan-singh-vaidh\the-karan-singh-vaidh\server\node_modules\router\index.js:342:13)
    at C:\react project\x\the-karan-singh-vaidh\the-karan-singh-vaidh\server\node_modules\router\index.js:297:9
    at processParams (C:\react project\x\the-karan-singh-vaidh\the-karan-singh-vaidh\server\node_modules\router\index.js:582:12)
    at next (C:\react project\x\the-karan-singh-vaidh\the-karan-singh-vaidh\server\node_modules\router\index.js:291:5)
    at logger (C:\react project\x\the-karan-singh-vaidh\the-karan-singh-vaidh\server\node_modules\morgan\index.js:144:5)
    at Layer.handleRequest (C:\react project\x\the-karan-singh-vaidh\the-karan-singh-vaidh\server\node_modules\router\lib\layer.js:152:17)
    at trimPrefix (C:\react project\x\the-karan-singh-vaidh\the-karan-singh-vaidh\server\node_modules\router\index.js:342:13)
    at C:\react project\x\the-karan-singh-vaidh\the-karan-singh-vaidh\server\node_modules\router\index.js:297:9

[2026-02-21T13:12:45.406Z] 500 - next is not a function
TypeError: next is not a function
    at model.<anonymous> (C:\react project\x\the-karan-singh-vaidh\the-karan-singh-vaidh\server\models\ProductModel.js:130:5)
    at Kareem.execPre (C:\react project\x\the-karan-singh-vaidh\the-karan-singh-vaidh\server\node_modules\kareem\index.js:63:39)
    at process.processTicksAndRejections (node:internal/process/task_queues:95:5)
    at async model.$__save (C:\react project\x\the-karan-singh-vaidh\the-karan-singh-vaidh\server\node_modules\mongoose\lib\model.js:369:5)
    at async model.save (C:\react project\x\the-karan-singh-vaidh\the-karan-singh-vaidh\server\node_modules\mongoose\lib\model.js:609:5)
    at async C:\react project\x\the-karan-singh-vaidh\the-karan-singh-vaidh\server\controllers\productController.js:190:32

[2026-02-24T16:24:03.324Z] 404 - Not Found - /api/auth/login
Error: Not Found - /api/auth/login
    at notFound (C:\react project\x\the-karan-singh-vaidh\the-karan-singh-vaidh\server\middleware\errorMiddleware.js:2:19)
    at Layer.handleRequest (C:\react project\x\the-karan-singh-vaidh\the-karan-singh-vaidh\server\node_modules\router\lib\layer.js:152:17)
    at trimPrefix (C:\react project\x\the-karan-singh-vaidh\the-karan-singh-vaidh\server\node_modules\router\index.js:342:13)
    at C:\react project\x\the-karan-singh-vaidh\the-karan-singh-vaidh\server\node_modules\router\index.js:297:9
    at processParams (C:\react project\x\the-karan-singh-vaidh\the-karan-singh-vaidh\server\node_modules\router\index.js:582:12)
    at next (C:\react project\x\the-karan-singh-vaidh\the-karan-singh-vaidh\server\node_modules\router\index.js:291:5)
    at logger (C:\react project\x\the-karan-singh-vaidh\the-karan-singh-vaidh\server\node_modules\morgan\index.js:144:5)
    at Layer.handleRequest (C:\react project\x\the-karan-singh-vaidh\the-karan-singh-vaidh\server\node_modules\router\lib\layer.js:152:17)
    at trimPrefix (C:\react project\x\the-karan-singh-vaidh\the-karan-singh-vaidh\server\node_modules\router\index.js:342:13)
    at C:\react project\x\the-karan-singh-vaidh\the-karan-singh-vaidh\server\node_modules\router\index.js:297:9

[2026-02-24T16:26:12.917Z] 404 - Not Found - /api/auth/login
Error: Not Found - /api/auth/login
    at notFound (C:\react project\x\the-karan-singh-vaidh\the-karan-singh-vaidh\server\middleware\errorMiddleware.js:2:19)
    at Layer.handleRequest (C:\react project\x\the-karan-singh-vaidh\the-karan-singh-vaidh\server\node_modules\router\lib\layer.js:152:17)
    at trimPrefix (C:\react project\x\the-karan-singh-vaidh\the-karan-singh-vaidh\server\node_modules\router\index.js:342:13)
    at C:\react project\x\the-karan-singh-vaidh\the-karan-singh-vaidh\server\node_modules\router\index.js:297:9
    at processParams (C:\react project\x\the-karan-singh-vaidh\the-karan-singh-vaidh\server\node_modules\router\index.js:582:12)
    at next (C:\react project\x\the-karan-singh-vaidh\the-karan-singh-vaidh\server\node_modules\router\index.js:291:5)
    at logger (C:\react project\x\the-karan-singh-vaidh\the-karan-singh-vaidh\server\node_modules\morgan\index.js:144:5)
    at Layer.handleRequest (C:\react project\x\the-karan-singh-vaidh\the-karan-singh-vaidh\server\node_modules\router\lib\layer.js:152:17)
    at trimPrefix (C:\react project\x\the-karan-singh-vaidh\the-karan-singh-vaidh\server\node_modules\router\index.js:342:13)
    at C:\react project\x\the-karan-singh-vaidh\the-karan-singh-vaidh\server\node_modules\router\index.js:297:9

[2026-02-25T15:53:01.978Z] 404 - Not Found - /uploads/image-1769185991969.png
Error: Not Found - /uploads/image-1769185991969.png
    at notFound (C:\react project\x\the-karan-singh-vaidh\the-karan-singh-vaidh\server\middleware\errorMiddleware.js:2:19)
    at Layer.handleRequest (C:\react project\x\the-karan-singh-vaidh\the-karan-singh-vaidh\server\node_modules\router\lib\layer.js:152:17)
    at trimPrefix (C:\react project\x\the-karan-singh-vaidh\the-karan-singh-vaidh\server\node_modules\router\index.js:342:13)
    at C:\react project\x\the-karan-singh-vaidh\the-karan-singh-vaidh\server\node_modules\router\index.js:297:9
    at processParams (C:\react project\x\the-karan-singh-vaidh\the-karan-singh-vaidh\server\node_modules\router\index.js:582:12)
    at next (C:\react project\x\the-karan-singh-vaidh\the-karan-singh-vaidh\server\node_modules\router\index.js:291:5)
    at SendStream.error (C:\react project\x\the-karan-singh-vaidh\the-karan-singh-vaidh\server\node_modules\serve-static\index.js:120:7)
    at SendStream.emit (node:events:517:28)
    at SendStream.error (C:\react project\x\the-karan-singh-vaidh\the-karan-singh-vaidh\server\node_modules\send\index.js:168:17)
    at SendStream.onStatError (C:\react project\x\the-karan-singh-vaidh\the-karan-singh-vaidh\server\node_modules\send\index.js:315:12)

[2026-02-26T06:22:03.514Z] 404 - Not Found - /socket.io/?EIO=4&transport=polling&t=2ss6l4rh
Error: Not Found - /socket.io/?EIO=4&transport=polling&t=2ss6l4rh
    at notFound (C:\react project\x\the-karan-singh-vaidh\the-karan-singh-vaidh\server\middleware\errorMiddleware.js:2:19)
    at Layer.handleRequest (C:\react project\x\the-karan-singh-vaidh\the-karan-singh-vaidh\server\node_modules\router\lib\layer.js:152:17)
    at trimPrefix (C:\react project\x\the-karan-singh-vaidh\the-karan-singh-vaidh\server\node_modules\router\index.js:342:13)
    at C:\react project\x\the-karan-singh-vaidh\the-karan-singh-vaidh\server\node_modules\router\index.js:297:9
    at processParams (C:\react project\x\the-karan-singh-vaidh\the-karan-singh-vaidh\server\node_modules\router\index.js:582:12)
    at next (C:\react project\x\the-karan-singh-vaidh\the-karan-singh-vaidh\server\node_modules\router\index.js:291:5)
    at logger (C:\react project\x\the-karan-singh-vaidh\the-karan-singh-vaidh\server\node_modules\morgan\index.js:144:5)
    at Layer.handleRequest (C:\react project\x\the-karan-singh-vaidh\the-karan-singh-vaidh\server\node_modules\router\lib\layer.js:152:17)
    at trimPrefix (C:\react project\x\the-karan-singh-vaidh\the-karan-singh-vaidh\server\node_modules\router\index.js:342:13)
    at C:\react project\x\the-karan-singh-vaidh\the-karan-singh-vaidh\server\node_modules\router\index.js:297:9

[2026-02-26T06:22:09.165Z] 404 - Not Found - /socket.io/?EIO=4&transport=polling&t=2sxl5wlo
Error: Not Found - /socket.io/?EIO=4&transport=polling&t=2sxl5wlo
    at notFound (C:\react project\x\the-karan-singh-vaidh\the-karan-singh-vaidh\server\middleware\errorMiddleware.js:2:19)
    at Layer.handleRequest (C:\react project\x\the-karan-singh-vaidh\the-karan-singh-vaidh\server\node_modules\router\lib\layer.js:152:17)
    at trimPrefix (C:\react project\x\the-karan-singh-vaidh\the-karan-singh-vaidh\server\node_modules\router\index.js:342:13)
    at C:\react project\x\the-karan-singh-vaidh\the-karan-singh-vaidh\server\node_modules\router\index.js:297:9
    at processParams (C:\react project\x\the-karan-singh-vaidh\the-karan-singh-vaidh\server\node_modules\router\index.js:582:12)
    at next (C:\react project\x\the-karan-singh-vaidh\the-karan-singh-vaidh\server\node_modules\router\index.js:291:5)
    at logger (C:\react project\x\the-karan-singh-vaidh\the-karan-singh-vaidh\server\node_modules\morgan\index.js:144:5)
    at Layer.handleRequest (C:\react project\x\the-karan-singh-vaidh\the-karan-singh-vaidh\server\node_modules\router\lib\layer.js:152:17)
    at trimPrefix (C:\react project\x\the-karan-singh-vaidh\the-karan-singh-vaidh\server\node_modules\router\index.js:342:13)
    at C:\react project\x\the-karan-singh-vaidh\the-karan-singh-vaidh\server\node_modules\router\index.js:297:9

[2026-02-26T06:22:15.181Z] 404 - Not Found - /socket.io/?EIO=4&transport=polling&t=2t284pba
Error: Not Found - /socket.io/?EIO=4&transport=polling&t=2t284pba
    at notFound (C:\react project\x\the-karan-singh-vaidh\the-karan-singh-vaidh\server\middleware\errorMiddleware.js:2:19)
    at Layer.handleRequest (C:\react project\x\the-karan-singh-vaidh\the-karan-singh-vaidh\server\node_modules\router\lib\layer.js:152:17)
    at trimPrefix (C:\react project\x\the-karan-singh-vaidh\the-karan-singh-vaidh\server\node_modules\router\index.js:342:13)
    at C:\react project\x\the-karan-singh-vaidh\the-karan-singh-vaidh\server\node_modules\router\index.js:297:9
    at processParams (C:\react project\x\the-karan-singh-vaidh\the-karan-singh-vaidh\server\node_modules\router\index.js:582:12)
    at next (C:\react project\x\the-karan-singh-vaidh\the-karan-singh-vaidh\server\node_modules\router\index.js:291:5)
    at logger (C:\react project\x\the-karan-singh-vaidh\the-karan-singh-vaidh\server\node_modules\morgan\index.js:144:5)
    at Layer.handleRequest (C:\react project\x\the-karan-singh-vaidh\the-karan-singh-vaidh\server\node_modules\router\lib\layer.js:152:17)
    at trimPrefix (C:\react project\x\the-karan-singh-vaidh\the-karan-singh-vaidh\server\node_modules\router\index.js:342:13)
    at C:\react project\x\the-karan-singh-vaidh\the-karan-singh-vaidh\server\node_modules\router\index.js:297:9

[2026-02-26T06:22:21.167Z] 404 - Not Found - /socket.io/?EIO=4&transport=polling&t=2t6ueert
Error: Not Found - /socket.io/?EIO=4&transport=polling&t=2t6ueert
    at notFound (C:\react project\x\the-karan-singh-vaidh\the-karan-singh-vaidh\server\middleware\errorMiddleware.js:2:19)
    at Layer.handleRequest (C:\react project\x\the-karan-singh-vaidh\the-karan-singh-vaidh\server\node_modules\router\lib\layer.js:152:17)
    at trimPrefix (C:\react project\x\the-karan-singh-vaidh\the-karan-singh-vaidh\server\node_modules\router\index.js:342:13)
    at C:\react project\x\the-karan-singh-vaidh\the-karan-singh-vaidh\server\node_modules\router\index.js:297:9
    at processParams (C:\react project\x\the-karan-singh-vaidh\the-karan-singh-vaidh\server\node_modules\router\index.js:582:12)
    at next (C:\react project\x\the-karan-singh-vaidh\the-karan-singh-vaidh\server\node_modules\router\index.js:291:5)
    at logger (C:\react project\x\the-karan-singh-vaidh\the-karan-singh-vaidh\server\node_modules\morgan\index.js:144:5)
    at Layer.handleRequest (C:\react project\x\the-karan-singh-vaidh\the-karan-singh-vaidh\server\node_modules\router\lib\layer.js:152:17)
    at trimPrefix (C:\react project\x\the-karan-singh-vaidh\the-karan-singh-vaidh\server\node_modules\router\index.js:342:13)
    at C:\react project\x\the-karan-singh-vaidh\the-karan-singh-vaidh\server\node_modules\router\index.js:297:9

[2026-02-26T06:22:27.174Z] 404 - Not Found - /socket.io/?EIO=4&transport=polling&t=2tbh40s0
Error: Not Found - /socket.io/?EIO=4&transport=polling&t=2tbh40s0
    at notFound (C:\react project\x\the-karan-singh-vaidh\the-karan-singh-vaidh\server\middleware\errorMiddleware.js:2:19)
    at Layer.handleRequest (C:\react project\x\the-karan-singh-vaidh\the-karan-singh-vaidh\server\node_modules\router\lib\layer.js:152:17)
    at trimPrefix (C:\react project\x\the-karan-singh-vaidh\the-karan-singh-vaidh\server\node_modules\router\index.js:342:13)
    at C:\react project\x\the-karan-singh-vaidh\the-karan-singh-vaidh\server\node_modules\router\index.js:297:9
    at processParams (C:\react project\x\the-karan-singh-vaidh\the-karan-singh-vaidh\server\node_modules\router\index.js:582:12)
    at next (C:\react project\x\the-karan-singh-vaidh\the-karan-singh-vaidh\server\node_modules\router\index.js:291:5)
    at logger (C:\react project\x\the-karan-singh-vaidh\the-karan-singh-vaidh\server\node_modules\morgan\index.js:144:5)
    at Layer.handleRequest (C:\react project\x\the-karan-singh-vaidh\the-karan-singh-vaidh\server\node_modules\router\lib\layer.js:152:17)
    at trimPrefix (C:\react project\x\the-karan-singh-vaidh\the-karan-singh-vaidh\server\node_modules\router\index.js:342:13)
    at C:\react project\x\the-karan-singh-vaidh\the-karan-singh-vaidh\server\node_modules\router\index.js:297:9

[2026-02-26T06:22:33.164Z] 404 - Not Found - /socket.io/?EIO=4&transport=polling&t=2tg3savd
Error: Not Found - /socket.io/?EIO=4&transport=polling&t=2tg3savd
    at notFound (C:\react project\x\the-karan-singh-vaidh\the-karan-singh-vaidh\server\middleware\errorMiddleware.js:2:19)
    at Layer.handleRequest (C:\react project\x\the-karan-singh-vaidh\the-karan-singh-vaidh\server\node_modules\router\lib\layer.js:152:17)
    at trimPrefix (C:\react project\x\the-karan-singh-vaidh\the-karan-singh-vaidh\server\node_modules\router\index.js:342:13)
    at C:\react project\x\the-karan-singh-vaidh\the-karan-singh-vaidh\server\node_modules\router\index.js:297:9
    at processParams (C:\react project\x\the-karan-singh-vaidh\the-karan-singh-vaidh\server\node_modules\router\index.js:582:12)
    at next (C:\react project\x\the-karan-singh-vaidh\the-karan-singh-vaidh\server\node_modules\router\index.js:291:5)
    at logger (C:\react project\x\the-karan-singh-vaidh\the-karan-singh-vaidh\server\node_modules\morgan\index.js:144:5)
    at Layer.handleRequest (C:\react project\x\the-karan-singh-vaidh\the-karan-singh-vaidh\server\node_modules\router\lib\layer.js:152:17)
    at trimPrefix (C:\react project\x\the-karan-singh-vaidh\the-karan-singh-vaidh\server\node_modules\router\index.js:342:13)
    at C:\react project\x\the-karan-singh-vaidh\the-karan-singh-vaidh\server\node_modules\router\index.js:297:9

[2026-02-26T06:22:39.160Z] 404 - Not Found - /socket.io/?EIO=4&transport=polling&t=2tkqce18
Error: Not Found - /socket.io/?EIO=4&transport=polling&t=2tkqce18
    at notFound (C:\react project\x\the-karan-singh-vaidh\the-karan-singh-vaidh\server\middleware\errorMiddleware.js:2:19)
    at Layer.handleRequest (C:\react project\x\the-karan-singh-vaidh\the-karan-singh-vaidh\server\node_modules\router\lib\layer.js:152:17)
    at trimPrefix (C:\react project\x\the-karan-singh-vaidh\the-karan-singh-vaidh\server\node_modules\router\index.js:342:13)
    at C:\react project\x\the-karan-singh-vaidh\the-karan-singh-vaidh\server\node_modules\router\index.js:297:9
    at processParams (C:\react project\x\the-karan-singh-vaidh\the-karan-singh-vaidh\server\node_modules\router\index.js:582:12)
    at next (C:\react project\x\the-karan-singh-vaidh\the-karan-singh-vaidh\server\node_modules\router\index.js:291:5)
    at logger (C:\react project\x\the-karan-singh-vaidh\the-karan-singh-vaidh\server\node_modules\morgan\index.js:144:5)
    at Layer.handleRequest (C:\react project\x\the-karan-singh-vaidh\the-karan-singh-vaidh\server\node_modules\router\lib\layer.js:152:17)
    at trimPrefix (C:\react project\x\the-karan-singh-vaidh\the-karan-singh-vaidh\server\node_modules\router\index.js:342:13)
    at C:\react project\x\the-karan-singh-vaidh\the-karan-singh-vaidh\server\node_modules\router\index.js:297:9

[2026-02-26T06:22:45.155Z] 404 - Not Found - /socket.io/?EIO=4&transport=polling&t=2tpcwy93
Error: Not Found - /socket.io/?EIO=4&transport=polling&t=2tpcwy93
    at notFound (C:\react project\x\the-karan-singh-vaidh\the-karan-singh-vaidh\server\middleware\errorMiddleware.js:2:19)
    at Layer.handleRequest (C:\react project\x\the-karan-singh-vaidh\the-karan-singh-vaidh\server\node_modules\router\lib\layer.js:152:17)
    at trimPrefix (C:\react project\x\the-karan-singh-vaidh\the-karan-singh-vaidh\server\node_modules\router\index.js:342:13)
    at C:\react project\x\the-karan-singh-vaidh\the-karan-singh-vaidh\server\node_modules\router\index.js:297:9
    at processParams (C:\react project\x\the-karan-singh-vaidh\the-karan-singh-vaidh\server\node_modules\router\index.js:582:12)
    at next (C:\react project\x\the-karan-singh-vaidh\the-karan-singh-vaidh\server\node_modules\router\index.js:291:5)
    at logger (C:\react project\x\the-karan-singh-vaidh\the-karan-singh-vaidh\server\node_modules\morgan\index.js:144:5)
    at Layer.handleRequest (C:\react project\x\the-karan-singh-vaidh\the-karan-singh-vaidh\server\node_modules\router\lib\layer.js:152:17)
    at trimPrefix (C:\react project\x\the-karan-singh-vaidh\the-karan-singh-vaidh\server\node_modules\router\index.js:342:13)
    at C:\react project\x\the-karan-singh-vaidh\the-karan-singh-vaidh\server\node_modules\router\index.js:297:9

[2026-02-26T06:24:28.303Z] 404 - Not Found - /uploads/image-1769185991969.png
Error: Not Found - /uploads/image-1769185991969.png
    at notFound (C:\react project\x\the-karan-singh-vaidh\the-karan-singh-vaidh\server\middleware\errorMiddleware.js:6:19)
    at Layer.handleRequest (C:\react project\x\the-karan-singh-vaidh\the-karan-singh-vaidh\server\node_modules\router\lib\layer.js:152:17)
    at trimPrefix (C:\react project\x\the-karan-singh-vaidh\the-karan-singh-vaidh\server\node_modules\router\index.js:342:13)
    at C:\react project\x\the-karan-singh-vaidh\the-karan-singh-vaidh\server\node_modules\router\index.js:297:9
    at processParams (C:\react project\x\the-karan-singh-vaidh\the-karan-singh-vaidh\server\node_modules\router\index.js:582:12)
    at next (C:\react project\x\the-karan-singh-vaidh\the-karan-singh-vaidh\server\node_modules\router\index.js:291:5)
    at SendStream.error (C:\react project\x\the-karan-singh-vaidh\the-karan-singh-vaidh\server\node_modules\serve-static\index.js:120:7)
    at SendStream.emit (node:events:517:28)
    at SendStream.error (C:\react project\x\the-karan-singh-vaidh\the-karan-singh-vaidh\server\node_modules\send\index.js:168:17)
    at SendStream.onStatError (C:\react project\x\the-karan-singh-vaidh\the-karan-singh-vaidh\server\node_modules\send\index.js:315:12)

[2026-02-26T06:27:02.435Z] 404 - Not Found - /api/employees
Error: Not Found - /api/employees
    at notFound (C:\react project\x\the-karan-singh-vaidh\the-karan-singh-vaidh\server\middleware\errorMiddleware.js:6:19)
    at Layer.handleRequest (C:\react project\x\the-karan-singh-vaidh\the-karan-singh-vaidh\server\node_modules\router\lib\layer.js:152:17)
    at trimPrefix (C:\react project\x\the-karan-singh-vaidh\the-karan-singh-vaidh\server\node_modules\router\index.js:342:13)
    at C:\react project\x\the-karan-singh-vaidh\the-karan-singh-vaidh\server\node_modules\router\index.js:297:9
    at processParams (C:\react project\x\the-karan-singh-vaidh\the-karan-singh-vaidh\server\node_modules\router\index.js:582:12)
    at next (C:\react project\x\the-karan-singh-vaidh\the-karan-singh-vaidh\server\node_modules\router\index.js:291:5)
    at logger (C:\react project\x\the-karan-singh-vaidh\the-karan-singh-vaidh\server\node_modules\morgan\index.js:144:5)
    at Layer.handleRequest (C:\react project\x\the-karan-singh-vaidh\the-karan-singh-vaidh\server\node_modules\router\lib\layer.js:152:17)
    at trimPrefix (C:\react project\x\the-karan-singh-vaidh\the-karan-singh-vaidh\server\node_modules\router\index.js:342:13)
    at C:\react project\x\the-karan-singh-vaidh\the-karan-singh-vaidh\server\node_modules\router\index.js:297:9

[2026-02-26T06:27:02.439Z] 404 - Not Found - /api/employees
Error: Not Found - /api/employees
    at notFound (C:\react project\x\the-karan-singh-vaidh\the-karan-singh-vaidh\server\middleware\errorMiddleware.js:6:19)
    at Layer.handleRequest (C:\react project\x\the-karan-singh-vaidh\the-karan-singh-vaidh\server\node_modules\router\lib\layer.js:152:17)
    at trimPrefix (C:\react project\x\the-karan-singh-vaidh\the-karan-singh-vaidh\server\node_modules\router\index.js:342:13)
    at C:\react project\x\the-karan-singh-vaidh\the-karan-singh-vaidh\server\node_modules\router\index.js:297:9
    at processParams (C:\react project\x\the-karan-singh-vaidh\the-karan-singh-vaidh\server\node_modules\router\index.js:582:12)
    at next (C:\react project\x\the-karan-singh-vaidh\the-karan-singh-vaidh\server\node_modules\router\index.js:291:5)
    at logger (C:\react project\x\the-karan-singh-vaidh\the-karan-singh-vaidh\server\node_modules\morgan\index.js:144:5)
    at Layer.handleRequest (C:\react project\x\the-karan-singh-vaidh\the-karan-singh-vaidh\server\node_modules\router\lib\layer.js:152:17)
    at trimPrefix (C:\react project\x\the-karan-singh-vaidh\the-karan-singh-vaidh\server\node_modules\router\index.js:342:13)
    at C:\react project\x\the-karan-singh-vaidh\the-karan-singh-vaidh\server\node_modules\router\index.js:297:9

[2026-02-26T06:27:04.882Z] 404 - Not Found - /api/employees
Error: Not Found - /api/employees
    at notFound (C:\react project\x\the-karan-singh-vaidh\the-karan-singh-vaidh\server\middleware\errorMiddleware.js:6:19)
    at Layer.handleRequest (C:\react project\x\the-karan-singh-vaidh\the-karan-singh-vaidh\server\node_modules\router\lib\layer.js:152:17)
    at trimPrefix (C:\react project\x\the-karan-singh-vaidh\the-karan-singh-vaidh\server\node_modules\router\index.js:342:13)
    at C:\react project\x\the-karan-singh-vaidh\the-karan-singh-vaidh\server\node_modules\router\index.js:297:9
    at processParams (C:\react project\x\the-karan-singh-vaidh\the-karan-singh-vaidh\server\node_modules\router\index.js:582:12)
    at next (C:\react project\x\the-karan-singh-vaidh\the-karan-singh-vaidh\server\node_modules\router\index.js:291:5)
    at logger (C:\react project\x\the-karan-singh-vaidh\the-karan-singh-vaidh\server\node_modules\morgan\index.js:144:5)
    at Layer.handleRequest (C:\react project\x\the-karan-singh-vaidh\the-karan-singh-vaidh\server\node_modules\router\lib\layer.js:152:17)
    at trimPrefix (C:\react project\x\the-karan-singh-vaidh\the-karan-singh-vaidh\server\node_modules\router\index.js:342:13)
    at C:\react project\x\the-karan-singh-vaidh\the-karan-singh-vaidh\server\node_modules\router\index.js:297:9

[2026-02-26T06:27:04.894Z] 404 - Not Found - /api/employees
Error: Not Found - /api/employees
    at notFound (C:\react project\x\the-karan-singh-vaidh\the-karan-singh-vaidh\server\middleware\errorMiddleware.js:6:19)
    at Layer.handleRequest (C:\react project\x\the-karan-singh-vaidh\the-karan-singh-vaidh\server\node_modules\router\lib\layer.js:152:17)
    at trimPrefix (C:\react project\x\the-karan-singh-vaidh\the-karan-singh-vaidh\server\node_modules\router\index.js:342:13)
    at C:\react project\x\the-karan-singh-vaidh\the-karan-singh-vaidh\server\node_modules\router\index.js:297:9
    at processParams (C:\react project\x\the-karan-singh-vaidh\the-karan-singh-vaidh\server\node_modules\router\index.js:582:12)
    at next (C:\react project\x\the-karan-singh-vaidh\the-karan-singh-vaidh\server\node_modules\router\index.js:291:5)
    at logger (C:\react project\x\the-karan-singh-vaidh\the-karan-singh-vaidh\server\node_modules\morgan\index.js:144:5)
    at Layer.handleRequest (C:\react project\x\the-karan-singh-vaidh\the-karan-singh-vaidh\server\node_modules\router\lib\layer.js:152:17)
    at trimPrefix (C:\react project\x\the-karan-singh-vaidh\the-karan-singh-vaidh\server\node_modules\router\index.js:342:13)
    at C:\react project\x\the-karan-singh-vaidh\the-karan-singh-vaidh\server\node_modules\router\index.js:297:9

[2026-02-26T06:27:04.898Z] 404 - Not Found - /api/chat/unread-count
Error: Not Found - /api/chat/unread-count
    at notFound (C:\react project\x\the-karan-singh-vaidh\the-karan-singh-vaidh\server\middleware\errorMiddleware.js:6:19)
    at Layer.handleRequest (C:\react project\x\the-karan-singh-vaidh\the-karan-singh-vaidh\server\node_modules\router\lib\layer.js:152:17)
    at trimPrefix (C:\react project\x\the-karan-singh-vaidh\the-karan-singh-vaidh\server\node_modules\router\index.js:342:13)
    at C:\react project\x\the-karan-singh-vaidh\the-karan-singh-vaidh\server\node_modules\router\index.js:297:9
    at processParams (C:\react project\x\the-karan-singh-vaidh\the-karan-singh-vaidh\server\node_modules\router\index.js:582:12)
    at next (C:\react project\x\the-karan-singh-vaidh\the-karan-singh-vaidh\server\node_modules\router\index.js:291:5)
    at logger (C:\react project\x\the-karan-singh-vaidh\the-karan-singh-vaidh\server\node_modules\morgan\index.js:144:5)
    at Layer.handleRequest (C:\react project\x\the-karan-singh-vaidh\the-karan-singh-vaidh\server\node_modules\router\lib\layer.js:152:17)
    at trimPrefix (C:\react project\x\the-karan-singh-vaidh\the-karan-singh-vaidh\server\node_modules\router\index.js:342:13)
    at C:\react project\x\the-karan-singh-vaidh\the-karan-singh-vaidh\server\node_modules\router\index.js:297:9

[2026-02-26T06:27:04.902Z] 404 - Not Found - /api/birthdays/upcoming?days=0
Error: Not Found - /api/birthdays/upcoming?days=0
    at notFound (C:\react project\x\the-karan-singh-vaidh\the-karan-singh-vaidh\server\middleware\errorMiddleware.js:6:19)
    at Layer.handleRequest (C:\react project\x\the-karan-singh-vaidh\the-karan-singh-vaidh\server\node_modules\router\lib\layer.js:152:17)
    at trimPrefix (C:\react project\x\the-karan-singh-vaidh\the-karan-singh-vaidh\server\node_modules\router\index.js:342:13)
    at C:\react project\x\the-karan-singh-vaidh\the-karan-singh-vaidh\server\node_modules\router\index.js:297:9
    at processParams (C:\react project\x\the-karan-singh-vaidh\the-karan-singh-vaidh\server\node_modules\router\index.js:582:12)
    at next (C:\react project\x\the-karan-singh-vaidh\the-karan-singh-vaidh\server\node_modules\router\index.js:291:5)
    at logger (C:\react project\x\the-karan-singh-vaidh\the-karan-singh-vaidh\server\node_modules\morgan\index.js:144:5)
    at Layer.handleRequest (C:\react project\x\the-karan-singh-vaidh\the-karan-singh-vaidh\server\node_modules\router\lib\layer.js:152:17)
    at trimPrefix (C:\react project\x\the-karan-singh-vaidh\the-karan-singh-vaidh\server\node_modules\router\index.js:342:13)
    at C:\react project\x\the-karan-singh-vaidh\the-karan-singh-vaidh\server\node_modules\router\index.js:297:9

[2026-02-26T06:27:04.905Z] 404 - Not Found - /api/chat/unread-count
Error: Not Found - /api/chat/unread-count
    at notFound (C:\react project\x\the-karan-singh-vaidh\the-karan-singh-vaidh\server\middleware\errorMiddleware.js:6:19)
    at Layer.handleRequest (C:\react project\x\the-karan-singh-vaidh\the-karan-singh-vaidh\server\node_modules\router\lib\layer.js:152:17)
    at trimPrefix (C:\react project\x\the-karan-singh-vaidh\the-karan-singh-vaidh\server\node_modules\router\index.js:342:13)
    at C:\react project\x\the-karan-singh-vaidh\the-karan-singh-vaidh\server\node_modules\router\index.js:297:9
    at processParams (C:\react project\x\the-karan-singh-vaidh\the-karan-singh-vaidh\server\node_modules\router\index.js:582:12)
    at next (C:\react project\x\the-karan-singh-vaidh\the-karan-singh-vaidh\server\node_modules\router\index.js:291:5)
    at logger (C:\react project\x\the-karan-singh-vaidh\the-karan-singh-vaidh\server\node_modules\morgan\index.js:144:5)
    at Layer.handleRequest (C:\react project\x\the-karan-singh-vaidh\the-karan-singh-vaidh\server\node_modules\router\lib\layer.js:152:17)
    at trimPrefix (C:\react project\x\the-karan-singh-vaidh\the-karan-singh-vaidh\server\node_modules\router\index.js:342:13)
    at C:\react project\x\the-karan-singh-vaidh\the-karan-singh-vaidh\server\node_modules\router\index.js:297:9

[2026-02-26T06:27:04.909Z] 404 - Not Found - /api/birthdays/upcoming?days=0
Error: Not Found - /api/birthdays/upcoming?days=0
    at notFound (C:\react project\x\the-karan-singh-vaidh\the-karan-singh-vaidh\server\middleware\errorMiddleware.js:6:19)
    at Layer.handleRequest (C:\react project\x\the-karan-singh-vaidh\the-karan-singh-vaidh\server\node_modules\router\lib\layer.js:152:17)
    at trimPrefix (C:\react project\x\the-karan-singh-vaidh\the-karan-singh-vaidh\server\node_modules\router\index.js:342:13)
    at C:\react project\x\the-karan-singh-vaidh\the-karan-singh-vaidh\server\node_modules\router\index.js:297:9
    at processParams (C:\react project\x\the-karan-singh-vaidh\the-karan-singh-vaidh\server\node_modules\router\index.js:582:12)
    at next (C:\react project\x\the-karan-singh-vaidh\the-karan-singh-vaidh\server\node_modules\router\index.js:291:5)
    at logger (C:\react project\x\the-karan-singh-vaidh\the-karan-singh-vaidh\server\node_modules\morgan\index.js:144:5)
    at Layer.handleRequest (C:\react project\x\the-karan-singh-vaidh\the-karan-singh-vaidh\server\node_modules\router\lib\layer.js:152:17)
    at trimPrefix (C:\react project\x\the-karan-singh-vaidh\the-karan-singh-vaidh\server\node_modules\router\index.js:342:13)
    at C:\react project\x\the-karan-singh-vaidh\the-karan-singh-vaidh\server\node_modules\router\index.js:297:9

[2026-02-26T06:27:05.809Z] 404 - Not Found - /api/employees
Error: Not Found - /api/employees
    at notFound (C:\react project\x\the-karan-singh-vaidh\the-karan-singh-vaidh\server\middleware\errorMiddleware.js:6:19)
    at Layer.handleRequest (C:\react project\x\the-karan-singh-vaidh\the-karan-singh-vaidh\server\node_modules\router\lib\layer.js:152:17)
    at trimPrefix (C:\react project\x\the-karan-singh-vaidh\the-karan-singh-vaidh\server\node_modules\router\index.js:342:13)
    at C:\react project\x\the-karan-singh-vaidh\the-karan-singh-vaidh\server\node_modules\router\index.js:297:9
    at processParams (C:\react project\x\the-karan-singh-vaidh\the-karan-singh-vaidh\server\node_modules\router\index.js:582:12)
    at next (C:\react project\x\the-karan-singh-vaidh\the-karan-singh-vaidh\server\node_modules\router\index.js:291:5)
    at logger (C:\react project\x\the-karan-singh-vaidh\the-karan-singh-vaidh\server\node_modules\morgan\index.js:144:5)
    at Layer.handleRequest (C:\react project\x\the-karan-singh-vaidh\the-karan-singh-vaidh\server\node_modules\router\lib\layer.js:152:17)
    at trimPrefix (C:\react project\x\the-karan-singh-vaidh\the-karan-singh-vaidh\server\node_modules\router\index.js:342:13)
    at C:\react project\x\the-karan-singh-vaidh\the-karan-singh-vaidh\server\node_modules\router\index.js:297:9

[2026-02-26T06:27:05.815Z] 404 - Not Found - /api/chat/unread-count
Error: Not Found - /api/chat/unread-count
    at notFound (C:\react project\x\the-karan-singh-vaidh\the-karan-singh-vaidh\server\middleware\errorMiddleware.js:6:19)
    at Layer.handleRequest (C:\react project\x\the-karan-singh-vaidh\the-karan-singh-vaidh\server\node_modules\router\lib\layer.js:152:17)
    at trimPrefix (C:\react project\x\the-karan-singh-vaidh\the-karan-singh-vaidh\server\node_modules\router\index.js:342:13)
    at C:\react project\x\the-karan-singh-vaidh\the-karan-singh-vaidh\server\node_modules\router\index.js:297:9
    at processParams (C:\react project\x\the-karan-singh-vaidh\the-karan-singh-vaidh\server\node_modules\router\index.js:582:12)
    at next (C:\react project\x\the-karan-singh-vaidh\the-karan-singh-vaidh\server\node_modules\router\index.js:291:5)
    at logger (C:\react project\x\the-karan-singh-vaidh\the-karan-singh-vaidh\server\node_modules\morgan\index.js:144:5)
    at Layer.handleRequest (C:\react project\x\the-karan-singh-vaidh\the-karan-singh-vaidh\server\node_modules\router\lib\layer.js:152:17)
    at trimPrefix (C:\react project\x\the-karan-singh-vaidh\the-karan-singh-vaidh\server\node_modules\router\index.js:342:13)
    at C:\react project\x\the-karan-singh-vaidh\the-karan-singh-vaidh\server\node_modules\router\index.js:297:9

[2026-02-26T06:27:05.820Z] 404 - Not Found - /api/birthdays/upcoming?days=0
Error: Not Found - /api/birthdays/upcoming?days=0
    at notFound (C:\react project\x\the-karan-singh-vaidh\the-karan-singh-vaidh\server\middleware\errorMiddleware.js:6:19)
    at Layer.handleRequest (C:\react project\x\the-karan-singh-vaidh\the-karan-singh-vaidh\server\node_modules\router\lib\layer.js:152:17)
    at trimPrefix (C:\react project\x\the-karan-singh-vaidh\the-karan-singh-vaidh\server\node_modules\router\index.js:342:13)
    at C:\react project\x\the-karan-singh-vaidh\the-karan-singh-vaidh\server\node_modules\router\index.js:297:9
    at processParams (C:\react project\x\the-karan-singh-vaidh\the-karan-singh-vaidh\server\node_modules\router\index.js:582:12)
    at next (C:\react project\x\the-karan-singh-vaidh\the-karan-singh-vaidh\server\node_modules\router\index.js:291:5)
    at logger (C:\react project\x\the-karan-singh-vaidh\the-karan-singh-vaidh\server\node_modules\morgan\index.js:144:5)
    at Layer.handleRequest (C:\react project\x\the-karan-singh-vaidh\the-karan-singh-vaidh\server\node_modules\router\lib\layer.js:152:17)
    at trimPrefix (C:\react project\x\the-karan-singh-vaidh\the-karan-singh-vaidh\server\node_modules\router\index.js:342:13)
    at C:\react project\x\the-karan-singh-vaidh\the-karan-singh-vaidh\server\node_modules\router\index.js:297:9

[2026-02-26T06:27:05.823Z] 404 - Not Found - /api/employees
Error: Not Found - /api/employees
    at notFound (C:\react project\x\the-karan-singh-vaidh\the-karan-singh-vaidh\server\middleware\errorMiddleware.js:6:19)
    at Layer.handleRequest (C:\react project\x\the-karan-singh-vaidh\the-karan-singh-vaidh\server\node_modules\router\lib\layer.js:152:17)
    at trimPrefix (C:\react project\x\the-karan-singh-vaidh\the-karan-singh-vaidh\server\node_modules\router\index.js:342:13)
    at C:\react project\x\the-karan-singh-vaidh\the-karan-singh-vaidh\server\node_modules\router\index.js:297:9
    at processParams (C:\react project\x\the-karan-singh-vaidh\the-karan-singh-vaidh\server\node_modules\router\index.js:582:12)
    at next (C:\react project\x\the-karan-singh-vaidh\the-karan-singh-vaidh\server\node_modules\router\index.js:291:5)
    at logger (C:\react project\x\the-karan-singh-vaidh\the-karan-singh-vaidh\server\node_modules\morgan\index.js:144:5)
    at Layer.handleRequest (C:\react project\x\the-karan-singh-vaidh\the-karan-singh-vaidh\server\node_modules\router\lib\layer.js:152:17)
    at trimPrefix (C:\react project\x\the-karan-singh-vaidh\the-karan-singh-vaidh\server\node_modules\router\index.js:342:13)
    at C:\react project\x\the-karan-singh-vaidh\the-karan-singh-vaidh\server\node_modules\router\index.js:297:9

[2026-02-26T06:27:05.827Z] 404 - Not Found - /api/chat/unread-count
Error: Not Found - /api/chat/unread-count
    at notFound (C:\react project\x\the-karan-singh-vaidh\the-karan-singh-vaidh\server\middleware\errorMiddleware.js:6:19)
    at Layer.handleRequest (C:\react project\x\the-karan-singh-vaidh\the-karan-singh-vaidh\server\node_modules\router\lib\layer.js:152:17)
    at trimPrefix (C:\react project\x\the-karan-singh-vaidh\the-karan-singh-vaidh\server\node_modules\router\index.js:342:13)
    at C:\react project\x\the-karan-singh-vaidh\the-karan-singh-vaidh\server\node_modules\router\index.js:297:9
    at processParams (C:\react project\x\the-karan-singh-vaidh\the-karan-singh-vaidh\server\node_modules\router\index.js:582:12)
    at next (C:\react project\x\the-karan-singh-vaidh\the-karan-singh-vaidh\server\node_modules\router\index.js:291:5)
    at logger (C:\react project\x\the-karan-singh-vaidh\the-karan-singh-vaidh\server\node_modules\morgan\index.js:144:5)
    at Layer.handleRequest (C:\react project\x\the-karan-singh-vaidh\the-karan-singh-vaidh\server\node_modules\router\lib\layer.js:152:17)
    at trimPrefix (C:\react project\x\the-karan-singh-vaidh\the-karan-singh-vaidh\server\node_modules\router\index.js:342:13)
    at C:\react project\x\the-karan-singh-vaidh\the-karan-singh-vaidh\server\node_modules\router\index.js:297:9

[2026-02-26T06:27:05.834Z] 404 - Not Found - /api/birthdays/upcoming?days=0
Error: Not Found - /api/birthdays/upcoming?days=0
    at notFound (C:\react project\x\the-karan-singh-vaidh\the-karan-singh-vaidh\server\middleware\errorMiddleware.js:6:19)
    at Layer.handleRequest (C:\react project\x\the-karan-singh-vaidh\the-karan-singh-vaidh\server\node_modules\router\lib\layer.js:152:17)
    at trimPrefix (C:\react project\x\the-karan-singh-vaidh\the-karan-singh-vaidh\server\node_modules\router\index.js:342:13)
    at C:\react project\x\the-karan-singh-vaidh\the-karan-singh-vaidh\server\node_modules\router\index.js:297:9
    at processParams (C:\react project\x\the-karan-singh-vaidh\the-karan-singh-vaidh\server\node_modules\router\index.js:582:12)
    at next (C:\react project\x\the-karan-singh-vaidh\the-karan-singh-vaidh\server\node_modules\router\index.js:291:5)
    at logger (C:\react project\x\the-karan-singh-vaidh\the-karan-singh-vaidh\server\node_modules\morgan\index.js:144:5)
    at Layer.handleRequest (C:\react project\x\the-karan-singh-vaidh\the-karan-singh-vaidh\server\node_modules\router\lib\layer.js:152:17)
    at trimPrefix (C:\react project\x\the-karan-singh-vaidh\the-karan-singh-vaidh\server\node_modules\router\index.js:342:13)
    at C:\react project\x\the-karan-singh-vaidh\the-karan-singh-vaidh\server\node_modules\router\index.js:297:9

[2026-02-26T06:27:06.358Z] 404 - Not Found - /api/employees
Error: Not Found - /api/employees
    at notFound (C:\react project\x\the-karan-singh-vaidh\the-karan-singh-vaidh\server\middleware\errorMiddleware.js:6:19)
    at Layer.handleRequest (C:\react project\x\the-karan-singh-vaidh\the-karan-singh-vaidh\server\node_modules\router\lib\layer.js:152:17)
    at trimPrefix (C:\react project\x\the-karan-singh-vaidh\the-karan-singh-vaidh\server\node_modules\router\index.js:342:13)
    at C:\react project\x\the-karan-singh-vaidh\the-karan-singh-vaidh\server\node_modules\router\index.js:297:9
    at processParams (C:\react project\x\the-karan-singh-vaidh\the-karan-singh-vaidh\server\node_modules\router\index.js:582:12)
    at next (C:\react project\x\the-karan-singh-vaidh\the-karan-singh-vaidh\server\node_modules\router\index.js:291:5)
    at logger (C:\react project\x\the-karan-singh-vaidh\the-karan-singh-vaidh\server\node_modules\morgan\index.js:144:5)
    at Layer.handleRequest (C:\react project\x\the-karan-singh-vaidh\the-karan-singh-vaidh\server\node_modules\router\lib\layer.js:152:17)
    at trimPrefix (C:\react project\x\the-karan-singh-vaidh\the-karan-singh-vaidh\server\node_modules\router\index.js:342:13)
    at C:\react project\x\the-karan-singh-vaidh\the-karan-singh-vaidh\server\node_modules\router\index.js:297:9

[2026-02-26T06:27:06.363Z] 404 - Not Found - /api/chat/unread-count
Error: Not Found - /api/chat/unread-count
    at notFound (C:\react project\x\the-karan-singh-vaidh\the-karan-singh-vaidh\server\middleware\errorMiddleware.js:6:19)
    at Layer.handleRequest (C:\react project\x\the-karan-singh-vaidh\the-karan-singh-vaidh\server\node_modules\router\lib\layer.js:152:17)
    at trimPrefix (C:\react project\x\the-karan-singh-vaidh\the-karan-singh-vaidh\server\node_modules\router\index.js:342:13)
    at C:\react project\x\the-karan-singh-vaidh\the-karan-singh-vaidh\server\node_modules\router\index.js:297:9
    at processParams (C:\react project\x\the-karan-singh-vaidh\the-karan-singh-vaidh\server\node_modules\router\index.js:582:12)
    at next (C:\react project\x\the-karan-singh-vaidh\the-karan-singh-vaidh\server\node_modules\router\index.js:291:5)
    at logger (C:\react project\x\the-karan-singh-vaidh\the-karan-singh-vaidh\server\node_modules\morgan\index.js:144:5)
    at Layer.handleRequest (C:\react project\x\the-karan-singh-vaidh\the-karan-singh-vaidh\server\node_modules\router\lib\layer.js:152:17)
    at trimPrefix (C:\react project\x\the-karan-singh-vaidh\the-karan-singh-vaidh\server\node_modules\router\index.js:342:13)
    at C:\react project\x\the-karan-singh-vaidh\the-karan-singh-vaidh\server\node_modules\router\index.js:297:9

[2026-02-26T06:27:06.367Z] 404 - Not Found - /api/birthdays/upcoming?days=0
Error: Not Found - /api/birthdays/upcoming?days=0
    at notFound (C:\react project\x\the-karan-singh-vaidh\the-karan-singh-vaidh\server\middleware\errorMiddleware.js:6:19)
    at Layer.handleRequest (C:\react project\x\the-karan-singh-vaidh\the-karan-singh-vaidh\server\node_modules\router\lib\layer.js:152:17)
    at trimPrefix (C:\react project\x\the-karan-singh-vaidh\the-karan-singh-vaidh\server\node_modules\router\index.js:342:13)
    at C:\react project\x\the-karan-singh-vaidh\the-karan-singh-vaidh\server\node_modules\router\index.js:297:9
    at processParams (C:\react project\x\the-karan-singh-vaidh\the-karan-singh-vaidh\server\node_modules\router\index.js:582:12)
    at next (C:\react project\x\the-karan-singh-vaidh\the-karan-singh-vaidh\server\node_modules\router\index.js:291:5)
    at logger (C:\react project\x\the-karan-singh-vaidh\the-karan-singh-vaidh\server\node_modules\morgan\index.js:144:5)
    at Layer.handleRequest (C:\react project\x\the-karan-singh-vaidh\the-karan-singh-vaidh\server\node_modules\router\lib\layer.js:152:17)
    at trimPrefix (C:\react project\x\the-karan-singh-vaidh\the-karan-singh-vaidh\server\node_modules\router\index.js:342:13)
    at C:\react project\x\the-karan-singh-vaidh\the-karan-singh-vaidh\server\node_modules\router\index.js:297:9

[2026-02-26T06:27:06.371Z] 404 - Not Found - /api/employees
Error: Not Found - /api/employees
    at notFound (C:\react project\x\the-karan-singh-vaidh\the-karan-singh-vaidh\server\middleware\errorMiddleware.js:6:19)
    at Layer.handleRequest (C:\react project\x\the-karan-singh-vaidh\the-karan-singh-vaidh\server\node_modules\router\lib\layer.js:152:17)
    at trimPrefix (C:\react project\x\the-karan-singh-vaidh\the-karan-singh-vaidh\server\node_modules\router\index.js:342:13)
    at C:\react project\x\the-karan-singh-vaidh\the-karan-singh-vaidh\server\node_modules\router\index.js:297:9
    at processParams (C:\react project\x\the-karan-singh-vaidh\the-karan-singh-vaidh\server\node_modules\router\index.js:582:12)
    at next (C:\react project\x\the-karan-singh-vaidh\the-karan-singh-vaidh\server\node_modules\router\index.js:291:5)
    at logger (C:\react project\x\the-karan-singh-vaidh\the-karan-singh-vaidh\server\node_modules\morgan\index.js:144:5)
    at Layer.handleRequest (C:\react project\x\the-karan-singh-vaidh\the-karan-singh-vaidh\server\node_modules\router\lib\layer.js:152:17)
    at trimPrefix (C:\react project\x\the-karan-singh-vaidh\the-karan-singh-vaidh\server\node_modules\router\index.js:342:13)
    at C:\react project\x\the-karan-singh-vaidh\the-karan-singh-vaidh\server\node_modules\router\index.js:297:9

[2026-02-26T06:27:06.379Z] 404 - Not Found - /api/chat/unread-count
Error: Not Found - /api/chat/unread-count
    at notFound (C:\react project\x\the-karan-singh-vaidh\the-karan-singh-vaidh\server\middleware\errorMiddleware.js:6:19)
    at Layer.handleRequest (C:\react project\x\the-karan-singh-vaidh\the-karan-singh-vaidh\server\node_modules\router\lib\layer.js:152:17)
    at trimPrefix (C:\react project\x\the-karan-singh-vaidh\the-karan-singh-vaidh\server\node_modules\router\index.js:342:13)
    at C:\react project\x\the-karan-singh-vaidh\the-karan-singh-vaidh\server\node_modules\router\index.js:297:9
    at processParams (C:\react project\x\the-karan-singh-vaidh\the-karan-singh-vaidh\server\node_modules\router\index.js:582:12)
    at next (C:\react project\x\the-karan-singh-vaidh\the-karan-singh-vaidh\server\node_modules\router\index.js:291:5)
    at logger (C:\react project\x\the-karan-singh-vaidh\the-karan-singh-vaidh\server\node_modules\morgan\index.js:144:5)
    at Layer.handleRequest (C:\react project\x\the-karan-singh-vaidh\the-karan-singh-vaidh\server\node_modules\router\lib\layer.js:152:17)
    at trimPrefix (C:\react project\x\the-karan-singh-vaidh\the-karan-singh-vaidh\server\node_modules\router\index.js:342:13)
    at C:\react project\x\the-karan-singh-vaidh\the-karan-singh-vaidh\server\node_modules\router\index.js:297:9

[2026-02-26T06:27:06.383Z] 404 - Not Found - /api/birthdays/upcoming?days=0
Error: Not Found - /api/birthdays/upcoming?days=0
    at notFound (C:\react project\x\the-karan-singh-vaidh\the-karan-singh-vaidh\server\middleware\errorMiddleware.js:6:19)
    at Layer.handleRequest (C:\react project\x\the-karan-singh-vaidh\the-karan-singh-vaidh\server\node_modules\router\lib\layer.js:152:17)
    at trimPrefix (C:\react project\x\the-karan-singh-vaidh\the-karan-singh-vaidh\server\node_modules\router\index.js:342:13)
    at C:\react project\x\the-karan-singh-vaidh\the-karan-singh-vaidh\server\node_modules\router\index.js:297:9
    at processParams (C:\react project\x\the-karan-singh-vaidh\the-karan-singh-vaidh\server\node_modules\router\index.js:582:12)
    at next (C:\react project\x\the-karan-singh-vaidh\the-karan-singh-vaidh\server\node_modules\router\index.js:291:5)
    at logger (C:\react project\x\the-karan-singh-vaidh\the-karan-singh-vaidh\server\node_modules\morgan\index.js:144:5)
    at Layer.handleRequest (C:\react project\x\the-karan-singh-vaidh\the-karan-singh-vaidh\server\node_modules\router\lib\layer.js:152:17)
    at trimPrefix (C:\react project\x\the-karan-singh-vaidh\the-karan-singh-vaidh\server\node_modules\router\index.js:342:13)
    at C:\react project\x\the-karan-singh-vaidh\the-karan-singh-vaidh\server\node_modules\router\index.js:297:9

[2026-02-26T06:27:06.877Z] 404 - Not Found - /api/employees
Error: Not Found - /api/employees
    at notFound (C:\react project\x\the-karan-singh-vaidh\the-karan-singh-vaidh\server\middleware\errorMiddleware.js:6:19)
    at Layer.handleRequest (C:\react project\x\the-karan-singh-vaidh\the-karan-singh-vaidh\server\node_modules\router\lib\layer.js:152:17)
    at trimPrefix (C:\react project\x\the-karan-singh-vaidh\the-karan-singh-vaidh\server\node_modules\router\index.js:342:13)
    at C:\react project\x\the-karan-singh-vaidh\the-karan-singh-vaidh\server\node_modules\router\index.js:297:9
    at processParams (C:\react project\x\the-karan-singh-vaidh\the-karan-singh-vaidh\server\node_modules\router\index.js:582:12)
    at next (C:\react project\x\the-karan-singh-vaidh\the-karan-singh-vaidh\server\node_modules\router\index.js:291:5)
    at logger (C:\react project\x\the-karan-singh-vaidh\the-karan-singh-vaidh\server\node_modules\morgan\index.js:144:5)
    at Layer.handleRequest (C:\react project\x\the-karan-singh-vaidh\the-karan-singh-vaidh\server\node_modules\router\lib\layer.js:152:17)
    at trimPrefix (C:\react project\x\the-karan-singh-vaidh\the-karan-singh-vaidh\server\node_modules\router\index.js:342:13)
    at C:\react project\x\the-karan-singh-vaidh\the-karan-singh-vaidh\server\node_modules\router\index.js:297:9

[2026-02-26T06:27:06.883Z] 404 - Not Found - /api/chat/unread-count
Error: Not Found - /api/chat/unread-count
    at notFound (C:\react project\x\the-karan-singh-vaidh\the-karan-singh-vaidh\server\middleware\errorMiddleware.js:6:19)
    at Layer.handleRequest (C:\react project\x\the-karan-singh-vaidh\the-karan-singh-vaidh\server\node_modules\router\lib\layer.js:152:17)
    at trimPrefix (C:\react project\x\the-karan-singh-vaidh\the-karan-singh-vaidh\server\node_modules\router\index.js:342:13)
    at C:\react project\x\the-karan-singh-vaidh\the-karan-singh-vaidh\server\node_modules\router\index.js:297:9
    at processParams (C:\react project\x\the-karan-singh-vaidh\the-karan-singh-vaidh\server\node_modules\router\index.js:582:12)
    at next (C:\react project\x\the-karan-singh-vaidh\the-karan-singh-vaidh\server\node_modules\router\index.js:291:5)
    at logger (C:\react project\x\the-karan-singh-vaidh\the-karan-singh-vaidh\server\node_modules\morgan\index.js:144:5)
    at Layer.handleRequest (C:\react project\x\the-karan-singh-vaidh\the-karan-singh-vaidh\server\node_modules\router\lib\layer.js:152:17)
    at trimPrefix (C:\react project\x\the-karan-singh-vaidh\the-karan-singh-vaidh\server\node_modules\router\index.js:342:13)
    at C:\react project\x\the-karan-singh-vaidh\the-karan-singh-vaidh\server\node_modules\router\index.js:297:9

[2026-02-26T06:27:06.890Z] 404 - Not Found - /api/birthdays/upcoming?days=0
Error: Not Found - /api/birthdays/upcoming?days=0
    at notFound (C:\react project\x\the-karan-singh-vaidh\the-karan-singh-vaidh\server\middleware\errorMiddleware.js:6:19)
    at Layer.handleRequest (C:\react project\x\the-karan-singh-vaidh\the-karan-singh-vaidh\server\node_modules\router\lib\layer.js:152:17)
    at trimPrefix (C:\react project\x\the-karan-singh-vaidh\the-karan-singh-vaidh\server\node_modules\router\index.js:342:13)
    at C:\react project\x\the-karan-singh-vaidh\the-karan-singh-vaidh\server\node_modules\router\index.js:297:9
    at processParams (C:\react project\x\the-karan-singh-vaidh\the-karan-singh-vaidh\server\node_modules\router\index.js:582:12)
    at next (C:\react project\x\the-karan-singh-vaidh\the-karan-singh-vaidh\server\node_modules\router\index.js:291:5)
    at logger (C:\react project\x\the-karan-singh-vaidh\the-karan-singh-vaidh\server\node_modules\morgan\index.js:144:5)
    at Layer.handleRequest (C:\react project\x\the-karan-singh-vaidh\the-karan-singh-vaidh\server\node_modules\router\lib\layer.js:152:17)
    at trimPrefix (C:\react project\x\the-karan-singh-vaidh\the-karan-singh-vaidh\server\node_modules\router\index.js:342:13)
    at C:\react project\x\the-karan-singh-vaidh\the-karan-singh-vaidh\server\node_modules\router\index.js:297:9

[2026-02-26T06:27:06.894Z] 404 - Not Found - /api/employees
Error: Not Found - /api/employees
    at notFound (C:\react project\x\the-karan-singh-vaidh\the-karan-singh-vaidh\server\middleware\errorMiddleware.js:6:19)
    at Layer.handleRequest (C:\react project\x\the-karan-singh-vaidh\the-karan-singh-vaidh\server\node_modules\router\lib\layer.js:152:17)
    at trimPrefix (C:\react project\x\the-karan-singh-vaidh\the-karan-singh-vaidh\server\node_modules\router\index.js:342:13)
    at C:\react project\x\the-karan-singh-vaidh\the-karan-singh-vaidh\server\node_modules\router\index.js:297:9
    at processParams (C:\react project\x\the-karan-singh-vaidh\the-karan-singh-vaidh\server\node_modules\router\index.js:582:12)
    at next (C:\react project\x\the-karan-singh-vaidh\the-karan-singh-vaidh\server\node_modules\router\index.js:291:5)
    at logger (C:\react project\x\the-karan-singh-vaidh\the-karan-singh-vaidh\server\node_modules\morgan\index.js:144:5)
    at Layer.handleRequest (C:\react project\x\the-karan-singh-vaidh\the-karan-singh-vaidh\server\node_modules\router\lib\layer.js:152:17)
    at trimPrefix (C:\react project\x\the-karan-singh-vaidh\the-karan-singh-vaidh\server\node_modules\router\index.js:342:13)
    at C:\react project\x\the-karan-singh-vaidh\the-karan-singh-vaidh\server\node_modules\router\index.js:297:9

[2026-02-26T06:27:06.899Z] 404 - Not Found - /api/chat/unread-count
Error: Not Found - /api/chat/unread-count
    at notFound (C:\react project\x\the-karan-singh-vaidh\the-karan-singh-vaidh\server\middleware\errorMiddleware.js:6:19)
    at Layer.handleRequest (C:\react project\x\the-karan-singh-vaidh\the-karan-singh-vaidh\server\node_modules\router\lib\layer.js:152:17)
    at trimPrefix (C:\react project\x\the-karan-singh-vaidh\the-karan-singh-vaidh\server\node_modules\router\index.js:342:13)
    at C:\react project\x\the-karan-singh-vaidh\the-karan-singh-vaidh\server\node_modules\router\index.js:297:9
    at processParams (C:\react project\x\the-karan-singh-vaidh\the-karan-singh-vaidh\server\node_modules\router\index.js:582:12)
    at next (C:\react project\x\the-karan-singh-vaidh\the-karan-singh-vaidh\server\node_modules\router\index.js:291:5)
    at logger (C:\react project\x\the-karan-singh-vaidh\the-karan-singh-vaidh\server\node_modules\morgan\index.js:144:5)
    at Layer.handleRequest (C:\react project\x\the-karan-singh-vaidh\the-karan-singh-vaidh\server\node_modules\router\lib\layer.js:152:17)
    at trimPrefix (C:\react project\x\the-karan-singh-vaidh\the-karan-singh-vaidh\server\node_modules\router\index.js:342:13)
    at C:\react project\x\the-karan-singh-vaidh\the-karan-singh-vaidh\server\node_modules\router\index.js:297:9

[2026-02-26T06:27:06.903Z] 404 - Not Found - /api/birthdays/upcoming?days=0
Error: Not Found - /api/birthdays/upcoming?days=0
    at notFound (C:\react project\x\the-karan-singh-vaidh\the-karan-singh-vaidh\server\middleware\errorMiddleware.js:6:19)
    at Layer.handleRequest (C:\react project\x\the-karan-singh-vaidh\the-karan-singh-vaidh\server\node_modules\router\lib\layer.js:152:17)
    at trimPrefix (C:\react project\x\the-karan-singh-vaidh\the-karan-singh-vaidh\server\node_modules\router\index.js:342:13)
    at C:\react project\x\the-karan-singh-vaidh\the-karan-singh-vaidh\server\node_modules\router\index.js:297:9
    at processParams (C:\react project\x\the-karan-singh-vaidh\the-karan-singh-vaidh\server\node_modules\router\index.js:582:12)
    at next (C:\react project\x\the-karan-singh-vaidh\the-karan-singh-vaidh\server\node_modules\router\index.js:291:5)
    at logger (C:\react project\x\the-karan-singh-vaidh\the-karan-singh-vaidh\server\node_modules\morgan\index.js:144:5)
    at Layer.handleRequest (C:\react project\x\the-karan-singh-vaidh\the-karan-singh-vaidh\server\node_modules\router\lib\layer.js:152:17)
    at trimPrefix (C:\react project\x\the-karan-singh-vaidh\the-karan-singh-vaidh\server\node_modules\router\index.js:342:13)
    at C:\react project\x\the-karan-singh-vaidh\the-karan-singh-vaidh\server\node_modules\router\index.js:297:9

[2026-02-26T07:20:52.163Z] 404 - Not Found - /socket.io/?EIO=4&transport=polling&t=4wfy6rhb
Error: Not Found - /socket.io/?EIO=4&transport=polling&t=4wfy6rhb
    at notFound (C:\react project\x\the-karan-singh-vaidh\the-karan-singh-vaidh\server\middleware\errorMiddleware.js:2:19)
    at Layer.handleRequest (C:\react project\x\the-karan-singh-vaidh\the-karan-singh-vaidh\server\node_modules\router\lib\layer.js:152:17)
    at trimPrefix (C:\react project\x\the-karan-singh-vaidh\the-karan-singh-vaidh\server\node_modules\router\index.js:342:13)
    at C:\react project\x\the-karan-singh-vaidh\the-karan-singh-vaidh\server\node_modules\router\index.js:297:9
    at processParams (C:\react project\x\the-karan-singh-vaidh\the-karan-singh-vaidh\server\node_modules\router\index.js:582:12)
    at next (C:\react project\x\the-karan-singh-vaidh\the-karan-singh-vaidh\server\node_modules\router\index.js:291:5)
    at logger (C:\react project\x\the-karan-singh-vaidh\the-karan-singh-vaidh\server\node_modules\morgan\index.js:144:5)
    at Layer.handleRequest (C:\react project\x\the-karan-singh-vaidh\the-karan-singh-vaidh\server\node_modules\router\lib\layer.js:152:17)
    at trimPrefix (C:\react project\x\the-karan-singh-vaidh\the-karan-singh-vaidh\server\node_modules\router\index.js:342:13)
    at C:\react project\x\the-karan-singh-vaidh\the-karan-singh-vaidh\server\node_modules\router\index.js:297:9

[2026-02-26T07:20:52.168Z] 404 - Not Found - /socket.io/?EIO=4&transport=polling&t=4wfy6blq
Error: Not Found - /socket.io/?EIO=4&transport=polling&t=4wfy6blq
    at notFound (C:\react project\x\the-karan-singh-vaidh\the-karan-singh-vaidh\server\middleware\errorMiddleware.js:2:19)
    at Layer.handleRequest (C:\react project\x\the-karan-singh-vaidh\the-karan-singh-vaidh\server\node_modules\router\lib\layer.js:152:17)
    at trimPrefix (C:\react project\x\the-karan-singh-vaidh\the-karan-singh-vaidh\server\node_modules\router\index.js:342:13)
    at C:\react project\x\the-karan-singh-vaidh\the-karan-singh-vaidh\server\node_modules\router\index.js:297:9
    at processParams (C:\react project\x\the-karan-singh-vaidh\the-karan-singh-vaidh\server\node_modules\router\index.js:582:12)
    at next (C:\react project\x\the-karan-singh-vaidh\the-karan-singh-vaidh\server\node_modules\router\index.js:291:5)
    at logger (C:\react project\x\the-karan-singh-vaidh\the-karan-singh-vaidh\server\node_modules\morgan\index.js:144:5)
    at Layer.handleRequest (C:\react project\x\the-karan-singh-vaidh\the-karan-singh-vaidh\server\node_modules\router\lib\layer.js:152:17)
    at trimPrefix (C:\react project\x\the-karan-singh-vaidh\the-karan-singh-vaidh\server\node_modules\router\index.js:342:13)
    at C:\react project\x\the-karan-singh-vaidh\the-karan-singh-vaidh\server\node_modules\router\index.js:297:9

[2026-02-26T07:20:58.155Z] 404 - Not Found - /socket.io/?EIO=4&transport=polling&t=4wkkop7b
Error: Not Found - /socket.io/?EIO=4&transport=polling&t=4wkkop7b
    at notFound (C:\react project\x\the-karan-singh-vaidh\the-karan-singh-vaidh\server\middleware\errorMiddleware.js:2:19)
    at Layer.handleRequest (C:\react project\x\the-karan-singh-vaidh\the-karan-singh-vaidh\server\node_modules\router\lib\layer.js:152:17)
    at trimPrefix (C:\react project\x\the-karan-singh-vaidh\the-karan-singh-vaidh\server\node_modules\router\index.js:342:13)
    at C:\react project\x\the-karan-singh-vaidh\the-karan-singh-vaidh\server\node_modules\router\index.js:297:9
    at processParams (C:\react project\x\the-karan-singh-vaidh\the-karan-singh-vaidh\server\node_modules\router\index.js:582:12)
    at next (C:\react project\x\the-karan-singh-vaidh\the-karan-singh-vaidh\server\node_modules\router\index.js:291:5)
    at logger (C:\react project\x\the-karan-singh-vaidh\the-karan-singh-vaidh\server\node_modules\morgan\index.js:144:5)
    at Layer.handleRequest (C:\react project\x\the-karan-singh-vaidh\the-karan-singh-vaidh\server\node_modules\router\lib\layer.js:152:17)
    at trimPrefix (C:\react project\x\the-karan-singh-vaidh\the-karan-singh-vaidh\server\node_modules\router\index.js:342:13)
    at C:\react project\x\the-karan-singh-vaidh\the-karan-singh-vaidh\server\node_modules\router\index.js:297:9

[2026-02-26T07:20:58.158Z] 404 - Not Found - /socket.io/?EIO=4&transport=polling&t=4wkko24n
Error: Not Found - /socket.io/?EIO=4&transport=polling&t=4wkko24n
    at notFound (C:\react project\x\the-karan-singh-vaidh\the-karan-singh-vaidh\server\middleware\errorMiddleware.js:2:19)
    at Layer.handleRequest (C:\react project\x\the-karan-singh-vaidh\the-karan-singh-vaidh\server\node_modules\router\lib\layer.js:152:17)
    at trimPrefix (C:\react project\x\the-karan-singh-vaidh\the-karan-singh-vaidh\server\node_modules\router\index.js:342:13)
    at C:\react project\x\the-karan-singh-vaidh\the-karan-singh-vaidh\server\node_modules\router\index.js:297:9
    at processParams (C:\react project\x\the-karan-singh-vaidh\the-karan-singh-vaidh\server\node_modules\router\index.js:582:12)
    at next (C:\react project\x\the-karan-singh-vaidh\the-karan-singh-vaidh\server\node_modules\router\index.js:291:5)
    at logger (C:\react project\x\the-karan-singh-vaidh\the-karan-singh-vaidh\server\node_modules\morgan\index.js:144:5)
    at Layer.handleRequest (C:\react project\x\the-karan-singh-vaidh\the-karan-singh-vaidh\server\node_modules\router\lib\layer.js:152:17)
    at trimPrefix (C:\react project\x\the-karan-singh-vaidh\the-karan-singh-vaidh\server\node_modules\router\index.js:342:13)
    at C:\react project\x\the-karan-singh-vaidh\the-karan-singh-vaidh\server\node_modules\router\index.js:297:9

[2026-02-26T07:21:04.156Z] 404 - Not Found - /socket.io/?EIO=4&transport=polling&t=4wp7d9ho
Error: Not Found - /socket.io/?EIO=4&transport=polling&t=4wp7d9ho
    at notFound (C:\react project\x\the-karan-singh-vaidh\the-karan-singh-vaidh\server\middleware\errorMiddleware.js:2:19)
    at Layer.handleRequest (C:\react project\x\the-karan-singh-vaidh\the-karan-singh-vaidh\server\node_modules\router\lib\layer.js:152:17)
    at trimPrefix (C:\react project\x\the-karan-singh-vaidh\the-karan-singh-vaidh\server\node_modules\router\index.js:342:13)
    at C:\react project\x\the-karan-singh-vaidh\the-karan-singh-vaidh\server\node_modules\router\index.js:297:9
    at processParams (C:\react project\x\the-karan-singh-vaidh\the-karan-singh-vaidh\server\node_modules\router\index.js:582:12)
    at next (C:\react project\x\the-karan-singh-vaidh\the-karan-singh-vaidh\server\node_modules\router\index.js:291:5)
    at logger (C:\react project\x\the-karan-singh-vaidh\the-karan-singh-vaidh\server\node_modules\morgan\index.js:144:5)
    at Layer.handleRequest (C:\react project\x\the-karan-singh-vaidh\the-karan-singh-vaidh\server\node_modules\router\lib\layer.js:152:17)
    at trimPrefix (C:\react project\x\the-karan-singh-vaidh\the-karan-singh-vaidh\server\node_modules\router\index.js:342:13)
    at C:\react project\x\the-karan-singh-vaidh\the-karan-singh-vaidh\server\node_modules\router\index.js:297:9

[2026-02-26T07:21:04.160Z] 404 - Not Found - /socket.io/?EIO=4&transport=polling&t=4wp7d81m
Error: Not Found - /socket.io/?EIO=4&transport=polling&t=4wp7d81m
    at notFound (C:\react project\x\the-karan-singh-vaidh\the-karan-singh-vaidh\server\middleware\errorMiddleware.js:2:19)
    at Layer.handleRequest (C:\react project\x\the-karan-singh-vaidh\the-karan-singh-vaidh\server\node_modules\router\lib\layer.js:152:17)
    at trimPrefix (C:\react project\x\the-karan-singh-vaidh\the-karan-singh-vaidh\server\node_modules\router\index.js:342:13)
    at C:\react project\x\the-karan-singh-vaidh\the-karan-singh-vaidh\server\node_modules\router\index.js:297:9
    at processParams (C:\react project\x\the-karan-singh-vaidh\the-karan-singh-vaidh\server\node_modules\router\index.js:582:12)
    at next (C:\react project\x\the-karan-singh-vaidh\the-karan-singh-vaidh\server\node_modules\router\index.js:291:5)
    at logger (C:\react project\x\the-karan-singh-vaidh\the-karan-singh-vaidh\server\node_modules\morgan\index.js:144:5)
    at Layer.handleRequest (C:\react project\x\the-karan-singh-vaidh\the-karan-singh-vaidh\server\node_modules\router\lib\layer.js:152:17)
    at trimPrefix (C:\react project\x\the-karan-singh-vaidh\the-karan-singh-vaidh\server\node_modules\router\index.js:342:13)
    at C:\react project\x\the-karan-singh-vaidh\the-karan-singh-vaidh\server\node_modules\router\index.js:297:9

[2026-02-26T07:21:10.168Z] 404 - Not Found - /socket.io/?EIO=4&transport=polling&t=4wtud1sr
Error: Not Found - /socket.io/?EIO=4&transport=polling&t=4wtud1sr
    at notFound (C:\react project\x\the-karan-singh-vaidh\the-karan-singh-vaidh\server\middleware\errorMiddleware.js:2:19)
    at Layer.handleRequest (C:\react project\x\the-karan-singh-vaidh\the-karan-singh-vaidh\server\node_modules\router\lib\layer.js:152:17)
    at trimPrefix (C:\react project\x\the-karan-singh-vaidh\the-karan-singh-vaidh\server\node_modules\router\index.js:342:13)
    at C:\react project\x\the-karan-singh-vaidh\the-karan-singh-vaidh\server\node_modules\router\index.js:297:9
    at processParams (C:\react project\x\the-karan-singh-vaidh\the-karan-singh-vaidh\server\node_modules\router\index.js:582:12)
    at next (C:\react project\x\the-karan-singh-vaidh\the-karan-singh-vaidh\server\node_modules\router\index.js:291:5)
    at logger (C:\react project\x\the-karan-singh-vaidh\the-karan-singh-vaidh\server\node_modules\morgan\index.js:144:5)
    at Layer.handleRequest (C:\react project\x\the-karan-singh-vaidh\the-karan-singh-vaidh\server\node_modules\router\lib\layer.js:152:17)
    at trimPrefix (C:\react project\x\the-karan-singh-vaidh\the-karan-singh-vaidh\server\node_modules\router\index.js:342:13)
    at C:\react project\x\the-karan-singh-vaidh\the-karan-singh-vaidh\server\node_modules\router\index.js:297:9

[2026-02-26T07:21:10.175Z] 404 - Not Found - /socket.io/?EIO=4&transport=polling&t=4wtudsam
Error: Not Found - /socket.io/?EIO=4&transport=polling&t=4wtudsam
    at notFound (C:\react project\x\the-karan-singh-vaidh\the-karan-singh-vaidh\server\middleware\errorMiddleware.js:2:19)
    at Layer.handleRequest (C:\react project\x\the-karan-singh-vaidh\the-karan-singh-vaidh\server\node_modules\router\lib\layer.js:152:17)
    at trimPrefix (C:\react project\x\the-karan-singh-vaidh\the-karan-singh-vaidh\server\node_modules\router\index.js:342:13)
    at C:\react project\x\the-karan-singh-vaidh\the-karan-singh-vaidh\server\node_modules\router\index.js:297:9
    at processParams (C:\react project\x\the-karan-singh-vaidh\the-karan-singh-vaidh\server\node_modules\router\index.js:582:12)
    at next (C:\react project\x\the-karan-singh-vaidh\the-karan-singh-vaidh\server\node_modules\router\index.js:291:5)
    at logger (C:\react project\x\the-karan-singh-vaidh\the-karan-singh-vaidh\server\node_modules\morgan\index.js:144:5)
    at Layer.handleRequest (C:\react project\x\the-karan-singh-vaidh\the-karan-singh-vaidh\server\node_modules\router\lib\layer.js:152:17)
    at trimPrefix (C:\react project\x\the-karan-singh-vaidh\the-karan-singh-vaidh\server\node_modules\router\index.js:342:13)
    at C:\react project\x\the-karan-singh-vaidh\the-karan-singh-vaidh\server\node_modules\router\index.js:297:9

[2026-02-26T07:21:16.158Z] 404 - Not Found - /socket.io/?EIO=4&transport=polling&t=4wygr5qy
Error: Not Found - /socket.io/?EIO=4&transport=polling&t=4wygr5qy
    at notFound (C:\react project\x\the-karan-singh-vaidh\the-karan-singh-vaidh\server\middleware\errorMiddleware.js:2:19)
    at Layer.handleRequest (C:\react project\x\the-karan-singh-vaidh\the-karan-singh-vaidh\server\node_modules\router\lib\layer.js:152:17)
    at trimPrefix (C:\react project\x\the-karan-singh-vaidh\the-karan-singh-vaidh\server\node_modules\router\index.js:342:13)
    at C:\react project\x\the-karan-singh-vaidh\the-karan-singh-vaidh\server\node_modules\router\index.js:297:9
    at processParams (C:\react project\x\the-karan-singh-vaidh\the-karan-singh-vaidh\server\node_modules\router\index.js:582:12)
    at next (C:\react project\x\the-karan-singh-vaidh\the-karan-singh-vaidh\server\node_modules\router\index.js:291:5)
    at logger (C:\react project\x\the-karan-singh-vaidh\the-karan-singh-vaidh\server\node_modules\morgan\index.js:144:5)
    at Layer.handleRequest (C:\react project\x\the-karan-singh-vaidh\the-karan-singh-vaidh\server\node_modules\router\lib\layer.js:152:17)
    at trimPrefix (C:\react project\x\the-karan-singh-vaidh\the-karan-singh-vaidh\server\node_modules\router\index.js:342:13)
    at C:\react project\x\the-karan-singh-vaidh\the-karan-singh-vaidh\server\node_modules\router\index.js:297:9

[2026-02-26T07:21:16.163Z] 404 - Not Found - /socket.io/?EIO=4&transport=polling&t=4wygrfmg
Error: Not Found - /socket.io/?EIO=4&transport=polling&t=4wygrfmg
    at notFound (C:\react project\x\the-karan-singh-vaidh\the-karan-singh-vaidh\server\middleware\errorMiddleware.js:2:19)
    at Layer.handleRequest (C:\react project\x\the-karan-singh-vaidh\the-karan-singh-vaidh\server\node_modules\router\lib\layer.js:152:17)
    at trimPrefix (C:\react project\x\the-karan-singh-vaidh\the-karan-singh-vaidh\server\node_modules\router\index.js:342:13)
    at C:\react project\x\the-karan-singh-vaidh\the-karan-singh-vaidh\server\node_modules\router\index.js:297:9
    at processParams (C:\react project\x\the-karan-singh-vaidh\the-karan-singh-vaidh\server\node_modules\router\index.js:582:12)
    at next (C:\react project\x\the-karan-singh-vaidh\the-karan-singh-vaidh\server\node_modules\router\index.js:291:5)
    at logger (C:\react project\x\the-karan-singh-vaidh\the-karan-singh-vaidh\server\node_modules\morgan\index.js:144:5)
    at Layer.handleRequest (C:\react project\x\the-karan-singh-vaidh\the-karan-singh-vaidh\server\node_modules\router\lib\layer.js:152:17)
    at trimPrefix (C:\react project\x\the-karan-singh-vaidh\the-karan-singh-vaidh\server\node_modules\router\index.js:342:13)
    at C:\react project\x\the-karan-singh-vaidh\the-karan-singh-vaidh\server\node_modules\router\index.js:297:9

[2026-02-26T07:21:22.160Z] 404 - Not Found - /socket.io/?EIO=4&transport=polling&t=4x33g7xv
Error: Not Found - /socket.io/?EIO=4&transport=polling&t=4x33g7xv
    at notFound (C:\react project\x\the-karan-singh-vaidh\the-karan-singh-vaidh\server\middleware\errorMiddleware.js:2:19)
    at Layer.handleRequest (C:\react project\x\the-karan-singh-vaidh\the-karan-singh-vaidh\server\node_modules\router\lib\layer.js:152:17)
    at trimPrefix (C:\react project\x\the-karan-singh-vaidh\the-karan-singh-vaidh\server\node_modules\router\index.js:342:13)
    at C:\react project\x\the-karan-singh-vaidh\the-karan-singh-vaidh\server\node_modules\router\index.js:297:9
    at processParams (C:\react project\x\the-karan-singh-vaidh\the-karan-singh-vaidh\server\node_modules\router\index.js:582:12)
    at next (C:\react project\x\the-karan-singh-vaidh\the-karan-singh-vaidh\server\node_modules\router\index.js:291:5)
    at logger (C:\react project\x\the-karan-singh-vaidh\the-karan-singh-vaidh\server\node_modules\morgan\index.js:144:5)
    at Layer.handleRequest (C:\react project\x\the-karan-singh-vaidh\the-karan-singh-vaidh\server\node_modules\router\lib\layer.js:152:17)
    at trimPrefix (C:\react project\x\the-karan-singh-vaidh\the-karan-singh-vaidh\server\node_modules\router\index.js:342:13)
    at C:\react project\x\the-karan-singh-vaidh\the-karan-singh-vaidh\server\node_modules\router\index.js:297:9

[2026-02-26T07:21:22.163Z] 404 - Not Found - /socket.io/?EIO=4&transport=polling&t=4x33gqaw
Error: Not Found - /socket.io/?EIO=4&transport=polling&t=4x33gqaw
    at notFound (C:\react project\x\the-karan-singh-vaidh\the-karan-singh-vaidh\server\middleware\errorMiddleware.js:2:19)
    at Layer.handleRequest (C:\react project\x\the-karan-singh-vaidh\the-karan-singh-vaidh\server\node_modules\router\lib\layer.js:152:17)
    at trimPrefix (C:\react project\x\the-karan-singh-vaidh\the-karan-singh-vaidh\server\node_modules\router\index.js:342:13)
    at C:\react project\x\the-karan-singh-vaidh\the-karan-singh-vaidh\server\node_modules\router\index.js:297:9
    at processParams (C:\react project\x\the-karan-singh-vaidh\the-karan-singh-vaidh\server\node_modules\router\index.js:582:12)
    at next (C:\react project\x\the-karan-singh-vaidh\the-karan-singh-vaidh\server\node_modules\router\index.js:291:5)
    at logger (C:\react project\x\the-karan-singh-vaidh\the-karan-singh-vaidh\server\node_modules\morgan\index.js:144:5)
    at Layer.handleRequest (C:\react project\x\the-karan-singh-vaidh\the-karan-singh-vaidh\server\node_modules\router\lib\layer.js:152:17)
    at trimPrefix (C:\react project\x\the-karan-singh-vaidh\the-karan-singh-vaidh\server\node_modules\router\index.js:342:13)
    at C:\react project\x\the-karan-singh-vaidh\the-karan-singh-vaidh\server\node_modules\router\index.js:297:9

[2026-02-26T07:21:28.154Z] 404 - Not Found - /socket.io/?EIO=4&transport=polling&t=4x7pzcze
Error: Not Found - /socket.io/?EIO=4&transport=polling&t=4x7pzcze
    at notFound (C:\react project\x\the-karan-singh-vaidh\the-karan-singh-vaidh\server\middleware\errorMiddleware.js:2:19)
    at Layer.handleRequest (C:\react project\x\the-karan-singh-vaidh\the-karan-singh-vaidh\server\node_modules\router\lib\layer.js:152:17)
    at trimPrefix (C:\react project\x\the-karan-singh-vaidh\the-karan-singh-vaidh\server\node_modules\router\index.js:342:13)
    at C:\react project\x\the-karan-singh-vaidh\the-karan-singh-vaidh\server\node_modules\router\index.js:297:9
    at processParams (C:\react project\x\the-karan-singh-vaidh\the-karan-singh-vaidh\server\node_modules\router\index.js:582:12)
    at next (C:\react project\x\the-karan-singh-vaidh\the-karan-singh-vaidh\server\node_modules\router\index.js:291:5)
    at logger (C:\react project\x\the-karan-singh-vaidh\the-karan-singh-vaidh\server\node_modules\morgan\index.js:144:5)
    at Layer.handleRequest (C:\react project\x\the-karan-singh-vaidh\the-karan-singh-vaidh\server\node_modules\router\lib\layer.js:152:17)
    at trimPrefix (C:\react project\x\the-karan-singh-vaidh\the-karan-singh-vaidh\server\node_modules\router\index.js:342:13)
    at C:\react project\x\the-karan-singh-vaidh\the-karan-singh-vaidh\server\node_modules\router\index.js:297:9

[2026-02-26T07:21:28.157Z] 404 - Not Found - /socket.io/?EIO=4&transport=polling&t=4x7pzqov
Error: Not Found - /socket.io/?EIO=4&transport=polling&t=4x7pzqov
    at notFound (C:\react project\x\the-karan-singh-vaidh\the-karan-singh-vaidh\server\middleware\errorMiddleware.js:2:19)
    at Layer.handleRequest (C:\react project\x\the-karan-singh-vaidh\the-karan-singh-vaidh\server\node_modules\router\lib\layer.js:152:17)
    at trimPrefix (C:\react project\x\the-karan-singh-vaidh\the-karan-singh-vaidh\server\node_modules\router\index.js:342:13)
    at C:\react project\x\the-karan-singh-vaidh\the-karan-singh-vaidh\server\node_modules\router\index.js:297:9
    at processParams (C:\react project\x\the-karan-singh-vaidh\the-karan-singh-vaidh\server\node_modules\router\index.js:582:12)
    at next (C:\react project\x\the-karan-singh-vaidh\the-karan-singh-vaidh\server\node_modules\router\index.js:291:5)
    at logger (C:\react project\x\the-karan-singh-vaidh\the-karan-singh-vaidh\server\node_modules\morgan\index.js:144:5)
    at Layer.handleRequest (C:\react project\x\the-karan-singh-vaidh\the-karan-singh-vaidh\server\node_modules\router\lib\layer.js:152:17)
    at trimPrefix (C:\react project\x\the-karan-singh-vaidh\the-karan-singh-vaidh\server\node_modules\router\index.js:342:13)
    at C:\react project\x\the-karan-singh-vaidh\the-karan-singh-vaidh\server\node_modules\router\index.js:297:9

[2026-02-26T07:21:34.171Z] 404 - Not Found - /socket.io/?EIO=4&transport=polling&t=4xcd0i7l
Error: Not Found - /socket.io/?EIO=4&transport=polling&t=4xcd0i7l
    at notFound (C:\react project\x\the-karan-singh-vaidh\the-karan-singh-vaidh\server\middleware\errorMiddleware.js:2:19)
    at Layer.handleRequest (C:\react project\x\the-karan-singh-vaidh\the-karan-singh-vaidh\server\node_modules\router\lib\layer.js:152:17)
    at trimPrefix (C:\react project\x\the-karan-singh-vaidh\the-karan-singh-vaidh\server\node_modules\router\index.js:342:13)
    at C:\react project\x\the-karan-singh-vaidh\the-karan-singh-vaidh\server\node_modules\router\index.js:297:9
    at processParams (C:\react project\x\the-karan-singh-vaidh\the-karan-singh-vaidh\server\node_modules\router\index.js:582:12)
    at next (C:\react project\x\the-karan-singh-vaidh\the-karan-singh-vaidh\server\node_modules\router\index.js:291:5)
    at logger (C:\react project\x\the-karan-singh-vaidh\the-karan-singh-vaidh\server\node_modules\morgan\index.js:144:5)
    at Layer.handleRequest (C:\react project\x\the-karan-singh-vaidh\the-karan-singh-vaidh\server\node_modules\router\lib\layer.js:152:17)
    at trimPrefix (C:\react project\x\the-karan-singh-vaidh\the-karan-singh-vaidh\server\node_modules\router\index.js:342:13)
    at C:\react project\x\the-karan-singh-vaidh\the-karan-singh-vaidh\server\node_modules\router\index.js:297:9

[2026-02-26T07:21:34.175Z] 404 - Not Found - /socket.io/?EIO=4&transport=polling&t=4xcd078g
Error: Not Found - /socket.io/?EIO=4&transport=polling&t=4xcd078g
    at notFound (C:\react project\x\the-karan-singh-vaidh\the-karan-singh-vaidh\server\middleware\errorMiddleware.js:2:19)
    at Layer.handleRequest (C:\react project\x\the-karan-singh-vaidh\the-karan-singh-vaidh\server\node_modules\router\lib\layer.js:152:17)
    at trimPrefix (C:\react project\x\the-karan-singh-vaidh\the-karan-singh-vaidh\server\node_modules\router\index.js:342:13)
    at C:\react project\x\the-karan-singh-vaidh\the-karan-singh-vaidh\server\node_modules\router\index.js:297:9
    at processParams (C:\react project\x\the-karan-singh-vaidh\the-karan-singh-vaidh\server\node_modules\router\index.js:582:12)
    at next (C:\react project\x\the-karan-singh-vaidh\the-karan-singh-vaidh\server\node_modules\router\index.js:291:5)
    at logger (C:\react project\x\the-karan-singh-vaidh\the-karan-singh-vaidh\server\node_modules\morgan\index.js:144:5)
    at Layer.handleRequest (C:\react project\x\the-karan-singh-vaidh\the-karan-singh-vaidh\server\node_modules\router\lib\layer.js:152:17)
    at trimPrefix (C:\react project\x\the-karan-singh-vaidh\the-karan-singh-vaidh\server\node_modules\router\index.js:342:13)
    at C:\react project\x\the-karan-singh-vaidh\the-karan-singh-vaidh\server\node_modules\router\index.js:297:9

[2026-02-26T07:21:40.168Z] 404 - Not Found - /socket.io/?EIO=4&transport=polling&t=4xgzoitz
Error: Not Found - /socket.io/?EIO=4&transport=polling&t=4xgzoitz
    at notFound (C:\react project\x\the-karan-singh-vaidh\the-karan-singh-vaidh\server\middleware\errorMiddleware.js:2:19)
    at Layer.handleRequest (C:\react project\x\the-karan-singh-vaidh\the-karan-singh-vaidh\server\node_modules\router\lib\layer.js:152:17)
    at trimPrefix (C:\react project\x\the-karan-singh-vaidh\the-karan-singh-vaidh\server\node_modules\router\index.js:342:13)
    at C:\react project\x\the-karan-singh-vaidh\the-karan-singh-vaidh\server\node_modules\router\index.js:297:9
    at processParams (C:\react project\x\the-karan-singh-vaidh\the-karan-singh-vaidh\server\node_modules\router\index.js:582:12)
    at next (C:\react project\x\the-karan-singh-vaidh\the-karan-singh-vaidh\server\node_modules\router\index.js:291:5)
    at logger (C:\react project\x\the-karan-singh-vaidh\the-karan-singh-vaidh\server\node_modules\morgan\index.js:144:5)
    at Layer.handleRequest (C:\react project\x\the-karan-singh-vaidh\the-karan-singh-vaidh\server\node_modules\router\lib\layer.js:152:17)
    at trimPrefix (C:\react project\x\the-karan-singh-vaidh\the-karan-singh-vaidh\server\node_modules\router\index.js:342:13)
    at C:\react project\x\the-karan-singh-vaidh\the-karan-singh-vaidh\server\node_modules\router\index.js:297:9

[2026-02-26T07:21:40.170Z] 404 - Not Found - /socket.io/?EIO=4&transport=polling&t=4xgzonee
Error: Not Found - /socket.io/?EIO=4&transport=polling&t=4xgzonee
    at notFound (C:\react project\x\the-karan-singh-vaidh\the-karan-singh-vaidh\server\middleware\errorMiddleware.js:2:19)
    at Layer.handleRequest (C:\react project\x\the-karan-singh-vaidh\the-karan-singh-vaidh\server\node_modules\router\lib\layer.js:152:17)
    at trimPrefix (C:\react project\x\the-karan-singh-vaidh\the-karan-singh-vaidh\server\node_modules\router\index.js:342:13)
    at C:\react project\x\the-karan-singh-vaidh\the-karan-singh-vaidh\server\node_modules\router\index.js:297:9
    at processParams (C:\react project\x\the-karan-singh-vaidh\the-karan-singh-vaidh\server\node_modules\router\index.js:582:12)
    at next (C:\react project\x\the-karan-singh-vaidh\the-karan-singh-vaidh\server\node_modules\router\index.js:291:5)
    at logger (C:\react project\x\the-karan-singh-vaidh\the-karan-singh-vaidh\server\node_modules\morgan\index.js:144:5)
    at Layer.handleRequest (C:\react project\x\the-karan-singh-vaidh\the-karan-singh-vaidh\server\node_modules\router\lib\layer.js:152:17)
    at trimPrefix (C:\react project\x\the-karan-singh-vaidh\the-karan-singh-vaidh\server\node_modules\router\index.js:342:13)
    at C:\react project\x\the-karan-singh-vaidh\the-karan-singh-vaidh\server\node_modules\router\index.js:297:9

[2026-02-26T07:21:46.166Z] 404 - Not Found - /socket.io/?EIO=4&transport=polling&t=4xlmbecr
Error: Not Found - /socket.io/?EIO=4&transport=polling&t=4xlmbecr
    at notFound (C:\react project\x\the-karan-singh-vaidh\the-karan-singh-vaidh\server\middleware\errorMiddleware.js:2:19)
    at Layer.handleRequest (C:\react project\x\the-karan-singh-vaidh\the-karan-singh-vaidh\server\node_modules\router\lib\layer.js:152:17)
    at trimPrefix (C:\react project\x\the-karan-singh-vaidh\the-karan-singh-vaidh\server\node_modules\router\index.js:342:13)
    at C:\react project\x\the-karan-singh-vaidh\the-karan-singh-vaidh\server\node_modules\router\index.js:297:9
    at processParams (C:\react project\x\the-karan-singh-vaidh\the-karan-singh-vaidh\server\node_modules\router\index.js:582:12)
    at next (C:\react project\x\the-karan-singh-vaidh\the-karan-singh-vaidh\server\node_modules\router\index.js:291:5)
    at logger (C:\react project\x\the-karan-singh-vaidh\the-karan-singh-vaidh\server\node_modules\morgan\index.js:144:5)
    at Layer.handleRequest (C:\react project\x\the-karan-singh-vaidh\the-karan-singh-vaidh\server\node_modules\router\lib\layer.js:152:17)
    at trimPrefix (C:\react project\x\the-karan-singh-vaidh\the-karan-singh-vaidh\server\node_modules\router\index.js:342:13)
    at C:\react project\x\the-karan-singh-vaidh\the-karan-singh-vaidh\server\node_modules\router\index.js:297:9

[2026-02-26T07:21:46.170Z] 404 - Not Found - /socket.io/?EIO=4&transport=polling&t=4xlmb7jg
Error: Not Found - /socket.io/?EIO=4&transport=polling&t=4xlmb7jg
    at notFound (C:\react project\x\the-karan-singh-vaidh\the-karan-singh-vaidh\server\middleware\errorMiddleware.js:2:19)
    at Layer.handleRequest (C:\react project\x\the-karan-singh-vaidh\the-karan-singh-vaidh\server\node_modules\router\lib\layer.js:152:17)
    at trimPrefix (C:\react project\x\the-karan-singh-vaidh\the-karan-singh-vaidh\server\node_modules\router\index.js:342:13)
    at C:\react project\x\the-karan-singh-vaidh\the-karan-singh-vaidh\server\node_modules\router\index.js:297:9
    at processParams (C:\react project\x\the-karan-singh-vaidh\the-karan-singh-vaidh\server\node_modules\router\index.js:582:12)
    at next (C:\react project\x\the-karan-singh-vaidh\the-karan-singh-vaidh\server\node_modules\router\index.js:291:5)
    at logger (C:\react project\x\the-karan-singh-vaidh\the-karan-singh-vaidh\server\node_modules\morgan\index.js:144:5)
    at Layer.handleRequest (C:\react project\x\the-karan-singh-vaidh\the-karan-singh-vaidh\server\node_modules\router\lib\layer.js:152:17)
    at trimPrefix (C:\react project\x\the-karan-singh-vaidh\the-karan-singh-vaidh\server\node_modules\router\index.js:342:13)
    at C:\react project\x\the-karan-singh-vaidh\the-karan-singh-vaidh\server\node_modules\router\index.js:297:9

[2026-02-26T07:21:52.158Z] 404 - Not Found - /socket.io/?EIO=4&transport=polling&t=4xq8r6gb
Error: Not Found - /socket.io/?EIO=4&transport=polling&t=4xq8r6gb
    at notFound (C:\react project\x\the-karan-singh-vaidh\the-karan-singh-vaidh\server\middleware\errorMiddleware.js:2:19)
    at Layer.handleRequest (C:\react project\x\the-karan-singh-vaidh\the-karan-singh-vaidh\server\node_modules\router\lib\layer.js:152:17)
    at trimPrefix (C:\react project\x\the-karan-singh-vaidh\the-karan-singh-vaidh\server\node_modules\router\index.js:342:13)
    at C:\react project\x\the-karan-singh-vaidh\the-karan-singh-vaidh\server\node_modules\router\index.js:297:9
    at processParams (C:\react project\x\the-karan-singh-vaidh\the-karan-singh-vaidh\server\node_modules\router\index.js:582:12)
    at next (C:\react project\x\the-karan-singh-vaidh\the-karan-singh-vaidh\server\node_modules\router\index.js:291:5)
    at logger (C:\react project\x\the-karan-singh-vaidh\the-karan-singh-vaidh\server\node_modules\morgan\index.js:144:5)
    at Layer.handleRequest (C:\react project\x\the-karan-singh-vaidh\the-karan-singh-vaidh\server\node_modules\router\lib\layer.js:152:17)
    at trimPrefix (C:\react project\x\the-karan-singh-vaidh\the-karan-singh-vaidh\server\node_modules\router\index.js:342:13)
    at C:\react project\x\the-karan-singh-vaidh\the-karan-singh-vaidh\server\node_modules\router\index.js:297:9

[2026-02-26T07:21:52.161Z] 404 - Not Found - /socket.io/?EIO=4&transport=polling&t=4xq8rbbj
Error: Not Found - /socket.io/?EIO=4&transport=polling&t=4xq8rbbj
    at notFound (C:\react project\x\the-karan-singh-vaidh\the-karan-singh-vaidh\server\middleware\errorMiddleware.js:2:19)
    at Layer.handleRequest (C:\react project\x\the-karan-singh-vaidh\the-karan-singh-vaidh\server\node_modules\router\lib\layer.js:152:17)
    at trimPrefix (C:\react project\x\the-karan-singh-vaidh\the-karan-singh-vaidh\server\node_modules\router\index.js:342:13)
    at C:\react project\x\the-karan-singh-vaidh\the-karan-singh-vaidh\server\node_modules\router\index.js:297:9
    at processParams (C:\react project\x\the-karan-singh-vaidh\the-karan-singh-vaidh\server\node_modules\router\index.js:582:12)
    at next (C:\react project\x\the-karan-singh-vaidh\the-karan-singh-vaidh\server\node_modules\router\index.js:291:5)
    at logger (C:\react project\x\the-karan-singh-vaidh\the-karan-singh-vaidh\server\node_modules\morgan\index.js:144:5)
    at Layer.handleRequest (C:\react project\x\the-karan-singh-vaidh\the-karan-singh-vaidh\server\node_modules\router\lib\layer.js:152:17)
    at trimPrefix (C:\react project\x\the-karan-singh-vaidh\the-karan-singh-vaidh\server\node_modules\router\index.js:342:13)
    at C:\react project\x\the-karan-singh-vaidh\the-karan-singh-vaidh\server\node_modules\router\index.js:297:9

[2026-02-26T07:21:58.167Z] 404 - Not Found - /socket.io/?EIO=4&transport=polling&t=4xuvo51v
Error: Not Found - /socket.io/?EIO=4&transport=polling&t=4xuvo51v
    at notFound (C:\react project\x\the-karan-singh-vaidh\the-karan-singh-vaidh\server\middleware\errorMiddleware.js:2:19)
    at Layer.handleRequest (C:\react project\x\the-karan-singh-vaidh\the-karan-singh-vaidh\server\node_modules\router\lib\layer.js:152:17)
    at trimPrefix (C:\react project\x\the-karan-singh-vaidh\the-karan-singh-vaidh\server\node_modules\router\index.js:342:13)
    at C:\react project\x\the-karan-singh-vaidh\the-karan-singh-vaidh\server\node_modules\router\index.js:297:9
    at processParams (C:\react project\x\the-karan-singh-vaidh\the-karan-singh-vaidh\server\node_modules\router\index.js:582:12)
    at next (C:\react project\x\the-karan-singh-vaidh\the-karan-singh-vaidh\server\node_modules\router\index.js:291:5)
    at logger (C:\react project\x\the-karan-singh-vaidh\the-karan-singh-vaidh\server\node_modules\morgan\index.js:144:5)
    at Layer.handleRequest (C:\react project\x\the-karan-singh-vaidh\the-karan-singh-vaidh\server\node_modules\router\lib\layer.js:152:17)
    at trimPrefix (C:\react project\x\the-karan-singh-vaidh\the-karan-singh-vaidh\server\node_modules\router\index.js:342:13)
    at C:\react project\x\the-karan-singh-vaidh\the-karan-singh-vaidh\server\node_modules\router\index.js:297:9

[2026-02-26T07:21:58.169Z] 404 - Not Found - /socket.io/?EIO=4&transport=polling&t=4xuvotv0
Error: Not Found - /socket.io/?EIO=4&transport=polling&t=4xuvotv0
    at notFound (C:\react project\x\the-karan-singh-vaidh\the-karan-singh-vaidh\server\middleware\errorMiddleware.js:2:19)
    at Layer.handleRequest (C:\react project\x\the-karan-singh-vaidh\the-karan-singh-vaidh\server\node_modules\router\lib\layer.js:152:17)
    at trimPrefix (C:\react project\x\the-karan-singh-vaidh\the-karan-singh-vaidh\server\node_modules\router\index.js:342:13)
    at C:\react project\x\the-karan-singh-vaidh\the-karan-singh-vaidh\server\node_modules\router\index.js:297:9
    at processParams (C:\react project\x\the-karan-singh-vaidh\the-karan-singh-vaidh\server\node_modules\router\index.js:582:12)
    at next (C:\react project\x\the-karan-singh-vaidh\the-karan-singh-vaidh\server\node_modules\router\index.js:291:5)
    at logger (C:\react project\x\the-karan-singh-vaidh\the-karan-singh-vaidh\server\node_modules\morgan\index.js:144:5)
    at Layer.handleRequest (C:\react project\x\the-karan-singh-vaidh\the-karan-singh-vaidh\server\node_modules\router\lib\layer.js:152:17)
    at trimPrefix (C:\react project\x\the-karan-singh-vaidh\the-karan-singh-vaidh\server\node_modules\router\index.js:342:13)
    at C:\react project\x\the-karan-singh-vaidh\the-karan-singh-vaidh\server\node_modules\router\index.js:297:9

[2026-02-26T07:22:04.152Z] 404 - Not Found - /socket.io/?EIO=4&transport=polling&t=4xzhyo6q
Error: Not Found - /socket.io/?EIO=4&transport=polling&t=4xzhyo6q
    at notFound (C:\react project\x\the-karan-singh-vaidh\the-karan-singh-vaidh\server\middleware\errorMiddleware.js:2:19)
    at Layer.handleRequest (C:\react project\x\the-karan-singh-vaidh\the-karan-singh-vaidh\server\node_modules\router\lib\layer.js:152:17)
    at trimPrefix (C:\react project\x\the-karan-singh-vaidh\the-karan-singh-vaidh\server\node_modules\router\index.js:342:13)
    at C:\react project\x\the-karan-singh-vaidh\the-karan-singh-vaidh\server\node_modules\router\index.js:297:9
    at processParams (C:\react project\x\the-karan-singh-vaidh\the-karan-singh-vaidh\server\node_modules\router\index.js:582:12)
    at next (C:\react project\x\the-karan-singh-vaidh\the-karan-singh-vaidh\server\node_modules\router\index.js:291:5)
    at logger (C:\react project\x\the-karan-singh-vaidh\the-karan-singh-vaidh\server\node_modules\morgan\index.js:144:5)
    at Layer.handleRequest (C:\react project\x\the-karan-singh-vaidh\the-karan-singh-vaidh\server\node_modules\router\lib\layer.js:152:17)
    at trimPrefix (C:\react project\x\the-karan-singh-vaidh\the-karan-singh-vaidh\server\node_modules\router\index.js:342:13)
    at C:\react project\x\the-karan-singh-vaidh\the-karan-singh-vaidh\server\node_modules\router\index.js:297:9

[2026-02-26T07:22:04.154Z] 404 - Not Found - /socket.io/?EIO=4&transport=polling&t=4xzhyvf8
Error: Not Found - /socket.io/?EIO=4&transport=polling&t=4xzhyvf8
    at notFound (C:\react project\x\the-karan-singh-vaidh\the-karan-singh-vaidh\server\middleware\errorMiddleware.js:2:19)
    at Layer.handleRequest (C:\react project\x\the-karan-singh-vaidh\the-karan-singh-vaidh\server\node_modules\router\lib\layer.js:152:17)
    at trimPrefix (C:\react project\x\the-karan-singh-vaidh\the-karan-singh-vaidh\server\node_modules\router\index.js:342:13)
    at C:\react project\x\the-karan-singh-vaidh\the-karan-singh-vaidh\server\node_modules\router\index.js:297:9
    at processParams (C:\react project\x\the-karan-singh-vaidh\the-karan-singh-vaidh\server\node_modules\router\index.js:582:12)
    at next (C:\react project\x\the-karan-singh-vaidh\the-karan-singh-vaidh\server\node_modules\router\index.js:291:5)
    at logger (C:\react project\x\the-karan-singh-vaidh\the-karan-singh-vaidh\server\node_modules\morgan\index.js:144:5)
    at Layer.handleRequest (C:\react project\x\the-karan-singh-vaidh\the-karan-singh-vaidh\server\node_modules\router\lib\layer.js:152:17)
    at trimPrefix (C:\react project\x\the-karan-singh-vaidh\the-karan-singh-vaidh\server\node_modules\router\index.js:342:13)
    at C:\react project\x\the-karan-singh-vaidh\the-karan-singh-vaidh\server\node_modules\router\index.js:297:9

[2026-02-26T07:22:10.163Z] 404 - Not Found - /socket.io/?EIO=4&transport=polling&t=4y44v0bc
Error: Not Found - /socket.io/?EIO=4&transport=polling&t=4y44v0bc
    at notFound (C:\react project\x\the-karan-singh-vaidh\the-karan-singh-vaidh\server\middleware\errorMiddleware.js:2:19)
    at Layer.handleRequest (C:\react project\x\the-karan-singh-vaidh\the-karan-singh-vaidh\server\node_modules\router\lib\layer.js:152:17)
    at trimPrefix (C:\react project\x\the-karan-singh-vaidh\the-karan-singh-vaidh\server\node_modules\router\index.js:342:13)
    at C:\react project\x\the-karan-singh-vaidh\the-karan-singh-vaidh\server\node_modules\router\index.js:297:9
    at processParams (C:\react project\x\the-karan-singh-vaidh\the-karan-singh-vaidh\server\node_modules\router\index.js:582:12)
    at next (C:\react project\x\the-karan-singh-vaidh\the-karan-singh-vaidh\server\node_modules\router\index.js:291:5)
    at logger (C:\react project\x\the-karan-singh-vaidh\the-karan-singh-vaidh\server\node_modules\morgan\index.js:144:5)
    at Layer.handleRequest (C:\react project\x\the-karan-singh-vaidh\the-karan-singh-vaidh\server\node_modules\router\lib\layer.js:152:17)
    at trimPrefix (C:\react project\x\the-karan-singh-vaidh\the-karan-singh-vaidh\server\node_modules\router\index.js:342:13)
    at C:\react project\x\the-karan-singh-vaidh\the-karan-singh-vaidh\server\node_modules\router\index.js:297:9

[2026-02-26T07:22:10.166Z] 404 - Not Found - /socket.io/?EIO=4&transport=polling&t=4y44vmcb
Error: Not Found - /socket.io/?EIO=4&transport=polling&t=4y44vmcb
    at notFound (C:\react project\x\the-karan-singh-vaidh\the-karan-singh-vaidh\server\middleware\errorMiddleware.js:2:19)
    at Layer.handleRequest (C:\react project\x\the-karan-singh-vaidh\the-karan-singh-vaidh\server\node_modules\router\lib\layer.js:152:17)
    at trimPrefix (C:\react project\x\the-karan-singh-vaidh\the-karan-singh-vaidh\server\node_modules\router\index.js:342:13)
    at C:\react project\x\the-karan-singh-vaidh\the-karan-singh-vaidh\server\node_modules\router\index.js:297:9
    at processParams (C:\react project\x\the-karan-singh-vaidh\the-karan-singh-vaidh\server\node_modules\router\index.js:582:12)
    at next (C:\react project\x\the-karan-singh-vaidh\the-karan-singh-vaidh\server\node_modules\router\index.js:291:5)
    at logger (C:\react project\x\the-karan-singh-vaidh\the-karan-singh-vaidh\server\node_modules\morgan\index.js:144:5)
    at Layer.handleRequest (C:\react project\x\the-karan-singh-vaidh\the-karan-singh-vaidh\server\node_modules\router\lib\layer.js:152:17)
    at trimPrefix (C:\react project\x\the-karan-singh-vaidh\the-karan-singh-vaidh\server\node_modules\router\index.js:342:13)
    at C:\react project\x\the-karan-singh-vaidh\the-karan-singh-vaidh\server\node_modules\router\index.js:297:9

[2026-02-26T07:22:16.154Z] 404 - Not Found - /socket.io/?EIO=4&transport=polling&t=4y8rcf7v
Error: Not Found - /socket.io/?EIO=4&transport=polling&t=4y8rcf7v
    at notFound (C:\react project\x\the-karan-singh-vaidh\the-karan-singh-vaidh\server\middleware\errorMiddleware.js:2:19)
    at Layer.handleRequest (C:\react project\x\the-karan-singh-vaidh\the-karan-singh-vaidh\server\node_modules\router\lib\layer.js:152:17)
    at trimPrefix (C:\react project\x\the-karan-singh-vaidh\the-karan-singh-vaidh\server\node_modules\router\index.js:342:13)
    at C:\react project\x\the-karan-singh-vaidh\the-karan-singh-vaidh\server\node_modules\router\index.js:297:9
    at processParams (C:\react project\x\the-karan-singh-vaidh\the-karan-singh-vaidh\server\node_modules\router\index.js:582:12)
    at next (C:\react project\x\the-karan-singh-vaidh\the-karan-singh-vaidh\server\node_modules\router\index.js:291:5)
    at logger (C:\react project\x\the-karan-singh-vaidh\the-karan-singh-vaidh\server\node_modules\morgan\index.js:144:5)
    at Layer.handleRequest (C:\react project\x\the-karan-singh-vaidh\the-karan-singh-vaidh\server\node_modules\router\lib\layer.js:152:17)
    at trimPrefix (C:\react project\x\the-karan-singh-vaidh\the-karan-singh-vaidh\server\node_modules\router\index.js:342:13)
    at C:\react project\x\the-karan-singh-vaidh\the-karan-singh-vaidh\server\node_modules\router\index.js:297:9

[2026-02-26T07:22:16.156Z] 404 - Not Found - /socket.io/?EIO=4&transport=polling&t=4y8rco56
Error: Not Found - /socket.io/?EIO=4&transport=polling&t=4y8rco56
    at notFound (C:\react project\x\the-karan-singh-vaidh\the-karan-singh-vaidh\server\middleware\errorMiddleware.js:2:19)
    at Layer.handleRequest (C:\react project\x\the-karan-singh-vaidh\the-karan-singh-vaidh\server\node_modules\router\lib\layer.js:152:17)
    at trimPrefix (C:\react project\x\the-karan-singh-vaidh\the-karan-singh-vaidh\server\node_modules\router\index.js:342:13)
    at C:\react project\x\the-karan-singh-vaidh\the-karan-singh-vaidh\server\node_modules\router\index.js:297:9
    at processParams (C:\react project\x\the-karan-singh-vaidh\the-karan-singh-vaidh\server\node_modules\router\index.js:582:12)
    at next (C:\react project\x\the-karan-singh-vaidh\the-karan-singh-vaidh\server\node_modules\router\index.js:291:5)
    at logger (C:\react project\x\the-karan-singh-vaidh\the-karan-singh-vaidh\server\node_modules\morgan\index.js:144:5)
    at Layer.handleRequest (C:\react project\x\the-karan-singh-vaidh\the-karan-singh-vaidh\server\node_modules\router\lib\layer.js:152:17)
    at trimPrefix (C:\react project\x\the-karan-singh-vaidh\the-karan-singh-vaidh\server\node_modules\router\index.js:342:13)
    at C:\react project\x\the-karan-singh-vaidh\the-karan-singh-vaidh\server\node_modules\router\index.js:297:9

[2026-02-26T07:22:22.157Z] 404 - Not Found - /socket.io/?EIO=4&transport=polling&t=4yde2zaa
Error: Not Found - /socket.io/?EIO=4&transport=polling&t=4yde2zaa
    at notFound (C:\react project\x\the-karan-singh-vaidh\the-karan-singh-vaidh\server\middleware\errorMiddleware.js:2:19)
    at Layer.handleRequest (C:\react project\x\the-karan-singh-vaidh\the-karan-singh-vaidh\server\node_modules\router\lib\layer.js:152:17)
    at trimPrefix (C:\react project\x\the-karan-singh-vaidh\the-karan-singh-vaidh\server\node_modules\router\index.js:342:13)
    at C:\react project\x\the-karan-singh-vaidh\the-karan-singh-vaidh\server\node_modules\router\index.js:297:9
    at processParams (C:\react project\x\the-karan-singh-vaidh\the-karan-singh-vaidh\server\node_modules\router\index.js:582:12)
    at next (C:\react project\x\the-karan-singh-vaidh\the-karan-singh-vaidh\server\node_modules\router\index.js:291:5)
    at logger (C:\react project\x\the-karan-singh-vaidh\the-karan-singh-vaidh\server\node_modules\morgan\index.js:144:5)
    at Layer.handleRequest (C:\react project\x\the-karan-singh-vaidh\the-karan-singh-vaidh\server\node_modules\router\lib\layer.js:152:17)
    at trimPrefix (C:\react project\x\the-karan-singh-vaidh\the-karan-singh-vaidh\server\node_modules\router\index.js:342:13)
    at C:\react project\x\the-karan-singh-vaidh\the-karan-singh-vaidh\server\node_modules\router\index.js:297:9

[2026-02-26T07:22:22.160Z] 404 - Not Found - /socket.io/?EIO=4&transport=polling&t=4yde23vi
Error: Not Found - /socket.io/?EIO=4&transport=polling&t=4yde23vi
    at notFound (C:\react project\x\the-karan-singh-vaidh\the-karan-singh-vaidh\server\middleware\errorMiddleware.js:2:19)
    at Layer.handleRequest (C:\react project\x\the-karan-singh-vaidh\the-karan-singh-vaidh\server\node_modules\router\lib\layer.js:152:17)
    at trimPrefix (C:\react project\x\the-karan-singh-vaidh\the-karan-singh-vaidh\server\node_modules\router\index.js:342:13)
    at C:\react project\x\the-karan-singh-vaidh\the-karan-singh-vaidh\server\node_modules\router\index.js:297:9
    at processParams (C:\react project\x\the-karan-singh-vaidh\the-karan-singh-vaidh\server\node_modules\router\index.js:582:12)
    at next (C:\react project\x\the-karan-singh-vaidh\the-karan-singh-vaidh\server\node_modules\router\index.js:291:5)
    at logger (C:\react project\x\the-karan-singh-vaidh\the-karan-singh-vaidh\server\node_modules\morgan\index.js:144:5)
    at Layer.handleRequest (C:\react project\x\the-karan-singh-vaidh\the-karan-singh-vaidh\server\node_modules\router\lib\layer.js:152:17)
    at trimPrefix (C:\react project\x\the-karan-singh-vaidh\the-karan-singh-vaidh\server\node_modules\router\index.js:342:13)
    at C:\react project\x\the-karan-singh-vaidh\the-karan-singh-vaidh\server\node_modules\router\index.js:297:9

[2026-02-26T07:22:28.167Z] 404 - Not Found - /socket.io/?EIO=4&transport=polling&t=4yi1025o
Error: Not Found - /socket.io/?EIO=4&transport=polling&t=4yi1025o
    at notFound (C:\react project\x\the-karan-singh-vaidh\the-karan-singh-vaidh\server\middleware\errorMiddleware.js:2:19)
    at Layer.handleRequest (C:\react project\x\the-karan-singh-vaidh\the-karan-singh-vaidh\server\node_modules\router\lib\layer.js:152:17)
    at trimPrefix (C:\react project\x\the-karan-singh-vaidh\the-karan-singh-vaidh\server\node_modules\router\index.js:342:13)
    at C:\react project\x\the-karan-singh-vaidh\the-karan-singh-vaidh\server\node_modules\router\index.js:297:9
    at processParams (C:\react project\x\the-karan-singh-vaidh\the-karan-singh-vaidh\server\node_modules\router\index.js:582:12)
    at next (C:\react project\x\the-karan-singh-vaidh\the-karan-singh-vaidh\server\node_modules\router\index.js:291:5)
    at logger (C:\react project\x\the-karan-singh-vaidh\the-karan-singh-vaidh\server\node_modules\morgan\index.js:144:5)
    at Layer.handleRequest (C:\react project\x\the-karan-singh-vaidh\the-karan-singh-vaidh\server\node_modules\router\lib\layer.js:152:17)
    at trimPrefix (C:\react project\x\the-karan-singh-vaidh\the-karan-singh-vaidh\server\node_modules\router\index.js:342:13)
    at C:\react project\x\the-karan-singh-vaidh\the-karan-singh-vaidh\server\node_modules\router\index.js:297:9

[2026-02-26T07:22:28.171Z] 404 - Not Found - /socket.io/?EIO=4&transport=polling&t=4yi11bvz
Error: Not Found - /socket.io/?EIO=4&transport=polling&t=4yi11bvz
    at notFound (C:\react project\x\the-karan-singh-vaidh\the-karan-singh-vaidh\server\middleware\errorMiddleware.js:2:19)
    at Layer.handleRequest (C:\react project\x\the-karan-singh-vaidh\the-karan-singh-vaidh\server\node_modules\router\lib\layer.js:152:17)
    at trimPrefix (C:\react project\x\the-karan-singh-vaidh\the-karan-singh-vaidh\server\node_modules\router\index.js:342:13)
    at C:\react project\x\the-karan-singh-vaidh\the-karan-singh-vaidh\server\node_modules\router\index.js:297:9
    at processParams (C:\react project\x\the-karan-singh-vaidh\the-karan-singh-vaidh\server\node_modules\router\index.js:582:12)
    at next (C:\react project\x\the-karan-singh-vaidh\the-karan-singh-vaidh\server\node_modules\router\index.js:291:5)
    at logger (C:\react project\x\the-karan-singh-vaidh\the-karan-singh-vaidh\server\node_modules\morgan\index.js:144:5)
    at Layer.handleRequest (C:\react project\x\the-karan-singh-vaidh\the-karan-singh-vaidh\server\node_modules\router\lib\layer.js:152:17)
    at trimPrefix (C:\react project\x\the-karan-singh-vaidh\the-karan-singh-vaidh\server\node_modules\router\index.js:342:13)
    at C:\react project\x\the-karan-singh-vaidh\the-karan-singh-vaidh\server\node_modules\router\index.js:297:9

[2026-02-26T07:22:34.159Z] 404 - Not Found - /socket.io/?EIO=4&transport=polling&t=4ymnct0t
Error: Not Found - /socket.io/?EIO=4&transport=polling&t=4ymnct0t
    at notFound (C:\react project\x\the-karan-singh-vaidh\the-karan-singh-vaidh\server\middleware\errorMiddleware.js:2:19)
    at Layer.handleRequest (C:\react project\x\the-karan-singh-vaidh\the-karan-singh-vaidh\server\node_modules\router\lib\layer.js:152:17)
    at trimPrefix (C:\react project\x\the-karan-singh-vaidh\the-karan-singh-vaidh\server\node_modules\router\index.js:342:13)
    at C:\react project\x\the-karan-singh-vaidh\the-karan-singh-vaidh\server\node_modules\router\index.js:297:9
    at processParams (C:\react project\x\the-karan-singh-vaidh\the-karan-singh-vaidh\server\node_modules\router\index.js:582:12)
    at next (C:\react project\x\the-karan-singh-vaidh\the-karan-singh-vaidh\server\node_modules\router\index.js:291:5)
    at logger (C:\react project\x\the-karan-singh-vaidh\the-karan-singh-vaidh\server\node_modules\morgan\index.js:144:5)
    at Layer.handleRequest (C:\react project\x\the-karan-singh-vaidh\the-karan-singh-vaidh\server\node_modules\router\lib\layer.js:152:17)
    at trimPrefix (C:\react project\x\the-karan-singh-vaidh\the-karan-singh-vaidh\server\node_modules\router\index.js:342:13)
    at C:\react project\x\the-karan-singh-vaidh\the-karan-singh-vaidh\server\node_modules\router\index.js:297:9

[2026-02-26T07:22:34.164Z] 404 - Not Found - /socket.io/?EIO=4&transport=polling&t=4ymndygb
Error: Not Found - /socket.io/?EIO=4&transport=polling&t=4ymndygb
    at notFound (C:\react project\x\the-karan-singh-vaidh\the-karan-singh-vaidh\server\middleware\errorMiddleware.js:2:19)
    at Layer.handleRequest (C:\react project\x\the-karan-singh-vaidh\the-karan-singh-vaidh\server\node_modules\router\lib\layer.js:152:17)
    at trimPrefix (C:\react project\x\the-karan-singh-vaidh\the-karan-singh-vaidh\server\node_modules\router\index.js:342:13)
    at C:\react project\x\the-karan-singh-vaidh\the-karan-singh-vaidh\server\node_modules\router\index.js:297:9
    at processParams (C:\react project\x\the-karan-singh-vaidh\the-karan-singh-vaidh\server\node_modules\router\index.js:582:12)
    at next (C:\react project\x\the-karan-singh-vaidh\the-karan-singh-vaidh\server\node_modules\router\index.js:291:5)
    at logger (C:\react project\x\the-karan-singh-vaidh\the-karan-singh-vaidh\server\node_modules\morgan\index.js:144:5)
    at Layer.handleRequest (C:\react project\x\the-karan-singh-vaidh\the-karan-singh-vaidh\server\node_modules\router\lib\layer.js:152:17)
    at trimPrefix (C:\react project\x\the-karan-singh-vaidh\the-karan-singh-vaidh\server\node_modules\router\index.js:342:13)
    at C:\react project\x\the-karan-singh-vaidh\the-karan-singh-vaidh\server\node_modules\router\index.js:297:9

[2026-02-26T07:22:40.163Z] 404 - Not Found - /socket.io/?EIO=4&transport=polling&t=4yra93nd
Error: Not Found - /socket.io/?EIO=4&transport=polling&t=4yra93nd
    at notFound (C:\react project\x\the-karan-singh-vaidh\the-karan-singh-vaidh\server\middleware\errorMiddleware.js:2:19)
    at Layer.handleRequest (C:\react project\x\the-karan-singh-vaidh\the-karan-singh-vaidh\server\node_modules\router\lib\layer.js:152:17)
    at trimPrefix (C:\react project\x\the-karan-singh-vaidh\the-karan-singh-vaidh\server\node_modules\router\index.js:342:13)
    at C:\react project\x\the-karan-singh-vaidh\the-karan-singh-vaidh\server\node_modules\router\index.js:297:9
    at processParams (C:\react project\x\the-karan-singh-vaidh\the-karan-singh-vaidh\server\node_modules\router\index.js:582:12)
    at next (C:\react project\x\the-karan-singh-vaidh\the-karan-singh-vaidh\server\node_modules\router\index.js:291:5)
    at logger (C:\react project\x\the-karan-singh-vaidh\the-karan-singh-vaidh\server\node_modules\morgan\index.js:144:5)
    at Layer.handleRequest (C:\react project\x\the-karan-singh-vaidh\the-karan-singh-vaidh\server\node_modules\router\lib\layer.js:152:17)
    at trimPrefix (C:\react project\x\the-karan-singh-vaidh\the-karan-singh-vaidh\server\node_modules\router\index.js:342:13)
    at C:\react project\x\the-karan-singh-vaidh\the-karan-singh-vaidh\server\node_modules\router\index.js:297:9

[2026-02-26T07:22:40.165Z] 404 - Not Found - /socket.io/?EIO=4&transport=polling&t=4yra9plw
Error: Not Found - /socket.io/?EIO=4&transport=polling&t=4yra9plw
    at notFound (C:\react project\x\the-karan-singh-vaidh\the-karan-singh-vaidh\server\middleware\errorMiddleware.js:2:19)
    at Layer.handleRequest (C:\react project\x\the-karan-singh-vaidh\the-karan-singh-vaidh\server\node_modules\router\lib\layer.js:152:17)
    at trimPrefix (C:\react project\x\the-karan-singh-vaidh\the-karan-singh-vaidh\server\node_modules\router\index.js:342:13)
    at C:\react project\x\the-karan-singh-vaidh\the-karan-singh-vaidh\server\node_modules\router\index.js:297:9
    at processParams (C:\react project\x\the-karan-singh-vaidh\the-karan-singh-vaidh\server\node_modules\router\index.js:582:12)
    at next (C:\react project\x\the-karan-singh-vaidh\the-karan-singh-vaidh\server\node_modules\router\index.js:291:5)
    at logger (C:\react project\x\the-karan-singh-vaidh\the-karan-singh-vaidh\server\node_modules\morgan\index.js:144:5)
    at Layer.handleRequest (C:\react project\x\the-karan-singh-vaidh\the-karan-singh-vaidh\server\node_modules\router\lib\layer.js:152:17)
    at trimPrefix (C:\react project\x\the-karan-singh-vaidh\the-karan-singh-vaidh\server\node_modules\router\index.js:342:13)
    at C:\react project\x\the-karan-singh-vaidh\the-karan-singh-vaidh\server\node_modules\router\index.js:297:9

[2026-02-26T07:22:46.154Z] 404 - Not Found - /socket.io/?EIO=4&transport=polling&t=4yvwnk9i
Error: Not Found - /socket.io/?EIO=4&transport=polling&t=4yvwnk9i
    at notFound (C:\react project\x\the-karan-singh-vaidh\the-karan-singh-vaidh\server\middleware\errorMiddleware.js:2:19)
    at Layer.handleRequest (C:\react project\x\the-karan-singh-vaidh\the-karan-singh-vaidh\server\node_modules\router\lib\layer.js:152:17)
    at trimPrefix (C:\react project\x\the-karan-singh-vaidh\the-karan-singh-vaidh\server\node_modules\router\index.js:342:13)
    at C:\react project\x\the-karan-singh-vaidh\the-karan-singh-vaidh\server\node_modules\router\index.js:297:9
    at processParams (C:\react project\x\the-karan-singh-vaidh\the-karan-singh-vaidh\server\node_modules\router\index.js:582:12)
    at next (C:\react project\x\the-karan-singh-vaidh\the-karan-singh-vaidh\server\node_modules\router\index.js:291:5)
    at logger (C:\react project\x\the-karan-singh-vaidh\the-karan-singh-vaidh\server\node_modules\morgan\index.js:144:5)
    at Layer.handleRequest (C:\react project\x\the-karan-singh-vaidh\the-karan-singh-vaidh\server\node_modules\router\lib\layer.js:152:17)
    at trimPrefix (C:\react project\x\the-karan-singh-vaidh\the-karan-singh-vaidh\server\node_modules\router\index.js:342:13)
    at C:\react project\x\the-karan-singh-vaidh\the-karan-singh-vaidh\server\node_modules\router\index.js:297:9

[2026-02-26T07:22:46.157Z] 404 - Not Found - /socket.io/?EIO=4&transport=polling&t=4yvwnnr1
Error: Not Found - /socket.io/?EIO=4&transport=polling&t=4yvwnnr1
    at notFound (C:\react project\x\the-karan-singh-vaidh\the-karan-singh-vaidh\server\middleware\errorMiddleware.js:2:19)
    at Layer.handleRequest (C:\react project\x\the-karan-singh-vaidh\the-karan-singh-vaidh\server\node_modules\router\lib\layer.js:152:17)
    at trimPrefix (C:\react project\x\the-karan-singh-vaidh\the-karan-singh-vaidh\server\node_modules\router\index.js:342:13)
    at C:\react project\x\the-karan-singh-vaidh\the-karan-singh-vaidh\server\node_modules\router\index.js:297:9
    at processParams (C:\react project\x\the-karan-singh-vaidh\the-karan-singh-vaidh\server\node_modules\router\index.js:582:12)
    at next (C:\react project\x\the-karan-singh-vaidh\the-karan-singh-vaidh\server\node_modules\router\index.js:291:5)
    at logger (C:\react project\x\the-karan-singh-vaidh\the-karan-singh-vaidh\server\node_modules\morgan\index.js:144:5)
    at Layer.handleRequest (C:\react project\x\the-karan-singh-vaidh\the-karan-singh-vaidh\server\node_modules\router\lib\layer.js:152:17)
    at trimPrefix (C:\react project\x\the-karan-singh-vaidh\the-karan-singh-vaidh\server\node_modules\router\index.js:342:13)
    at C:\react project\x\the-karan-singh-vaidh\the-karan-singh-vaidh\server\node_modules\router\index.js:297:9

[2026-02-26T07:22:52.157Z] 404 - Not Found - /socket.io/?EIO=4&transport=polling&t=4z0jem47
Error: Not Found - /socket.io/?EIO=4&transport=polling&t=4z0jem47
    at notFound (C:\react project\x\the-karan-singh-vaidh\the-karan-singh-vaidh\server\middleware\errorMiddleware.js:2:19)
    at Layer.handleRequest (C:\react project\x\the-karan-singh-vaidh\the-karan-singh-vaidh\server\node_modules\router\lib\layer.js:152:17)
    at trimPrefix (C:\react project\x\the-karan-singh-vaidh\the-karan-singh-vaidh\server\node_modules\router\index.js:342:13)
    at C:\react project\x\the-karan-singh-vaidh\the-karan-singh-vaidh\server\node_modules\router\index.js:297:9
    at processParams (C:\react project\x\the-karan-singh-vaidh\the-karan-singh-vaidh\server\node_modules\router\index.js:582:12)
    at next (C:\react project\x\the-karan-singh-vaidh\the-karan-singh-vaidh\server\node_modules\router\index.js:291:5)
    at logger (C:\react project\x\the-karan-singh-vaidh\the-karan-singh-vaidh\server\node_modules\morgan\index.js:144:5)
    at Layer.handleRequest (C:\react project\x\the-karan-singh-vaidh\the-karan-singh-vaidh\server\node_modules\router\lib\layer.js:152:17)
    at trimPrefix (C:\react project\x\the-karan-singh-vaidh\the-karan-singh-vaidh\server\node_modules\router\index.js:342:13)
    at C:\react project\x\the-karan-singh-vaidh\the-karan-singh-vaidh\server\node_modules\router\index.js:297:9

[2026-02-26T07:22:52.159Z] 404 - Not Found - /socket.io/?EIO=4&transport=polling&t=4z0je3up
Error: Not Found - /socket.io/?EIO=4&transport=polling&t=4z0je3up
    at notFound (C:\react project\x\the-karan-singh-vaidh\the-karan-singh-vaidh\server\middleware\errorMiddleware.js:2:19)
    at Layer.handleRequest (C:\react project\x\the-karan-singh-vaidh\the-karan-singh-vaidh\server\node_modules\router\lib\layer.js:152:17)
    at trimPrefix (C:\react project\x\the-karan-singh-vaidh\the-karan-singh-vaidh\server\node_modules\router\index.js:342:13)
    at C:\react project\x\the-karan-singh-vaidh\the-karan-singh-vaidh\server\node_modules\router\index.js:297:9
    at processParams (C:\react project\x\the-karan-singh-vaidh\the-karan-singh-vaidh\server\node_modules\router\index.js:582:12)
    at next (C:\react project\x\the-karan-singh-vaidh\the-karan-singh-vaidh\server\node_modules\router\index.js:291:5)
    at logger (C:\react project\x\the-karan-singh-vaidh\the-karan-singh-vaidh\server\node_modules\morgan\index.js:144:5)
    at Layer.handleRequest (C:\react project\x\the-karan-singh-vaidh\the-karan-singh-vaidh\server\node_modules\router\lib\layer.js:152:17)
    at trimPrefix (C:\react project\x\the-karan-singh-vaidh\the-karan-singh-vaidh\server\node_modules\router\index.js:342:13)
    at C:\react project\x\the-karan-singh-vaidh\the-karan-singh-vaidh\server\node_modules\router\index.js:297:9

[2026-02-26T07:22:58.157Z] 404 - Not Found - /socket.io/?EIO=4&transport=polling&t=4z562zt0
Error: Not Found - /socket.io/?EIO=4&transport=polling&t=4z562zt0
    at notFound (C:\react project\x\the-karan-singh-vaidh\the-karan-singh-vaidh\server\middleware\errorMiddleware.js:2:19)
    at Layer.handleRequest (C:\react project\x\the-karan-singh-vaidh\the-karan-singh-vaidh\server\node_modules\router\lib\layer.js:152:17)
    at trimPrefix (C:\react project\x\the-karan-singh-vaidh\the-karan-singh-vaidh\server\node_modules\router\index.js:342:13)
    at C:\react project\x\the-karan-singh-vaidh\the-karan-singh-vaidh\server\node_modules\router\index.js:297:9
    at processParams (C:\react project\x\the-karan-singh-vaidh\the-karan-singh-vaidh\server\node_modules\router\index.js:582:12)
    at next (C:\react project\x\the-karan-singh-vaidh\the-karan-singh-vaidh\server\node_modules\router\index.js:291:5)
    at logger (C:\react project\x\the-karan-singh-vaidh\the-karan-singh-vaidh\server\node_modules\morgan\index.js:144:5)
    at Layer.handleRequest (C:\react project\x\the-karan-singh-vaidh\the-karan-singh-vaidh\server\node_modules\router\lib\layer.js:152:17)
    at trimPrefix (C:\react project\x\the-karan-singh-vaidh\the-karan-singh-vaidh\server\node_modules\router\index.js:342:13)
    at C:\react project\x\the-karan-singh-vaidh\the-karan-singh-vaidh\server\node_modules\router\index.js:297:9

[2026-02-26T07:22:58.159Z] 404 - Not Found - /socket.io/?EIO=4&transport=polling&t=4z562w26
Error: Not Found - /socket.io/?EIO=4&transport=polling&t=4z562w26
    at notFound (C:\react project\x\the-karan-singh-vaidh\the-karan-singh-vaidh\server\middleware\errorMiddleware.js:2:19)
    at Layer.handleRequest (C:\react project\x\the-karan-singh-vaidh\the-karan-singh-vaidh\server\node_modules\router\lib\layer.js:152:17)
    at trimPrefix (C:\react project\x\the-karan-singh-vaidh\the-karan-singh-vaidh\server\node_modules\router\index.js:342:13)
    at C:\react project\x\the-karan-singh-vaidh\the-karan-singh-vaidh\server\node_modules\router\index.js:297:9
    at processParams (C:\react project\x\the-karan-singh-vaidh\the-karan-singh-vaidh\server\node_modules\router\index.js:582:12)
    at next (C:\react project\x\the-karan-singh-vaidh\the-karan-singh-vaidh\server\node_modules\router\index.js:291:5)
    at logger (C:\react project\x\the-karan-singh-vaidh\the-karan-singh-vaidh\server\node_modules\morgan\index.js:144:5)
    at Layer.handleRequest (C:\react project\x\the-karan-singh-vaidh\the-karan-singh-vaidh\server\node_modules\router\lib\layer.js:152:17)
    at trimPrefix (C:\react project\x\the-karan-singh-vaidh\the-karan-singh-vaidh\server\node_modules\router\index.js:342:13)
    at C:\react project\x\the-karan-singh-vaidh\the-karan-singh-vaidh\server\node_modules\router\index.js:297:9

[2026-02-26T07:23:04.167Z] 404 - Not Found - /socket.io/?EIO=4&transport=polling&t=4z9sqwzf
Error: Not Found - /socket.io/?EIO=4&transport=polling&t=4z9sqwzf
    at notFound (C:\react project\x\the-karan-singh-vaidh\the-karan-singh-vaidh\server\middleware\errorMiddleware.js:2:19)
    at Layer.handleRequest (C:\react project\x\the-karan-singh-vaidh\the-karan-singh-vaidh\server\node_modules\router\lib\layer.js:152:17)
    at trimPrefix (C:\react project\x\the-karan-singh-vaidh\the-karan-singh-vaidh\server\node_modules\router\index.js:342:13)
    at C:\react project\x\the-karan-singh-vaidh\the-karan-singh-vaidh\server\node_modules\router\index.js:297:9
    at processParams (C:\react project\x\the-karan-singh-vaidh\the-karan-singh-vaidh\server\node_modules\router\index.js:582:12)
    at next (C:\react project\x\the-karan-singh-vaidh\the-karan-singh-vaidh\server\node_modules\router\index.js:291:5)
    at logger (C:\react project\x\the-karan-singh-vaidh\the-karan-singh-vaidh\server\node_modules\morgan\index.js:144:5)
    at Layer.handleRequest (C:\react project\x\the-karan-singh-vaidh\the-karan-singh-vaidh\server\node_modules\router\lib\layer.js:152:17)
    at trimPrefix (C:\react project\x\the-karan-singh-vaidh\the-karan-singh-vaidh\server\node_modules\router\index.js:342:13)
    at C:\react project\x\the-karan-singh-vaidh\the-karan-singh-vaidh\server\node_modules\router\index.js:297:9

[2026-02-26T07:23:04.171Z] 404 - Not Found - /socket.io/?EIO=4&transport=polling&t=4z9sqfhg
Error: Not Found - /socket.io/?EIO=4&transport=polling&t=4z9sqfhg
    at notFound (C:\react project\x\the-karan-singh-vaidh\the-karan-singh-vaidh\server\middleware\errorMiddleware.js:2:19)
    at Layer.handleRequest (C:\react project\x\the-karan-singh-vaidh\the-karan-singh-vaidh\server\node_modules\router\lib\layer.js:152:17)
    at trimPrefix (C:\react project\x\the-karan-singh-vaidh\the-karan-singh-vaidh\server\node_modules\router\index.js:342:13)
    at C:\react project\x\the-karan-singh-vaidh\the-karan-singh-vaidh\server\node_modules\router\index.js:297:9
    at processParams (C:\react project\x\the-karan-singh-vaidh\the-karan-singh-vaidh\server\node_modules\router\index.js:582:12)
    at next (C:\react project\x\the-karan-singh-vaidh\the-karan-singh-vaidh\server\node_modules\router\index.js:291:5)
    at logger (C:\react project\x\the-karan-singh-vaidh\the-karan-singh-vaidh\server\node_modules\morgan\index.js:144:5)
    at Layer.handleRequest (C:\react project\x\the-karan-singh-vaidh\the-karan-singh-vaidh\server\node_modules\router\lib\layer.js:152:17)
    at trimPrefix (C:\react project\x\the-karan-singh-vaidh\the-karan-singh-vaidh\server\node_modules\router\index.js:342:13)
    at C:\react project\x\the-karan-singh-vaidh\the-karan-singh-vaidh\server\node_modules\router\index.js:297:9

[2026-02-26T07:23:10.161Z] 404 - Not Found - /socket.io/?EIO=4&transport=polling&t=4zefjfsd
Error: Not Found - /socket.io/?EIO=4&transport=polling&t=4zefjfsd
    at notFound (C:\react project\x\the-karan-singh-vaidh\the-karan-singh-vaidh\server\middleware\errorMiddleware.js:2:19)
    at Layer.handleRequest (C:\react project\x\the-karan-singh-vaidh\the-karan-singh-vaidh\server\node_modules\router\lib\layer.js:152:17)
    at trimPrefix (C:\react project\x\the-karan-singh-vaidh\the-karan-singh-vaidh\server\node_modules\router\index.js:342:13)
    at C:\react project\x\the-karan-singh-vaidh\the-karan-singh-vaidh\server\node_modules\router\index.js:297:9
    at processParams (C:\react project\x\the-karan-singh-vaidh\the-karan-singh-vaidh\server\node_modules\router\index.js:582:12)
    at next (C:\react project\x\the-karan-singh-vaidh\the-karan-singh-vaidh\server\node_modules\router\index.js:291:5)
    at logger (C:\react project\x\the-karan-singh-vaidh\the-karan-singh-vaidh\server\node_modules\morgan\index.js:144:5)
    at Layer.handleRequest (C:\react project\x\the-karan-singh-vaidh\the-karan-singh-vaidh\server\node_modules\router\lib\layer.js:152:17)
    at trimPrefix (C:\react project\x\the-karan-singh-vaidh\the-karan-singh-vaidh\server\node_modules\router\index.js:342:13)
    at C:\react project\x\the-karan-singh-vaidh\the-karan-singh-vaidh\server\node_modules\router\index.js:297:9

[2026-02-26T07:23:10.163Z] 404 - Not Found - /socket.io/?EIO=4&transport=polling&t=4zefjs44
Error: Not Found - /socket.io/?EIO=4&transport=polling&t=4zefjs44
    at notFound (C:\react project\x\the-karan-singh-vaidh\the-karan-singh-vaidh\server\middleware\errorMiddleware.js:2:19)
    at Layer.handleRequest (C:\react project\x\the-karan-singh-vaidh\the-karan-singh-vaidh\server\node_modules\router\lib\layer.js:152:17)
    at trimPrefix (C:\react project\x\the-karan-singh-vaidh\the-karan-singh-vaidh\server\node_modules\router\index.js:342:13)
    at C:\react project\x\the-karan-singh-vaidh\the-karan-singh-vaidh\server\node_modules\router\index.js:297:9
    at processParams (C:\react project\x\the-karan-singh-vaidh\the-karan-singh-vaidh\server\node_modules\router\index.js:582:12)
    at next (C:\react project\x\the-karan-singh-vaidh\the-karan-singh-vaidh\server\node_modules\router\index.js:291:5)
    at logger (C:\react project\x\the-karan-singh-vaidh\the-karan-singh-vaidh\server\node_modules\morgan\index.js:144:5)
    at Layer.handleRequest (C:\react project\x\the-karan-singh-vaidh\the-karan-singh-vaidh\server\node_modules\router\lib\layer.js:152:17)
    at trimPrefix (C:\react project\x\the-karan-singh-vaidh\the-karan-singh-vaidh\server\node_modules\router\index.js:342:13)
    at C:\react project\x\the-karan-singh-vaidh\the-karan-singh-vaidh\server\node_modules\router\index.js:297:9

[2026-02-26T07:23:16.160Z] 404 - Not Found - /socket.io/?EIO=4&transport=polling&t=4zj242t4
Error: Not Found - /socket.io/?EIO=4&transport=polling&t=4zj242t4
    at notFound (C:\react project\x\the-karan-singh-vaidh\the-karan-singh-vaidh\server\middleware\errorMiddleware.js:2:19)
    at Layer.handleRequest (C:\react project\x\the-karan-singh-vaidh\the-karan-singh-vaidh\server\node_modules\router\lib\layer.js:152:17)
    at trimPrefix (C:\react project\x\the-karan-singh-vaidh\the-karan-singh-vaidh\server\node_modules\router\index.js:342:13)
    at C:\react project\x\the-karan-singh-vaidh\the-karan-singh-vaidh\server\node_modules\router\index.js:297:9
    at processParams (C:\react project\x\the-karan-singh-vaidh\the-karan-singh-vaidh\server\node_modules\router\index.js:582:12)
    at next (C:\react project\x\the-karan-singh-vaidh\the-karan-singh-vaidh\server\node_modules\router\index.js:291:5)
    at logger (C:\react project\x\the-karan-singh-vaidh\the-karan-singh-vaidh\server\node_modules\morgan\index.js:144:5)
    at Layer.handleRequest (C:\react project\x\the-karan-singh-vaidh\the-karan-singh-vaidh\server\node_modules\router\lib\layer.js:152:17)
    at trimPrefix (C:\react project\x\the-karan-singh-vaidh\the-karan-singh-vaidh\server\node_modules\router\index.js:342:13)
    at C:\react project\x\the-karan-singh-vaidh\the-karan-singh-vaidh\server\node_modules\router\index.js:297:9

[2026-02-26T07:23:16.162Z] 404 - Not Found - /socket.io/?EIO=4&transport=polling&t=4zj24dqc
Error: Not Found - /socket.io/?EIO=4&transport=polling&t=4zj24dqc
    at notFound (C:\react project\x\the-karan-singh-vaidh\the-karan-singh-vaidh\server\middleware\errorMiddleware.js:2:19)
    at Layer.handleRequest (C:\react project\x\the-karan-singh-vaidh\the-karan-singh-vaidh\server\node_modules\router\lib\layer.js:152:17)
    at trimPrefix (C:\react project\x\the-karan-singh-vaidh\the-karan-singh-vaidh\server\node_modules\router\index.js:342:13)
    at C:\react project\x\the-karan-singh-vaidh\the-karan-singh-vaidh\server\node_modules\router\index.js:297:9
    at processParams (C:\react project\x\the-karan-singh-vaidh\the-karan-singh-vaidh\server\node_modules\router\index.js:582:12)
    at next (C:\react project\x\the-karan-singh-vaidh\the-karan-singh-vaidh\server\node_modules\router\index.js:291:5)
    at logger (C:\react project\x\the-karan-singh-vaidh\the-karan-singh-vaidh\server\node_modules\morgan\index.js:144:5)
    at Layer.handleRequest (C:\react project\x\the-karan-singh-vaidh\the-karan-singh-vaidh\server\node_modules\router\lib\layer.js:152:17)
    at trimPrefix (C:\react project\x\the-karan-singh-vaidh\the-karan-singh-vaidh\server\node_modules\router\index.js:342:13)
    at C:\react project\x\the-karan-singh-vaidh\the-karan-singh-vaidh\server\node_modules\router\index.js:297:9

[2026-02-26T07:23:22.176Z] 404 - Not Found - /socket.io/?EIO=4&transport=polling&t=4znp07lw
Error: Not Found - /socket.io/?EIO=4&transport=polling&t=4znp07lw
    at notFound (C:\react project\x\the-karan-singh-vaidh\the-karan-singh-vaidh\server\middleware\errorMiddleware.js:2:19)
    at Layer.handleRequest (C:\react project\x\the-karan-singh-vaidh\the-karan-singh-vaidh\server\node_modules\router\lib\layer.js:152:17)
    at trimPrefix (C:\react project\x\the-karan-singh-vaidh\the-karan-singh-vaidh\server\node_modules\router\index.js:342:13)
    at C:\react project\x\the-karan-singh-vaidh\the-karan-singh-vaidh\server\node_modules\router\index.js:297:9
    at processParams (C:\react project\x\the-karan-singh-vaidh\the-karan-singh-vaidh\server\node_modules\router\index.js:582:12)
    at next (C:\react project\x\the-karan-singh-vaidh\the-karan-singh-vaidh\server\node_modules\router\index.js:291:5)
    at logger (C:\react project\x\the-karan-singh-vaidh\the-karan-singh-vaidh\server\node_modules\morgan\index.js:144:5)
    at Layer.handleRequest (C:\react project\x\the-karan-singh-vaidh\the-karan-singh-vaidh\server\node_modules\router\lib\layer.js:152:17)
    at trimPrefix (C:\react project\x\the-karan-singh-vaidh\the-karan-singh-vaidh\server\node_modules\router\index.js:342:13)
    at C:\react project\x\the-karan-singh-vaidh\the-karan-singh-vaidh\server\node_modules\router\index.js:297:9

[2026-02-26T07:23:22.178Z] 404 - Not Found - /socket.io/?EIO=4&transport=polling&t=4znp02qp
Error: Not Found - /socket.io/?EIO=4&transport=polling&t=4znp02qp
    at notFound (C:\react project\x\the-karan-singh-vaidh\the-karan-singh-vaidh\server\middleware\errorMiddleware.js:2:19)
    at Layer.handleRequest (C:\react project\x\the-karan-singh-vaidh\the-karan-singh-vaidh\server\node_modules\router\lib\layer.js:152:17)
    at trimPrefix (C:\react project\x\the-karan-singh-vaidh\the-karan-singh-vaidh\server\node_modules\router\index.js:342:13)
    at C:\react project\x\the-karan-singh-vaidh\the-karan-singh-vaidh\server\node_modules\router\index.js:297:9
    at processParams (C:\react project\x\the-karan-singh-vaidh\the-karan-singh-vaidh\server\node_modules\router\index.js:582:12)
    at next (C:\react project\x\the-karan-singh-vaidh\the-karan-singh-vaidh\server\node_modules\router\index.js:291:5)
    at logger (C:\react project\x\the-karan-singh-vaidh\the-karan-singh-vaidh\server\node_modules\morgan\index.js:144:5)
    at Layer.handleRequest (C:\react project\x\the-karan-singh-vaidh\the-karan-singh-vaidh\server\node_modules\router\lib\layer.js:152:17)
    at trimPrefix (C:\react project\x\the-karan-singh-vaidh\the-karan-singh-vaidh\server\node_modules\router\index.js:342:13)
    at C:\react project\x\the-karan-singh-vaidh\the-karan-singh-vaidh\server\node_modules\router\index.js:297:9

[2026-02-26T07:23:28.164Z] 404 - Not Found - /socket.io/?EIO=4&transport=polling&t=4zsblt0t
Error: Not Found - /socket.io/?EIO=4&transport=polling&t=4zsblt0t
    at notFound (C:\react project\x\the-karan-singh-vaidh\the-karan-singh-vaidh\server\middleware\errorMiddleware.js:2:19)
    at Layer.handleRequest (C:\react project\x\the-karan-singh-vaidh\the-karan-singh-vaidh\server\node_modules\router\lib\layer.js:152:17)
    at trimPrefix (C:\react project\x\the-karan-singh-vaidh\the-karan-singh-vaidh\server\node_modules\router\index.js:342:13)
    at C:\react project\x\the-karan-singh-vaidh\the-karan-singh-vaidh\server\node_modules\router\index.js:297:9
    at processParams (C:\react project\x\the-karan-singh-vaidh\the-karan-singh-vaidh\server\node_modules\router\index.js:582:12)
    at next (C:\react project\x\the-karan-singh-vaidh\the-karan-singh-vaidh\server\node_modules\router\index.js:291:5)
    at logger (C:\react project\x\the-karan-singh-vaidh\the-karan-singh-vaidh\server\node_modules\morgan\index.js:144:5)
    at Layer.handleRequest (C:\react project\x\the-karan-singh-vaidh\the-karan-singh-vaidh\server\node_modules\router\lib\layer.js:152:17)
    at trimPrefix (C:\react project\x\the-karan-singh-vaidh\the-karan-singh-vaidh\server\node_modules\router\index.js:342:13)
    at C:\react project\x\the-karan-singh-vaidh\the-karan-singh-vaidh\server\node_modules\router\index.js:297:9

[2026-02-26T07:23:28.168Z] 404 - Not Found - /socket.io/?EIO=4&transport=polling&t=4zsblsp6
Error: Not Found - /socket.io/?EIO=4&transport=polling&t=4zsblsp6
    at notFound (C:\react project\x\the-karan-singh-vaidh\the-karan-singh-vaidh\server\middleware\errorMiddleware.js:2:19)
    at Layer.handleRequest (C:\react project\x\the-karan-singh-vaidh\the-karan-singh-vaidh\server\node_modules\router\lib\layer.js:152:17)
    at trimPrefix (C:\react project\x\the-karan-singh-vaidh\the-karan-singh-vaidh\server\node_modules\router\index.js:342:13)
    at C:\react project\x\the-karan-singh-vaidh\the-karan-singh-vaidh\server\node_modules\router\index.js:297:9
    at processParams (C:\react project\x\the-karan-singh-vaidh\the-karan-singh-vaidh\server\node_modules\router\index.js:582:12)
    at next (C:\react project\x\the-karan-singh-vaidh\the-karan-singh-vaidh\server\node_modules\router\index.js:291:5)
    at logger (C:\react project\x\the-karan-singh-vaidh\the-karan-singh-vaidh\server\node_modules\morgan\index.js:144:5)
    at Layer.handleRequest (C:\react project\x\the-karan-singh-vaidh\the-karan-singh-vaidh\server\node_modules\router\lib\layer.js:152:17)
    at trimPrefix (C:\react project\x\the-karan-singh-vaidh\the-karan-singh-vaidh\server\node_modules\router\index.js:342:13)
    at C:\react project\x\the-karan-singh-vaidh\the-karan-singh-vaidh\server\node_modules\router\index.js:297:9

[2026-02-26T07:23:34.165Z] 404 - Not Found - /socket.io/?EIO=4&transport=polling&t=4zwy7mip
Error: Not Found - /socket.io/?EIO=4&transport=polling&t=4zwy7mip
    at notFound (C:\react project\x\the-karan-singh-vaidh\the-karan-singh-vaidh\server\middleware\errorMiddleware.js:2:19)
    at Layer.handleRequest (C:\react project\x\the-karan-singh-vaidh\the-karan-singh-vaidh\server\node_modules\router\lib\layer.js:152:17)
    at trimPrefix (C:\react project\x\the-karan-singh-vaidh\the-karan-singh-vaidh\server\node_modules\router\index.js:342:13)
    at C:\react project\x\the-karan-singh-vaidh\the-karan-singh-vaidh\server\node_modules\router\index.js:297:9
    at processParams (C:\react project\x\the-karan-singh-vaidh\the-karan-singh-vaidh\server\node_modules\router\index.js:582:12)
    at next (C:\react project\x\the-karan-singh-vaidh\the-karan-singh-vaidh\server\node_modules\router\index.js:291:5)
    at logger (C:\react project\x\the-karan-singh-vaidh\the-karan-singh-vaidh\server\node_modules\morgan\index.js:144:5)
    at Layer.handleRequest (C:\react project\x\the-karan-singh-vaidh\the-karan-singh-vaidh\server\node_modules\router\lib\layer.js:152:17)
    at trimPrefix (C:\react project\x\the-karan-singh-vaidh\the-karan-singh-vaidh\server\node_modules\router\index.js:342:13)
    at C:\react project\x\the-karan-singh-vaidh\the-karan-singh-vaidh\server\node_modules\router\index.js:297:9

[2026-02-26T07:23:34.168Z] 404 - Not Found - /socket.io/?EIO=4&transport=polling&t=4zwy7qvq
Error: Not Found - /socket.io/?EIO=4&transport=polling&t=4zwy7qvq
    at notFound (C:\react project\x\the-karan-singh-vaidh\the-karan-singh-vaidh\server\middleware\errorMiddleware.js:2:19)
    at Layer.handleRequest (C:\react project\x\the-karan-singh-vaidh\the-karan-singh-vaidh\server\node_modules\router\lib\layer.js:152:17)
    at trimPrefix (C:\react project\x\the-karan-singh-vaidh\the-karan-singh-vaidh\server\node_modules\router\index.js:342:13)
    at C:\react project\x\the-karan-singh-vaidh\the-karan-singh-vaidh\server\node_modules\router\index.js:297:9
    at processParams (C:\react project\x\the-karan-singh-vaidh\the-karan-singh-vaidh\server\node_modules\router\index.js:582:12)
    at next (C:\react project\x\the-karan-singh-vaidh\the-karan-singh-vaidh\server\node_modules\router\index.js:291:5)
    at logger (C:\react project\x\the-karan-singh-vaidh\the-karan-singh-vaidh\server\node_modules\morgan\index.js:144:5)
    at Layer.handleRequest (C:\react project\x\the-karan-singh-vaidh\the-karan-singh-vaidh\server\node_modules\router\lib\layer.js:152:17)
    at trimPrefix (C:\react project\x\the-karan-singh-vaidh\the-karan-singh-vaidh\server\node_modules\router\index.js:342:13)
    at C:\react project\x\the-karan-singh-vaidh\the-karan-singh-vaidh\server\node_modules\router\index.js:297:9

[2026-02-26T07:23:40.166Z] 404 - Not Found - /socket.io/?EIO=4&transport=polling&t=501l0ukm
Error: Not Found - /socket.io/?EIO=4&transport=polling&t=501l0ukm
    at notFound (C:\react project\x\the-karan-singh-vaidh\the-karan-singh-vaidh\server\middleware\errorMiddleware.js:2:19)
    at Layer.handleRequest (C:\react project\x\the-karan-singh-vaidh\the-karan-singh-vaidh\server\node_modules\router\lib\layer.js:152:17)
    at trimPrefix (C:\react project\x\the-karan-singh-vaidh\the-karan-singh-vaidh\server\node_modules\router\index.js:342:13)
    at C:\react project\x\the-karan-singh-vaidh\the-karan-singh-vaidh\server\node_modules\router\index.js:297:9
    at processParams (C:\react project\x\the-karan-singh-vaidh\the-karan-singh-vaidh\server\node_modules\router\index.js:582:12)
    at next (C:\react project\x\the-karan-singh-vaidh\the-karan-singh-vaidh\server\node_modules\router\index.js:291:5)
    at logger (C:\react project\x\the-karan-singh-vaidh\the-karan-singh-vaidh\server\node_modules\morgan\index.js:144:5)
    at Layer.handleRequest (C:\react project\x\the-karan-singh-vaidh\the-karan-singh-vaidh\server\node_modules\router\lib\layer.js:152:17)
    at trimPrefix (C:\react project\x\the-karan-singh-vaidh\the-karan-singh-vaidh\server\node_modules\router\index.js:342:13)
    at C:\react project\x\the-karan-singh-vaidh\the-karan-singh-vaidh\server\node_modules\router\index.js:297:9

[2026-02-26T07:23:40.170Z] 404 - Not Found - /socket.io/?EIO=4&transport=polling&t=501l0rvl
Error: Not Found - /socket.io/?EIO=4&transport=polling&t=501l0rvl
    at notFound (C:\react project\x\the-karan-singh-vaidh\the-karan-singh-vaidh\server\middleware\errorMiddleware.js:2:19)
    at Layer.handleRequest (C:\react project\x\the-karan-singh-vaidh\the-karan-singh-vaidh\server\node_modules\router\lib\layer.js:152:17)
    at trimPrefix (C:\react project\x\the-karan-singh-vaidh\the-karan-singh-vaidh\server\node_modules\router\index.js:342:13)
    at C:\react project\x\the-karan-singh-vaidh\the-karan-singh-vaidh\server\node_modules\router\index.js:297:9
    at processParams (C:\react project\x\the-karan-singh-vaidh\the-karan-singh-vaidh\server\node_modules\router\index.js:582:12)
    at next (C:\react project\x\the-karan-singh-vaidh\the-karan-singh-vaidh\server\node_modules\router\index.js:291:5)
    at logger (C:\react project\x\the-karan-singh-vaidh\the-karan-singh-vaidh\server\node_modules\morgan\index.js:144:5)
    at Layer.handleRequest (C:\react project\x\the-karan-singh-vaidh\the-karan-singh-vaidh\server\node_modules\router\lib\layer.js:152:17)
    at trimPrefix (C:\react project\x\the-karan-singh-vaidh\the-karan-singh-vaidh\server\node_modules\router\index.js:342:13)
    at C:\react project\x\the-karan-singh-vaidh\the-karan-singh-vaidh\server\node_modules\router\index.js:297:9

[2026-02-26T07:23:45.176Z] 404 - Not Found - /socket.io/?EIO=4&transport=polling&t=505g6j1i
Error: Not Found - /socket.io/?EIO=4&transport=polling&t=505g6j1i
    at notFound (C:\react project\x\the-karan-singh-vaidh\the-karan-singh-vaidh\server\middleware\errorMiddleware.js:2:19)
    at Layer.handleRequest (C:\react project\x\the-karan-singh-vaidh\the-karan-singh-vaidh\server\node_modules\router\lib\layer.js:152:17)
    at trimPrefix (C:\react project\x\the-karan-singh-vaidh\the-karan-singh-vaidh\server\node_modules\router\index.js:342:13)
    at C:\react project\x\the-karan-singh-vaidh\the-karan-singh-vaidh\server\node_modules\router\index.js:297:9
    at processParams (C:\react project\x\the-karan-singh-vaidh\the-karan-singh-vaidh\server\node_modules\router\index.js:582:12)
    at next (C:\react project\x\the-karan-singh-vaidh\the-karan-singh-vaidh\server\node_modules\router\index.js:291:5)
    at logger (C:\react project\x\the-karan-singh-vaidh\the-karan-singh-vaidh\server\node_modules\morgan\index.js:144:5)
    at Layer.handleRequest (C:\react project\x\the-karan-singh-vaidh\the-karan-singh-vaidh\server\node_modules\router\lib\layer.js:152:17)
    at trimPrefix (C:\react project\x\the-karan-singh-vaidh\the-karan-singh-vaidh\server\node_modules\router\index.js:342:13)
    at C:\react project\x\the-karan-singh-vaidh\the-karan-singh-vaidh\server\node_modules\router\index.js:297:9

[2026-02-26T07:23:46.156Z] 404 - Not Found - /socket.io/?EIO=4&transport=polling&t=5067drwo
Error: Not Found - /socket.io/?EIO=4&transport=polling&t=5067drwo
    at notFound (C:\react project\x\the-karan-singh-vaidh\the-karan-singh-vaidh\server\middleware\errorMiddleware.js:2:19)
    at Layer.handleRequest (C:\react project\x\the-karan-singh-vaidh\the-karan-singh-vaidh\server\node_modules\router\lib\layer.js:152:17)
    at trimPrefix (C:\react project\x\the-karan-singh-vaidh\the-karan-singh-vaidh\server\node_modules\router\index.js:342:13)
    at C:\react project\x\the-karan-singh-vaidh\the-karan-singh-vaidh\server\node_modules\router\index.js:297:9
    at processParams (C:\react project\x\the-karan-singh-vaidh\the-karan-singh-vaidh\server\node_modules\router\index.js:582:12)
    at next (C:\react project\x\the-karan-singh-vaidh\the-karan-singh-vaidh\server\node_modules\router\index.js:291:5)
    at logger (C:\react project\x\the-karan-singh-vaidh\the-karan-singh-vaidh\server\node_modules\morgan\index.js:144:5)
    at Layer.handleRequest (C:\react project\x\the-karan-singh-vaidh\the-karan-singh-vaidh\server\node_modules\router\lib\layer.js:152:17)
    at trimPrefix (C:\react project\x\the-karan-singh-vaidh\the-karan-singh-vaidh\server\node_modules\router\index.js:342:13)
    at C:\react project\x\the-karan-singh-vaidh\the-karan-singh-vaidh\server\node_modules\router\index.js:297:9

[2026-02-26T07:23:50.186Z] 404 - Not Found - /socket.io/?EIO=4&transport=polling&t=509baypl
Error: Not Found - /socket.io/?EIO=4&transport=polling&t=509baypl
    at notFound (C:\react project\x\the-karan-singh-vaidh\the-karan-singh-vaidh\server\middleware\errorMiddleware.js:2:19)
    at Layer.handleRequest (C:\react project\x\the-karan-singh-vaidh\the-karan-singh-vaidh\server\node_modules\router\lib\layer.js:152:17)
    at trimPrefix (C:\react project\x\the-karan-singh-vaidh\the-karan-singh-vaidh\server\node_modules\router\index.js:342:13)
    at C:\react project\x\the-karan-singh-vaidh\the-karan-singh-vaidh\server\node_modules\router\index.js:297:9
    at processParams (C:\react project\x\the-karan-singh-vaidh\the-karan-singh-vaidh\server\node_modules\router\index.js:582:12)
    at next (C:\react project\x\the-karan-singh-vaidh\the-karan-singh-vaidh\server\node_modules\router\index.js:291:5)
    at logger (C:\react project\x\the-karan-singh-vaidh\the-karan-singh-vaidh\server\node_modules\morgan\index.js:144:5)
    at Layer.handleRequest (C:\react project\x\the-karan-singh-vaidh\the-karan-singh-vaidh\server\node_modules\router\lib\layer.js:152:17)
    at trimPrefix (C:\react project\x\the-karan-singh-vaidh\the-karan-singh-vaidh\server\node_modules\router\index.js:342:13)
    at C:\react project\x\the-karan-singh-vaidh\the-karan-singh-vaidh\server\node_modules\router\index.js:297:9

[2026-02-26T07:23:52.160Z] 404 - Not Found - /socket.io/?EIO=4&transport=polling&t=50au4off
Error: Not Found - /socket.io/?EIO=4&transport=polling&t=50au4off
    at notFound (C:\react project\x\the-karan-singh-vaidh\the-karan-singh-vaidh\server\middleware\errorMiddleware.js:2:19)
    at Layer.handleRequest (C:\react project\x\the-karan-singh-vaidh\the-karan-singh-vaidh\server\node_modules\router\lib\layer.js:152:17)
    at trimPrefix (C:\react project\x\the-karan-singh-vaidh\the-karan-singh-vaidh\server\node_modules\router\index.js:342:13)
    at C:\react project\x\the-karan-singh-vaidh\the-karan-singh-vaidh\server\node_modules\router\index.js:297:9
    at processParams (C:\react project\x\the-karan-singh-vaidh\the-karan-singh-vaidh\server\node_modules\router\index.js:582:12)
    at next (C:\react project\x\the-karan-singh-vaidh\the-karan-singh-vaidh\server\node_modules\router\index.js:291:5)
    at logger (C:\react project\x\the-karan-singh-vaidh\the-karan-singh-vaidh\server\node_modules\morgan\index.js:144:5)
    at Layer.handleRequest (C:\react project\x\the-karan-singh-vaidh\the-karan-singh-vaidh\server\node_modules\router\lib\layer.js:152:17)
    at trimPrefix (C:\react project\x\the-karan-singh-vaidh\the-karan-singh-vaidh\server\node_modules\router\index.js:342:13)
    at C:\react project\x\the-karan-singh-vaidh\the-karan-singh-vaidh\server\node_modules\router\index.js:297:9

[2026-02-26T07:23:56.163Z] 404 - Not Found - /socket.io/?EIO=4&transport=polling&t=50dxa5yw
Error: Not Found - /socket.io/?EIO=4&transport=polling&t=50dxa5yw
    at notFound (C:\react project\x\the-karan-singh-vaidh\the-karan-singh-vaidh\server\middleware\errorMiddleware.js:2:19)
    at Layer.handleRequest (C:\react project\x\the-karan-singh-vaidh\the-karan-singh-vaidh\server\node_modules\router\lib\layer.js:152:17)
    at trimPrefix (C:\react project\x\the-karan-singh-vaidh\the-karan-singh-vaidh\server\node_modules\router\index.js:342:13)
    at C:\react project\x\the-karan-singh-vaidh\the-karan-singh-vaidh\server\node_modules\router\index.js:297:9
    at processParams (C:\react project\x\the-karan-singh-vaidh\the-karan-singh-vaidh\server\node_modules\router\index.js:582:12)
    at next (C:\react project\x\the-karan-singh-vaidh\the-karan-singh-vaidh\server\node_modules\router\index.js:291:5)
    at logger (C:\react project\x\the-karan-singh-vaidh\the-karan-singh-vaidh\server\node_modules\morgan\index.js:144:5)
    at Layer.handleRequest (C:\react project\x\the-karan-singh-vaidh\the-karan-singh-vaidh\server\node_modules\router\lib\layer.js:152:17)
    at trimPrefix (C:\react project\x\the-karan-singh-vaidh\the-karan-singh-vaidh\server\node_modules\router\index.js:342:13)
    at C:\react project\x\the-karan-singh-vaidh\the-karan-singh-vaidh\server\node_modules\router\index.js:297:9

[2026-02-26T07:23:58.152Z] 404 - Not Found - /socket.io/?EIO=4&transport=polling&t=50fgl04u
Error: Not Found - /socket.io/?EIO=4&transport=polling&t=50fgl04u
    at notFound (C:\react project\x\the-karan-singh-vaidh\the-karan-singh-vaidh\server\middleware\errorMiddleware.js:2:19)
    at Layer.handleRequest (C:\react project\x\the-karan-singh-vaidh\the-karan-singh-vaidh\server\node_modules\router\lib\layer.js:152:17)
    at trimPrefix (C:\react project\x\the-karan-singh-vaidh\the-karan-singh-vaidh\server\node_modules\router\index.js:342:13)
    at C:\react project\x\the-karan-singh-vaidh\the-karan-singh-vaidh\server\node_modules\router\index.js:297:9
    at processParams (C:\react project\x\the-karan-singh-vaidh\the-karan-singh-vaidh\server\node_modules\router\index.js:582:12)
    at next (C:\react project\x\the-karan-singh-vaidh\the-karan-singh-vaidh\server\node_modules\router\index.js:291:5)
    at logger (C:\react project\x\the-karan-singh-vaidh\the-karan-singh-vaidh\server\node_modules\morgan\index.js:144:5)
    at Layer.handleRequest (C:\react project\x\the-karan-singh-vaidh\the-karan-singh-vaidh\server\node_modules\router\lib\layer.js:152:17)
    at trimPrefix (C:\react project\x\the-karan-singh-vaidh\the-karan-singh-vaidh\server\node_modules\router\index.js:342:13)
    at C:\react project\x\the-karan-singh-vaidh\the-karan-singh-vaidh\server\node_modules\router\index.js:297:9

[2026-02-26T07:24:02.157Z] 404 - Not Found - /socket.io/?EIO=4&transport=polling&t=50iju4b9
Error: Not Found - /socket.io/?EIO=4&transport=polling&t=50iju4b9
    at notFound (C:\react project\x\the-karan-singh-vaidh\the-karan-singh-vaidh\server\middleware\errorMiddleware.js:2:19)
    at Layer.handleRequest (C:\react project\x\the-karan-singh-vaidh\the-karan-singh-vaidh\server\node_modules\router\lib\layer.js:152:17)
    at trimPrefix (C:\react project\x\the-karan-singh-vaidh\the-karan-singh-vaidh\server\node_modules\router\index.js:342:13)
    at C:\react project\x\the-karan-singh-vaidh\the-karan-singh-vaidh\server\node_modules\router\index.js:297:9
    at processParams (C:\react project\x\the-karan-singh-vaidh\the-karan-singh-vaidh\server\node_modules\router\index.js:582:12)
    at next (C:\react project\x\the-karan-singh-vaidh\the-karan-singh-vaidh\server\node_modules\router\index.js:291:5)
    at logger (C:\react project\x\the-karan-singh-vaidh\the-karan-singh-vaidh\server\node_modules\morgan\index.js:144:5)
    at Layer.handleRequest (C:\react project\x\the-karan-singh-vaidh\the-karan-singh-vaidh\server\node_modules\router\lib\layer.js:152:17)
    at trimPrefix (C:\react project\x\the-karan-singh-vaidh\the-karan-singh-vaidh\server\node_modules\router\index.js:342:13)
    at C:\react project\x\the-karan-singh-vaidh\the-karan-singh-vaidh\server\node_modules\router\index.js:297:9

[2026-02-26T07:24:04.156Z] 404 - Not Found - /socket.io/?EIO=4&transport=polling&t=50k3ecah
Error: Not Found - /socket.io/?EIO=4&transport=polling&t=50k3ecah
    at notFound (C:\react project\x\the-karan-singh-vaidh\the-karan-singh-vaidh\server\middleware\errorMiddleware.js:2:19)
    at Layer.handleRequest (C:\react project\x\the-karan-singh-vaidh\the-karan-singh-vaidh\server\node_modules\router\lib\layer.js:152:17)
    at trimPrefix (C:\react project\x\the-karan-singh-vaidh\the-karan-singh-vaidh\server\node_modules\router\index.js:342:13)
    at C:\react project\x\the-karan-singh-vaidh\the-karan-singh-vaidh\server\node_modules\router\index.js:297:9
    at processParams (C:\react project\x\the-karan-singh-vaidh\the-karan-singh-vaidh\server\node_modules\router\index.js:582:12)
    at next (C:\react project\x\the-karan-singh-vaidh\the-karan-singh-vaidh\server\node_modules\router\index.js:291:5)
    at logger (C:\react project\x\the-karan-singh-vaidh\the-karan-singh-vaidh\server\node_modules\morgan\index.js:144:5)
    at Layer.handleRequest (C:\react project\x\the-karan-singh-vaidh\the-karan-singh-vaidh\server\node_modules\router\lib\layer.js:152:17)
    at trimPrefix (C:\react project\x\the-karan-singh-vaidh\the-karan-singh-vaidh\server\node_modules\router\index.js:342:13)
    at C:\react project\x\the-karan-singh-vaidh\the-karan-singh-vaidh\server\node_modules\router\index.js:297:9

[2026-02-26T07:24:08.154Z] 404 - Not Found - /socket.io/?EIO=4&transport=polling&t=50n6esxa
Error: Not Found - /socket.io/?EIO=4&transport=polling&t=50n6esxa
    at notFound (C:\react project\x\the-karan-singh-vaidh\the-karan-singh-vaidh\server\middleware\errorMiddleware.js:2:19)
    at Layer.handleRequest (C:\react project\x\the-karan-singh-vaidh\the-karan-singh-vaidh\server\node_modules\router\lib\layer.js:152:17)
    at trimPrefix (C:\react project\x\the-karan-singh-vaidh\the-karan-singh-vaidh\server\node_modules\router\index.js:342:13)
    at C:\react project\x\the-karan-singh-vaidh\the-karan-singh-vaidh\server\node_modules\router\index.js:297:9
    at processParams (C:\react project\x\the-karan-singh-vaidh\the-karan-singh-vaidh\server\node_modules\router\index.js:582:12)
    at next (C:\react project\x\the-karan-singh-vaidh\the-karan-singh-vaidh\server\node_modules\router\index.js:291:5)
    at logger (C:\react project\x\the-karan-singh-vaidh\the-karan-singh-vaidh\server\node_modules\morgan\index.js:144:5)
    at Layer.handleRequest (C:\react project\x\the-karan-singh-vaidh\the-karan-singh-vaidh\server\node_modules\router\lib\layer.js:152:17)
    at trimPrefix (C:\react project\x\the-karan-singh-vaidh\the-karan-singh-vaidh\server\node_modules\router\index.js:342:13)
    at C:\react project\x\the-karan-singh-vaidh\the-karan-singh-vaidh\server\node_modules\router\index.js:297:9

[2026-02-26T07:24:10.168Z] 404 - Not Found - /socket.io/?EIO=4&transport=polling&t=50oqc2mw
Error: Not Found - /socket.io/?EIO=4&transport=polling&t=50oqc2mw
    at notFound (C:\react project\x\the-karan-singh-vaidh\the-karan-singh-vaidh\server\middleware\errorMiddleware.js:2:19)
    at Layer.handleRequest (C:\react project\x\the-karan-singh-vaidh\the-karan-singh-vaidh\server\node_modules\router\lib\layer.js:152:17)
    at trimPrefix (C:\react project\x\the-karan-singh-vaidh\the-karan-singh-vaidh\server\node_modules\router\index.js:342:13)
    at C:\react project\x\the-karan-singh-vaidh\the-karan-singh-vaidh\server\node_modules\router\index.js:297:9
    at processParams (C:\react project\x\the-karan-singh-vaidh\the-karan-singh-vaidh\server\node_modules\router\index.js:582:12)
    at next (C:\react project\x\the-karan-singh-vaidh\the-karan-singh-vaidh\server\node_modules\router\index.js:291:5)
    at logger (C:\react project\x\the-karan-singh-vaidh\the-karan-singh-vaidh\server\node_modules\morgan\index.js:144:5)
    at Layer.handleRequest (C:\react project\x\the-karan-singh-vaidh\the-karan-singh-vaidh\server\node_modules\router\lib\layer.js:152:17)
    at trimPrefix (C:\react project\x\the-karan-singh-vaidh\the-karan-singh-vaidh\server\node_modules\router\index.js:342:13)
    at C:\react project\x\the-karan-singh-vaidh\the-karan-singh-vaidh\server\node_modules\router\index.js:297:9

[2026-02-26T07:24:14.163Z] 404 - Not Found - /socket.io/?EIO=4&transport=polling&t=50rtcocu
Error: Not Found - /socket.io/?EIO=4&transport=polling&t=50rtcocu
    at notFound (C:\react project\x\the-karan-singh-vaidh\the-karan-singh-vaidh\server\middleware\errorMiddleware.js:2:19)
    at Layer.handleRequest (C:\react project\x\the-karan-singh-vaidh\the-karan-singh-vaidh\server\node_modules\router\lib\layer.js:152:17)
    at trimPrefix (C:\react project\x\the-karan-singh-vaidh\the-karan-singh-vaidh\server\node_modules\router\index.js:342:13)
    at C:\react project\x\the-karan-singh-vaidh\the-karan-singh-vaidh\server\node_modules\router\index.js:297:9
    at processParams (C:\react project\x\the-karan-singh-vaidh\the-karan-singh-vaidh\server\node_modules\router\index.js:582:12)
    at next (C:\react project\x\the-karan-singh-vaidh\the-karan-singh-vaidh\server\node_modules\router\index.js:291:5)
    at logger (C:\react project\x\the-karan-singh-vaidh\the-karan-singh-vaidh\server\node_modules\morgan\index.js:144:5)
    at Layer.handleRequest (C:\react project\x\the-karan-singh-vaidh\the-karan-singh-vaidh\server\node_modules\router\lib\layer.js:152:17)
    at trimPrefix (C:\react project\x\the-karan-singh-vaidh\the-karan-singh-vaidh\server\node_modules\router\index.js:342:13)
    at C:\react project\x\the-karan-singh-vaidh\the-karan-singh-vaidh\server\node_modules\router\index.js:297:9

[2026-02-26T07:24:16.168Z] 404 - Not Found - /socket.io/?EIO=4&transport=polling&t=50tcwuia
Error: Not Found - /socket.io/?EIO=4&transport=polling&t=50tcwuia
    at notFound (C:\react project\x\the-karan-singh-vaidh\the-karan-singh-vaidh\server\middleware\errorMiddleware.js:2:19)
    at Layer.handleRequest (C:\react project\x\the-karan-singh-vaidh\the-karan-singh-vaidh\server\node_modules\router\lib\layer.js:152:17)
    at trimPrefix (C:\react project\x\the-karan-singh-vaidh\the-karan-singh-vaidh\server\node_modules\router\index.js:342:13)
    at C:\react project\x\the-karan-singh-vaidh\the-karan-singh-vaidh\server\node_modules\router\index.js:297:9
    at processParams (C:\react project\x\the-karan-singh-vaidh\the-karan-singh-vaidh\server\node_modules\router\index.js:582:12)
    at next (C:\react project\x\the-karan-singh-vaidh\the-karan-singh-vaidh\server\node_modules\router\index.js:291:5)
    at logger (C:\react project\x\the-karan-singh-vaidh\the-karan-singh-vaidh\server\node_modules\morgan\index.js:144:5)
    at Layer.handleRequest (C:\react project\x\the-karan-singh-vaidh\the-karan-singh-vaidh\server\node_modules\router\lib\layer.js:152:17)
    at trimPrefix (C:\react project\x\the-karan-singh-vaidh\the-karan-singh-vaidh\server\node_modules\router\index.js:342:13)
    at C:\react project\x\the-karan-singh-vaidh\the-karan-singh-vaidh\server\node_modules\router\index.js:297:9

[2026-02-26T07:24:20.165Z] 404 - Not Found - /socket.io/?EIO=4&transport=polling&t=50wg2bxa
Error: Not Found - /socket.io/?EIO=4&transport=polling&t=50wg2bxa
    at notFound (C:\react project\x\the-karan-singh-vaidh\the-karan-singh-vaidh\server\middleware\errorMiddleware.js:2:19)
    at Layer.handleRequest (C:\react project\x\the-karan-singh-vaidh\the-karan-singh-vaidh\server\node_modules\router\lib\layer.js:152:17)
    at trimPrefix (C:\react project\x\the-karan-singh-vaidh\the-karan-singh-vaidh\server\node_modules\router\index.js:342:13)
    at C:\react project\x\the-karan-singh-vaidh\the-karan-singh-vaidh\server\node_modules\router\index.js:297:9
    at processParams (C:\react project\x\the-karan-singh-vaidh\the-karan-singh-vaidh\server\node_modules\router\index.js:582:12)
    at next (C:\react project\x\the-karan-singh-vaidh\the-karan-singh-vaidh\server\node_modules\router\index.js:291:5)
    at logger (C:\react project\x\the-karan-singh-vaidh\the-karan-singh-vaidh\server\node_modules\morgan\index.js:144:5)
    at Layer.handleRequest (C:\react project\x\the-karan-singh-vaidh\the-karan-singh-vaidh\server\node_modules\router\lib\layer.js:152:17)
    at trimPrefix (C:\react project\x\the-karan-singh-vaidh\the-karan-singh-vaidh\server\node_modules\router\index.js:342:13)
    at C:\react project\x\the-karan-singh-vaidh\the-karan-singh-vaidh\server\node_modules\router\index.js:297:9

[2026-02-26T07:24:22.158Z] 404 - Not Found - /socket.io/?EIO=4&transport=polling&t=50xzft1k
Error: Not Found - /socket.io/?EIO=4&transport=polling&t=50xzft1k
    at notFound (C:\react project\x\the-karan-singh-vaidh\the-karan-singh-vaidh\server\middleware\errorMiddleware.js:2:19)
    at Layer.handleRequest (C:\react project\x\the-karan-singh-vaidh\the-karan-singh-vaidh\server\node_modules\router\lib\layer.js:152:17)
    at trimPrefix (C:\react project\x\the-karan-singh-vaidh\the-karan-singh-vaidh\server\node_modules\router\index.js:342:13)
    at C:\react project\x\the-karan-singh-vaidh\the-karan-singh-vaidh\server\node_modules\router\index.js:297:9
    at processParams (C:\react project\x\the-karan-singh-vaidh\the-karan-singh-vaidh\server\node_modules\router\index.js:582:12)
    at next (C:\react project\x\the-karan-singh-vaidh\the-karan-singh-vaidh\server\node_modules\router\index.js:291:5)
    at logger (C:\react project\x\the-karan-singh-vaidh\the-karan-singh-vaidh\server\node_modules\morgan\index.js:144:5)
    at Layer.handleRequest (C:\react project\x\the-karan-singh-vaidh\the-karan-singh-vaidh\server\node_modules\router\lib\layer.js:152:17)
    at trimPrefix (C:\react project\x\the-karan-singh-vaidh\the-karan-singh-vaidh\server\node_modules\router\index.js:342:13)
    at C:\react project\x\the-karan-singh-vaidh\the-karan-singh-vaidh\server\node_modules\router\index.js:297:9

[2026-02-26T07:24:25.185Z] 404 - Not Found - /socket.io/?EIO=4&transport=polling&t=510bj5ah
Error: Not Found - /socket.io/?EIO=4&transport=polling&t=510bj5ah
    at notFound (C:\react project\x\the-karan-singh-vaidh\the-karan-singh-vaidh\server\middleware\errorMiddleware.js:2:19)
    at Layer.handleRequest (C:\react project\x\the-karan-singh-vaidh\the-karan-singh-vaidh\server\node_modules\router\lib\layer.js:152:17)
    at trimPrefix (C:\react project\x\the-karan-singh-vaidh\the-karan-singh-vaidh\server\node_modules\router\index.js:342:13)
    at C:\react project\x\the-karan-singh-vaidh\the-karan-singh-vaidh\server\node_modules\router\index.js:297:9
    at processParams (C:\react project\x\the-karan-singh-vaidh\the-karan-singh-vaidh\server\node_modules\router\index.js:582:12)
    at next (C:\react project\x\the-karan-singh-vaidh\the-karan-singh-vaidh\server\node_modules\router\index.js:291:5)
    at logger (C:\react project\x\the-karan-singh-vaidh\the-karan-singh-vaidh\server\node_modules\morgan\index.js:144:5)
    at Layer.handleRequest (C:\react project\x\the-karan-singh-vaidh\the-karan-singh-vaidh\server\node_modules\router\lib\layer.js:152:17)
    at trimPrefix (C:\react project\x\the-karan-singh-vaidh\the-karan-singh-vaidh\server\node_modules\router\index.js:342:13)
    at C:\react project\x\the-karan-singh-vaidh\the-karan-singh-vaidh\server\node_modules\router\index.js:297:9

[2026-02-26T07:24:28.157Z] 404 - Not Found - /socket.io/?EIO=4&transport=polling&t=512m327s
Error: Not Found - /socket.io/?EIO=4&transport=polling&t=512m327s
    at notFound (C:\react project\x\the-karan-singh-vaidh\the-karan-singh-vaidh\server\middleware\errorMiddleware.js:2:19)
    at Layer.handleRequest (C:\react project\x\the-karan-singh-vaidh\the-karan-singh-vaidh\server\node_modules\router\lib\layer.js:152:17)
    at trimPrefix (C:\react project\x\the-karan-singh-vaidh\the-karan-singh-vaidh\server\node_modules\router\index.js:342:13)
    at C:\react project\x\the-karan-singh-vaidh\the-karan-singh-vaidh\server\node_modules\router\index.js:297:9
    at processParams (C:\react project\x\the-karan-singh-vaidh\the-karan-singh-vaidh\server\node_modules\router\index.js:582:12)
    at next (C:\react project\x\the-karan-singh-vaidh\the-karan-singh-vaidh\server\node_modules\router\index.js:291:5)
    at logger (C:\react project\x\the-karan-singh-vaidh\the-karan-singh-vaidh\server\node_modules\morgan\index.js:144:5)
    at Layer.handleRequest (C:\react project\x\the-karan-singh-vaidh\the-karan-singh-vaidh\server\node_modules\router\lib\layer.js:152:17)
    at trimPrefix (C:\react project\x\the-karan-singh-vaidh\the-karan-singh-vaidh\server\node_modules\router\index.js:342:13)
    at C:\react project\x\the-karan-singh-vaidh\the-karan-singh-vaidh\server\node_modules\router\index.js:297:9

[2026-02-26T07:24:31.156Z] 404 - Not Found - /socket.io/?EIO=4&transport=polling&t=514xbqjc
Error: Not Found - /socket.io/?EIO=4&transport=polling&t=514xbqjc
    at notFound (C:\react project\x\the-karan-singh-vaidh\the-karan-singh-vaidh\server\middleware\errorMiddleware.js:2:19)
    at Layer.handleRequest (C:\react project\x\the-karan-singh-vaidh\the-karan-singh-vaidh\server\node_modules\router\lib\layer.js:152:17)
    at trimPrefix (C:\react project\x\the-karan-singh-vaidh\the-karan-singh-vaidh\server\node_modules\router\index.js:342:13)
    at C:\react project\x\the-karan-singh-vaidh\the-karan-singh-vaidh\server\node_modules\router\index.js:297:9
    at processParams (C:\react project\x\the-karan-singh-vaidh\the-karan-singh-vaidh\server\node_modules\router\index.js:582:12)
    at next (C:\react project\x\the-karan-singh-vaidh\the-karan-singh-vaidh\server\node_modules\router\index.js:291:5)
    at logger (C:\react project\x\the-karan-singh-vaidh\the-karan-singh-vaidh\server\node_modules\morgan\index.js:144:5)
    at Layer.handleRequest (C:\react project\x\the-karan-singh-vaidh\the-karan-singh-vaidh\server\node_modules\router\lib\layer.js:152:17)
    at trimPrefix (C:\react project\x\the-karan-singh-vaidh\the-karan-singh-vaidh\server\node_modules\router\index.js:342:13)
    at C:\react project\x\the-karan-singh-vaidh\the-karan-singh-vaidh\server\node_modules\router\index.js:297:9

[2026-02-26T07:24:34.156Z] 404 - Not Found - /socket.io/?EIO=4&transport=polling&t=5178orrn
Error: Not Found - /socket.io/?EIO=4&transport=polling&t=5178orrn
    at notFound (C:\react project\x\the-karan-singh-vaidh\the-karan-singh-vaidh\server\middleware\errorMiddleware.js:2:19)
    at Layer.handleRequest (C:\react project\x\the-karan-singh-vaidh\the-karan-singh-vaidh\server\node_modules\router\lib\layer.js:152:17)
    at trimPrefix (C:\react project\x\the-karan-singh-vaidh\the-karan-singh-vaidh\server\node_modules\router\index.js:342:13)
    at C:\react project\x\the-karan-singh-vaidh\the-karan-singh-vaidh\server\node_modules\router\index.js:297:9
    at processParams (C:\react project\x\the-karan-singh-vaidh\the-karan-singh-vaidh\server\node_modules\router\index.js:582:12)
    at next (C:\react project\x\the-karan-singh-vaidh\the-karan-singh-vaidh\server\node_modules\router\index.js:291:5)
    at logger (C:\react project\x\the-karan-singh-vaidh\the-karan-singh-vaidh\server\node_modules\morgan\index.js:144:5)
    at Layer.handleRequest (C:\react project\x\the-karan-singh-vaidh\the-karan-singh-vaidh\server\node_modules\router\lib\layer.js:152:17)
    at trimPrefix (C:\react project\x\the-karan-singh-vaidh\the-karan-singh-vaidh\server\node_modules\router\index.js:342:13)
    at C:\react project\x\the-karan-singh-vaidh\the-karan-singh-vaidh\server\node_modules\router\index.js:297:9

[2026-02-26T07:24:37.155Z] 404 - Not Found - /socket.io/?EIO=4&transport=polling&t=519jzgtu
Error: Not Found - /socket.io/?EIO=4&transport=polling&t=519jzgtu
    at notFound (C:\react project\x\the-karan-singh-vaidh\the-karan-singh-vaidh\server\middleware\errorMiddleware.js:2:19)
    at Layer.handleRequest (C:\react project\x\the-karan-singh-vaidh\the-karan-singh-vaidh\server\node_modules\router\lib\layer.js:152:17)
    at trimPrefix (C:\react project\x\the-karan-singh-vaidh\the-karan-singh-vaidh\server\node_modules\router\index.js:342:13)
    at C:\react project\x\the-karan-singh-vaidh\the-karan-singh-vaidh\server\node_modules\router\index.js:297:9
    at processParams (C:\react project\x\the-karan-singh-vaidh\the-karan-singh-vaidh\server\node_modules\router\index.js:582:12)
    at next (C:\react project\x\the-karan-singh-vaidh\the-karan-singh-vaidh\server\node_modules\router\index.js:291:5)
    at logger (C:\react project\x\the-karan-singh-vaidh\the-karan-singh-vaidh\server\node_modules\morgan\index.js:144:5)
    at Layer.handleRequest (C:\react project\x\the-karan-singh-vaidh\the-karan-singh-vaidh\server\node_modules\router\lib\layer.js:152:17)
    at trimPrefix (C:\react project\x\the-karan-singh-vaidh\the-karan-singh-vaidh\server\node_modules\router\index.js:342:13)
    at C:\react project\x\the-karan-singh-vaidh\the-karan-singh-vaidh\server\node_modules\router\index.js:297:9

[2026-02-26T07:24:40.159Z] 404 - Not Found - /socket.io/?EIO=4&transport=polling&t=51bvhcnd
Error: Not Found - /socket.io/?EIO=4&transport=polling&t=51bvhcnd
    at notFound (C:\react project\x\the-karan-singh-vaidh\the-karan-singh-vaidh\server\middleware\errorMiddleware.js:2:19)
    at Layer.handleRequest (C:\react project\x\the-karan-singh-vaidh\the-karan-singh-vaidh\server\node_modules\router\lib\layer.js:152:17)
    at trimPrefix (C:\react project\x\the-karan-singh-vaidh\the-karan-singh-vaidh\server\node_modules\router\index.js:342:13)
    at C:\react project\x\the-karan-singh-vaidh\the-karan-singh-vaidh\server\node_modules\router\index.js:297:9
    at processParams (C:\react project\x\the-karan-singh-vaidh\the-karan-singh-vaidh\server\node_modules\router\index.js:582:12)
    at next (C:\react project\x\the-karan-singh-vaidh\the-karan-singh-vaidh\server\node_modules\router\index.js:291:5)
    at logger (C:\react project\x\the-karan-singh-vaidh\the-karan-singh-vaidh\server\node_modules\morgan\index.js:144:5)
    at Layer.handleRequest (C:\react project\x\the-karan-singh-vaidh\the-karan-singh-vaidh\server\node_modules\router\lib\layer.js:152:17)
    at trimPrefix (C:\react project\x\the-karan-singh-vaidh\the-karan-singh-vaidh\server\node_modules\router\index.js:342:13)
    at C:\react project\x\the-karan-singh-vaidh\the-karan-singh-vaidh\server\node_modules\router\index.js:297:9

[2026-02-26T07:24:43.165Z] 404 - Not Found - /socket.io/?EIO=4&transport=polling&t=51e6yqra
Error: Not Found - /socket.io/?EIO=4&transport=polling&t=51e6yqra
    at notFound (C:\react project\x\the-karan-singh-vaidh\the-karan-singh-vaidh\server\middleware\errorMiddleware.js:2:19)
    at Layer.handleRequest (C:\react project\x\the-karan-singh-vaidh\the-karan-singh-vaidh\server\node_modules\router\lib\layer.js:152:17)
    at trimPrefix (C:\react project\x\the-karan-singh-vaidh\the-karan-singh-vaidh\server\node_modules\router\index.js:342:13)
    at C:\react project\x\the-karan-singh-vaidh\the-karan-singh-vaidh\server\node_modules\router\index.js:297:9
    at processParams (C:\react project\x\the-karan-singh-vaidh\the-karan-singh-vaidh\server\node_modules\router\index.js:582:12)
    at next (C:\react project\x\the-karan-singh-vaidh\the-karan-singh-vaidh\server\node_modules\router\index.js:291:5)
    at logger (C:\react project\x\the-karan-singh-vaidh\the-karan-singh-vaidh\server\node_modules\morgan\index.js:144:5)
    at Layer.handleRequest (C:\react project\x\the-karan-singh-vaidh\the-karan-singh-vaidh\server\node_modules\router\lib\layer.js:152:17)
    at trimPrefix (C:\react project\x\the-karan-singh-vaidh\the-karan-singh-vaidh\server\node_modules\router\index.js:342:13)
    at C:\react project\x\the-karan-singh-vaidh\the-karan-singh-vaidh\server\node_modules\router\index.js:297:9

[2026-02-26T07:24:46.163Z] 404 - Not Found - /socket.io/?EIO=4&transport=polling&t=51gi8b0i
Error: Not Found - /socket.io/?EIO=4&transport=polling&t=51gi8b0i
    at notFound (C:\react project\x\the-karan-singh-vaidh\the-karan-singh-vaidh\server\middleware\errorMiddleware.js:2:19)
    at Layer.handleRequest (C:\react project\x\the-karan-singh-vaidh\the-karan-singh-vaidh\server\node_modules\router\lib\layer.js:152:17)
    at trimPrefix (C:\react project\x\the-karan-singh-vaidh\the-karan-singh-vaidh\server\node_modules\router\index.js:342:13)
    at C:\react project\x\the-karan-singh-vaidh\the-karan-singh-vaidh\server\node_modules\router\index.js:297:9
    at processParams (C:\react project\x\the-karan-singh-vaidh\the-karan-singh-vaidh\server\node_modules\router\index.js:582:12)
    at next (C:\react project\x\the-karan-singh-vaidh\the-karan-singh-vaidh\server\node_modules\router\index.js:291:5)
    at logger (C:\react project\x\the-karan-singh-vaidh\the-karan-singh-vaidh\server\node_modules\morgan\index.js:144:5)
    at Layer.handleRequest (C:\react project\x\the-karan-singh-vaidh\the-karan-singh-vaidh\server\node_modules\router\lib\layer.js:152:17)
    at trimPrefix (C:\react project\x\the-karan-singh-vaidh\the-karan-singh-vaidh\server\node_modules\router\index.js:342:13)
    at C:\react project\x\the-karan-singh-vaidh\the-karan-singh-vaidh\server\node_modules\router\index.js:297:9

[2026-02-26T07:24:49.162Z] 404 - Not Found - /socket.io/?EIO=4&transport=polling&t=51itimmt
Error: Not Found - /socket.io/?EIO=4&transport=polling&t=51itimmt
    at notFound (C:\react project\x\the-karan-singh-vaidh\the-karan-singh-vaidh\server\middleware\errorMiddleware.js:2:19)
    at Layer.handleRequest (C:\react project\x\the-karan-singh-vaidh\the-karan-singh-vaidh\server\node_modules\router\lib\layer.js:152:17)
    at trimPrefix (C:\react project\x\the-karan-singh-vaidh\the-karan-singh-vaidh\server\node_modules\router\index.js:342:13)
    at C:\react project\x\the-karan-singh-vaidh\the-karan-singh-vaidh\server\node_modules\router\index.js:297:9
    at processParams (C:\react project\x\the-karan-singh-vaidh\the-karan-singh-vaidh\server\node_modules\router\index.js:582:12)
    at next (C:\react project\x\the-karan-singh-vaidh\the-karan-singh-vaidh\server\node_modules\router\index.js:291:5)
    at logger (C:\react project\x\the-karan-singh-vaidh\the-karan-singh-vaidh\server\node_modules\morgan\index.js:144:5)
    at Layer.handleRequest (C:\react project\x\the-karan-singh-vaidh\the-karan-singh-vaidh\server\node_modules\router\lib\layer.js:152:17)
    at trimPrefix (C:\react project\x\the-karan-singh-vaidh\the-karan-singh-vaidh\server\node_modules\router\index.js:342:13)
    at C:\react project\x\the-karan-singh-vaidh\the-karan-singh-vaidh\server\node_modules\router\index.js:297:9

[2026-02-26T07:24:52.163Z] 404 - Not Found - /socket.io/?EIO=4&transport=polling&t=51l4xwx3
Error: Not Found - /socket.io/?EIO=4&transport=polling&t=51l4xwx3
    at notFound (C:\react project\x\the-karan-singh-vaidh\the-karan-singh-vaidh\server\middleware\errorMiddleware.js:2:19)
    at Layer.handleRequest (C:\react project\x\the-karan-singh-vaidh\the-karan-singh-vaidh\server\node_modules\router\lib\layer.js:152:17)
    at trimPrefix (C:\react project\x\the-karan-singh-vaidh\the-karan-singh-vaidh\server\node_modules\router\index.js:342:13)
    at C:\react project\x\the-karan-singh-vaidh\the-karan-singh-vaidh\server\node_modules\router\index.js:297:9
    at processParams (C:\react project\x\the-karan-singh-vaidh\the-karan-singh-vaidh\server\node_modules\router\index.js:582:12)
    at next (C:\react project\x\the-karan-singh-vaidh\the-karan-singh-vaidh\server\node_modules\router\index.js:291:5)
    at logger (C:\react project\x\the-karan-singh-vaidh\the-karan-singh-vaidh\server\node_modules\morgan\index.js:144:5)
    at Layer.handleRequest (C:\react project\x\the-karan-singh-vaidh\the-karan-singh-vaidh\server\node_modules\router\lib\layer.js:152:17)
    at trimPrefix (C:\react project\x\the-karan-singh-vaidh\the-karan-singh-vaidh\server\node_modules\router\index.js:342:13)
    at C:\react project\x\the-karan-singh-vaidh\the-karan-singh-vaidh\server\node_modules\router\index.js:297:9

[2026-02-26T07:24:55.156Z] 404 - Not Found - /socket.io/?EIO=4&transport=polling&t=51ng2lxu
Error: Not Found - /socket.io/?EIO=4&transport=polling&t=51ng2lxu
    at notFound (C:\react project\x\the-karan-singh-vaidh\the-karan-singh-vaidh\server\middleware\errorMiddleware.js:2:19)
    at Layer.handleRequest (C:\react project\x\the-karan-singh-vaidh\the-karan-singh-vaidh\server\node_modules\router\lib\layer.js:152:17)
    at trimPrefix (C:\react project\x\the-karan-singh-vaidh\the-karan-singh-vaidh\server\node_modules\router\index.js:342:13)
    at C:\react project\x\the-karan-singh-vaidh\the-karan-singh-vaidh\server\node_modules\router\index.js:297:9
    at processParams (C:\react project\x\the-karan-singh-vaidh\the-karan-singh-vaidh\server\node_modules\router\index.js:582:12)
    at next (C:\react project\x\the-karan-singh-vaidh\the-karan-singh-vaidh\server\node_modules\router\index.js:291:5)
    at logger (C:\react project\x\the-karan-singh-vaidh\the-karan-singh-vaidh\server\node_modules\morgan\index.js:144:5)
    at Layer.handleRequest (C:\react project\x\the-karan-singh-vaidh\the-karan-singh-vaidh\server\node_modules\router\lib\layer.js:152:17)
    at trimPrefix (C:\react project\x\the-karan-singh-vaidh\the-karan-singh-vaidh\server\node_modules\router\index.js:342:13)
    at C:\react project\x\the-karan-singh-vaidh\the-karan-singh-vaidh\server\node_modules\router\index.js:297:9

[2026-02-26T07:24:58.168Z] 404 - Not Found - /socket.io/?EIO=4&transport=polling&t=51pro9bl
Error: Not Found - /socket.io/?EIO=4&transport=polling&t=51pro9bl
    at notFound (C:\react project\x\the-karan-singh-vaidh\the-karan-singh-vaidh\server\middleware\errorMiddleware.js:2:19)
    at Layer.handleRequest (C:\react project\x\the-karan-singh-vaidh\the-karan-singh-vaidh\server\node_modules\router\lib\layer.js:152:17)
    at trimPrefix (C:\react project\x\the-karan-singh-vaidh\the-karan-singh-vaidh\server\node_modules\router\index.js:342:13)
    at C:\react project\x\the-karan-singh-vaidh\the-karan-singh-vaidh\server\node_modules\router\index.js:297:9
    at processParams (C:\react project\x\the-karan-singh-vaidh\the-karan-singh-vaidh\server\node_modules\router\index.js:582:12)
    at next (C:\react project\x\the-karan-singh-vaidh\the-karan-singh-vaidh\server\node_modules\router\index.js:291:5)
    at logger (C:\react project\x\the-karan-singh-vaidh\the-karan-singh-vaidh\server\node_modules\morgan\index.js:144:5)
    at Layer.handleRequest (C:\react project\x\the-karan-singh-vaidh\the-karan-singh-vaidh\server\node_modules\router\lib\layer.js:152:17)
    at trimPrefix (C:\react project\x\the-karan-singh-vaidh\the-karan-singh-vaidh\server\node_modules\router\index.js:342:13)
    at C:\react project\x\the-karan-singh-vaidh\the-karan-singh-vaidh\server\node_modules\router\index.js:297:9

[2026-02-26T07:25:01.160Z] 404 - Not Found - /socket.io/?EIO=4&transport=polling&t=51s2qx1a
Error: Not Found - /socket.io/?EIO=4&transport=polling&t=51s2qx1a
    at notFound (C:\react project\x\the-karan-singh-vaidh\the-karan-singh-vaidh\server\middleware\errorMiddleware.js:2:19)
    at Layer.handleRequest (C:\react project\x\the-karan-singh-vaidh\the-karan-singh-vaidh\server\node_modules\router\lib\layer.js:152:17)
    at trimPrefix (C:\react project\x\the-karan-singh-vaidh\the-karan-singh-vaidh\server\node_modules\router\index.js:342:13)
    at C:\react project\x\the-karan-singh-vaidh\the-karan-singh-vaidh\server\node_modules\router\index.js:297:9
    at processParams (C:\react project\x\the-karan-singh-vaidh\the-karan-singh-vaidh\server\node_modules\router\index.js:582:12)
    at next (C:\react project\x\the-karan-singh-vaidh\the-karan-singh-vaidh\server\node_modules\router\index.js:291:5)
    at logger (C:\react project\x\the-karan-singh-vaidh\the-karan-singh-vaidh\server\node_modules\morgan\index.js:144:5)
    at Layer.handleRequest (C:\react project\x\the-karan-singh-vaidh\the-karan-singh-vaidh\server\node_modules\router\lib\layer.js:152:17)
    at trimPrefix (C:\react project\x\the-karan-singh-vaidh\the-karan-singh-vaidh\server\node_modules\router\index.js:342:13)
    at C:\react project\x\the-karan-singh-vaidh\the-karan-singh-vaidh\server\node_modules\router\index.js:297:9

[2026-02-26T07:25:04.163Z] 404 - Not Found - /socket.io/?EIO=4&transport=polling&t=51ue8o1g
Error: Not Found - /socket.io/?EIO=4&transport=polling&t=51ue8o1g
    at notFound (C:\react project\x\the-karan-singh-vaidh\the-karan-singh-vaidh\server\middleware\errorMiddleware.js:2:19)
    at Layer.handleRequest (C:\react project\x\the-karan-singh-vaidh\the-karan-singh-vaidh\server\node_modules\router\lib\layer.js:152:17)
    at trimPrefix (C:\react project\x\the-karan-singh-vaidh\the-karan-singh-vaidh\server\node_modules\router\index.js:342:13)
    at C:\react project\x\the-karan-singh-vaidh\the-karan-singh-vaidh\server\node_modules\router\index.js:297:9
    at processParams (C:\react project\x\the-karan-singh-vaidh\the-karan-singh-vaidh\server\node_modules\router\index.js:582:12)
    at next (C:\react project\x\the-karan-singh-vaidh\the-karan-singh-vaidh\server\node_modules\router\index.js:291:5)
    at logger (C:\react project\x\the-karan-singh-vaidh\the-karan-singh-vaidh\server\node_modules\morgan\index.js:144:5)
    at Layer.handleRequest (C:\react project\x\the-karan-singh-vaidh\the-karan-singh-vaidh\server\node_modules\router\lib\layer.js:152:17)
    at trimPrefix (C:\react project\x\the-karan-singh-vaidh\the-karan-singh-vaidh\server\node_modules\router\index.js:342:13)
    at C:\react project\x\the-karan-singh-vaidh\the-karan-singh-vaidh\server\node_modules\router\index.js:297:9

[2026-02-26T07:25:07.161Z] 404 - Not Found - /socket.io/?EIO=4&transport=polling&t=51wpixiu
Error: Not Found - /socket.io/?EIO=4&transport=polling&t=51wpixiu
    at notFound (C:\react project\x\the-karan-singh-vaidh\the-karan-singh-vaidh\server\middleware\errorMiddleware.js:2:19)
    at Layer.handleRequest (C:\react project\x\the-karan-singh-vaidh\the-karan-singh-vaidh\server\node_modules\router\lib\layer.js:152:17)
    at trimPrefix (C:\react project\x\the-karan-singh-vaidh\the-karan-singh-vaidh\server\node_modules\router\index.js:342:13)
    at C:\react project\x\the-karan-singh-vaidh\the-karan-singh-vaidh\server\node_modules\router\index.js:297:9
    at processParams (C:\react project\x\the-karan-singh-vaidh\the-karan-singh-vaidh\server\node_modules\router\index.js:582:12)
    at next (C:\react project\x\the-karan-singh-vaidh\the-karan-singh-vaidh\server\node_modules\router\index.js:291:5)
    at logger (C:\react project\x\the-karan-singh-vaidh\the-karan-singh-vaidh\server\node_modules\morgan\index.js:144:5)
    at Layer.handleRequest (C:\react project\x\the-karan-singh-vaidh\the-karan-singh-vaidh\server\node_modules\router\lib\layer.js:152:17)
    at trimPrefix (C:\react project\x\the-karan-singh-vaidh\the-karan-singh-vaidh\server\node_modules\router\index.js:342:13)
    at C:\react project\x\the-karan-singh-vaidh\the-karan-singh-vaidh\server\node_modules\router\index.js:297:9

[2026-02-26T07:25:10.153Z] 404 - Not Found - /socket.io/?EIO=4&transport=polling&t=51z0m3s6
Error: Not Found - /socket.io/?EIO=4&transport=polling&t=51z0m3s6
    at notFound (C:\react project\x\the-karan-singh-vaidh\the-karan-singh-vaidh\server\middleware\errorMiddleware.js:2:19)
    at Layer.handleRequest (C:\react project\x\the-karan-singh-vaidh\the-karan-singh-vaidh\server\node_modules\router\lib\layer.js:152:17)
    at trimPrefix (C:\react project\x\the-karan-singh-vaidh\the-karan-singh-vaidh\server\node_modules\router\index.js:342:13)
    at C:\react project\x\the-karan-singh-vaidh\the-karan-singh-vaidh\server\node_modules\router\index.js:297:9
    at processParams (C:\react project\x\the-karan-singh-vaidh\the-karan-singh-vaidh\server\node_modules\router\index.js:582:12)
    at next (C:\react project\x\the-karan-singh-vaidh\the-karan-singh-vaidh\server\node_modules\router\index.js:291:5)
    at logger (C:\react project\x\the-karan-singh-vaidh\the-karan-singh-vaidh\server\node_modules\morgan\index.js:144:5)
    at Layer.handleRequest (C:\react project\x\the-karan-singh-vaidh\the-karan-singh-vaidh\server\node_modules\router\lib\layer.js:152:17)
    at trimPrefix (C:\react project\x\the-karan-singh-vaidh\the-karan-singh-vaidh\server\node_modules\router\index.js:342:13)
    at C:\react project\x\the-karan-singh-vaidh\the-karan-singh-vaidh\server\node_modules\router\index.js:297:9

[2026-02-26T07:25:13.155Z] 404 - Not Found - /socket.io/?EIO=4&transport=polling&t=521by5l3
Error: Not Found - /socket.io/?EIO=4&transport=polling&t=521by5l3
    at notFound (C:\react project\x\the-karan-singh-vaidh\the-karan-singh-vaidh\server\middleware\errorMiddleware.js:2:19)
    at Layer.handleRequest (C:\react project\x\the-karan-singh-vaidh\the-karan-singh-vaidh\server\node_modules\router\lib\layer.js:152:17)
    at trimPrefix (C:\react project\x\the-karan-singh-vaidh\the-karan-singh-vaidh\server\node_modules\router\index.js:342:13)
    at C:\react project\x\the-karan-singh-vaidh\the-karan-singh-vaidh\server\node_modules\router\index.js:297:9
    at processParams (C:\react project\x\the-karan-singh-vaidh\the-karan-singh-vaidh\server\node_modules\router\index.js:582:12)
    at next (C:\react project\x\the-karan-singh-vaidh\the-karan-singh-vaidh\server\node_modules\router\index.js:291:5)
    at logger (C:\react project\x\the-karan-singh-vaidh\the-karan-singh-vaidh\server\node_modules\morgan\index.js:144:5)
    at Layer.handleRequest (C:\react project\x\the-karan-singh-vaidh\the-karan-singh-vaidh\server\node_modules\router\lib\layer.js:152:17)
    at trimPrefix (C:\react project\x\the-karan-singh-vaidh\the-karan-singh-vaidh\server\node_modules\router\index.js:342:13)
    at C:\react project\x\the-karan-singh-vaidh\the-karan-singh-vaidh\server\node_modules\router\index.js:297:9

[2026-02-26T07:25:16.153Z] 404 - Not Found - /socket.io/?EIO=4&transport=polling&t=523nale0
Error: Not Found - /socket.io/?EIO=4&transport=polling&t=523nale0
    at notFound (C:\react project\x\the-karan-singh-vaidh\the-karan-singh-vaidh\server\middleware\errorMiddleware.js:2:19)
    at Layer.handleRequest (C:\react project\x\the-karan-singh-vaidh\the-karan-singh-vaidh\server\node_modules\router\lib\layer.js:152:17)
    at trimPrefix (C:\react project\x\the-karan-singh-vaidh\the-karan-singh-vaidh\server\node_modules\router\index.js:342:13)
    at C:\react project\x\the-karan-singh-vaidh\the-karan-singh-vaidh\server\node_modules\router\index.js:297:9
    at processParams (C:\react project\x\the-karan-singh-vaidh\the-karan-singh-vaidh\server\node_modules\router\index.js:582:12)
    at next (C:\react project\x\the-karan-singh-vaidh\the-karan-singh-vaidh\server\node_modules\router\index.js:291:5)
    at logger (C:\react project\x\the-karan-singh-vaidh\the-karan-singh-vaidh\server\node_modules\morgan\index.js:144:5)
    at Layer.handleRequest (C:\react project\x\the-karan-singh-vaidh\the-karan-singh-vaidh\server\node_modules\router\lib\layer.js:152:17)
    at trimPrefix (C:\react project\x\the-karan-singh-vaidh\the-karan-singh-vaidh\server\node_modules\router\index.js:342:13)
    at C:\react project\x\the-karan-singh-vaidh\the-karan-singh-vaidh\server\node_modules\router\index.js:297:9

[2026-02-26T07:25:19.159Z] 404 - Not Found - /socket.io/?EIO=4&transport=polling&t=525yrnev
Error: Not Found - /socket.io/?EIO=4&transport=polling&t=525yrnev
    at notFound (C:\react project\x\the-karan-singh-vaidh\the-karan-singh-vaidh\server\middleware\errorMiddleware.js:2:19)
    at Layer.handleRequest (C:\react project\x\the-karan-singh-vaidh\the-karan-singh-vaidh\server\node_modules\router\lib\layer.js:152:17)
    at trimPrefix (C:\react project\x\the-karan-singh-vaidh\the-karan-singh-vaidh\server\node_modules\router\index.js:342:13)
    at C:\react project\x\the-karan-singh-vaidh\the-karan-singh-vaidh\server\node_modules\router\index.js:297:9
    at processParams (C:\react project\x\the-karan-singh-vaidh\the-karan-singh-vaidh\server\node_modules\router\index.js:582:12)
    at next (C:\react project\x\the-karan-singh-vaidh\the-karan-singh-vaidh\server\node_modules\router\index.js:291:5)
    at logger (C:\react project\x\the-karan-singh-vaidh\the-karan-singh-vaidh\server\node_modules\morgan\index.js:144:5)
    at Layer.handleRequest (C:\react project\x\the-karan-singh-vaidh\the-karan-singh-vaidh\server\node_modules\router\lib\layer.js:152:17)
    at trimPrefix (C:\react project\x\the-karan-singh-vaidh\the-karan-singh-vaidh\server\node_modules\router\index.js:342:13)
    at C:\react project\x\the-karan-singh-vaidh\the-karan-singh-vaidh\server\node_modules\router\index.js:297:9

[2026-02-26T07:25:22.163Z] 404 - Not Found - /socket.io/?EIO=4&transport=polling&t=528a98as
Error: Not Found - /socket.io/?EIO=4&transport=polling&t=528a98as
    at notFound (C:\react project\x\the-karan-singh-vaidh\the-karan-singh-vaidh\server\middleware\errorMiddleware.js:2:19)
    at Layer.handleRequest (C:\react project\x\the-karan-singh-vaidh\the-karan-singh-vaidh\server\node_modules\router\lib\layer.js:152:17)
    at trimPrefix (C:\react project\x\the-karan-singh-vaidh\the-karan-singh-vaidh\server\node_modules\router\index.js:342:13)
    at C:\react project\x\the-karan-singh-vaidh\the-karan-singh-vaidh\server\node_modules\router\index.js:297:9
    at processParams (C:\react project\x\the-karan-singh-vaidh\the-karan-singh-vaidh\server\node_modules\router\index.js:582:12)
    at next (C:\react project\x\the-karan-singh-vaidh\the-karan-singh-vaidh\server\node_modules\router\index.js:291:5)
    at logger (C:\react project\x\the-karan-singh-vaidh\the-karan-singh-vaidh\server\node_modules\morgan\index.js:144:5)
    at Layer.handleRequest (C:\react project\x\the-karan-singh-vaidh\the-karan-singh-vaidh\server\node_modules\router\lib\layer.js:152:17)
    at trimPrefix (C:\react project\x\the-karan-singh-vaidh\the-karan-singh-vaidh\server\node_modules\router\index.js:342:13)
    at C:\react project\x\the-karan-singh-vaidh\the-karan-singh-vaidh\server\node_modules\router\index.js:297:9

[2026-02-26T07:25:25.161Z] 404 - Not Found - /socket.io/?EIO=4&transport=polling&t=52algtoz
Error: Not Found - /socket.io/?EIO=4&transport=polling&t=52algtoz
    at notFound (C:\react project\x\the-karan-singh-vaidh\the-karan-singh-vaidh\server\middleware\errorMiddleware.js:2:19)
    at Layer.handleRequest (C:\react project\x\the-karan-singh-vaidh\the-karan-singh-vaidh\server\node_modules\router\lib\layer.js:152:17)
    at trimPrefix (C:\react project\x\the-karan-singh-vaidh\the-karan-singh-vaidh\server\node_modules\router\index.js:342:13)
    at C:\react project\x\the-karan-singh-vaidh\the-karan-singh-vaidh\server\node_modules\router\index.js:297:9
    at processParams (C:\react project\x\the-karan-singh-vaidh\the-karan-singh-vaidh\server\node_modules\router\index.js:582:12)
    at next (C:\react project\x\the-karan-singh-vaidh\the-karan-singh-vaidh\server\node_modules\router\index.js:291:5)
    at logger (C:\react project\x\the-karan-singh-vaidh\the-karan-singh-vaidh\server\node_modules\morgan\index.js:144:5)
    at Layer.handleRequest (C:\react project\x\the-karan-singh-vaidh\the-karan-singh-vaidh\server\node_modules\router\lib\layer.js:152:17)
    at trimPrefix (C:\react project\x\the-karan-singh-vaidh\the-karan-singh-vaidh\server\node_modules\router\index.js:342:13)
    at C:\react project\x\the-karan-singh-vaidh\the-karan-singh-vaidh\server\node_modules\router\index.js:297:9

[2026-02-26T07:25:28.166Z] 404 - Not Found - /socket.io/?EIO=4&transport=polling&t=52cx0fw0
Error: Not Found - /socket.io/?EIO=4&transport=polling&t=52cx0fw0
    at notFound (C:\react project\x\the-karan-singh-vaidh\the-karan-singh-vaidh\server\middleware\errorMiddleware.js:2:19)
    at Layer.handleRequest (C:\react project\x\the-karan-singh-vaidh\the-karan-singh-vaidh\server\node_modules\router\lib\layer.js:152:17)
    at trimPrefix (C:\react project\x\the-karan-singh-vaidh\the-karan-singh-vaidh\server\node_modules\router\index.js:342:13)
    at C:\react project\x\the-karan-singh-vaidh\the-karan-singh-vaidh\server\node_modules\router\index.js:297:9
    at processParams (C:\react project\x\the-karan-singh-vaidh\the-karan-singh-vaidh\server\node_modules\router\index.js:582:12)
    at next (C:\react project\x\the-karan-singh-vaidh\the-karan-singh-vaidh\server\node_modules\router\index.js:291:5)
    at logger (C:\react project\x\the-karan-singh-vaidh\the-karan-singh-vaidh\server\node_modules\morgan\index.js:144:5)
    at Layer.handleRequest (C:\react project\x\the-karan-singh-vaidh\the-karan-singh-vaidh\server\node_modules\router\lib\layer.js:152:17)
    at trimPrefix (C:\react project\x\the-karan-singh-vaidh\the-karan-singh-vaidh\server\node_modules\router\index.js:342:13)
    at C:\react project\x\the-karan-singh-vaidh\the-karan-singh-vaidh\server\node_modules\router\index.js:297:9

[2026-02-26T07:25:31.160Z] 404 - Not Found - /socket.io/?EIO=4&transport=polling&t=52f84ndq
Error: Not Found - /socket.io/?EIO=4&transport=polling&t=52f84ndq
    at notFound (C:\react project\x\the-karan-singh-vaidh\the-karan-singh-vaidh\server\middleware\errorMiddleware.js:2:19)
    at Layer.handleRequest (C:\react project\x\the-karan-singh-vaidh\the-karan-singh-vaidh\server\node_modules\router\lib\layer.js:152:17)
    at trimPrefix (C:\react project\x\the-karan-singh-vaidh\the-karan-singh-vaidh\server\node_modules\router\index.js:342:13)
    at C:\react project\x\the-karan-singh-vaidh\the-karan-singh-vaidh\server\node_modules\router\index.js:297:9
    at processParams (C:\react project\x\the-karan-singh-vaidh\the-karan-singh-vaidh\server\node_modules\router\index.js:582:12)
    at next (C:\react project\x\the-karan-singh-vaidh\the-karan-singh-vaidh\server\node_modules\router\index.js:291:5)
    at logger (C:\react project\x\the-karan-singh-vaidh\the-karan-singh-vaidh\server\node_modules\morgan\index.js:144:5)
    at Layer.handleRequest (C:\react project\x\the-karan-singh-vaidh\the-karan-singh-vaidh\server\node_modules\router\lib\layer.js:152:17)
    at trimPrefix (C:\react project\x\the-karan-singh-vaidh\the-karan-singh-vaidh\server\node_modules\router\index.js:342:13)
    at C:\react project\x\the-karan-singh-vaidh\the-karan-singh-vaidh\server\node_modules\router\index.js:297:9

[2026-02-26T07:25:34.159Z] 404 - Not Found - /socket.io/?EIO=4&transport=polling&t=52hje1vz
Error: Not Found - /socket.io/?EIO=4&transport=polling&t=52hje1vz
    at notFound (C:\react project\x\the-karan-singh-vaidh\the-karan-singh-vaidh\server\middleware\errorMiddleware.js:2:19)
    at Layer.handleRequest (C:\react project\x\the-karan-singh-vaidh\the-karan-singh-vaidh\server\node_modules\router\lib\layer.js:152:17)
    at trimPrefix (C:\react project\x\the-karan-singh-vaidh\the-karan-singh-vaidh\server\node_modules\router\index.js:342:13)
    at C:\react project\x\the-karan-singh-vaidh\the-karan-singh-vaidh\server\node_modules\router\index.js:297:9
    at processParams (C:\react project\x\the-karan-singh-vaidh\the-karan-singh-vaidh\server\node_modules\router\index.js:582:12)
    at next (C:\react project\x\the-karan-singh-vaidh\the-karan-singh-vaidh\server\node_modules\router\index.js:291:5)
    at logger (C:\react project\x\the-karan-singh-vaidh\the-karan-singh-vaidh\server\node_modules\morgan\index.js:144:5)
    at Layer.handleRequest (C:\react project\x\the-karan-singh-vaidh\the-karan-singh-vaidh\server\node_modules\router\lib\layer.js:152:17)
    at trimPrefix (C:\react project\x\the-karan-singh-vaidh\the-karan-singh-vaidh\server\node_modules\router\index.js:342:13)
    at C:\react project\x\the-karan-singh-vaidh\the-karan-singh-vaidh\server\node_modules\router\index.js:297:9

[2026-02-26T07:25:37.153Z] 404 - Not Found - /socket.io/?EIO=4&transport=polling&t=52jumpsy
Error: Not Found - /socket.io/?EIO=4&transport=polling&t=52jumpsy
    at notFound (C:\react project\x\the-karan-singh-vaidh\the-karan-singh-vaidh\server\middleware\errorMiddleware.js:2:19)
    at Layer.handleRequest (C:\react project\x\the-karan-singh-vaidh\the-karan-singh-vaidh\server\node_modules\router\lib\layer.js:152:17)
    at trimPrefix (C:\react project\x\the-karan-singh-vaidh\the-karan-singh-vaidh\server\node_modules\router\index.js:342:13)
    at C:\react project\x\the-karan-singh-vaidh\the-karan-singh-vaidh\server\node_modules\router\index.js:297:9
    at processParams (C:\react project\x\the-karan-singh-vaidh\the-karan-singh-vaidh\server\node_modules\router\index.js:582:12)
    at next (C:\react project\x\the-karan-singh-vaidh\the-karan-singh-vaidh\server\node_modules\router\index.js:291:5)
    at logger (C:\react project\x\the-karan-singh-vaidh\the-karan-singh-vaidh\server\node_modules\morgan\index.js:144:5)
    at Layer.handleRequest (C:\react project\x\the-karan-singh-vaidh\the-karan-singh-vaidh\server\node_modules\router\lib\layer.js:152:17)
    at trimPrefix (C:\react project\x\the-karan-singh-vaidh\the-karan-singh-vaidh\server\node_modules\router\index.js:342:13)
    at C:\react project\x\the-karan-singh-vaidh\the-karan-singh-vaidh\server\node_modules\router\index.js:297:9

[2026-02-26T07:25:40.153Z] 404 - Not Found - /socket.io/?EIO=4&transport=polling&t=52m5yrr2
Error: Not Found - /socket.io/?EIO=4&transport=polling&t=52m5yrr2
    at notFound (C:\react project\x\the-karan-singh-vaidh\the-karan-singh-vaidh\server\middleware\errorMiddleware.js:2:19)
    at Layer.handleRequest (C:\react project\x\the-karan-singh-vaidh\the-karan-singh-vaidh\server\node_modules\router\lib\layer.js:152:17)
    at trimPrefix (C:\react project\x\the-karan-singh-vaidh\the-karan-singh-vaidh\server\node_modules\router\index.js:342:13)
    at C:\react project\x\the-karan-singh-vaidh\the-karan-singh-vaidh\server\node_modules\router\index.js:297:9
    at processParams (C:\react project\x\the-karan-singh-vaidh\the-karan-singh-vaidh\server\node_modules\router\index.js:582:12)
    at next (C:\react project\x\the-karan-singh-vaidh\the-karan-singh-vaidh\server\node_modules\router\index.js:291:5)
    at logger (C:\react project\x\the-karan-singh-vaidh\the-karan-singh-vaidh\server\node_modules\morgan\index.js:144:5)
    at Layer.handleRequest (C:\react project\x\the-karan-singh-vaidh\the-karan-singh-vaidh\server\node_modules\router\lib\layer.js:152:17)
    at trimPrefix (C:\react project\x\the-karan-singh-vaidh\the-karan-singh-vaidh\server\node_modules\router\index.js:342:13)
    at C:\react project\x\the-karan-singh-vaidh\the-karan-singh-vaidh\server\node_modules\router\index.js:297:9

[2026-02-26T07:25:43.168Z] 404 - Not Found - /socket.io/?EIO=4&transport=polling&t=52ohogzy
Error: Not Found - /socket.io/?EIO=4&transport=polling&t=52ohogzy
    at notFound (C:\react project\x\the-karan-singh-vaidh\the-karan-singh-vaidh\server\middleware\errorMiddleware.js:2:19)
    at Layer.handleRequest (C:\react project\x\the-karan-singh-vaidh\the-karan-singh-vaidh\server\node_modules\router\lib\layer.js:152:17)
    at trimPrefix (C:\react project\x\the-karan-singh-vaidh\the-karan-singh-vaidh\server\node_modules\router\index.js:342:13)
    at C:\react project\x\the-karan-singh-vaidh\the-karan-singh-vaidh\server\node_modules\router\index.js:297:9
    at processParams (C:\react project\x\the-karan-singh-vaidh\the-karan-singh-vaidh\server\node_modules\router\index.js:582:12)
    at next (C:\react project\x\the-karan-singh-vaidh\the-karan-singh-vaidh\server\node_modules\router\index.js:291:5)
    at logger (C:\react project\x\the-karan-singh-vaidh\the-karan-singh-vaidh\server\node_modules\morgan\index.js:144:5)
    at Layer.handleRequest (C:\react project\x\the-karan-singh-vaidh\the-karan-singh-vaidh\server\node_modules\router\lib\layer.js:152:17)
    at trimPrefix (C:\react project\x\the-karan-singh-vaidh\the-karan-singh-vaidh\server\node_modules\router\index.js:342:13)
    at C:\react project\x\the-karan-singh-vaidh\the-karan-singh-vaidh\server\node_modules\router\index.js:297:9

[2026-02-26T07:25:46.159Z] 404 - Not Found - /socket.io/?EIO=4&transport=polling&t=52qsslgf
Error: Not Found - /socket.io/?EIO=4&transport=polling&t=52qsslgf
    at notFound (C:\react project\x\the-karan-singh-vaidh\the-karan-singh-vaidh\server\middleware\errorMiddleware.js:2:19)
    at Layer.handleRequest (C:\react project\x\the-karan-singh-vaidh\the-karan-singh-vaidh\server\node_modules\router\lib\layer.js:152:17)
    at trimPrefix (C:\react project\x\the-karan-singh-vaidh\the-karan-singh-vaidh\server\node_modules\router\index.js:342:13)
    at C:\react project\x\the-karan-singh-vaidh\the-karan-singh-vaidh\server\node_modules\router\index.js:297:9
    at processParams (C:\react project\x\the-karan-singh-vaidh\the-karan-singh-vaidh\server\node_modules\router\index.js:582:12)
    at next (C:\react project\x\the-karan-singh-vaidh\the-karan-singh-vaidh\server\node_modules\router\index.js:291:5)
    at logger (C:\react project\x\the-karan-singh-vaidh\the-karan-singh-vaidh\server\node_modules\morgan\index.js:144:5)
    at Layer.handleRequest (C:\react project\x\the-karan-singh-vaidh\the-karan-singh-vaidh\server\node_modules\router\lib\layer.js:152:17)
    at trimPrefix (C:\react project\x\the-karan-singh-vaidh\the-karan-singh-vaidh\server\node_modules\router\index.js:342:13)
    at C:\react project\x\the-karan-singh-vaidh\the-karan-singh-vaidh\server\node_modules\router\index.js:297:9

[2026-02-26T07:25:49.163Z] 404 - Not Found - /socket.io/?EIO=4&transport=polling&t=52t46n64
Error: Not Found - /socket.io/?EIO=4&transport=polling&t=52t46n64
    at notFound (C:\react project\x\the-karan-singh-vaidh\the-karan-singh-vaidh\server\middleware\errorMiddleware.js:2:19)
    at Layer.handleRequest (C:\react project\x\the-karan-singh-vaidh\the-karan-singh-vaidh\server\node_modules\router\lib\layer.js:152:17)
    at trimPrefix (C:\react project\x\the-karan-singh-vaidh\the-karan-singh-vaidh\server\node_modules\router\index.js:342:13)
    at C:\react project\x\the-karan-singh-vaidh\the-karan-singh-vaidh\server\node_modules\router\index.js:297:9
    at processParams (C:\react project\x\the-karan-singh-vaidh\the-karan-singh-vaidh\server\node_modules\router\index.js:582:12)
    at next (C:\react project\x\the-karan-singh-vaidh\the-karan-singh-vaidh\server\node_modules\router\index.js:291:5)
    at logger (C:\react project\x\the-karan-singh-vaidh\the-karan-singh-vaidh\server\node_modules\morgan\index.js:144:5)
    at Layer.handleRequest (C:\react project\x\the-karan-singh-vaidh\the-karan-singh-vaidh\server\node_modules\router\lib\layer.js:152:17)
    at trimPrefix (C:\react project\x\the-karan-singh-vaidh\the-karan-singh-vaidh\server\node_modules\router\index.js:342:13)
    at C:\react project\x\the-karan-singh-vaidh\the-karan-singh-vaidh\server\node_modules\router\index.js:297:9

[2026-02-26T07:25:52.162Z] 404 - Not Found - /socket.io/?EIO=4&transport=polling&t=52vfjp37
Error: Not Found - /socket.io/?EIO=4&transport=polling&t=52vfjp37
    at notFound (C:\react project\x\the-karan-singh-vaidh\the-karan-singh-vaidh\server\middleware\errorMiddleware.js:2:19)
    at Layer.handleRequest (C:\react project\x\the-karan-singh-vaidh\the-karan-singh-vaidh\server\node_modules\router\lib\layer.js:152:17)
    at trimPrefix (C:\react project\x\the-karan-singh-vaidh\the-karan-singh-vaidh\server\node_modules\router\index.js:342:13)
    at C:\react project\x\the-karan-singh-vaidh\the-karan-singh-vaidh\server\node_modules\router\index.js:297:9
    at processParams (C:\react project\x\the-karan-singh-vaidh\the-karan-singh-vaidh\server\node_modules\router\index.js:582:12)
    at next (C:\react project\x\the-karan-singh-vaidh\the-karan-singh-vaidh\server\node_modules\router\index.js:291:5)
    at logger (C:\react project\x\the-karan-singh-vaidh\the-karan-singh-vaidh\server\node_modules\morgan\index.js:144:5)
    at Layer.handleRequest (C:\react project\x\the-karan-singh-vaidh\the-karan-singh-vaidh\server\node_modules\router\lib\layer.js:152:17)
    at trimPrefix (C:\react project\x\the-karan-singh-vaidh\the-karan-singh-vaidh\server\node_modules\router\index.js:342:13)
    at C:\react project\x\the-karan-singh-vaidh\the-karan-singh-vaidh\server\node_modules\router\index.js:297:9

[2026-02-26T07:25:55.158Z] 404 - Not Found - /socket.io/?EIO=4&transport=polling&t=52xqq2if
Error: Not Found - /socket.io/?EIO=4&transport=polling&t=52xqq2if
    at notFound (C:\react project\x\the-karan-singh-vaidh\the-karan-singh-vaidh\server\middleware\errorMiddleware.js:2:19)
    at Layer.handleRequest (C:\react project\x\the-karan-singh-vaidh\the-karan-singh-vaidh\server\node_modules\router\lib\layer.js:152:17)
    at trimPrefix (C:\react project\x\the-karan-singh-vaidh\the-karan-singh-vaidh\server\node_modules\router\index.js:342:13)
    at C:\react project\x\the-karan-singh-vaidh\the-karan-singh-vaidh\server\node_modules\router\index.js:297:9
    at processParams (C:\react project\x\the-karan-singh-vaidh\the-karan-singh-vaidh\server\node_modules\router\index.js:582:12)
    at next (C:\react project\x\the-karan-singh-vaidh\the-karan-singh-vaidh\server\node_modules\router\index.js:291:5)
    at logger (C:\react project\x\the-karan-singh-vaidh\the-karan-singh-vaidh\server\node_modules\morgan\index.js:144:5)
    at Layer.handleRequest (C:\react project\x\the-karan-singh-vaidh\the-karan-singh-vaidh\server\node_modules\router\lib\layer.js:152:17)
    at trimPrefix (C:\react project\x\the-karan-singh-vaidh\the-karan-singh-vaidh\server\node_modules\router\index.js:342:13)
    at C:\react project\x\the-karan-singh-vaidh\the-karan-singh-vaidh\server\node_modules\router\index.js:297:9

[2026-02-26T07:25:58.285Z] 404 - Not Found - /socket.io/?EIO=4&transport=polling&t=5302d33p
Error: Not Found - /socket.io/?EIO=4&transport=polling&t=5302d33p
    at notFound (C:\react project\x\the-karan-singh-vaidh\the-karan-singh-vaidh\server\middleware\errorMiddleware.js:2:19)
    at Layer.handleRequest (C:\react project\x\the-karan-singh-vaidh\the-karan-singh-vaidh\server\node_modules\router\lib\layer.js:152:17)
    at trimPrefix (C:\react project\x\the-karan-singh-vaidh\the-karan-singh-vaidh\server\node_modules\router\index.js:342:13)
    at C:\react project\x\the-karan-singh-vaidh\the-karan-singh-vaidh\server\node_modules\router\index.js:297:9
    at processParams (C:\react project\x\the-karan-singh-vaidh\the-karan-singh-vaidh\server\node_modules\router\index.js:582:12)
    at next (C:\react project\x\the-karan-singh-vaidh\the-karan-singh-vaidh\server\node_modules\router\index.js:291:5)
    at logger (C:\react project\x\the-karan-singh-vaidh\the-karan-singh-vaidh\server\node_modules\morgan\index.js:144:5)
    at Layer.handleRequest (C:\react project\x\the-karan-singh-vaidh\the-karan-singh-vaidh\server\node_modules\router\lib\layer.js:152:17)
    at trimPrefix (C:\react project\x\the-karan-singh-vaidh\the-karan-singh-vaidh\server\node_modules\router\index.js:342:13)
    at C:\react project\x\the-karan-singh-vaidh\the-karan-singh-vaidh\server\node_modules\router\index.js:297:9

[2026-02-26T07:26:01.158Z] 404 - Not Found - /socket.io/?EIO=4&transport=polling&t=532derax
Error: Not Found - /socket.io/?EIO=4&transport=polling&t=532derax
    at notFound (C:\react project\x\the-karan-singh-vaidh\the-karan-singh-vaidh\server\middleware\errorMiddleware.js:2:19)
    at Layer.handleRequest (C:\react project\x\the-karan-singh-vaidh\the-karan-singh-vaidh\server\node_modules\router\lib\layer.js:152:17)
    at trimPrefix (C:\react project\x\the-karan-singh-vaidh\the-karan-singh-vaidh\server\node_modules\router\index.js:342:13)
    at C:\react project\x\the-karan-singh-vaidh\the-karan-singh-vaidh\server\node_modules\router\index.js:297:9
    at processParams (C:\react project\x\the-karan-singh-vaidh\the-karan-singh-vaidh\server\node_modules\router\index.js:582:12)
    at next (C:\react project\x\the-karan-singh-vaidh\the-karan-singh-vaidh\server\node_modules\router\index.js:291:5)
    at logger (C:\react project\x\the-karan-singh-vaidh\the-karan-singh-vaidh\server\node_modules\morgan\index.js:144:5)
    at Layer.handleRequest (C:\react project\x\the-karan-singh-vaidh\the-karan-singh-vaidh\server\node_modules\router\lib\layer.js:152:17)
    at trimPrefix (C:\react project\x\the-karan-singh-vaidh\the-karan-singh-vaidh\server\node_modules\router\index.js:342:13)
    at C:\react project\x\the-karan-singh-vaidh\the-karan-singh-vaidh\server\node_modules\router\index.js:297:9

[2026-02-26T07:26:04.155Z] 404 - Not Found - /socket.io/?EIO=4&transport=polling&t=534oos49
Error: Not Found - /socket.io/?EIO=4&transport=polling&t=534oos49
    at notFound (C:\react project\x\the-karan-singh-vaidh\the-karan-singh-vaidh\server\middleware\errorMiddleware.js:2:19)
    at Layer.handleRequest (C:\react project\x\the-karan-singh-vaidh\the-karan-singh-vaidh\server\node_modules\router\lib\layer.js:152:17)
    at trimPrefix (C:\react project\x\the-karan-singh-vaidh\the-karan-singh-vaidh\server\node_modules\router\index.js:342:13)
    at C:\react project\x\the-karan-singh-vaidh\the-karan-singh-vaidh\server\node_modules\router\index.js:297:9
    at processParams (C:\react project\x\the-karan-singh-vaidh\the-karan-singh-vaidh\server\node_modules\router\index.js:582:12)
    at next (C:\react project\x\the-karan-singh-vaidh\the-karan-singh-vaidh\server\node_modules\router\index.js:291:5)
    at logger (C:\react project\x\the-karan-singh-vaidh\the-karan-singh-vaidh\server\node_modules\morgan\index.js:144:5)
    at Layer.handleRequest (C:\react project\x\the-karan-singh-vaidh\the-karan-singh-vaidh\server\node_modules\router\lib\layer.js:152:17)
    at trimPrefix (C:\react project\x\the-karan-singh-vaidh\the-karan-singh-vaidh\server\node_modules\router\index.js:342:13)
    at C:\react project\x\the-karan-singh-vaidh\the-karan-singh-vaidh\server\node_modules\router\index.js:297:9

[2026-02-26T07:26:07.168Z] 404 - Not Found - /socket.io/?EIO=4&transport=polling&t=537091gl
Error: Not Found - /socket.io/?EIO=4&transport=polling&t=537091gl
    at notFound (C:\react project\x\the-karan-singh-vaidh\the-karan-singh-vaidh\server\middleware\errorMiddleware.js:2:19)
    at Layer.handleRequest (C:\react project\x\the-karan-singh-vaidh\the-karan-singh-vaidh\server\node_modules\router\lib\layer.js:152:17)
    at trimPrefix (C:\react project\x\the-karan-singh-vaidh\the-karan-singh-vaidh\server\node_modules\router\index.js:342:13)
    at C:\react project\x\the-karan-singh-vaidh\the-karan-singh-vaidh\server\node_modules\router\index.js:297:9
    at processParams (C:\react project\x\the-karan-singh-vaidh\the-karan-singh-vaidh\server\node_modules\router\index.js:582:12)
    at next (C:\react project\x\the-karan-singh-vaidh\the-karan-singh-vaidh\server\node_modules\router\index.js:291:5)
    at logger (C:\react project\x\the-karan-singh-vaidh\the-karan-singh-vaidh\server\node_modules\morgan\index.js:144:5)
    at Layer.handleRequest (C:\react project\x\the-karan-singh-vaidh\the-karan-singh-vaidh\server\node_modules\router\lib\layer.js:152:17)
    at trimPrefix (C:\react project\x\the-karan-singh-vaidh\the-karan-singh-vaidh\server\node_modules\router\index.js:342:13)
    at C:\react project\x\the-karan-singh-vaidh\the-karan-singh-vaidh\server\node_modules\router\index.js:297:9

[2026-02-26T07:26:07.624Z] 404 - Not Found - /socket.io/?EIO=4&transport=polling
Error: Not Found - /socket.io/?EIO=4&transport=polling
    at notFound (C:\react project\x\the-karan-singh-vaidh\the-karan-singh-vaidh\server\middleware\errorMiddleware.js:2:19)
    at Layer.handleRequest (C:\react project\x\the-karan-singh-vaidh\the-karan-singh-vaidh\server\node_modules\router\lib\layer.js:152:17)
    at trimPrefix (C:\react project\x\the-karan-singh-vaidh\the-karan-singh-vaidh\server\node_modules\router\index.js:342:13)
    at C:\react project\x\the-karan-singh-vaidh\the-karan-singh-vaidh\server\node_modules\router\index.js:297:9
    at processParams (C:\react project\x\the-karan-singh-vaidh\the-karan-singh-vaidh\server\node_modules\router\index.js:582:12)
    at next (C:\react project\x\the-karan-singh-vaidh\the-karan-singh-vaidh\server\node_modules\router\index.js:291:5)
    at logger (C:\react project\x\the-karan-singh-vaidh\the-karan-singh-vaidh\server\node_modules\morgan\index.js:144:5)
    at Layer.handleRequest (C:\react project\x\the-karan-singh-vaidh\the-karan-singh-vaidh\server\node_modules\router\lib\layer.js:152:17)
    at trimPrefix (C:\react project\x\the-karan-singh-vaidh\the-karan-singh-vaidh\server\node_modules\router\index.js:342:13)
    at C:\react project\x\the-karan-singh-vaidh\the-karan-singh-vaidh\server\node_modules\router\index.js:297:9

[2026-02-26T07:26:10.155Z] 404 - Not Found - /socket.io/?EIO=4&transport=polling&t=539bb6tf
Error: Not Found - /socket.io/?EIO=4&transport=polling&t=539bb6tf
    at notFound (C:\react project\x\the-karan-singh-vaidh\the-karan-singh-vaidh\server\middleware\errorMiddleware.js:2:19)
    at Layer.handleRequest (C:\react project\x\the-karan-singh-vaidh\the-karan-singh-vaidh\server\node_modules\router\lib\layer.js:152:17)
    at trimPrefix (C:\react project\x\the-karan-singh-vaidh\the-karan-singh-vaidh\server\node_modules\router\index.js:342:13)
    at C:\react project\x\the-karan-singh-vaidh\the-karan-singh-vaidh\server\node_modules\router\index.js:297:9
    at processParams (C:\react project\x\the-karan-singh-vaidh\the-karan-singh-vaidh\server\node_modules\router\index.js:582:12)
    at next (C:\react project\x\the-karan-singh-vaidh\the-karan-singh-vaidh\server\node_modules\router\index.js:291:5)
    at logger (C:\react project\x\the-karan-singh-vaidh\the-karan-singh-vaidh\server\node_modules\morgan\index.js:144:5)
    at Layer.handleRequest (C:\react project\x\the-karan-singh-vaidh\the-karan-singh-vaidh\server\node_modules\router\lib\layer.js:152:17)
    at trimPrefix (C:\react project\x\the-karan-singh-vaidh\the-karan-singh-vaidh\server\node_modules\router\index.js:342:13)
    at C:\react project\x\the-karan-singh-vaidh\the-karan-singh-vaidh\server\node_modules\router\index.js:297:9

[2026-02-26T07:26:13.173Z] 404 - Not Found - /socket.io/?EIO=4&transport=polling&t=53bn1icr
Error: Not Found - /socket.io/?EIO=4&transport=polling&t=53bn1icr
    at notFound (C:\react project\x\the-karan-singh-vaidh\the-karan-singh-vaidh\server\middleware\errorMiddleware.js:2:19)
    at Layer.handleRequest (C:\react project\x\the-karan-singh-vaidh\the-karan-singh-vaidh\server\node_modules\router\lib\layer.js:152:17)
    at trimPrefix (C:\react project\x\the-karan-singh-vaidh\the-karan-singh-vaidh\server\node_modules\router\index.js:342:13)
    at C:\react project\x\the-karan-singh-vaidh\the-karan-singh-vaidh\server\node_modules\router\index.js:297:9
    at processParams (C:\react project\x\the-karan-singh-vaidh\the-karan-singh-vaidh\server\node_modules\router\index.js:582:12)
    at next (C:\react project\x\the-karan-singh-vaidh\the-karan-singh-vaidh\server\node_modules\router\index.js:291:5)
    at logger (C:\react project\x\the-karan-singh-vaidh\the-karan-singh-vaidh\server\node_modules\morgan\index.js:144:5)
    at Layer.handleRequest (C:\react project\x\the-karan-singh-vaidh\the-karan-singh-vaidh\server\node_modules\router\lib\layer.js:152:17)
    at trimPrefix (C:\react project\x\the-karan-singh-vaidh\the-karan-singh-vaidh\server\node_modules\router\index.js:342:13)
    at C:\react project\x\the-karan-singh-vaidh\the-karan-singh-vaidh\server\node_modules\router\index.js:297:9

[2026-02-26T07:26:16.163Z] 404 - Not Found - /socket.io/?EIO=4&transport=polling&t=53dy81a3
Error: Not Found - /socket.io/?EIO=4&transport=polling&t=53dy81a3
    at notFound (C:\react project\x\the-karan-singh-vaidh\the-karan-singh-vaidh\server\middleware\errorMiddleware.js:2:19)
    at Layer.handleRequest (C:\react project\x\the-karan-singh-vaidh\the-karan-singh-vaidh\server\node_modules\router\lib\layer.js:152:17)
    at trimPrefix (C:\react project\x\the-karan-singh-vaidh\the-karan-singh-vaidh\server\node_modules\router\index.js:342:13)
    at C:\react project\x\the-karan-singh-vaidh\the-karan-singh-vaidh\server\node_modules\router\index.js:297:9
    at processParams (C:\react project\x\the-karan-singh-vaidh\the-karan-singh-vaidh\server\node_modules\router\index.js:582:12)
    at next (C:\react project\x\the-karan-singh-vaidh\the-karan-singh-vaidh\server\node_modules\router\index.js:291:5)
    at logger (C:\react project\x\the-karan-singh-vaidh\the-karan-singh-vaidh\server\node_modules\morgan\index.js:144:5)
    at Layer.handleRequest (C:\react project\x\the-karan-singh-vaidh\the-karan-singh-vaidh\server\node_modules\router\lib\layer.js:152:17)
    at trimPrefix (C:\react project\x\the-karan-singh-vaidh\the-karan-singh-vaidh\server\node_modules\router\index.js:342:13)
    at C:\react project\x\the-karan-singh-vaidh\the-karan-singh-vaidh\server\node_modules\router\index.js:297:9

[2026-02-26T07:26:19.177Z] 404 - Not Found - /socket.io/?EIO=4&transport=polling&t=53g9l67s
Error: Not Found - /socket.io/?EIO=4&transport=polling&t=53g9l67s
    at notFound (C:\react project\x\the-karan-singh-vaidh\the-karan-singh-vaidh\server\middleware\errorMiddleware.js:2:19)
    at Layer.handleRequest (C:\react project\x\the-karan-singh-vaidh\the-karan-singh-vaidh\server\node_modules\router\lib\layer.js:152:17)
    at trimPrefix (C:\react project\x\the-karan-singh-vaidh\the-karan-singh-vaidh\server\node_modules\router\index.js:342:13)
    at C:\react project\x\the-karan-singh-vaidh\the-karan-singh-vaidh\server\node_modules\router\index.js:297:9
    at processParams (C:\react project\x\the-karan-singh-vaidh\the-karan-singh-vaidh\server\node_modules\router\index.js:582:12)
    at next (C:\react project\x\the-karan-singh-vaidh\the-karan-singh-vaidh\server\node_modules\router\index.js:291:5)
    at logger (C:\react project\x\the-karan-singh-vaidh\the-karan-singh-vaidh\server\node_modules\morgan\index.js:144:5)
    at Layer.handleRequest (C:\react project\x\the-karan-singh-vaidh\the-karan-singh-vaidh\server\node_modules\router\lib\layer.js:152:17)
    at trimPrefix (C:\react project\x\the-karan-singh-vaidh\the-karan-singh-vaidh\server\node_modules\router\index.js:342:13)
    at C:\react project\x\the-karan-singh-vaidh\the-karan-singh-vaidh\server\node_modules\router\index.js:297:9

[2026-02-26T07:26:22.153Z] 404 - Not Found - /socket.io/?EIO=4&transport=polling&t=53ikmtd9
Error: Not Found - /socket.io/?EIO=4&transport=polling&t=53ikmtd9
    at notFound (C:\react project\x\the-karan-singh-vaidh\the-karan-singh-vaidh\server\middleware\errorMiddleware.js:2:19)
    at Layer.handleRequest (C:\react project\x\the-karan-singh-vaidh\the-karan-singh-vaidh\server\node_modules\router\lib\layer.js:152:17)
    at trimPrefix (C:\react project\x\the-karan-singh-vaidh\the-karan-singh-vaidh\server\node_modules\router\index.js:342:13)
    at C:\react project\x\the-karan-singh-vaidh\the-karan-singh-vaidh\server\node_modules\router\index.js:297:9
    at processParams (C:\react project\x\the-karan-singh-vaidh\the-karan-singh-vaidh\server\node_modules\router\index.js:582:12)
    at next (C:\react project\x\the-karan-singh-vaidh\the-karan-singh-vaidh\server\node_modules\router\index.js:291:5)
    at logger (C:\react project\x\the-karan-singh-vaidh\the-karan-singh-vaidh\server\node_modules\morgan\index.js:144:5)
    at Layer.handleRequest (C:\react project\x\the-karan-singh-vaidh\the-karan-singh-vaidh\server\node_modules\router\lib\layer.js:152:17)
    at trimPrefix (C:\react project\x\the-karan-singh-vaidh\the-karan-singh-vaidh\server\node_modules\router\index.js:342:13)
    at C:\react project\x\the-karan-singh-vaidh\the-karan-singh-vaidh\server\node_modules\router\index.js:297:9

[2026-02-26T07:26:25.159Z] 404 - Not Found - /socket.io/?EIO=4&transport=polling&t=53kw4b44
Error: Not Found - /socket.io/?EIO=4&transport=polling&t=53kw4b44
    at notFound (C:\react project\x\the-karan-singh-vaidh\the-karan-singh-vaidh\server\middleware\errorMiddleware.js:2:19)
    at Layer.handleRequest (C:\react project\x\the-karan-singh-vaidh\the-karan-singh-vaidh\server\node_modules\router\lib\layer.js:152:17)
    at trimPrefix (C:\react project\x\the-karan-singh-vaidh\the-karan-singh-vaidh\server\node_modules\router\index.js:342:13)
    at C:\react project\x\the-karan-singh-vaidh\the-karan-singh-vaidh\server\node_modules\router\index.js:297:9
    at processParams (C:\react project\x\the-karan-singh-vaidh\the-karan-singh-vaidh\server\node_modules\router\index.js:582:12)
    at next (C:\react project\x\the-karan-singh-vaidh\the-karan-singh-vaidh\server\node_modules\router\index.js:291:5)
    at logger (C:\react project\x\the-karan-singh-vaidh\the-karan-singh-vaidh\server\node_modules\morgan\index.js:144:5)
    at Layer.handleRequest (C:\react project\x\the-karan-singh-vaidh\the-karan-singh-vaidh\server\node_modules\router\lib\layer.js:152:17)
    at trimPrefix (C:\react project\x\the-karan-singh-vaidh\the-karan-singh-vaidh\server\node_modules\router\index.js:342:13)
    at C:\react project\x\the-karan-singh-vaidh\the-karan-singh-vaidh\server\node_modules\router\index.js:297:9

[2026-02-26T07:26:28.152Z] 404 - Not Found - /socket.io/?EIO=4&transport=polling&t=53n7ajxr
Error: Not Found - /socket.io/?EIO=4&transport=polling&t=53n7ajxr
    at notFound (C:\react project\x\the-karan-singh-vaidh\the-karan-singh-vaidh\server\middleware\errorMiddleware.js:2:19)
    at Layer.handleRequest (C:\react project\x\the-karan-singh-vaidh\the-karan-singh-vaidh\server\node_modules\router\lib\layer.js:152:17)
    at trimPrefix (C:\react project\x\the-karan-singh-vaidh\the-karan-singh-vaidh\server\node_modules\router\index.js:342:13)
    at C:\react project\x\the-karan-singh-vaidh\the-karan-singh-vaidh\server\node_modules\router\index.js:297:9
    at processParams (C:\react project\x\the-karan-singh-vaidh\the-karan-singh-vaidh\server\node_modules\router\index.js:582:12)
    at next (C:\react project\x\the-karan-singh-vaidh\the-karan-singh-vaidh\server\node_modules\router\index.js:291:5)
    at logger (C:\react project\x\the-karan-singh-vaidh\the-karan-singh-vaidh\server\node_modules\morgan\index.js:144:5)
    at Layer.handleRequest (C:\react project\x\the-karan-singh-vaidh\the-karan-singh-vaidh\server\node_modules\router\lib\layer.js:152:17)
    at trimPrefix (C:\react project\x\the-karan-singh-vaidh\the-karan-singh-vaidh\server\node_modules\router\index.js:342:13)
    at C:\react project\x\the-karan-singh-vaidh\the-karan-singh-vaidh\server\node_modules\router\index.js:297:9

[2026-02-26T07:26:31.152Z] 404 - Not Found - /socket.io/?EIO=4&transport=polling&t=53pil8wb
Error: Not Found - /socket.io/?EIO=4&transport=polling&t=53pil8wb
    at notFound (C:\react project\x\the-karan-singh-vaidh\the-karan-singh-vaidh\server\middleware\errorMiddleware.js:2:19)
    at Layer.handleRequest (C:\react project\x\the-karan-singh-vaidh\the-karan-singh-vaidh\server\node_modules\router\lib\layer.js:152:17)
    at trimPrefix (C:\react project\x\the-karan-singh-vaidh\the-karan-singh-vaidh\server\node_modules\router\index.js:342:13)
    at C:\react project\x\the-karan-singh-vaidh\the-karan-singh-vaidh\server\node_modules\router\index.js:297:9
    at processParams (C:\react project\x\the-karan-singh-vaidh\the-karan-singh-vaidh\server\node_modules\router\index.js:582:12)
    at next (C:\react project\x\the-karan-singh-vaidh\the-karan-singh-vaidh\server\node_modules\router\index.js:291:5)
    at logger (C:\react project\x\the-karan-singh-vaidh\the-karan-singh-vaidh\server\node_modules\morgan\index.js:144:5)
    at Layer.handleRequest (C:\react project\x\the-karan-singh-vaidh\the-karan-singh-vaidh\server\node_modules\router\lib\layer.js:152:17)
    at trimPrefix (C:\react project\x\the-karan-singh-vaidh\the-karan-singh-vaidh\server\node_modules\router\index.js:342:13)
    at C:\react project\x\the-karan-singh-vaidh\the-karan-singh-vaidh\server\node_modules\router\index.js:297:9

[2026-02-26T07:26:34.190Z] 404 - Not Found - /socket.io/?EIO=4&transport=polling&t=53rudhcl
Error: Not Found - /socket.io/?EIO=4&transport=polling&t=53rudhcl
    at notFound (C:\react project\x\the-karan-singh-vaidh\the-karan-singh-vaidh\server\middleware\errorMiddleware.js:2:19)
    at Layer.handleRequest (C:\react project\x\the-karan-singh-vaidh\the-karan-singh-vaidh\server\node_modules\router\lib\layer.js:152:17)
    at trimPrefix (C:\react project\x\the-karan-singh-vaidh\the-karan-singh-vaidh\server\node_modules\router\index.js:342:13)
    at C:\react project\x\the-karan-singh-vaidh\the-karan-singh-vaidh\server\node_modules\router\index.js:297:9
    at processParams (C:\react project\x\the-karan-singh-vaidh\the-karan-singh-vaidh\server\node_modules\router\index.js:582:12)
    at next (C:\react project\x\the-karan-singh-vaidh\the-karan-singh-vaidh\server\node_modules\router\index.js:291:5)
    at logger (C:\react project\x\the-karan-singh-vaidh\the-karan-singh-vaidh\server\node_modules\morgan\index.js:144:5)
    at Layer.handleRequest (C:\react project\x\the-karan-singh-vaidh\the-karan-singh-vaidh\server\node_modules\router\lib\layer.js:152:17)
    at trimPrefix (C:\react project\x\the-karan-singh-vaidh\the-karan-singh-vaidh\server\node_modules\router\index.js:342:13)
    at C:\react project\x\the-karan-singh-vaidh\the-karan-singh-vaidh\server\node_modules\router\index.js:297:9

[2026-02-26T07:26:37.157Z] 404 - Not Found - /socket.io/?EIO=4&transport=polling&t=53u5fcxt
Error: Not Found - /socket.io/?EIO=4&transport=polling&t=53u5fcxt
    at notFound (C:\react project\x\the-karan-singh-vaidh\the-karan-singh-vaidh\server\middleware\errorMiddleware.js:2:19)
    at Layer.handleRequest (C:\react project\x\the-karan-singh-vaidh\the-karan-singh-vaidh\server\node_modules\router\lib\layer.js:152:17)
    at trimPrefix (C:\react project\x\the-karan-singh-vaidh\the-karan-singh-vaidh\server\node_modules\router\index.js:342:13)
    at C:\react project\x\the-karan-singh-vaidh\the-karan-singh-vaidh\server\node_modules\router\index.js:297:9
    at processParams (C:\react project\x\the-karan-singh-vaidh\the-karan-singh-vaidh\server\node_modules\router\index.js:582:12)
    at next (C:\react project\x\the-karan-singh-vaidh\the-karan-singh-vaidh\server\node_modules\router\index.js:291:5)
    at logger (C:\react project\x\the-karan-singh-vaidh\the-karan-singh-vaidh\server\node_modules\morgan\index.js:144:5)
    at Layer.handleRequest (C:\react project\x\the-karan-singh-vaidh\the-karan-singh-vaidh\server\node_modules\router\lib\layer.js:152:17)
    at trimPrefix (C:\react project\x\the-karan-singh-vaidh\the-karan-singh-vaidh\server\node_modules\router\index.js:342:13)
    at C:\react project\x\the-karan-singh-vaidh\the-karan-singh-vaidh\server\node_modules\router\index.js:297:9

[2026-02-26T07:26:40.157Z] 404 - Not Found - /socket.io/?EIO=4&transport=polling&t=53wgr8jh
Error: Not Found - /socket.io/?EIO=4&transport=polling&t=53wgr8jh
    at notFound (C:\react project\x\the-karan-singh-vaidh\the-karan-singh-vaidh\server\middleware\errorMiddleware.js:2:19)
    at Layer.handleRequest (C:\react project\x\the-karan-singh-vaidh\the-karan-singh-vaidh\server\node_modules\router\lib\layer.js:152:17)
    at trimPrefix (C:\react project\x\the-karan-singh-vaidh\the-karan-singh-vaidh\server\node_modules\router\index.js:342:13)
    at C:\react project\x\the-karan-singh-vaidh\the-karan-singh-vaidh\server\node_modules\router\index.js:297:9
    at processParams (C:\react project\x\the-karan-singh-vaidh\the-karan-singh-vaidh\server\node_modules\router\index.js:582:12)
    at next (C:\react project\x\the-karan-singh-vaidh\the-karan-singh-vaidh\server\node_modules\router\index.js:291:5)
    at logger (C:\react project\x\the-karan-singh-vaidh\the-karan-singh-vaidh\server\node_modules\morgan\index.js:144:5)
    at Layer.handleRequest (C:\react project\x\the-karan-singh-vaidh\the-karan-singh-vaidh\server\node_modules\router\lib\layer.js:152:17)
    at trimPrefix (C:\react project\x\the-karan-singh-vaidh\the-karan-singh-vaidh\server\node_modules\router\index.js:342:13)
    at C:\react project\x\the-karan-singh-vaidh\the-karan-singh-vaidh\server\node_modules\router\index.js:297:9

[2026-02-26T07:26:43.166Z] 404 - Not Found - /socket.io/?EIO=4&transport=polling&t=53ysa7ex
Error: Not Found - /socket.io/?EIO=4&transport=polling&t=53ysa7ex
    at notFound (C:\react project\x\the-karan-singh-vaidh\the-karan-singh-vaidh\server\middleware\errorMiddleware.js:2:19)
    at Layer.handleRequest (C:\react project\x\the-karan-singh-vaidh\the-karan-singh-vaidh\server\node_modules\router\lib\layer.js:152:17)
    at trimPrefix (C:\react project\x\the-karan-singh-vaidh\the-karan-singh-vaidh\server\node_modules\router\index.js:342:13)
    at C:\react project\x\the-karan-singh-vaidh\the-karan-singh-vaidh\server\node_modules\router\index.js:297:9
    at processParams (C:\react project\x\the-karan-singh-vaidh\the-karan-singh-vaidh\server\node_modules\router\index.js:582:12)
    at next (C:\react project\x\the-karan-singh-vaidh\the-karan-singh-vaidh\server\node_modules\router\index.js:291:5)
    at logger (C:\react project\x\the-karan-singh-vaidh\the-karan-singh-vaidh\server\node_modules\morgan\index.js:144:5)
    at Layer.handleRequest (C:\react project\x\the-karan-singh-vaidh\the-karan-singh-vaidh\server\node_modules\router\lib\layer.js:152:17)
    at trimPrefix (C:\react project\x\the-karan-singh-vaidh\the-karan-singh-vaidh\server\node_modules\router\index.js:342:13)
    at C:\react project\x\the-karan-singh-vaidh\the-karan-singh-vaidh\server\node_modules\router\index.js:297:9

[2026-02-26T07:26:46.155Z] 404 - Not Found - /socket.io/?EIO=4&transport=polling&t=5413cuy7
Error: Not Found - /socket.io/?EIO=4&transport=polling&t=5413cuy7
    at notFound (C:\react project\x\the-karan-singh-vaidh\the-karan-singh-vaidh\server\middleware\errorMiddleware.js:2:19)
    at Layer.handleRequest (C:\react project\x\the-karan-singh-vaidh\the-karan-singh-vaidh\server\node_modules\router\lib\layer.js:152:17)
    at trimPrefix (C:\react project\x\the-karan-singh-vaidh\the-karan-singh-vaidh\server\node_modules\router\index.js:342:13)
    at C:\react project\x\the-karan-singh-vaidh\the-karan-singh-vaidh\server\node_modules\router\index.js:297:9
    at processParams (C:\react project\x\the-karan-singh-vaidh\the-karan-singh-vaidh\server\node_modules\router\index.js:582:12)
    at next (C:\react project\x\the-karan-singh-vaidh\the-karan-singh-vaidh\server\node_modules\router\index.js:291:5)
    at logger (C:\react project\x\the-karan-singh-vaidh\the-karan-singh-vaidh\server\node_modules\morgan\index.js:144:5)
    at Layer.handleRequest (C:\react project\x\the-karan-singh-vaidh\the-karan-singh-vaidh\server\node_modules\router\lib\layer.js:152:17)
    at trimPrefix (C:\react project\x\the-karan-singh-vaidh\the-karan-singh-vaidh\server\node_modules\router\index.js:342:13)
    at C:\react project\x\the-karan-singh-vaidh\the-karan-singh-vaidh\server\node_modules\router\index.js:297:9

[2026-02-26T07:26:49.153Z] 404 - Not Found - /socket.io/?EIO=4&transport=polling&t=543enhb0
Error: Not Found - /socket.io/?EIO=4&transport=polling&t=543enhb0
    at notFound (C:\react project\x\the-karan-singh-vaidh\the-karan-singh-vaidh\server\middleware\errorMiddleware.js:2:19)
    at Layer.handleRequest (C:\react project\x\the-karan-singh-vaidh\the-karan-singh-vaidh\server\node_modules\router\lib\layer.js:152:17)
    at trimPrefix (C:\react project\x\the-karan-singh-vaidh\the-karan-singh-vaidh\server\node_modules\router\index.js:342:13)
    at C:\react project\x\the-karan-singh-vaidh\the-karan-singh-vaidh\server\node_modules\router\index.js:297:9
    at processParams (C:\react project\x\the-karan-singh-vaidh\the-karan-singh-vaidh\server\node_modules\router\index.js:582:12)
    at next (C:\react project\x\the-karan-singh-vaidh\the-karan-singh-vaidh\server\node_modules\router\index.js:291:5)
    at logger (C:\react project\x\the-karan-singh-vaidh\the-karan-singh-vaidh\server\node_modules\morgan\index.js:144:5)
    at Layer.handleRequest (C:\react project\x\the-karan-singh-vaidh\the-karan-singh-vaidh\server\node_modules\router\lib\layer.js:152:17)
    at trimPrefix (C:\react project\x\the-karan-singh-vaidh\the-karan-singh-vaidh\server\node_modules\router\index.js:342:13)
    at C:\react project\x\the-karan-singh-vaidh\the-karan-singh-vaidh\server\node_modules\router\index.js:297:9

[2026-02-26T07:26:52.165Z] 404 - Not Found - /socket.io/?EIO=4&transport=polling&t=545qathk
Error: Not Found - /socket.io/?EIO=4&transport=polling&t=545qathk
    at notFound (C:\react project\x\the-karan-singh-vaidh\the-karan-singh-vaidh\server\middleware\errorMiddleware.js:2:19)
    at Layer.handleRequest (C:\react project\x\the-karan-singh-vaidh\the-karan-singh-vaidh\server\node_modules\router\lib\layer.js:152:17)
    at trimPrefix (C:\react project\x\the-karan-singh-vaidh\the-karan-singh-vaidh\server\node_modules\router\index.js:342:13)
    at C:\react project\x\the-karan-singh-vaidh\the-karan-singh-vaidh\server\node_modules\router\index.js:297:9
    at processParams (C:\react project\x\the-karan-singh-vaidh\the-karan-singh-vaidh\server\node_modules\router\index.js:582:12)
    at next (C:\react project\x\the-karan-singh-vaidh\the-karan-singh-vaidh\server\node_modules\router\index.js:291:5)
    at logger (C:\react project\x\the-karan-singh-vaidh\the-karan-singh-vaidh\server\node_modules\morgan\index.js:144:5)
    at Layer.handleRequest (C:\react project\x\the-karan-singh-vaidh\the-karan-singh-vaidh\server\node_modules\router\lib\layer.js:152:17)
    at trimPrefix (C:\react project\x\the-karan-singh-vaidh\the-karan-singh-vaidh\server\node_modules\router\index.js:342:13)
    at C:\react project\x\the-karan-singh-vaidh\the-karan-singh-vaidh\server\node_modules\router\index.js:297:9

[2026-02-26T07:26:55.159Z] 404 - Not Found - /socket.io/?EIO=4&transport=polling&t=5481eb7o
Error: Not Found - /socket.io/?EIO=4&transport=polling&t=5481eb7o
    at notFound (C:\react project\x\the-karan-singh-vaidh\the-karan-singh-vaidh\server\middleware\errorMiddleware.js:2:19)
    at Layer.handleRequest (C:\react project\x\the-karan-singh-vaidh\the-karan-singh-vaidh\server\node_modules\router\lib\layer.js:152:17)
    at trimPrefix (C:\react project\x\the-karan-singh-vaidh\the-karan-singh-vaidh\server\node_modules\router\index.js:342:13)
    at C:\react project\x\the-karan-singh-vaidh\the-karan-singh-vaidh\server\node_modules\router\index.js:297:9
    at processParams (C:\react project\x\the-karan-singh-vaidh\the-karan-singh-vaidh\server\node_modules\router\index.js:582:12)
    at next (C:\react project\x\the-karan-singh-vaidh\the-karan-singh-vaidh\server\node_modules\router\index.js:291:5)
    at logger (C:\react project\x\the-karan-singh-vaidh\the-karan-singh-vaidh\server\node_modules\morgan\index.js:144:5)
    at Layer.handleRequest (C:\react project\x\the-karan-singh-vaidh\the-karan-singh-vaidh\server\node_modules\router\lib\layer.js:152:17)
    at trimPrefix (C:\react project\x\the-karan-singh-vaidh\the-karan-singh-vaidh\server\node_modules\router\index.js:342:13)
    at C:\react project\x\the-karan-singh-vaidh\the-karan-singh-vaidh\server\node_modules\router\index.js:297:9

[2026-02-26T07:26:58.152Z] 404 - Not Found - /socket.io/?EIO=4&transport=polling&t=54acmbxb
Error: Not Found - /socket.io/?EIO=4&transport=polling&t=54acmbxb
    at notFound (C:\react project\x\the-karan-singh-vaidh\the-karan-singh-vaidh\server\middleware\errorMiddleware.js:2:19)
    at Layer.handleRequest (C:\react project\x\the-karan-singh-vaidh\the-karan-singh-vaidh\server\node_modules\router\lib\layer.js:152:17)
    at trimPrefix (C:\react project\x\the-karan-singh-vaidh\the-karan-singh-vaidh\server\node_modules\router\index.js:342:13)
    at C:\react project\x\the-karan-singh-vaidh\the-karan-singh-vaidh\server\node_modules\router\index.js:297:9
    at processParams (C:\react project\x\the-karan-singh-vaidh\the-karan-singh-vaidh\server\node_modules\router\index.js:582:12)
    at next (C:\react project\x\the-karan-singh-vaidh\the-karan-singh-vaidh\server\node_modules\router\index.js:291:5)
    at logger (C:\react project\x\the-karan-singh-vaidh\the-karan-singh-vaidh\server\node_modules\morgan\index.js:144:5)
    at Layer.handleRequest (C:\react project\x\the-karan-singh-vaidh\the-karan-singh-vaidh\server\node_modules\router\lib\layer.js:152:17)
    at trimPrefix (C:\react project\x\the-karan-singh-vaidh\the-karan-singh-vaidh\server\node_modules\router\index.js:342:13)
    at C:\react project\x\the-karan-singh-vaidh\the-karan-singh-vaidh\server\node_modules\router\index.js:297:9

[2026-02-26T07:27:01.162Z] 404 - Not Found - /socket.io/?EIO=4&transport=polling&t=54co589r
Error: Not Found - /socket.io/?EIO=4&transport=polling&t=54co589r
    at notFound (C:\react project\x\the-karan-singh-vaidh\the-karan-singh-vaidh\server\middleware\errorMiddleware.js:2:19)
    at Layer.handleRequest (C:\react project\x\the-karan-singh-vaidh\the-karan-singh-vaidh\server\node_modules\router\lib\layer.js:152:17)
    at trimPrefix (C:\react project\x\the-karan-singh-vaidh\the-karan-singh-vaidh\server\node_modules\router\index.js:342:13)
    at C:\react project\x\the-karan-singh-vaidh\the-karan-singh-vaidh\server\node_modules\router\index.js:297:9
    at processParams (C:\react project\x\the-karan-singh-vaidh\the-karan-singh-vaidh\server\node_modules\router\index.js:582:12)
    at next (C:\react project\x\the-karan-singh-vaidh\the-karan-singh-vaidh\server\node_modules\router\index.js:291:5)
    at logger (C:\react project\x\the-karan-singh-vaidh\the-karan-singh-vaidh\server\node_modules\morgan\index.js:144:5)
    at Layer.handleRequest (C:\react project\x\the-karan-singh-vaidh\the-karan-singh-vaidh\server\node_modules\router\lib\layer.js:152:17)
    at trimPrefix (C:\react project\x\the-karan-singh-vaidh\the-karan-singh-vaidh\server\node_modules\router\index.js:342:13)
    at C:\react project\x\the-karan-singh-vaidh\the-karan-singh-vaidh\server\node_modules\router\index.js:297:9

[2026-02-26T07:27:04.163Z] 404 - Not Found - /socket.io/?EIO=4&transport=polling&t=54ezjxwe
Error: Not Found - /socket.io/?EIO=4&transport=polling&t=54ezjxwe
    at notFound (C:\react project\x\the-karan-singh-vaidh\the-karan-singh-vaidh\server\middleware\errorMiddleware.js:2:19)
    at Layer.handleRequest (C:\react project\x\the-karan-singh-vaidh\the-karan-singh-vaidh\server\node_modules\router\lib\layer.js:152:17)
    at trimPrefix (C:\react project\x\the-karan-singh-vaidh\the-karan-singh-vaidh\server\node_modules\router\index.js:342:13)
    at C:\react project\x\the-karan-singh-vaidh\the-karan-singh-vaidh\server\node_modules\router\index.js:297:9
    at processParams (C:\react project\x\the-karan-singh-vaidh\the-karan-singh-vaidh\server\node_modules\router\index.js:582:12)
    at next (C:\react project\x\the-karan-singh-vaidh\the-karan-singh-vaidh\server\node_modules\router\index.js:291:5)
    at logger (C:\react project\x\the-karan-singh-vaidh\the-karan-singh-vaidh\server\node_modules\morgan\index.js:144:5)
    at Layer.handleRequest (C:\react project\x\the-karan-singh-vaidh\the-karan-singh-vaidh\server\node_modules\router\lib\layer.js:152:17)
    at trimPrefix (C:\react project\x\the-karan-singh-vaidh\the-karan-singh-vaidh\server\node_modules\router\index.js:342:13)
    at C:\react project\x\the-karan-singh-vaidh\the-karan-singh-vaidh\server\node_modules\router\index.js:297:9

[2026-02-26T07:27:07.152Z] 404 - Not Found - /socket.io/?EIO=4&transport=polling&t=54halft5
Error: Not Found - /socket.io/?EIO=4&transport=polling&t=54halft5
    at notFound (C:\react project\x\the-karan-singh-vaidh\the-karan-singh-vaidh\server\middleware\errorMiddleware.js:2:19)
    at Layer.handleRequest (C:\react project\x\the-karan-singh-vaidh\the-karan-singh-vaidh\server\node_modules\router\lib\layer.js:152:17)
    at trimPrefix (C:\react project\x\the-karan-singh-vaidh\the-karan-singh-vaidh\server\node_modules\router\index.js:342:13)
    at C:\react project\x\the-karan-singh-vaidh\the-karan-singh-vaidh\server\node_modules\router\index.js:297:9
    at processParams (C:\react project\x\the-karan-singh-vaidh\the-karan-singh-vaidh\server\node_modules\router\index.js:582:12)
    at next (C:\react project\x\the-karan-singh-vaidh\the-karan-singh-vaidh\server\node_modules\router\index.js:291:5)
    at logger (C:\react project\x\the-karan-singh-vaidh\the-karan-singh-vaidh\server\node_modules\morgan\index.js:144:5)
    at Layer.handleRequest (C:\react project\x\the-karan-singh-vaidh\the-karan-singh-vaidh\server\node_modules\router\lib\layer.js:152:17)
    at trimPrefix (C:\react project\x\the-karan-singh-vaidh\the-karan-singh-vaidh\server\node_modules\router\index.js:342:13)
    at C:\react project\x\the-karan-singh-vaidh\the-karan-singh-vaidh\server\node_modules\router\index.js:297:9

[2026-02-26T07:27:10.159Z] 404 - Not Found - /socket.io/?EIO=4&transport=polling&t=54jm5ady
Error: Not Found - /socket.io/?EIO=4&transport=polling&t=54jm5ady
    at notFound (C:\react project\x\the-karan-singh-vaidh\the-karan-singh-vaidh\server\middleware\errorMiddleware.js:2:19)
    at Layer.handleRequest (C:\react project\x\the-karan-singh-vaidh\the-karan-singh-vaidh\server\node_modules\router\lib\layer.js:152:17)
    at trimPrefix (C:\react project\x\the-karan-singh-vaidh\the-karan-singh-vaidh\server\node_modules\router\index.js:342:13)
    at C:\react project\x\the-karan-singh-vaidh\the-karan-singh-vaidh\server\node_modules\router\index.js:297:9
    at processParams (C:\react project\x\the-karan-singh-vaidh\the-karan-singh-vaidh\server\node_modules\router\index.js:582:12)
    at next (C:\react project\x\the-karan-singh-vaidh\the-karan-singh-vaidh\server\node_modules\router\index.js:291:5)
    at logger (C:\react project\x\the-karan-singh-vaidh\the-karan-singh-vaidh\server\node_modules\morgan\index.js:144:5)
    at Layer.handleRequest (C:\react project\x\the-karan-singh-vaidh\the-karan-singh-vaidh\server\node_modules\router\lib\layer.js:152:17)
    at trimPrefix (C:\react project\x\the-karan-singh-vaidh\the-karan-singh-vaidh\server\node_modules\router\index.js:342:13)
    at C:\react project\x\the-karan-singh-vaidh\the-karan-singh-vaidh\server\node_modules\router\index.js:297:9

[2026-02-26T07:27:13.166Z] 404 - Not Found - /socket.io/?EIO=4&transport=polling&t=54lxmddl
Error: Not Found - /socket.io/?EIO=4&transport=polling&t=54lxmddl
    at notFound (C:\react project\x\the-karan-singh-vaidh\the-karan-singh-vaidh\server\middleware\errorMiddleware.js:2:19)
    at Layer.handleRequest (C:\react project\x\the-karan-singh-vaidh\the-karan-singh-vaidh\server\node_modules\router\lib\layer.js:152:17)
    at trimPrefix (C:\react project\x\the-karan-singh-vaidh\the-karan-singh-vaidh\server\node_modules\router\index.js:342:13)
    at C:\react project\x\the-karan-singh-vaidh\the-karan-singh-vaidh\server\node_modules\router\index.js:297:9
    at processParams (C:\react project\x\the-karan-singh-vaidh\the-karan-singh-vaidh\server\node_modules\router\index.js:582:12)
    at next (C:\react project\x\the-karan-singh-vaidh\the-karan-singh-vaidh\server\node_modules\router\index.js:291:5)
    at logger (C:\react project\x\the-karan-singh-vaidh\the-karan-singh-vaidh\server\node_modules\morgan\index.js:144:5)
    at Layer.handleRequest (C:\react project\x\the-karan-singh-vaidh\the-karan-singh-vaidh\server\node_modules\router\lib\layer.js:152:17)
    at trimPrefix (C:\react project\x\the-karan-singh-vaidh\the-karan-singh-vaidh\server\node_modules\router\index.js:342:13)
    at C:\react project\x\the-karan-singh-vaidh\the-karan-singh-vaidh\server\node_modules\router\index.js:297:9

[2026-02-26T07:27:16.157Z] 404 - Not Found - /socket.io/?EIO=4&transport=polling&t=54o8qchf
Error: Not Found - /socket.io/?EIO=4&transport=polling&t=54o8qchf
    at notFound (C:\react project\x\the-karan-singh-vaidh\the-karan-singh-vaidh\server\middleware\errorMiddleware.js:2:19)
    at Layer.handleRequest (C:\react project\x\the-karan-singh-vaidh\the-karan-singh-vaidh\server\node_modules\router\lib\layer.js:152:17)
    at trimPrefix (C:\react project\x\the-karan-singh-vaidh\the-karan-singh-vaidh\server\node_modules\router\index.js:342:13)
    at C:\react project\x\the-karan-singh-vaidh\the-karan-singh-vaidh\server\node_modules\router\index.js:297:9
    at processParams (C:\react project\x\the-karan-singh-vaidh\the-karan-singh-vaidh\server\node_modules\router\index.js:582:12)
    at next (C:\react project\x\the-karan-singh-vaidh\the-karan-singh-vaidh\server\node_modules\router\index.js:291:5)
    at logger (C:\react project\x\the-karan-singh-vaidh\the-karan-singh-vaidh\server\node_modules\morgan\index.js:144:5)
    at Layer.handleRequest (C:\react project\x\the-karan-singh-vaidh\the-karan-singh-vaidh\server\node_modules\router\lib\layer.js:152:17)
    at trimPrefix (C:\react project\x\the-karan-singh-vaidh\the-karan-singh-vaidh\server\node_modules\router\index.js:342:13)
    at C:\react project\x\the-karan-singh-vaidh\the-karan-singh-vaidh\server\node_modules\router\index.js:297:9

[2026-02-26T07:27:19.156Z] 404 - Not Found - /socket.io/?EIO=4&transport=polling&t=54qk1m2h
Error: Not Found - /socket.io/?EIO=4&transport=polling&t=54qk1m2h
    at notFound (C:\react project\x\the-karan-singh-vaidh\the-karan-singh-vaidh\server\middleware\errorMiddleware.js:2:19)
    at Layer.handleRequest (C:\react project\x\the-karan-singh-vaidh\the-karan-singh-vaidh\server\node_modules\router\lib\layer.js:152:17)
    at trimPrefix (C:\react project\x\the-karan-singh-vaidh\the-karan-singh-vaidh\server\node_modules\router\index.js:342:13)
    at C:\react project\x\the-karan-singh-vaidh\the-karan-singh-vaidh\server\node_modules\router\index.js:297:9
    at processParams (C:\react project\x\the-karan-singh-vaidh\the-karan-singh-vaidh\server\node_modules\router\index.js:582:12)
    at next (C:\react project\x\the-karan-singh-vaidh\the-karan-singh-vaidh\server\node_modules\router\index.js:291:5)
    at logger (C:\react project\x\the-karan-singh-vaidh\the-karan-singh-vaidh\server\node_modules\morgan\index.js:144:5)
    at Layer.handleRequest (C:\react project\x\the-karan-singh-vaidh\the-karan-singh-vaidh\server\node_modules\router\lib\layer.js:152:17)
    at trimPrefix (C:\react project\x\the-karan-singh-vaidh\the-karan-singh-vaidh\server\node_modules\router\index.js:342:13)
    at C:\react project\x\the-karan-singh-vaidh\the-karan-singh-vaidh\server\node_modules\router\index.js:297:9

[2026-02-26T07:27:22.158Z] 404 - Not Found - /socket.io/?EIO=4&transport=polling&t=54svgg9f
Error: Not Found - /socket.io/?EIO=4&transport=polling&t=54svgg9f
    at notFound (C:\react project\x\the-karan-singh-vaidh\the-karan-singh-vaidh\server\middleware\errorMiddleware.js:2:19)
    at Layer.handleRequest (C:\react project\x\the-karan-singh-vaidh\the-karan-singh-vaidh\server\node_modules\router\lib\layer.js:152:17)
    at trimPrefix (C:\react project\x\the-karan-singh-vaidh\the-karan-singh-vaidh\server\node_modules\router\index.js:342:13)
    at C:\react project\x\the-karan-singh-vaidh\the-karan-singh-vaidh\server\node_modules\router\index.js:297:9
    at processParams (C:\react project\x\the-karan-singh-vaidh\the-karan-singh-vaidh\server\node_modules\router\index.js:582:12)
    at next (C:\react project\x\the-karan-singh-vaidh\the-karan-singh-vaidh\server\node_modules\router\index.js:291:5)
    at logger (C:\react project\x\the-karan-singh-vaidh\the-karan-singh-vaidh\server\node_modules\morgan\index.js:144:5)
    at Layer.handleRequest (C:\react project\x\the-karan-singh-vaidh\the-karan-singh-vaidh\server\node_modules\router\lib\layer.js:152:17)
    at trimPrefix (C:\react project\x\the-karan-singh-vaidh\the-karan-singh-vaidh\server\node_modules\router\index.js:342:13)
    at C:\react project\x\the-karan-singh-vaidh\the-karan-singh-vaidh\server\node_modules\router\index.js:297:9

[2026-02-26T07:27:24.167Z] 404 - Not Found - /socket.io/?EIO=4&transport=polling&t=54uf8ekq
Error: Not Found - /socket.io/?EIO=4&transport=polling&t=54uf8ekq
    at notFound (C:\react project\x\the-karan-singh-vaidh\the-karan-singh-vaidh\server\middleware\errorMiddleware.js:2:19)
    at Layer.handleRequest (C:\react project\x\the-karan-singh-vaidh\the-karan-singh-vaidh\server\node_modules\router\lib\layer.js:152:17)
    at trimPrefix (C:\react project\x\the-karan-singh-vaidh\the-karan-singh-vaidh\server\node_modules\router\index.js:342:13)
    at C:\react project\x\the-karan-singh-vaidh\the-karan-singh-vaidh\server\node_modules\router\index.js:297:9
    at processParams (C:\react project\x\the-karan-singh-vaidh\the-karan-singh-vaidh\server\node_modules\router\index.js:582:12)
    at next (C:\react project\x\the-karan-singh-vaidh\the-karan-singh-vaidh\server\node_modules\router\index.js:291:5)
    at logger (C:\react project\x\the-karan-singh-vaidh\the-karan-singh-vaidh\server\node_modules\morgan\index.js:144:5)
    at Layer.handleRequest (C:\react project\x\the-karan-singh-vaidh\the-karan-singh-vaidh\server\node_modules\router\lib\layer.js:152:17)
    at trimPrefix (C:\react project\x\the-karan-singh-vaidh\the-karan-singh-vaidh\server\node_modules\router\index.js:342:13)
    at C:\react project\x\the-karan-singh-vaidh\the-karan-singh-vaidh\server\node_modules\router\index.js:297:9

[2026-02-26T07:27:28.155Z] 404 - Not Found - /socket.io/?EIO=4&transport=polling&t=54xi062e
Error: Not Found - /socket.io/?EIO=4&transport=polling&t=54xi062e
    at notFound (C:\react project\x\the-karan-singh-vaidh\the-karan-singh-vaidh\server\middleware\errorMiddleware.js:2:19)
    at Layer.handleRequest (C:\react project\x\the-karan-singh-vaidh\the-karan-singh-vaidh\server\node_modules\router\lib\layer.js:152:17)
    at trimPrefix (C:\react project\x\the-karan-singh-vaidh\the-karan-singh-vaidh\server\node_modules\router\index.js:342:13)
    at C:\react project\x\the-karan-singh-vaidh\the-karan-singh-vaidh\server\node_modules\router\index.js:297:9
    at processParams (C:\react project\x\the-karan-singh-vaidh\the-karan-singh-vaidh\server\node_modules\router\index.js:582:12)
    at next (C:\react project\x\the-karan-singh-vaidh\the-karan-singh-vaidh\server\node_modules\router\index.js:291:5)
    at logger (C:\react project\x\the-karan-singh-vaidh\the-karan-singh-vaidh\server\node_modules\morgan\index.js:144:5)
    at Layer.handleRequest (C:\react project\x\the-karan-singh-vaidh\the-karan-singh-vaidh\server\node_modules\router\lib\layer.js:152:17)
    at trimPrefix (C:\react project\x\the-karan-singh-vaidh\the-karan-singh-vaidh\server\node_modules\router\index.js:342:13)
    at C:\react project\x\the-karan-singh-vaidh\the-karan-singh-vaidh\server\node_modules\router\index.js:297:9

[2026-02-26T07:27:29.178Z] 404 - Not Found - /socket.io/?EIO=4&transport=polling&t=54yaesei
Error: Not Found - /socket.io/?EIO=4&transport=polling&t=54yaesei
    at notFound (C:\react project\x\the-karan-singh-vaidh\the-karan-singh-vaidh\server\middleware\errorMiddleware.js:2:19)
    at Layer.handleRequest (C:\react project\x\the-karan-singh-vaidh\the-karan-singh-vaidh\server\node_modules\router\lib\layer.js:152:17)
    at trimPrefix (C:\react project\x\the-karan-singh-vaidh\the-karan-singh-vaidh\server\node_modules\router\index.js:342:13)
    at C:\react project\x\the-karan-singh-vaidh\the-karan-singh-vaidh\server\node_modules\router\index.js:297:9
    at processParams (C:\react project\x\the-karan-singh-vaidh\the-karan-singh-vaidh\server\node_modules\router\index.js:582:12)
    at next (C:\react project\x\the-karan-singh-vaidh\the-karan-singh-vaidh\server\node_modules\router\index.js:291:5)
    at logger (C:\react project\x\the-karan-singh-vaidh\the-karan-singh-vaidh\server\node_modules\morgan\index.js:144:5)
    at Layer.handleRequest (C:\react project\x\the-karan-singh-vaidh\the-karan-singh-vaidh\server\node_modules\router\lib\layer.js:152:17)
    at trimPrefix (C:\react project\x\the-karan-singh-vaidh\the-karan-singh-vaidh\server\node_modules\router\index.js:342:13)
    at C:\react project\x\the-karan-singh-vaidh\the-karan-singh-vaidh\server\node_modules\router\index.js:297:9

[2026-02-26T07:27:34.169Z] 404 - Not Found - /socket.io/?EIO=4&transport=polling&t=55251l9z
Error: Not Found - /socket.io/?EIO=4&transport=polling&t=55251l9z
    at notFound (C:\react project\x\the-karan-singh-vaidh\the-karan-singh-vaidh\server\middleware\errorMiddleware.js:2:19)
    at Layer.handleRequest (C:\react project\x\the-karan-singh-vaidh\the-karan-singh-vaidh\server\node_modules\router\lib\layer.js:152:17)
    at trimPrefix (C:\react project\x\the-karan-singh-vaidh\the-karan-singh-vaidh\server\node_modules\router\index.js:342:13)
    at C:\react project\x\the-karan-singh-vaidh\the-karan-singh-vaidh\server\node_modules\router\index.js:297:9
    at processParams (C:\react project\x\the-karan-singh-vaidh\the-karan-singh-vaidh\server\node_modules\router\index.js:582:12)
    at next (C:\react project\x\the-karan-singh-vaidh\the-karan-singh-vaidh\server\node_modules\router\index.js:291:5)
    at logger (C:\react project\x\the-karan-singh-vaidh\the-karan-singh-vaidh\server\node_modules\morgan\index.js:144:5)
    at Layer.handleRequest (C:\react project\x\the-karan-singh-vaidh\the-karan-singh-vaidh\server\node_modules\router\lib\layer.js:152:17)
    at trimPrefix (C:\react project\x\the-karan-singh-vaidh\the-karan-singh-vaidh\server\node_modules\router\index.js:342:13)
    at C:\react project\x\the-karan-singh-vaidh\the-karan-singh-vaidh\server\node_modules\router\index.js:297:9

[2026-02-26T07:27:34.198Z] 404 - Not Found - /socket.io/?EIO=4&transport=polling&t=5525v9ic
Error: Not Found - /socket.io/?EIO=4&transport=polling&t=5525v9ic
    at notFound (C:\react project\x\the-karan-singh-vaidh\the-karan-singh-vaidh\server\middleware\errorMiddleware.js:2:19)
    at Layer.handleRequest (C:\react project\x\the-karan-singh-vaidh\the-karan-singh-vaidh\server\node_modules\router\lib\layer.js:152:17)
    at trimPrefix (C:\react project\x\the-karan-singh-vaidh\the-karan-singh-vaidh\server\node_modules\router\index.js:342:13)
    at C:\react project\x\the-karan-singh-vaidh\the-karan-singh-vaidh\server\node_modules\router\index.js:297:9
    at processParams (C:\react project\x\the-karan-singh-vaidh\the-karan-singh-vaidh\server\node_modules\router\index.js:582:12)
    at next (C:\react project\x\the-karan-singh-vaidh\the-karan-singh-vaidh\server\node_modules\router\index.js:291:5)
    at logger (C:\react project\x\the-karan-singh-vaidh\the-karan-singh-vaidh\server\node_modules\morgan\index.js:144:5)
    at Layer.handleRequest (C:\react project\x\the-karan-singh-vaidh\the-karan-singh-vaidh\server\node_modules\router\lib\layer.js:152:17)
    at trimPrefix (C:\react project\x\the-karan-singh-vaidh\the-karan-singh-vaidh\server\node_modules\router\index.js:342:13)
    at C:\react project\x\the-karan-singh-vaidh\the-karan-singh-vaidh\server\node_modules\router\index.js:297:9

[2026-02-26T07:27:40.023Z] 404 - Not Found - /socket.io/?EIO=4&transport=polling&t=556nhw1f
Error: Not Found - /socket.io/?EIO=4&transport=polling&t=556nhw1f
    at notFound (C:\react project\x\the-karan-singh-vaidh\the-karan-singh-vaidh\server\middleware\errorMiddleware.js:2:19)
    at Layer.handleRequest (C:\react project\x\the-karan-singh-vaidh\the-karan-singh-vaidh\server\node_modules\router\lib\layer.js:152:17)
    at trimPrefix (C:\react project\x\the-karan-singh-vaidh\the-karan-singh-vaidh\server\node_modules\router\index.js:342:13)
    at C:\react project\x\the-karan-singh-vaidh\the-karan-singh-vaidh\server\node_modules\router\index.js:297:9
    at processParams (C:\react project\x\the-karan-singh-vaidh\the-karan-singh-vaidh\server\node_modules\router\index.js:582:12)
    at next (C:\react project\x\the-karan-singh-vaidh\the-karan-singh-vaidh\server\node_modules\router\index.js:291:5)
    at logger (C:\react project\x\the-karan-singh-vaidh\the-karan-singh-vaidh\server\node_modules\morgan\index.js:144:5)
    at Layer.handleRequest (C:\react project\x\the-karan-singh-vaidh\the-karan-singh-vaidh\server\node_modules\router\lib\layer.js:152:17)
    at trimPrefix (C:\react project\x\the-karan-singh-vaidh\the-karan-singh-vaidh\server\node_modules\router\index.js:342:13)
    at C:\react project\x\the-karan-singh-vaidh\the-karan-singh-vaidh\server\node_modules\router\index.js:297:9

[2026-02-26T07:27:40.162Z] 404 - Not Found - /socket.io/?EIO=4&transport=polling&t=556riueg
Error: Not Found - /socket.io/?EIO=4&transport=polling&t=556riueg
    at notFound (C:\react project\x\the-karan-singh-vaidh\the-karan-singh-vaidh\server\middleware\errorMiddleware.js:2:19)
    at Layer.handleRequest (C:\react project\x\the-karan-singh-vaidh\the-karan-singh-vaidh\server\node_modules\router\lib\layer.js:152:17)
    at trimPrefix (C:\react project\x\the-karan-singh-vaidh\the-karan-singh-vaidh\server\node_modules\router\index.js:342:13)
    at C:\react project\x\the-karan-singh-vaidh\the-karan-singh-vaidh\server\node_modules\router\index.js:297:9
    at processParams (C:\react project\x\the-karan-singh-vaidh\the-karan-singh-vaidh\server\node_modules\router\index.js:582:12)
    at next (C:\react project\x\the-karan-singh-vaidh\the-karan-singh-vaidh\server\node_modules\router\index.js:291:5)
    at logger (C:\react project\x\the-karan-singh-vaidh\the-karan-singh-vaidh\server\node_modules\morgan\index.js:144:5)
    at Layer.handleRequest (C:\react project\x\the-karan-singh-vaidh\the-karan-singh-vaidh\server\node_modules\router\lib\layer.js:152:17)
    at trimPrefix (C:\react project\x\the-karan-singh-vaidh\the-karan-singh-vaidh\server\node_modules\router\index.js:342:13)
    at C:\react project\x\the-karan-singh-vaidh\the-karan-singh-vaidh\server\node_modules\router\index.js:297:9

[2026-02-26T07:27:45.165Z] 404 - Not Found - /socket.io/?EIO=4&transport=polling&t=55amh8a9
Error: Not Found - /socket.io/?EIO=4&transport=polling&t=55amh8a9
    at notFound (C:\react project\x\the-karan-singh-vaidh\the-karan-singh-vaidh\server\middleware\errorMiddleware.js:2:19)
    at Layer.handleRequest (C:\react project\x\the-karan-singh-vaidh\the-karan-singh-vaidh\server\node_modules\router\lib\layer.js:152:17)
    at trimPrefix (C:\react project\x\the-karan-singh-vaidh\the-karan-singh-vaidh\server\node_modules\router\index.js:342:13)
    at C:\react project\x\the-karan-singh-vaidh\the-karan-singh-vaidh\server\node_modules\router\index.js:297:9
    at processParams (C:\react project\x\the-karan-singh-vaidh\the-karan-singh-vaidh\server\node_modules\router\index.js:582:12)
    at next (C:\react project\x\the-karan-singh-vaidh\the-karan-singh-vaidh\server\node_modules\router\index.js:291:5)
    at logger (C:\react project\x\the-karan-singh-vaidh\the-karan-singh-vaidh\server\node_modules\morgan\index.js:144:5)
    at Layer.handleRequest (C:\react project\x\the-karan-singh-vaidh\the-karan-singh-vaidh\server\node_modules\router\lib\layer.js:152:17)
    at trimPrefix (C:\react project\x\the-karan-singh-vaidh\the-karan-singh-vaidh\server\node_modules\router\index.js:342:13)
    at C:\react project\x\the-karan-singh-vaidh\the-karan-singh-vaidh\server\node_modules\router\index.js:297:9

[2026-02-26T07:27:45.265Z] 404 - Not Found - /socket.io/?EIO=4&transport=polling&t=55ap0far
Error: Not Found - /socket.io/?EIO=4&transport=polling&t=55ap0far
    at notFound (C:\react project\x\the-karan-singh-vaidh\the-karan-singh-vaidh\server\middleware\errorMiddleware.js:2:19)
    at Layer.handleRequest (C:\react project\x\the-karan-singh-vaidh\the-karan-singh-vaidh\server\node_modules\router\lib\layer.js:152:17)
    at trimPrefix (C:\react project\x\the-karan-singh-vaidh\the-karan-singh-vaidh\server\node_modules\router\index.js:342:13)
    at C:\react project\x\the-karan-singh-vaidh\the-karan-singh-vaidh\server\node_modules\router\index.js:297:9
    at processParams (C:\react project\x\the-karan-singh-vaidh\the-karan-singh-vaidh\server\node_modules\router\index.js:582:12)
    at next (C:\react project\x\the-karan-singh-vaidh\the-karan-singh-vaidh\server\node_modules\router\index.js:291:5)
    at logger (C:\react project\x\the-karan-singh-vaidh\the-karan-singh-vaidh\server\node_modules\morgan\index.js:144:5)
    at Layer.handleRequest (C:\react project\x\the-karan-singh-vaidh\the-karan-singh-vaidh\server\node_modules\router\lib\layer.js:152:17)
    at trimPrefix (C:\react project\x\the-karan-singh-vaidh\the-karan-singh-vaidh\server\node_modules\router\index.js:342:13)
    at C:\react project\x\the-karan-singh-vaidh\the-karan-singh-vaidh\server\node_modules\router\index.js:297:9

[2026-02-26T07:27:45.268Z] 404 - Not Found - /socket.io/?EIO=4&transport=polling&t=55ap9zxa
Error: Not Found - /socket.io/?EIO=4&transport=polling&t=55ap9zxa
    at notFound (C:\react project\x\the-karan-singh-vaidh\the-karan-singh-vaidh\server\middleware\errorMiddleware.js:2:19)
    at Layer.handleRequest (C:\react project\x\the-karan-singh-vaidh\the-karan-singh-vaidh\server\node_modules\router\lib\layer.js:152:17)
    at trimPrefix (C:\react project\x\the-karan-singh-vaidh\the-karan-singh-vaidh\server\node_modules\router\index.js:342:13)
    at C:\react project\x\the-karan-singh-vaidh\the-karan-singh-vaidh\server\node_modules\router\index.js:297:9
    at processParams (C:\react project\x\the-karan-singh-vaidh\the-karan-singh-vaidh\server\node_modules\router\index.js:582:12)
    at next (C:\react project\x\the-karan-singh-vaidh\the-karan-singh-vaidh\server\node_modules\router\index.js:291:5)
    at logger (C:\react project\x\the-karan-singh-vaidh\the-karan-singh-vaidh\server\node_modules\morgan\index.js:144:5)
    at Layer.handleRequest (C:\react project\x\the-karan-singh-vaidh\the-karan-singh-vaidh\server\node_modules\router\lib\layer.js:152:17)
    at trimPrefix (C:\react project\x\the-karan-singh-vaidh\the-karan-singh-vaidh\server\node_modules\router\index.js:342:13)
    at C:\react project\x\the-karan-singh-vaidh\the-karan-singh-vaidh\server\node_modules\router\index.js:297:9

[2026-02-26T07:27:45.358Z] 404 - Not Found - /socket.io/?EIO=4&transport=polling&t=55arusr7
Error: Not Found - /socket.io/?EIO=4&transport=polling&t=55arusr7
    at notFound (C:\react project\x\the-karan-singh-vaidh\the-karan-singh-vaidh\server\middleware\errorMiddleware.js:2:19)
    at Layer.handleRequest (C:\react project\x\the-karan-singh-vaidh\the-karan-singh-vaidh\server\node_modules\router\lib\layer.js:152:17)
    at trimPrefix (C:\react project\x\the-karan-singh-vaidh\the-karan-singh-vaidh\server\node_modules\router\index.js:342:13)
    at C:\react project\x\the-karan-singh-vaidh\the-karan-singh-vaidh\server\node_modules\router\index.js:297:9
    at processParams (C:\react project\x\the-karan-singh-vaidh\the-karan-singh-vaidh\server\node_modules\router\index.js:582:12)
    at next (C:\react project\x\the-karan-singh-vaidh\the-karan-singh-vaidh\server\node_modules\router\index.js:291:5)
    at logger (C:\react project\x\the-karan-singh-vaidh\the-karan-singh-vaidh\server\node_modules\morgan\index.js:144:5)
    at Layer.handleRequest (C:\react project\x\the-karan-singh-vaidh\the-karan-singh-vaidh\server\node_modules\router\lib\layer.js:152:17)
    at trimPrefix (C:\react project\x\the-karan-singh-vaidh\the-karan-singh-vaidh\server\node_modules\router\index.js:342:13)
    at C:\react project\x\the-karan-singh-vaidh\the-karan-singh-vaidh\server\node_modules\router\index.js:297:9

[2026-02-26T07:27:47.167Z] 404 - Not Found - /socket.io/?EIO=4&transport=polling&t=55c650c2
Error: Not Found - /socket.io/?EIO=4&transport=polling&t=55c650c2
    at notFound (C:\react project\x\the-karan-singh-vaidh\the-karan-singh-vaidh\server\middleware\errorMiddleware.js:2:19)
    at Layer.handleRequest (C:\react project\x\the-karan-singh-vaidh\the-karan-singh-vaidh\server\node_modules\router\lib\layer.js:152:17)
    at trimPrefix (C:\react project\x\the-karan-singh-vaidh\the-karan-singh-vaidh\server\node_modules\router\index.js:342:13)
    at C:\react project\x\the-karan-singh-vaidh\the-karan-singh-vaidh\server\node_modules\router\index.js:297:9
    at processParams (C:\react project\x\the-karan-singh-vaidh\the-karan-singh-vaidh\server\node_modules\router\index.js:582:12)
    at next (C:\react project\x\the-karan-singh-vaidh\the-karan-singh-vaidh\server\node_modules\router\index.js:291:5)
    at logger (C:\react project\x\the-karan-singh-vaidh\the-karan-singh-vaidh\server\node_modules\morgan\index.js:144:5)
    at Layer.handleRequest (C:\react project\x\the-karan-singh-vaidh\the-karan-singh-vaidh\server\node_modules\router\lib\layer.js:152:17)
    at trimPrefix (C:\react project\x\the-karan-singh-vaidh\the-karan-singh-vaidh\server\node_modules\router\index.js:342:13)
    at C:\react project\x\the-karan-singh-vaidh\the-karan-singh-vaidh\server\node_modules\router\index.js:297:9

[2026-02-26T07:35:10.324Z] 404 - Not Found - /uploads/1771937847708-75e6fcd2-bc72-47ae-961d-36f06e9ed9dc.jpg
Error: Not Found - /uploads/1771937847708-75e6fcd2-bc72-47ae-961d-36f06e9ed9dc.jpg
    at notFound (C:\react project\x\the-karan-singh-vaidh\the-karan-singh-vaidh\server\middleware\errorMiddleware.js:2:19)
    at Layer.handleRequest (C:\react project\x\the-karan-singh-vaidh\the-karan-singh-vaidh\server\node_modules\router\lib\layer.js:152:17)
    at trimPrefix (C:\react project\x\the-karan-singh-vaidh\the-karan-singh-vaidh\server\node_modules\router\index.js:342:13)
    at C:\react project\x\the-karan-singh-vaidh\the-karan-singh-vaidh\server\node_modules\router\index.js:297:9
    at processParams (C:\react project\x\the-karan-singh-vaidh\the-karan-singh-vaidh\server\node_modules\router\index.js:582:12)
    at next (C:\react project\x\the-karan-singh-vaidh\the-karan-singh-vaidh\server\node_modules\router\index.js:291:5)
    at SendStream.error (C:\react project\x\the-karan-singh-vaidh\the-karan-singh-vaidh\server\node_modules\serve-static\index.js:120:7)
    at SendStream.emit (node:events:517:28)
    at SendStream.error (C:\react project\x\the-karan-singh-vaidh\the-karan-singh-vaidh\server\node_modules\send\index.js:168:17)
    at SendStream.onStatError (C:\react project\x\the-karan-singh-vaidh\the-karan-singh-vaidh\server\node_modules\send\index.js:315:12)

[2026-02-26T07:35:10.331Z] 404 - Not Found - /uploads/1772022898124-cheerful-child-yellow-outfit_1308-168515.jpg
Error: Not Found - /uploads/1772022898124-cheerful-child-yellow-outfit_1308-168515.jpg
    at notFound (C:\react project\x\the-karan-singh-vaidh\the-karan-singh-vaidh\server\middleware\errorMiddleware.js:2:19)
    at Layer.handleRequest (C:\react project\x\the-karan-singh-vaidh\the-karan-singh-vaidh\server\node_modules\router\lib\layer.js:152:17)
    at trimPrefix (C:\react project\x\the-karan-singh-vaidh\the-karan-singh-vaidh\server\node_modules\router\index.js:342:13)
    at C:\react project\x\the-karan-singh-vaidh\the-karan-singh-vaidh\server\node_modules\router\index.js:297:9
    at processParams (C:\react project\x\the-karan-singh-vaidh\the-karan-singh-vaidh\server\node_modules\router\index.js:582:12)
    at next (C:\react project\x\the-karan-singh-vaidh\the-karan-singh-vaidh\server\node_modules\router\index.js:291:5)
    at SendStream.error (C:\react project\x\the-karan-singh-vaidh\the-karan-singh-vaidh\server\node_modules\serve-static\index.js:120:7)
    at SendStream.emit (node:events:517:28)
    at SendStream.error (C:\react project\x\the-karan-singh-vaidh\the-karan-singh-vaidh\server\node_modules\send\index.js:168:17)
    at SendStream.onStatError (C:\react project\x\the-karan-singh-vaidh\the-karan-singh-vaidh\server\node_modules\send\index.js:315:12)

[2026-02-26T07:37:06.964Z] 404 - Not Found - /uploads/1771937847708-75e6fcd2-bc72-47ae-961d-36f06e9ed9dc.jpg
Error: Not Found - /uploads/1771937847708-75e6fcd2-bc72-47ae-961d-36f06e9ed9dc.jpg
    at notFound (C:\react project\x\the-karan-singh-vaidh\the-karan-singh-vaidh\server\middleware\errorMiddleware.js:2:19)
    at Layer.handleRequest (C:\react project\x\the-karan-singh-vaidh\the-karan-singh-vaidh\server\node_modules\router\lib\layer.js:152:17)
    at trimPrefix (C:\react project\x\the-karan-singh-vaidh\the-karan-singh-vaidh\server\node_modules\router\index.js:342:13)
    at C:\react project\x\the-karan-singh-vaidh\the-karan-singh-vaidh\server\node_modules\router\index.js:297:9
    at processParams (C:\react project\x\the-karan-singh-vaidh\the-karan-singh-vaidh\server\node_modules\router\index.js:582:12)
    at next (C:\react project\x\the-karan-singh-vaidh\the-karan-singh-vaidh\server\node_modules\router\index.js:291:5)
    at SendStream.error (C:\react project\x\the-karan-singh-vaidh\the-karan-singh-vaidh\server\node_modules\serve-static\index.js:120:7)
    at SendStream.emit (node:events:517:28)
    at SendStream.error (C:\react project\x\the-karan-singh-vaidh\the-karan-singh-vaidh\server\node_modules\send\index.js:168:17)
    at SendStream.onStatError (C:\react project\x\the-karan-singh-vaidh\the-karan-singh-vaidh\server\node_modules\send\index.js:315:12)

[2026-02-26T07:37:06.966Z] 404 - Not Found - /uploads/1772022898124-cheerful-child-yellow-outfit_1308-168515.jpg
Error: Not Found - /uploads/1772022898124-cheerful-child-yellow-outfit_1308-168515.jpg
    at notFound (C:\react project\x\the-karan-singh-vaidh\the-karan-singh-vaidh\server\middleware\errorMiddleware.js:2:19)
    at Layer.handleRequest (C:\react project\x\the-karan-singh-vaidh\the-karan-singh-vaidh\server\node_modules\router\lib\layer.js:152:17)
    at trimPrefix (C:\react project\x\the-karan-singh-vaidh\the-karan-singh-vaidh\server\node_modules\router\index.js:342:13)
    at C:\react project\x\the-karan-singh-vaidh\the-karan-singh-vaidh\server\node_modules\router\index.js:297:9
    at processParams (C:\react project\x\the-karan-singh-vaidh\the-karan-singh-vaidh\server\node_modules\router\index.js:582:12)
    at next (C:\react project\x\the-karan-singh-vaidh\the-karan-singh-vaidh\server\node_modules\router\index.js:291:5)
    at SendStream.error (C:\react project\x\the-karan-singh-vaidh\the-karan-singh-vaidh\server\node_modules\serve-static\index.js:120:7)
    at SendStream.emit (node:events:517:28)
    at SendStream.error (C:\react project\x\the-karan-singh-vaidh\the-karan-singh-vaidh\server\node_modules\send\index.js:168:17)
    at SendStream.onStatError (C:\react project\x\the-karan-singh-vaidh\the-karan-singh-vaidh\server\node_modules\send\index.js:315:12)

[2026-02-26T07:37:15.240Z] 404 - Not Found - /uploads/1771937847708-75e6fcd2-bc72-47ae-961d-36f06e9ed9dc.jpg
Error: Not Found - /uploads/1771937847708-75e6fcd2-bc72-47ae-961d-36f06e9ed9dc.jpg
    at notFound (C:\react project\x\the-karan-singh-vaidh\the-karan-singh-vaidh\server\middleware\errorMiddleware.js:2:19)
    at Layer.handleRequest (C:\react project\x\the-karan-singh-vaidh\the-karan-singh-vaidh\server\node_modules\router\lib\layer.js:152:17)
    at trimPrefix (C:\react project\x\the-karan-singh-vaidh\the-karan-singh-vaidh\server\node_modules\router\index.js:342:13)
    at C:\react project\x\the-karan-singh-vaidh\the-karan-singh-vaidh\server\node_modules\router\index.js:297:9
    at processParams (C:\react project\x\the-karan-singh-vaidh\the-karan-singh-vaidh\server\node_modules\router\index.js:582:12)
    at next (C:\react project\x\the-karan-singh-vaidh\the-karan-singh-vaidh\server\node_modules\router\index.js:291:5)
    at SendStream.error (C:\react project\x\the-karan-singh-vaidh\the-karan-singh-vaidh\server\node_modules\serve-static\index.js:120:7)
    at SendStream.emit (node:events:517:28)
    at SendStream.error (C:\react project\x\the-karan-singh-vaidh\the-karan-singh-vaidh\server\node_modules\send\index.js:168:17)
    at SendStream.onStatError (C:\react project\x\the-karan-singh-vaidh\the-karan-singh-vaidh\server\node_modules\send\index.js:315:12)

[2026-02-26T07:37:15.243Z] 404 - Not Found - /uploads/1772022898124-cheerful-child-yellow-outfit_1308-168515.jpg
Error: Not Found - /uploads/1772022898124-cheerful-child-yellow-outfit_1308-168515.jpg
    at notFound (C:\react project\x\the-karan-singh-vaidh\the-karan-singh-vaidh\server\middleware\errorMiddleware.js:2:19)
    at Layer.handleRequest (C:\react project\x\the-karan-singh-vaidh\the-karan-singh-vaidh\server\node_modules\router\lib\layer.js:152:17)
    at trimPrefix (C:\react project\x\the-karan-singh-vaidh\the-karan-singh-vaidh\server\node_modules\router\index.js:342:13)
    at C:\react project\x\the-karan-singh-vaidh\the-karan-singh-vaidh\server\node_modules\router\index.js:297:9
    at processParams (C:\react project\x\the-karan-singh-vaidh\the-karan-singh-vaidh\server\node_modules\router\index.js:582:12)
    at next (C:\react project\x\the-karan-singh-vaidh\the-karan-singh-vaidh\server\node_modules\router\index.js:291:5)
    at SendStream.error (C:\react project\x\the-karan-singh-vaidh\the-karan-singh-vaidh\server\node_modules\serve-static\index.js:120:7)
    at SendStream.emit (node:events:517:28)
    at SendStream.error (C:\react project\x\the-karan-singh-vaidh\the-karan-singh-vaidh\server\node_modules\send\index.js:168:17)
    at SendStream.onStatError (C:\react project\x\the-karan-singh-vaidh\the-karan-singh-vaidh\server\node_modules\send\index.js:315:12)

[2026-02-26T07:39:36.249Z] 404 - Not Found - /uploads/1771937847708-75e6fcd2-bc72-47ae-961d-36f06e9ed9dc.jpg
Error: Not Found - /uploads/1771937847708-75e6fcd2-bc72-47ae-961d-36f06e9ed9dc.jpg
    at notFound (C:\react project\x\the-karan-singh-vaidh\the-karan-singh-vaidh\server\middleware\errorMiddleware.js:2:19)
    at Layer.handleRequest (C:\react project\x\the-karan-singh-vaidh\the-karan-singh-vaidh\server\node_modules\router\lib\layer.js:152:17)
    at trimPrefix (C:\react project\x\the-karan-singh-vaidh\the-karan-singh-vaidh\server\node_modules\router\index.js:342:13)
    at C:\react project\x\the-karan-singh-vaidh\the-karan-singh-vaidh\server\node_modules\router\index.js:297:9
    at processParams (C:\react project\x\the-karan-singh-vaidh\the-karan-singh-vaidh\server\node_modules\router\index.js:582:12)
    at next (C:\react project\x\the-karan-singh-vaidh\the-karan-singh-vaidh\server\node_modules\router\index.js:291:5)
    at SendStream.error (C:\react project\x\the-karan-singh-vaidh\the-karan-singh-vaidh\server\node_modules\serve-static\index.js:120:7)
    at SendStream.emit (node:events:517:28)
    at SendStream.error (C:\react project\x\the-karan-singh-vaidh\the-karan-singh-vaidh\server\node_modules\send\index.js:168:17)
    at SendStream.onStatError (C:\react project\x\the-karan-singh-vaidh\the-karan-singh-vaidh\server\node_modules\send\index.js:315:12)

[2026-02-26T07:39:36.252Z] 404 - Not Found - /uploads/1772022898124-cheerful-child-yellow-outfit_1308-168515.jpg
Error: Not Found - /uploads/1772022898124-cheerful-child-yellow-outfit_1308-168515.jpg
    at notFound (C:\react project\x\the-karan-singh-vaidh\the-karan-singh-vaidh\server\middleware\errorMiddleware.js:2:19)
    at Layer.handleRequest (C:\react project\x\the-karan-singh-vaidh\the-karan-singh-vaidh\server\node_modules\router\lib\layer.js:152:17)
    at trimPrefix (C:\react project\x\the-karan-singh-vaidh\the-karan-singh-vaidh\server\node_modules\router\index.js:342:13)
    at C:\react project\x\the-karan-singh-vaidh\the-karan-singh-vaidh\server\node_modules\router\index.js:297:9
    at processParams (C:\react project\x\the-karan-singh-vaidh\the-karan-singh-vaidh\server\node_modules\router\index.js:582:12)
    at next (C:\react project\x\the-karan-singh-vaidh\the-karan-singh-vaidh\server\node_modules\router\index.js:291:5)
    at SendStream.error (C:\react project\x\the-karan-singh-vaidh\the-karan-singh-vaidh\server\node_modules\serve-static\index.js:120:7)
    at SendStream.emit (node:events:517:28)
    at SendStream.error (C:\react project\x\the-karan-singh-vaidh\the-karan-singh-vaidh\server\node_modules\send\index.js:168:17)
    at SendStream.onStatError (C:\react project\x\the-karan-singh-vaidh\the-karan-singh-vaidh\server\node_modules\send\index.js:315:12)

[2026-02-26T07:41:47.123Z] 404 - Not Found - /uploads/1771937847708-75e6fcd2-bc72-47ae-961d-36f06e9ed9dc.jpg
Error: Not Found - /uploads/1771937847708-75e6fcd2-bc72-47ae-961d-36f06e9ed9dc.jpg
    at notFound (C:\react project\x\the-karan-singh-vaidh\the-karan-singh-vaidh\server\middleware\errorMiddleware.js:2:19)
    at Layer.handleRequest (C:\react project\x\the-karan-singh-vaidh\the-karan-singh-vaidh\server\node_modules\router\lib\layer.js:152:17)
    at trimPrefix (C:\react project\x\the-karan-singh-vaidh\the-karan-singh-vaidh\server\node_modules\router\index.js:342:13)
    at C:\react project\x\the-karan-singh-vaidh\the-karan-singh-vaidh\server\node_modules\router\index.js:297:9
    at processParams (C:\react project\x\the-karan-singh-vaidh\the-karan-singh-vaidh\server\node_modules\router\index.js:582:12)
    at next (C:\react project\x\the-karan-singh-vaidh\the-karan-singh-vaidh\server\node_modules\router\index.js:291:5)
    at SendStream.error (C:\react project\x\the-karan-singh-vaidh\the-karan-singh-vaidh\server\node_modules\serve-static\index.js:120:7)
    at SendStream.emit (node:events:517:28)
    at SendStream.error (C:\react project\x\the-karan-singh-vaidh\the-karan-singh-vaidh\server\node_modules\send\index.js:168:17)
    at SendStream.onStatError (C:\react project\x\the-karan-singh-vaidh\the-karan-singh-vaidh\server\node_modules\send\index.js:315:12)

[2026-02-26T07:41:47.126Z] 404 - Not Found - /uploads/1772022898124-cheerful-child-yellow-outfit_1308-168515.jpg
Error: Not Found - /uploads/1772022898124-cheerful-child-yellow-outfit_1308-168515.jpg
    at notFound (C:\react project\x\the-karan-singh-vaidh\the-karan-singh-vaidh\server\middleware\errorMiddleware.js:2:19)
    at Layer.handleRequest (C:\react project\x\the-karan-singh-vaidh\the-karan-singh-vaidh\server\node_modules\router\lib\layer.js:152:17)
    at trimPrefix (C:\react project\x\the-karan-singh-vaidh\the-karan-singh-vaidh\server\node_modules\router\index.js:342:13)
    at C:\react project\x\the-karan-singh-vaidh\the-karan-singh-vaidh\server\node_modules\router\index.js:297:9
    at processParams (C:\react project\x\the-karan-singh-vaidh\the-karan-singh-vaidh\server\node_modules\router\index.js:582:12)
    at next (C:\react project\x\the-karan-singh-vaidh\the-karan-singh-vaidh\server\node_modules\router\index.js:291:5)
    at SendStream.error (C:\react project\x\the-karan-singh-vaidh\the-karan-singh-vaidh\server\node_modules\serve-static\index.js:120:7)
    at SendStream.emit (node:events:517:28)
    at SendStream.error (C:\react project\x\the-karan-singh-vaidh\the-karan-singh-vaidh\server\node_modules\send\index.js:168:17)
    at SendStream.onStatError (C:\react project\x\the-karan-singh-vaidh\the-karan-singh-vaidh\server\node_modules\send\index.js:315:12)

[2026-02-26T07:41:47.128Z] 404 - Not Found - /uploads/1772091646986-75e6fcd2-bc72-47ae-961d-36f06e9ed9dc.jpg
Error: Not Found - /uploads/1772091646986-75e6fcd2-bc72-47ae-961d-36f06e9ed9dc.jpg
    at notFound (C:\react project\x\the-karan-singh-vaidh\the-karan-singh-vaidh\server\middleware\errorMiddleware.js:2:19)
    at Layer.handleRequest (C:\react project\x\the-karan-singh-vaidh\the-karan-singh-vaidh\server\node_modules\router\lib\layer.js:152:17)
    at trimPrefix (C:\react project\x\the-karan-singh-vaidh\the-karan-singh-vaidh\server\node_modules\router\index.js:342:13)
    at C:\react project\x\the-karan-singh-vaidh\the-karan-singh-vaidh\server\node_modules\router\index.js:297:9
    at processParams (C:\react project\x\the-karan-singh-vaidh\the-karan-singh-vaidh\server\node_modules\router\index.js:582:12)
    at next (C:\react project\x\the-karan-singh-vaidh\the-karan-singh-vaidh\server\node_modules\router\index.js:291:5)
    at SendStream.error (C:\react project\x\the-karan-singh-vaidh\the-karan-singh-vaidh\server\node_modules\serve-static\index.js:120:7)
    at SendStream.emit (node:events:517:28)
    at SendStream.error (C:\react project\x\the-karan-singh-vaidh\the-karan-singh-vaidh\server\node_modules\send\index.js:168:17)
    at SendStream.onStatError (C:\react project\x\the-karan-singh-vaidh\the-karan-singh-vaidh\server\node_modules\send\index.js:315:12)

[2026-02-26T07:41:53.080Z] 404 - Not Found - /uploads/1771937847708-75e6fcd2-bc72-47ae-961d-36f06e9ed9dc.jpg
Error: Not Found - /uploads/1771937847708-75e6fcd2-bc72-47ae-961d-36f06e9ed9dc.jpg
    at notFound (C:\react project\x\the-karan-singh-vaidh\the-karan-singh-vaidh\server\middleware\errorMiddleware.js:2:19)
    at Layer.handleRequest (C:\react project\x\the-karan-singh-vaidh\the-karan-singh-vaidh\server\node_modules\router\lib\layer.js:152:17)
    at trimPrefix (C:\react project\x\the-karan-singh-vaidh\the-karan-singh-vaidh\server\node_modules\router\index.js:342:13)
    at C:\react project\x\the-karan-singh-vaidh\the-karan-singh-vaidh\server\node_modules\router\index.js:297:9
    at processParams (C:\react project\x\the-karan-singh-vaidh\the-karan-singh-vaidh\server\node_modules\router\index.js:582:12)
    at next (C:\react project\x\the-karan-singh-vaidh\the-karan-singh-vaidh\server\node_modules\router\index.js:291:5)
    at SendStream.error (C:\react project\x\the-karan-singh-vaidh\the-karan-singh-vaidh\server\node_modules\serve-static\index.js:120:7)
    at SendStream.emit (node:events:517:28)
    at SendStream.error (C:\react project\x\the-karan-singh-vaidh\the-karan-singh-vaidh\server\node_modules\send\index.js:168:17)
    at SendStream.onStatError (C:\react project\x\the-karan-singh-vaidh\the-karan-singh-vaidh\server\node_modules\send\index.js:315:12)

[2026-02-26T07:42:56.895Z] 404 - Not Found - /uploads/1772091646986-75e6fcd2-bc72-47ae-961d-36f06e9ed9dc.jpg
Error: Not Found - /uploads/1772091646986-75e6fcd2-bc72-47ae-961d-36f06e9ed9dc.jpg
    at notFound (C:\react project\x\the-karan-singh-vaidh\the-karan-singh-vaidh\server\middleware\errorMiddleware.js:2:19)
    at Layer.handleRequest (C:\react project\x\the-karan-singh-vaidh\the-karan-singh-vaidh\server\node_modules\router\lib\layer.js:152:17)
    at trimPrefix (C:\react project\x\the-karan-singh-vaidh\the-karan-singh-vaidh\server\node_modules\router\index.js:342:13)
    at C:\react project\x\the-karan-singh-vaidh\the-karan-singh-vaidh\server\node_modules\router\index.js:297:9
    at processParams (C:\react project\x\the-karan-singh-vaidh\the-karan-singh-vaidh\server\node_modules\router\index.js:582:12)
    at next (C:\react project\x\the-karan-singh-vaidh\the-karan-singh-vaidh\server\node_modules\router\index.js:291:5)
    at SendStream.error (C:\react project\x\the-karan-singh-vaidh\the-karan-singh-vaidh\server\node_modules\serve-static\index.js:120:7)
    at SendStream.emit (node:events:517:28)
    at SendStream.error (C:\react project\x\the-karan-singh-vaidh\the-karan-singh-vaidh\server\node_modules\send\index.js:168:17)
    at SendStream.onStatError (C:\react project\x\the-karan-singh-vaidh\the-karan-singh-vaidh\server\node_modules\send\index.js:315:12)

[2026-02-26T07:42:56.909Z] 404 - Not Found - /uploads/1772091646986-75e6fcd2-bc72-47ae-961d-36f06e9ed9dc.jpg
Error: Not Found - /uploads/1772091646986-75e6fcd2-bc72-47ae-961d-36f06e9ed9dc.jpg
    at notFound (C:\react project\x\the-karan-singh-vaidh\the-karan-singh-vaidh\server\middleware\errorMiddleware.js:2:19)
    at Layer.handleRequest (C:\react project\x\the-karan-singh-vaidh\the-karan-singh-vaidh\server\node_modules\router\lib\layer.js:152:17)
    at trimPrefix (C:\react project\x\the-karan-singh-vaidh\the-karan-singh-vaidh\server\node_modules\router\index.js:342:13)
    at C:\react project\x\the-karan-singh-vaidh\the-karan-singh-vaidh\server\node_modules\router\index.js:297:9
    at processParams (C:\react project\x\the-karan-singh-vaidh\the-karan-singh-vaidh\server\node_modules\router\index.js:582:12)
    at next (C:\react project\x\the-karan-singh-vaidh\the-karan-singh-vaidh\server\node_modules\router\index.js:291:5)
    at SendStream.error (C:\react project\x\the-karan-singh-vaidh\the-karan-singh-vaidh\server\node_modules\serve-static\index.js:120:7)
    at SendStream.emit (node:events:517:28)
    at SendStream.error (C:\react project\x\the-karan-singh-vaidh\the-karan-singh-vaidh\server\node_modules\send\index.js:168:17)
    at SendStream.onStatError (C:\react project\x\the-karan-singh-vaidh\the-karan-singh-vaidh\server\node_modules\send\index.js:315:12)

[2026-02-27T09:12:30.038Z] 404 - Not Found - /uploads/image-1769185991969.png
Error: Not Found - /uploads/image-1769185991969.png
    at notFound (C:\react project\x\the-karan-singh-vaidh\the-karan-singh-vaidh\server\middleware\errorMiddleware.js:2:19)
    at Layer.handleRequest (C:\react project\x\the-karan-singh-vaidh\the-karan-singh-vaidh\server\node_modules\router\lib\layer.js:152:17)
    at trimPrefix (C:\react project\x\the-karan-singh-vaidh\the-karan-singh-vaidh\server\node_modules\router\index.js:342:13)
    at C:\react project\x\the-karan-singh-vaidh\the-karan-singh-vaidh\server\node_modules\router\index.js:297:9
    at processParams (C:\react project\x\the-karan-singh-vaidh\the-karan-singh-vaidh\server\node_modules\router\index.js:582:12)
    at next (C:\react project\x\the-karan-singh-vaidh\the-karan-singh-vaidh\server\node_modules\router\index.js:291:5)
    at SendStream.error (C:\react project\x\the-karan-singh-vaidh\the-karan-singh-vaidh\server\node_modules\serve-static\index.js:120:7)
    at SendStream.emit (node:events:517:28)
    at SendStream.error (C:\react project\x\the-karan-singh-vaidh\the-karan-singh-vaidh\server\node_modules\send\index.js:168:17)
    at SendStream.onStatError (C:\react project\x\the-karan-singh-vaidh\the-karan-singh-vaidh\server\node_modules\send\index.js:315:12)

[2026-02-28T04:55:59.531Z] 404 - Not Found - /uploads/image-1769185991969.png
Error: Not Found - /uploads/image-1769185991969.png
    at notFound (C:\react project\x\the-karan-singh-vaidh\the-karan-singh-vaidh\server\middleware\errorMiddleware.js:2:19)
    at Layer.handleRequest (C:\react project\x\the-karan-singh-vaidh\the-karan-singh-vaidh\server\node_modules\router\lib\layer.js:152:17)
    at trimPrefix (C:\react project\x\the-karan-singh-vaidh\the-karan-singh-vaidh\server\node_modules\router\index.js:342:13)
    at C:\react project\x\the-karan-singh-vaidh\the-karan-singh-vaidh\server\node_modules\router\index.js:297:9
    at processParams (C:\react project\x\the-karan-singh-vaidh\the-karan-singh-vaidh\server\node_modules\router\index.js:582:12)
    at next (C:\react project\x\the-karan-singh-vaidh\the-karan-singh-vaidh\server\node_modules\router\index.js:291:5)
    at SendStream.error (C:\react project\x\the-karan-singh-vaidh\the-karan-singh-vaidh\server\node_modules\serve-static\index.js:120:7)
    at SendStream.emit (node:events:517:28)
    at SendStream.error (C:\react project\x\the-karan-singh-vaidh\the-karan-singh-vaidh\server\node_modules\send\index.js:168:17)
    at SendStream.onStatError (C:\react project\x\the-karan-singh-vaidh\the-karan-singh-vaidh\server\node_modules\send\index.js:315:12)

[2026-03-01T13:04:24.218Z] 404 - Not Found - /api/blogs
Error: Not Found - /api/blogs
    at notFound (C:\react project\x\the-karan-singh-vaidh\the-karan-singh-vaidh\server\middleware\errorMiddleware.js:2:19)
    at Layer.handleRequest (C:\react project\x\the-karan-singh-vaidh\the-karan-singh-vaidh\server\node_modules\router\lib\layer.js:152:17)
    at trimPrefix (C:\react project\x\the-karan-singh-vaidh\the-karan-singh-vaidh\server\node_modules\router\index.js:342:13)
    at C:\react project\x\the-karan-singh-vaidh\the-karan-singh-vaidh\server\node_modules\router\index.js:297:9
    at processParams (C:\react project\x\the-karan-singh-vaidh\the-karan-singh-vaidh\server\node_modules\router\index.js:582:12)
    at next (C:\react project\x\the-karan-singh-vaidh\the-karan-singh-vaidh\server\node_modules\router\index.js:291:5)
    at logger (C:\react project\x\the-karan-singh-vaidh\the-karan-singh-vaidh\server\node_modules\morgan\index.js:144:5)
    at Layer.handleRequest (C:\react project\x\the-karan-singh-vaidh\the-karan-singh-vaidh\server\node_modules\router\lib\layer.js:152:17)
    at trimPrefix (C:\react project\x\the-karan-singh-vaidh\the-karan-singh-vaidh\server\node_modules\router\index.js:342:13)
    at C:\react project\x\the-karan-singh-vaidh\the-karan-singh-vaidh\server\node_modules\router\index.js:297:9

[2026-03-01T13:04:24.236Z] 404 - Not Found - /api/blogs
Error: Not Found - /api/blogs
    at notFound (C:\react project\x\the-karan-singh-vaidh\the-karan-singh-vaidh\server\middleware\errorMiddleware.js:2:19)
    at Layer.handleRequest (C:\react project\x\the-karan-singh-vaidh\the-karan-singh-vaidh\server\node_modules\router\lib\layer.js:152:17)
    at trimPrefix (C:\react project\x\the-karan-singh-vaidh\the-karan-singh-vaidh\server\node_modules\router\index.js:342:13)
    at C:\react project\x\the-karan-singh-vaidh\the-karan-singh-vaidh\server\node_modules\router\index.js:297:9
    at processParams (C:\react project\x\the-karan-singh-vaidh\the-karan-singh-vaidh\server\node_modules\router\index.js:582:12)
    at next (C:\react project\x\the-karan-singh-vaidh\the-karan-singh-vaidh\server\node_modules\router\index.js:291:5)
    at logger (C:\react project\x\the-karan-singh-vaidh\the-karan-singh-vaidh\server\node_modules\morgan\index.js:144:5)
    at Layer.handleRequest (C:\react project\x\the-karan-singh-vaidh\the-karan-singh-vaidh\server\node_modules\router\lib\layer.js:152:17)
    at trimPrefix (C:\react project\x\the-karan-singh-vaidh\the-karan-singh-vaidh\server\node_modules\router\index.js:342:13)
    at C:\react project\x\the-karan-singh-vaidh\the-karan-singh-vaidh\server\node_modules\router\index.js:297:9

[2026-03-01T16:22:53.817Z] 401 - Not authorized, token failed
Error: Not authorized, token failed
    at C:\react project\x\the-karan-singh-vaidh\the-karan-singh-vaidh\server\middleware\authMiddleware.js:27:19
    at asyncUtilWrap (C:\react project\x\the-karan-singh-vaidh\the-karan-singh-vaidh\server\node_modules\express-async-handler\index.js:3:20)
    at Layer.handleRequest (C:\react project\x\the-karan-singh-vaidh\the-karan-singh-vaidh\server\node_modules\router\lib\layer.js:152:17)
    at next (C:\react project\x\the-karan-singh-vaidh\the-karan-singh-vaidh\server\node_modules\router\lib\route.js:157:13)
    at Route.dispatch (C:\react project\x\the-karan-singh-vaidh\the-karan-singh-vaidh\server\node_modules\router\lib\route.js:117:3)
    at handle (C:\react project\x\the-karan-singh-vaidh\the-karan-singh-vaidh\server\node_modules\router\index.js:435:11)
    at Layer.handleRequest (C:\react project\x\the-karan-singh-vaidh\the-karan-singh-vaidh\server\node_modules\router\lib\layer.js:152:17)
    at C:\react project\x\the-karan-singh-vaidh\the-karan-singh-vaidh\server\node_modules\router\index.js:295:15
    at processParams (C:\react project\x\the-karan-singh-vaidh\the-karan-singh-vaidh\server\node_modules\router\index.js:582:12)
    at next (C:\react project\x\the-karan-singh-vaidh\the-karan-singh-vaidh\server\node_modules\router\index.js:291:5)

[2026-03-01T16:22:53.833Z] 401 - Not authorized, token failed
Error: Not authorized, token failed
    at C:\react project\x\the-karan-singh-vaidh\the-karan-singh-vaidh\server\middleware\authMiddleware.js:27:19
    at asyncUtilWrap (C:\react project\x\the-karan-singh-vaidh\the-karan-singh-vaidh\server\node_modules\express-async-handler\index.js:3:20)
    at Layer.handleRequest (C:\react project\x\the-karan-singh-vaidh\the-karan-singh-vaidh\server\node_modules\router\lib\layer.js:152:17)
    at next (C:\react project\x\the-karan-singh-vaidh\the-karan-singh-vaidh\server\node_modules\router\lib\route.js:157:13)
    at Route.dispatch (C:\react project\x\the-karan-singh-vaidh\the-karan-singh-vaidh\server\node_modules\router\lib\route.js:117:3)
    at handle (C:\react project\x\the-karan-singh-vaidh\the-karan-singh-vaidh\server\node_modules\router\index.js:435:11)
    at Layer.handleRequest (C:\react project\x\the-karan-singh-vaidh\the-karan-singh-vaidh\server\node_modules\router\lib\layer.js:152:17)
    at C:\react project\x\the-karan-singh-vaidh\the-karan-singh-vaidh\server\node_modules\router\index.js:295:15
    at processParams (C:\react project\x\the-karan-singh-vaidh\the-karan-singh-vaidh\server\node_modules\router\index.js:582:12)
    at next (C:\react project\x\the-karan-singh-vaidh\the-karan-singh-vaidh\server\node_modules\router\index.js:291:5)

[2026-03-01T16:22:55.725Z] 401 - Invalid email or password
Error: Invalid email or password
    at C:\react project\x\the-karan-singh-vaidh\the-karan-singh-vaidh\server\controllers\authController.js:40:23

[2026-03-21T14:40:36.754Z] 401 - Not authorized, token failed
Error: Not authorized, token failed
    at C:\react project\x\the-karan-singh-vaidh\the-karan-singh-vaidh\server\middleware\authMiddleware.js:27:19
    at asyncUtilWrap (C:\react project\x\the-karan-singh-vaidh\the-karan-singh-vaidh\server\node_modules\express-async-handler\index.js:3:20)
    at Layer.handleRequest (C:\react project\x\the-karan-singh-vaidh\the-karan-singh-vaidh\server\node_modules\router\lib\layer.js:152:17)
    at next (C:\react project\x\the-karan-singh-vaidh\the-karan-singh-vaidh\server\node_modules\router\lib\route.js:157:13)
    at Route.dispatch (C:\react project\x\the-karan-singh-vaidh\the-karan-singh-vaidh\server\node_modules\router\lib\route.js:117:3)
    at handle (C:\react project\x\the-karan-singh-vaidh\the-karan-singh-vaidh\server\node_modules\router\index.js:435:11)
    at Layer.handleRequest (C:\react project\x\the-karan-singh-vaidh\the-karan-singh-vaidh\server\node_modules\router\lib\layer.js:152:17)
    at C:\react project\x\the-karan-singh-vaidh\the-karan-singh-vaidh\server\node_modules\router\index.js:295:15
    at processParams (C:\react project\x\the-karan-singh-vaidh\the-karan-singh-vaidh\server\node_modules\router\index.js:582:12)
    at next (C:\react project\x\the-karan-singh-vaidh\the-karan-singh-vaidh\server\node_modules\router\index.js:291:5)

[2026-03-21T14:40:36.763Z] 401 - Not authorized, token failed
Error: Not authorized, token failed
    at C:\react project\x\the-karan-singh-vaidh\the-karan-singh-vaidh\server\middleware\authMiddleware.js:27:19
    at asyncUtilWrap (C:\react project\x\the-karan-singh-vaidh\the-karan-singh-vaidh\server\node_modules\express-async-handler\index.js:3:20)
    at Layer.handleRequest (C:\react project\x\the-karan-singh-vaidh\the-karan-singh-vaidh\server\node_modules\router\lib\layer.js:152:17)
    at next (C:\react project\x\the-karan-singh-vaidh\the-karan-singh-vaidh\server\node_modules\router\lib\route.js:157:13)
    at Route.dispatch (C:\react project\x\the-karan-singh-vaidh\the-karan-singh-vaidh\server\node_modules\router\lib\route.js:117:3)
    at handle (C:\react project\x\the-karan-singh-vaidh\the-karan-singh-vaidh\server\node_modules\router\index.js:435:11)
    at Layer.handleRequest (C:\react project\x\the-karan-singh-vaidh\the-karan-singh-vaidh\server\node_modules\router\lib\layer.js:152:17)
    at C:\react project\x\the-karan-singh-vaidh\the-karan-singh-vaidh\server\node_modules\router\index.js:295:15
    at processParams (C:\react project\x\the-karan-singh-vaidh\the-karan-singh-vaidh\server\node_modules\router\index.js:582:12)
    at next (C:\react project\x\the-karan-singh-vaidh\the-karan-singh-vaidh\server\node_modules\router\index.js:291:5)

[2026-03-21T14:40:38.377Z] 401 - Invalid email or password
Error: Invalid email or password
    at C:\react project\x\the-karan-singh-vaidh\the-karan-singh-vaidh\server\controllers\authController.js:45:19
    at process.processTicksAndRejections (node:internal/process/task_queues:95:5)

[2026-03-21T14:40:49.788Z] 401 - Invalid email or password
Error: Invalid email or password
    at C:\react project\x\the-karan-singh-vaidh\the-karan-singh-vaidh\server\controllers\authController.js:45:19
    at process.processTicksAndRejections (node:internal/process/task_queues:95:5)

[2026-03-21T14:42:20.931Z] 401 - Invalid email or password
Error: Invalid email or password
    at C:\react project\x\the-karan-singh-vaidh\the-karan-singh-vaidh\server\controllers\authController.js:40:23

[2026-03-21T14:42:24.850Z] 401 - Invalid email or password
Error: Invalid email or password
    at C:\react project\x\the-karan-singh-vaidh\the-karan-singh-vaidh\server\controllers\authController.js:45:19
    at process.processTicksAndRejections (node:internal/process/task_queues:95:5)

[2026-03-22T14:12:23.156Z] 401 - Invalid email or password
Error: Invalid email or password
    at C:\react project\x\the-karan-singh-vaidh\the-karan-singh-vaidh\server\controllers\authController.js:40:23

[2026-03-22T14:12:31.967Z] 401 - Invalid email or password
Error: Invalid email or password
    at C:\react project\x\the-karan-singh-vaidh\the-karan-singh-vaidh\server\controllers\authController.js:45:19
    at process.processTicksAndRejections (node:internal/process/task_queues:95:5)

[2026-03-28T09:29:12.997Z] 401 - Invalid email or password
Error: Invalid email or password
    at C:\react project\x\the-karan-singh-vaidh\the-karan-singh-vaidh\server\controllers\authController.js:40:23

[2026-03-28T09:29:23.461Z] 401 - Invalid email or password
Error: Invalid email or password
    at C:\react project\x\the-karan-singh-vaidh\the-karan-singh-vaidh\server\controllers\authController.js:40:23

[2026-03-28T09:29:28.991Z] 401 - Invalid email or password
Error: Invalid email or password
    at C:\react project\x\the-karan-singh-vaidh\the-karan-singh-vaidh\server\controllers\authController.js:40:23

[2026-03-28T09:29:36.954Z] 401 - Invalid email or password
Error: Invalid email or password
    at C:\react project\x\the-karan-singh-vaidh\the-karan-singh-vaidh\server\controllers\authController.js:45:19
    at process.processTicksAndRejections (node:internal/process/task_queues:105:5)

[2026-03-28T09:29:43.245Z] 401 - Invalid email or password
Error: Invalid email or password
    at C:\react project\x\the-karan-singh-vaidh\the-karan-singh-vaidh\server\controllers\authController.js:45:19
    at process.processTicksAndRejections (node:internal/process/task_queues:105:5)

[2026-03-28T09:29:50.719Z] 401 - Invalid email or password
Error: Invalid email or password
    at C:\react project\x\the-karan-singh-vaidh\the-karan-singh-vaidh\server\controllers\authController.js:45:19
    at process.processTicksAndRejections (node:internal/process/task_queues:105:5)

[2026-03-28T11:00:42.389Z] 404 - Not Found - /api/auth/seed
Error: Not Found - /api/auth/seed
    at notFound (C:\react project\x\the-karan-singh-vaidh\the-karan-singh-vaidh\server\middleware\errorMiddleware.js:2:19)
    at Layer.handleRequest (C:\react project\x\the-karan-singh-vaidh\the-karan-singh-vaidh\server\node_modules\router\lib\layer.js:152:17)
    at trimPrefix (C:\react project\x\the-karan-singh-vaidh\the-karan-singh-vaidh\server\node_modules\router\index.js:342:13)
    at C:\react project\x\the-karan-singh-vaidh\the-karan-singh-vaidh\server\node_modules\router\index.js:297:9
    at processParams (C:\react project\x\the-karan-singh-vaidh\the-karan-singh-vaidh\server\node_modules\router\index.js:582:12)
    at next (C:\react project\x\the-karan-singh-vaidh\the-karan-singh-vaidh\server\node_modules\router\index.js:291:5)
    at logger (C:\react project\x\the-karan-singh-vaidh\the-karan-singh-vaidh\server\node_modules\morgan\index.js:144:5)
    at Layer.handleRequest (C:\react project\x\the-karan-singh-vaidh\the-karan-singh-vaidh\server\node_modules\router\lib\layer.js:152:17)
    at trimPrefix (C:\react project\x\the-karan-singh-vaidh\the-karan-singh-vaidh\server\node_modules\router\index.js:342:13)
    at C:\react project\x\the-karan-singh-vaidh\the-karan-singh-vaidh\server\node_modules\router\index.js:297:9

[2026-03-30T13:44:06.218Z] 401 - Invalid email or password
Error: Invalid email or password
    at C:\react project\x\the-karan-singh-vaidh\the-karan-singh-vaidh\server\controllers\authController.js:40:23

[2026-03-30T13:44:13.861Z] 401 - Invalid email or password
Error: Invalid email or password
    at C:\react project\x\the-karan-singh-vaidh\the-karan-singh-vaidh\server\controllers\authController.js:45:19
    at process.processTicksAndRejections (node:internal/process/task_queues:105:5)

[2026-03-30T13:44:16.891Z] 401 - Invalid email or password
Error: Invalid email or password
    at C:\react project\x\the-karan-singh-vaidh\the-karan-singh-vaidh\server\controllers\authController.js:45:19
    at process.processTicksAndRejections (node:internal/process/task_queues:105:5)

[2026-03-30T13:44:20.607Z] 401 - Invalid email or password
Error: Invalid email or password
    at C:\react project\x\the-karan-singh-vaidh\the-karan-singh-vaidh\server\controllers\authController.js:45:19
    at process.processTicksAndRejections (node:internal/process/task_queues:105:5)

[2026-03-30T13:45:15.815Z] 401 - Invalid email or password
Error: Invalid email or password
    at C:\react project\x\the-karan-singh-vaidh\the-karan-singh-vaidh\server\controllers\authController.js:45:19
    at process.processTicksAndRejections (node:internal/process/task_queues:105:5)

[2026-03-30T14:01:13.961Z] 401 - Invalid email or password
Error: Invalid email or password
    at C:\react project\x\the-karan-singh-vaidh\the-karan-singh-vaidh\server\controllers\authController.js:40:23

[2026-03-30T14:01:19.548Z] 401 - Invalid email or password
Error: Invalid email or password
    at C:\react project\x\the-karan-singh-vaidh\the-karan-singh-vaidh\server\controllers\authController.js:40:23

[2026-03-30T14:42:38.214Z] 401 - Not authorized, no token
Error: Not authorized, no token
    at C:\react project\x\the-karan-singh-vaidh\the-karan-singh-vaidh\server\middleware\authMiddleware.js:33:15
    at asyncUtilWrap (C:\react project\x\the-karan-singh-vaidh\the-karan-singh-vaidh\server\node_modules\express-async-handler\index.js:3:20)
    at Layer.handleRequest (C:\react project\x\the-karan-singh-vaidh\the-karan-singh-vaidh\server\node_modules\router\lib\layer.js:152:17)
    at next (C:\react project\x\the-karan-singh-vaidh\the-karan-singh-vaidh\server\node_modules\router\lib\route.js:157:13)
    at Route.dispatch (C:\react project\x\the-karan-singh-vaidh\the-karan-singh-vaidh\server\node_modules\router\lib\route.js:117:3)
    at handle (C:\react project\x\the-karan-singh-vaidh\the-karan-singh-vaidh\server\node_modules\router\index.js:435:11)
    at Layer.handleRequest (C:\react project\x\the-karan-singh-vaidh\the-karan-singh-vaidh\server\node_modules\router\lib\layer.js:152:17)
    at C:\react project\x\the-karan-singh-vaidh\the-karan-singh-vaidh\server\node_modules\router\index.js:295:15
    at processParams (C:\react project\x\the-karan-singh-vaidh\the-karan-singh-vaidh\server\node_modules\router\index.js:582:12)
    at next (C:\react project\x\the-karan-singh-vaidh\the-karan-singh-vaidh\server\node_modules\router\index.js:291:5)

[2026-03-30T15:39:12.971Z] 404 - Order not found
Error: Order not found
    at C:\react project\x\the-karan-singh-vaidh\the-karan-singh-vaidh\server\controllers\orderController.js:161:15
    at process.processTicksAndRejections (node:internal/process/task_queues:105:5)

[2026-03-31T14:48:22.735Z] 401 - Invalid email or password
Error: Invalid email or password
    at C:\react project\x\the-karan-singh-vaidh\the-karan-singh-vaidh\server\controllers\authController.js:40:23

[2026-03-31T14:48:25.635Z] 401 - Invalid email or password
Error: Invalid email or password
    at C:\react project\x\the-karan-singh-vaidh\the-karan-singh-vaidh\server\controllers\authController.js:45:19
    at process.processTicksAndRejections (node:internal/process/task_queues:105:5)

[2026-03-31T19:21:14.721Z] 401 - Invalid email or password
Error: Invalid email or password
    at C:\react project\x\the-karan-singh-vaidh\the-karan-singh-vaidh\server\controllers\authController.js:45:19
    at process.processTicksAndRejections (node:internal/process/task_queues:105:5)

[2026-03-31T19:21:19.076Z] 401 - Invalid email or password
Error: Invalid email or password
    at C:\react project\x\the-karan-singh-vaidh\the-karan-singh-vaidh\server\controllers\authController.js:45:19
    at process.processTicksAndRejections (node:internal/process/task_queues:105:5)

[2026-03-31T19:21:28.960Z] 401 - Invalid email or password
Error: Invalid email or password
    at C:\react project\x\the-karan-singh-vaidh\the-karan-singh-vaidh\server\controllers\authController.js:45:19
    at process.processTicksAndRejections (node:internal/process/task_queues:105:5)

[2026-03-31T19:21:39.226Z] 401 - Invalid email or password
Error: Invalid email or password
    at C:\react project\x\the-karan-singh-vaidh\the-karan-singh-vaidh\server\controllers\authController.js:40:23

[2026-03-31T19:40:07.040Z] 404 - Not Found - /api/auth/me
Error: Not Found - /api/auth/me
    at notFound (C:\react project\x\the-karan-singh-vaidh\the-karan-singh-vaidh\server\middleware\errorMiddleware.js:2:19)
    at Layer.handleRequest (C:\react project\x\the-karan-singh-vaidh\the-karan-singh-vaidh\server\node_modules\router\lib\layer.js:152:17)
    at trimPrefix (C:\react project\x\the-karan-singh-vaidh\the-karan-singh-vaidh\server\node_modules\router\index.js:342:13)
    at C:\react project\x\the-karan-singh-vaidh\the-karan-singh-vaidh\server\node_modules\router\index.js:297:9
    at processParams (C:\react project\x\the-karan-singh-vaidh\the-karan-singh-vaidh\server\node_modules\router\index.js:582:12)
    at next (C:\react project\x\the-karan-singh-vaidh\the-karan-singh-vaidh\server\node_modules\router\index.js:291:5)
    at logger (C:\react project\x\the-karan-singh-vaidh\the-karan-singh-vaidh\server\node_modules\morgan\index.js:144:5)
    at Layer.handleRequest (C:\react project\x\the-karan-singh-vaidh\the-karan-singh-vaidh\server\node_modules\router\lib\layer.js:152:17)
    at trimPrefix (C:\react project\x\the-karan-singh-vaidh\the-karan-singh-vaidh\server\node_modules\router\index.js:342:13)
    at C:\react project\x\the-karan-singh-vaidh\the-karan-singh-vaidh\server\node_modules\router\index.js:297:9

[2026-03-31T19:40:07.044Z] 404 - Not Found - /api/auth/me
Error: Not Found - /api/auth/me
    at notFound (C:\react project\x\the-karan-singh-vaidh\the-karan-singh-vaidh\server\middleware\errorMiddleware.js:2:19)
    at Layer.handleRequest (C:\react project\x\the-karan-singh-vaidh\the-karan-singh-vaidh\server\node_modules\router\lib\layer.js:152:17)
    at trimPrefix (C:\react project\x\the-karan-singh-vaidh\the-karan-singh-vaidh\server\node_modules\router\index.js:342:13)
    at C:\react project\x\the-karan-singh-vaidh\the-karan-singh-vaidh\server\node_modules\router\index.js:297:9
    at processParams (C:\react project\x\the-karan-singh-vaidh\the-karan-singh-vaidh\server\node_modules\router\index.js:582:12)
    at next (C:\react project\x\the-karan-singh-vaidh\the-karan-singh-vaidh\server\node_modules\router\index.js:291:5)
    at logger (C:\react project\x\the-karan-singh-vaidh\the-karan-singh-vaidh\server\node_modules\morgan\index.js:144:5)
    at Layer.handleRequest (C:\react project\x\the-karan-singh-vaidh\the-karan-singh-vaidh\server\node_modules\router\lib\layer.js:152:17)
    at trimPrefix (C:\react project\x\the-karan-singh-vaidh\the-karan-singh-vaidh\server\node_modules\router\index.js:342:13)
    at C:\react project\x\the-karan-singh-vaidh\the-karan-singh-vaidh\server\node_modules\router\index.js:297:9

[2026-04-15T15:40:41.920Z] 404 - Not Found - /api/auth/login
Error: Not Found - /api/auth/login
    at notFound (C:\react project\x\the-karan-singh-vaidh\the-karan-singh-vaidh\server\middleware\errorMiddleware.js:2:19)
    at Layer.handleRequest (C:\react project\x\the-karan-singh-vaidh\the-karan-singh-vaidh\server\node_modules\router\lib\layer.js:152:17)
    at trimPrefix (C:\react project\x\the-karan-singh-vaidh\the-karan-singh-vaidh\server\node_modules\router\index.js:342:13)
    at C:\react project\x\the-karan-singh-vaidh\the-karan-singh-vaidh\server\node_modules\router\index.js:297:9
    at processParams (C:\react project\x\the-karan-singh-vaidh\the-karan-singh-vaidh\server\node_modules\router\index.js:582:12)
    at next (C:\react project\x\the-karan-singh-vaidh\the-karan-singh-vaidh\server\node_modules\router\index.js:291:5)
    at logger (C:\react project\x\the-karan-singh-vaidh\the-karan-singh-vaidh\server\node_modules\morgan\index.js:144:5)
    at Layer.handleRequest (C:\react project\x\the-karan-singh-vaidh\the-karan-singh-vaidh\server\node_modules\router\lib\layer.js:152:17)
    at trimPrefix (C:\react project\x\the-karan-singh-vaidh\the-karan-singh-vaidh\server\node_modules\router\index.js:342:13)
    at C:\react project\x\the-karan-singh-vaidh\the-karan-singh-vaidh\server\node_modules\router\index.js:297:9

[2026-04-15T15:42:30.544Z] 404 - Not Found - /api/auth/login
Error: Not Found - /api/auth/login
    at notFound (C:\react project\x\the-karan-singh-vaidh\the-karan-singh-vaidh\server\middleware\errorMiddleware.js:2:19)
    at Layer.handleRequest (C:\react project\x\the-karan-singh-vaidh\the-karan-singh-vaidh\server\node_modules\router\lib\layer.js:152:17)
    at trimPrefix (C:\react project\x\the-karan-singh-vaidh\the-karan-singh-vaidh\server\node_modules\router\index.js:342:13)
    at C:\react project\x\the-karan-singh-vaidh\the-karan-singh-vaidh\server\node_modules\router\index.js:297:9
    at processParams (C:\react project\x\the-karan-singh-vaidh\the-karan-singh-vaidh\server\node_modules\router\index.js:582:12)
    at next (C:\react project\x\the-karan-singh-vaidh\the-karan-singh-vaidh\server\node_modules\router\index.js:291:5)
    at logger (C:\react project\x\the-karan-singh-vaidh\the-karan-singh-vaidh\server\node_modules\morgan\index.js:144:5)
    at Layer.handleRequest (C:\react project\x\the-karan-singh-vaidh\the-karan-singh-vaidh\server\node_modules\router\lib\layer.js:152:17)
    at trimPrefix (C:\react project\x\the-karan-singh-vaidh\the-karan-singh-vaidh\server\node_modules\router\index.js:342:13)
    at C:\react project\x\the-karan-singh-vaidh\the-karan-singh-vaidh\server\node_modules\router\index.js:297:9

[2026-04-15T16:13:11.066Z] 404 - Not Found - /socket.io/?EIO=4&transport=websocket
Error: Not Found - /socket.io/?EIO=4&transport=websocket
    at notFound (C:\react project\x\the-karan-singh-vaidh\the-karan-singh-vaidh\server\middleware\errorMiddleware.js:2:19)
    at Layer.handleRequest (C:\react project\x\the-karan-singh-vaidh\the-karan-singh-vaidh\server\node_modules\router\lib\layer.js:152:17)
    at trimPrefix (C:\react project\x\the-karan-singh-vaidh\the-karan-singh-vaidh\server\node_modules\router\index.js:342:13)
    at C:\react project\x\the-karan-singh-vaidh\the-karan-singh-vaidh\server\node_modules\router\index.js:297:9
    at processParams (C:\react project\x\the-karan-singh-vaidh\the-karan-singh-vaidh\server\node_modules\router\index.js:582:12)
    at next (C:\react project\x\the-karan-singh-vaidh\the-karan-singh-vaidh\server\node_modules\router\index.js:291:5)
    at logger (C:\react project\x\the-karan-singh-vaidh\the-karan-singh-vaidh\server\node_modules\morgan\index.js:144:5)
    at Layer.handleRequest (C:\react project\x\the-karan-singh-vaidh\the-karan-singh-vaidh\server\node_modules\router\lib\layer.js:152:17)
    at trimPrefix (C:\react project\x\the-karan-singh-vaidh\the-karan-singh-vaidh\server\node_modules\router\index.js:342:13)
    at C:\react project\x\the-karan-singh-vaidh\the-karan-singh-vaidh\server\node_modules\router\index.js:297:9

[2026-04-15T16:13:16.244Z] 404 - Not Found - /socket.io/?EIO=4&transport=websocket
Error: Not Found - /socket.io/?EIO=4&transport=websocket
    at notFound (C:\react project\x\the-karan-singh-vaidh\the-karan-singh-vaidh\server\middleware\errorMiddleware.js:2:19)
    at Layer.handleRequest (C:\react project\x\the-karan-singh-vaidh\the-karan-singh-vaidh\server\node_modules\router\lib\layer.js:152:17)
    at trimPrefix (C:\react project\x\the-karan-singh-vaidh\the-karan-singh-vaidh\server\node_modules\router\index.js:342:13)
    at C:\react project\x\the-karan-singh-vaidh\the-karan-singh-vaidh\server\node_modules\router\index.js:297:9
    at processParams (C:\react project\x\the-karan-singh-vaidh\the-karan-singh-vaidh\server\node_modules\router\index.js:582:12)
    at next (C:\react project\x\the-karan-singh-vaidh\the-karan-singh-vaidh\server\node_modules\router\index.js:291:5)
    at logger (C:\react project\x\the-karan-singh-vaidh\the-karan-singh-vaidh\server\node_modules\morgan\index.js:144:5)
    at Layer.handleRequest (C:\react project\x\the-karan-singh-vaidh\the-karan-singh-vaidh\server\node_modules\router\lib\layer.js:152:17)
    at trimPrefix (C:\react project\x\the-karan-singh-vaidh\the-karan-singh-vaidh\server\node_modules\router\index.js:342:13)
    at C:\react project\x\the-karan-singh-vaidh\the-karan-singh-vaidh\server\node_modules\router\index.js:297:9

[2026-04-15T16:13:22.452Z] 404 - Not Found - /socket.io/?EIO=4&transport=websocket
Error: Not Found - /socket.io/?EIO=4&transport=websocket
    at notFound (C:\react project\x\the-karan-singh-vaidh\the-karan-singh-vaidh\server\middleware\errorMiddleware.js:2:19)
    at Layer.handleRequest (C:\react project\x\the-karan-singh-vaidh\the-karan-singh-vaidh\server\node_modules\router\lib\layer.js:152:17)
    at trimPrefix (C:\react project\x\the-karan-singh-vaidh\the-karan-singh-vaidh\server\node_modules\router\index.js:342:13)
    at C:\react project\x\the-karan-singh-vaidh\the-karan-singh-vaidh\server\node_modules\router\index.js:297:9
    at processParams (C:\react project\x\the-karan-singh-vaidh\the-karan-singh-vaidh\server\node_modules\router\index.js:582:12)
    at next (C:\react project\x\the-karan-singh-vaidh\the-karan-singh-vaidh\server\node_modules\router\index.js:291:5)
    at logger (C:\react project\x\the-karan-singh-vaidh\the-karan-singh-vaidh\server\node_modules\morgan\index.js:144:5)
    at Layer.handleRequest (C:\react project\x\the-karan-singh-vaidh\the-karan-singh-vaidh\server\node_modules\router\lib\layer.js:152:17)
    at trimPrefix (C:\react project\x\the-karan-singh-vaidh\the-karan-singh-vaidh\server\node_modules\router\index.js:342:13)
    at C:\react project\x\the-karan-singh-vaidh\the-karan-singh-vaidh\server\node_modules\router\index.js:297:9

[2026-04-15T16:13:28.382Z] 404 - Not Found - /socket.io/?EIO=4&transport=websocket
Error: Not Found - /socket.io/?EIO=4&transport=websocket
    at notFound (C:\react project\x\the-karan-singh-vaidh\the-karan-singh-vaidh\server\middleware\errorMiddleware.js:2:19)
    at Layer.handleRequest (C:\react project\x\the-karan-singh-vaidh\the-karan-singh-vaidh\server\node_modules\router\lib\layer.js:152:17)
    at trimPrefix (C:\react project\x\the-karan-singh-vaidh\the-karan-singh-vaidh\server\node_modules\router\index.js:342:13)
    at C:\react project\x\the-karan-singh-vaidh\the-karan-singh-vaidh\server\node_modules\router\index.js:297:9
    at processParams (C:\react project\x\the-karan-singh-vaidh\the-karan-singh-vaidh\server\node_modules\router\index.js:582:12)
    at next (C:\react project\x\the-karan-singh-vaidh\the-karan-singh-vaidh\server\node_modules\router\index.js:291:5)
    at logger (C:\react project\x\the-karan-singh-vaidh\the-karan-singh-vaidh\server\node_modules\morgan\index.js:144:5)
    at Layer.handleRequest (C:\react project\x\the-karan-singh-vaidh\the-karan-singh-vaidh\server\node_modules\router\lib\layer.js:152:17)
    at trimPrefix (C:\react project\x\the-karan-singh-vaidh\the-karan-singh-vaidh\server\node_modules\router\index.js:342:13)
    at C:\react project\x\the-karan-singh-vaidh\the-karan-singh-vaidh\server\node_modules\router\index.js:297:9

[2026-04-15T16:13:35.111Z] 404 - Not Found - /socket.io/?EIO=4&transport=websocket
Error: Not Found - /socket.io/?EIO=4&transport=websocket
    at notFound (C:\react project\x\the-karan-singh-vaidh\the-karan-singh-vaidh\server\middleware\errorMiddleware.js:2:19)
    at Layer.handleRequest (C:\react project\x\the-karan-singh-vaidh\the-karan-singh-vaidh\server\node_modules\router\lib\layer.js:152:17)
    at trimPrefix (C:\react project\x\the-karan-singh-vaidh\the-karan-singh-vaidh\server\node_modules\router\index.js:342:13)
    at C:\react project\x\the-karan-singh-vaidh\the-karan-singh-vaidh\server\node_modules\router\index.js:297:9
    at processParams (C:\react project\x\the-karan-singh-vaidh\the-karan-singh-vaidh\server\node_modules\router\index.js:582:12)
    at next (C:\react project\x\the-karan-singh-vaidh\the-karan-singh-vaidh\server\node_modules\router\index.js:291:5)
    at logger (C:\react project\x\the-karan-singh-vaidh\the-karan-singh-vaidh\server\node_modules\morgan\index.js:144:5)
    at Layer.handleRequest (C:\react project\x\the-karan-singh-vaidh\the-karan-singh-vaidh\server\node_modules\router\lib\layer.js:152:17)
    at trimPrefix (C:\react project\x\the-karan-singh-vaidh\the-karan-singh-vaidh\server\node_modules\router\index.js:342:13)
    at C:\react project\x\the-karan-singh-vaidh\the-karan-singh-vaidh\server\node_modules\router\index.js:297:9

[2026-04-15T16:13:42.017Z] 404 - Not Found - /socket.io/?EIO=4&transport=websocket
Error: Not Found - /socket.io/?EIO=4&transport=websocket
    at notFound (C:\react project\x\the-karan-singh-vaidh\the-karan-singh-vaidh\server\middleware\errorMiddleware.js:2:19)
    at Layer.handleRequest (C:\react project\x\the-karan-singh-vaidh\the-karan-singh-vaidh\server\node_modules\router\lib\layer.js:152:17)
    at trimPrefix (C:\react project\x\the-karan-singh-vaidh\the-karan-singh-vaidh\server\node_modules\router\index.js:342:13)
    at C:\react project\x\the-karan-singh-vaidh\the-karan-singh-vaidh\server\node_modules\router\index.js:297:9
    at processParams (C:\react project\x\the-karan-singh-vaidh\the-karan-singh-vaidh\server\node_modules\router\index.js:582:12)
    at next (C:\react project\x\the-karan-singh-vaidh\the-karan-singh-vaidh\server\node_modules\router\index.js:291:5)
    at logger (C:\react project\x\the-karan-singh-vaidh\the-karan-singh-vaidh\server\node_modules\morgan\index.js:144:5)
    at Layer.handleRequest (C:\react project\x\the-karan-singh-vaidh\the-karan-singh-vaidh\server\node_modules\router\lib\layer.js:152:17)
    at trimPrefix (C:\react project\x\the-karan-singh-vaidh\the-karan-singh-vaidh\server\node_modules\router\index.js:342:13)
    at C:\react project\x\the-karan-singh-vaidh\the-karan-singh-vaidh\server\node_modules\router\index.js:297:9

[2026-04-15T16:13:52.105Z] 404 - Not Found - /socket.io/?EIO=4&transport=websocket
Error: Not Found - /socket.io/?EIO=4&transport=websocket
    at notFound (C:\react project\x\the-karan-singh-vaidh\the-karan-singh-vaidh\server\middleware\errorMiddleware.js:2:19)
    at Layer.handleRequest (C:\react project\x\the-karan-singh-vaidh\the-karan-singh-vaidh\server\node_modules\router\lib\layer.js:152:17)
    at trimPrefix (C:\react project\x\the-karan-singh-vaidh\the-karan-singh-vaidh\server\node_modules\router\index.js:342:13)
    at C:\react project\x\the-karan-singh-vaidh\the-karan-singh-vaidh\server\node_modules\router\index.js:297:9
    at processParams (C:\react project\x\the-karan-singh-vaidh\the-karan-singh-vaidh\server\node_modules\router\index.js:582:12)
    at next (C:\react project\x\the-karan-singh-vaidh\the-karan-singh-vaidh\server\node_modules\router\index.js:291:5)
    at logger (C:\react project\x\the-karan-singh-vaidh\the-karan-singh-vaidh\server\node_modules\morgan\index.js:144:5)
    at Layer.handleRequest (C:\react project\x\the-karan-singh-vaidh\the-karan-singh-vaidh\server\node_modules\router\lib\layer.js:152:17)
    at trimPrefix (C:\react project\x\the-karan-singh-vaidh\the-karan-singh-vaidh\server\node_modules\router\index.js:342:13)
    at C:\react project\x\the-karan-singh-vaidh\the-karan-singh-vaidh\server\node_modules\router\index.js:297:9

[2026-04-15T16:14:01.544Z] 404 - Not Found - /socket.io/?EIO=4&transport=websocket
Error: Not Found - /socket.io/?EIO=4&transport=websocket
    at notFound (C:\react project\x\the-karan-singh-vaidh\the-karan-singh-vaidh\server\middleware\errorMiddleware.js:2:19)
    at Layer.handleRequest (C:\react project\x\the-karan-singh-vaidh\the-karan-singh-vaidh\server\node_modules\router\lib\layer.js:152:17)
    at trimPrefix (C:\react project\x\the-karan-singh-vaidh\the-karan-singh-vaidh\server\node_modules\router\index.js:342:13)
    at C:\react project\x\the-karan-singh-vaidh\the-karan-singh-vaidh\server\node_modules\router\index.js:297:9
    at processParams (C:\react project\x\the-karan-singh-vaidh\the-karan-singh-vaidh\server\node_modules\router\index.js:582:12)
    at next (C:\react project\x\the-karan-singh-vaidh\the-karan-singh-vaidh\server\node_modules\router\index.js:291:5)
    at logger (C:\react project\x\the-karan-singh-vaidh\the-karan-singh-vaidh\server\node_modules\morgan\index.js:144:5)
    at Layer.handleRequest (C:\react project\x\the-karan-singh-vaidh\the-karan-singh-vaidh\server\node_modules\router\lib\layer.js:152:17)
    at trimPrefix (C:\react project\x\the-karan-singh-vaidh\the-karan-singh-vaidh\server\node_modules\router\index.js:342:13)
    at C:\react project\x\the-karan-singh-vaidh\the-karan-singh-vaidh\server\node_modules\router\index.js:297:9

[2026-04-15T16:14:10.857Z] 404 - Not Found - /socket.io/?EIO=4&transport=websocket
Error: Not Found - /socket.io/?EIO=4&transport=websocket
    at notFound (C:\react project\x\the-karan-singh-vaidh\the-karan-singh-vaidh\server\middleware\errorMiddleware.js:2:19)
    at Layer.handleRequest (C:\react project\x\the-karan-singh-vaidh\the-karan-singh-vaidh\server\node_modules\router\lib\layer.js:152:17)
    at trimPrefix (C:\react project\x\the-karan-singh-vaidh\the-karan-singh-vaidh\server\node_modules\router\index.js:342:13)
    at C:\react project\x\the-karan-singh-vaidh\the-karan-singh-vaidh\server\node_modules\router\index.js:297:9
    at processParams (C:\react project\x\the-karan-singh-vaidh\the-karan-singh-vaidh\server\node_modules\router\index.js:582:12)
    at next (C:\react project\x\the-karan-singh-vaidh\the-karan-singh-vaidh\server\node_modules\router\index.js:291:5)
    at logger (C:\react project\x\the-karan-singh-vaidh\the-karan-singh-vaidh\server\node_modules\morgan\index.js:144:5)
    at Layer.handleRequest (C:\react project\x\the-karan-singh-vaidh\the-karan-singh-vaidh\server\node_modules\router\lib\layer.js:152:17)
    at trimPrefix (C:\react project\x\the-karan-singh-vaidh\the-karan-singh-vaidh\server\node_modules\router\index.js:342:13)
    at C:\react project\x\the-karan-singh-vaidh\the-karan-singh-vaidh\server\node_modules\router\index.js:297:9

[2026-04-15T16:14:18.832Z] 404 - Not Found - /socket.io/?EIO=4&transport=websocket
Error: Not Found - /socket.io/?EIO=4&transport=websocket
    at notFound (C:\react project\x\the-karan-singh-vaidh\the-karan-singh-vaidh\server\middleware\errorMiddleware.js:2:19)
    at Layer.handleRequest (C:\react project\x\the-karan-singh-vaidh\the-karan-singh-vaidh\server\node_modules\router\lib\layer.js:152:17)
    at trimPrefix (C:\react project\x\the-karan-singh-vaidh\the-karan-singh-vaidh\server\node_modules\router\index.js:342:13)
    at C:\react project\x\the-karan-singh-vaidh\the-karan-singh-vaidh\server\node_modules\router\index.js:297:9
    at processParams (C:\react project\x\the-karan-singh-vaidh\the-karan-singh-vaidh\server\node_modules\router\index.js:582:12)
    at next (C:\react project\x\the-karan-singh-vaidh\the-karan-singh-vaidh\server\node_modules\router\index.js:291:5)
    at logger (C:\react project\x\the-karan-singh-vaidh\the-karan-singh-vaidh\server\node_modules\morgan\index.js:144:5)
    at Layer.handleRequest (C:\react project\x\the-karan-singh-vaidh\the-karan-singh-vaidh\server\node_modules\router\lib\layer.js:152:17)
    at trimPrefix (C:\react project\x\the-karan-singh-vaidh\the-karan-singh-vaidh\server\node_modules\router\index.js:342:13)
    at C:\react project\x\the-karan-singh-vaidh\the-karan-singh-vaidh\server\node_modules\router\index.js:297:9

[2026-04-15T16:14:27.236Z] 404 - Not Found - /socket.io/?EIO=4&transport=websocket
Error: Not Found - /socket.io/?EIO=4&transport=websocket
    at notFound (C:\react project\x\the-karan-singh-vaidh\the-karan-singh-vaidh\server\middleware\errorMiddleware.js:2:19)
    at Layer.handleRequest (C:\react project\x\the-karan-singh-vaidh\the-karan-singh-vaidh\server\node_modules\router\lib\layer.js:152:17)
    at trimPrefix (C:\react project\x\the-karan-singh-vaidh\the-karan-singh-vaidh\server\node_modules\router\index.js:342:13)
    at C:\react project\x\the-karan-singh-vaidh\the-karan-singh-vaidh\server\node_modules\router\index.js:297:9
    at processParams (C:\react project\x\the-karan-singh-vaidh\the-karan-singh-vaidh\server\node_modules\router\index.js:582:12)
    at next (C:\react project\x\the-karan-singh-vaidh\the-karan-singh-vaidh\server\node_modules\router\index.js:291:5)
    at logger (C:\react project\x\the-karan-singh-vaidh\the-karan-singh-vaidh\server\node_modules\morgan\index.js:144:5)
    at Layer.handleRequest (C:\react project\x\the-karan-singh-vaidh\the-karan-singh-vaidh\server\node_modules\router\lib\layer.js:152:17)
    at trimPrefix (C:\react project\x\the-karan-singh-vaidh\the-karan-singh-vaidh\server\node_modules\router\index.js:342:13)
    at C:\react project\x\the-karan-singh-vaidh\the-karan-singh-vaidh\server\node_modules\router\index.js:297:9

[2026-04-15T16:14:35.448Z] 404 - Not Found - /socket.io/?EIO=4&transport=websocket
Error: Not Found - /socket.io/?EIO=4&transport=websocket
    at notFound (C:\react project\x\the-karan-singh-vaidh\the-karan-singh-vaidh\server\middleware\errorMiddleware.js:2:19)
    at Layer.handleRequest (C:\react project\x\the-karan-singh-vaidh\the-karan-singh-vaidh\server\node_modules\router\lib\layer.js:152:17)
    at trimPrefix (C:\react project\x\the-karan-singh-vaidh\the-karan-singh-vaidh\server\node_modules\router\index.js:342:13)
    at C:\react project\x\the-karan-singh-vaidh\the-karan-singh-vaidh\server\node_modules\router\index.js:297:9
    at processParams (C:\react project\x\the-karan-singh-vaidh\the-karan-singh-vaidh\server\node_modules\router\index.js:582:12)
    at next (C:\react project\x\the-karan-singh-vaidh\the-karan-singh-vaidh\server\node_modules\router\index.js:291:5)
    at logger (C:\react project\x\the-karan-singh-vaidh\the-karan-singh-vaidh\server\node_modules\morgan\index.js:144:5)
    at Layer.handleRequest (C:\react project\x\the-karan-singh-vaidh\the-karan-singh-vaidh\server\node_modules\router\lib\layer.js:152:17)
    at trimPrefix (C:\react project\x\the-karan-singh-vaidh\the-karan-singh-vaidh\server\node_modules\router\index.js:342:13)
    at C:\react project\x\the-karan-singh-vaidh\the-karan-singh-vaidh\server\node_modules\router\index.js:297:9

[2026-04-15T16:14:43.799Z] 404 - Not Found - /socket.io/?EIO=4&transport=websocket
Error: Not Found - /socket.io/?EIO=4&transport=websocket
    at notFound (C:\react project\x\the-karan-singh-vaidh\the-karan-singh-vaidh\server\middleware\errorMiddleware.js:2:19)
    at Layer.handleRequest (C:\react project\x\the-karan-singh-vaidh\the-karan-singh-vaidh\server\node_modules\router\lib\layer.js:152:17)
    at trimPrefix (C:\react project\x\the-karan-singh-vaidh\the-karan-singh-vaidh\server\node_modules\router\index.js:342:13)
    at C:\react project\x\the-karan-singh-vaidh\the-karan-singh-vaidh\server\node_modules\router\index.js:297:9
    at processParams (C:\react project\x\the-karan-singh-vaidh\the-karan-singh-vaidh\server\node_modules\router\index.js:582:12)
    at next (C:\react project\x\the-karan-singh-vaidh\the-karan-singh-vaidh\server\node_modules\router\index.js:291:5)
    at logger (C:\react project\x\the-karan-singh-vaidh\the-karan-singh-vaidh\server\node_modules\morgan\index.js:144:5)
    at Layer.handleRequest (C:\react project\x\the-karan-singh-vaidh\the-karan-singh-vaidh\server\node_modules\router\lib\layer.js:152:17)
    at trimPrefix (C:\react project\x\the-karan-singh-vaidh\the-karan-singh-vaidh\server\node_modules\router\index.js:342:13)
    at C:\react project\x\the-karan-singh-vaidh\the-karan-singh-vaidh\server\node_modules\router\index.js:297:9

[2026-04-15T16:14:52.089Z] 404 - Not Found - /socket.io/?EIO=4&transport=websocket
Error: Not Found - /socket.io/?EIO=4&transport=websocket
    at notFound (C:\react project\x\the-karan-singh-vaidh\the-karan-singh-vaidh\server\middleware\errorMiddleware.js:2:19)
    at Layer.handleRequest (C:\react project\x\the-karan-singh-vaidh\the-karan-singh-vaidh\server\node_modules\router\lib\layer.js:152:17)
    at trimPrefix (C:\react project\x\the-karan-singh-vaidh\the-karan-singh-vaidh\server\node_modules\router\index.js:342:13)
    at C:\react project\x\the-karan-singh-vaidh\the-karan-singh-vaidh\server\node_modules\router\index.js:297:9
    at processParams (C:\react project\x\the-karan-singh-vaidh\the-karan-singh-vaidh\server\node_modules\router\index.js:582:12)
    at next (C:\react project\x\the-karan-singh-vaidh\the-karan-singh-vaidh\server\node_modules\router\index.js:291:5)
    at logger (C:\react project\x\the-karan-singh-vaidh\the-karan-singh-vaidh\server\node_modules\morgan\index.js:144:5)
    at Layer.handleRequest (C:\react project\x\the-karan-singh-vaidh\the-karan-singh-vaidh\server\node_modules\router\lib\layer.js:152:17)
    at trimPrefix (C:\react project\x\the-karan-singh-vaidh\the-karan-singh-vaidh\server\node_modules\router\index.js:342:13)
    at C:\react project\x\the-karan-singh-vaidh\the-karan-singh-vaidh\server\node_modules\router\index.js:297:9

[2026-04-15T16:14:58.470Z] 404 - Not Found - /socket.io/?EIO=4&transport=websocket
Error: Not Found - /socket.io/?EIO=4&transport=websocket
    at notFound (C:\react project\x\the-karan-singh-vaidh\the-karan-singh-vaidh\server\middleware\errorMiddleware.js:2:19)
    at Layer.handleRequest (C:\react project\x\the-karan-singh-vaidh\the-karan-singh-vaidh\server\node_modules\router\lib\layer.js:152:17)
    at trimPrefix (C:\react project\x\the-karan-singh-vaidh\the-karan-singh-vaidh\server\node_modules\router\index.js:342:13)
    at C:\react project\x\the-karan-singh-vaidh\the-karan-singh-vaidh\server\node_modules\router\index.js:297:9
    at processParams (C:\react project\x\the-karan-singh-vaidh\the-karan-singh-vaidh\server\node_modules\router\index.js:582:12)
    at next (C:\react project\x\the-karan-singh-vaidh\the-karan-singh-vaidh\server\node_modules\router\index.js:291:5)
    at logger (C:\react project\x\the-karan-singh-vaidh\the-karan-singh-vaidh\server\node_modules\morgan\index.js:144:5)
    at Layer.handleRequest (C:\react project\x\the-karan-singh-vaidh\the-karan-singh-vaidh\server\node_modules\router\lib\layer.js:152:17)
    at trimPrefix (C:\react project\x\the-karan-singh-vaidh\the-karan-singh-vaidh\server\node_modules\router\index.js:342:13)
    at C:\react project\x\the-karan-singh-vaidh\the-karan-singh-vaidh\server\node_modules\router\index.js:297:9

[2026-04-15T16:15:09.005Z] 404 - Not Found - /socket.io/?EIO=4&transport=websocket
Error: Not Found - /socket.io/?EIO=4&transport=websocket
    at notFound (C:\react project\x\the-karan-singh-vaidh\the-karan-singh-vaidh\server\middleware\errorMiddleware.js:2:19)
    at Layer.handleRequest (C:\react project\x\the-karan-singh-vaidh\the-karan-singh-vaidh\server\node_modules\router\lib\layer.js:152:17)
    at trimPrefix (C:\react project\x\the-karan-singh-vaidh\the-karan-singh-vaidh\server\node_modules\router\index.js:342:13)
    at C:\react project\x\the-karan-singh-vaidh\the-karan-singh-vaidh\server\node_modules\router\index.js:297:9
    at processParams (C:\react project\x\the-karan-singh-vaidh\the-karan-singh-vaidh\server\node_modules\router\index.js:582:12)
    at next (C:\react project\x\the-karan-singh-vaidh\the-karan-singh-vaidh\server\node_modules\router\index.js:291:5)
    at logger (C:\react project\x\the-karan-singh-vaidh\the-karan-singh-vaidh\server\node_modules\morgan\index.js:144:5)
    at Layer.handleRequest (C:\react project\x\the-karan-singh-vaidh\the-karan-singh-vaidh\server\node_modules\router\lib\layer.js:152:17)
    at trimPrefix (C:\react project\x\the-karan-singh-vaidh\the-karan-singh-vaidh\server\node_modules\router\index.js:342:13)
    at C:\react project\x\the-karan-singh-vaidh\the-karan-singh-vaidh\server\node_modules\router\index.js:297:9

[2026-04-15T16:15:17.208Z] 404 - Not Found - /socket.io/?EIO=4&transport=websocket
Error: Not Found - /socket.io/?EIO=4&transport=websocket
    at notFound (C:\react project\x\the-karan-singh-vaidh\the-karan-singh-vaidh\server\middleware\errorMiddleware.js:2:19)
    at Layer.handleRequest (C:\react project\x\the-karan-singh-vaidh\the-karan-singh-vaidh\server\node_modules\router\lib\layer.js:152:17)
    at trimPrefix (C:\react project\x\the-karan-singh-vaidh\the-karan-singh-vaidh\server\node_modules\router\index.js:342:13)
    at C:\react project\x\the-karan-singh-vaidh\the-karan-singh-vaidh\server\node_modules\router\index.js:297:9
    at processParams (C:\react project\x\the-karan-singh-vaidh\the-karan-singh-vaidh\server\node_modules\router\index.js:582:12)
    at next (C:\react project\x\the-karan-singh-vaidh\the-karan-singh-vaidh\server\node_modules\router\index.js:291:5)
    at logger (C:\react project\x\the-karan-singh-vaidh\the-karan-singh-vaidh\server\node_modules\morgan\index.js:144:5)
    at Layer.handleRequest (C:\react project\x\the-karan-singh-vaidh\the-karan-singh-vaidh\server\node_modules\router\lib\layer.js:152:17)
    at trimPrefix (C:\react project\x\the-karan-singh-vaidh\the-karan-singh-vaidh\server\node_modules\router\index.js:342:13)
    at C:\react project\x\the-karan-singh-vaidh\the-karan-singh-vaidh\server\node_modules\router\index.js:297:9

[2026-04-15T16:15:27.681Z] 404 - Not Found - /socket.io/?EIO=4&transport=websocket
Error: Not Found - /socket.io/?EIO=4&transport=websocket
    at notFound (C:\react project\x\the-karan-singh-vaidh\the-karan-singh-vaidh\server\middleware\errorMiddleware.js:2:19)
    at Layer.handleRequest (C:\react project\x\the-karan-singh-vaidh\the-karan-singh-vaidh\server\node_modules\router\lib\layer.js:152:17)
    at trimPrefix (C:\react project\x\the-karan-singh-vaidh\the-karan-singh-vaidh\server\node_modules\router\index.js:342:13)
    at C:\react project\x\the-karan-singh-vaidh\the-karan-singh-vaidh\server\node_modules\router\index.js:297:9
    at processParams (C:\react project\x\the-karan-singh-vaidh\the-karan-singh-vaidh\server\node_modules\router\index.js:582:12)
    at next (C:\react project\x\the-karan-singh-vaidh\the-karan-singh-vaidh\server\node_modules\router\index.js:291:5)
    at logger (C:\react project\x\the-karan-singh-vaidh\the-karan-singh-vaidh\server\node_modules\morgan\index.js:144:5)
    at Layer.handleRequest (C:\react project\x\the-karan-singh-vaidh\the-karan-singh-vaidh\server\node_modules\router\lib\layer.js:152:17)
    at trimPrefix (C:\react project\x\the-karan-singh-vaidh\the-karan-singh-vaidh\server\node_modules\router\index.js:342:13)
    at C:\react project\x\the-karan-singh-vaidh\the-karan-singh-vaidh\server\node_modules\router\index.js:297:9

[2026-04-15T16:15:34.240Z] 404 - Not Found - /socket.io/?EIO=4&transport=websocket
Error: Not Found - /socket.io/?EIO=4&transport=websocket
    at notFound (C:\react project\x\the-karan-singh-vaidh\the-karan-singh-vaidh\server\middleware\errorMiddleware.js:2:19)
    at Layer.handleRequest (C:\react project\x\the-karan-singh-vaidh\the-karan-singh-vaidh\server\node_modules\router\lib\layer.js:152:17)
    at trimPrefix (C:\react project\x\the-karan-singh-vaidh\the-karan-singh-vaidh\server\node_modules\router\index.js:342:13)
    at C:\react project\x\the-karan-singh-vaidh\the-karan-singh-vaidh\server\node_modules\router\index.js:297:9
    at processParams (C:\react project\x\the-karan-singh-vaidh\the-karan-singh-vaidh\server\node_modules\router\index.js:582:12)
    at next (C:\react project\x\the-karan-singh-vaidh\the-karan-singh-vaidh\server\node_modules\router\index.js:291:5)
    at logger (C:\react project\x\the-karan-singh-vaidh\the-karan-singh-vaidh\server\node_modules\morgan\index.js:144:5)
    at Layer.handleRequest (C:\react project\x\the-karan-singh-vaidh\the-karan-singh-vaidh\server\node_modules\router\lib\layer.js:152:17)
    at trimPrefix (C:\react project\x\the-karan-singh-vaidh\the-karan-singh-vaidh\server\node_modules\router\index.js:342:13)
    at C:\react project\x\the-karan-singh-vaidh\the-karan-singh-vaidh\server\node_modules\router\index.js:297:9

[2026-04-15T16:15:42.118Z] 404 - Not Found - /socket.io/?EIO=4&transport=websocket
Error: Not Found - /socket.io/?EIO=4&transport=websocket
    at notFound (C:\react project\x\the-karan-singh-vaidh\the-karan-singh-vaidh\server\middleware\errorMiddleware.js:2:19)
    at Layer.handleRequest (C:\react project\x\the-karan-singh-vaidh\the-karan-singh-vaidh\server\node_modules\router\lib\layer.js:152:17)
    at trimPrefix (C:\react project\x\the-karan-singh-vaidh\the-karan-singh-vaidh\server\node_modules\router\index.js:342:13)
    at C:\react project\x\the-karan-singh-vaidh\the-karan-singh-vaidh\server\node_modules\router\index.js:297:9
    at processParams (C:\react project\x\the-karan-singh-vaidh\the-karan-singh-vaidh\server\node_modules\router\index.js:582:12)
    at next (C:\react project\x\the-karan-singh-vaidh\the-karan-singh-vaidh\server\node_modules\router\index.js:291:5)
    at logger (C:\react project\x\the-karan-singh-vaidh\the-karan-singh-vaidh\server\node_modules\morgan\index.js:144:5)
    at Layer.handleRequest (C:\react project\x\the-karan-singh-vaidh\the-karan-singh-vaidh\server\node_modules\router\lib\layer.js:152:17)
    at trimPrefix (C:\react project\x\the-karan-singh-vaidh\the-karan-singh-vaidh\server\node_modules\router\index.js:342:13)
    at C:\react project\x\the-karan-singh-vaidh\the-karan-singh-vaidh\server\node_modules\router\index.js:297:9

[2026-04-15T16:15:49.823Z] 404 - Not Found - /socket.io/?EIO=4&transport=websocket
Error: Not Found - /socket.io/?EIO=4&transport=websocket
    at notFound (C:\react project\x\the-karan-singh-vaidh\the-karan-singh-vaidh\server\middleware\errorMiddleware.js:2:19)
    at Layer.handleRequest (C:\react project\x\the-karan-singh-vaidh\the-karan-singh-vaidh\server\node_modules\router\lib\layer.js:152:17)
    at trimPrefix (C:\react project\x\the-karan-singh-vaidh\the-karan-singh-vaidh\server\node_modules\router\index.js:342:13)
    at C:\react project\x\the-karan-singh-vaidh\the-karan-singh-vaidh\server\node_modules\router\index.js:297:9
    at processParams (C:\react project\x\the-karan-singh-vaidh\the-karan-singh-vaidh\server\node_modules\router\index.js:582:12)
    at next (C:\react project\x\the-karan-singh-vaidh\the-karan-singh-vaidh\server\node_modules\router\index.js:291:5)
    at logger (C:\react project\x\the-karan-singh-vaidh\the-karan-singh-vaidh\server\node_modules\morgan\index.js:144:5)
    at Layer.handleRequest (C:\react project\x\the-karan-singh-vaidh\the-karan-singh-vaidh\server\node_modules\router\lib\layer.js:152:17)
    at trimPrefix (C:\react project\x\the-karan-singh-vaidh\the-karan-singh-vaidh\server\node_modules\router\index.js:342:13)
    at C:\react project\x\the-karan-singh-vaidh\the-karan-singh-vaidh\server\node_modules\router\index.js:297:9

[2026-04-15T16:15:59.645Z] 404 - Not Found - /socket.io/?EIO=4&transport=websocket
Error: Not Found - /socket.io/?EIO=4&transport=websocket
    at notFound (C:\react project\x\the-karan-singh-vaidh\the-karan-singh-vaidh\server\middleware\errorMiddleware.js:2:19)
    at Layer.handleRequest (C:\react project\x\the-karan-singh-vaidh\the-karan-singh-vaidh\server\node_modules\router\lib\layer.js:152:17)
    at trimPrefix (C:\react project\x\the-karan-singh-vaidh\the-karan-singh-vaidh\server\node_modules\router\index.js:342:13)
    at C:\react project\x\the-karan-singh-vaidh\the-karan-singh-vaidh\server\node_modules\router\index.js:297:9
    at processParams (C:\react project\x\the-karan-singh-vaidh\the-karan-singh-vaidh\server\node_modules\router\index.js:582:12)
    at next (C:\react project\x\the-karan-singh-vaidh\the-karan-singh-vaidh\server\node_modules\router\index.js:291:5)
    at logger (C:\react project\x\the-karan-singh-vaidh\the-karan-singh-vaidh\server\node_modules\morgan\index.js:144:5)
    at Layer.handleRequest (C:\react project\x\the-karan-singh-vaidh\the-karan-singh-vaidh\server\node_modules\router\lib\layer.js:152:17)
    at trimPrefix (C:\react project\x\the-karan-singh-vaidh\the-karan-singh-vaidh\server\node_modules\router\index.js:342:13)
    at C:\react project\x\the-karan-singh-vaidh\the-karan-singh-vaidh\server\node_modules\router\index.js:297:9

[2026-04-15T16:16:10.105Z] 404 - Not Found - /socket.io/?EIO=4&transport=websocket
Error: Not Found - /socket.io/?EIO=4&transport=websocket
    at notFound (C:\react project\x\the-karan-singh-vaidh\the-karan-singh-vaidh\server\middleware\errorMiddleware.js:2:19)
    at Layer.handleRequest (C:\react project\x\the-karan-singh-vaidh\the-karan-singh-vaidh\server\node_modules\router\lib\layer.js:152:17)
    at trimPrefix (C:\react project\x\the-karan-singh-vaidh\the-karan-singh-vaidh\server\node_modules\router\index.js:342:13)
    at C:\react project\x\the-karan-singh-vaidh\the-karan-singh-vaidh\server\node_modules\router\index.js:297:9
    at processParams (C:\react project\x\the-karan-singh-vaidh\the-karan-singh-vaidh\server\node_modules\router\index.js:582:12)
    at next (C:\react project\x\the-karan-singh-vaidh\the-karan-singh-vaidh\server\node_modules\router\index.js:291:5)
    at logger (C:\react project\x\the-karan-singh-vaidh\the-karan-singh-vaidh\server\node_modules\morgan\index.js:144:5)
    at Layer.handleRequest (C:\react project\x\the-karan-singh-vaidh\the-karan-singh-vaidh\server\node_modules\router\lib\layer.js:152:17)
    at trimPrefix (C:\react project\x\the-karan-singh-vaidh\the-karan-singh-vaidh\server\node_modules\router\index.js:342:13)
    at C:\react project\x\the-karan-singh-vaidh\the-karan-singh-vaidh\server\node_modules\router\index.js:297:9

[2026-04-15T16:16:16.165Z] 404 - Not Found - /socket.io/?EIO=4&transport=websocket
Error: Not Found - /socket.io/?EIO=4&transport=websocket
    at notFound (C:\react project\x\the-karan-singh-vaidh\the-karan-singh-vaidh\server\middleware\errorMiddleware.js:2:19)
    at Layer.handleRequest (C:\react project\x\the-karan-singh-vaidh\the-karan-singh-vaidh\server\node_modules\router\lib\layer.js:152:17)
    at trimPrefix (C:\react project\x\the-karan-singh-vaidh\the-karan-singh-vaidh\server\node_modules\router\index.js:342:13)
    at C:\react project\x\the-karan-singh-vaidh\the-karan-singh-vaidh\server\node_modules\router\index.js:297:9
    at processParams (C:\react project\x\the-karan-singh-vaidh\the-karan-singh-vaidh\server\node_modules\router\index.js:582:12)
    at next (C:\react project\x\the-karan-singh-vaidh\the-karan-singh-vaidh\server\node_modules\router\index.js:291:5)
    at logger (C:\react project\x\the-karan-singh-vaidh\the-karan-singh-vaidh\server\node_modules\morgan\index.js:144:5)
    at Layer.handleRequest (C:\react project\x\the-karan-singh-vaidh\the-karan-singh-vaidh\server\node_modules\router\lib\layer.js:152:17)
    at trimPrefix (C:\react project\x\the-karan-singh-vaidh\the-karan-singh-vaidh\server\node_modules\router\index.js:342:13)
    at C:\react project\x\the-karan-singh-vaidh\the-karan-singh-vaidh\server\node_modules\router\index.js:297:9

[2026-04-15T16:16:23.283Z] 404 - Not Found - /socket.io/?EIO=4&transport=websocket
Error: Not Found - /socket.io/?EIO=4&transport=websocket
    at notFound (C:\react project\x\the-karan-singh-vaidh\the-karan-singh-vaidh\server\middleware\errorMiddleware.js:2:19)
    at Layer.handleRequest (C:\react project\x\the-karan-singh-vaidh\the-karan-singh-vaidh\server\node_modules\router\lib\layer.js:152:17)
    at trimPrefix (C:\react project\x\the-karan-singh-vaidh\the-karan-singh-vaidh\server\node_modules\router\index.js:342:13)
    at C:\react project\x\the-karan-singh-vaidh\the-karan-singh-vaidh\server\node_modules\router\index.js:297:9
    at processParams (C:\react project\x\the-karan-singh-vaidh\the-karan-singh-vaidh\server\node_modules\router\index.js:582:12)
    at next (C:\react project\x\the-karan-singh-vaidh\the-karan-singh-vaidh\server\node_modules\router\index.js:291:5)
    at logger (C:\react project\x\the-karan-singh-vaidh\the-karan-singh-vaidh\server\node_modules\morgan\index.js:144:5)
    at Layer.handleRequest (C:\react project\x\the-karan-singh-vaidh\the-karan-singh-vaidh\server\node_modules\router\lib\layer.js:152:17)
    at trimPrefix (C:\react project\x\the-karan-singh-vaidh\the-karan-singh-vaidh\server\node_modules\router\index.js:342:13)
    at C:\react project\x\the-karan-singh-vaidh\the-karan-singh-vaidh\server\node_modules\router\index.js:297:9

[2026-04-15T16:16:32.784Z] 404 - Not Found - /socket.io/?EIO=4&transport=websocket
Error: Not Found - /socket.io/?EIO=4&transport=websocket
    at notFound (C:\react project\x\the-karan-singh-vaidh\the-karan-singh-vaidh\server\middleware\errorMiddleware.js:2:19)
    at Layer.handleRequest (C:\react project\x\the-karan-singh-vaidh\the-karan-singh-vaidh\server\node_modules\router\lib\layer.js:152:17)
    at trimPrefix (C:\react project\x\the-karan-singh-vaidh\the-karan-singh-vaidh\server\node_modules\router\index.js:342:13)
    at C:\react project\x\the-karan-singh-vaidh\the-karan-singh-vaidh\server\node_modules\router\index.js:297:9
    at processParams (C:\react project\x\the-karan-singh-vaidh\the-karan-singh-vaidh\server\node_modules\router\index.js:582:12)
    at next (C:\react project\x\the-karan-singh-vaidh\the-karan-singh-vaidh\server\node_modules\router\index.js:291:5)
    at logger (C:\react project\x\the-karan-singh-vaidh\the-karan-singh-vaidh\server\node_modules\morgan\index.js:144:5)
    at Layer.handleRequest (C:\react project\x\the-karan-singh-vaidh\the-karan-singh-vaidh\server\node_modules\router\lib\layer.js:152:17)
    at trimPrefix (C:\react project\x\the-karan-singh-vaidh\the-karan-singh-vaidh\server\node_modules\router\index.js:342:13)
    at C:\react project\x\the-karan-singh-vaidh\the-karan-singh-vaidh\server\node_modules\router\index.js:297:9

[2026-04-15T16:16:39.945Z] 404 - Not Found - /socket.io/?EIO=4&transport=websocket
Error: Not Found - /socket.io/?EIO=4&transport=websocket
    at notFound (C:\react project\x\the-karan-singh-vaidh\the-karan-singh-vaidh\server\middleware\errorMiddleware.js:2:19)
    at Layer.handleRequest (C:\react project\x\the-karan-singh-vaidh\the-karan-singh-vaidh\server\node_modules\router\lib\layer.js:152:17)
    at trimPrefix (C:\react project\x\the-karan-singh-vaidh\the-karan-singh-vaidh\server\node_modules\router\index.js:342:13)
    at C:\react project\x\the-karan-singh-vaidh\the-karan-singh-vaidh\server\node_modules\router\index.js:297:9
    at processParams (C:\react project\x\the-karan-singh-vaidh\the-karan-singh-vaidh\server\node_modules\router\index.js:582:12)
    at next (C:\react project\x\the-karan-singh-vaidh\the-karan-singh-vaidh\server\node_modules\router\index.js:291:5)
    at logger (C:\react project\x\the-karan-singh-vaidh\the-karan-singh-vaidh\server\node_modules\morgan\index.js:144:5)
    at Layer.handleRequest (C:\react project\x\the-karan-singh-vaidh\the-karan-singh-vaidh\server\node_modules\router\lib\layer.js:152:17)
    at trimPrefix (C:\react project\x\the-karan-singh-vaidh\the-karan-singh-vaidh\server\node_modules\router\index.js:342:13)
    at C:\react project\x\the-karan-singh-vaidh\the-karan-singh-vaidh\server\node_modules\router\index.js:297:9

[2026-04-15T16:16:48.717Z] 404 - Not Found - /socket.io/?EIO=4&transport=websocket
Error: Not Found - /socket.io/?EIO=4&transport=websocket
    at notFound (C:\react project\x\the-karan-singh-vaidh\the-karan-singh-vaidh\server\middleware\errorMiddleware.js:2:19)
    at Layer.handleRequest (C:\react project\x\the-karan-singh-vaidh\the-karan-singh-vaidh\server\node_modules\router\lib\layer.js:152:17)
    at trimPrefix (C:\react project\x\the-karan-singh-vaidh\the-karan-singh-vaidh\server\node_modules\router\index.js:342:13)
    at C:\react project\x\the-karan-singh-vaidh\the-karan-singh-vaidh\server\node_modules\router\index.js:297:9
    at processParams (C:\react project\x\the-karan-singh-vaidh\the-karan-singh-vaidh\server\node_modules\router\index.js:582:12)
    at next (C:\react project\x\the-karan-singh-vaidh\the-karan-singh-vaidh\server\node_modules\router\index.js:291:5)
    at logger (C:\react project\x\the-karan-singh-vaidh\the-karan-singh-vaidh\server\node_modules\morgan\index.js:144:5)
    at Layer.handleRequest (C:\react project\x\the-karan-singh-vaidh\the-karan-singh-vaidh\server\node_modules\router\lib\layer.js:152:17)
    at trimPrefix (C:\react project\x\the-karan-singh-vaidh\the-karan-singh-vaidh\server\node_modules\router\index.js:342:13)
    at C:\react project\x\the-karan-singh-vaidh\the-karan-singh-vaidh\server\node_modules\router\index.js:297:9

[2026-04-15T16:16:56.883Z] 404 - Not Found - /socket.io/?EIO=4&transport=websocket
Error: Not Found - /socket.io/?EIO=4&transport=websocket
    at notFound (C:\react project\x\the-karan-singh-vaidh\the-karan-singh-vaidh\server\middleware\errorMiddleware.js:2:19)
    at Layer.handleRequest (C:\react project\x\the-karan-singh-vaidh\the-karan-singh-vaidh\server\node_modules\router\lib\layer.js:152:17)
    at trimPrefix (C:\react project\x\the-karan-singh-vaidh\the-karan-singh-vaidh\server\node_modules\router\index.js:342:13)
    at C:\react project\x\the-karan-singh-vaidh\the-karan-singh-vaidh\server\node_modules\router\index.js:297:9
    at processParams (C:\react project\x\the-karan-singh-vaidh\the-karan-singh-vaidh\server\node_modules\router\index.js:582:12)
    at next (C:\react project\x\the-karan-singh-vaidh\the-karan-singh-vaidh\server\node_modules\router\index.js:291:5)
    at logger (C:\react project\x\the-karan-singh-vaidh\the-karan-singh-vaidh\server\node_modules\morgan\index.js:144:5)
    at Layer.handleRequest (C:\react project\x\the-karan-singh-vaidh\the-karan-singh-vaidh\server\node_modules\router\lib\layer.js:152:17)
    at trimPrefix (C:\react project\x\the-karan-singh-vaidh\the-karan-singh-vaidh\server\node_modules\router\index.js:342:13)
    at C:\react project\x\the-karan-singh-vaidh\the-karan-singh-vaidh\server\node_modules\router\index.js:297:9

[2026-04-15T16:17:05.656Z] 404 - Not Found - /socket.io/?EIO=4&transport=websocket
Error: Not Found - /socket.io/?EIO=4&transport=websocket
    at notFound (C:\react project\x\the-karan-singh-vaidh\the-karan-singh-vaidh\server\middleware\errorMiddleware.js:2:19)
    at Layer.handleRequest (C:\react project\x\the-karan-singh-vaidh\the-karan-singh-vaidh\server\node_modules\router\lib\layer.js:152:17)
    at trimPrefix (C:\react project\x\the-karan-singh-vaidh\the-karan-singh-vaidh\server\node_modules\router\index.js:342:13)
    at C:\react project\x\the-karan-singh-vaidh\the-karan-singh-vaidh\server\node_modules\router\index.js:297:9
    at processParams (C:\react project\x\the-karan-singh-vaidh\the-karan-singh-vaidh\server\node_modules\router\index.js:582:12)
    at next (C:\react project\x\the-karan-singh-vaidh\the-karan-singh-vaidh\server\node_modules\router\index.js:291:5)
    at logger (C:\react project\x\the-karan-singh-vaidh\the-karan-singh-vaidh\server\node_modules\morgan\index.js:144:5)
    at Layer.handleRequest (C:\react project\x\the-karan-singh-vaidh\the-karan-singh-vaidh\server\node_modules\router\lib\layer.js:152:17)
    at trimPrefix (C:\react project\x\the-karan-singh-vaidh\the-karan-singh-vaidh\server\node_modules\router\index.js:342:13)
    at C:\react project\x\the-karan-singh-vaidh\the-karan-singh-vaidh\server\node_modules\router\index.js:297:9

[2026-04-15T16:17:12.600Z] 404 - Not Found - /socket.io/?EIO=4&transport=websocket
Error: Not Found - /socket.io/?EIO=4&transport=websocket
    at notFound (C:\react project\x\the-karan-singh-vaidh\the-karan-singh-vaidh\server\middleware\errorMiddleware.js:2:19)
    at Layer.handleRequest (C:\react project\x\the-karan-singh-vaidh\the-karan-singh-vaidh\server\node_modules\router\lib\layer.js:152:17)
    at trimPrefix (C:\react project\x\the-karan-singh-vaidh\the-karan-singh-vaidh\server\node_modules\router\index.js:342:13)
    at C:\react project\x\the-karan-singh-vaidh\the-karan-singh-vaidh\server\node_modules\router\index.js:297:9
    at processParams (C:\react project\x\the-karan-singh-vaidh\the-karan-singh-vaidh\server\node_modules\router\index.js:582:12)
    at next (C:\react project\x\the-karan-singh-vaidh\the-karan-singh-vaidh\server\node_modules\router\index.js:291:5)
    at logger (C:\react project\x\the-karan-singh-vaidh\the-karan-singh-vaidh\server\node_modules\morgan\index.js:144:5)
    at Layer.handleRequest (C:\react project\x\the-karan-singh-vaidh\the-karan-singh-vaidh\server\node_modules\router\lib\layer.js:152:17)
    at trimPrefix (C:\react project\x\the-karan-singh-vaidh\the-karan-singh-vaidh\server\node_modules\router\index.js:342:13)
    at C:\react project\x\the-karan-singh-vaidh\the-karan-singh-vaidh\server\node_modules\router\index.js:297:9

[2026-04-15T16:17:19.264Z] 404 - Not Found - /socket.io/?EIO=4&transport=websocket
Error: Not Found - /socket.io/?EIO=4&transport=websocket
    at notFound (C:\react project\x\the-karan-singh-vaidh\the-karan-singh-vaidh\server\middleware\errorMiddleware.js:2:19)
    at Layer.handleRequest (C:\react project\x\the-karan-singh-vaidh\the-karan-singh-vaidh\server\node_modules\router\lib\layer.js:152:17)
    at trimPrefix (C:\react project\x\the-karan-singh-vaidh\the-karan-singh-vaidh\server\node_modules\router\index.js:342:13)
    at C:\react project\x\the-karan-singh-vaidh\the-karan-singh-vaidh\server\node_modules\router\index.js:297:9
    at processParams (C:\react project\x\the-karan-singh-vaidh\the-karan-singh-vaidh\server\node_modules\router\index.js:582:12)
    at next (C:\react project\x\the-karan-singh-vaidh\the-karan-singh-vaidh\server\node_modules\router\index.js:291:5)
    at logger (C:\react project\x\the-karan-singh-vaidh\the-karan-singh-vaidh\server\node_modules\morgan\index.js:144:5)
    at Layer.handleRequest (C:\react project\x\the-karan-singh-vaidh\the-karan-singh-vaidh\server\node_modules\router\lib\layer.js:152:17)
    at trimPrefix (C:\react project\x\the-karan-singh-vaidh\the-karan-singh-vaidh\server\node_modules\router\index.js:342:13)
    at C:\react project\x\the-karan-singh-vaidh\the-karan-singh-vaidh\server\node_modules\router\index.js:297:9

[2026-04-15T16:17:30.052Z] 404 - Not Found - /socket.io/?EIO=4&transport=websocket
Error: Not Found - /socket.io/?EIO=4&transport=websocket
    at notFound (C:\react project\x\the-karan-singh-vaidh\the-karan-singh-vaidh\server\middleware\errorMiddleware.js:2:19)
    at Layer.handleRequest (C:\react project\x\the-karan-singh-vaidh\the-karan-singh-vaidh\server\node_modules\router\lib\layer.js:152:17)
    at trimPrefix (C:\react project\x\the-karan-singh-vaidh\the-karan-singh-vaidh\server\node_modules\router\index.js:342:13)
    at C:\react project\x\the-karan-singh-vaidh\the-karan-singh-vaidh\server\node_modules\router\index.js:297:9
    at processParams (C:\react project\x\the-karan-singh-vaidh\the-karan-singh-vaidh\server\node_modules\router\index.js:582:12)
    at next (C:\react project\x\the-karan-singh-vaidh\the-karan-singh-vaidh\server\node_modules\router\index.js:291:5)
    at logger (C:\react project\x\the-karan-singh-vaidh\the-karan-singh-vaidh\server\node_modules\morgan\index.js:144:5)
    at Layer.handleRequest (C:\react project\x\the-karan-singh-vaidh\the-karan-singh-vaidh\server\node_modules\router\lib\layer.js:152:17)
    at trimPrefix (C:\react project\x\the-karan-singh-vaidh\the-karan-singh-vaidh\server\node_modules\router\index.js:342:13)
    at C:\react project\x\the-karan-singh-vaidh\the-karan-singh-vaidh\server\node_modules\router\index.js:297:9

[2026-04-15T16:17:36.228Z] 404 - Not Found - /socket.io/?EIO=4&transport=websocket
Error: Not Found - /socket.io/?EIO=4&transport=websocket
    at notFound (C:\react project\x\the-karan-singh-vaidh\the-karan-singh-vaidh\server\middleware\errorMiddleware.js:2:19)
    at Layer.handleRequest (C:\react project\x\the-karan-singh-vaidh\the-karan-singh-vaidh\server\node_modules\router\lib\layer.js:152:17)
    at trimPrefix (C:\react project\x\the-karan-singh-vaidh\the-karan-singh-vaidh\server\node_modules\router\index.js:342:13)
    at C:\react project\x\the-karan-singh-vaidh\the-karan-singh-vaidh\server\node_modules\router\index.js:297:9
    at processParams (C:\react project\x\the-karan-singh-vaidh\the-karan-singh-vaidh\server\node_modules\router\index.js:582:12)
    at next (C:\react project\x\the-karan-singh-vaidh\the-karan-singh-vaidh\server\node_modules\router\index.js:291:5)
    at logger (C:\react project\x\the-karan-singh-vaidh\the-karan-singh-vaidh\server\node_modules\morgan\index.js:144:5)
    at Layer.handleRequest (C:\react project\x\the-karan-singh-vaidh\the-karan-singh-vaidh\server\node_modules\router\lib\layer.js:152:17)
    at trimPrefix (C:\react project\x\the-karan-singh-vaidh\the-karan-singh-vaidh\server\node_modules\router\index.js:342:13)
    at C:\react project\x\the-karan-singh-vaidh\the-karan-singh-vaidh\server\node_modules\router\index.js:297:9

[2026-04-15T16:17:46.815Z] 404 - Not Found - /socket.io/?EIO=4&transport=websocket
Error: Not Found - /socket.io/?EIO=4&transport=websocket
    at notFound (C:\react project\x\the-karan-singh-vaidh\the-karan-singh-vaidh\server\middleware\errorMiddleware.js:2:19)
    at Layer.handleRequest (C:\react project\x\the-karan-singh-vaidh\the-karan-singh-vaidh\server\node_modules\router\lib\layer.js:152:17)
    at trimPrefix (C:\react project\x\the-karan-singh-vaidh\the-karan-singh-vaidh\server\node_modules\router\index.js:342:13)
    at C:\react project\x\the-karan-singh-vaidh\the-karan-singh-vaidh\server\node_modules\router\index.js:297:9
    at processParams (C:\react project\x\the-karan-singh-vaidh\the-karan-singh-vaidh\server\node_modules\router\index.js:582:12)
    at next (C:\react project\x\the-karan-singh-vaidh\the-karan-singh-vaidh\server\node_modules\router\index.js:291:5)
    at logger (C:\react project\x\the-karan-singh-vaidh\the-karan-singh-vaidh\server\node_modules\morgan\index.js:144:5)
    at Layer.handleRequest (C:\react project\x\the-karan-singh-vaidh\the-karan-singh-vaidh\server\node_modules\router\lib\layer.js:152:17)
    at trimPrefix (C:\react project\x\the-karan-singh-vaidh\the-karan-singh-vaidh\server\node_modules\router\index.js:342:13)
    at C:\react project\x\the-karan-singh-vaidh\the-karan-singh-vaidh\server\node_modules\router\index.js:297:9

[2026-04-15T16:17:55.923Z] 404 - Not Found - /socket.io/?EIO=4&transport=websocket
Error: Not Found - /socket.io/?EIO=4&transport=websocket
    at notFound (C:\react project\x\the-karan-singh-vaidh\the-karan-singh-vaidh\server\middleware\errorMiddleware.js:2:19)
    at Layer.handleRequest (C:\react project\x\the-karan-singh-vaidh\the-karan-singh-vaidh\server\node_modules\router\lib\layer.js:152:17)
    at trimPrefix (C:\react project\x\the-karan-singh-vaidh\the-karan-singh-vaidh\server\node_modules\router\index.js:342:13)
    at C:\react project\x\the-karan-singh-vaidh\the-karan-singh-vaidh\server\node_modules\router\index.js:297:9
    at processParams (C:\react project\x\the-karan-singh-vaidh\the-karan-singh-vaidh\server\node_modules\router\index.js:582:12)
    at next (C:\react project\x\the-karan-singh-vaidh\the-karan-singh-vaidh\server\node_modules\router\index.js:291:5)
    at logger (C:\react project\x\the-karan-singh-vaidh\the-karan-singh-vaidh\server\node_modules\morgan\index.js:144:5)
    at Layer.handleRequest (C:\react project\x\the-karan-singh-vaidh\the-karan-singh-vaidh\server\node_modules\router\lib\layer.js:152:17)
    at trimPrefix (C:\react project\x\the-karan-singh-vaidh\the-karan-singh-vaidh\server\node_modules\router\index.js:342:13)
    at C:\react project\x\the-karan-singh-vaidh\the-karan-singh-vaidh\server\node_modules\router\index.js:297:9

[2026-04-15T16:18:04.475Z] 404 - Not Found - /socket.io/?EIO=4&transport=websocket
Error: Not Found - /socket.io/?EIO=4&transport=websocket
    at notFound (C:\react project\x\the-karan-singh-vaidh\the-karan-singh-vaidh\server\middleware\errorMiddleware.js:2:19)
    at Layer.handleRequest (C:\react project\x\the-karan-singh-vaidh\the-karan-singh-vaidh\server\node_modules\router\lib\layer.js:152:17)
    at trimPrefix (C:\react project\x\the-karan-singh-vaidh\the-karan-singh-vaidh\server\node_modules\router\index.js:342:13)
    at C:\react project\x\the-karan-singh-vaidh\the-karan-singh-vaidh\server\node_modules\router\index.js:297:9
    at processParams (C:\react project\x\the-karan-singh-vaidh\the-karan-singh-vaidh\server\node_modules\router\index.js:582:12)
    at next (C:\react project\x\the-karan-singh-vaidh\the-karan-singh-vaidh\server\node_modules\router\index.js:291:5)
    at logger (C:\react project\x\the-karan-singh-vaidh\the-karan-singh-vaidh\server\node_modules\morgan\index.js:144:5)
    at Layer.handleRequest (C:\react project\x\the-karan-singh-vaidh\the-karan-singh-vaidh\server\node_modules\router\lib\layer.js:152:17)
    at trimPrefix (C:\react project\x\the-karan-singh-vaidh\the-karan-singh-vaidh\server\node_modules\router\index.js:342:13)
    at C:\react project\x\the-karan-singh-vaidh\the-karan-singh-vaidh\server\node_modules\router\index.js:297:9

[2026-04-15T16:18:13.046Z] 404 - Not Found - /socket.io/?EIO=4&transport=websocket
Error: Not Found - /socket.io/?EIO=4&transport=websocket
    at notFound (C:\react project\x\the-karan-singh-vaidh\the-karan-singh-vaidh\server\middleware\errorMiddleware.js:2:19)
    at Layer.handleRequest (C:\react project\x\the-karan-singh-vaidh\the-karan-singh-vaidh\server\node_modules\router\lib\layer.js:152:17)
    at trimPrefix (C:\react project\x\the-karan-singh-vaidh\the-karan-singh-vaidh\server\node_modules\router\index.js:342:13)
    at C:\react project\x\the-karan-singh-vaidh\the-karan-singh-vaidh\server\node_modules\router\index.js:297:9
    at processParams (C:\react project\x\the-karan-singh-vaidh\the-karan-singh-vaidh\server\node_modules\router\index.js:582:12)
    at next (C:\react project\x\the-karan-singh-vaidh\the-karan-singh-vaidh\server\node_modules\router\index.js:291:5)
    at logger (C:\react project\x\the-karan-singh-vaidh\the-karan-singh-vaidh\server\node_modules\morgan\index.js:144:5)
    at Layer.handleRequest (C:\react project\x\the-karan-singh-vaidh\the-karan-singh-vaidh\server\node_modules\router\lib\layer.js:152:17)
    at trimPrefix (C:\react project\x\the-karan-singh-vaidh\the-karan-singh-vaidh\server\node_modules\router\index.js:342:13)
    at C:\react project\x\the-karan-singh-vaidh\the-karan-singh-vaidh\server\node_modules\router\index.js:297:9

[2026-04-15T16:18:20.902Z] 404 - Not Found - /socket.io/?EIO=4&transport=websocket
Error: Not Found - /socket.io/?EIO=4&transport=websocket
    at notFound (C:\react project\x\the-karan-singh-vaidh\the-karan-singh-vaidh\server\middleware\errorMiddleware.js:2:19)
    at Layer.handleRequest (C:\react project\x\the-karan-singh-vaidh\the-karan-singh-vaidh\server\node_modules\router\lib\layer.js:152:17)
    at trimPrefix (C:\react project\x\the-karan-singh-vaidh\the-karan-singh-vaidh\server\node_modules\router\index.js:342:13)
    at C:\react project\x\the-karan-singh-vaidh\the-karan-singh-vaidh\server\node_modules\router\index.js:297:9
    at processParams (C:\react project\x\the-karan-singh-vaidh\the-karan-singh-vaidh\server\node_modules\router\index.js:582:12)
    at next (C:\react project\x\the-karan-singh-vaidh\the-karan-singh-vaidh\server\node_modules\router\index.js:291:5)
    at logger (C:\react project\x\the-karan-singh-vaidh\the-karan-singh-vaidh\server\node_modules\morgan\index.js:144:5)
    at Layer.handleRequest (C:\react project\x\the-karan-singh-vaidh\the-karan-singh-vaidh\server\node_modules\router\lib\layer.js:152:17)
    at trimPrefix (C:\react project\x\the-karan-singh-vaidh\the-karan-singh-vaidh\server\node_modules\router\index.js:342:13)
    at C:\react project\x\the-karan-singh-vaidh\the-karan-singh-vaidh\server\node_modules\router\index.js:297:9

[2026-04-15T16:18:30.118Z] 404 - Not Found - /socket.io/?EIO=4&transport=websocket
Error: Not Found - /socket.io/?EIO=4&transport=websocket
    at notFound (C:\react project\x\the-karan-singh-vaidh\the-karan-singh-vaidh\server\middleware\errorMiddleware.js:2:19)
    at Layer.handleRequest (C:\react project\x\the-karan-singh-vaidh\the-karan-singh-vaidh\server\node_modules\router\lib\layer.js:152:17)
    at trimPrefix (C:\react project\x\the-karan-singh-vaidh\the-karan-singh-vaidh\server\node_modules\router\index.js:342:13)
    at C:\react project\x\the-karan-singh-vaidh\the-karan-singh-vaidh\server\node_modules\router\index.js:297:9
    at processParams (C:\react project\x\the-karan-singh-vaidh\the-karan-singh-vaidh\server\node_modules\router\index.js:582:12)
    at next (C:\react project\x\the-karan-singh-vaidh\the-karan-singh-vaidh\server\node_modules\router\index.js:291:5)
    at logger (C:\react project\x\the-karan-singh-vaidh\the-karan-singh-vaidh\server\node_modules\morgan\index.js:144:5)
    at Layer.handleRequest (C:\react project\x\the-karan-singh-vaidh\the-karan-singh-vaidh\server\node_modules\router\lib\layer.js:152:17)
    at trimPrefix (C:\react project\x\the-karan-singh-vaidh\the-karan-singh-vaidh\server\node_modules\router\index.js:342:13)
    at C:\react project\x\the-karan-singh-vaidh\the-karan-singh-vaidh\server\node_modules\router\index.js:297:9

[2026-04-15T16:18:39.405Z] 404 - Not Found - /socket.io/?EIO=4&transport=websocket
Error: Not Found - /socket.io/?EIO=4&transport=websocket
    at notFound (C:\react project\x\the-karan-singh-vaidh\the-karan-singh-vaidh\server\middleware\errorMiddleware.js:2:19)
    at Layer.handleRequest (C:\react project\x\the-karan-singh-vaidh\the-karan-singh-vaidh\server\node_modules\router\lib\layer.js:152:17)
    at trimPrefix (C:\react project\x\the-karan-singh-vaidh\the-karan-singh-vaidh\server\node_modules\router\index.js:342:13)
    at C:\react project\x\the-karan-singh-vaidh\the-karan-singh-vaidh\server\node_modules\router\index.js:297:9
    at processParams (C:\react project\x\the-karan-singh-vaidh\the-karan-singh-vaidh\server\node_modules\router\index.js:582:12)
    at next (C:\react project\x\the-karan-singh-vaidh\the-karan-singh-vaidh\server\node_modules\router\index.js:291:5)
    at logger (C:\react project\x\the-karan-singh-vaidh\the-karan-singh-vaidh\server\node_modules\morgan\index.js:144:5)
    at Layer.handleRequest (C:\react project\x\the-karan-singh-vaidh\the-karan-singh-vaidh\server\node_modules\router\lib\layer.js:152:17)
    at trimPrefix (C:\react project\x\the-karan-singh-vaidh\the-karan-singh-vaidh\server\node_modules\router\index.js:342:13)
    at C:\react project\x\the-karan-singh-vaidh\the-karan-singh-vaidh\server\node_modules\router\index.js:297:9

[2026-04-15T16:18:46.780Z] 404 - Not Found - /socket.io/?EIO=4&transport=websocket
Error: Not Found - /socket.io/?EIO=4&transport=websocket
    at notFound (C:\react project\x\the-karan-singh-vaidh\the-karan-singh-vaidh\server\middleware\errorMiddleware.js:2:19)
    at Layer.handleRequest (C:\react project\x\the-karan-singh-vaidh\the-karan-singh-vaidh\server\node_modules\router\lib\layer.js:152:17)
    at trimPrefix (C:\react project\x\the-karan-singh-vaidh\the-karan-singh-vaidh\server\node_modules\router\index.js:342:13)
    at C:\react project\x\the-karan-singh-vaidh\the-karan-singh-vaidh\server\node_modules\router\index.js:297:9
    at processParams (C:\react project\x\the-karan-singh-vaidh\the-karan-singh-vaidh\server\node_modules\router\index.js:582:12)
    at next (C:\react project\x\the-karan-singh-vaidh\the-karan-singh-vaidh\server\node_modules\router\index.js:291:5)
    at logger (C:\react project\x\the-karan-singh-vaidh\the-karan-singh-vaidh\server\node_modules\morgan\index.js:144:5)
    at Layer.handleRequest (C:\react project\x\the-karan-singh-vaidh\the-karan-singh-vaidh\server\node_modules\router\lib\layer.js:152:17)
    at trimPrefix (C:\react project\x\the-karan-singh-vaidh\the-karan-singh-vaidh\server\node_modules\router\index.js:342:13)
    at C:\react project\x\the-karan-singh-vaidh\the-karan-singh-vaidh\server\node_modules\router\index.js:297:9

[2026-04-15T16:18:54.645Z] 404 - Not Found - /socket.io/?EIO=4&transport=websocket
Error: Not Found - /socket.io/?EIO=4&transport=websocket
    at notFound (C:\react project\x\the-karan-singh-vaidh\the-karan-singh-vaidh\server\middleware\errorMiddleware.js:2:19)
    at Layer.handleRequest (C:\react project\x\the-karan-singh-vaidh\the-karan-singh-vaidh\server\node_modules\router\lib\layer.js:152:17)
    at trimPrefix (C:\react project\x\the-karan-singh-vaidh\the-karan-singh-vaidh\server\node_modules\router\index.js:342:13)
    at C:\react project\x\the-karan-singh-vaidh\the-karan-singh-vaidh\server\node_modules\router\index.js:297:9
    at processParams (C:\react project\x\the-karan-singh-vaidh\the-karan-singh-vaidh\server\node_modules\router\index.js:582:12)
    at next (C:\react project\x\the-karan-singh-vaidh\the-karan-singh-vaidh\server\node_modules\router\index.js:291:5)
    at logger (C:\react project\x\the-karan-singh-vaidh\the-karan-singh-vaidh\server\node_modules\morgan\index.js:144:5)
    at Layer.handleRequest (C:\react project\x\the-karan-singh-vaidh\the-karan-singh-vaidh\server\node_modules\router\lib\layer.js:152:17)
    at trimPrefix (C:\react project\x\the-karan-singh-vaidh\the-karan-singh-vaidh\server\node_modules\router\index.js:342:13)
    at C:\react project\x\the-karan-singh-vaidh\the-karan-singh-vaidh\server\node_modules\router\index.js:297:9

[2026-04-15T16:19:05.125Z] 404 - Not Found - /socket.io/?EIO=4&transport=websocket
Error: Not Found - /socket.io/?EIO=4&transport=websocket
    at notFound (C:\react project\x\the-karan-singh-vaidh\the-karan-singh-vaidh\server\middleware\errorMiddleware.js:2:19)
    at Layer.handleRequest (C:\react project\x\the-karan-singh-vaidh\the-karan-singh-vaidh\server\node_modules\router\lib\layer.js:152:17)
    at trimPrefix (C:\react project\x\the-karan-singh-vaidh\the-karan-singh-vaidh\server\node_modules\router\index.js:342:13)
    at C:\react project\x\the-karan-singh-vaidh\the-karan-singh-vaidh\server\node_modules\router\index.js:297:9
    at processParams (C:\react project\x\the-karan-singh-vaidh\the-karan-singh-vaidh\server\node_modules\router\index.js:582:12)
    at next (C:\react project\x\the-karan-singh-vaidh\the-karan-singh-vaidh\server\node_modules\router\index.js:291:5)
    at logger (C:\react project\x\the-karan-singh-vaidh\the-karan-singh-vaidh\server\node_modules\morgan\index.js:144:5)
    at Layer.handleRequest (C:\react project\x\the-karan-singh-vaidh\the-karan-singh-vaidh\server\node_modules\router\lib\layer.js:152:17)
    at trimPrefix (C:\react project\x\the-karan-singh-vaidh\the-karan-singh-vaidh\server\node_modules\router\index.js:342:13)
    at C:\react project\x\the-karan-singh-vaidh\the-karan-singh-vaidh\server\node_modules\router\index.js:297:9

[2026-04-15T16:19:13.384Z] 404 - Not Found - /socket.io/?EIO=4&transport=websocket
Error: Not Found - /socket.io/?EIO=4&transport=websocket
    at notFound (C:\react project\x\the-karan-singh-vaidh\the-karan-singh-vaidh\server\middleware\errorMiddleware.js:2:19)
    at Layer.handleRequest (C:\react project\x\the-karan-singh-vaidh\the-karan-singh-vaidh\server\node_modules\router\lib\layer.js:152:17)
    at trimPrefix (C:\react project\x\the-karan-singh-vaidh\the-karan-singh-vaidh\server\node_modules\router\index.js:342:13)
    at C:\react project\x\the-karan-singh-vaidh\the-karan-singh-vaidh\server\node_modules\router\index.js:297:9
    at processParams (C:\react project\x\the-karan-singh-vaidh\the-karan-singh-vaidh\server\node_modules\router\index.js:582:12)
    at next (C:\react project\x\the-karan-singh-vaidh\the-karan-singh-vaidh\server\node_modules\router\index.js:291:5)
    at logger (C:\react project\x\the-karan-singh-vaidh\the-karan-singh-vaidh\server\node_modules\morgan\index.js:144:5)
    at Layer.handleRequest (C:\react project\x\the-karan-singh-vaidh\the-karan-singh-vaidh\server\node_modules\router\lib\layer.js:152:17)
    at trimPrefix (C:\react project\x\the-karan-singh-vaidh\the-karan-singh-vaidh\server\node_modules\router\index.js:342:13)
    at C:\react project\x\the-karan-singh-vaidh\the-karan-singh-vaidh\server\node_modules\router\index.js:297:9

[2026-04-15T16:19:22.571Z] 404 - Not Found - /socket.io/?EIO=4&transport=websocket
Error: Not Found - /socket.io/?EIO=4&transport=websocket
    at notFound (C:\react project\x\the-karan-singh-vaidh\the-karan-singh-vaidh\server\middleware\errorMiddleware.js:2:19)
    at Layer.handleRequest (C:\react project\x\the-karan-singh-vaidh\the-karan-singh-vaidh\server\node_modules\router\lib\layer.js:152:17)
    at trimPrefix (C:\react project\x\the-karan-singh-vaidh\the-karan-singh-vaidh\server\node_modules\router\index.js:342:13)
    at C:\react project\x\the-karan-singh-vaidh\the-karan-singh-vaidh\server\node_modules\router\index.js:297:9
    at processParams (C:\react project\x\the-karan-singh-vaidh\the-karan-singh-vaidh\server\node_modules\router\index.js:582:12)
    at next (C:\react project\x\the-karan-singh-vaidh\the-karan-singh-vaidh\server\node_modules\router\index.js:291:5)
    at logger (C:\react project\x\the-karan-singh-vaidh\the-karan-singh-vaidh\server\node_modules\morgan\index.js:144:5)
    at Layer.handleRequest (C:\react project\x\the-karan-singh-vaidh\the-karan-singh-vaidh\server\node_modules\router\lib\layer.js:152:17)
    at trimPrefix (C:\react project\x\the-karan-singh-vaidh\the-karan-singh-vaidh\server\node_modules\router\index.js:342:13)
    at C:\react project\x\the-karan-singh-vaidh\the-karan-singh-vaidh\server\node_modules\router\index.js:297:9

[2026-04-15T16:19:32.110Z] 404 - Not Found - /socket.io/?EIO=4&transport=websocket
Error: Not Found - /socket.io/?EIO=4&transport=websocket
    at notFound (C:\react project\x\the-karan-singh-vaidh\the-karan-singh-vaidh\server\middleware\errorMiddleware.js:2:19)
    at Layer.handleRequest (C:\react project\x\the-karan-singh-vaidh\the-karan-singh-vaidh\server\node_modules\router\lib\layer.js:152:17)
    at trimPrefix (C:\react project\x\the-karan-singh-vaidh\the-karan-singh-vaidh\server\node_modules\router\index.js:342:13)
    at C:\react project\x\the-karan-singh-vaidh\the-karan-singh-vaidh\server\node_modules\router\index.js:297:9
    at processParams (C:\react project\x\the-karan-singh-vaidh\the-karan-singh-vaidh\server\node_modules\router\index.js:582:12)
    at next (C:\react project\x\the-karan-singh-vaidh\the-karan-singh-vaidh\server\node_modules\router\index.js:291:5)
    at logger (C:\react project\x\the-karan-singh-vaidh\the-karan-singh-vaidh\server\node_modules\morgan\index.js:144:5)
    at Layer.handleRequest (C:\react project\x\the-karan-singh-vaidh\the-karan-singh-vaidh\server\node_modules\router\lib\layer.js:152:17)
    at trimPrefix (C:\react project\x\the-karan-singh-vaidh\the-karan-singh-vaidh\server\node_modules\router\index.js:342:13)
    at C:\react project\x\the-karan-singh-vaidh\the-karan-singh-vaidh\server\node_modules\router\index.js:297:9

[2026-04-15T16:19:40.415Z] 404 - Not Found - /socket.io/?EIO=4&transport=websocket
Error: Not Found - /socket.io/?EIO=4&transport=websocket
    at notFound (C:\react project\x\the-karan-singh-vaidh\the-karan-singh-vaidh\server\middleware\errorMiddleware.js:2:19)
    at Layer.handleRequest (C:\react project\x\the-karan-singh-vaidh\the-karan-singh-vaidh\server\node_modules\router\lib\layer.js:152:17)
    at trimPrefix (C:\react project\x\the-karan-singh-vaidh\the-karan-singh-vaidh\server\node_modules\router\index.js:342:13)
    at C:\react project\x\the-karan-singh-vaidh\the-karan-singh-vaidh\server\node_modules\router\index.js:297:9
    at processParams (C:\react project\x\the-karan-singh-vaidh\the-karan-singh-vaidh\server\node_modules\router\index.js:582:12)
    at next (C:\react project\x\the-karan-singh-vaidh\the-karan-singh-vaidh\server\node_modules\router\index.js:291:5)
    at logger (C:\react project\x\the-karan-singh-vaidh\the-karan-singh-vaidh\server\node_modules\morgan\index.js:144:5)
    at Layer.handleRequest (C:\react project\x\the-karan-singh-vaidh\the-karan-singh-vaidh\server\node_modules\router\lib\layer.js:152:17)
    at trimPrefix (C:\react project\x\the-karan-singh-vaidh\the-karan-singh-vaidh\server\node_modules\router\index.js:342:13)
    at C:\react project\x\the-karan-singh-vaidh\the-karan-singh-vaidh\server\node_modules\router\index.js:297:9

[2026-04-15T16:19:48.670Z] 404 - Not Found - /socket.io/?EIO=4&transport=websocket
Error: Not Found - /socket.io/?EIO=4&transport=websocket
    at notFound (C:\react project\x\the-karan-singh-vaidh\the-karan-singh-vaidh\server\middleware\errorMiddleware.js:2:19)
    at Layer.handleRequest (C:\react project\x\the-karan-singh-vaidh\the-karan-singh-vaidh\server\node_modules\router\lib\layer.js:152:17)
    at trimPrefix (C:\react project\x\the-karan-singh-vaidh\the-karan-singh-vaidh\server\node_modules\router\index.js:342:13)
    at C:\react project\x\the-karan-singh-vaidh\the-karan-singh-vaidh\server\node_modules\router\index.js:297:9
    at processParams (C:\react project\x\the-karan-singh-vaidh\the-karan-singh-vaidh\server\node_modules\router\index.js:582:12)
    at next (C:\react project\x\the-karan-singh-vaidh\the-karan-singh-vaidh\server\node_modules\router\index.js:291:5)
    at logger (C:\react project\x\the-karan-singh-vaidh\the-karan-singh-vaidh\server\node_modules\morgan\index.js:144:5)
    at Layer.handleRequest (C:\react project\x\the-karan-singh-vaidh\the-karan-singh-vaidh\server\node_modules\router\lib\layer.js:152:17)
    at trimPrefix (C:\react project\x\the-karan-singh-vaidh\the-karan-singh-vaidh\server\node_modules\router\index.js:342:13)
    at C:\react project\x\the-karan-singh-vaidh\the-karan-singh-vaidh\server\node_modules\router\index.js:297:9

[2026-04-15T16:19:55.649Z] 404 - Not Found - /socket.io/?EIO=4&transport=websocket
Error: Not Found - /socket.io/?EIO=4&transport=websocket
    at notFound (C:\react project\x\the-karan-singh-vaidh\the-karan-singh-vaidh\server\middleware\errorMiddleware.js:2:19)
    at Layer.handleRequest (C:\react project\x\the-karan-singh-vaidh\the-karan-singh-vaidh\server\node_modules\router\lib\layer.js:152:17)
    at trimPrefix (C:\react project\x\the-karan-singh-vaidh\the-karan-singh-vaidh\server\node_modules\router\index.js:342:13)
    at C:\react project\x\the-karan-singh-vaidh\the-karan-singh-vaidh\server\node_modules\router\index.js:297:9
    at processParams (C:\react project\x\the-karan-singh-vaidh\the-karan-singh-vaidh\server\node_modules\router\index.js:582:12)
    at next (C:\react project\x\the-karan-singh-vaidh\the-karan-singh-vaidh\server\node_modules\router\index.js:291:5)
    at logger (C:\react project\x\the-karan-singh-vaidh\the-karan-singh-vaidh\server\node_modules\morgan\index.js:144:5)
    at Layer.handleRequest (C:\react project\x\the-karan-singh-vaidh\the-karan-singh-vaidh\server\node_modules\router\lib\layer.js:152:17)
    at trimPrefix (C:\react project\x\the-karan-singh-vaidh\the-karan-singh-vaidh\server\node_modules\router\index.js:342:13)
    at C:\react project\x\the-karan-singh-vaidh\the-karan-singh-vaidh\server\node_modules\router\index.js:297:9

[2026-04-15T16:20:01.166Z] 404 - Not Found - /socket.io/?EIO=4&transport=websocket
Error: Not Found - /socket.io/?EIO=4&transport=websocket
    at notFound (C:\react project\x\the-karan-singh-vaidh\the-karan-singh-vaidh\server\middleware\errorMiddleware.js:2:19)
    at Layer.handleRequest (C:\react project\x\the-karan-singh-vaidh\the-karan-singh-vaidh\server\node_modules\router\lib\layer.js:152:17)
    at trimPrefix (C:\react project\x\the-karan-singh-vaidh\the-karan-singh-vaidh\server\node_modules\router\index.js:342:13)
    at C:\react project\x\the-karan-singh-vaidh\the-karan-singh-vaidh\server\node_modules\router\index.js:297:9
    at processParams (C:\react project\x\the-karan-singh-vaidh\the-karan-singh-vaidh\server\node_modules\router\index.js:582:12)
    at next (C:\react project\x\the-karan-singh-vaidh\the-karan-singh-vaidh\server\node_modules\router\index.js:291:5)
    at logger (C:\react project\x\the-karan-singh-vaidh\the-karan-singh-vaidh\server\node_modules\morgan\index.js:144:5)
    at Layer.handleRequest (C:\react project\x\the-karan-singh-vaidh\the-karan-singh-vaidh\server\node_modules\router\lib\layer.js:152:17)
    at trimPrefix (C:\react project\x\the-karan-singh-vaidh\the-karan-singh-vaidh\server\node_modules\router\index.js:342:13)
    at C:\react project\x\the-karan-singh-vaidh\the-karan-singh-vaidh\server\node_modules\router\index.js:297:9

[2026-04-15T16:20:07.154Z] 404 - Not Found - /socket.io/?EIO=4&transport=websocket
Error: Not Found - /socket.io/?EIO=4&transport=websocket
    at notFound (C:\react project\x\the-karan-singh-vaidh\the-karan-singh-vaidh\server\middleware\errorMiddleware.js:2:19)
    at Layer.handleRequest (C:\react project\x\the-karan-singh-vaidh\the-karan-singh-vaidh\server\node_modules\router\lib\layer.js:152:17)
    at trimPrefix (C:\react project\x\the-karan-singh-vaidh\the-karan-singh-vaidh\server\node_modules\router\index.js:342:13)
    at C:\react project\x\the-karan-singh-vaidh\the-karan-singh-vaidh\server\node_modules\router\index.js:297:9
    at processParams (C:\react project\x\the-karan-singh-vaidh\the-karan-singh-vaidh\server\node_modules\router\index.js:582:12)
    at next (C:\react project\x\the-karan-singh-vaidh\the-karan-singh-vaidh\server\node_modules\router\index.js:291:5)
    at logger (C:\react project\x\the-karan-singh-vaidh\the-karan-singh-vaidh\server\node_modules\morgan\index.js:144:5)
    at Layer.handleRequest (C:\react project\x\the-karan-singh-vaidh\the-karan-singh-vaidh\server\node_modules\router\lib\layer.js:152:17)
    at trimPrefix (C:\react project\x\the-karan-singh-vaidh\the-karan-singh-vaidh\server\node_modules\router\index.js:342:13)
    at C:\react project\x\the-karan-singh-vaidh\the-karan-singh-vaidh\server\node_modules\router\index.js:297:9

[2026-04-15T16:20:13.165Z] 404 - Not Found - /socket.io/?EIO=4&transport=websocket
Error: Not Found - /socket.io/?EIO=4&transport=websocket
    at notFound (C:\react project\x\the-karan-singh-vaidh\the-karan-singh-vaidh\server\middleware\errorMiddleware.js:2:19)
    at Layer.handleRequest (C:\react project\x\the-karan-singh-vaidh\the-karan-singh-vaidh\server\node_modules\router\lib\layer.js:152:17)
    at trimPrefix (C:\react project\x\the-karan-singh-vaidh\the-karan-singh-vaidh\server\node_modules\router\index.js:342:13)
    at C:\react project\x\the-karan-singh-vaidh\the-karan-singh-vaidh\server\node_modules\router\index.js:297:9
    at processParams (C:\react project\x\the-karan-singh-vaidh\the-karan-singh-vaidh\server\node_modules\router\index.js:582:12)
    at next (C:\react project\x\the-karan-singh-vaidh\the-karan-singh-vaidh\server\node_modules\router\index.js:291:5)
    at logger (C:\react project\x\the-karan-singh-vaidh\the-karan-singh-vaidh\server\node_modules\morgan\index.js:144:5)
    at Layer.handleRequest (C:\react project\x\the-karan-singh-vaidh\the-karan-singh-vaidh\server\node_modules\router\lib\layer.js:152:17)
    at trimPrefix (C:\react project\x\the-karan-singh-vaidh\the-karan-singh-vaidh\server\node_modules\router\index.js:342:13)
    at C:\react project\x\the-karan-singh-vaidh\the-karan-singh-vaidh\server\node_modules\router\index.js:297:9

[2026-04-15T16:20:19.159Z] 404 - Not Found - /socket.io/?EIO=4&transport=websocket
Error: Not Found - /socket.io/?EIO=4&transport=websocket
    at notFound (C:\react project\x\the-karan-singh-vaidh\the-karan-singh-vaidh\server\middleware\errorMiddleware.js:2:19)
    at Layer.handleRequest (C:\react project\x\the-karan-singh-vaidh\the-karan-singh-vaidh\server\node_modules\router\lib\layer.js:152:17)
    at trimPrefix (C:\react project\x\the-karan-singh-vaidh\the-karan-singh-vaidh\server\node_modules\router\index.js:342:13)
    at C:\react project\x\the-karan-singh-vaidh\the-karan-singh-vaidh\server\node_modules\router\index.js:297:9
    at processParams (C:\react project\x\the-karan-singh-vaidh\the-karan-singh-vaidh\server\node_modules\router\index.js:582:12)
    at next (C:\react project\x\the-karan-singh-vaidh\the-karan-singh-vaidh\server\node_modules\router\index.js:291:5)
    at logger (C:\react project\x\the-karan-singh-vaidh\the-karan-singh-vaidh\server\node_modules\morgan\index.js:144:5)
    at Layer.handleRequest (C:\react project\x\the-karan-singh-vaidh\the-karan-singh-vaidh\server\node_modules\router\lib\layer.js:152:17)
    at trimPrefix (C:\react project\x\the-karan-singh-vaidh\the-karan-singh-vaidh\server\node_modules\router\index.js:342:13)
    at C:\react project\x\the-karan-singh-vaidh\the-karan-singh-vaidh\server\node_modules\router\index.js:297:9

[2026-04-15T16:20:25.176Z] 404 - Not Found - /socket.io/?EIO=4&transport=websocket
Error: Not Found - /socket.io/?EIO=4&transport=websocket
    at notFound (C:\react project\x\the-karan-singh-vaidh\the-karan-singh-vaidh\server\middleware\errorMiddleware.js:2:19)
    at Layer.handleRequest (C:\react project\x\the-karan-singh-vaidh\the-karan-singh-vaidh\server\node_modules\router\lib\layer.js:152:17)
    at trimPrefix (C:\react project\x\the-karan-singh-vaidh\the-karan-singh-vaidh\server\node_modules\router\index.js:342:13)
    at C:\react project\x\the-karan-singh-vaidh\the-karan-singh-vaidh\server\node_modules\router\index.js:297:9
    at processParams (C:\react project\x\the-karan-singh-vaidh\the-karan-singh-vaidh\server\node_modules\router\index.js:582:12)
    at next (C:\react project\x\the-karan-singh-vaidh\the-karan-singh-vaidh\server\node_modules\router\index.js:291:5)
    at logger (C:\react project\x\the-karan-singh-vaidh\the-karan-singh-vaidh\server\node_modules\morgan\index.js:144:5)
    at Layer.handleRequest (C:\react project\x\the-karan-singh-vaidh\the-karan-singh-vaidh\server\node_modules\router\lib\layer.js:152:17)
    at trimPrefix (C:\react project\x\the-karan-singh-vaidh\the-karan-singh-vaidh\server\node_modules\router\index.js:342:13)
    at C:\react project\x\the-karan-singh-vaidh\the-karan-singh-vaidh\server\node_modules\router\index.js:297:9

[2026-04-15T16:20:31.161Z] 404 - Not Found - /socket.io/?EIO=4&transport=websocket
Error: Not Found - /socket.io/?EIO=4&transport=websocket
    at notFound (C:\react project\x\the-karan-singh-vaidh\the-karan-singh-vaidh\server\middleware\errorMiddleware.js:2:19)
    at Layer.handleRequest (C:\react project\x\the-karan-singh-vaidh\the-karan-singh-vaidh\server\node_modules\router\lib\layer.js:152:17)
    at trimPrefix (C:\react project\x\the-karan-singh-vaidh\the-karan-singh-vaidh\server\node_modules\router\index.js:342:13)
    at C:\react project\x\the-karan-singh-vaidh\the-karan-singh-vaidh\server\node_modules\router\index.js:297:9
    at processParams (C:\react project\x\the-karan-singh-vaidh\the-karan-singh-vaidh\server\node_modules\router\index.js:582:12)
    at next (C:\react project\x\the-karan-singh-vaidh\the-karan-singh-vaidh\server\node_modules\router\index.js:291:5)
    at logger (C:\react project\x\the-karan-singh-vaidh\the-karan-singh-vaidh\server\node_modules\morgan\index.js:144:5)
    at Layer.handleRequest (C:\react project\x\the-karan-singh-vaidh\the-karan-singh-vaidh\server\node_modules\router\lib\layer.js:152:17)
    at trimPrefix (C:\react project\x\the-karan-singh-vaidh\the-karan-singh-vaidh\server\node_modules\router\index.js:342:13)
    at C:\react project\x\the-karan-singh-vaidh\the-karan-singh-vaidh\server\node_modules\router\index.js:297:9

[2026-04-15T16:20:37.176Z] 404 - Not Found - /socket.io/?EIO=4&transport=websocket
Error: Not Found - /socket.io/?EIO=4&transport=websocket
    at notFound (C:\react project\x\the-karan-singh-vaidh\the-karan-singh-vaidh\server\middleware\errorMiddleware.js:2:19)
    at Layer.handleRequest (C:\react project\x\the-karan-singh-vaidh\the-karan-singh-vaidh\server\node_modules\router\lib\layer.js:152:17)
    at trimPrefix (C:\react project\x\the-karan-singh-vaidh\the-karan-singh-vaidh\server\node_modules\router\index.js:342:13)
    at C:\react project\x\the-karan-singh-vaidh\the-karan-singh-vaidh\server\node_modules\router\index.js:297:9
    at processParams (C:\react project\x\the-karan-singh-vaidh\the-karan-singh-vaidh\server\node_modules\router\index.js:582:12)
    at next (C:\react project\x\the-karan-singh-vaidh\the-karan-singh-vaidh\server\node_modules\router\index.js:291:5)
    at logger (C:\react project\x\the-karan-singh-vaidh\the-karan-singh-vaidh\server\node_modules\morgan\index.js:144:5)
    at Layer.handleRequest (C:\react project\x\the-karan-singh-vaidh\the-karan-singh-vaidh\server\node_modules\router\lib\layer.js:152:17)
    at trimPrefix (C:\react project\x\the-karan-singh-vaidh\the-karan-singh-vaidh\server\node_modules\router\index.js:342:13)
    at C:\react project\x\the-karan-singh-vaidh\the-karan-singh-vaidh\server\node_modules\router\index.js:297:9

[2026-04-15T16:20:43.177Z] 404 - Not Found - /socket.io/?EIO=4&transport=websocket
Error: Not Found - /socket.io/?EIO=4&transport=websocket
    at notFound (C:\react project\x\the-karan-singh-vaidh\the-karan-singh-vaidh\server\middleware\errorMiddleware.js:2:19)
    at Layer.handleRequest (C:\react project\x\the-karan-singh-vaidh\the-karan-singh-vaidh\server\node_modules\router\lib\layer.js:152:17)
    at trimPrefix (C:\react project\x\the-karan-singh-vaidh\the-karan-singh-vaidh\server\node_modules\router\index.js:342:13)
    at C:\react project\x\the-karan-singh-vaidh\the-karan-singh-vaidh\server\node_modules\router\index.js:297:9
    at processParams (C:\react project\x\the-karan-singh-vaidh\the-karan-singh-vaidh\server\node_modules\router\index.js:582:12)
    at next (C:\react project\x\the-karan-singh-vaidh\the-karan-singh-vaidh\server\node_modules\router\index.js:291:5)
    at logger (C:\react project\x\the-karan-singh-vaidh\the-karan-singh-vaidh\server\node_modules\morgan\index.js:144:5)
    at Layer.handleRequest (C:\react project\x\the-karan-singh-vaidh\the-karan-singh-vaidh\server\node_modules\router\lib\layer.js:152:17)
    at trimPrefix (C:\react project\x\the-karan-singh-vaidh\the-karan-singh-vaidh\server\node_modules\router\index.js:342:13)
    at C:\react project\x\the-karan-singh-vaidh\the-karan-singh-vaidh\server\node_modules\router\index.js:297:9

[2026-04-15T16:20:49.176Z] 404 - Not Found - /socket.io/?EIO=4&transport=websocket
Error: Not Found - /socket.io/?EIO=4&transport=websocket
    at notFound (C:\react project\x\the-karan-singh-vaidh\the-karan-singh-vaidh\server\middleware\errorMiddleware.js:2:19)
    at Layer.handleRequest (C:\react project\x\the-karan-singh-vaidh\the-karan-singh-vaidh\server\node_modules\router\lib\layer.js:152:17)
    at trimPrefix (C:\react project\x\the-karan-singh-vaidh\the-karan-singh-vaidh\server\node_modules\router\index.js:342:13)
    at C:\react project\x\the-karan-singh-vaidh\the-karan-singh-vaidh\server\node_modules\router\index.js:297:9
    at processParams (C:\react project\x\the-karan-singh-vaidh\the-karan-singh-vaidh\server\node_modules\router\index.js:582:12)
    at next (C:\react project\x\the-karan-singh-vaidh\the-karan-singh-vaidh\server\node_modules\router\index.js:291:5)
    at logger (C:\react project\x\the-karan-singh-vaidh\the-karan-singh-vaidh\server\node_modules\morgan\index.js:144:5)
    at Layer.handleRequest (C:\react project\x\the-karan-singh-vaidh\the-karan-singh-vaidh\server\node_modules\router\lib\layer.js:152:17)
    at trimPrefix (C:\react project\x\the-karan-singh-vaidh\the-karan-singh-vaidh\server\node_modules\router\index.js:342:13)
    at C:\react project\x\the-karan-singh-vaidh\the-karan-singh-vaidh\server\node_modules\router\index.js:297:9

[2026-04-15T16:20:55.178Z] 404 - Not Found - /socket.io/?EIO=4&transport=websocket
Error: Not Found - /socket.io/?EIO=4&transport=websocket
    at notFound (C:\react project\x\the-karan-singh-vaidh\the-karan-singh-vaidh\server\middleware\errorMiddleware.js:2:19)
    at Layer.handleRequest (C:\react project\x\the-karan-singh-vaidh\the-karan-singh-vaidh\server\node_modules\router\lib\layer.js:152:17)
    at trimPrefix (C:\react project\x\the-karan-singh-vaidh\the-karan-singh-vaidh\server\node_modules\router\index.js:342:13)
    at C:\react project\x\the-karan-singh-vaidh\the-karan-singh-vaidh\server\node_modules\router\index.js:297:9
    at processParams (C:\react project\x\the-karan-singh-vaidh\the-karan-singh-vaidh\server\node_modules\router\index.js:582:12)
    at next (C:\react project\x\the-karan-singh-vaidh\the-karan-singh-vaidh\server\node_modules\router\index.js:291:5)
    at logger (C:\react project\x\the-karan-singh-vaidh\the-karan-singh-vaidh\server\node_modules\morgan\index.js:144:5)
    at Layer.handleRequest (C:\react project\x\the-karan-singh-vaidh\the-karan-singh-vaidh\server\node_modules\router\lib\layer.js:152:17)
    at trimPrefix (C:\react project\x\the-karan-singh-vaidh\the-karan-singh-vaidh\server\node_modules\router\index.js:342:13)
    at C:\react project\x\the-karan-singh-vaidh\the-karan-singh-vaidh\server\node_modules\router\index.js:297:9

[2026-04-15T16:21:01.199Z] 404 - Not Found - /socket.io/?EIO=4&transport=websocket
Error: Not Found - /socket.io/?EIO=4&transport=websocket
    at notFound (C:\react project\x\the-karan-singh-vaidh\the-karan-singh-vaidh\server\middleware\errorMiddleware.js:2:19)
    at Layer.handleRequest (C:\react project\x\the-karan-singh-vaidh\the-karan-singh-vaidh\server\node_modules\router\lib\layer.js:152:17)
    at trimPrefix (C:\react project\x\the-karan-singh-vaidh\the-karan-singh-vaidh\server\node_modules\router\index.js:342:13)
    at C:\react project\x\the-karan-singh-vaidh\the-karan-singh-vaidh\server\node_modules\router\index.js:297:9
    at processParams (C:\react project\x\the-karan-singh-vaidh\the-karan-singh-vaidh\server\node_modules\router\index.js:582:12)
    at next (C:\react project\x\the-karan-singh-vaidh\the-karan-singh-vaidh\server\node_modules\router\index.js:291:5)
    at logger (C:\react project\x\the-karan-singh-vaidh\the-karan-singh-vaidh\server\node_modules\morgan\index.js:144:5)
    at Layer.handleRequest (C:\react project\x\the-karan-singh-vaidh\the-karan-singh-vaidh\server\node_modules\router\lib\layer.js:152:17)
    at trimPrefix (C:\react project\x\the-karan-singh-vaidh\the-karan-singh-vaidh\server\node_modules\router\index.js:342:13)
    at C:\react project\x\the-karan-singh-vaidh\the-karan-singh-vaidh\server\node_modules\router\index.js:297:9

[2026-04-15T16:21:07.231Z] 404 - Not Found - /socket.io/?EIO=4&transport=websocket
Error: Not Found - /socket.io/?EIO=4&transport=websocket
    at notFound (C:\react project\x\the-karan-singh-vaidh\the-karan-singh-vaidh\server\middleware\errorMiddleware.js:2:19)
    at Layer.handleRequest (C:\react project\x\the-karan-singh-vaidh\the-karan-singh-vaidh\server\node_modules\router\lib\layer.js:152:17)
    at trimPrefix (C:\react project\x\the-karan-singh-vaidh\the-karan-singh-vaidh\server\node_modules\router\index.js:342:13)
    at C:\react project\x\the-karan-singh-vaidh\the-karan-singh-vaidh\server\node_modules\router\index.js:297:9
    at processParams (C:\react project\x\the-karan-singh-vaidh\the-karan-singh-vaidh\server\node_modules\router\index.js:582:12)
    at next (C:\react project\x\the-karan-singh-vaidh\the-karan-singh-vaidh\server\node_modules\router\index.js:291:5)
    at logger (C:\react project\x\the-karan-singh-vaidh\the-karan-singh-vaidh\server\node_modules\morgan\index.js:144:5)
    at Layer.handleRequest (C:\react project\x\the-karan-singh-vaidh\the-karan-singh-vaidh\server\node_modules\router\lib\layer.js:152:17)
    at trimPrefix (C:\react project\x\the-karan-singh-vaidh\the-karan-singh-vaidh\server\node_modules\router\index.js:342:13)
    at C:\react project\x\the-karan-singh-vaidh\the-karan-singh-vaidh\server\node_modules\router\index.js:297:9

[2026-04-15T16:21:13.338Z] 404 - Not Found - /socket.io/?EIO=4&transport=websocket
Error: Not Found - /socket.io/?EIO=4&transport=websocket
    at notFound (C:\react project\x\the-karan-singh-vaidh\the-karan-singh-vaidh\server\middleware\errorMiddleware.js:2:19)
    at Layer.handleRequest (C:\react project\x\the-karan-singh-vaidh\the-karan-singh-vaidh\server\node_modules\router\lib\layer.js:152:17)
    at trimPrefix (C:\react project\x\the-karan-singh-vaidh\the-karan-singh-vaidh\server\node_modules\router\index.js:342:13)
    at C:\react project\x\the-karan-singh-vaidh\the-karan-singh-vaidh\server\node_modules\router\index.js:297:9
    at processParams (C:\react project\x\the-karan-singh-vaidh\the-karan-singh-vaidh\server\node_modules\router\index.js:582:12)
    at next (C:\react project\x\the-karan-singh-vaidh\the-karan-singh-vaidh\server\node_modules\router\index.js:291:5)
    at logger (C:\react project\x\the-karan-singh-vaidh\the-karan-singh-vaidh\server\node_modules\morgan\index.js:144:5)
    at Layer.handleRequest (C:\react project\x\the-karan-singh-vaidh\the-karan-singh-vaidh\server\node_modules\router\lib\layer.js:152:17)
    at trimPrefix (C:\react project\x\the-karan-singh-vaidh\the-karan-singh-vaidh\server\node_modules\router\index.js:342:13)
    at C:\react project\x\the-karan-singh-vaidh\the-karan-singh-vaidh\server\node_modules\router\index.js:297:9

[2026-04-15T16:21:19.593Z] 404 - Not Found - /socket.io/?EIO=4&transport=websocket
Error: Not Found - /socket.io/?EIO=4&transport=websocket
    at notFound (C:\react project\x\the-karan-singh-vaidh\the-karan-singh-vaidh\server\middleware\errorMiddleware.js:2:19)
    at Layer.handleRequest (C:\react project\x\the-karan-singh-vaidh\the-karan-singh-vaidh\server\node_modules\router\lib\layer.js:152:17)
    at trimPrefix (C:\react project\x\the-karan-singh-vaidh\the-karan-singh-vaidh\server\node_modules\router\index.js:342:13)
    at C:\react project\x\the-karan-singh-vaidh\the-karan-singh-vaidh\server\node_modules\router\index.js:297:9
    at processParams (C:\react project\x\the-karan-singh-vaidh\the-karan-singh-vaidh\server\node_modules\router\index.js:582:12)
    at next (C:\react project\x\the-karan-singh-vaidh\the-karan-singh-vaidh\server\node_modules\router\index.js:291:5)
    at logger (C:\react project\x\the-karan-singh-vaidh\the-karan-singh-vaidh\server\node_modules\morgan\index.js:144:5)
    at Layer.handleRequest (C:\react project\x\the-karan-singh-vaidh\the-karan-singh-vaidh\server\node_modules\router\lib\layer.js:152:17)
    at trimPrefix (C:\react project\x\the-karan-singh-vaidh\the-karan-singh-vaidh\server\node_modules\router\index.js:342:13)
    at C:\react project\x\the-karan-singh-vaidh\the-karan-singh-vaidh\server\node_modules\router\index.js:297:9

[2026-04-15T16:21:25.917Z] 404 - Not Found - /socket.io/?EIO=4&transport=websocket
Error: Not Found - /socket.io/?EIO=4&transport=websocket
    at notFound (C:\react project\x\the-karan-singh-vaidh\the-karan-singh-vaidh\server\middleware\errorMiddleware.js:2:19)
    at Layer.handleRequest (C:\react project\x\the-karan-singh-vaidh\the-karan-singh-vaidh\server\node_modules\router\lib\layer.js:152:17)
    at trimPrefix (C:\react project\x\the-karan-singh-vaidh\the-karan-singh-vaidh\server\node_modules\router\index.js:342:13)
    at C:\react project\x\the-karan-singh-vaidh\the-karan-singh-vaidh\server\node_modules\router\index.js:297:9
    at processParams (C:\react project\x\the-karan-singh-vaidh\the-karan-singh-vaidh\server\node_modules\router\index.js:582:12)
    at next (C:\react project\x\the-karan-singh-vaidh\the-karan-singh-vaidh\server\node_modules\router\index.js:291:5)
    at logger (C:\react project\x\the-karan-singh-vaidh\the-karan-singh-vaidh\server\node_modules\morgan\index.js:144:5)
    at Layer.handleRequest (C:\react project\x\the-karan-singh-vaidh\the-karan-singh-vaidh\server\node_modules\router\lib\layer.js:152:17)
    at trimPrefix (C:\react project\x\the-karan-singh-vaidh\the-karan-singh-vaidh\server\node_modules\router\index.js:342:13)
    at C:\react project\x\the-karan-singh-vaidh\the-karan-singh-vaidh\server\node_modules\router\index.js:297:9

[2026-04-15T16:21:32.877Z] 404 - Not Found - /socket.io/?EIO=4&transport=websocket
Error: Not Found - /socket.io/?EIO=4&transport=websocket
    at notFound (C:\react project\x\the-karan-singh-vaidh\the-karan-singh-vaidh\server\middleware\errorMiddleware.js:2:19)
    at Layer.handleRequest (C:\react project\x\the-karan-singh-vaidh\the-karan-singh-vaidh\server\node_modules\router\lib\layer.js:152:17)
    at trimPrefix (C:\react project\x\the-karan-singh-vaidh\the-karan-singh-vaidh\server\node_modules\router\index.js:342:13)
    at C:\react project\x\the-karan-singh-vaidh\the-karan-singh-vaidh\server\node_modules\router\index.js:297:9
    at processParams (C:\react project\x\the-karan-singh-vaidh\the-karan-singh-vaidh\server\node_modules\router\index.js:582:12)
    at next (C:\react project\x\the-karan-singh-vaidh\the-karan-singh-vaidh\server\node_modules\router\index.js:291:5)
    at logger (C:\react project\x\the-karan-singh-vaidh\the-karan-singh-vaidh\server\node_modules\morgan\index.js:144:5)
    at Layer.handleRequest (C:\react project\x\the-karan-singh-vaidh\the-karan-singh-vaidh\server\node_modules\router\lib\layer.js:152:17)
    at trimPrefix (C:\react project\x\the-karan-singh-vaidh\the-karan-singh-vaidh\server\node_modules\router\index.js:342:13)
    at C:\react project\x\the-karan-singh-vaidh\the-karan-singh-vaidh\server\node_modules\router\index.js:297:9

[2026-04-15T16:21:42.359Z] 404 - Not Found - /socket.io/?EIO=4&transport=websocket
Error: Not Found - /socket.io/?EIO=4&transport=websocket
    at notFound (C:\react project\x\the-karan-singh-vaidh\the-karan-singh-vaidh\server\middleware\errorMiddleware.js:2:19)
    at Layer.handleRequest (C:\react project\x\the-karan-singh-vaidh\the-karan-singh-vaidh\server\node_modules\router\lib\layer.js:152:17)
    at trimPrefix (C:\react project\x\the-karan-singh-vaidh\the-karan-singh-vaidh\server\node_modules\router\index.js:342:13)
    at C:\react project\x\the-karan-singh-vaidh\the-karan-singh-vaidh\server\node_modules\router\index.js:297:9
    at processParams (C:\react project\x\the-karan-singh-vaidh\the-karan-singh-vaidh\server\node_modules\router\index.js:582:12)
    at next (C:\react project\x\the-karan-singh-vaidh\the-karan-singh-vaidh\server\node_modules\router\index.js:291:5)
    at logger (C:\react project\x\the-karan-singh-vaidh\the-karan-singh-vaidh\server\node_modules\morgan\index.js:144:5)
    at Layer.handleRequest (C:\react project\x\the-karan-singh-vaidh\the-karan-singh-vaidh\server\node_modules\router\lib\layer.js:152:17)
    at trimPrefix (C:\react project\x\the-karan-singh-vaidh\the-karan-singh-vaidh\server\node_modules\router\index.js:342:13)
    at C:\react project\x\the-karan-singh-vaidh\the-karan-singh-vaidh\server\node_modules\router\index.js:297:9

[2026-04-15T16:21:51.900Z] 404 - Not Found - /socket.io/?EIO=4&transport=websocket
Error: Not Found - /socket.io/?EIO=4&transport=websocket
    at notFound (C:\react project\x\the-karan-singh-vaidh\the-karan-singh-vaidh\server\middleware\errorMiddleware.js:2:19)
    at Layer.handleRequest (C:\react project\x\the-karan-singh-vaidh\the-karan-singh-vaidh\server\node_modules\router\lib\layer.js:152:17)
    at trimPrefix (C:\react project\x\the-karan-singh-vaidh\the-karan-singh-vaidh\server\node_modules\router\index.js:342:13)
    at C:\react project\x\the-karan-singh-vaidh\the-karan-singh-vaidh\server\node_modules\router\index.js:297:9
    at processParams (C:\react project\x\the-karan-singh-vaidh\the-karan-singh-vaidh\server\node_modules\router\index.js:582:12)
    at next (C:\react project\x\the-karan-singh-vaidh\the-karan-singh-vaidh\server\node_modules\router\index.js:291:5)
    at logger (C:\react project\x\the-karan-singh-vaidh\the-karan-singh-vaidh\server\node_modules\morgan\index.js:144:5)
    at Layer.handleRequest (C:\react project\x\the-karan-singh-vaidh\the-karan-singh-vaidh\server\node_modules\router\lib\layer.js:152:17)
    at trimPrefix (C:\react project\x\the-karan-singh-vaidh\the-karan-singh-vaidh\server\node_modules\router\index.js:342:13)
    at C:\react project\x\the-karan-singh-vaidh\the-karan-singh-vaidh\server\node_modules\router\index.js:297:9

[2026-04-15T16:21:59.592Z] 404 - Not Found - /socket.io/?EIO=4&transport=websocket
Error: Not Found - /socket.io/?EIO=4&transport=websocket
    at notFound (C:\react project\x\the-karan-singh-vaidh\the-karan-singh-vaidh\server\middleware\errorMiddleware.js:2:19)
    at Layer.handleRequest (C:\react project\x\the-karan-singh-vaidh\the-karan-singh-vaidh\server\node_modules\router\lib\layer.js:152:17)
    at trimPrefix (C:\react project\x\the-karan-singh-vaidh\the-karan-singh-vaidh\server\node_modules\router\index.js:342:13)
    at C:\react project\x\the-karan-singh-vaidh\the-karan-singh-vaidh\server\node_modules\router\index.js:297:9
    at processParams (C:\react project\x\the-karan-singh-vaidh\the-karan-singh-vaidh\server\node_modules\router\index.js:582:12)
    at next (C:\react project\x\the-karan-singh-vaidh\the-karan-singh-vaidh\server\node_modules\router\index.js:291:5)
    at logger (C:\react project\x\the-karan-singh-vaidh\the-karan-singh-vaidh\server\node_modules\morgan\index.js:144:5)
    at Layer.handleRequest (C:\react project\x\the-karan-singh-vaidh\the-karan-singh-vaidh\server\node_modules\router\lib\layer.js:152:17)
    at trimPrefix (C:\react project\x\the-karan-singh-vaidh\the-karan-singh-vaidh\server\node_modules\router\index.js:342:13)
    at C:\react project\x\the-karan-singh-vaidh\the-karan-singh-vaidh\server\node_modules\router\index.js:297:9

[2026-04-15T16:22:05.162Z] 404 - Not Found - /socket.io/?EIO=4&transport=websocket
Error: Not Found - /socket.io/?EIO=4&transport=websocket
    at notFound (C:\react project\x\the-karan-singh-vaidh\the-karan-singh-vaidh\server\middleware\errorMiddleware.js:2:19)
    at Layer.handleRequest (C:\react project\x\the-karan-singh-vaidh\the-karan-singh-vaidh\server\node_modules\router\lib\layer.js:152:17)
    at trimPrefix (C:\react project\x\the-karan-singh-vaidh\the-karan-singh-vaidh\server\node_modules\router\index.js:342:13)
    at C:\react project\x\the-karan-singh-vaidh\the-karan-singh-vaidh\server\node_modules\router\index.js:297:9
    at processParams (C:\react project\x\the-karan-singh-vaidh\the-karan-singh-vaidh\server\node_modules\router\index.js:582:12)
    at next (C:\react project\x\the-karan-singh-vaidh\the-karan-singh-vaidh\server\node_modules\router\index.js:291:5)
    at logger (C:\react project\x\the-karan-singh-vaidh\the-karan-singh-vaidh\server\node_modules\morgan\index.js:144:5)
    at Layer.handleRequest (C:\react project\x\the-karan-singh-vaidh\the-karan-singh-vaidh\server\node_modules\router\lib\layer.js:152:17)
    at trimPrefix (C:\react project\x\the-karan-singh-vaidh\the-karan-singh-vaidh\server\node_modules\router\index.js:342:13)
    at C:\react project\x\the-karan-singh-vaidh\the-karan-singh-vaidh\server\node_modules\router\index.js:297:9

[2026-04-15T16:22:11.158Z] 404 - Not Found - /socket.io/?EIO=4&transport=websocket
Error: Not Found - /socket.io/?EIO=4&transport=websocket
    at notFound (C:\react project\x\the-karan-singh-vaidh\the-karan-singh-vaidh\server\middleware\errorMiddleware.js:2:19)
    at Layer.handleRequest (C:\react project\x\the-karan-singh-vaidh\the-karan-singh-vaidh\server\node_modules\router\lib\layer.js:152:17)
    at trimPrefix (C:\react project\x\the-karan-singh-vaidh\the-karan-singh-vaidh\server\node_modules\router\index.js:342:13)
    at C:\react project\x\the-karan-singh-vaidh\the-karan-singh-vaidh\server\node_modules\router\index.js:297:9
    at processParams (C:\react project\x\the-karan-singh-vaidh\the-karan-singh-vaidh\server\node_modules\router\index.js:582:12)
    at next (C:\react project\x\the-karan-singh-vaidh\the-karan-singh-vaidh\server\node_modules\router\index.js:291:5)
    at logger (C:\react project\x\the-karan-singh-vaidh\the-karan-singh-vaidh\server\node_modules\morgan\index.js:144:5)
    at Layer.handleRequest (C:\react project\x\the-karan-singh-vaidh\the-karan-singh-vaidh\server\node_modules\router\lib\layer.js:152:17)
    at trimPrefix (C:\react project\x\the-karan-singh-vaidh\the-karan-singh-vaidh\server\node_modules\router\index.js:342:13)
    at C:\react project\x\the-karan-singh-vaidh\the-karan-singh-vaidh\server\node_modules\router\index.js:297:9

[2026-04-15T16:22:17.154Z] 404 - Not Found - /socket.io/?EIO=4&transport=websocket
Error: Not Found - /socket.io/?EIO=4&transport=websocket
    at notFound (C:\react project\x\the-karan-singh-vaidh\the-karan-singh-vaidh\server\middleware\errorMiddleware.js:2:19)
    at Layer.handleRequest (C:\react project\x\the-karan-singh-vaidh\the-karan-singh-vaidh\server\node_modules\router\lib\layer.js:152:17)
    at trimPrefix (C:\react project\x\the-karan-singh-vaidh\the-karan-singh-vaidh\server\node_modules\router\index.js:342:13)
    at C:\react project\x\the-karan-singh-vaidh\the-karan-singh-vaidh\server\node_modules\router\index.js:297:9
    at processParams (C:\react project\x\the-karan-singh-vaidh\the-karan-singh-vaidh\server\node_modules\router\index.js:582:12)
    at next (C:\react project\x\the-karan-singh-vaidh\the-karan-singh-vaidh\server\node_modules\router\index.js:291:5)
    at logger (C:\react project\x\the-karan-singh-vaidh\the-karan-singh-vaidh\server\node_modules\morgan\index.js:144:5)
    at Layer.handleRequest (C:\react project\x\the-karan-singh-vaidh\the-karan-singh-vaidh\server\node_modules\router\lib\layer.js:152:17)
    at trimPrefix (C:\react project\x\the-karan-singh-vaidh\the-karan-singh-vaidh\server\node_modules\router\index.js:342:13)
    at C:\react project\x\the-karan-singh-vaidh\the-karan-singh-vaidh\server\node_modules\router\index.js:297:9

[2026-04-15T16:22:23.165Z] 404 - Not Found - /socket.io/?EIO=4&transport=websocket
Error: Not Found - /socket.io/?EIO=4&transport=websocket
    at notFound (C:\react project\x\the-karan-singh-vaidh\the-karan-singh-vaidh\server\middleware\errorMiddleware.js:2:19)
    at Layer.handleRequest (C:\react project\x\the-karan-singh-vaidh\the-karan-singh-vaidh\server\node_modules\router\lib\layer.js:152:17)
    at trimPrefix (C:\react project\x\the-karan-singh-vaidh\the-karan-singh-vaidh\server\node_modules\router\index.js:342:13)
    at C:\react project\x\the-karan-singh-vaidh\the-karan-singh-vaidh\server\node_modules\router\index.js:297:9
    at processParams (C:\react project\x\the-karan-singh-vaidh\the-karan-singh-vaidh\server\node_modules\router\index.js:582:12)
    at next (C:\react project\x\the-karan-singh-vaidh\the-karan-singh-vaidh\server\node_modules\router\index.js:291:5)
    at logger (C:\react project\x\the-karan-singh-vaidh\the-karan-singh-vaidh\server\node_modules\morgan\index.js:144:5)
    at Layer.handleRequest (C:\react project\x\the-karan-singh-vaidh\the-karan-singh-vaidh\server\node_modules\router\lib\layer.js:152:17)
    at trimPrefix (C:\react project\x\the-karan-singh-vaidh\the-karan-singh-vaidh\server\node_modules\router\index.js:342:13)
    at C:\react project\x\the-karan-singh-vaidh\the-karan-singh-vaidh\server\node_modules\router\index.js:297:9

[2026-04-15T16:22:29.166Z] 404 - Not Found - /socket.io/?EIO=4&transport=websocket
Error: Not Found - /socket.io/?EIO=4&transport=websocket
    at notFound (C:\react project\x\the-karan-singh-vaidh\the-karan-singh-vaidh\server\middleware\errorMiddleware.js:2:19)
    at Layer.handleRequest (C:\react project\x\the-karan-singh-vaidh\the-karan-singh-vaidh\server\node_modules\router\lib\layer.js:152:17)
    at trimPrefix (C:\react project\x\the-karan-singh-vaidh\the-karan-singh-vaidh\server\node_modules\router\index.js:342:13)
    at C:\react project\x\the-karan-singh-vaidh\the-karan-singh-vaidh\server\node_modules\router\index.js:297:9
    at processParams (C:\react project\x\the-karan-singh-vaidh\the-karan-singh-vaidh\server\node_modules\router\index.js:582:12)
    at next (C:\react project\x\the-karan-singh-vaidh\the-karan-singh-vaidh\server\node_modules\router\index.js:291:5)
    at logger (C:\react project\x\the-karan-singh-vaidh\the-karan-singh-vaidh\server\node_modules\morgan\index.js:144:5)
    at Layer.handleRequest (C:\react project\x\the-karan-singh-vaidh\the-karan-singh-vaidh\server\node_modules\router\lib\layer.js:152:17)
    at trimPrefix (C:\react project\x\the-karan-singh-vaidh\the-karan-singh-vaidh\server\node_modules\router\index.js:342:13)
    at C:\react project\x\the-karan-singh-vaidh\the-karan-singh-vaidh\server\node_modules\router\index.js:297:9

[2026-04-15T16:22:35.177Z] 404 - Not Found - /socket.io/?EIO=4&transport=websocket
Error: Not Found - /socket.io/?EIO=4&transport=websocket
    at notFound (C:\react project\x\the-karan-singh-vaidh\the-karan-singh-vaidh\server\middleware\errorMiddleware.js:2:19)
    at Layer.handleRequest (C:\react project\x\the-karan-singh-vaidh\the-karan-singh-vaidh\server\node_modules\router\lib\layer.js:152:17)
    at trimPrefix (C:\react project\x\the-karan-singh-vaidh\the-karan-singh-vaidh\server\node_modules\router\index.js:342:13)
    at C:\react project\x\the-karan-singh-vaidh\the-karan-singh-vaidh\server\node_modules\router\index.js:297:9
    at processParams (C:\react project\x\the-karan-singh-vaidh\the-karan-singh-vaidh\server\node_modules\router\index.js:582:12)
    at next (C:\react project\x\the-karan-singh-vaidh\the-karan-singh-vaidh\server\node_modules\router\index.js:291:5)
    at logger (C:\react project\x\the-karan-singh-vaidh\the-karan-singh-vaidh\server\node_modules\morgan\index.js:144:5)
    at Layer.handleRequest (C:\react project\x\the-karan-singh-vaidh\the-karan-singh-vaidh\server\node_modules\router\lib\layer.js:152:17)
    at trimPrefix (C:\react project\x\the-karan-singh-vaidh\the-karan-singh-vaidh\server\node_modules\router\index.js:342:13)
    at C:\react project\x\the-karan-singh-vaidh\the-karan-singh-vaidh\server\node_modules\router\index.js:297:9

[2026-04-15T16:22:41.176Z] 404 - Not Found - /socket.io/?EIO=4&transport=websocket
Error: Not Found - /socket.io/?EIO=4&transport=websocket
    at notFound (C:\react project\x\the-karan-singh-vaidh\the-karan-singh-vaidh\server\middleware\errorMiddleware.js:2:19)
    at Layer.handleRequest (C:\react project\x\the-karan-singh-vaidh\the-karan-singh-vaidh\server\node_modules\router\lib\layer.js:152:17)
    at trimPrefix (C:\react project\x\the-karan-singh-vaidh\the-karan-singh-vaidh\server\node_modules\router\index.js:342:13)
    at C:\react project\x\the-karan-singh-vaidh\the-karan-singh-vaidh\server\node_modules\router\index.js:297:9
    at processParams (C:\react project\x\the-karan-singh-vaidh\the-karan-singh-vaidh\server\node_modules\router\index.js:582:12)
    at next (C:\react project\x\the-karan-singh-vaidh\the-karan-singh-vaidh\server\node_modules\router\index.js:291:5)
    at logger (C:\react project\x\the-karan-singh-vaidh\the-karan-singh-vaidh\server\node_modules\morgan\index.js:144:5)
    at Layer.handleRequest (C:\react project\x\the-karan-singh-vaidh\the-karan-singh-vaidh\server\node_modules\router\lib\layer.js:152:17)
    at trimPrefix (C:\react project\x\the-karan-singh-vaidh\the-karan-singh-vaidh\server\node_modules\router\index.js:342:13)
    at C:\react project\x\the-karan-singh-vaidh\the-karan-singh-vaidh\server\node_modules\router\index.js:297:9

[2026-04-15T16:22:47.175Z] 404 - Not Found - /socket.io/?EIO=4&transport=websocket
Error: Not Found - /socket.io/?EIO=4&transport=websocket
    at notFound (C:\react project\x\the-karan-singh-vaidh\the-karan-singh-vaidh\server\middleware\errorMiddleware.js:2:19)
    at Layer.handleRequest (C:\react project\x\the-karan-singh-vaidh\the-karan-singh-vaidh\server\node_modules\router\lib\layer.js:152:17)
    at trimPrefix (C:\react project\x\the-karan-singh-vaidh\the-karan-singh-vaidh\server\node_modules\router\index.js:342:13)
    at C:\react project\x\the-karan-singh-vaidh\the-karan-singh-vaidh\server\node_modules\router\index.js:297:9
    at processParams (C:\react project\x\the-karan-singh-vaidh\the-karan-singh-vaidh\server\node_modules\router\index.js:582:12)
    at next (C:\react project\x\the-karan-singh-vaidh\the-karan-singh-vaidh\server\node_modules\router\index.js:291:5)
    at logger (C:\react project\x\the-karan-singh-vaidh\the-karan-singh-vaidh\server\node_modules\morgan\index.js:144:5)
    at Layer.handleRequest (C:\react project\x\the-karan-singh-vaidh\the-karan-singh-vaidh\server\node_modules\router\lib\layer.js:152:17)
    at trimPrefix (C:\react project\x\the-karan-singh-vaidh\the-karan-singh-vaidh\server\node_modules\router\index.js:342:13)
    at C:\react project\x\the-karan-singh-vaidh\the-karan-singh-vaidh\server\node_modules\router\index.js:297:9

[2026-04-15T16:22:53.187Z] 404 - Not Found - /socket.io/?EIO=4&transport=websocket
Error: Not Found - /socket.io/?EIO=4&transport=websocket
    at notFound (C:\react project\x\the-karan-singh-vaidh\the-karan-singh-vaidh\server\middleware\errorMiddleware.js:2:19)
    at Layer.handleRequest (C:\react project\x\the-karan-singh-vaidh\the-karan-singh-vaidh\server\node_modules\router\lib\layer.js:152:17)
    at trimPrefix (C:\react project\x\the-karan-singh-vaidh\the-karan-singh-vaidh\server\node_modules\router\index.js:342:13)
    at C:\react project\x\the-karan-singh-vaidh\the-karan-singh-vaidh\server\node_modules\router\index.js:297:9
    at processParams (C:\react project\x\the-karan-singh-vaidh\the-karan-singh-vaidh\server\node_modules\router\index.js:582:12)
    at next (C:\react project\x\the-karan-singh-vaidh\the-karan-singh-vaidh\server\node_modules\router\index.js:291:5)
    at logger (C:\react project\x\the-karan-singh-vaidh\the-karan-singh-vaidh\server\node_modules\morgan\index.js:144:5)
    at Layer.handleRequest (C:\react project\x\the-karan-singh-vaidh\the-karan-singh-vaidh\server\node_modules\router\lib\layer.js:152:17)
    at trimPrefix (C:\react project\x\the-karan-singh-vaidh\the-karan-singh-vaidh\server\node_modules\router\index.js:342:13)
    at C:\react project\x\the-karan-singh-vaidh\the-karan-singh-vaidh\server\node_modules\router\index.js:297:9

[2026-04-15T16:22:59.210Z] 404 - Not Found - /socket.io/?EIO=4&transport=websocket
Error: Not Found - /socket.io/?EIO=4&transport=websocket
    at notFound (C:\react project\x\the-karan-singh-vaidh\the-karan-singh-vaidh\server\middleware\errorMiddleware.js:2:19)
    at Layer.handleRequest (C:\react project\x\the-karan-singh-vaidh\the-karan-singh-vaidh\server\node_modules\router\lib\layer.js:152:17)
    at trimPrefix (C:\react project\x\the-karan-singh-vaidh\the-karan-singh-vaidh\server\node_modules\router\index.js:342:13)
    at C:\react project\x\the-karan-singh-vaidh\the-karan-singh-vaidh\server\node_modules\router\index.js:297:9
    at processParams (C:\react project\x\the-karan-singh-vaidh\the-karan-singh-vaidh\server\node_modules\router\index.js:582:12)
    at next (C:\react project\x\the-karan-singh-vaidh\the-karan-singh-vaidh\server\node_modules\router\index.js:291:5)
    at logger (C:\react project\x\the-karan-singh-vaidh\the-karan-singh-vaidh\server\node_modules\morgan\index.js:144:5)
    at Layer.handleRequest (C:\react project\x\the-karan-singh-vaidh\the-karan-singh-vaidh\server\node_modules\router\lib\layer.js:152:17)
    at trimPrefix (C:\react project\x\the-karan-singh-vaidh\the-karan-singh-vaidh\server\node_modules\router\index.js:342:13)
    at C:\react project\x\the-karan-singh-vaidh\the-karan-singh-vaidh\server\node_modules\router\index.js:297:9

[2026-04-15T16:23:05.203Z] 404 - Not Found - /socket.io/?EIO=4&transport=websocket
Error: Not Found - /socket.io/?EIO=4&transport=websocket
    at notFound (C:\react project\x\the-karan-singh-vaidh\the-karan-singh-vaidh\server\middleware\errorMiddleware.js:2:19)
    at Layer.handleRequest (C:\react project\x\the-karan-singh-vaidh\the-karan-singh-vaidh\server\node_modules\router\lib\layer.js:152:17)
    at trimPrefix (C:\react project\x\the-karan-singh-vaidh\the-karan-singh-vaidh\server\node_modules\router\index.js:342:13)
    at C:\react project\x\the-karan-singh-vaidh\the-karan-singh-vaidh\server\node_modules\router\index.js:297:9
    at processParams (C:\react project\x\the-karan-singh-vaidh\the-karan-singh-vaidh\server\node_modules\router\index.js:582:12)
    at next (C:\react project\x\the-karan-singh-vaidh\the-karan-singh-vaidh\server\node_modules\router\index.js:291:5)
    at logger (C:\react project\x\the-karan-singh-vaidh\the-karan-singh-vaidh\server\node_modules\morgan\index.js:144:5)
    at Layer.handleRequest (C:\react project\x\the-karan-singh-vaidh\the-karan-singh-vaidh\server\node_modules\router\lib\layer.js:152:17)
    at trimPrefix (C:\react project\x\the-karan-singh-vaidh\the-karan-singh-vaidh\server\node_modules\router\index.js:342:13)
    at C:\react project\x\the-karan-singh-vaidh\the-karan-singh-vaidh\server\node_modules\router\index.js:297:9

[2026-04-15T16:23:11.252Z] 404 - Not Found - /socket.io/?EIO=4&transport=websocket
Error: Not Found - /socket.io/?EIO=4&transport=websocket
    at notFound (C:\react project\x\the-karan-singh-vaidh\the-karan-singh-vaidh\server\middleware\errorMiddleware.js:2:19)
    at Layer.handleRequest (C:\react project\x\the-karan-singh-vaidh\the-karan-singh-vaidh\server\node_modules\router\lib\layer.js:152:17)
    at trimPrefix (C:\react project\x\the-karan-singh-vaidh\the-karan-singh-vaidh\server\node_modules\router\index.js:342:13)
    at C:\react project\x\the-karan-singh-vaidh\the-karan-singh-vaidh\server\node_modules\router\index.js:297:9
    at processParams (C:\react project\x\the-karan-singh-vaidh\the-karan-singh-vaidh\server\node_modules\router\index.js:582:12)
    at next (C:\react project\x\the-karan-singh-vaidh\the-karan-singh-vaidh\server\node_modules\router\index.js:291:5)
    at logger (C:\react project\x\the-karan-singh-vaidh\the-karan-singh-vaidh\server\node_modules\morgan\index.js:144:5)
    at Layer.handleRequest (C:\react project\x\the-karan-singh-vaidh\the-karan-singh-vaidh\server\node_modules\router\lib\layer.js:152:17)
    at trimPrefix (C:\react project\x\the-karan-singh-vaidh\the-karan-singh-vaidh\server\node_modules\router\index.js:342:13)
    at C:\react project\x\the-karan-singh-vaidh\the-karan-singh-vaidh\server\node_modules\router\index.js:297:9

[2026-04-15T16:23:17.408Z] 404 - Not Found - /socket.io/?EIO=4&transport=websocket
Error: Not Found - /socket.io/?EIO=4&transport=websocket
    at notFound (C:\react project\x\the-karan-singh-vaidh\the-karan-singh-vaidh\server\middleware\errorMiddleware.js:2:19)
    at Layer.handleRequest (C:\react project\x\the-karan-singh-vaidh\the-karan-singh-vaidh\server\node_modules\router\lib\layer.js:152:17)
    at trimPrefix (C:\react project\x\the-karan-singh-vaidh\the-karan-singh-vaidh\server\node_modules\router\index.js:342:13)
    at C:\react project\x\the-karan-singh-vaidh\the-karan-singh-vaidh\server\node_modules\router\index.js:297:9
    at processParams (C:\react project\x\the-karan-singh-vaidh\the-karan-singh-vaidh\server\node_modules\router\index.js:582:12)
    at next (C:\react project\x\the-karan-singh-vaidh\the-karan-singh-vaidh\server\node_modules\router\index.js:291:5)
    at logger (C:\react project\x\the-karan-singh-vaidh\the-karan-singh-vaidh\server\node_modules\morgan\index.js:144:5)
    at Layer.handleRequest (C:\react project\x\the-karan-singh-vaidh\the-karan-singh-vaidh\server\node_modules\router\lib\layer.js:152:17)
    at trimPrefix (C:\react project\x\the-karan-singh-vaidh\the-karan-singh-vaidh\server\node_modules\router\index.js:342:13)
    at C:\react project\x\the-karan-singh-vaidh\the-karan-singh-vaidh\server\node_modules\router\index.js:297:9

[2026-04-15T16:23:23.485Z] 404 - Not Found - /socket.io/?EIO=4&transport=websocket
Error: Not Found - /socket.io/?EIO=4&transport=websocket
    at notFound (C:\react project\x\the-karan-singh-vaidh\the-karan-singh-vaidh\server\middleware\errorMiddleware.js:2:19)
    at Layer.handleRequest (C:\react project\x\the-karan-singh-vaidh\the-karan-singh-vaidh\server\node_modules\router\lib\layer.js:152:17)
    at trimPrefix (C:\react project\x\the-karan-singh-vaidh\the-karan-singh-vaidh\server\node_modules\router\index.js:342:13)
    at C:\react project\x\the-karan-singh-vaidh\the-karan-singh-vaidh\server\node_modules\router\index.js:297:9
    at processParams (C:\react project\x\the-karan-singh-vaidh\the-karan-singh-vaidh\server\node_modules\router\index.js:582:12)
    at next (C:\react project\x\the-karan-singh-vaidh\the-karan-singh-vaidh\server\node_modules\router\index.js:291:5)
    at logger (C:\react project\x\the-karan-singh-vaidh\the-karan-singh-vaidh\server\node_modules\morgan\index.js:144:5)
    at Layer.handleRequest (C:\react project\x\the-karan-singh-vaidh\the-karan-singh-vaidh\server\node_modules\router\lib\layer.js:152:17)
    at trimPrefix (C:\react project\x\the-karan-singh-vaidh\the-karan-singh-vaidh\server\node_modules\router\index.js:342:13)
    at C:\react project\x\the-karan-singh-vaidh\the-karan-singh-vaidh\server\node_modules\router\index.js:297:9

[2026-04-15T16:23:30.049Z] 404 - Not Found - /socket.io/?EIO=4&transport=websocket
Error: Not Found - /socket.io/?EIO=4&transport=websocket
    at notFound (C:\react project\x\the-karan-singh-vaidh\the-karan-singh-vaidh\server\middleware\errorMiddleware.js:2:19)
    at Layer.handleRequest (C:\react project\x\the-karan-singh-vaidh\the-karan-singh-vaidh\server\node_modules\router\lib\layer.js:152:17)
    at trimPrefix (C:\react project\x\the-karan-singh-vaidh\the-karan-singh-vaidh\server\node_modules\router\index.js:342:13)
    at C:\react project\x\the-karan-singh-vaidh\the-karan-singh-vaidh\server\node_modules\router\index.js:297:9
    at processParams (C:\react project\x\the-karan-singh-vaidh\the-karan-singh-vaidh\server\node_modules\router\index.js:582:12)
    at next (C:\react project\x\the-karan-singh-vaidh\the-karan-singh-vaidh\server\node_modules\router\index.js:291:5)
    at logger (C:\react project\x\the-karan-singh-vaidh\the-karan-singh-vaidh\server\node_modules\morgan\index.js:144:5)
    at Layer.handleRequest (C:\react project\x\the-karan-singh-vaidh\the-karan-singh-vaidh\server\node_modules\router\lib\layer.js:152:17)
    at trimPrefix (C:\react project\x\the-karan-singh-vaidh\the-karan-singh-vaidh\server\node_modules\router\index.js:342:13)
    at C:\react project\x\the-karan-singh-vaidh\the-karan-singh-vaidh\server\node_modules\router\index.js:297:9

[2026-04-15T16:23:37.229Z] 404 - Not Found - /socket.io/?EIO=4&transport=websocket
Error: Not Found - /socket.io/?EIO=4&transport=websocket
    at notFound (C:\react project\x\the-karan-singh-vaidh\the-karan-singh-vaidh\server\middleware\errorMiddleware.js:2:19)
    at Layer.handleRequest (C:\react project\x\the-karan-singh-vaidh\the-karan-singh-vaidh\server\node_modules\router\lib\layer.js:152:17)
    at trimPrefix (C:\react project\x\the-karan-singh-vaidh\the-karan-singh-vaidh\server\node_modules\router\index.js:342:13)
    at C:\react project\x\the-karan-singh-vaidh\the-karan-singh-vaidh\server\node_modules\router\index.js:297:9
    at processParams (C:\react project\x\the-karan-singh-vaidh\the-karan-singh-vaidh\server\node_modules\router\index.js:582:12)
    at next (C:\react project\x\the-karan-singh-vaidh\the-karan-singh-vaidh\server\node_modules\router\index.js:291:5)
    at logger (C:\react project\x\the-karan-singh-vaidh\the-karan-singh-vaidh\server\node_modules\morgan\index.js:144:5)
    at Layer.handleRequest (C:\react project\x\the-karan-singh-vaidh\the-karan-singh-vaidh\server\node_modules\router\lib\layer.js:152:17)
    at trimPrefix (C:\react project\x\the-karan-singh-vaidh\the-karan-singh-vaidh\server\node_modules\router\index.js:342:13)
    at C:\react project\x\the-karan-singh-vaidh\the-karan-singh-vaidh\server\node_modules\router\index.js:297:9

[2026-04-15T16:23:45.660Z] 404 - Not Found - /socket.io/?EIO=4&transport=websocket
Error: Not Found - /socket.io/?EIO=4&transport=websocket
    at notFound (C:\react project\x\the-karan-singh-vaidh\the-karan-singh-vaidh\server\middleware\errorMiddleware.js:2:19)
    at Layer.handleRequest (C:\react project\x\the-karan-singh-vaidh\the-karan-singh-vaidh\server\node_modules\router\lib\layer.js:152:17)
    at trimPrefix (C:\react project\x\the-karan-singh-vaidh\the-karan-singh-vaidh\server\node_modules\router\index.js:342:13)
    at C:\react project\x\the-karan-singh-vaidh\the-karan-singh-vaidh\server\node_modules\router\index.js:297:9
    at processParams (C:\react project\x\the-karan-singh-vaidh\the-karan-singh-vaidh\server\node_modules\router\index.js:582:12)
    at next (C:\react project\x\the-karan-singh-vaidh\the-karan-singh-vaidh\server\node_modules\router\index.js:291:5)
    at logger (C:\react project\x\the-karan-singh-vaidh\the-karan-singh-vaidh\server\node_modules\morgan\index.js:144:5)
    at Layer.handleRequest (C:\react project\x\the-karan-singh-vaidh\the-karan-singh-vaidh\server\node_modules\router\lib\layer.js:152:17)
    at trimPrefix (C:\react project\x\the-karan-singh-vaidh\the-karan-singh-vaidh\server\node_modules\router\index.js:342:13)
    at C:\react project\x\the-karan-singh-vaidh\the-karan-singh-vaidh\server\node_modules\router\index.js:297:9

[2026-04-15T16:23:56.121Z] 404 - Not Found - /socket.io/?EIO=4&transport=websocket
Error: Not Found - /socket.io/?EIO=4&transport=websocket
    at notFound (C:\react project\x\the-karan-singh-vaidh\the-karan-singh-vaidh\server\middleware\errorMiddleware.js:2:19)
    at Layer.handleRequest (C:\react project\x\the-karan-singh-vaidh\the-karan-singh-vaidh\server\node_modules\router\lib\layer.js:152:17)
    at trimPrefix (C:\react project\x\the-karan-singh-vaidh\the-karan-singh-vaidh\server\node_modules\router\index.js:342:13)
    at C:\react project\x\the-karan-singh-vaidh\the-karan-singh-vaidh\server\node_modules\router\index.js:297:9
    at processParams (C:\react project\x\the-karan-singh-vaidh\the-karan-singh-vaidh\server\node_modules\router\index.js:582:12)
    at next (C:\react project\x\the-karan-singh-vaidh\the-karan-singh-vaidh\server\node_modules\router\index.js:291:5)
    at logger (C:\react project\x\the-karan-singh-vaidh\the-karan-singh-vaidh\server\node_modules\morgan\index.js:144:5)
    at Layer.handleRequest (C:\react project\x\the-karan-singh-vaidh\the-karan-singh-vaidh\server\node_modules\router\lib\layer.js:152:17)
    at trimPrefix (C:\react project\x\the-karan-singh-vaidh\the-karan-singh-vaidh\server\node_modules\router\index.js:342:13)
    at C:\react project\x\the-karan-singh-vaidh\the-karan-singh-vaidh\server\node_modules\router\index.js:297:9

[2026-04-15T16:24:02.450Z] 404 - Not Found - /socket.io/?EIO=4&transport=websocket
Error: Not Found - /socket.io/?EIO=4&transport=websocket
    at notFound (C:\react project\x\the-karan-singh-vaidh\the-karan-singh-vaidh\server\middleware\errorMiddleware.js:2:19)
    at Layer.handleRequest (C:\react project\x\the-karan-singh-vaidh\the-karan-singh-vaidh\server\node_modules\router\lib\layer.js:152:17)
    at trimPrefix (C:\react project\x\the-karan-singh-vaidh\the-karan-singh-vaidh\server\node_modules\router\index.js:342:13)
    at C:\react project\x\the-karan-singh-vaidh\the-karan-singh-vaidh\server\node_modules\router\index.js:297:9
    at processParams (C:\react project\x\the-karan-singh-vaidh\the-karan-singh-vaidh\server\node_modules\router\index.js:582:12)
    at next (C:\react project\x\the-karan-singh-vaidh\the-karan-singh-vaidh\server\node_modules\router\index.js:291:5)
    at logger (C:\react project\x\the-karan-singh-vaidh\the-karan-singh-vaidh\server\node_modules\morgan\index.js:144:5)
    at Layer.handleRequest (C:\react project\x\the-karan-singh-vaidh\the-karan-singh-vaidh\server\node_modules\router\lib\layer.js:152:17)
    at trimPrefix (C:\react project\x\the-karan-singh-vaidh\the-karan-singh-vaidh\server\node_modules\router\index.js:342:13)
    at C:\react project\x\the-karan-singh-vaidh\the-karan-singh-vaidh\server\node_modules\router\index.js:297:9

[2026-04-15T16:24:08.156Z] 404 - Not Found - /socket.io/?EIO=4&transport=websocket
Error: Not Found - /socket.io/?EIO=4&transport=websocket
    at notFound (C:\react project\x\the-karan-singh-vaidh\the-karan-singh-vaidh\server\middleware\errorMiddleware.js:2:19)
    at Layer.handleRequest (C:\react project\x\the-karan-singh-vaidh\the-karan-singh-vaidh\server\node_modules\router\lib\layer.js:152:17)
    at trimPrefix (C:\react project\x\the-karan-singh-vaidh\the-karan-singh-vaidh\server\node_modules\router\index.js:342:13)
    at C:\react project\x\the-karan-singh-vaidh\the-karan-singh-vaidh\server\node_modules\router\index.js:297:9
    at processParams (C:\react project\x\the-karan-singh-vaidh\the-karan-singh-vaidh\server\node_modules\router\index.js:582:12)
    at next (C:\react project\x\the-karan-singh-vaidh\the-karan-singh-vaidh\server\node_modules\router\index.js:291:5)
    at logger (C:\react project\x\the-karan-singh-vaidh\the-karan-singh-vaidh\server\node_modules\morgan\index.js:144:5)
    at Layer.handleRequest (C:\react project\x\the-karan-singh-vaidh\the-karan-singh-vaidh\server\node_modules\router\lib\layer.js:152:17)
    at trimPrefix (C:\react project\x\the-karan-singh-vaidh\the-karan-singh-vaidh\server\node_modules\router\index.js:342:13)
    at C:\react project\x\the-karan-singh-vaidh\the-karan-singh-vaidh\server\node_modules\router\index.js:297:9

[2026-04-15T16:24:14.163Z] 404 - Not Found - /socket.io/?EIO=4&transport=websocket
Error: Not Found - /socket.io/?EIO=4&transport=websocket
    at notFound (C:\react project\x\the-karan-singh-vaidh\the-karan-singh-vaidh\server\middleware\errorMiddleware.js:2:19)
    at Layer.handleRequest (C:\react project\x\the-karan-singh-vaidh\the-karan-singh-vaidh\server\node_modules\router\lib\layer.js:152:17)
    at trimPrefix (C:\react project\x\the-karan-singh-vaidh\the-karan-singh-vaidh\server\node_modules\router\index.js:342:13)
    at C:\react project\x\the-karan-singh-vaidh\the-karan-singh-vaidh\server\node_modules\router\index.js:297:9
    at processParams (C:\react project\x\the-karan-singh-vaidh\the-karan-singh-vaidh\server\node_modules\router\index.js:582:12)
    at next (C:\react project\x\the-karan-singh-vaidh\the-karan-singh-vaidh\server\node_modules\router\index.js:291:5)
    at logger (C:\react project\x\the-karan-singh-vaidh\the-karan-singh-vaidh\server\node_modules\morgan\index.js:144:5)
    at Layer.handleRequest (C:\react project\x\the-karan-singh-vaidh\the-karan-singh-vaidh\server\node_modules\router\lib\layer.js:152:17)
    at trimPrefix (C:\react project\x\the-karan-singh-vaidh\the-karan-singh-vaidh\server\node_modules\router\index.js:342:13)
    at C:\react project\x\the-karan-singh-vaidh\the-karan-singh-vaidh\server\node_modules\router\index.js:297:9

[2026-04-15T16:24:20.167Z] 404 - Not Found - /socket.io/?EIO=4&transport=websocket
Error: Not Found - /socket.io/?EIO=4&transport=websocket
    at notFound (C:\react project\x\the-karan-singh-vaidh\the-karan-singh-vaidh\server\middleware\errorMiddleware.js:2:19)
    at Layer.handleRequest (C:\react project\x\the-karan-singh-vaidh\the-karan-singh-vaidh\server\node_modules\router\lib\layer.js:152:17)
    at trimPrefix (C:\react project\x\the-karan-singh-vaidh\the-karan-singh-vaidh\server\node_modules\router\index.js:342:13)
    at C:\react project\x\the-karan-singh-vaidh\the-karan-singh-vaidh\server\node_modules\router\index.js:297:9
    at processParams (C:\react project\x\the-karan-singh-vaidh\the-karan-singh-vaidh\server\node_modules\router\index.js:582:12)
    at next (C:\react project\x\the-karan-singh-vaidh\the-karan-singh-vaidh\server\node_modules\router\index.js:291:5)
    at logger (C:\react project\x\the-karan-singh-vaidh\the-karan-singh-vaidh\server\node_modules\morgan\index.js:144:5)
    at Layer.handleRequest (C:\react project\x\the-karan-singh-vaidh\the-karan-singh-vaidh\server\node_modules\router\lib\layer.js:152:17)
    at trimPrefix (C:\react project\x\the-karan-singh-vaidh\the-karan-singh-vaidh\server\node_modules\router\index.js:342:13)
    at C:\react project\x\the-karan-singh-vaidh\the-karan-singh-vaidh\server\node_modules\router\index.js:297:9

[2026-04-15T16:24:26.162Z] 404 - Not Found - /socket.io/?EIO=4&transport=websocket
Error: Not Found - /socket.io/?EIO=4&transport=websocket
    at notFound (C:\react project\x\the-karan-singh-vaidh\the-karan-singh-vaidh\server\middleware\errorMiddleware.js:2:19)
    at Layer.handleRequest (C:\react project\x\the-karan-singh-vaidh\the-karan-singh-vaidh\server\node_modules\router\lib\layer.js:152:17)
    at trimPrefix (C:\react project\x\the-karan-singh-vaidh\the-karan-singh-vaidh\server\node_modules\router\index.js:342:13)
    at C:\react project\x\the-karan-singh-vaidh\the-karan-singh-vaidh\server\node_modules\router\index.js:297:9
    at processParams (C:\react project\x\the-karan-singh-vaidh\the-karan-singh-vaidh\server\node_modules\router\index.js:582:12)
    at next (C:\react project\x\the-karan-singh-vaidh\the-karan-singh-vaidh\server\node_modules\router\index.js:291:5)
    at logger (C:\react project\x\the-karan-singh-vaidh\the-karan-singh-vaidh\server\node_modules\morgan\index.js:144:5)
    at Layer.handleRequest (C:\react project\x\the-karan-singh-vaidh\the-karan-singh-vaidh\server\node_modules\router\lib\layer.js:152:17)
    at trimPrefix (C:\react project\x\the-karan-singh-vaidh\the-karan-singh-vaidh\server\node_modules\router\index.js:342:13)
    at C:\react project\x\the-karan-singh-vaidh\the-karan-singh-vaidh\server\node_modules\router\index.js:297:9

[2026-04-15T16:24:32.155Z] 404 - Not Found - /socket.io/?EIO=4&transport=websocket
Error: Not Found - /socket.io/?EIO=4&transport=websocket
    at notFound (C:\react project\x\the-karan-singh-vaidh\the-karan-singh-vaidh\server\middleware\errorMiddleware.js:2:19)
    at Layer.handleRequest (C:\react project\x\the-karan-singh-vaidh\the-karan-singh-vaidh\server\node_modules\router\lib\layer.js:152:17)
    at trimPrefix (C:\react project\x\the-karan-singh-vaidh\the-karan-singh-vaidh\server\node_modules\router\index.js:342:13)
    at C:\react project\x\the-karan-singh-vaidh\the-karan-singh-vaidh\server\node_modules\router\index.js:297:9
    at processParams (C:\react project\x\the-karan-singh-vaidh\the-karan-singh-vaidh\server\node_modules\router\index.js:582:12)
    at next (C:\react project\x\the-karan-singh-vaidh\the-karan-singh-vaidh\server\node_modules\router\index.js:291:5)
    at logger (C:\react project\x\the-karan-singh-vaidh\the-karan-singh-vaidh\server\node_modules\morgan\index.js:144:5)
    at Layer.handleRequest (C:\react project\x\the-karan-singh-vaidh\the-karan-singh-vaidh\server\node_modules\router\lib\layer.js:152:17)
    at trimPrefix (C:\react project\x\the-karan-singh-vaidh\the-karan-singh-vaidh\server\node_modules\router\index.js:342:13)
    at C:\react project\x\the-karan-singh-vaidh\the-karan-singh-vaidh\server\node_modules\router\index.js:297:9

[2026-04-15T16:24:38.174Z] 404 - Not Found - /socket.io/?EIO=4&transport=websocket
Error: Not Found - /socket.io/?EIO=4&transport=websocket
    at notFound (C:\react project\x\the-karan-singh-vaidh\the-karan-singh-vaidh\server\middleware\errorMiddleware.js:2:19)
    at Layer.handleRequest (C:\react project\x\the-karan-singh-vaidh\the-karan-singh-vaidh\server\node_modules\router\lib\layer.js:152:17)
    at trimPrefix (C:\react project\x\the-karan-singh-vaidh\the-karan-singh-vaidh\server\node_modules\router\index.js:342:13)
    at C:\react project\x\the-karan-singh-vaidh\the-karan-singh-vaidh\server\node_modules\router\index.js:297:9
    at processParams (C:\react project\x\the-karan-singh-vaidh\the-karan-singh-vaidh\server\node_modules\router\index.js:582:12)
    at next (C:\react project\x\the-karan-singh-vaidh\the-karan-singh-vaidh\server\node_modules\router\index.js:291:5)
    at logger (C:\react project\x\the-karan-singh-vaidh\the-karan-singh-vaidh\server\node_modules\morgan\index.js:144:5)
    at Layer.handleRequest (C:\react project\x\the-karan-singh-vaidh\the-karan-singh-vaidh\server\node_modules\router\lib\layer.js:152:17)
    at trimPrefix (C:\react project\x\the-karan-singh-vaidh\the-karan-singh-vaidh\server\node_modules\router\index.js:342:13)
    at C:\react project\x\the-karan-singh-vaidh\the-karan-singh-vaidh\server\node_modules\router\index.js:297:9

[2026-04-15T16:24:44.175Z] 404 - Not Found - /socket.io/?EIO=4&transport=websocket
Error: Not Found - /socket.io/?EIO=4&transport=websocket
    at notFound (C:\react project\x\the-karan-singh-vaidh\the-karan-singh-vaidh\server\middleware\errorMiddleware.js:2:19)
    at Layer.handleRequest (C:\react project\x\the-karan-singh-vaidh\the-karan-singh-vaidh\server\node_modules\router\lib\layer.js:152:17)
    at trimPrefix (C:\react project\x\the-karan-singh-vaidh\the-karan-singh-vaidh\server\node_modules\router\index.js:342:13)
    at C:\react project\x\the-karan-singh-vaidh\the-karan-singh-vaidh\server\node_modules\router\index.js:297:9
    at processParams (C:\react project\x\the-karan-singh-vaidh\the-karan-singh-vaidh\server\node_modules\router\index.js:582:12)
    at next (C:\react project\x\the-karan-singh-vaidh\the-karan-singh-vaidh\server\node_modules\router\index.js:291:5)
    at logger (C:\react project\x\the-karan-singh-vaidh\the-karan-singh-vaidh\server\node_modules\morgan\index.js:144:5)
    at Layer.handleRequest (C:\react project\x\the-karan-singh-vaidh\the-karan-singh-vaidh\server\node_modules\router\lib\layer.js:152:17)
    at trimPrefix (C:\react project\x\the-karan-singh-vaidh\the-karan-singh-vaidh\server\node_modules\router\index.js:342:13)
    at C:\react project\x\the-karan-singh-vaidh\the-karan-singh-vaidh\server\node_modules\router\index.js:297:9

[2026-04-15T16:24:50.180Z] 404 - Not Found - /socket.io/?EIO=4&transport=websocket
Error: Not Found - /socket.io/?EIO=4&transport=websocket
    at notFound (C:\react project\x\the-karan-singh-vaidh\the-karan-singh-vaidh\server\middleware\errorMiddleware.js:2:19)
    at Layer.handleRequest (C:\react project\x\the-karan-singh-vaidh\the-karan-singh-vaidh\server\node_modules\router\lib\layer.js:152:17)
    at trimPrefix (C:\react project\x\the-karan-singh-vaidh\the-karan-singh-vaidh\server\node_modules\router\index.js:342:13)
    at C:\react project\x\the-karan-singh-vaidh\the-karan-singh-vaidh\server\node_modules\router\index.js:297:9
    at processParams (C:\react project\x\the-karan-singh-vaidh\the-karan-singh-vaidh\server\node_modules\router\index.js:582:12)
    at next (C:\react project\x\the-karan-singh-vaidh\the-karan-singh-vaidh\server\node_modules\router\index.js:291:5)
    at logger (C:\react project\x\the-karan-singh-vaidh\the-karan-singh-vaidh\server\node_modules\morgan\index.js:144:5)
    at Layer.handleRequest (C:\react project\x\the-karan-singh-vaidh\the-karan-singh-vaidh\server\node_modules\router\lib\layer.js:152:17)
    at trimPrefix (C:\react project\x\the-karan-singh-vaidh\the-karan-singh-vaidh\server\node_modules\router\index.js:342:13)
    at C:\react project\x\the-karan-singh-vaidh\the-karan-singh-vaidh\server\node_modules\router\index.js:297:9

[2026-04-15T16:24:56.196Z] 404 - Not Found - /socket.io/?EIO=4&transport=websocket
Error: Not Found - /socket.io/?EIO=4&transport=websocket
    at notFound (C:\react project\x\the-karan-singh-vaidh\the-karan-singh-vaidh\server\middleware\errorMiddleware.js:2:19)
    at Layer.handleRequest (C:\react project\x\the-karan-singh-vaidh\the-karan-singh-vaidh\server\node_modules\router\lib\layer.js:152:17)
    at trimPrefix (C:\react project\x\the-karan-singh-vaidh\the-karan-singh-vaidh\server\node_modules\router\index.js:342:13)
    at C:\react project\x\the-karan-singh-vaidh\the-karan-singh-vaidh\server\node_modules\router\index.js:297:9
    at processParams (C:\react project\x\the-karan-singh-vaidh\the-karan-singh-vaidh\server\node_modules\router\index.js:582:12)
    at next (C:\react project\x\the-karan-singh-vaidh\the-karan-singh-vaidh\server\node_modules\router\index.js:291:5)
    at logger (C:\react project\x\the-karan-singh-vaidh\the-karan-singh-vaidh\server\node_modules\morgan\index.js:144:5)
    at Layer.handleRequest (C:\react project\x\the-karan-singh-vaidh\the-karan-singh-vaidh\server\node_modules\router\lib\layer.js:152:17)
    at trimPrefix (C:\react project\x\the-karan-singh-vaidh\the-karan-singh-vaidh\server\node_modules\router\index.js:342:13)
    at C:\react project\x\the-karan-singh-vaidh\the-karan-singh-vaidh\server\node_modules\router\index.js:297:9

[2026-04-15T16:25:02.186Z] 404 - Not Found - /socket.io/?EIO=4&transport=websocket
Error: Not Found - /socket.io/?EIO=4&transport=websocket
    at notFound (C:\react project\x\the-karan-singh-vaidh\the-karan-singh-vaidh\server\middleware\errorMiddleware.js:2:19)
    at Layer.handleRequest (C:\react project\x\the-karan-singh-vaidh\the-karan-singh-vaidh\server\node_modules\router\lib\layer.js:152:17)
    at trimPrefix (C:\react project\x\the-karan-singh-vaidh\the-karan-singh-vaidh\server\node_modules\router\index.js:342:13)
    at C:\react project\x\the-karan-singh-vaidh\the-karan-singh-vaidh\server\node_modules\router\index.js:297:9
    at processParams (C:\react project\x\the-karan-singh-vaidh\the-karan-singh-vaidh\server\node_modules\router\index.js:582:12)
    at next (C:\react project\x\the-karan-singh-vaidh\the-karan-singh-vaidh\server\node_modules\router\index.js:291:5)
    at logger (C:\react project\x\the-karan-singh-vaidh\the-karan-singh-vaidh\server\node_modules\morgan\index.js:144:5)
    at Layer.handleRequest (C:\react project\x\the-karan-singh-vaidh\the-karan-singh-vaidh\server\node_modules\router\lib\layer.js:152:17)
    at trimPrefix (C:\react project\x\the-karan-singh-vaidh\the-karan-singh-vaidh\server\node_modules\router\index.js:342:13)
    at C:\react project\x\the-karan-singh-vaidh\the-karan-singh-vaidh\server\node_modules\router\index.js:297:9

[2026-04-15T16:25:08.218Z] 404 - Not Found - /socket.io/?EIO=4&transport=websocket
Error: Not Found - /socket.io/?EIO=4&transport=websocket
    at notFound (C:\react project\x\the-karan-singh-vaidh\the-karan-singh-vaidh\server\middleware\errorMiddleware.js:2:19)
    at Layer.handleRequest (C:\react project\x\the-karan-singh-vaidh\the-karan-singh-vaidh\server\node_modules\router\lib\layer.js:152:17)
    at trimPrefix (C:\react project\x\the-karan-singh-vaidh\the-karan-singh-vaidh\server\node_modules\router\index.js:342:13)
    at C:\react project\x\the-karan-singh-vaidh\the-karan-singh-vaidh\server\node_modules\router\index.js:297:9
    at processParams (C:\react project\x\the-karan-singh-vaidh\the-karan-singh-vaidh\server\node_modules\router\index.js:582:12)
    at next (C:\react project\x\the-karan-singh-vaidh\the-karan-singh-vaidh\server\node_modules\router\index.js:291:5)
    at logger (C:\react project\x\the-karan-singh-vaidh\the-karan-singh-vaidh\server\node_modules\morgan\index.js:144:5)
    at Layer.handleRequest (C:\react project\x\the-karan-singh-vaidh\the-karan-singh-vaidh\server\node_modules\router\lib\layer.js:152:17)
    at trimPrefix (C:\react project\x\the-karan-singh-vaidh\the-karan-singh-vaidh\server\node_modules\router\index.js:342:13)
    at C:\react project\x\the-karan-singh-vaidh\the-karan-singh-vaidh\server\node_modules\router\index.js:297:9

[2026-04-15T16:25:14.213Z] 404 - Not Found - /socket.io/?EIO=4&transport=websocket
Error: Not Found - /socket.io/?EIO=4&transport=websocket
    at notFound (C:\react project\x\the-karan-singh-vaidh\the-karan-singh-vaidh\server\middleware\errorMiddleware.js:2:19)
    at Layer.handleRequest (C:\react project\x\the-karan-singh-vaidh\the-karan-singh-vaidh\server\node_modules\router\lib\layer.js:152:17)
    at trimPrefix (C:\react project\x\the-karan-singh-vaidh\the-karan-singh-vaidh\server\node_modules\router\index.js:342:13)
    at C:\react project\x\the-karan-singh-vaidh\the-karan-singh-vaidh\server\node_modules\router\index.js:297:9
    at processParams (C:\react project\x\the-karan-singh-vaidh\the-karan-singh-vaidh\server\node_modules\router\index.js:582:12)
    at next (C:\react project\x\the-karan-singh-vaidh\the-karan-singh-vaidh\server\node_modules\router\index.js:291:5)
    at logger (C:\react project\x\the-karan-singh-vaidh\the-karan-singh-vaidh\server\node_modules\morgan\index.js:144:5)
    at Layer.handleRequest (C:\react project\x\the-karan-singh-vaidh\the-karan-singh-vaidh\server\node_modules\router\lib\layer.js:152:17)
    at trimPrefix (C:\react project\x\the-karan-singh-vaidh\the-karan-singh-vaidh\server\node_modules\router\index.js:342:13)
    at C:\react project\x\the-karan-singh-vaidh\the-karan-singh-vaidh\server\node_modules\router\index.js:297:9

[2026-04-15T16:25:20.381Z] 404 - Not Found - /socket.io/?EIO=4&transport=websocket
Error: Not Found - /socket.io/?EIO=4&transport=websocket
    at notFound (C:\react project\x\the-karan-singh-vaidh\the-karan-singh-vaidh\server\middleware\errorMiddleware.js:2:19)
    at Layer.handleRequest (C:\react project\x\the-karan-singh-vaidh\the-karan-singh-vaidh\server\node_modules\router\lib\layer.js:152:17)
    at trimPrefix (C:\react project\x\the-karan-singh-vaidh\the-karan-singh-vaidh\server\node_modules\router\index.js:342:13)
    at C:\react project\x\the-karan-singh-vaidh\the-karan-singh-vaidh\server\node_modules\router\index.js:297:9
    at processParams (C:\react project\x\the-karan-singh-vaidh\the-karan-singh-vaidh\server\node_modules\router\index.js:582:12)
    at next (C:\react project\x\the-karan-singh-vaidh\the-karan-singh-vaidh\server\node_modules\router\index.js:291:5)
    at logger (C:\react project\x\the-karan-singh-vaidh\the-karan-singh-vaidh\server\node_modules\morgan\index.js:144:5)
    at Layer.handleRequest (C:\react project\x\the-karan-singh-vaidh\the-karan-singh-vaidh\server\node_modules\router\lib\layer.js:152:17)
    at trimPrefix (C:\react project\x\the-karan-singh-vaidh\the-karan-singh-vaidh\server\node_modules\router\index.js:342:13)
    at C:\react project\x\the-karan-singh-vaidh\the-karan-singh-vaidh\server\node_modules\router\index.js:297:9

[2026-04-15T16:25:26.313Z] 404 - Not Found - /socket.io/?EIO=4&transport=websocket
Error: Not Found - /socket.io/?EIO=4&transport=websocket
    at notFound (C:\react project\x\the-karan-singh-vaidh\the-karan-singh-vaidh\server\middleware\errorMiddleware.js:2:19)
    at Layer.handleRequest (C:\react project\x\the-karan-singh-vaidh\the-karan-singh-vaidh\server\node_modules\router\lib\layer.js:152:17)
    at trimPrefix (C:\react project\x\the-karan-singh-vaidh\the-karan-singh-vaidh\server\node_modules\router\index.js:342:13)
    at C:\react project\x\the-karan-singh-vaidh\the-karan-singh-vaidh\server\node_modules\router\index.js:297:9
    at processParams (C:\react project\x\the-karan-singh-vaidh\the-karan-singh-vaidh\server\node_modules\router\index.js:582:12)
    at next (C:\react project\x\the-karan-singh-vaidh\the-karan-singh-vaidh\server\node_modules\router\index.js:291:5)
    at logger (C:\react project\x\the-karan-singh-vaidh\the-karan-singh-vaidh\server\node_modules\morgan\index.js:144:5)
    at Layer.handleRequest (C:\react project\x\the-karan-singh-vaidh\the-karan-singh-vaidh\server\node_modules\router\lib\layer.js:152:17)
    at trimPrefix (C:\react project\x\the-karan-singh-vaidh\the-karan-singh-vaidh\server\node_modules\router\index.js:342:13)
    at C:\react project\x\the-karan-singh-vaidh\the-karan-singh-vaidh\server\node_modules\router\index.js:297:9

[2026-04-15T16:25:32.485Z] 404 - Not Found - /socket.io/?EIO=4&transport=websocket
Error: Not Found - /socket.io/?EIO=4&transport=websocket
    at notFound (C:\react project\x\the-karan-singh-vaidh\the-karan-singh-vaidh\server\middleware\errorMiddleware.js:2:19)
    at Layer.handleRequest (C:\react project\x\the-karan-singh-vaidh\the-karan-singh-vaidh\server\node_modules\router\lib\layer.js:152:17)
    at trimPrefix (C:\react project\x\the-karan-singh-vaidh\the-karan-singh-vaidh\server\node_modules\router\index.js:342:13)
    at C:\react project\x\the-karan-singh-vaidh\the-karan-singh-vaidh\server\node_modules\router\index.js:297:9
    at processParams (C:\react project\x\the-karan-singh-vaidh\the-karan-singh-vaidh\server\node_modules\router\index.js:582:12)
    at next (C:\react project\x\the-karan-singh-vaidh\the-karan-singh-vaidh\server\node_modules\router\index.js:291:5)
    at logger (C:\react project\x\the-karan-singh-vaidh\the-karan-singh-vaidh\server\node_modules\morgan\index.js:144:5)
    at Layer.handleRequest (C:\react project\x\the-karan-singh-vaidh\the-karan-singh-vaidh\server\node_modules\router\lib\layer.js:152:17)
    at trimPrefix (C:\react project\x\the-karan-singh-vaidh\the-karan-singh-vaidh\server\node_modules\router\index.js:342:13)
    at C:\react project\x\the-karan-singh-vaidh\the-karan-singh-vaidh\server\node_modules\router\index.js:297:9

[2026-04-15T16:25:39.355Z] 404 - Not Found - /socket.io/?EIO=4&transport=websocket
Error: Not Found - /socket.io/?EIO=4&transport=websocket
    at notFound (C:\react project\x\the-karan-singh-vaidh\the-karan-singh-vaidh\server\middleware\errorMiddleware.js:2:19)
    at Layer.handleRequest (C:\react project\x\the-karan-singh-vaidh\the-karan-singh-vaidh\server\node_modules\router\lib\layer.js:152:17)
    at trimPrefix (C:\react project\x\the-karan-singh-vaidh\the-karan-singh-vaidh\server\node_modules\router\index.js:342:13)
    at C:\react project\x\the-karan-singh-vaidh\the-karan-singh-vaidh\server\node_modules\router\index.js:297:9
    at processParams (C:\react project\x\the-karan-singh-vaidh\the-karan-singh-vaidh\server\node_modules\router\index.js:582:12)
    at next (C:\react project\x\the-karan-singh-vaidh\the-karan-singh-vaidh\server\node_modules\router\index.js:291:5)
    at logger (C:\react project\x\the-karan-singh-vaidh\the-karan-singh-vaidh\server\node_modules\morgan\index.js:144:5)
    at Layer.handleRequest (C:\react project\x\the-karan-singh-vaidh\the-karan-singh-vaidh\server\node_modules\router\lib\layer.js:152:17)
    at trimPrefix (C:\react project\x\the-karan-singh-vaidh\the-karan-singh-vaidh\server\node_modules\router\index.js:342:13)
    at C:\react project\x\the-karan-singh-vaidh\the-karan-singh-vaidh\server\node_modules\router\index.js:297:9

[2026-04-15T16:25:49.809Z] 404 - Not Found - /socket.io/?EIO=4&transport=websocket
Error: Not Found - /socket.io/?EIO=4&transport=websocket
    at notFound (C:\react project\x\the-karan-singh-vaidh\the-karan-singh-vaidh\server\middleware\errorMiddleware.js:2:19)
    at Layer.handleRequest (C:\react project\x\the-karan-singh-vaidh\the-karan-singh-vaidh\server\node_modules\router\lib\layer.js:152:17)
    at trimPrefix (C:\react project\x\the-karan-singh-vaidh\the-karan-singh-vaidh\server\node_modules\router\index.js:342:13)
    at C:\react project\x\the-karan-singh-vaidh\the-karan-singh-vaidh\server\node_modules\router\index.js:297:9
    at processParams (C:\react project\x\the-karan-singh-vaidh\the-karan-singh-vaidh\server\node_modules\router\index.js:582:12)
    at next (C:\react project\x\the-karan-singh-vaidh\the-karan-singh-vaidh\server\node_modules\router\index.js:291:5)
    at logger (C:\react project\x\the-karan-singh-vaidh\the-karan-singh-vaidh\server\node_modules\morgan\index.js:144:5)
    at Layer.handleRequest (C:\react project\x\the-karan-singh-vaidh\the-karan-singh-vaidh\server\node_modules\router\lib\layer.js:152:17)
    at trimPrefix (C:\react project\x\the-karan-singh-vaidh\the-karan-singh-vaidh\server\node_modules\router\index.js:342:13)
    at C:\react project\x\the-karan-singh-vaidh\the-karan-singh-vaidh\server\node_modules\router\index.js:297:9

[2026-04-15T16:25:59.708Z] 404 - Not Found - /socket.io/?EIO=4&transport=websocket
Error: Not Found - /socket.io/?EIO=4&transport=websocket
    at notFound (C:\react project\x\the-karan-singh-vaidh\the-karan-singh-vaidh\server\middleware\errorMiddleware.js:2:19)
    at Layer.handleRequest (C:\react project\x\the-karan-singh-vaidh\the-karan-singh-vaidh\server\node_modules\router\lib\layer.js:152:17)
    at trimPrefix (C:\react project\x\the-karan-singh-vaidh\the-karan-singh-vaidh\server\node_modules\router\index.js:342:13)
    at C:\react project\x\the-karan-singh-vaidh\the-karan-singh-vaidh\server\node_modules\router\index.js:297:9
    at processParams (C:\react project\x\the-karan-singh-vaidh\the-karan-singh-vaidh\server\node_modules\router\index.js:582:12)
    at next (C:\react project\x\the-karan-singh-vaidh\the-karan-singh-vaidh\server\node_modules\router\index.js:291:5)
    at logger (C:\react project\x\the-karan-singh-vaidh\the-karan-singh-vaidh\server\node_modules\morgan\index.js:144:5)
    at Layer.handleRequest (C:\react project\x\the-karan-singh-vaidh\the-karan-singh-vaidh\server\node_modules\router\lib\layer.js:152:17)
    at trimPrefix (C:\react project\x\the-karan-singh-vaidh\the-karan-singh-vaidh\server\node_modules\router\index.js:342:13)
    at C:\react project\x\the-karan-singh-vaidh\the-karan-singh-vaidh\server\node_modules\router\index.js:297:9

[2026-04-15T16:26:07.501Z] 404 - Not Found - /socket.io/?EIO=4&transport=websocket
Error: Not Found - /socket.io/?EIO=4&transport=websocket
    at notFound (C:\react project\x\the-karan-singh-vaidh\the-karan-singh-vaidh\server\middleware\errorMiddleware.js:2:19)
    at Layer.handleRequest (C:\react project\x\the-karan-singh-vaidh\the-karan-singh-vaidh\server\node_modules\router\lib\layer.js:152:17)
    at trimPrefix (C:\react project\x\the-karan-singh-vaidh\the-karan-singh-vaidh\server\node_modules\router\index.js:342:13)
    at C:\react project\x\the-karan-singh-vaidh\the-karan-singh-vaidh\server\node_modules\router\index.js:297:9
    at processParams (C:\react project\x\the-karan-singh-vaidh\the-karan-singh-vaidh\server\node_modules\router\index.js:582:12)
    at next (C:\react project\x\the-karan-singh-vaidh\the-karan-singh-vaidh\server\node_modules\router\index.js:291:5)
    at logger (C:\react project\x\the-karan-singh-vaidh\the-karan-singh-vaidh\server\node_modules\morgan\index.js:144:5)
    at Layer.handleRequest (C:\react project\x\the-karan-singh-vaidh\the-karan-singh-vaidh\server\node_modules\router\lib\layer.js:152:17)
    at trimPrefix (C:\react project\x\the-karan-singh-vaidh\the-karan-singh-vaidh\server\node_modules\router\index.js:342:13)
    at C:\react project\x\the-karan-singh-vaidh\the-karan-singh-vaidh\server\node_modules\router\index.js:297:9

[2026-04-15T16:26:13.153Z] 404 - Not Found - /socket.io/?EIO=4&transport=websocket
Error: Not Found - /socket.io/?EIO=4&transport=websocket
    at notFound (C:\react project\x\the-karan-singh-vaidh\the-karan-singh-vaidh\server\middleware\errorMiddleware.js:2:19)
    at Layer.handleRequest (C:\react project\x\the-karan-singh-vaidh\the-karan-singh-vaidh\server\node_modules\router\lib\layer.js:152:17)
    at trimPrefix (C:\react project\x\the-karan-singh-vaidh\the-karan-singh-vaidh\server\node_modules\router\index.js:342:13)
    at C:\react project\x\the-karan-singh-vaidh\the-karan-singh-vaidh\server\node_modules\router\index.js:297:9
    at processParams (C:\react project\x\the-karan-singh-vaidh\the-karan-singh-vaidh\server\node_modules\router\index.js:582:12)
    at next (C:\react project\x\the-karan-singh-vaidh\the-karan-singh-vaidh\server\node_modules\router\index.js:291:5)
    at logger (C:\react project\x\the-karan-singh-vaidh\the-karan-singh-vaidh\server\node_modules\morgan\index.js:144:5)
    at Layer.handleRequest (C:\react project\x\the-karan-singh-vaidh\the-karan-singh-vaidh\server\node_modules\router\lib\layer.js:152:17)
    at trimPrefix (C:\react project\x\the-karan-singh-vaidh\the-karan-singh-vaidh\server\node_modules\router\index.js:342:13)
    at C:\react project\x\the-karan-singh-vaidh\the-karan-singh-vaidh\server\node_modules\router\index.js:297:9

[2026-04-15T16:26:19.151Z] 404 - Not Found - /socket.io/?EIO=4&transport=websocket
Error: Not Found - /socket.io/?EIO=4&transport=websocket
    at notFound (C:\react project\x\the-karan-singh-vaidh\the-karan-singh-vaidh\server\middleware\errorMiddleware.js:2:19)
    at Layer.handleRequest (C:\react project\x\the-karan-singh-vaidh\the-karan-singh-vaidh\server\node_modules\router\lib\layer.js:152:17)
    at trimPrefix (C:\react project\x\the-karan-singh-vaidh\the-karan-singh-vaidh\server\node_modules\router\index.js:342:13)
    at C:\react project\x\the-karan-singh-vaidh\the-karan-singh-vaidh\server\node_modules\router\index.js:297:9
    at processParams (C:\react project\x\the-karan-singh-vaidh\the-karan-singh-vaidh\server\node_modules\router\index.js:582:12)
    at next (C:\react project\x\the-karan-singh-vaidh\the-karan-singh-vaidh\server\node_modules\router\index.js:291:5)
    at logger (C:\react project\x\the-karan-singh-vaidh\the-karan-singh-vaidh\server\node_modules\morgan\index.js:144:5)
    at Layer.handleRequest (C:\react project\x\the-karan-singh-vaidh\the-karan-singh-vaidh\server\node_modules\router\lib\layer.js:152:17)
    at trimPrefix (C:\react project\x\the-karan-singh-vaidh\the-karan-singh-vaidh\server\node_modules\router\index.js:342:13)
    at C:\react project\x\the-karan-singh-vaidh\the-karan-singh-vaidh\server\node_modules\router\index.js:297:9

[2026-04-15T16:26:25.160Z] 404 - Not Found - /socket.io/?EIO=4&transport=websocket
Error: Not Found - /socket.io/?EIO=4&transport=websocket
    at notFound (C:\react project\x\the-karan-singh-vaidh\the-karan-singh-vaidh\server\middleware\errorMiddleware.js:2:19)
    at Layer.handleRequest (C:\react project\x\the-karan-singh-vaidh\the-karan-singh-vaidh\server\node_modules\router\lib\layer.js:152:17)
    at trimPrefix (C:\react project\x\the-karan-singh-vaidh\the-karan-singh-vaidh\server\node_modules\router\index.js:342:13)
    at C:\react project\x\the-karan-singh-vaidh\the-karan-singh-vaidh\server\node_modules\router\index.js:297:9
    at processParams (C:\react project\x\the-karan-singh-vaidh\the-karan-singh-vaidh\server\node_modules\router\index.js:582:12)
    at next (C:\react project\x\the-karan-singh-vaidh\the-karan-singh-vaidh\server\node_modules\router\index.js:291:5)
    at logger (C:\react project\x\the-karan-singh-vaidh\the-karan-singh-vaidh\server\node_modules\morgan\index.js:144:5)
    at Layer.handleRequest (C:\react project\x\the-karan-singh-vaidh\the-karan-singh-vaidh\server\node_modules\router\lib\layer.js:152:17)
    at trimPrefix (C:\react project\x\the-karan-singh-vaidh\the-karan-singh-vaidh\server\node_modules\router\index.js:342:13)
    at C:\react project\x\the-karan-singh-vaidh\the-karan-singh-vaidh\server\node_modules\router\index.js:297:9

[2026-04-15T16:26:31.158Z] 404 - Not Found - /socket.io/?EIO=4&transport=websocket
Error: Not Found - /socket.io/?EIO=4&transport=websocket
    at notFound (C:\react project\x\the-karan-singh-vaidh\the-karan-singh-vaidh\server\middleware\errorMiddleware.js:2:19)
    at Layer.handleRequest (C:\react project\x\the-karan-singh-vaidh\the-karan-singh-vaidh\server\node_modules\router\lib\layer.js:152:17)
    at trimPrefix (C:\react project\x\the-karan-singh-vaidh\the-karan-singh-vaidh\server\node_modules\router\index.js:342:13)
    at C:\react project\x\the-karan-singh-vaidh\the-karan-singh-vaidh\server\node_modules\router\index.js:297:9
    at processParams (C:\react project\x\the-karan-singh-vaidh\the-karan-singh-vaidh\server\node_modules\router\index.js:582:12)
    at next (C:\react project\x\the-karan-singh-vaidh\the-karan-singh-vaidh\server\node_modules\router\index.js:291:5)
    at logger (C:\react project\x\the-karan-singh-vaidh\the-karan-singh-vaidh\server\node_modules\morgan\index.js:144:5)
    at Layer.handleRequest (C:\react project\x\the-karan-singh-vaidh\the-karan-singh-vaidh\server\node_modules\router\lib\layer.js:152:17)
    at trimPrefix (C:\react project\x\the-karan-singh-vaidh\the-karan-singh-vaidh\server\node_modules\router\index.js:342:13)
    at C:\react project\x\the-karan-singh-vaidh\the-karan-singh-vaidh\server\node_modules\router\index.js:297:9

[2026-04-15T16:26:37.162Z] 404 - Not Found - /socket.io/?EIO=4&transport=websocket
Error: Not Found - /socket.io/?EIO=4&transport=websocket
    at notFound (C:\react project\x\the-karan-singh-vaidh\the-karan-singh-vaidh\server\middleware\errorMiddleware.js:2:19)
    at Layer.handleRequest (C:\react project\x\the-karan-singh-vaidh\the-karan-singh-vaidh\server\node_modules\router\lib\layer.js:152:17)
    at trimPrefix (C:\react project\x\the-karan-singh-vaidh\the-karan-singh-vaidh\server\node_modules\router\index.js:342:13)
    at C:\react project\x\the-karan-singh-vaidh\the-karan-singh-vaidh\server\node_modules\router\index.js:297:9
    at processParams (C:\react project\x\the-karan-singh-vaidh\the-karan-singh-vaidh\server\node_modules\router\index.js:582:12)
    at next (C:\react project\x\the-karan-singh-vaidh\the-karan-singh-vaidh\server\node_modules\router\index.js:291:5)
    at logger (C:\react project\x\the-karan-singh-vaidh\the-karan-singh-vaidh\server\node_modules\morgan\index.js:144:5)
    at Layer.handleRequest (C:\react project\x\the-karan-singh-vaidh\the-karan-singh-vaidh\server\node_modules\router\lib\layer.js:152:17)
    at trimPrefix (C:\react project\x\the-karan-singh-vaidh\the-karan-singh-vaidh\server\node_modules\router\index.js:342:13)
    at C:\react project\x\the-karan-singh-vaidh\the-karan-singh-vaidh\server\node_modules\router\index.js:297:9

[2026-04-15T16:26:43.160Z] 404 - Not Found - /socket.io/?EIO=4&transport=websocket
Error: Not Found - /socket.io/?EIO=4&transport=websocket
    at notFound (C:\react project\x\the-karan-singh-vaidh\the-karan-singh-vaidh\server\middleware\errorMiddleware.js:2:19)
    at Layer.handleRequest (C:\react project\x\the-karan-singh-vaidh\the-karan-singh-vaidh\server\node_modules\router\lib\layer.js:152:17)
    at trimPrefix (C:\react project\x\the-karan-singh-vaidh\the-karan-singh-vaidh\server\node_modules\router\index.js:342:13)
    at C:\react project\x\the-karan-singh-vaidh\the-karan-singh-vaidh\server\node_modules\router\index.js:297:9
    at processParams (C:\react project\x\the-karan-singh-vaidh\the-karan-singh-vaidh\server\node_modules\router\index.js:582:12)
    at next (C:\react project\x\the-karan-singh-vaidh\the-karan-singh-vaidh\server\node_modules\router\index.js:291:5)
    at logger (C:\react project\x\the-karan-singh-vaidh\the-karan-singh-vaidh\server\node_modules\morgan\index.js:144:5)
    at Layer.handleRequest (C:\react project\x\the-karan-singh-vaidh\the-karan-singh-vaidh\server\node_modules\router\lib\layer.js:152:17)
    at trimPrefix (C:\react project\x\the-karan-singh-vaidh\the-karan-singh-vaidh\server\node_modules\router\index.js:342:13)
    at C:\react project\x\the-karan-singh-vaidh\the-karan-singh-vaidh\server\node_modules\router\index.js:297:9

[2026-04-15T16:26:49.162Z] 404 - Not Found - /socket.io/?EIO=4&transport=websocket
Error: Not Found - /socket.io/?EIO=4&transport=websocket
    at notFound (C:\react project\x\the-karan-singh-vaidh\the-karan-singh-vaidh\server\middleware\errorMiddleware.js:2:19)
    at Layer.handleRequest (C:\react project\x\the-karan-singh-vaidh\the-karan-singh-vaidh\server\node_modules\router\lib\layer.js:152:17)
    at trimPrefix (C:\react project\x\the-karan-singh-vaidh\the-karan-singh-vaidh\server\node_modules\router\index.js:342:13)
    at C:\react project\x\the-karan-singh-vaidh\the-karan-singh-vaidh\server\node_modules\router\index.js:297:9
    at processParams (C:\react project\x\the-karan-singh-vaidh\the-karan-singh-vaidh\server\node_modules\router\index.js:582:12)
    at next (C:\react project\x\the-karan-singh-vaidh\the-karan-singh-vaidh\server\node_modules\router\index.js:291:5)
    at logger (C:\react project\x\the-karan-singh-vaidh\the-karan-singh-vaidh\server\node_modules\morgan\index.js:144:5)
    at Layer.handleRequest (C:\react project\x\the-karan-singh-vaidh\the-karan-singh-vaidh\server\node_modules\router\lib\layer.js:152:17)
    at trimPrefix (C:\react project\x\the-karan-singh-vaidh\the-karan-singh-vaidh\server\node_modules\router\index.js:342:13)
    at C:\react project\x\the-karan-singh-vaidh\the-karan-singh-vaidh\server\node_modules\router\index.js:297:9

[2026-04-15T16:26:55.179Z] 404 - Not Found - /socket.io/?EIO=4&transport=websocket
Error: Not Found - /socket.io/?EIO=4&transport=websocket
    at notFound (C:\react project\x\the-karan-singh-vaidh\the-karan-singh-vaidh\server\middleware\errorMiddleware.js:2:19)
    at Layer.handleRequest (C:\react project\x\the-karan-singh-vaidh\the-karan-singh-vaidh\server\node_modules\router\lib\layer.js:152:17)
    at trimPrefix (C:\react project\x\the-karan-singh-vaidh\the-karan-singh-vaidh\server\node_modules\router\index.js:342:13)
    at C:\react project\x\the-karan-singh-vaidh\the-karan-singh-vaidh\server\node_modules\router\index.js:297:9
    at processParams (C:\react project\x\the-karan-singh-vaidh\the-karan-singh-vaidh\server\node_modules\router\index.js:582:12)
    at next (C:\react project\x\the-karan-singh-vaidh\the-karan-singh-vaidh\server\node_modules\router\index.js:291:5)
    at logger (C:\react project\x\the-karan-singh-vaidh\the-karan-singh-vaidh\server\node_modules\morgan\index.js:144:5)
    at Layer.handleRequest (C:\react project\x\the-karan-singh-vaidh\the-karan-singh-vaidh\server\node_modules\router\lib\layer.js:152:17)
    at trimPrefix (C:\react project\x\the-karan-singh-vaidh\the-karan-singh-vaidh\server\node_modules\router\index.js:342:13)
    at C:\react project\x\the-karan-singh-vaidh\the-karan-singh-vaidh\server\node_modules\router\index.js:297:9

[2026-04-15T16:27:01.197Z] 404 - Not Found - /socket.io/?EIO=4&transport=websocket
Error: Not Found - /socket.io/?EIO=4&transport=websocket
    at notFound (C:\react project\x\the-karan-singh-vaidh\the-karan-singh-vaidh\server\middleware\errorMiddleware.js:2:19)
    at Layer.handleRequest (C:\react project\x\the-karan-singh-vaidh\the-karan-singh-vaidh\server\node_modules\router\lib\layer.js:152:17)
    at trimPrefix (C:\react project\x\the-karan-singh-vaidh\the-karan-singh-vaidh\server\node_modules\router\index.js:342:13)
    at C:\react project\x\the-karan-singh-vaidh\the-karan-singh-vaidh\server\node_modules\router\index.js:297:9
    at processParams (C:\react project\x\the-karan-singh-vaidh\the-karan-singh-vaidh\server\node_modules\router\index.js:582:12)
    at next (C:\react project\x\the-karan-singh-vaidh\the-karan-singh-vaidh\server\node_modules\router\index.js:291:5)
    at logger (C:\react project\x\the-karan-singh-vaidh\the-karan-singh-vaidh\server\node_modules\morgan\index.js:144:5)
    at Layer.handleRequest (C:\react project\x\the-karan-singh-vaidh\the-karan-singh-vaidh\server\node_modules\router\lib\layer.js:152:17)
    at trimPrefix (C:\react project\x\the-karan-singh-vaidh\the-karan-singh-vaidh\server\node_modules\router\index.js:342:13)
    at C:\react project\x\the-karan-singh-vaidh\the-karan-singh-vaidh\server\node_modules\router\index.js:297:9

[2026-04-15T16:27:07.202Z] 404 - Not Found - /socket.io/?EIO=4&transport=websocket
Error: Not Found - /socket.io/?EIO=4&transport=websocket
    at notFound (C:\react project\x\the-karan-singh-vaidh\the-karan-singh-vaidh\server\middleware\errorMiddleware.js:2:19)
    at Layer.handleRequest (C:\react project\x\the-karan-singh-vaidh\the-karan-singh-vaidh\server\node_modules\router\lib\layer.js:152:17)
    at trimPrefix (C:\react project\x\the-karan-singh-vaidh\the-karan-singh-vaidh\server\node_modules\router\index.js:342:13)
    at C:\react project\x\the-karan-singh-vaidh\the-karan-singh-vaidh\server\node_modules\router\index.js:297:9
    at processParams (C:\react project\x\the-karan-singh-vaidh\the-karan-singh-vaidh\server\node_modules\router\index.js:582:12)
    at next (C:\react project\x\the-karan-singh-vaidh\the-karan-singh-vaidh\server\node_modules\router\index.js:291:5)
    at logger (C:\react project\x\the-karan-singh-vaidh\the-karan-singh-vaidh\server\node_modules\morgan\index.js:144:5)
    at Layer.handleRequest (C:\react project\x\the-karan-singh-vaidh\the-karan-singh-vaidh\server\node_modules\router\lib\layer.js:152:17)
    at trimPrefix (C:\react project\x\the-karan-singh-vaidh\the-karan-singh-vaidh\server\node_modules\router\index.js:342:13)
    at C:\react project\x\the-karan-singh-vaidh\the-karan-singh-vaidh\server\node_modules\router\index.js:297:9

[2026-04-15T16:27:13.219Z] 404 - Not Found - /socket.io/?EIO=4&transport=websocket
Error: Not Found - /socket.io/?EIO=4&transport=websocket
    at notFound (C:\react project\x\the-karan-singh-vaidh\the-karan-singh-vaidh\server\middleware\errorMiddleware.js:2:19)
    at Layer.handleRequest (C:\react project\x\the-karan-singh-vaidh\the-karan-singh-vaidh\server\node_modules\router\lib\layer.js:152:17)
    at trimPrefix (C:\react project\x\the-karan-singh-vaidh\the-karan-singh-vaidh\server\node_modules\router\index.js:342:13)
    at C:\react project\x\the-karan-singh-vaidh\the-karan-singh-vaidh\server\node_modules\router\index.js:297:9
    at processParams (C:\react project\x\the-karan-singh-vaidh\the-karan-singh-vaidh\server\node_modules\router\index.js:582:12)
    at next (C:\react project\x\the-karan-singh-vaidh\the-karan-singh-vaidh\server\node_modules\router\index.js:291:5)
    at logger (C:\react project\x\the-karan-singh-vaidh\the-karan-singh-vaidh\server\node_modules\morgan\index.js:144:5)
    at Layer.handleRequest (C:\react project\x\the-karan-singh-vaidh\the-karan-singh-vaidh\server\node_modules\router\lib\layer.js:152:17)
    at trimPrefix (C:\react project\x\the-karan-singh-vaidh\the-karan-singh-vaidh\server\node_modules\router\index.js:342:13)
    at C:\react project\x\the-karan-singh-vaidh\the-karan-singh-vaidh\server\node_modules\router\index.js:297:9

[2026-04-15T16:27:19.264Z] 404 - Not Found - /socket.io/?EIO=4&transport=websocket
Error: Not Found - /socket.io/?EIO=4&transport=websocket
    at notFound (C:\react project\x\the-karan-singh-vaidh\the-karan-singh-vaidh\server\middleware\errorMiddleware.js:2:19)
    at Layer.handleRequest (C:\react project\x\the-karan-singh-vaidh\the-karan-singh-vaidh\server\node_modules\router\lib\layer.js:152:17)
    at trimPrefix (C:\react project\x\the-karan-singh-vaidh\the-karan-singh-vaidh\server\node_modules\router\index.js:342:13)
    at C:\react project\x\the-karan-singh-vaidh\the-karan-singh-vaidh\server\node_modules\router\index.js:297:9
    at processParams (C:\react project\x\the-karan-singh-vaidh\the-karan-singh-vaidh\server\node_modules\router\index.js:582:12)
    at next (C:\react project\x\the-karan-singh-vaidh\the-karan-singh-vaidh\server\node_modules\router\index.js:291:5)
    at logger (C:\react project\x\the-karan-singh-vaidh\the-karan-singh-vaidh\server\node_modules\morgan\index.js:144:5)
    at Layer.handleRequest (C:\react project\x\the-karan-singh-vaidh\the-karan-singh-vaidh\server\node_modules\router\lib\layer.js:152:17)
    at trimPrefix (C:\react project\x\the-karan-singh-vaidh\the-karan-singh-vaidh\server\node_modules\router\index.js:342:13)
    at C:\react project\x\the-karan-singh-vaidh\the-karan-singh-vaidh\server\node_modules\router\index.js:297:9

[2026-04-15T16:27:25.272Z] 404 - Not Found - /socket.io/?EIO=4&transport=websocket
Error: Not Found - /socket.io/?EIO=4&transport=websocket
    at notFound (C:\react project\x\the-karan-singh-vaidh\the-karan-singh-vaidh\server\middleware\errorMiddleware.js:2:19)
    at Layer.handleRequest (C:\react project\x\the-karan-singh-vaidh\the-karan-singh-vaidh\server\node_modules\router\lib\layer.js:152:17)
    at trimPrefix (C:\react project\x\the-karan-singh-vaidh\the-karan-singh-vaidh\server\node_modules\router\index.js:342:13)
    at C:\react project\x\the-karan-singh-vaidh\the-karan-singh-vaidh\server\node_modules\router\index.js:297:9
    at processParams (C:\react project\x\the-karan-singh-vaidh\the-karan-singh-vaidh\server\node_modules\router\index.js:582:12)
    at next (C:\react project\x\the-karan-singh-vaidh\the-karan-singh-vaidh\server\node_modules\router\index.js:291:5)
    at logger (C:\react project\x\the-karan-singh-vaidh\the-karan-singh-vaidh\server\node_modules\morgan\index.js:144:5)
    at Layer.handleRequest (C:\react project\x\the-karan-singh-vaidh\the-karan-singh-vaidh\server\node_modules\router\lib\layer.js:152:17)
    at trimPrefix (C:\react project\x\the-karan-singh-vaidh\the-karan-singh-vaidh\server\node_modules\router\index.js:342:13)
    at C:\react project\x\the-karan-singh-vaidh\the-karan-singh-vaidh\server\node_modules\router\index.js:297:9

[2026-04-15T16:27:31.526Z] 404 - Not Found - /socket.io/?EIO=4&transport=websocket
Error: Not Found - /socket.io/?EIO=4&transport=websocket
    at notFound (C:\react project\x\the-karan-singh-vaidh\the-karan-singh-vaidh\server\middleware\errorMiddleware.js:2:19)
    at Layer.handleRequest (C:\react project\x\the-karan-singh-vaidh\the-karan-singh-vaidh\server\node_modules\router\lib\layer.js:152:17)
    at trimPrefix (C:\react project\x\the-karan-singh-vaidh\the-karan-singh-vaidh\server\node_modules\router\index.js:342:13)
    at C:\react project\x\the-karan-singh-vaidh\the-karan-singh-vaidh\server\node_modules\router\index.js:297:9
    at processParams (C:\react project\x\the-karan-singh-vaidh\the-karan-singh-vaidh\server\node_modules\router\index.js:582:12)
    at next (C:\react project\x\the-karan-singh-vaidh\the-karan-singh-vaidh\server\node_modules\router\index.js:291:5)
    at logger (C:\react project\x\the-karan-singh-vaidh\the-karan-singh-vaidh\server\node_modules\morgan\index.js:144:5)
    at Layer.handleRequest (C:\react project\x\the-karan-singh-vaidh\the-karan-singh-vaidh\server\node_modules\router\lib\layer.js:152:17)
    at trimPrefix (C:\react project\x\the-karan-singh-vaidh\the-karan-singh-vaidh\server\node_modules\router\index.js:342:13)
    at C:\react project\x\the-karan-singh-vaidh\the-karan-singh-vaidh\server\node_modules\router\index.js:297:9

[2026-04-15T16:27:38.070Z] 404 - Not Found - /socket.io/?EIO=4&transport=websocket
Error: Not Found - /socket.io/?EIO=4&transport=websocket
    at notFound (C:\react project\x\the-karan-singh-vaidh\the-karan-singh-vaidh\server\middleware\errorMiddleware.js:2:19)
    at Layer.handleRequest (C:\react project\x\the-karan-singh-vaidh\the-karan-singh-vaidh\server\node_modules\router\lib\layer.js:152:17)
    at trimPrefix (C:\react project\x\the-karan-singh-vaidh\the-karan-singh-vaidh\server\node_modules\router\index.js:342:13)
    at C:\react project\x\the-karan-singh-vaidh\the-karan-singh-vaidh\server\node_modules\router\index.js:297:9
    at processParams (C:\react project\x\the-karan-singh-vaidh\the-karan-singh-vaidh\server\node_modules\router\index.js:582:12)
    at next (C:\react project\x\the-karan-singh-vaidh\the-karan-singh-vaidh\server\node_modules\router\index.js:291:5)
    at logger (C:\react project\x\the-karan-singh-vaidh\the-karan-singh-vaidh\server\node_modules\morgan\index.js:144:5)
    at Layer.handleRequest (C:\react project\x\the-karan-singh-vaidh\the-karan-singh-vaidh\server\node_modules\router\lib\layer.js:152:17)
    at trimPrefix (C:\react project\x\the-karan-singh-vaidh\the-karan-singh-vaidh\server\node_modules\router\index.js:342:13)
    at C:\react project\x\the-karan-singh-vaidh\the-karan-singh-vaidh\server\node_modules\router\index.js:297:9

[2026-04-15T16:27:44.308Z] 404 - Not Found - /socket.io/?EIO=4&transport=websocket
Error: Not Found - /socket.io/?EIO=4&transport=websocket
    at notFound (C:\react project\x\the-karan-singh-vaidh\the-karan-singh-vaidh\server\middleware\errorMiddleware.js:2:19)
    at Layer.handleRequest (C:\react project\x\the-karan-singh-vaidh\the-karan-singh-vaidh\server\node_modules\router\lib\layer.js:152:17)
    at trimPrefix (C:\react project\x\the-karan-singh-vaidh\the-karan-singh-vaidh\server\node_modules\router\index.js:342:13)
    at C:\react project\x\the-karan-singh-vaidh\the-karan-singh-vaidh\server\node_modules\router\index.js:297:9
    at processParams (C:\react project\x\the-karan-singh-vaidh\the-karan-singh-vaidh\server\node_modules\router\index.js:582:12)
    at next (C:\react project\x\the-karan-singh-vaidh\the-karan-singh-vaidh\server\node_modules\router\index.js:291:5)
    at logger (C:\react project\x\the-karan-singh-vaidh\the-karan-singh-vaidh\server\node_modules\morgan\index.js:144:5)
    at Layer.handleRequest (C:\react project\x\the-karan-singh-vaidh\the-karan-singh-vaidh\server\node_modules\router\lib\layer.js:152:17)
    at trimPrefix (C:\react project\x\the-karan-singh-vaidh\the-karan-singh-vaidh\server\node_modules\router\index.js:342:13)
    at C:\react project\x\the-karan-singh-vaidh\the-karan-singh-vaidh\server\node_modules\router\index.js:297:9

[2026-04-15T16:27:52.338Z] 404 - Not Found - /socket.io/?EIO=4&transport=websocket
Error: Not Found - /socket.io/?EIO=4&transport=websocket
    at notFound (C:\react project\x\the-karan-singh-vaidh\the-karan-singh-vaidh\server\middleware\errorMiddleware.js:2:19)
    at Layer.handleRequest (C:\react project\x\the-karan-singh-vaidh\the-karan-singh-vaidh\server\node_modules\router\lib\layer.js:152:17)
    at trimPrefix (C:\react project\x\the-karan-singh-vaidh\the-karan-singh-vaidh\server\node_modules\router\index.js:342:13)
    at C:\react project\x\the-karan-singh-vaidh\the-karan-singh-vaidh\server\node_modules\router\index.js:297:9
    at processParams (C:\react project\x\the-karan-singh-vaidh\the-karan-singh-vaidh\server\node_modules\router\index.js:582:12)
    at next (C:\react project\x\the-karan-singh-vaidh\the-karan-singh-vaidh\server\node_modules\router\index.js:291:5)
    at logger (C:\react project\x\the-karan-singh-vaidh\the-karan-singh-vaidh\server\node_modules\morgan\index.js:144:5)
    at Layer.handleRequest (C:\react project\x\the-karan-singh-vaidh\the-karan-singh-vaidh\server\node_modules\router\lib\layer.js:152:17)
    at trimPrefix (C:\react project\x\the-karan-singh-vaidh\the-karan-singh-vaidh\server\node_modules\router\index.js:342:13)
    at C:\react project\x\the-karan-singh-vaidh\the-karan-singh-vaidh\server\node_modules\router\index.js:297:9

[2026-04-15T16:28:00.874Z] 404 - Not Found - /socket.io/?EIO=4&transport=websocket
Error: Not Found - /socket.io/?EIO=4&transport=websocket
    at notFound (C:\react project\x\the-karan-singh-vaidh\the-karan-singh-vaidh\server\middleware\errorMiddleware.js:2:19)
    at Layer.handleRequest (C:\react project\x\the-karan-singh-vaidh\the-karan-singh-vaidh\server\node_modules\router\lib\layer.js:152:17)
    at trimPrefix (C:\react project\x\the-karan-singh-vaidh\the-karan-singh-vaidh\server\node_modules\router\index.js:342:13)
    at C:\react project\x\the-karan-singh-vaidh\the-karan-singh-vaidh\server\node_modules\router\index.js:297:9
    at processParams (C:\react project\x\the-karan-singh-vaidh\the-karan-singh-vaidh\server\node_modules\router\index.js:582:12)
    at next (C:\react project\x\the-karan-singh-vaidh\the-karan-singh-vaidh\server\node_modules\router\index.js:291:5)
    at logger (C:\react project\x\the-karan-singh-vaidh\the-karan-singh-vaidh\server\node_modules\morgan\index.js:144:5)
    at Layer.handleRequest (C:\react project\x\the-karan-singh-vaidh\the-karan-singh-vaidh\server\node_modules\router\lib\layer.js:152:17)
    at trimPrefix (C:\react project\x\the-karan-singh-vaidh\the-karan-singh-vaidh\server\node_modules\router\index.js:342:13)
    at C:\react project\x\the-karan-singh-vaidh\the-karan-singh-vaidh\server\node_modules\router\index.js:297:9

[2026-04-15T16:28:07.654Z] 404 - Not Found - /socket.io/?EIO=4&transport=websocket
Error: Not Found - /socket.io/?EIO=4&transport=websocket
    at notFound (C:\react project\x\the-karan-singh-vaidh\the-karan-singh-vaidh\server\middleware\errorMiddleware.js:2:19)
    at Layer.handleRequest (C:\react project\x\the-karan-singh-vaidh\the-karan-singh-vaidh\server\node_modules\router\lib\layer.js:152:17)
    at trimPrefix (C:\react project\x\the-karan-singh-vaidh\the-karan-singh-vaidh\server\node_modules\router\index.js:342:13)
    at C:\react project\x\the-karan-singh-vaidh\the-karan-singh-vaidh\server\node_modules\router\index.js:297:9
    at processParams (C:\react project\x\the-karan-singh-vaidh\the-karan-singh-vaidh\server\node_modules\router\index.js:582:12)
    at next (C:\react project\x\the-karan-singh-vaidh\the-karan-singh-vaidh\server\node_modules\router\index.js:291:5)
    at logger (C:\react project\x\the-karan-singh-vaidh\the-karan-singh-vaidh\server\node_modules\morgan\index.js:144:5)
    at Layer.handleRequest (C:\react project\x\the-karan-singh-vaidh\the-karan-singh-vaidh\server\node_modules\router\lib\layer.js:152:17)
    at trimPrefix (C:\react project\x\the-karan-singh-vaidh\the-karan-singh-vaidh\server\node_modules\router\index.js:342:13)
    at C:\react project\x\the-karan-singh-vaidh\the-karan-singh-vaidh\server\node_modules\router\index.js:297:9

[2026-04-15T16:28:13.159Z] 404 - Not Found - /socket.io/?EIO=4&transport=websocket
Error: Not Found - /socket.io/?EIO=4&transport=websocket
    at notFound (C:\react project\x\the-karan-singh-vaidh\the-karan-singh-vaidh\server\middleware\errorMiddleware.js:2:19)
    at Layer.handleRequest (C:\react project\x\the-karan-singh-vaidh\the-karan-singh-vaidh\server\node_modules\router\lib\layer.js:152:17)
    at trimPrefix (C:\react project\x\the-karan-singh-vaidh\the-karan-singh-vaidh\server\node_modules\router\index.js:342:13)
    at C:\react project\x\the-karan-singh-vaidh\the-karan-singh-vaidh\server\node_modules\router\index.js:297:9
    at processParams (C:\react project\x\the-karan-singh-vaidh\the-karan-singh-vaidh\server\node_modules\router\index.js:582:12)
    at next (C:\react project\x\the-karan-singh-vaidh\the-karan-singh-vaidh\server\node_modules\router\index.js:291:5)
    at logger (C:\react project\x\the-karan-singh-vaidh\the-karan-singh-vaidh\server\node_modules\morgan\index.js:144:5)
    at Layer.handleRequest (C:\react project\x\the-karan-singh-vaidh\the-karan-singh-vaidh\server\node_modules\router\lib\layer.js:152:17)
    at trimPrefix (C:\react project\x\the-karan-singh-vaidh\the-karan-singh-vaidh\server\node_modules\router\index.js:342:13)
    at C:\react project\x\the-karan-singh-vaidh\the-karan-singh-vaidh\server\node_modules\router\index.js:297:9

[2026-04-15T16:28:19.161Z] 404 - Not Found - /socket.io/?EIO=4&transport=websocket
Error: Not Found - /socket.io/?EIO=4&transport=websocket
    at notFound (C:\react project\x\the-karan-singh-vaidh\the-karan-singh-vaidh\server\middleware\errorMiddleware.js:2:19)
    at Layer.handleRequest (C:\react project\x\the-karan-singh-vaidh\the-karan-singh-vaidh\server\node_modules\router\lib\layer.js:152:17)
    at trimPrefix (C:\react project\x\the-karan-singh-vaidh\the-karan-singh-vaidh\server\node_modules\router\index.js:342:13)
    at C:\react project\x\the-karan-singh-vaidh\the-karan-singh-vaidh\server\node_modules\router\index.js:297:9
    at processParams (C:\react project\x\the-karan-singh-vaidh\the-karan-singh-vaidh\server\node_modules\router\index.js:582:12)
    at next (C:\react project\x\the-karan-singh-vaidh\the-karan-singh-vaidh\server\node_modules\router\index.js:291:5)
    at logger (C:\react project\x\the-karan-singh-vaidh\the-karan-singh-vaidh\server\node_modules\morgan\index.js:144:5)
    at Layer.handleRequest (C:\react project\x\the-karan-singh-vaidh\the-karan-singh-vaidh\server\node_modules\router\lib\layer.js:152:17)
    at trimPrefix (C:\react project\x\the-karan-singh-vaidh\the-karan-singh-vaidh\server\node_modules\router\index.js:342:13)
    at C:\react project\x\the-karan-singh-vaidh\the-karan-singh-vaidh\server\node_modules\router\index.js:297:9

[2026-04-15T16:28:25.155Z] 404 - Not Found - /socket.io/?EIO=4&transport=websocket
Error: Not Found - /socket.io/?EIO=4&transport=websocket
    at notFound (C:\react project\x\the-karan-singh-vaidh\the-karan-singh-vaidh\server\middleware\errorMiddleware.js:2:19)
    at Layer.handleRequest (C:\react project\x\the-karan-singh-vaidh\the-karan-singh-vaidh\server\node_modules\router\lib\layer.js:152:17)
    at trimPrefix (C:\react project\x\the-karan-singh-vaidh\the-karan-singh-vaidh\server\node_modules\router\index.js:342:13)
    at C:\react project\x\the-karan-singh-vaidh\the-karan-singh-vaidh\server\node_modules\router\index.js:297:9
    at processParams (C:\react project\x\the-karan-singh-vaidh\the-karan-singh-vaidh\server\node_modules\router\index.js:582:12)
    at next (C:\react project\x\the-karan-singh-vaidh\the-karan-singh-vaidh\server\node_modules\router\index.js:291:5)
    at logger (C:\react project\x\the-karan-singh-vaidh\the-karan-singh-vaidh\server\node_modules\morgan\index.js:144:5)
    at Layer.handleRequest (C:\react project\x\the-karan-singh-vaidh\the-karan-singh-vaidh\server\node_modules\router\lib\layer.js:152:17)
    at trimPrefix (C:\react project\x\the-karan-singh-vaidh\the-karan-singh-vaidh\server\node_modules\router\index.js:342:13)
    at C:\react project\x\the-karan-singh-vaidh\the-karan-singh-vaidh\server\node_modules\router\index.js:297:9

[2026-04-15T16:28:31.161Z] 404 - Not Found - /socket.io/?EIO=4&transport=websocket
Error: Not Found - /socket.io/?EIO=4&transport=websocket
    at notFound (C:\react project\x\the-karan-singh-vaidh\the-karan-singh-vaidh\server\middleware\errorMiddleware.js:2:19)
    at Layer.handleRequest (C:\react project\x\the-karan-singh-vaidh\the-karan-singh-vaidh\server\node_modules\router\lib\layer.js:152:17)
    at trimPrefix (C:\react project\x\the-karan-singh-vaidh\the-karan-singh-vaidh\server\node_modules\router\index.js:342:13)
    at C:\react project\x\the-karan-singh-vaidh\the-karan-singh-vaidh\server\node_modules\router\index.js:297:9
    at processParams (C:\react project\x\the-karan-singh-vaidh\the-karan-singh-vaidh\server\node_modules\router\index.js:582:12)
    at next (C:\react project\x\the-karan-singh-vaidh\the-karan-singh-vaidh\server\node_modules\router\index.js:291:5)
    at logger (C:\react project\x\the-karan-singh-vaidh\the-karan-singh-vaidh\server\node_modules\morgan\index.js:144:5)
    at Layer.handleRequest (C:\react project\x\the-karan-singh-vaidh\the-karan-singh-vaidh\server\node_modules\router\lib\layer.js:152:17)
    at trimPrefix (C:\react project\x\the-karan-singh-vaidh\the-karan-singh-vaidh\server\node_modules\router\index.js:342:13)
    at C:\react project\x\the-karan-singh-vaidh\the-karan-singh-vaidh\server\node_modules\router\index.js:297:9

[2026-04-15T16:28:37.154Z] 404 - Not Found - /socket.io/?EIO=4&transport=websocket
Error: Not Found - /socket.io/?EIO=4&transport=websocket
    at notFound (C:\react project\x\the-karan-singh-vaidh\the-karan-singh-vaidh\server\middleware\errorMiddleware.js:2:19)
    at Layer.handleRequest (C:\react project\x\the-karan-singh-vaidh\the-karan-singh-vaidh\server\node_modules\router\lib\layer.js:152:17)
    at trimPrefix (C:\react project\x\the-karan-singh-vaidh\the-karan-singh-vaidh\server\node_modules\router\index.js:342:13)
    at C:\react project\x\the-karan-singh-vaidh\the-karan-singh-vaidh\server\node_modules\router\index.js:297:9
    at processParams (C:\react project\x\the-karan-singh-vaidh\the-karan-singh-vaidh\server\node_modules\router\index.js:582:12)
    at next (C:\react project\x\the-karan-singh-vaidh\the-karan-singh-vaidh\server\node_modules\router\index.js:291:5)
    at logger (C:\react project\x\the-karan-singh-vaidh\the-karan-singh-vaidh\server\node_modules\morgan\index.js:144:5)
    at Layer.handleRequest (C:\react project\x\the-karan-singh-vaidh\the-karan-singh-vaidh\server\node_modules\router\lib\layer.js:152:17)
    at trimPrefix (C:\react project\x\the-karan-singh-vaidh\the-karan-singh-vaidh\server\node_modules\router\index.js:342:13)
    at C:\react project\x\the-karan-singh-vaidh\the-karan-singh-vaidh\server\node_modules\router\index.js:297:9

[2026-04-15T16:28:43.168Z] 404 - Not Found - /socket.io/?EIO=4&transport=websocket
Error: Not Found - /socket.io/?EIO=4&transport=websocket
    at notFound (C:\react project\x\the-karan-singh-vaidh\the-karan-singh-vaidh\server\middleware\errorMiddleware.js:2:19)
    at Layer.handleRequest (C:\react project\x\the-karan-singh-vaidh\the-karan-singh-vaidh\server\node_modules\router\lib\layer.js:152:17)
    at trimPrefix (C:\react project\x\the-karan-singh-vaidh\the-karan-singh-vaidh\server\node_modules\router\index.js:342:13)
    at C:\react project\x\the-karan-singh-vaidh\the-karan-singh-vaidh\server\node_modules\router\index.js:297:9
    at processParams (C:\react project\x\the-karan-singh-vaidh\the-karan-singh-vaidh\server\node_modules\router\index.js:582:12)
    at next (C:\react project\x\the-karan-singh-vaidh\the-karan-singh-vaidh\server\node_modules\router\index.js:291:5)
    at logger (C:\react project\x\the-karan-singh-vaidh\the-karan-singh-vaidh\server\node_modules\morgan\index.js:144:5)
    at Layer.handleRequest (C:\react project\x\the-karan-singh-vaidh\the-karan-singh-vaidh\server\node_modules\router\lib\layer.js:152:17)
    at trimPrefix (C:\react project\x\the-karan-singh-vaidh\the-karan-singh-vaidh\server\node_modules\router\index.js:342:13)
    at C:\react project\x\the-karan-singh-vaidh\the-karan-singh-vaidh\server\node_modules\router\index.js:297:9

[2026-04-15T16:28:49.163Z] 404 - Not Found - /socket.io/?EIO=4&transport=websocket
Error: Not Found - /socket.io/?EIO=4&transport=websocket
    at notFound (C:\react project\x\the-karan-singh-vaidh\the-karan-singh-vaidh\server\middleware\errorMiddleware.js:2:19)
    at Layer.handleRequest (C:\react project\x\the-karan-singh-vaidh\the-karan-singh-vaidh\server\node_modules\router\lib\layer.js:152:17)
    at trimPrefix (C:\react project\x\the-karan-singh-vaidh\the-karan-singh-vaidh\server\node_modules\router\index.js:342:13)
    at C:\react project\x\the-karan-singh-vaidh\the-karan-singh-vaidh\server\node_modules\router\index.js:297:9
    at processParams (C:\react project\x\the-karan-singh-vaidh\the-karan-singh-vaidh\server\node_modules\router\index.js:582:12)
    at next (C:\react project\x\the-karan-singh-vaidh\the-karan-singh-vaidh\server\node_modules\router\index.js:291:5)
    at logger (C:\react project\x\the-karan-singh-vaidh\the-karan-singh-vaidh\server\node_modules\morgan\index.js:144:5)
    at Layer.handleRequest (C:\react project\x\the-karan-singh-vaidh\the-karan-singh-vaidh\server\node_modules\router\lib\layer.js:152:17)
    at trimPrefix (C:\react project\x\the-karan-singh-vaidh\the-karan-singh-vaidh\server\node_modules\router\index.js:342:13)
    at C:\react project\x\the-karan-singh-vaidh\the-karan-singh-vaidh\server\node_modules\router\index.js:297:9

[2026-04-15T16:28:55.170Z] 404 - Not Found - /socket.io/?EIO=4&transport=websocket
Error: Not Found - /socket.io/?EIO=4&transport=websocket
    at notFound (C:\react project\x\the-karan-singh-vaidh\the-karan-singh-vaidh\server\middleware\errorMiddleware.js:2:19)
    at Layer.handleRequest (C:\react project\x\the-karan-singh-vaidh\the-karan-singh-vaidh\server\node_modules\router\lib\layer.js:152:17)
    at trimPrefix (C:\react project\x\the-karan-singh-vaidh\the-karan-singh-vaidh\server\node_modules\router\index.js:342:13)
    at C:\react project\x\the-karan-singh-vaidh\the-karan-singh-vaidh\server\node_modules\router\index.js:297:9
    at processParams (C:\react project\x\the-karan-singh-vaidh\the-karan-singh-vaidh\server\node_modules\router\index.js:582:12)
    at next (C:\react project\x\the-karan-singh-vaidh\the-karan-singh-vaidh\server\node_modules\router\index.js:291:5)
    at logger (C:\react project\x\the-karan-singh-vaidh\the-karan-singh-vaidh\server\node_modules\morgan\index.js:144:5)
    at Layer.handleRequest (C:\react project\x\the-karan-singh-vaidh\the-karan-singh-vaidh\server\node_modules\router\lib\layer.js:152:17)
    at trimPrefix (C:\react project\x\the-karan-singh-vaidh\the-karan-singh-vaidh\server\node_modules\router\index.js:342:13)
    at C:\react project\x\the-karan-singh-vaidh\the-karan-singh-vaidh\server\node_modules\router\index.js:297:9

[2026-04-15T16:29:01.191Z] 404 - Not Found - /socket.io/?EIO=4&transport=websocket
Error: Not Found - /socket.io/?EIO=4&transport=websocket
    at notFound (C:\react project\x\the-karan-singh-vaidh\the-karan-singh-vaidh\server\middleware\errorMiddleware.js:2:19)
    at Layer.handleRequest (C:\react project\x\the-karan-singh-vaidh\the-karan-singh-vaidh\server\node_modules\router\lib\layer.js:152:17)
    at trimPrefix (C:\react project\x\the-karan-singh-vaidh\the-karan-singh-vaidh\server\node_modules\router\index.js:342:13)
    at C:\react project\x\the-karan-singh-vaidh\the-karan-singh-vaidh\server\node_modules\router\index.js:297:9
    at processParams (C:\react project\x\the-karan-singh-vaidh\the-karan-singh-vaidh\server\node_modules\router\index.js:582:12)
    at next (C:\react project\x\the-karan-singh-vaidh\the-karan-singh-vaidh\server\node_modules\router\index.js:291:5)
    at logger (C:\react project\x\the-karan-singh-vaidh\the-karan-singh-vaidh\server\node_modules\morgan\index.js:144:5)
    at Layer.handleRequest (C:\react project\x\the-karan-singh-vaidh\the-karan-singh-vaidh\server\node_modules\router\lib\layer.js:152:17)
    at trimPrefix (C:\react project\x\the-karan-singh-vaidh\the-karan-singh-vaidh\server\node_modules\router\index.js:342:13)
    at C:\react project\x\the-karan-singh-vaidh\the-karan-singh-vaidh\server\node_modules\router\index.js:297:9

[2026-04-15T16:29:07.166Z] 404 - Not Found - /socket.io/?EIO=4&transport=websocket
Error: Not Found - /socket.io/?EIO=4&transport=websocket
    at notFound (C:\react project\x\the-karan-singh-vaidh\the-karan-singh-vaidh\server\middleware\errorMiddleware.js:2:19)
    at Layer.handleRequest (C:\react project\x\the-karan-singh-vaidh\the-karan-singh-vaidh\server\node_modules\router\lib\layer.js:152:17)
    at trimPrefix (C:\react project\x\the-karan-singh-vaidh\the-karan-singh-vaidh\server\node_modules\router\index.js:342:13)
    at C:\react project\x\the-karan-singh-vaidh\the-karan-singh-vaidh\server\node_modules\router\index.js:297:9
    at processParams (C:\react project\x\the-karan-singh-vaidh\the-karan-singh-vaidh\server\node_modules\router\index.js:582:12)
    at next (C:\react project\x\the-karan-singh-vaidh\the-karan-singh-vaidh\server\node_modules\router\index.js:291:5)
    at logger (C:\react project\x\the-karan-singh-vaidh\the-karan-singh-vaidh\server\node_modules\morgan\index.js:144:5)
    at Layer.handleRequest (C:\react project\x\the-karan-singh-vaidh\the-karan-singh-vaidh\server\node_modules\router\lib\layer.js:152:17)
    at trimPrefix (C:\react project\x\the-karan-singh-vaidh\the-karan-singh-vaidh\server\node_modules\router\index.js:342:13)
    at C:\react project\x\the-karan-singh-vaidh\the-karan-singh-vaidh\server\node_modules\router\index.js:297:9

[2026-04-15T16:29:13.181Z] 404 - Not Found - /socket.io/?EIO=4&transport=websocket
Error: Not Found - /socket.io/?EIO=4&transport=websocket
    at notFound (C:\react project\x\the-karan-singh-vaidh\the-karan-singh-vaidh\server\middleware\errorMiddleware.js:2:19)
    at Layer.handleRequest (C:\react project\x\the-karan-singh-vaidh\the-karan-singh-vaidh\server\node_modules\router\lib\layer.js:152:17)
    at trimPrefix (C:\react project\x\the-karan-singh-vaidh\the-karan-singh-vaidh\server\node_modules\router\index.js:342:13)
    at C:\react project\x\the-karan-singh-vaidh\the-karan-singh-vaidh\server\node_modules\router\index.js:297:9
    at processParams (C:\react project\x\the-karan-singh-vaidh\the-karan-singh-vaidh\server\node_modules\router\index.js:582:12)
    at next (C:\react project\x\the-karan-singh-vaidh\the-karan-singh-vaidh\server\node_modules\router\index.js:291:5)
    at logger (C:\react project\x\the-karan-singh-vaidh\the-karan-singh-vaidh\server\node_modules\morgan\index.js:144:5)
    at Layer.handleRequest (C:\react project\x\the-karan-singh-vaidh\the-karan-singh-vaidh\server\node_modules\router\lib\layer.js:152:17)
    at trimPrefix (C:\react project\x\the-karan-singh-vaidh\the-karan-singh-vaidh\server\node_modules\router\index.js:342:13)
    at C:\react project\x\the-karan-singh-vaidh\the-karan-singh-vaidh\server\node_modules\router\index.js:297:9

[2026-04-15T16:29:19.264Z] 404 - Not Found - /socket.io/?EIO=4&transport=websocket
Error: Not Found - /socket.io/?EIO=4&transport=websocket
    at notFound (C:\react project\x\the-karan-singh-vaidh\the-karan-singh-vaidh\server\middleware\errorMiddleware.js:2:19)
    at Layer.handleRequest (C:\react project\x\the-karan-singh-vaidh\the-karan-singh-vaidh\server\node_modules\router\lib\layer.js:152:17)
    at trimPrefix (C:\react project\x\the-karan-singh-vaidh\the-karan-singh-vaidh\server\node_modules\router\index.js:342:13)
    at C:\react project\x\the-karan-singh-vaidh\the-karan-singh-vaidh\server\node_modules\router\index.js:297:9
    at processParams (C:\react project\x\the-karan-singh-vaidh\the-karan-singh-vaidh\server\node_modules\router\index.js:582:12)
    at next (C:\react project\x\the-karan-singh-vaidh\the-karan-singh-vaidh\server\node_modules\router\index.js:291:5)
    at logger (C:\react project\x\the-karan-singh-vaidh\the-karan-singh-vaidh\server\node_modules\morgan\index.js:144:5)
    at Layer.handleRequest (C:\react project\x\the-karan-singh-vaidh\the-karan-singh-vaidh\server\node_modules\router\lib\layer.js:152:17)
    at trimPrefix (C:\react project\x\the-karan-singh-vaidh\the-karan-singh-vaidh\server\node_modules\router\index.js:342:13)
    at C:\react project\x\the-karan-singh-vaidh\the-karan-singh-vaidh\server\node_modules\router\index.js:297:9

[2026-04-15T16:29:25.343Z] 404 - Not Found - /socket.io/?EIO=4&transport=websocket
Error: Not Found - /socket.io/?EIO=4&transport=websocket
    at notFound (C:\react project\x\the-karan-singh-vaidh\the-karan-singh-vaidh\server\middleware\errorMiddleware.js:2:19)
    at Layer.handleRequest (C:\react project\x\the-karan-singh-vaidh\the-karan-singh-vaidh\server\node_modules\router\lib\layer.js:152:17)
    at trimPrefix (C:\react project\x\the-karan-singh-vaidh\the-karan-singh-vaidh\server\node_modules\router\index.js:342:13)
    at C:\react project\x\the-karan-singh-vaidh\the-karan-singh-vaidh\server\node_modules\router\index.js:297:9
    at processParams (C:\react project\x\the-karan-singh-vaidh\the-karan-singh-vaidh\server\node_modules\router\index.js:582:12)
    at next (C:\react project\x\the-karan-singh-vaidh\the-karan-singh-vaidh\server\node_modules\router\index.js:291:5)
    at logger (C:\react project\x\the-karan-singh-vaidh\the-karan-singh-vaidh\server\node_modules\morgan\index.js:144:5)
    at Layer.handleRequest (C:\react project\x\the-karan-singh-vaidh\the-karan-singh-vaidh\server\node_modules\router\lib\layer.js:152:17)
    at trimPrefix (C:\react project\x\the-karan-singh-vaidh\the-karan-singh-vaidh\server\node_modules\router\index.js:342:13)
    at C:\react project\x\the-karan-singh-vaidh\the-karan-singh-vaidh\server\node_modules\router\index.js:297:9

[2026-04-15T16:29:31.398Z] 404 - Not Found - /socket.io/?EIO=4&transport=websocket
Error: Not Found - /socket.io/?EIO=4&transport=websocket
    at notFound (C:\react project\x\the-karan-singh-vaidh\the-karan-singh-vaidh\server\middleware\errorMiddleware.js:2:19)
    at Layer.handleRequest (C:\react project\x\the-karan-singh-vaidh\the-karan-singh-vaidh\server\node_modules\router\lib\layer.js:152:17)
    at trimPrefix (C:\react project\x\the-karan-singh-vaidh\the-karan-singh-vaidh\server\node_modules\router\index.js:342:13)
    at C:\react project\x\the-karan-singh-vaidh\the-karan-singh-vaidh\server\node_modules\router\index.js:297:9
    at processParams (C:\react project\x\the-karan-singh-vaidh\the-karan-singh-vaidh\server\node_modules\router\index.js:582:12)
    at next (C:\react project\x\the-karan-singh-vaidh\the-karan-singh-vaidh\server\node_modules\router\index.js:291:5)
    at logger (C:\react project\x\the-karan-singh-vaidh\the-karan-singh-vaidh\server\node_modules\morgan\index.js:144:5)
    at Layer.handleRequest (C:\react project\x\the-karan-singh-vaidh\the-karan-singh-vaidh\server\node_modules\router\lib\layer.js:152:17)
    at trimPrefix (C:\react project\x\the-karan-singh-vaidh\the-karan-singh-vaidh\server\node_modules\router\index.js:342:13)
    at C:\react project\x\the-karan-singh-vaidh\the-karan-singh-vaidh\server\node_modules\router\index.js:297:9

[2026-04-15T16:29:37.989Z] 404 - Not Found - /socket.io/?EIO=4&transport=websocket
Error: Not Found - /socket.io/?EIO=4&transport=websocket
    at notFound (C:\react project\x\the-karan-singh-vaidh\the-karan-singh-vaidh\server\middleware\errorMiddleware.js:2:19)
    at Layer.handleRequest (C:\react project\x\the-karan-singh-vaidh\the-karan-singh-vaidh\server\node_modules\router\lib\layer.js:152:17)
    at trimPrefix (C:\react project\x\the-karan-singh-vaidh\the-karan-singh-vaidh\server\node_modules\router\index.js:342:13)
    at C:\react project\x\the-karan-singh-vaidh\the-karan-singh-vaidh\server\node_modules\router\index.js:297:9
    at processParams (C:\react project\x\the-karan-singh-vaidh\the-karan-singh-vaidh\server\node_modules\router\index.js:582:12)
    at next (C:\react project\x\the-karan-singh-vaidh\the-karan-singh-vaidh\server\node_modules\router\index.js:291:5)
    at logger (C:\react project\x\the-karan-singh-vaidh\the-karan-singh-vaidh\server\node_modules\morgan\index.js:144:5)
    at Layer.handleRequest (C:\react project\x\the-karan-singh-vaidh\the-karan-singh-vaidh\server\node_modules\router\lib\layer.js:152:17)
    at trimPrefix (C:\react project\x\the-karan-singh-vaidh\the-karan-singh-vaidh\server\node_modules\router\index.js:342:13)
    at C:\react project\x\the-karan-singh-vaidh\the-karan-singh-vaidh\server\node_modules\router\index.js:297:9

[2026-04-15T16:29:44.149Z] 404 - Not Found - /socket.io/?EIO=4&transport=websocket
Error: Not Found - /socket.io/?EIO=4&transport=websocket
    at notFound (C:\react project\x\the-karan-singh-vaidh\the-karan-singh-vaidh\server\middleware\errorMiddleware.js:2:19)
    at Layer.handleRequest (C:\react project\x\the-karan-singh-vaidh\the-karan-singh-vaidh\server\node_modules\router\lib\layer.js:152:17)
    at trimPrefix (C:\react project\x\the-karan-singh-vaidh\the-karan-singh-vaidh\server\node_modules\router\index.js:342:13)
    at C:\react project\x\the-karan-singh-vaidh\the-karan-singh-vaidh\server\node_modules\router\index.js:297:9
    at processParams (C:\react project\x\the-karan-singh-vaidh\the-karan-singh-vaidh\server\node_modules\router\index.js:582:12)
    at next (C:\react project\x\the-karan-singh-vaidh\the-karan-singh-vaidh\server\node_modules\router\index.js:291:5)
    at logger (C:\react project\x\the-karan-singh-vaidh\the-karan-singh-vaidh\server\node_modules\morgan\index.js:144:5)
    at Layer.handleRequest (C:\react project\x\the-karan-singh-vaidh\the-karan-singh-vaidh\server\node_modules\router\lib\layer.js:152:17)
    at trimPrefix (C:\react project\x\the-karan-singh-vaidh\the-karan-singh-vaidh\server\node_modules\router\index.js:342:13)
    at C:\react project\x\the-karan-singh-vaidh\the-karan-singh-vaidh\server\node_modules\router\index.js:297:9

[2026-04-15T16:29:51.835Z] 404 - Not Found - /socket.io/?EIO=4&transport=websocket
Error: Not Found - /socket.io/?EIO=4&transport=websocket
    at notFound (C:\react project\x\the-karan-singh-vaidh\the-karan-singh-vaidh\server\middleware\errorMiddleware.js:2:19)
    at Layer.handleRequest (C:\react project\x\the-karan-singh-vaidh\the-karan-singh-vaidh\server\node_modules\router\lib\layer.js:152:17)
    at trimPrefix (C:\react project\x\the-karan-singh-vaidh\the-karan-singh-vaidh\server\node_modules\router\index.js:342:13)
    at C:\react project\x\the-karan-singh-vaidh\the-karan-singh-vaidh\server\node_modules\router\index.js:297:9
    at processParams (C:\react project\x\the-karan-singh-vaidh\the-karan-singh-vaidh\server\node_modules\router\index.js:582:12)
    at next (C:\react project\x\the-karan-singh-vaidh\the-karan-singh-vaidh\server\node_modules\router\index.js:291:5)
    at logger (C:\react project\x\the-karan-singh-vaidh\the-karan-singh-vaidh\server\node_modules\morgan\index.js:144:5)
    at Layer.handleRequest (C:\react project\x\the-karan-singh-vaidh\the-karan-singh-vaidh\server\node_modules\router\lib\layer.js:152:17)
    at trimPrefix (C:\react project\x\the-karan-singh-vaidh\the-karan-singh-vaidh\server\node_modules\router\index.js:342:13)
    at C:\react project\x\the-karan-singh-vaidh\the-karan-singh-vaidh\server\node_modules\router\index.js:297:9

[2026-04-15T16:29:58.170Z] 404 - Not Found - /socket.io/?EIO=4&transport=websocket
Error: Not Found - /socket.io/?EIO=4&transport=websocket
    at notFound (C:\react project\x\the-karan-singh-vaidh\the-karan-singh-vaidh\server\middleware\errorMiddleware.js:2:19)
    at Layer.handleRequest (C:\react project\x\the-karan-singh-vaidh\the-karan-singh-vaidh\server\node_modules\router\lib\layer.js:152:17)
    at trimPrefix (C:\react project\x\the-karan-singh-vaidh\the-karan-singh-vaidh\server\node_modules\router\index.js:342:13)
    at C:\react project\x\the-karan-singh-vaidh\the-karan-singh-vaidh\server\node_modules\router\index.js:297:9
    at processParams (C:\react project\x\the-karan-singh-vaidh\the-karan-singh-vaidh\server\node_modules\router\index.js:582:12)
    at next (C:\react project\x\the-karan-singh-vaidh\the-karan-singh-vaidh\server\node_modules\router\index.js:291:5)
    at logger (C:\react project\x\the-karan-singh-vaidh\the-karan-singh-vaidh\server\node_modules\morgan\index.js:144:5)
    at Layer.handleRequest (C:\react project\x\the-karan-singh-vaidh\the-karan-singh-vaidh\server\node_modules\router\lib\layer.js:152:17)
    at trimPrefix (C:\react project\x\the-karan-singh-vaidh\the-karan-singh-vaidh\server\node_modules\router\index.js:342:13)
    at C:\react project\x\the-karan-singh-vaidh\the-karan-singh-vaidh\server\node_modules\router\index.js:297:9

[2026-04-15T16:30:07.020Z] 404 - Not Found - /socket.io/?EIO=4&transport=websocket
Error: Not Found - /socket.io/?EIO=4&transport=websocket
    at notFound (C:\react project\x\the-karan-singh-vaidh\the-karan-singh-vaidh\server\middleware\errorMiddleware.js:2:19)
    at Layer.handleRequest (C:\react project\x\the-karan-singh-vaidh\the-karan-singh-vaidh\server\node_modules\router\lib\layer.js:152:17)
    at trimPrefix (C:\react project\x\the-karan-singh-vaidh\the-karan-singh-vaidh\server\node_modules\router\index.js:342:13)
    at C:\react project\x\the-karan-singh-vaidh\the-karan-singh-vaidh\server\node_modules\router\index.js:297:9
    at processParams (C:\react project\x\the-karan-singh-vaidh\the-karan-singh-vaidh\server\node_modules\router\index.js:582:12)
    at next (C:\react project\x\the-karan-singh-vaidh\the-karan-singh-vaidh\server\node_modules\router\index.js:291:5)
    at logger (C:\react project\x\the-karan-singh-vaidh\the-karan-singh-vaidh\server\node_modules\morgan\index.js:144:5)
    at Layer.handleRequest (C:\react project\x\the-karan-singh-vaidh\the-karan-singh-vaidh\server\node_modules\router\lib\layer.js:152:17)
    at trimPrefix (C:\react project\x\the-karan-singh-vaidh\the-karan-singh-vaidh\server\node_modules\router\index.js:342:13)
    at C:\react project\x\the-karan-singh-vaidh\the-karan-singh-vaidh\server\node_modules\router\index.js:297:9

[2026-04-15T16:30:13.162Z] 404 - Not Found - /socket.io/?EIO=4&transport=websocket
Error: Not Found - /socket.io/?EIO=4&transport=websocket
    at notFound (C:\react project\x\the-karan-singh-vaidh\the-karan-singh-vaidh\server\middleware\errorMiddleware.js:2:19)
    at Layer.handleRequest (C:\react project\x\the-karan-singh-vaidh\the-karan-singh-vaidh\server\node_modules\router\lib\layer.js:152:17)
    at trimPrefix (C:\react project\x\the-karan-singh-vaidh\the-karan-singh-vaidh\server\node_modules\router\index.js:342:13)
    at C:\react project\x\the-karan-singh-vaidh\the-karan-singh-vaidh\server\node_modules\router\index.js:297:9
    at processParams (C:\react project\x\the-karan-singh-vaidh\the-karan-singh-vaidh\server\node_modules\router\index.js:582:12)
    at next (C:\react project\x\the-karan-singh-vaidh\the-karan-singh-vaidh\server\node_modules\router\index.js:291:5)
    at logger (C:\react project\x\the-karan-singh-vaidh\the-karan-singh-vaidh\server\node_modules\morgan\index.js:144:5)
    at Layer.handleRequest (C:\react project\x\the-karan-singh-vaidh\the-karan-singh-vaidh\server\node_modules\router\lib\layer.js:152:17)
    at trimPrefix (C:\react project\x\the-karan-singh-vaidh\the-karan-singh-vaidh\server\node_modules\router\index.js:342:13)
    at C:\react project\x\the-karan-singh-vaidh\the-karan-singh-vaidh\server\node_modules\router\index.js:297:9

[2026-04-15T16:30:21.823Z] 404 - Not Found - /socket.io/?EIO=4&transport=websocket
Error: Not Found - /socket.io/?EIO=4&transport=websocket
    at notFound (C:\react project\x\the-karan-singh-vaidh\the-karan-singh-vaidh\server\middleware\errorMiddleware.js:2:19)
    at Layer.handleRequest (C:\react project\x\the-karan-singh-vaidh\the-karan-singh-vaidh\server\node_modules\router\lib\layer.js:152:17)
    at trimPrefix (C:\react project\x\the-karan-singh-vaidh\the-karan-singh-vaidh\server\node_modules\router\index.js:342:13)
    at C:\react project\x\the-karan-singh-vaidh\the-karan-singh-vaidh\server\node_modules\router\index.js:297:9
    at processParams (C:\react project\x\the-karan-singh-vaidh\the-karan-singh-vaidh\server\node_modules\router\index.js:582:12)
    at next (C:\react project\x\the-karan-singh-vaidh\the-karan-singh-vaidh\server\node_modules\router\index.js:291:5)
    at logger (C:\react project\x\the-karan-singh-vaidh\the-karan-singh-vaidh\server\node_modules\morgan\index.js:144:5)
    at Layer.handleRequest (C:\react project\x\the-karan-singh-vaidh\the-karan-singh-vaidh\server\node_modules\router\lib\layer.js:152:17)
    at trimPrefix (C:\react project\x\the-karan-singh-vaidh\the-karan-singh-vaidh\server\node_modules\router\index.js:342:13)
    at C:\react project\x\the-karan-singh-vaidh\the-karan-singh-vaidh\server\node_modules\router\index.js:297:9

[2026-04-15T16:30:31.892Z] 404 - Not Found - /socket.io/?EIO=4&transport=websocket
Error: Not Found - /socket.io/?EIO=4&transport=websocket
    at notFound (C:\react project\x\the-karan-singh-vaidh\the-karan-singh-vaidh\server\middleware\errorMiddleware.js:2:19)
    at Layer.handleRequest (C:\react project\x\the-karan-singh-vaidh\the-karan-singh-vaidh\server\node_modules\router\lib\layer.js:152:17)
    at trimPrefix (C:\react project\x\the-karan-singh-vaidh\the-karan-singh-vaidh\server\node_modules\router\index.js:342:13)
    at C:\react project\x\the-karan-singh-vaidh\the-karan-singh-vaidh\server\node_modules\router\index.js:297:9
    at processParams (C:\react project\x\the-karan-singh-vaidh\the-karan-singh-vaidh\server\node_modules\router\index.js:582:12)
    at next (C:\react project\x\the-karan-singh-vaidh\the-karan-singh-vaidh\server\node_modules\router\index.js:291:5)
    at logger (C:\react project\x\the-karan-singh-vaidh\the-karan-singh-vaidh\server\node_modules\morgan\index.js:144:5)
    at Layer.handleRequest (C:\react project\x\the-karan-singh-vaidh\the-karan-singh-vaidh\server\node_modules\router\lib\layer.js:152:17)
    at trimPrefix (C:\react project\x\the-karan-singh-vaidh\the-karan-singh-vaidh\server\node_modules\router\index.js:342:13)
    at C:\react project\x\the-karan-singh-vaidh\the-karan-singh-vaidh\server\node_modules\router\index.js:297:9

[2026-04-15T16:30:39.672Z] 404 - Not Found - /socket.io/?EIO=4&transport=websocket
Error: Not Found - /socket.io/?EIO=4&transport=websocket
    at notFound (C:\react project\x\the-karan-singh-vaidh\the-karan-singh-vaidh\server\middleware\errorMiddleware.js:2:19)
    at Layer.handleRequest (C:\react project\x\the-karan-singh-vaidh\the-karan-singh-vaidh\server\node_modules\router\lib\layer.js:152:17)
    at trimPrefix (C:\react project\x\the-karan-singh-vaidh\the-karan-singh-vaidh\server\node_modules\router\index.js:342:13)
    at C:\react project\x\the-karan-singh-vaidh\the-karan-singh-vaidh\server\node_modules\router\index.js:297:9
    at processParams (C:\react project\x\the-karan-singh-vaidh\the-karan-singh-vaidh\server\node_modules\router\index.js:582:12)
    at next (C:\react project\x\the-karan-singh-vaidh\the-karan-singh-vaidh\server\node_modules\router\index.js:291:5)
    at logger (C:\react project\x\the-karan-singh-vaidh\the-karan-singh-vaidh\server\node_modules\morgan\index.js:144:5)
    at Layer.handleRequest (C:\react project\x\the-karan-singh-vaidh\the-karan-singh-vaidh\server\node_modules\router\lib\layer.js:152:17)
    at trimPrefix (C:\react project\x\the-karan-singh-vaidh\the-karan-singh-vaidh\server\node_modules\router\index.js:342:13)
    at C:\react project\x\the-karan-singh-vaidh\the-karan-singh-vaidh\server\node_modules\router\index.js:297:9

[2026-04-15T16:30:46.459Z] 404 - Not Found - /socket.io/?EIO=4&transport=websocket
Error: Not Found - /socket.io/?EIO=4&transport=websocket
    at notFound (C:\react project\x\the-karan-singh-vaidh\the-karan-singh-vaidh\server\middleware\errorMiddleware.js:2:19)
    at Layer.handleRequest (C:\react project\x\the-karan-singh-vaidh\the-karan-singh-vaidh\server\node_modules\router\lib\layer.js:152:17)
    at trimPrefix (C:\react project\x\the-karan-singh-vaidh\the-karan-singh-vaidh\server\node_modules\router\index.js:342:13)
    at C:\react project\x\the-karan-singh-vaidh\the-karan-singh-vaidh\server\node_modules\router\index.js:297:9
    at processParams (C:\react project\x\the-karan-singh-vaidh\the-karan-singh-vaidh\server\node_modules\router\index.js:582:12)
    at next (C:\react project\x\the-karan-singh-vaidh\the-karan-singh-vaidh\server\node_modules\router\index.js:291:5)
    at logger (C:\react project\x\the-karan-singh-vaidh\the-karan-singh-vaidh\server\node_modules\morgan\index.js:144:5)
    at Layer.handleRequest (C:\react project\x\the-karan-singh-vaidh\the-karan-singh-vaidh\server\node_modules\router\lib\layer.js:152:17)
    at trimPrefix (C:\react project\x\the-karan-singh-vaidh\the-karan-singh-vaidh\server\node_modules\router\index.js:342:13)
    at C:\react project\x\the-karan-singh-vaidh\the-karan-singh-vaidh\server\node_modules\router\index.js:297:9

[2026-04-15T16:30:55.389Z] 404 - Not Found - /socket.io/?EIO=4&transport=websocket
Error: Not Found - /socket.io/?EIO=4&transport=websocket
    at notFound (C:\react project\x\the-karan-singh-vaidh\the-karan-singh-vaidh\server\middleware\errorMiddleware.js:2:19)
    at Layer.handleRequest (C:\react project\x\the-karan-singh-vaidh\the-karan-singh-vaidh\server\node_modules\router\lib\layer.js:152:17)
    at trimPrefix (C:\react project\x\the-karan-singh-vaidh\the-karan-singh-vaidh\server\node_modules\router\index.js:342:13)
    at C:\react project\x\the-karan-singh-vaidh\the-karan-singh-vaidh\server\node_modules\router\index.js:297:9
    at processParams (C:\react project\x\the-karan-singh-vaidh\the-karan-singh-vaidh\server\node_modules\router\index.js:582:12)
    at next (C:\react project\x\the-karan-singh-vaidh\the-karan-singh-vaidh\server\node_modules\router\index.js:291:5)
    at logger (C:\react project\x\the-karan-singh-vaidh\the-karan-singh-vaidh\server\node_modules\morgan\index.js:144:5)
    at Layer.handleRequest (C:\react project\x\the-karan-singh-vaidh\the-karan-singh-vaidh\server\node_modules\router\lib\layer.js:152:17)
    at trimPrefix (C:\react project\x\the-karan-singh-vaidh\the-karan-singh-vaidh\server\node_modules\router\index.js:342:13)
    at C:\react project\x\the-karan-singh-vaidh\the-karan-singh-vaidh\server\node_modules\router\index.js:297:9

[2026-04-15T16:31:03.777Z] 404 - Not Found - /socket.io/?EIO=4&transport=websocket
Error: Not Found - /socket.io/?EIO=4&transport=websocket
    at notFound (C:\react project\x\the-karan-singh-vaidh\the-karan-singh-vaidh\server\middleware\errorMiddleware.js:2:19)
    at Layer.handleRequest (C:\react project\x\the-karan-singh-vaidh\the-karan-singh-vaidh\server\node_modules\router\lib\layer.js:152:17)
    at trimPrefix (C:\react project\x\the-karan-singh-vaidh\the-karan-singh-vaidh\server\node_modules\router\index.js:342:13)
    at C:\react project\x\the-karan-singh-vaidh\the-karan-singh-vaidh\server\node_modules\router\index.js:297:9
    at processParams (C:\react project\x\the-karan-singh-vaidh\the-karan-singh-vaidh\server\node_modules\router\index.js:582:12)
    at next (C:\react project\x\the-karan-singh-vaidh\the-karan-singh-vaidh\server\node_modules\router\index.js:291:5)
    at logger (C:\react project\x\the-karan-singh-vaidh\the-karan-singh-vaidh\server\node_modules\morgan\index.js:144:5)
    at Layer.handleRequest (C:\react project\x\the-karan-singh-vaidh\the-karan-singh-vaidh\server\node_modules\router\lib\layer.js:152:17)
    at trimPrefix (C:\react project\x\the-karan-singh-vaidh\the-karan-singh-vaidh\server\node_modules\router\index.js:342:13)
    at C:\react project\x\the-karan-singh-vaidh\the-karan-singh-vaidh\server\node_modules\router\index.js:297:9

[2026-04-15T16:31:11.459Z] 404 - Not Found - /socket.io/?EIO=4&transport=websocket
Error: Not Found - /socket.io/?EIO=4&transport=websocket
    at notFound (C:\react project\x\the-karan-singh-vaidh\the-karan-singh-vaidh\server\middleware\errorMiddleware.js:2:19)
    at Layer.handleRequest (C:\react project\x\the-karan-singh-vaidh\the-karan-singh-vaidh\server\node_modules\router\lib\layer.js:152:17)
    at trimPrefix (C:\react project\x\the-karan-singh-vaidh\the-karan-singh-vaidh\server\node_modules\router\index.js:342:13)
    at C:\react project\x\the-karan-singh-vaidh\the-karan-singh-vaidh\server\node_modules\router\index.js:297:9
    at processParams (C:\react project\x\the-karan-singh-vaidh\the-karan-singh-vaidh\server\node_modules\router\index.js:582:12)
    at next (C:\react project\x\the-karan-singh-vaidh\the-karan-singh-vaidh\server\node_modules\router\index.js:291:5)
    at logger (C:\react project\x\the-karan-singh-vaidh\the-karan-singh-vaidh\server\node_modules\morgan\index.js:144:5)
    at Layer.handleRequest (C:\react project\x\the-karan-singh-vaidh\the-karan-singh-vaidh\server\node_modules\router\lib\layer.js:152:17)
    at trimPrefix (C:\react project\x\the-karan-singh-vaidh\the-karan-singh-vaidh\server\node_modules\router\index.js:342:13)
    at C:\react project\x\the-karan-singh-vaidh\the-karan-singh-vaidh\server\node_modules\router\index.js:297:9

[2026-04-15T16:31:19.819Z] 404 - Not Found - /socket.io/?EIO=4&transport=websocket
Error: Not Found - /socket.io/?EIO=4&transport=websocket
    at notFound (C:\react project\x\the-karan-singh-vaidh\the-karan-singh-vaidh\server\middleware\errorMiddleware.js:2:19)
    at Layer.handleRequest (C:\react project\x\the-karan-singh-vaidh\the-karan-singh-vaidh\server\node_modules\router\lib\layer.js:152:17)
    at trimPrefix (C:\react project\x\the-karan-singh-vaidh\the-karan-singh-vaidh\server\node_modules\router\index.js:342:13)
    at C:\react project\x\the-karan-singh-vaidh\the-karan-singh-vaidh\server\node_modules\router\index.js:297:9
    at processParams (C:\react project\x\the-karan-singh-vaidh\the-karan-singh-vaidh\server\node_modules\router\index.js:582:12)
    at next (C:\react project\x\the-karan-singh-vaidh\the-karan-singh-vaidh\server\node_modules\router\index.js:291:5)
    at logger (C:\react project\x\the-karan-singh-vaidh\the-karan-singh-vaidh\server\node_modules\morgan\index.js:144:5)
    at Layer.handleRequest (C:\react project\x\the-karan-singh-vaidh\the-karan-singh-vaidh\server\node_modules\router\lib\layer.js:152:17)
    at trimPrefix (C:\react project\x\the-karan-singh-vaidh\the-karan-singh-vaidh\server\node_modules\router\index.js:342:13)
    at C:\react project\x\the-karan-singh-vaidh\the-karan-singh-vaidh\server\node_modules\router\index.js:297:9

[2026-04-15T16:31:26.282Z] 404 - Not Found - /socket.io/?EIO=4&transport=websocket
Error: Not Found - /socket.io/?EIO=4&transport=websocket
    at notFound (C:\react project\x\the-karan-singh-vaidh\the-karan-singh-vaidh\server\middleware\errorMiddleware.js:2:19)
    at Layer.handleRequest (C:\react project\x\the-karan-singh-vaidh\the-karan-singh-vaidh\server\node_modules\router\lib\layer.js:152:17)
    at trimPrefix (C:\react project\x\the-karan-singh-vaidh\the-karan-singh-vaidh\server\node_modules\router\index.js:342:13)
    at C:\react project\x\the-karan-singh-vaidh\the-karan-singh-vaidh\server\node_modules\router\index.js:297:9
    at processParams (C:\react project\x\the-karan-singh-vaidh\the-karan-singh-vaidh\server\node_modules\router\index.js:582:12)
    at next (C:\react project\x\the-karan-singh-vaidh\the-karan-singh-vaidh\server\node_modules\router\index.js:291:5)
    at logger (C:\react project\x\the-karan-singh-vaidh\the-karan-singh-vaidh\server\node_modules\morgan\index.js:144:5)
    at Layer.handleRequest (C:\react project\x\the-karan-singh-vaidh\the-karan-singh-vaidh\server\node_modules\router\lib\layer.js:152:17)
    at trimPrefix (C:\react project\x\the-karan-singh-vaidh\the-karan-singh-vaidh\server\node_modules\router\index.js:342:13)
    at C:\react project\x\the-karan-singh-vaidh\the-karan-singh-vaidh\server\node_modules\router\index.js:297:9

[2026-04-15T16:31:33.239Z] 404 - Not Found - /socket.io/?EIO=4&transport=websocket
Error: Not Found - /socket.io/?EIO=4&transport=websocket
    at notFound (C:\react project\x\the-karan-singh-vaidh\the-karan-singh-vaidh\server\middleware\errorMiddleware.js:2:19)
    at Layer.handleRequest (C:\react project\x\the-karan-singh-vaidh\the-karan-singh-vaidh\server\node_modules\router\lib\layer.js:152:17)
    at trimPrefix (C:\react project\x\the-karan-singh-vaidh\the-karan-singh-vaidh\server\node_modules\router\index.js:342:13)
    at C:\react project\x\the-karan-singh-vaidh\the-karan-singh-vaidh\server\node_modules\router\index.js:297:9
    at processParams (C:\react project\x\the-karan-singh-vaidh\the-karan-singh-vaidh\server\node_modules\router\index.js:582:12)
    at next (C:\react project\x\the-karan-singh-vaidh\the-karan-singh-vaidh\server\node_modules\router\index.js:291:5)
    at logger (C:\react project\x\the-karan-singh-vaidh\the-karan-singh-vaidh\server\node_modules\morgan\index.js:144:5)
    at Layer.handleRequest (C:\react project\x\the-karan-singh-vaidh\the-karan-singh-vaidh\server\node_modules\router\lib\layer.js:152:17)
    at trimPrefix (C:\react project\x\the-karan-singh-vaidh\the-karan-singh-vaidh\server\node_modules\router\index.js:342:13)
    at C:\react project\x\the-karan-singh-vaidh\the-karan-singh-vaidh\server\node_modules\router\index.js:297:9

[2026-04-15T16:31:43.753Z] 404 - Not Found - /socket.io/?EIO=4&transport=websocket
Error: Not Found - /socket.io/?EIO=4&transport=websocket
    at notFound (C:\react project\x\the-karan-singh-vaidh\the-karan-singh-vaidh\server\middleware\errorMiddleware.js:2:19)
    at Layer.handleRequest (C:\react project\x\the-karan-singh-vaidh\the-karan-singh-vaidh\server\node_modules\router\lib\layer.js:152:17)
    at trimPrefix (C:\react project\x\the-karan-singh-vaidh\the-karan-singh-vaidh\server\node_modules\router\index.js:342:13)
    at C:\react project\x\the-karan-singh-vaidh\the-karan-singh-vaidh\server\node_modules\router\index.js:297:9
    at processParams (C:\react project\x\the-karan-singh-vaidh\the-karan-singh-vaidh\server\node_modules\router\index.js:582:12)
    at next (C:\react project\x\the-karan-singh-vaidh\the-karan-singh-vaidh\server\node_modules\router\index.js:291:5)
    at logger (C:\react project\x\the-karan-singh-vaidh\the-karan-singh-vaidh\server\node_modules\morgan\index.js:144:5)
    at Layer.handleRequest (C:\react project\x\the-karan-singh-vaidh\the-karan-singh-vaidh\server\node_modules\router\lib\layer.js:152:17)
    at trimPrefix (C:\react project\x\the-karan-singh-vaidh\the-karan-singh-vaidh\server\node_modules\router\index.js:342:13)
    at C:\react project\x\the-karan-singh-vaidh\the-karan-singh-vaidh\server\node_modules\router\index.js:297:9

[2026-04-15T16:31:50.178Z] 404 - Not Found - /socket.io/?EIO=4&transport=websocket
Error: Not Found - /socket.io/?EIO=4&transport=websocket
    at notFound (C:\react project\x\the-karan-singh-vaidh\the-karan-singh-vaidh\server\middleware\errorMiddleware.js:2:19)
    at Layer.handleRequest (C:\react project\x\the-karan-singh-vaidh\the-karan-singh-vaidh\server\node_modules\router\lib\layer.js:152:17)
    at trimPrefix (C:\react project\x\the-karan-singh-vaidh\the-karan-singh-vaidh\server\node_modules\router\index.js:342:13)
    at C:\react project\x\the-karan-singh-vaidh\the-karan-singh-vaidh\server\node_modules\router\index.js:297:9
    at processParams (C:\react project\x\the-karan-singh-vaidh\the-karan-singh-vaidh\server\node_modules\router\index.js:582:12)
    at next (C:\react project\x\the-karan-singh-vaidh\the-karan-singh-vaidh\server\node_modules\router\index.js:291:5)
    at logger (C:\react project\x\the-karan-singh-vaidh\the-karan-singh-vaidh\server\node_modules\morgan\index.js:144:5)
    at Layer.handleRequest (C:\react project\x\the-karan-singh-vaidh\the-karan-singh-vaidh\server\node_modules\router\lib\layer.js:152:17)
    at trimPrefix (C:\react project\x\the-karan-singh-vaidh\the-karan-singh-vaidh\server\node_modules\router\index.js:342:13)
    at C:\react project\x\the-karan-singh-vaidh\the-karan-singh-vaidh\server\node_modules\router\index.js:297:9

[2026-04-15T16:31:58.644Z] 404 - Not Found - /socket.io/?EIO=4&transport=websocket
Error: Not Found - /socket.io/?EIO=4&transport=websocket
    at notFound (C:\react project\x\the-karan-singh-vaidh\the-karan-singh-vaidh\server\middleware\errorMiddleware.js:2:19)
    at Layer.handleRequest (C:\react project\x\the-karan-singh-vaidh\the-karan-singh-vaidh\server\node_modules\router\lib\layer.js:152:17)
    at trimPrefix (C:\react project\x\the-karan-singh-vaidh\the-karan-singh-vaidh\server\node_modules\router\index.js:342:13)
    at C:\react project\x\the-karan-singh-vaidh\the-karan-singh-vaidh\server\node_modules\router\index.js:297:9
    at processParams (C:\react project\x\the-karan-singh-vaidh\the-karan-singh-vaidh\server\node_modules\router\index.js:582:12)
    at next (C:\react project\x\the-karan-singh-vaidh\the-karan-singh-vaidh\server\node_modules\router\index.js:291:5)
    at logger (C:\react project\x\the-karan-singh-vaidh\the-karan-singh-vaidh\server\node_modules\morgan\index.js:144:5)
    at Layer.handleRequest (C:\react project\x\the-karan-singh-vaidh\the-karan-singh-vaidh\server\node_modules\router\lib\layer.js:152:17)
    at trimPrefix (C:\react project\x\the-karan-singh-vaidh\the-karan-singh-vaidh\server\node_modules\router\index.js:342:13)
    at C:\react project\x\the-karan-singh-vaidh\the-karan-singh-vaidh\server\node_modules\router\index.js:297:9

[2026-04-15T16:32:08.953Z] 404 - Not Found - /socket.io/?EIO=4&transport=websocket
Error: Not Found - /socket.io/?EIO=4&transport=websocket
    at notFound (C:\react project\x\the-karan-singh-vaidh\the-karan-singh-vaidh\server\middleware\errorMiddleware.js:2:19)
    at Layer.handleRequest (C:\react project\x\the-karan-singh-vaidh\the-karan-singh-vaidh\server\node_modules\router\lib\layer.js:152:17)
    at trimPrefix (C:\react project\x\the-karan-singh-vaidh\the-karan-singh-vaidh\server\node_modules\router\index.js:342:13)
    at C:\react project\x\the-karan-singh-vaidh\the-karan-singh-vaidh\server\node_modules\router\index.js:297:9
    at processParams (C:\react project\x\the-karan-singh-vaidh\the-karan-singh-vaidh\server\node_modules\router\index.js:582:12)
    at next (C:\react project\x\the-karan-singh-vaidh\the-karan-singh-vaidh\server\node_modules\router\index.js:291:5)
    at logger (C:\react project\x\the-karan-singh-vaidh\the-karan-singh-vaidh\server\node_modules\morgan\index.js:144:5)
    at Layer.handleRequest (C:\react project\x\the-karan-singh-vaidh\the-karan-singh-vaidh\server\node_modules\router\lib\layer.js:152:17)
    at trimPrefix (C:\react project\x\the-karan-singh-vaidh\the-karan-singh-vaidh\server\node_modules\router\index.js:342:13)
    at C:\react project\x\the-karan-singh-vaidh\the-karan-singh-vaidh\server\node_modules\router\index.js:297:9

[2026-04-15T16:32:14.166Z] 404 - Not Found - /socket.io/?EIO=4&transport=websocket
Error: Not Found - /socket.io/?EIO=4&transport=websocket
    at notFound (C:\react project\x\the-karan-singh-vaidh\the-karan-singh-vaidh\server\middleware\errorMiddleware.js:2:19)
    at Layer.handleRequest (C:\react project\x\the-karan-singh-vaidh\the-karan-singh-vaidh\server\node_modules\router\lib\layer.js:152:17)
    at trimPrefix (C:\react project\x\the-karan-singh-vaidh\the-karan-singh-vaidh\server\node_modules\router\index.js:342:13)
    at C:\react project\x\the-karan-singh-vaidh\the-karan-singh-vaidh\server\node_modules\router\index.js:297:9
    at processParams (C:\react project\x\the-karan-singh-vaidh\the-karan-singh-vaidh\server\node_modules\router\index.js:582:12)
    at next (C:\react project\x\the-karan-singh-vaidh\the-karan-singh-vaidh\server\node_modules\router\index.js:291:5)
    at logger (C:\react project\x\the-karan-singh-vaidh\the-karan-singh-vaidh\server\node_modules\morgan\index.js:144:5)
    at Layer.handleRequest (C:\react project\x\the-karan-singh-vaidh\the-karan-singh-vaidh\server\node_modules\router\lib\layer.js:152:17)
    at trimPrefix (C:\react project\x\the-karan-singh-vaidh\the-karan-singh-vaidh\server\node_modules\router\index.js:342:13)
    at C:\react project\x\the-karan-singh-vaidh\the-karan-singh-vaidh\server\node_modules\router\index.js:297:9

[2026-04-15T16:32:20.168Z] 404 - Not Found - /socket.io/?EIO=4&transport=websocket
Error: Not Found - /socket.io/?EIO=4&transport=websocket
    at notFound (C:\react project\x\the-karan-singh-vaidh\the-karan-singh-vaidh\server\middleware\errorMiddleware.js:2:19)
    at Layer.handleRequest (C:\react project\x\the-karan-singh-vaidh\the-karan-singh-vaidh\server\node_modules\router\lib\layer.js:152:17)
    at trimPrefix (C:\react project\x\the-karan-singh-vaidh\the-karan-singh-vaidh\server\node_modules\router\index.js:342:13)
    at C:\react project\x\the-karan-singh-vaidh\the-karan-singh-vaidh\server\node_modules\router\index.js:297:9
    at processParams (C:\react project\x\the-karan-singh-vaidh\the-karan-singh-vaidh\server\node_modules\router\index.js:582:12)
    at next (C:\react project\x\the-karan-singh-vaidh\the-karan-singh-vaidh\server\node_modules\router\index.js:291:5)
    at logger (C:\react project\x\the-karan-singh-vaidh\the-karan-singh-vaidh\server\node_modules\morgan\index.js:144:5)
    at Layer.handleRequest (C:\react project\x\the-karan-singh-vaidh\the-karan-singh-vaidh\server\node_modules\router\lib\layer.js:152:17)
    at trimPrefix (C:\react project\x\the-karan-singh-vaidh\the-karan-singh-vaidh\server\node_modules\router\index.js:342:13)
    at C:\react project\x\the-karan-singh-vaidh\the-karan-singh-vaidh\server\node_modules\router\index.js:297:9

[2026-04-15T16:32:26.161Z] 404 - Not Found - /socket.io/?EIO=4&transport=websocket
Error: Not Found - /socket.io/?EIO=4&transport=websocket
    at notFound (C:\react project\x\the-karan-singh-vaidh\the-karan-singh-vaidh\server\middleware\errorMiddleware.js:2:19)
    at Layer.handleRequest (C:\react project\x\the-karan-singh-vaidh\the-karan-singh-vaidh\server\node_modules\router\lib\layer.js:152:17)
    at trimPrefix (C:\react project\x\the-karan-singh-vaidh\the-karan-singh-vaidh\server\node_modules\router\index.js:342:13)
    at C:\react project\x\the-karan-singh-vaidh\the-karan-singh-vaidh\server\node_modules\router\index.js:297:9
    at processParams (C:\react project\x\the-karan-singh-vaidh\the-karan-singh-vaidh\server\node_modules\router\index.js:582:12)
    at next (C:\react project\x\the-karan-singh-vaidh\the-karan-singh-vaidh\server\node_modules\router\index.js:291:5)
    at logger (C:\react project\x\the-karan-singh-vaidh\the-karan-singh-vaidh\server\node_modules\morgan\index.js:144:5)
    at Layer.handleRequest (C:\react project\x\the-karan-singh-vaidh\the-karan-singh-vaidh\server\node_modules\router\lib\layer.js:152:17)
    at trimPrefix (C:\react project\x\the-karan-singh-vaidh\the-karan-singh-vaidh\server\node_modules\router\index.js:342:13)
    at C:\react project\x\the-karan-singh-vaidh\the-karan-singh-vaidh\server\node_modules\router\index.js:297:9

[2026-04-15T16:32:32.162Z] 404 - Not Found - /socket.io/?EIO=4&transport=websocket
Error: Not Found - /socket.io/?EIO=4&transport=websocket
    at notFound (C:\react project\x\the-karan-singh-vaidh\the-karan-singh-vaidh\server\middleware\errorMiddleware.js:2:19)
    at Layer.handleRequest (C:\react project\x\the-karan-singh-vaidh\the-karan-singh-vaidh\server\node_modules\router\lib\layer.js:152:17)
    at trimPrefix (C:\react project\x\the-karan-singh-vaidh\the-karan-singh-vaidh\server\node_modules\router\index.js:342:13)
    at C:\react project\x\the-karan-singh-vaidh\the-karan-singh-vaidh\server\node_modules\router\index.js:297:9
    at processParams (C:\react project\x\the-karan-singh-vaidh\the-karan-singh-vaidh\server\node_modules\router\index.js:582:12)
    at next (C:\react project\x\the-karan-singh-vaidh\the-karan-singh-vaidh\server\node_modules\router\index.js:291:5)
    at logger (C:\react project\x\the-karan-singh-vaidh\the-karan-singh-vaidh\server\node_modules\morgan\index.js:144:5)
    at Layer.handleRequest (C:\react project\x\the-karan-singh-vaidh\the-karan-singh-vaidh\server\node_modules\router\lib\layer.js:152:17)
    at trimPrefix (C:\react project\x\the-karan-singh-vaidh\the-karan-singh-vaidh\server\node_modules\router\index.js:342:13)
    at C:\react project\x\the-karan-singh-vaidh\the-karan-singh-vaidh\server\node_modules\router\index.js:297:9

[2026-04-15T16:32:38.169Z] 404 - Not Found - /socket.io/?EIO=4&transport=websocket
Error: Not Found - /socket.io/?EIO=4&transport=websocket
    at notFound (C:\react project\x\the-karan-singh-vaidh\the-karan-singh-vaidh\server\middleware\errorMiddleware.js:2:19)
    at Layer.handleRequest (C:\react project\x\the-karan-singh-vaidh\the-karan-singh-vaidh\server\node_modules\router\lib\layer.js:152:17)
    at trimPrefix (C:\react project\x\the-karan-singh-vaidh\the-karan-singh-vaidh\server\node_modules\router\index.js:342:13)
    at C:\react project\x\the-karan-singh-vaidh\the-karan-singh-vaidh\server\node_modules\router\index.js:297:9
    at processParams (C:\react project\x\the-karan-singh-vaidh\the-karan-singh-vaidh\server\node_modules\router\index.js:582:12)
    at next (C:\react project\x\the-karan-singh-vaidh\the-karan-singh-vaidh\server\node_modules\router\index.js:291:5)
    at logger (C:\react project\x\the-karan-singh-vaidh\the-karan-singh-vaidh\server\node_modules\morgan\index.js:144:5)
    at Layer.handleRequest (C:\react project\x\the-karan-singh-vaidh\the-karan-singh-vaidh\server\node_modules\router\lib\layer.js:152:17)
    at trimPrefix (C:\react project\x\the-karan-singh-vaidh\the-karan-singh-vaidh\server\node_modules\router\index.js:342:13)
    at C:\react project\x\the-karan-singh-vaidh\the-karan-singh-vaidh\server\node_modules\router\index.js:297:9

[2026-04-15T16:32:44.177Z] 404 - Not Found - /socket.io/?EIO=4&transport=websocket
Error: Not Found - /socket.io/?EIO=4&transport=websocket
    at notFound (C:\react project\x\the-karan-singh-vaidh\the-karan-singh-vaidh\server\middleware\errorMiddleware.js:2:19)
    at Layer.handleRequest (C:\react project\x\the-karan-singh-vaidh\the-karan-singh-vaidh\server\node_modules\router\lib\layer.js:152:17)
    at trimPrefix (C:\react project\x\the-karan-singh-vaidh\the-karan-singh-vaidh\server\node_modules\router\index.js:342:13)
    at C:\react project\x\the-karan-singh-vaidh\the-karan-singh-vaidh\server\node_modules\router\index.js:297:9
    at processParams (C:\react project\x\the-karan-singh-vaidh\the-karan-singh-vaidh\server\node_modules\router\index.js:582:12)
    at next (C:\react project\x\the-karan-singh-vaidh\the-karan-singh-vaidh\server\node_modules\router\index.js:291:5)
    at logger (C:\react project\x\the-karan-singh-vaidh\the-karan-singh-vaidh\server\node_modules\morgan\index.js:144:5)
    at Layer.handleRequest (C:\react project\x\the-karan-singh-vaidh\the-karan-singh-vaidh\server\node_modules\router\lib\layer.js:152:17)
    at trimPrefix (C:\react project\x\the-karan-singh-vaidh\the-karan-singh-vaidh\server\node_modules\router\index.js:342:13)
    at C:\react project\x\the-karan-singh-vaidh\the-karan-singh-vaidh\server\node_modules\router\index.js:297:9

[2026-04-15T16:32:50.182Z] 404 - Not Found - /socket.io/?EIO=4&transport=websocket
Error: Not Found - /socket.io/?EIO=4&transport=websocket
    at notFound (C:\react project\x\the-karan-singh-vaidh\the-karan-singh-vaidh\server\middleware\errorMiddleware.js:2:19)
    at Layer.handleRequest (C:\react project\x\the-karan-singh-vaidh\the-karan-singh-vaidh\server\node_modules\router\lib\layer.js:152:17)
    at trimPrefix (C:\react project\x\the-karan-singh-vaidh\the-karan-singh-vaidh\server\node_modules\router\index.js:342:13)
    at C:\react project\x\the-karan-singh-vaidh\the-karan-singh-vaidh\server\node_modules\router\index.js:297:9
    at processParams (C:\react project\x\the-karan-singh-vaidh\the-karan-singh-vaidh\server\node_modules\router\index.js:582:12)
    at next (C:\react project\x\the-karan-singh-vaidh\the-karan-singh-vaidh\server\node_modules\router\index.js:291:5)
    at logger (C:\react project\x\the-karan-singh-vaidh\the-karan-singh-vaidh\server\node_modules\morgan\index.js:144:5)
    at Layer.handleRequest (C:\react project\x\the-karan-singh-vaidh\the-karan-singh-vaidh\server\node_modules\router\lib\layer.js:152:17)
    at trimPrefix (C:\react project\x\the-karan-singh-vaidh\the-karan-singh-vaidh\server\node_modules\router\index.js:342:13)
    at C:\react project\x\the-karan-singh-vaidh\the-karan-singh-vaidh\server\node_modules\router\index.js:297:9

[2026-04-15T16:32:56.168Z] 404 - Not Found - /socket.io/?EIO=4&transport=websocket
Error: Not Found - /socket.io/?EIO=4&transport=websocket
    at notFound (C:\react project\x\the-karan-singh-vaidh\the-karan-singh-vaidh\server\middleware\errorMiddleware.js:2:19)
    at Layer.handleRequest (C:\react project\x\the-karan-singh-vaidh\the-karan-singh-vaidh\server\node_modules\router\lib\layer.js:152:17)
    at trimPrefix (C:\react project\x\the-karan-singh-vaidh\the-karan-singh-vaidh\server\node_modules\router\index.js:342:13)
    at C:\react project\x\the-karan-singh-vaidh\the-karan-singh-vaidh\server\node_modules\router\index.js:297:9
    at processParams (C:\react project\x\the-karan-singh-vaidh\the-karan-singh-vaidh\server\node_modules\router\index.js:582:12)
    at next (C:\react project\x\the-karan-singh-vaidh\the-karan-singh-vaidh\server\node_modules\router\index.js:291:5)
    at logger (C:\react project\x\the-karan-singh-vaidh\the-karan-singh-vaidh\server\node_modules\morgan\index.js:144:5)
    at Layer.handleRequest (C:\react project\x\the-karan-singh-vaidh\the-karan-singh-vaidh\server\node_modules\router\lib\layer.js:152:17)
    at trimPrefix (C:\react project\x\the-karan-singh-vaidh\the-karan-singh-vaidh\server\node_modules\router\index.js:342:13)
    at C:\react project\x\the-karan-singh-vaidh\the-karan-singh-vaidh\server\node_modules\router\index.js:297:9

[2026-04-15T16:33:02.181Z] 404 - Not Found - /socket.io/?EIO=4&transport=websocket
Error: Not Found - /socket.io/?EIO=4&transport=websocket
    at notFound (C:\react project\x\the-karan-singh-vaidh\the-karan-singh-vaidh\server\middleware\errorMiddleware.js:2:19)
    at Layer.handleRequest (C:\react project\x\the-karan-singh-vaidh\the-karan-singh-vaidh\server\node_modules\router\lib\layer.js:152:17)
    at trimPrefix (C:\react project\x\the-karan-singh-vaidh\the-karan-singh-vaidh\server\node_modules\router\index.js:342:13)
    at C:\react project\x\the-karan-singh-vaidh\the-karan-singh-vaidh\server\node_modules\router\index.js:297:9
    at processParams (C:\react project\x\the-karan-singh-vaidh\the-karan-singh-vaidh\server\node_modules\router\index.js:582:12)
    at next (C:\react project\x\the-karan-singh-vaidh\the-karan-singh-vaidh\server\node_modules\router\index.js:291:5)
    at logger (C:\react project\x\the-karan-singh-vaidh\the-karan-singh-vaidh\server\node_modules\morgan\index.js:144:5)
    at Layer.handleRequest (C:\react project\x\the-karan-singh-vaidh\the-karan-singh-vaidh\server\node_modules\router\lib\layer.js:152:17)
    at trimPrefix (C:\react project\x\the-karan-singh-vaidh\the-karan-singh-vaidh\server\node_modules\router\index.js:342:13)
    at C:\react project\x\the-karan-singh-vaidh\the-karan-singh-vaidh\server\node_modules\router\index.js:297:9

[2026-04-15T16:33:08.194Z] 404 - Not Found - /socket.io/?EIO=4&transport=websocket
Error: Not Found - /socket.io/?EIO=4&transport=websocket
    at notFound (C:\react project\x\the-karan-singh-vaidh\the-karan-singh-vaidh\server\middleware\errorMiddleware.js:2:19)
    at Layer.handleRequest (C:\react project\x\the-karan-singh-vaidh\the-karan-singh-vaidh\server\node_modules\router\lib\layer.js:152:17)
    at trimPrefix (C:\react project\x\the-karan-singh-vaidh\the-karan-singh-vaidh\server\node_modules\router\index.js:342:13)
    at C:\react project\x\the-karan-singh-vaidh\the-karan-singh-vaidh\server\node_modules\router\index.js:297:9
    at processParams (C:\react project\x\the-karan-singh-vaidh\the-karan-singh-vaidh\server\node_modules\router\index.js:582:12)
    at next (C:\react project\x\the-karan-singh-vaidh\the-karan-singh-vaidh\server\node_modules\router\index.js:291:5)
    at logger (C:\react project\x\the-karan-singh-vaidh\the-karan-singh-vaidh\server\node_modules\morgan\index.js:144:5)
    at Layer.handleRequest (C:\react project\x\the-karan-singh-vaidh\the-karan-singh-vaidh\server\node_modules\router\lib\layer.js:152:17)
    at trimPrefix (C:\react project\x\the-karan-singh-vaidh\the-karan-singh-vaidh\server\node_modules\router\index.js:342:13)
    at C:\react project\x\the-karan-singh-vaidh\the-karan-singh-vaidh\server\node_modules\router\index.js:297:9

[2026-04-15T16:33:14.241Z] 404 - Not Found - /socket.io/?EIO=4&transport=websocket
Error: Not Found - /socket.io/?EIO=4&transport=websocket
    at notFound (C:\react project\x\the-karan-singh-vaidh\the-karan-singh-vaidh\server\middleware\errorMiddleware.js:2:19)
    at Layer.handleRequest (C:\react project\x\the-karan-singh-vaidh\the-karan-singh-vaidh\server\node_modules\router\lib\layer.js:152:17)
    at trimPrefix (C:\react project\x\the-karan-singh-vaidh\the-karan-singh-vaidh\server\node_modules\router\index.js:342:13)
    at C:\react project\x\the-karan-singh-vaidh\the-karan-singh-vaidh\server\node_modules\router\index.js:297:9
    at processParams (C:\react project\x\the-karan-singh-vaidh\the-karan-singh-vaidh\server\node_modules\router\index.js:582:12)
    at next (C:\react project\x\the-karan-singh-vaidh\the-karan-singh-vaidh\server\node_modules\router\index.js:291:5)
    at logger (C:\react project\x\the-karan-singh-vaidh\the-karan-singh-vaidh\server\node_modules\morgan\index.js:144:5)
    at Layer.handleRequest (C:\react project\x\the-karan-singh-vaidh\the-karan-singh-vaidh\server\node_modules\router\lib\layer.js:152:17)
    at trimPrefix (C:\react project\x\the-karan-singh-vaidh\the-karan-singh-vaidh\server\node_modules\router\index.js:342:13)
    at C:\react project\x\the-karan-singh-vaidh\the-karan-singh-vaidh\server\node_modules\router\index.js:297:9

[2026-04-15T16:33:20.241Z] 404 - Not Found - /socket.io/?EIO=4&transport=websocket
Error: Not Found - /socket.io/?EIO=4&transport=websocket
    at notFound (C:\react project\x\the-karan-singh-vaidh\the-karan-singh-vaidh\server\middleware\errorMiddleware.js:2:19)
    at Layer.handleRequest (C:\react project\x\the-karan-singh-vaidh\the-karan-singh-vaidh\server\node_modules\router\lib\layer.js:152:17)
    at trimPrefix (C:\react project\x\the-karan-singh-vaidh\the-karan-singh-vaidh\server\node_modules\router\index.js:342:13)
    at C:\react project\x\the-karan-singh-vaidh\the-karan-singh-vaidh\server\node_modules\router\index.js:297:9
    at processParams (C:\react project\x\the-karan-singh-vaidh\the-karan-singh-vaidh\server\node_modules\router\index.js:582:12)
    at next (C:\react project\x\the-karan-singh-vaidh\the-karan-singh-vaidh\server\node_modules\router\index.js:291:5)
    at logger (C:\react project\x\the-karan-singh-vaidh\the-karan-singh-vaidh\server\node_modules\morgan\index.js:144:5)
    at Layer.handleRequest (C:\react project\x\the-karan-singh-vaidh\the-karan-singh-vaidh\server\node_modules\router\lib\layer.js:152:17)
    at trimPrefix (C:\react project\x\the-karan-singh-vaidh\the-karan-singh-vaidh\server\node_modules\router\index.js:342:13)
    at C:\react project\x\the-karan-singh-vaidh\the-karan-singh-vaidh\server\node_modules\router\index.js:297:9

[2026-04-15T16:33:26.262Z] 404 - Not Found - /socket.io/?EIO=4&transport=websocket
Error: Not Found - /socket.io/?EIO=4&transport=websocket
    at notFound (C:\react project\x\the-karan-singh-vaidh\the-karan-singh-vaidh\server\middleware\errorMiddleware.js:2:19)
    at Layer.handleRequest (C:\react project\x\the-karan-singh-vaidh\the-karan-singh-vaidh\server\node_modules\router\lib\layer.js:152:17)
    at trimPrefix (C:\react project\x\the-karan-singh-vaidh\the-karan-singh-vaidh\server\node_modules\router\index.js:342:13)
    at C:\react project\x\the-karan-singh-vaidh\the-karan-singh-vaidh\server\node_modules\router\index.js:297:9
    at processParams (C:\react project\x\the-karan-singh-vaidh\the-karan-singh-vaidh\server\node_modules\router\index.js:582:12)
    at next (C:\react project\x\the-karan-singh-vaidh\the-karan-singh-vaidh\server\node_modules\router\index.js:291:5)
    at logger (C:\react project\x\the-karan-singh-vaidh\the-karan-singh-vaidh\server\node_modules\morgan\index.js:144:5)
    at Layer.handleRequest (C:\react project\x\the-karan-singh-vaidh\the-karan-singh-vaidh\server\node_modules\router\lib\layer.js:152:17)
    at trimPrefix (C:\react project\x\the-karan-singh-vaidh\the-karan-singh-vaidh\server\node_modules\router\index.js:342:13)
    at C:\react project\x\the-karan-singh-vaidh\the-karan-singh-vaidh\server\node_modules\router\index.js:297:9

[2026-04-15T16:33:32.668Z] 404 - Not Found - /socket.io/?EIO=4&transport=websocket
Error: Not Found - /socket.io/?EIO=4&transport=websocket
    at notFound (C:\react project\x\the-karan-singh-vaidh\the-karan-singh-vaidh\server\middleware\errorMiddleware.js:2:19)
    at Layer.handleRequest (C:\react project\x\the-karan-singh-vaidh\the-karan-singh-vaidh\server\node_modules\router\lib\layer.js:152:17)
    at trimPrefix (C:\react project\x\the-karan-singh-vaidh\the-karan-singh-vaidh\server\node_modules\router\index.js:342:13)
    at C:\react project\x\the-karan-singh-vaidh\the-karan-singh-vaidh\server\node_modules\router\index.js:297:9
    at processParams (C:\react project\x\the-karan-singh-vaidh\the-karan-singh-vaidh\server\node_modules\router\index.js:582:12)
    at next (C:\react project\x\the-karan-singh-vaidh\the-karan-singh-vaidh\server\node_modules\router\index.js:291:5)
    at logger (C:\react project\x\the-karan-singh-vaidh\the-karan-singh-vaidh\server\node_modules\morgan\index.js:144:5)
    at Layer.handleRequest (C:\react project\x\the-karan-singh-vaidh\the-karan-singh-vaidh\server\node_modules\router\lib\layer.js:152:17)
    at trimPrefix (C:\react project\x\the-karan-singh-vaidh\the-karan-singh-vaidh\server\node_modules\router\index.js:342:13)
    at C:\react project\x\the-karan-singh-vaidh\the-karan-singh-vaidh\server\node_modules\router\index.js:297:9

[2026-04-15T16:33:38.725Z] 404 - Not Found - /socket.io/?EIO=4&transport=websocket
Error: Not Found - /socket.io/?EIO=4&transport=websocket
    at notFound (C:\react project\x\the-karan-singh-vaidh\the-karan-singh-vaidh\server\middleware\errorMiddleware.js:2:19)
    at Layer.handleRequest (C:\react project\x\the-karan-singh-vaidh\the-karan-singh-vaidh\server\node_modules\router\lib\layer.js:152:17)
    at trimPrefix (C:\react project\x\the-karan-singh-vaidh\the-karan-singh-vaidh\server\node_modules\router\index.js:342:13)
    at C:\react project\x\the-karan-singh-vaidh\the-karan-singh-vaidh\server\node_modules\router\index.js:297:9
    at processParams (C:\react project\x\the-karan-singh-vaidh\the-karan-singh-vaidh\server\node_modules\router\index.js:582:12)
    at next (C:\react project\x\the-karan-singh-vaidh\the-karan-singh-vaidh\server\node_modules\router\index.js:291:5)
    at logger (C:\react project\x\the-karan-singh-vaidh\the-karan-singh-vaidh\server\node_modules\morgan\index.js:144:5)
    at Layer.handleRequest (C:\react project\x\the-karan-singh-vaidh\the-karan-singh-vaidh\server\node_modules\router\lib\layer.js:152:17)
    at trimPrefix (C:\react project\x\the-karan-singh-vaidh\the-karan-singh-vaidh\server\node_modules\router\index.js:342:13)
    at C:\react project\x\the-karan-singh-vaidh\the-karan-singh-vaidh\server\node_modules\router\index.js:297:9

[2026-04-15T16:33:46.013Z] 404 - Not Found - /socket.io/?EIO=4&transport=websocket
Error: Not Found - /socket.io/?EIO=4&transport=websocket
    at notFound (C:\react project\x\the-karan-singh-vaidh\the-karan-singh-vaidh\server\middleware\errorMiddleware.js:2:19)
    at Layer.handleRequest (C:\react project\x\the-karan-singh-vaidh\the-karan-singh-vaidh\server\node_modules\router\lib\layer.js:152:17)
    at trimPrefix (C:\react project\x\the-karan-singh-vaidh\the-karan-singh-vaidh\server\node_modules\router\index.js:342:13)
    at C:\react project\x\the-karan-singh-vaidh\the-karan-singh-vaidh\server\node_modules\router\index.js:297:9
    at processParams (C:\react project\x\the-karan-singh-vaidh\the-karan-singh-vaidh\server\node_modules\router\index.js:582:12)
    at next (C:\react project\x\the-karan-singh-vaidh\the-karan-singh-vaidh\server\node_modules\router\index.js:291:5)
    at logger (C:\react project\x\the-karan-singh-vaidh\the-karan-singh-vaidh\server\node_modules\morgan\index.js:144:5)
    at Layer.handleRequest (C:\react project\x\the-karan-singh-vaidh\the-karan-singh-vaidh\server\node_modules\router\lib\layer.js:152:17)
    at trimPrefix (C:\react project\x\the-karan-singh-vaidh\the-karan-singh-vaidh\server\node_modules\router\index.js:342:13)
    at C:\react project\x\the-karan-singh-vaidh\the-karan-singh-vaidh\server\node_modules\router\index.js:297:9

[2026-04-15T16:33:55.439Z] 404 - Not Found - /socket.io/?EIO=4&transport=websocket
Error: Not Found - /socket.io/?EIO=4&transport=websocket
    at notFound (C:\react project\x\the-karan-singh-vaidh\the-karan-singh-vaidh\server\middleware\errorMiddleware.js:2:19)
    at Layer.handleRequest (C:\react project\x\the-karan-singh-vaidh\the-karan-singh-vaidh\server\node_modules\router\lib\layer.js:152:17)
    at trimPrefix (C:\react project\x\the-karan-singh-vaidh\the-karan-singh-vaidh\server\node_modules\router\index.js:342:13)
    at C:\react project\x\the-karan-singh-vaidh\the-karan-singh-vaidh\server\node_modules\router\index.js:297:9
    at processParams (C:\react project\x\the-karan-singh-vaidh\the-karan-singh-vaidh\server\node_modules\router\index.js:582:12)
    at next (C:\react project\x\the-karan-singh-vaidh\the-karan-singh-vaidh\server\node_modules\router\index.js:291:5)
    at logger (C:\react project\x\the-karan-singh-vaidh\the-karan-singh-vaidh\server\node_modules\morgan\index.js:144:5)
    at Layer.handleRequest (C:\react project\x\the-karan-singh-vaidh\the-karan-singh-vaidh\server\node_modules\router\lib\layer.js:152:17)
    at trimPrefix (C:\react project\x\the-karan-singh-vaidh\the-karan-singh-vaidh\server\node_modules\router\index.js:342:13)
    at C:\react project\x\the-karan-singh-vaidh\the-karan-singh-vaidh\server\node_modules\router\index.js:297:9

[2026-04-15T16:34:05.501Z] 404 - Not Found - /socket.io/?EIO=4&transport=websocket
Error: Not Found - /socket.io/?EIO=4&transport=websocket
    at notFound (C:\react project\x\the-karan-singh-vaidh\the-karan-singh-vaidh\server\middleware\errorMiddleware.js:2:19)
    at Layer.handleRequest (C:\react project\x\the-karan-singh-vaidh\the-karan-singh-vaidh\server\node_modules\router\lib\layer.js:152:17)
    at trimPrefix (C:\react project\x\the-karan-singh-vaidh\the-karan-singh-vaidh\server\node_modules\router\index.js:342:13)
    at C:\react project\x\the-karan-singh-vaidh\the-karan-singh-vaidh\server\node_modules\router\index.js:297:9
    at processParams (C:\react project\x\the-karan-singh-vaidh\the-karan-singh-vaidh\server\node_modules\router\index.js:582:12)
    at next (C:\react project\x\the-karan-singh-vaidh\the-karan-singh-vaidh\server\node_modules\router\index.js:291:5)
    at logger (C:\react project\x\the-karan-singh-vaidh\the-karan-singh-vaidh\server\node_modules\morgan\index.js:144:5)
    at Layer.handleRequest (C:\react project\x\the-karan-singh-vaidh\the-karan-singh-vaidh\server\node_modules\router\lib\layer.js:152:17)
    at trimPrefix (C:\react project\x\the-karan-singh-vaidh\the-karan-singh-vaidh\server\node_modules\router\index.js:342:13)
    at C:\react project\x\the-karan-singh-vaidh\the-karan-singh-vaidh\server\node_modules\router\index.js:297:9

[2026-04-15T16:34:13.582Z] 404 - Not Found - /socket.io/?EIO=4&transport=websocket
Error: Not Found - /socket.io/?EIO=4&transport=websocket
    at notFound (C:\react project\x\the-karan-singh-vaidh\the-karan-singh-vaidh\server\middleware\errorMiddleware.js:2:19)
    at Layer.handleRequest (C:\react project\x\the-karan-singh-vaidh\the-karan-singh-vaidh\server\node_modules\router\lib\layer.js:152:17)
    at trimPrefix (C:\react project\x\the-karan-singh-vaidh\the-karan-singh-vaidh\server\node_modules\router\index.js:342:13)
    at C:\react project\x\the-karan-singh-vaidh\the-karan-singh-vaidh\server\node_modules\router\index.js:297:9
    at processParams (C:\react project\x\the-karan-singh-vaidh\the-karan-singh-vaidh\server\node_modules\router\index.js:582:12)
    at next (C:\react project\x\the-karan-singh-vaidh\the-karan-singh-vaidh\server\node_modules\router\index.js:291:5)
    at logger (C:\react project\x\the-karan-singh-vaidh\the-karan-singh-vaidh\server\node_modules\morgan\index.js:144:5)
    at Layer.handleRequest (C:\react project\x\the-karan-singh-vaidh\the-karan-singh-vaidh\server\node_modules\router\lib\layer.js:152:17)
    at trimPrefix (C:\react project\x\the-karan-singh-vaidh\the-karan-singh-vaidh\server\node_modules\router\index.js:342:13)
    at C:\react project\x\the-karan-singh-vaidh\the-karan-singh-vaidh\server\node_modules\router\index.js:297:9

[2026-04-15T16:34:19.162Z] 404 - Not Found - /socket.io/?EIO=4&transport=websocket
Error: Not Found - /socket.io/?EIO=4&transport=websocket
    at notFound (C:\react project\x\the-karan-singh-vaidh\the-karan-singh-vaidh\server\middleware\errorMiddleware.js:2:19)
    at Layer.handleRequest (C:\react project\x\the-karan-singh-vaidh\the-karan-singh-vaidh\server\node_modules\router\lib\layer.js:152:17)
    at trimPrefix (C:\react project\x\the-karan-singh-vaidh\the-karan-singh-vaidh\server\node_modules\router\index.js:342:13)
    at C:\react project\x\the-karan-singh-vaidh\the-karan-singh-vaidh\server\node_modules\router\index.js:297:9
    at processParams (C:\react project\x\the-karan-singh-vaidh\the-karan-singh-vaidh\server\node_modules\router\index.js:582:12)
    at next (C:\react project\x\the-karan-singh-vaidh\the-karan-singh-vaidh\server\node_modules\router\index.js:291:5)
    at logger (C:\react project\x\the-karan-singh-vaidh\the-karan-singh-vaidh\server\node_modules\morgan\index.js:144:5)
    at Layer.handleRequest (C:\react project\x\the-karan-singh-vaidh\the-karan-singh-vaidh\server\node_modules\router\lib\layer.js:152:17)
    at trimPrefix (C:\react project\x\the-karan-singh-vaidh\the-karan-singh-vaidh\server\node_modules\router\index.js:342:13)
    at C:\react project\x\the-karan-singh-vaidh\the-karan-singh-vaidh\server\node_modules\router\index.js:297:9

[2026-04-15T16:34:25.179Z] 404 - Not Found - /socket.io/?EIO=4&transport=websocket
Error: Not Found - /socket.io/?EIO=4&transport=websocket
    at notFound (C:\react project\x\the-karan-singh-vaidh\the-karan-singh-vaidh\server\middleware\errorMiddleware.js:2:19)
    at Layer.handleRequest (C:\react project\x\the-karan-singh-vaidh\the-karan-singh-vaidh\server\node_modules\router\lib\layer.js:152:17)
    at trimPrefix (C:\react project\x\the-karan-singh-vaidh\the-karan-singh-vaidh\server\node_modules\router\index.js:342:13)
    at C:\react project\x\the-karan-singh-vaidh\the-karan-singh-vaidh\server\node_modules\router\index.js:297:9
    at processParams (C:\react project\x\the-karan-singh-vaidh\the-karan-singh-vaidh\server\node_modules\router\index.js:582:12)
    at next (C:\react project\x\the-karan-singh-vaidh\the-karan-singh-vaidh\server\node_modules\router\index.js:291:5)
    at logger (C:\react project\x\the-karan-singh-vaidh\the-karan-singh-vaidh\server\node_modules\morgan\index.js:144:5)
    at Layer.handleRequest (C:\react project\x\the-karan-singh-vaidh\the-karan-singh-vaidh\server\node_modules\router\lib\layer.js:152:17)
    at trimPrefix (C:\react project\x\the-karan-singh-vaidh\the-karan-singh-vaidh\server\node_modules\router\index.js:342:13)
    at C:\react project\x\the-karan-singh-vaidh\the-karan-singh-vaidh\server\node_modules\router\index.js:297:9

[2026-04-15T16:34:31.152Z] 404 - Not Found - /socket.io/?EIO=4&transport=websocket
Error: Not Found - /socket.io/?EIO=4&transport=websocket
    at notFound (C:\react project\x\the-karan-singh-vaidh\the-karan-singh-vaidh\server\middleware\errorMiddleware.js:2:19)
    at Layer.handleRequest (C:\react project\x\the-karan-singh-vaidh\the-karan-singh-vaidh\server\node_modules\router\lib\layer.js:152:17)
    at trimPrefix (C:\react project\x\the-karan-singh-vaidh\the-karan-singh-vaidh\server\node_modules\router\index.js:342:13)
    at C:\react project\x\the-karan-singh-vaidh\the-karan-singh-vaidh\server\node_modules\router\index.js:297:9
    at processParams (C:\react project\x\the-karan-singh-vaidh\the-karan-singh-vaidh\server\node_modules\router\index.js:582:12)
    at next (C:\react project\x\the-karan-singh-vaidh\the-karan-singh-vaidh\server\node_modules\router\index.js:291:5)
    at logger (C:\react project\x\the-karan-singh-vaidh\the-karan-singh-vaidh\server\node_modules\morgan\index.js:144:5)
    at Layer.handleRequest (C:\react project\x\the-karan-singh-vaidh\the-karan-singh-vaidh\server\node_modules\router\lib\layer.js:152:17)
    at trimPrefix (C:\react project\x\the-karan-singh-vaidh\the-karan-singh-vaidh\server\node_modules\router\index.js:342:13)
    at C:\react project\x\the-karan-singh-vaidh\the-karan-singh-vaidh\server\node_modules\router\index.js:297:9

[2026-04-15T16:34:37.163Z] 404 - Not Found - /socket.io/?EIO=4&transport=websocket
Error: Not Found - /socket.io/?EIO=4&transport=websocket
    at notFound (C:\react project\x\the-karan-singh-vaidh\the-karan-singh-vaidh\server\middleware\errorMiddleware.js:2:19)
    at Layer.handleRequest (C:\react project\x\the-karan-singh-vaidh\the-karan-singh-vaidh\server\node_modules\router\lib\layer.js:152:17)
    at trimPrefix (C:\react project\x\the-karan-singh-vaidh\the-karan-singh-vaidh\server\node_modules\router\index.js:342:13)
    at C:\react project\x\the-karan-singh-vaidh\the-karan-singh-vaidh\server\node_modules\router\index.js:297:9
    at processParams (C:\react project\x\the-karan-singh-vaidh\the-karan-singh-vaidh\server\node_modules\router\index.js:582:12)
    at next (C:\react project\x\the-karan-singh-vaidh\the-karan-singh-vaidh\server\node_modules\router\index.js:291:5)
    at logger (C:\react project\x\the-karan-singh-vaidh\the-karan-singh-vaidh\server\node_modules\morgan\index.js:144:5)
    at Layer.handleRequest (C:\react project\x\the-karan-singh-vaidh\the-karan-singh-vaidh\server\node_modules\router\lib\layer.js:152:17)
    at trimPrefix (C:\react project\x\the-karan-singh-vaidh\the-karan-singh-vaidh\server\node_modules\router\index.js:342:13)
    at C:\react project\x\the-karan-singh-vaidh\the-karan-singh-vaidh\server\node_modules\router\index.js:297:9

[2026-04-15T16:34:43.164Z] 404 - Not Found - /socket.io/?EIO=4&transport=websocket
Error: Not Found - /socket.io/?EIO=4&transport=websocket
    at notFound (C:\react project\x\the-karan-singh-vaidh\the-karan-singh-vaidh\server\middleware\errorMiddleware.js:2:19)
    at Layer.handleRequest (C:\react project\x\the-karan-singh-vaidh\the-karan-singh-vaidh\server\node_modules\router\lib\layer.js:152:17)
    at trimPrefix (C:\react project\x\the-karan-singh-vaidh\the-karan-singh-vaidh\server\node_modules\router\index.js:342:13)
    at C:\react project\x\the-karan-singh-vaidh\the-karan-singh-vaidh\server\node_modules\router\index.js:297:9
    at processParams (C:\react project\x\the-karan-singh-vaidh\the-karan-singh-vaidh\server\node_modules\router\index.js:582:12)
    at next (C:\react project\x\the-karan-singh-vaidh\the-karan-singh-vaidh\server\node_modules\router\index.js:291:5)
    at logger (C:\react project\x\the-karan-singh-vaidh\the-karan-singh-vaidh\server\node_modules\morgan\index.js:144:5)
    at Layer.handleRequest (C:\react project\x\the-karan-singh-vaidh\the-karan-singh-vaidh\server\node_modules\router\lib\layer.js:152:17)
    at trimPrefix (C:\react project\x\the-karan-singh-vaidh\the-karan-singh-vaidh\server\node_modules\router\index.js:342:13)
    at C:\react project\x\the-karan-singh-vaidh\the-karan-singh-vaidh\server\node_modules\router\index.js:297:9

[2026-04-15T16:34:49.159Z] 404 - Not Found - /socket.io/?EIO=4&transport=websocket
Error: Not Found - /socket.io/?EIO=4&transport=websocket
    at notFound (C:\react project\x\the-karan-singh-vaidh\the-karan-singh-vaidh\server\middleware\errorMiddleware.js:2:19)
    at Layer.handleRequest (C:\react project\x\the-karan-singh-vaidh\the-karan-singh-vaidh\server\node_modules\router\lib\layer.js:152:17)
    at trimPrefix (C:\react project\x\the-karan-singh-vaidh\the-karan-singh-vaidh\server\node_modules\router\index.js:342:13)
    at C:\react project\x\the-karan-singh-vaidh\the-karan-singh-vaidh\server\node_modules\router\index.js:297:9
    at processParams (C:\react project\x\the-karan-singh-vaidh\the-karan-singh-vaidh\server\node_modules\router\index.js:582:12)
    at next (C:\react project\x\the-karan-singh-vaidh\the-karan-singh-vaidh\server\node_modules\router\index.js:291:5)
    at logger (C:\react project\x\the-karan-singh-vaidh\the-karan-singh-vaidh\server\node_modules\morgan\index.js:144:5)
    at Layer.handleRequest (C:\react project\x\the-karan-singh-vaidh\the-karan-singh-vaidh\server\node_modules\router\lib\layer.js:152:17)
    at trimPrefix (C:\react project\x\the-karan-singh-vaidh\the-karan-singh-vaidh\server\node_modules\router\index.js:342:13)
    at C:\react project\x\the-karan-singh-vaidh\the-karan-singh-vaidh\server\node_modules\router\index.js:297:9

[2026-04-15T16:34:55.167Z] 404 - Not Found - /socket.io/?EIO=4&transport=websocket
Error: Not Found - /socket.io/?EIO=4&transport=websocket
    at notFound (C:\react project\x\the-karan-singh-vaidh\the-karan-singh-vaidh\server\middleware\errorMiddleware.js:2:19)
    at Layer.handleRequest (C:\react project\x\the-karan-singh-vaidh\the-karan-singh-vaidh\server\node_modules\router\lib\layer.js:152:17)
    at trimPrefix (C:\react project\x\the-karan-singh-vaidh\the-karan-singh-vaidh\server\node_modules\router\index.js:342:13)
    at C:\react project\x\the-karan-singh-vaidh\the-karan-singh-vaidh\server\node_modules\router\index.js:297:9
    at processParams (C:\react project\x\the-karan-singh-vaidh\the-karan-singh-vaidh\server\node_modules\router\index.js:582:12)
    at next (C:\react project\x\the-karan-singh-vaidh\the-karan-singh-vaidh\server\node_modules\router\index.js:291:5)
    at logger (C:\react project\x\the-karan-singh-vaidh\the-karan-singh-vaidh\server\node_modules\morgan\index.js:144:5)
    at Layer.handleRequest (C:\react project\x\the-karan-singh-vaidh\the-karan-singh-vaidh\server\node_modules\router\lib\layer.js:152:17)
    at trimPrefix (C:\react project\x\the-karan-singh-vaidh\the-karan-singh-vaidh\server\node_modules\router\index.js:342:13)
    at C:\react project\x\the-karan-singh-vaidh\the-karan-singh-vaidh\server\node_modules\router\index.js:297:9

[2026-04-15T16:35:01.177Z] 404 - Not Found - /socket.io/?EIO=4&transport=websocket
Error: Not Found - /socket.io/?EIO=4&transport=websocket
    at notFound (C:\react project\x\the-karan-singh-vaidh\the-karan-singh-vaidh\server\middleware\errorMiddleware.js:2:19)
    at Layer.handleRequest (C:\react project\x\the-karan-singh-vaidh\the-karan-singh-vaidh\server\node_modules\router\lib\layer.js:152:17)
    at trimPrefix (C:\react project\x\the-karan-singh-vaidh\the-karan-singh-vaidh\server\node_modules\router\index.js:342:13)
    at C:\react project\x\the-karan-singh-vaidh\the-karan-singh-vaidh\server\node_modules\router\index.js:297:9
    at processParams (C:\react project\x\the-karan-singh-vaidh\the-karan-singh-vaidh\server\node_modules\router\index.js:582:12)
    at next (C:\react project\x\the-karan-singh-vaidh\the-karan-singh-vaidh\server\node_modules\router\index.js:291:5)
    at logger (C:\react project\x\the-karan-singh-vaidh\the-karan-singh-vaidh\server\node_modules\morgan\index.js:144:5)
    at Layer.handleRequest (C:\react project\x\the-karan-singh-vaidh\the-karan-singh-vaidh\server\node_modules\router\lib\layer.js:152:17)
    at trimPrefix (C:\react project\x\the-karan-singh-vaidh\the-karan-singh-vaidh\server\node_modules\router\index.js:342:13)
    at C:\react project\x\the-karan-singh-vaidh\the-karan-singh-vaidh\server\node_modules\router\index.js:297:9

[2026-04-15T16:35:07.197Z] 404 - Not Found - /socket.io/?EIO=4&transport=websocket
Error: Not Found - /socket.io/?EIO=4&transport=websocket
    at notFound (C:\react project\x\the-karan-singh-vaidh\the-karan-singh-vaidh\server\middleware\errorMiddleware.js:2:19)
    at Layer.handleRequest (C:\react project\x\the-karan-singh-vaidh\the-karan-singh-vaidh\server\node_modules\router\lib\layer.js:152:17)
    at trimPrefix (C:\react project\x\the-karan-singh-vaidh\the-karan-singh-vaidh\server\node_modules\router\index.js:342:13)
    at C:\react project\x\the-karan-singh-vaidh\the-karan-singh-vaidh\server\node_modules\router\index.js:297:9
    at processParams (C:\react project\x\the-karan-singh-vaidh\the-karan-singh-vaidh\server\node_modules\router\index.js:582:12)
    at next (C:\react project\x\the-karan-singh-vaidh\the-karan-singh-vaidh\server\node_modules\router\index.js:291:5)
    at logger (C:\react project\x\the-karan-singh-vaidh\the-karan-singh-vaidh\server\node_modules\morgan\index.js:144:5)
    at Layer.handleRequest (C:\react project\x\the-karan-singh-vaidh\the-karan-singh-vaidh\server\node_modules\router\lib\layer.js:152:17)
    at trimPrefix (C:\react project\x\the-karan-singh-vaidh\the-karan-singh-vaidh\server\node_modules\router\index.js:342:13)
    at C:\react project\x\the-karan-singh-vaidh\the-karan-singh-vaidh\server\node_modules\router\index.js:297:9

[2026-04-15T16:35:13.175Z] 404 - Not Found - /socket.io/?EIO=4&transport=websocket
Error: Not Found - /socket.io/?EIO=4&transport=websocket
    at notFound (C:\react project\x\the-karan-singh-vaidh\the-karan-singh-vaidh\server\middleware\errorMiddleware.js:2:19)
    at Layer.handleRequest (C:\react project\x\the-karan-singh-vaidh\the-karan-singh-vaidh\server\node_modules\router\lib\layer.js:152:17)
    at trimPrefix (C:\react project\x\the-karan-singh-vaidh\the-karan-singh-vaidh\server\node_modules\router\index.js:342:13)
    at C:\react project\x\the-karan-singh-vaidh\the-karan-singh-vaidh\server\node_modules\router\index.js:297:9
    at processParams (C:\react project\x\the-karan-singh-vaidh\the-karan-singh-vaidh\server\node_modules\router\index.js:582:12)
    at next (C:\react project\x\the-karan-singh-vaidh\the-karan-singh-vaidh\server\node_modules\router\index.js:291:5)
    at logger (C:\react project\x\the-karan-singh-vaidh\the-karan-singh-vaidh\server\node_modules\morgan\index.js:144:5)
    at Layer.handleRequest (C:\react project\x\the-karan-singh-vaidh\the-karan-singh-vaidh\server\node_modules\router\lib\layer.js:152:17)
    at trimPrefix (C:\react project\x\the-karan-singh-vaidh\the-karan-singh-vaidh\server\node_modules\router\index.js:342:13)
    at C:\react project\x\the-karan-singh-vaidh\the-karan-singh-vaidh\server\node_modules\router\index.js:297:9

[2026-04-15T16:35:19.189Z] 404 - Not Found - /socket.io/?EIO=4&transport=websocket
Error: Not Found - /socket.io/?EIO=4&transport=websocket
    at notFound (C:\react project\x\the-karan-singh-vaidh\the-karan-singh-vaidh\server\middleware\errorMiddleware.js:2:19)
    at Layer.handleRequest (C:\react project\x\the-karan-singh-vaidh\the-karan-singh-vaidh\server\node_modules\router\lib\layer.js:152:17)
    at trimPrefix (C:\react project\x\the-karan-singh-vaidh\the-karan-singh-vaidh\server\node_modules\router\index.js:342:13)
    at C:\react project\x\the-karan-singh-vaidh\the-karan-singh-vaidh\server\node_modules\router\index.js:297:9
    at processParams (C:\react project\x\the-karan-singh-vaidh\the-karan-singh-vaidh\server\node_modules\router\index.js:582:12)
    at next (C:\react project\x\the-karan-singh-vaidh\the-karan-singh-vaidh\server\node_modules\router\index.js:291:5)
    at logger (C:\react project\x\the-karan-singh-vaidh\the-karan-singh-vaidh\server\node_modules\morgan\index.js:144:5)
    at Layer.handleRequest (C:\react project\x\the-karan-singh-vaidh\the-karan-singh-vaidh\server\node_modules\router\lib\layer.js:152:17)
    at trimPrefix (C:\react project\x\the-karan-singh-vaidh\the-karan-singh-vaidh\server\node_modules\router\index.js:342:13)
    at C:\react project\x\the-karan-singh-vaidh\the-karan-singh-vaidh\server\node_modules\router\index.js:297:9

[2026-04-15T16:35:25.301Z] 404 - Not Found - /socket.io/?EIO=4&transport=websocket
Error: Not Found - /socket.io/?EIO=4&transport=websocket
    at notFound (C:\react project\x\the-karan-singh-vaidh\the-karan-singh-vaidh\server\middleware\errorMiddleware.js:2:19)
    at Layer.handleRequest (C:\react project\x\the-karan-singh-vaidh\the-karan-singh-vaidh\server\node_modules\router\lib\layer.js:152:17)
    at trimPrefix (C:\react project\x\the-karan-singh-vaidh\the-karan-singh-vaidh\server\node_modules\router\index.js:342:13)
    at C:\react project\x\the-karan-singh-vaidh\the-karan-singh-vaidh\server\node_modules\router\index.js:297:9
    at processParams (C:\react project\x\the-karan-singh-vaidh\the-karan-singh-vaidh\server\node_modules\router\index.js:582:12)
    at next (C:\react project\x\the-karan-singh-vaidh\the-karan-singh-vaidh\server\node_modules\router\index.js:291:5)
    at logger (C:\react project\x\the-karan-singh-vaidh\the-karan-singh-vaidh\server\node_modules\morgan\index.js:144:5)
    at Layer.handleRequest (C:\react project\x\the-karan-singh-vaidh\the-karan-singh-vaidh\server\node_modules\router\lib\layer.js:152:17)
    at trimPrefix (C:\react project\x\the-karan-singh-vaidh\the-karan-singh-vaidh\server\node_modules\router\index.js:342:13)
    at C:\react project\x\the-karan-singh-vaidh\the-karan-singh-vaidh\server\node_modules\router\index.js:297:9

[2026-04-15T16:35:31.361Z] 404 - Not Found - /socket.io/?EIO=4&transport=websocket
Error: Not Found - /socket.io/?EIO=4&transport=websocket
    at notFound (C:\react project\x\the-karan-singh-vaidh\the-karan-singh-vaidh\server\middleware\errorMiddleware.js:2:19)
    at Layer.handleRequest (C:\react project\x\the-karan-singh-vaidh\the-karan-singh-vaidh\server\node_modules\router\lib\layer.js:152:17)
    at trimPrefix (C:\react project\x\the-karan-singh-vaidh\the-karan-singh-vaidh\server\node_modules\router\index.js:342:13)
    at C:\react project\x\the-karan-singh-vaidh\the-karan-singh-vaidh\server\node_modules\router\index.js:297:9
    at processParams (C:\react project\x\the-karan-singh-vaidh\the-karan-singh-vaidh\server\node_modules\router\index.js:582:12)
    at next (C:\react project\x\the-karan-singh-vaidh\the-karan-singh-vaidh\server\node_modules\router\index.js:291:5)
    at logger (C:\react project\x\the-karan-singh-vaidh\the-karan-singh-vaidh\server\node_modules\morgan\index.js:144:5)
    at Layer.handleRequest (C:\react project\x\the-karan-singh-vaidh\the-karan-singh-vaidh\server\node_modules\router\lib\layer.js:152:17)
    at trimPrefix (C:\react project\x\the-karan-singh-vaidh\the-karan-singh-vaidh\server\node_modules\router\index.js:342:13)
    at C:\react project\x\the-karan-singh-vaidh\the-karan-singh-vaidh\server\node_modules\router\index.js:297:9

[2026-04-15T16:35:37.590Z] 404 - Not Found - /socket.io/?EIO=4&transport=websocket
Error: Not Found - /socket.io/?EIO=4&transport=websocket
    at notFound (C:\react project\x\the-karan-singh-vaidh\the-karan-singh-vaidh\server\middleware\errorMiddleware.js:2:19)
    at Layer.handleRequest (C:\react project\x\the-karan-singh-vaidh\the-karan-singh-vaidh\server\node_modules\router\lib\layer.js:152:17)
    at trimPrefix (C:\react project\x\the-karan-singh-vaidh\the-karan-singh-vaidh\server\node_modules\router\index.js:342:13)
    at C:\react project\x\the-karan-singh-vaidh\the-karan-singh-vaidh\server\node_modules\router\index.js:297:9
    at processParams (C:\react project\x\the-karan-singh-vaidh\the-karan-singh-vaidh\server\node_modules\router\index.js:582:12)
    at next (C:\react project\x\the-karan-singh-vaidh\the-karan-singh-vaidh\server\node_modules\router\index.js:291:5)
    at logger (C:\react project\x\the-karan-singh-vaidh\the-karan-singh-vaidh\server\node_modules\morgan\index.js:144:5)
    at Layer.handleRequest (C:\react project\x\the-karan-singh-vaidh\the-karan-singh-vaidh\server\node_modules\router\lib\layer.js:152:17)
    at trimPrefix (C:\react project\x\the-karan-singh-vaidh\the-karan-singh-vaidh\server\node_modules\router\index.js:342:13)
    at C:\react project\x\the-karan-singh-vaidh\the-karan-singh-vaidh\server\node_modules\router\index.js:297:9

[2026-04-15T16:35:43.923Z] 404 - Not Found - /socket.io/?EIO=4&transport=websocket
Error: Not Found - /socket.io/?EIO=4&transport=websocket
    at notFound (C:\react project\x\the-karan-singh-vaidh\the-karan-singh-vaidh\server\middleware\errorMiddleware.js:2:19)
    at Layer.handleRequest (C:\react project\x\the-karan-singh-vaidh\the-karan-singh-vaidh\server\node_modules\router\lib\layer.js:152:17)
    at trimPrefix (C:\react project\x\the-karan-singh-vaidh\the-karan-singh-vaidh\server\node_modules\router\index.js:342:13)
    at C:\react project\x\the-karan-singh-vaidh\the-karan-singh-vaidh\server\node_modules\router\index.js:297:9
    at processParams (C:\react project\x\the-karan-singh-vaidh\the-karan-singh-vaidh\server\node_modules\router\index.js:582:12)
    at next (C:\react project\x\the-karan-singh-vaidh\the-karan-singh-vaidh\server\node_modules\router\index.js:291:5)
    at logger (C:\react project\x\the-karan-singh-vaidh\the-karan-singh-vaidh\server\node_modules\morgan\index.js:144:5)
    at Layer.handleRequest (C:\react project\x\the-karan-singh-vaidh\the-karan-singh-vaidh\server\node_modules\router\lib\layer.js:152:17)
    at trimPrefix (C:\react project\x\the-karan-singh-vaidh\the-karan-singh-vaidh\server\node_modules\router\index.js:342:13)
    at C:\react project\x\the-karan-singh-vaidh\the-karan-singh-vaidh\server\node_modules\router\index.js:297:9

[2026-04-15T16:35:51.605Z] 404 - Not Found - /socket.io/?EIO=4&transport=websocket
Error: Not Found - /socket.io/?EIO=4&transport=websocket
    at notFound (C:\react project\x\the-karan-singh-vaidh\the-karan-singh-vaidh\server\middleware\errorMiddleware.js:2:19)
    at Layer.handleRequest (C:\react project\x\the-karan-singh-vaidh\the-karan-singh-vaidh\server\node_modules\router\lib\layer.js:152:17)
    at trimPrefix (C:\react project\x\the-karan-singh-vaidh\the-karan-singh-vaidh\server\node_modules\router\index.js:342:13)
    at C:\react project\x\the-karan-singh-vaidh\the-karan-singh-vaidh\server\node_modules\router\index.js:297:9
    at processParams (C:\react project\x\the-karan-singh-vaidh\the-karan-singh-vaidh\server\node_modules\router\index.js:582:12)
    at next (C:\react project\x\the-karan-singh-vaidh\the-karan-singh-vaidh\server\node_modules\router\index.js:291:5)
    at logger (C:\react project\x\the-karan-singh-vaidh\the-karan-singh-vaidh\server\node_modules\morgan\index.js:144:5)
    at Layer.handleRequest (C:\react project\x\the-karan-singh-vaidh\the-karan-singh-vaidh\server\node_modules\router\lib\layer.js:152:17)
    at trimPrefix (C:\react project\x\the-karan-singh-vaidh\the-karan-singh-vaidh\server\node_modules\router\index.js:342:13)
    at C:\react project\x\the-karan-singh-vaidh\the-karan-singh-vaidh\server\node_modules\router\index.js:297:9

[2026-04-15T16:35:58.234Z] 404 - Not Found - /socket.io/?EIO=4&transport=websocket
Error: Not Found - /socket.io/?EIO=4&transport=websocket
    at notFound (C:\react project\x\the-karan-singh-vaidh\the-karan-singh-vaidh\server\middleware\errorMiddleware.js:2:19)
    at Layer.handleRequest (C:\react project\x\the-karan-singh-vaidh\the-karan-singh-vaidh\server\node_modules\router\lib\layer.js:152:17)
    at trimPrefix (C:\react project\x\the-karan-singh-vaidh\the-karan-singh-vaidh\server\node_modules\router\index.js:342:13)
    at C:\react project\x\the-karan-singh-vaidh\the-karan-singh-vaidh\server\node_modules\router\index.js:297:9
    at processParams (C:\react project\x\the-karan-singh-vaidh\the-karan-singh-vaidh\server\node_modules\router\index.js:582:12)
    at next (C:\react project\x\the-karan-singh-vaidh\the-karan-singh-vaidh\server\node_modules\router\index.js:291:5)
    at logger (C:\react project\x\the-karan-singh-vaidh\the-karan-singh-vaidh\server\node_modules\morgan\index.js:144:5)
    at Layer.handleRequest (C:\react project\x\the-karan-singh-vaidh\the-karan-singh-vaidh\server\node_modules\router\lib\layer.js:152:17)
    at trimPrefix (C:\react project\x\the-karan-singh-vaidh\the-karan-singh-vaidh\server\node_modules\router\index.js:342:13)
    at C:\react project\x\the-karan-singh-vaidh\the-karan-singh-vaidh\server\node_modules\router\index.js:297:9

[2026-04-15T16:36:06.226Z] 404 - Not Found - /socket.io/?EIO=4&transport=websocket
Error: Not Found - /socket.io/?EIO=4&transport=websocket
    at notFound (C:\react project\x\the-karan-singh-vaidh\the-karan-singh-vaidh\server\middleware\errorMiddleware.js:2:19)
    at Layer.handleRequest (C:\react project\x\the-karan-singh-vaidh\the-karan-singh-vaidh\server\node_modules\router\lib\layer.js:152:17)
    at trimPrefix (C:\react project\x\the-karan-singh-vaidh\the-karan-singh-vaidh\server\node_modules\router\index.js:342:13)
    at C:\react project\x\the-karan-singh-vaidh\the-karan-singh-vaidh\server\node_modules\router\index.js:297:9
    at processParams (C:\react project\x\the-karan-singh-vaidh\the-karan-singh-vaidh\server\node_modules\router\index.js:582:12)
    at next (C:\react project\x\the-karan-singh-vaidh\the-karan-singh-vaidh\server\node_modules\router\index.js:291:5)
    at logger (C:\react project\x\the-karan-singh-vaidh\the-karan-singh-vaidh\server\node_modules\morgan\index.js:144:5)
    at Layer.handleRequest (C:\react project\x\the-karan-singh-vaidh\the-karan-singh-vaidh\server\node_modules\router\lib\layer.js:152:17)
    at trimPrefix (C:\react project\x\the-karan-singh-vaidh\the-karan-singh-vaidh\server\node_modules\router\index.js:342:13)
    at C:\react project\x\the-karan-singh-vaidh\the-karan-singh-vaidh\server\node_modules\router\index.js:297:9

[2026-04-15T16:36:16.335Z] 404 - Not Found - /socket.io/?EIO=4&transport=websocket
Error: Not Found - /socket.io/?EIO=4&transport=websocket
    at notFound (C:\react project\x\the-karan-singh-vaidh\the-karan-singh-vaidh\server\middleware\errorMiddleware.js:2:19)
    at Layer.handleRequest (C:\react project\x\the-karan-singh-vaidh\the-karan-singh-vaidh\server\node_modules\router\lib\layer.js:152:17)
    at trimPrefix (C:\react project\x\the-karan-singh-vaidh\the-karan-singh-vaidh\server\node_modules\router\index.js:342:13)
    at C:\react project\x\the-karan-singh-vaidh\the-karan-singh-vaidh\server\node_modules\router\index.js:297:9
    at processParams (C:\react project\x\the-karan-singh-vaidh\the-karan-singh-vaidh\server\node_modules\router\index.js:582:12)
    at next (C:\react project\x\the-karan-singh-vaidh\the-karan-singh-vaidh\server\node_modules\router\index.js:291:5)
    at logger (C:\react project\x\the-karan-singh-vaidh\the-karan-singh-vaidh\server\node_modules\morgan\index.js:144:5)
    at Layer.handleRequest (C:\react project\x\the-karan-singh-vaidh\the-karan-singh-vaidh\server\node_modules\router\lib\layer.js:152:17)
    at trimPrefix (C:\react project\x\the-karan-singh-vaidh\the-karan-singh-vaidh\server\node_modules\router\index.js:342:13)
    at C:\react project\x\the-karan-singh-vaidh\the-karan-singh-vaidh\server\node_modules\router\index.js:297:9

[2026-04-15T16:36:22.159Z] 404 - Not Found - /socket.io/?EIO=4&transport=websocket
Error: Not Found - /socket.io/?EIO=4&transport=websocket
    at notFound (C:\react project\x\the-karan-singh-vaidh\the-karan-singh-vaidh\server\middleware\errorMiddleware.js:2:19)
    at Layer.handleRequest (C:\react project\x\the-karan-singh-vaidh\the-karan-singh-vaidh\server\node_modules\router\lib\layer.js:152:17)
    at trimPrefix (C:\react project\x\the-karan-singh-vaidh\the-karan-singh-vaidh\server\node_modules\router\index.js:342:13)
    at C:\react project\x\the-karan-singh-vaidh\the-karan-singh-vaidh\server\node_modules\router\index.js:297:9
    at processParams (C:\react project\x\the-karan-singh-vaidh\the-karan-singh-vaidh\server\node_modules\router\index.js:582:12)
    at next (C:\react project\x\the-karan-singh-vaidh\the-karan-singh-vaidh\server\node_modules\router\index.js:291:5)
    at logger (C:\react project\x\the-karan-singh-vaidh\the-karan-singh-vaidh\server\node_modules\morgan\index.js:144:5)
    at Layer.handleRequest (C:\react project\x\the-karan-singh-vaidh\the-karan-singh-vaidh\server\node_modules\router\lib\layer.js:152:17)
    at trimPrefix (C:\react project\x\the-karan-singh-vaidh\the-karan-singh-vaidh\server\node_modules\router\index.js:342:13)
    at C:\react project\x\the-karan-singh-vaidh\the-karan-singh-vaidh\server\node_modules\router\index.js:297:9

[2026-04-15T16:36:28.152Z] 404 - Not Found - /socket.io/?EIO=4&transport=websocket
Error: Not Found - /socket.io/?EIO=4&transport=websocket
    at notFound (C:\react project\x\the-karan-singh-vaidh\the-karan-singh-vaidh\server\middleware\errorMiddleware.js:2:19)
    at Layer.handleRequest (C:\react project\x\the-karan-singh-vaidh\the-karan-singh-vaidh\server\node_modules\router\lib\layer.js:152:17)
    at trimPrefix (C:\react project\x\the-karan-singh-vaidh\the-karan-singh-vaidh\server\node_modules\router\index.js:342:13)
    at C:\react project\x\the-karan-singh-vaidh\the-karan-singh-vaidh\server\node_modules\router\index.js:297:9
    at processParams (C:\react project\x\the-karan-singh-vaidh\the-karan-singh-vaidh\server\node_modules\router\index.js:582:12)
    at next (C:\react project\x\the-karan-singh-vaidh\the-karan-singh-vaidh\server\node_modules\router\index.js:291:5)
    at logger (C:\react project\x\the-karan-singh-vaidh\the-karan-singh-vaidh\server\node_modules\morgan\index.js:144:5)
    at Layer.handleRequest (C:\react project\x\the-karan-singh-vaidh\the-karan-singh-vaidh\server\node_modules\router\lib\layer.js:152:17)
    at trimPrefix (C:\react project\x\the-karan-singh-vaidh\the-karan-singh-vaidh\server\node_modules\router\index.js:342:13)
    at C:\react project\x\the-karan-singh-vaidh\the-karan-singh-vaidh\server\node_modules\router\index.js:297:9

[2026-04-15T16:36:34.159Z] 404 - Not Found - /socket.io/?EIO=4&transport=websocket
Error: Not Found - /socket.io/?EIO=4&transport=websocket
    at notFound (C:\react project\x\the-karan-singh-vaidh\the-karan-singh-vaidh\server\middleware\errorMiddleware.js:2:19)
    at Layer.handleRequest (C:\react project\x\the-karan-singh-vaidh\the-karan-singh-vaidh\server\node_modules\router\lib\layer.js:152:17)
    at trimPrefix (C:\react project\x\the-karan-singh-vaidh\the-karan-singh-vaidh\server\node_modules\router\index.js:342:13)
    at C:\react project\x\the-karan-singh-vaidh\the-karan-singh-vaidh\server\node_modules\router\index.js:297:9
    at processParams (C:\react project\x\the-karan-singh-vaidh\the-karan-singh-vaidh\server\node_modules\router\index.js:582:12)
    at next (C:\react project\x\the-karan-singh-vaidh\the-karan-singh-vaidh\server\node_modules\router\index.js:291:5)
    at logger (C:\react project\x\the-karan-singh-vaidh\the-karan-singh-vaidh\server\node_modules\morgan\index.js:144:5)
    at Layer.handleRequest (C:\react project\x\the-karan-singh-vaidh\the-karan-singh-vaidh\server\node_modules\router\lib\layer.js:152:17)
    at trimPrefix (C:\react project\x\the-karan-singh-vaidh\the-karan-singh-vaidh\server\node_modules\router\index.js:342:13)
    at C:\react project\x\the-karan-singh-vaidh\the-karan-singh-vaidh\server\node_modules\router\index.js:297:9

[2026-04-15T16:36:40.164Z] 404 - Not Found - /socket.io/?EIO=4&transport=websocket
Error: Not Found - /socket.io/?EIO=4&transport=websocket
    at notFound (C:\react project\x\the-karan-singh-vaidh\the-karan-singh-vaidh\server\middleware\errorMiddleware.js:2:19)
    at Layer.handleRequest (C:\react project\x\the-karan-singh-vaidh\the-karan-singh-vaidh\server\node_modules\router\lib\layer.js:152:17)
    at trimPrefix (C:\react project\x\the-karan-singh-vaidh\the-karan-singh-vaidh\server\node_modules\router\index.js:342:13)
    at C:\react project\x\the-karan-singh-vaidh\the-karan-singh-vaidh\server\node_modules\router\index.js:297:9
    at processParams (C:\react project\x\the-karan-singh-vaidh\the-karan-singh-vaidh\server\node_modules\router\index.js:582:12)
    at next (C:\react project\x\the-karan-singh-vaidh\the-karan-singh-vaidh\server\node_modules\router\index.js:291:5)
    at logger (C:\react project\x\the-karan-singh-vaidh\the-karan-singh-vaidh\server\node_modules\morgan\index.js:144:5)
    at Layer.handleRequest (C:\react project\x\the-karan-singh-vaidh\the-karan-singh-vaidh\server\node_modules\router\lib\layer.js:152:17)
    at trimPrefix (C:\react project\x\the-karan-singh-vaidh\the-karan-singh-vaidh\server\node_modules\router\index.js:342:13)
    at C:\react project\x\the-karan-singh-vaidh\the-karan-singh-vaidh\server\node_modules\router\index.js:297:9

[2026-04-15T16:36:46.181Z] 404 - Not Found - /socket.io/?EIO=4&transport=websocket
Error: Not Found - /socket.io/?EIO=4&transport=websocket
    at notFound (C:\react project\x\the-karan-singh-vaidh\the-karan-singh-vaidh\server\middleware\errorMiddleware.js:2:19)
    at Layer.handleRequest (C:\react project\x\the-karan-singh-vaidh\the-karan-singh-vaidh\server\node_modules\router\lib\layer.js:152:17)
    at trimPrefix (C:\react project\x\the-karan-singh-vaidh\the-karan-singh-vaidh\server\node_modules\router\index.js:342:13)
    at C:\react project\x\the-karan-singh-vaidh\the-karan-singh-vaidh\server\node_modules\router\index.js:297:9
    at processParams (C:\react project\x\the-karan-singh-vaidh\the-karan-singh-vaidh\server\node_modules\router\index.js:582:12)
    at next (C:\react project\x\the-karan-singh-vaidh\the-karan-singh-vaidh\server\node_modules\router\index.js:291:5)
    at logger (C:\react project\x\the-karan-singh-vaidh\the-karan-singh-vaidh\server\node_modules\morgan\index.js:144:5)
    at Layer.handleRequest (C:\react project\x\the-karan-singh-vaidh\the-karan-singh-vaidh\server\node_modules\router\lib\layer.js:152:17)
    at trimPrefix (C:\react project\x\the-karan-singh-vaidh\the-karan-singh-vaidh\server\node_modules\router\index.js:342:13)
    at C:\react project\x\the-karan-singh-vaidh\the-karan-singh-vaidh\server\node_modules\router\index.js:297:9

[2026-04-15T16:36:52.179Z] 404 - Not Found - /socket.io/?EIO=4&transport=websocket
Error: Not Found - /socket.io/?EIO=4&transport=websocket
    at notFound (C:\react project\x\the-karan-singh-vaidh\the-karan-singh-vaidh\server\middleware\errorMiddleware.js:2:19)
    at Layer.handleRequest (C:\react project\x\the-karan-singh-vaidh\the-karan-singh-vaidh\server\node_modules\router\lib\layer.js:152:17)
    at trimPrefix (C:\react project\x\the-karan-singh-vaidh\the-karan-singh-vaidh\server\node_modules\router\index.js:342:13)
    at C:\react project\x\the-karan-singh-vaidh\the-karan-singh-vaidh\server\node_modules\router\index.js:297:9
    at processParams (C:\react project\x\the-karan-singh-vaidh\the-karan-singh-vaidh\server\node_modules\router\index.js:582:12)
    at next (C:\react project\x\the-karan-singh-vaidh\the-karan-singh-vaidh\server\node_modules\router\index.js:291:5)
    at logger (C:\react project\x\the-karan-singh-vaidh\the-karan-singh-vaidh\server\node_modules\morgan\index.js:144:5)
    at Layer.handleRequest (C:\react project\x\the-karan-singh-vaidh\the-karan-singh-vaidh\server\node_modules\router\lib\layer.js:152:17)
    at trimPrefix (C:\react project\x\the-karan-singh-vaidh\the-karan-singh-vaidh\server\node_modules\router\index.js:342:13)
    at C:\react project\x\the-karan-singh-vaidh\the-karan-singh-vaidh\server\node_modules\router\index.js:297:9

[2026-04-15T16:36:58.178Z] 404 - Not Found - /socket.io/?EIO=4&transport=websocket
Error: Not Found - /socket.io/?EIO=4&transport=websocket
    at notFound (C:\react project\x\the-karan-singh-vaidh\the-karan-singh-vaidh\server\middleware\errorMiddleware.js:2:19)
    at Layer.handleRequest (C:\react project\x\the-karan-singh-vaidh\the-karan-singh-vaidh\server\node_modules\router\lib\layer.js:152:17)
    at trimPrefix (C:\react project\x\the-karan-singh-vaidh\the-karan-singh-vaidh\server\node_modules\router\index.js:342:13)
    at C:\react project\x\the-karan-singh-vaidh\the-karan-singh-vaidh\server\node_modules\router\index.js:297:9
    at processParams (C:\react project\x\the-karan-singh-vaidh\the-karan-singh-vaidh\server\node_modules\router\index.js:582:12)
    at next (C:\react project\x\the-karan-singh-vaidh\the-karan-singh-vaidh\server\node_modules\router\index.js:291:5)
    at logger (C:\react project\x\the-karan-singh-vaidh\the-karan-singh-vaidh\server\node_modules\morgan\index.js:144:5)
    at Layer.handleRequest (C:\react project\x\the-karan-singh-vaidh\the-karan-singh-vaidh\server\node_modules\router\lib\layer.js:152:17)
    at trimPrefix (C:\react project\x\the-karan-singh-vaidh\the-karan-singh-vaidh\server\node_modules\router\index.js:342:13)
    at C:\react project\x\the-karan-singh-vaidh\the-karan-singh-vaidh\server\node_modules\router\index.js:297:9

[2026-04-15T16:37:04.174Z] 404 - Not Found - /socket.io/?EIO=4&transport=websocket
Error: Not Found - /socket.io/?EIO=4&transport=websocket
    at notFound (C:\react project\x\the-karan-singh-vaidh\the-karan-singh-vaidh\server\middleware\errorMiddleware.js:2:19)
    at Layer.handleRequest (C:\react project\x\the-karan-singh-vaidh\the-karan-singh-vaidh\server\node_modules\router\lib\layer.js:152:17)
    at trimPrefix (C:\react project\x\the-karan-singh-vaidh\the-karan-singh-vaidh\server\node_modules\router\index.js:342:13)
    at C:\react project\x\the-karan-singh-vaidh\the-karan-singh-vaidh\server\node_modules\router\index.js:297:9
    at processParams (C:\react project\x\the-karan-singh-vaidh\the-karan-singh-vaidh\server\node_modules\router\index.js:582:12)
    at next (C:\react project\x\the-karan-singh-vaidh\the-karan-singh-vaidh\server\node_modules\router\index.js:291:5)
    at logger (C:\react project\x\the-karan-singh-vaidh\the-karan-singh-vaidh\server\node_modules\morgan\index.js:144:5)
    at Layer.handleRequest (C:\react project\x\the-karan-singh-vaidh\the-karan-singh-vaidh\server\node_modules\router\lib\layer.js:152:17)
    at trimPrefix (C:\react project\x\the-karan-singh-vaidh\the-karan-singh-vaidh\server\node_modules\router\index.js:342:13)
    at C:\react project\x\the-karan-singh-vaidh\the-karan-singh-vaidh\server\node_modules\router\index.js:297:9

[2026-04-15T16:37:10.175Z] 404 - Not Found - /socket.io/?EIO=4&transport=websocket
Error: Not Found - /socket.io/?EIO=4&transport=websocket
    at notFound (C:\react project\x\the-karan-singh-vaidh\the-karan-singh-vaidh\server\middleware\errorMiddleware.js:2:19)
    at Layer.handleRequest (C:\react project\x\the-karan-singh-vaidh\the-karan-singh-vaidh\server\node_modules\router\lib\layer.js:152:17)
    at trimPrefix (C:\react project\x\the-karan-singh-vaidh\the-karan-singh-vaidh\server\node_modules\router\index.js:342:13)
    at C:\react project\x\the-karan-singh-vaidh\the-karan-singh-vaidh\server\node_modules\router\index.js:297:9
    at processParams (C:\react project\x\the-karan-singh-vaidh\the-karan-singh-vaidh\server\node_modules\router\index.js:582:12)
    at next (C:\react project\x\the-karan-singh-vaidh\the-karan-singh-vaidh\server\node_modules\router\index.js:291:5)
    at logger (C:\react project\x\the-karan-singh-vaidh\the-karan-singh-vaidh\server\node_modules\morgan\index.js:144:5)
    at Layer.handleRequest (C:\react project\x\the-karan-singh-vaidh\the-karan-singh-vaidh\server\node_modules\router\lib\layer.js:152:17)
    at trimPrefix (C:\react project\x\the-karan-singh-vaidh\the-karan-singh-vaidh\server\node_modules\router\index.js:342:13)
    at C:\react project\x\the-karan-singh-vaidh\the-karan-singh-vaidh\server\node_modules\router\index.js:297:9

[2026-04-15T16:37:16.187Z] 404 - Not Found - /socket.io/?EIO=4&transport=websocket
Error: Not Found - /socket.io/?EIO=4&transport=websocket
    at notFound (C:\react project\x\the-karan-singh-vaidh\the-karan-singh-vaidh\server\middleware\errorMiddleware.js:2:19)
    at Layer.handleRequest (C:\react project\x\the-karan-singh-vaidh\the-karan-singh-vaidh\server\node_modules\router\lib\layer.js:152:17)
    at trimPrefix (C:\react project\x\the-karan-singh-vaidh\the-karan-singh-vaidh\server\node_modules\router\index.js:342:13)
    at C:\react project\x\the-karan-singh-vaidh\the-karan-singh-vaidh\server\node_modules\router\index.js:297:9
    at processParams (C:\react project\x\the-karan-singh-vaidh\the-karan-singh-vaidh\server\node_modules\router\index.js:582:12)
    at next (C:\react project\x\the-karan-singh-vaidh\the-karan-singh-vaidh\server\node_modules\router\index.js:291:5)
    at logger (C:\react project\x\the-karan-singh-vaidh\the-karan-singh-vaidh\server\node_modules\morgan\index.js:144:5)
    at Layer.handleRequest (C:\react project\x\the-karan-singh-vaidh\the-karan-singh-vaidh\server\node_modules\router\lib\layer.js:152:17)
    at trimPrefix (C:\react project\x\the-karan-singh-vaidh\the-karan-singh-vaidh\server\node_modules\router\index.js:342:13)
    at C:\react project\x\the-karan-singh-vaidh\the-karan-singh-vaidh\server\node_modules\router\index.js:297:9

[2026-04-15T16:37:22.193Z] 404 - Not Found - /socket.io/?EIO=4&transport=websocket
Error: Not Found - /socket.io/?EIO=4&transport=websocket
    at notFound (C:\react project\x\the-karan-singh-vaidh\the-karan-singh-vaidh\server\middleware\errorMiddleware.js:2:19)
    at Layer.handleRequest (C:\react project\x\the-karan-singh-vaidh\the-karan-singh-vaidh\server\node_modules\router\lib\layer.js:152:17)
    at trimPrefix (C:\react project\x\the-karan-singh-vaidh\the-karan-singh-vaidh\server\node_modules\router\index.js:342:13)
    at C:\react project\x\the-karan-singh-vaidh\the-karan-singh-vaidh\server\node_modules\router\index.js:297:9
    at processParams (C:\react project\x\the-karan-singh-vaidh\the-karan-singh-vaidh\server\node_modules\router\index.js:582:12)
    at next (C:\react project\x\the-karan-singh-vaidh\the-karan-singh-vaidh\server\node_modules\router\index.js:291:5)
    at logger (C:\react project\x\the-karan-singh-vaidh\the-karan-singh-vaidh\server\node_modules\morgan\index.js:144:5)
    at Layer.handleRequest (C:\react project\x\the-karan-singh-vaidh\the-karan-singh-vaidh\server\node_modules\router\lib\layer.js:152:17)
    at trimPrefix (C:\react project\x\the-karan-singh-vaidh\the-karan-singh-vaidh\server\node_modules\router\index.js:342:13)
    at C:\react project\x\the-karan-singh-vaidh\the-karan-singh-vaidh\server\node_modules\router\index.js:297:9

[2026-04-15T16:37:28.241Z] 404 - Not Found - /socket.io/?EIO=4&transport=websocket
Error: Not Found - /socket.io/?EIO=4&transport=websocket
    at notFound (C:\react project\x\the-karan-singh-vaidh\the-karan-singh-vaidh\server\middleware\errorMiddleware.js:2:19)
    at Layer.handleRequest (C:\react project\x\the-karan-singh-vaidh\the-karan-singh-vaidh\server\node_modules\router\lib\layer.js:152:17)
    at trimPrefix (C:\react project\x\the-karan-singh-vaidh\the-karan-singh-vaidh\server\node_modules\router\index.js:342:13)
    at C:\react project\x\the-karan-singh-vaidh\the-karan-singh-vaidh\server\node_modules\router\index.js:297:9
    at processParams (C:\react project\x\the-karan-singh-vaidh\the-karan-singh-vaidh\server\node_modules\router\index.js:582:12)
    at next (C:\react project\x\the-karan-singh-vaidh\the-karan-singh-vaidh\server\node_modules\router\index.js:291:5)
    at logger (C:\react project\x\the-karan-singh-vaidh\the-karan-singh-vaidh\server\node_modules\morgan\index.js:144:5)
    at Layer.handleRequest (C:\react project\x\the-karan-singh-vaidh\the-karan-singh-vaidh\server\node_modules\router\lib\layer.js:152:17)
    at trimPrefix (C:\react project\x\the-karan-singh-vaidh\the-karan-singh-vaidh\server\node_modules\router\index.js:342:13)
    at C:\react project\x\the-karan-singh-vaidh\the-karan-singh-vaidh\server\node_modules\router\index.js:297:9

[2026-04-15T16:37:34.451Z] 404 - Not Found - /socket.io/?EIO=4&transport=websocket
Error: Not Found - /socket.io/?EIO=4&transport=websocket
    at notFound (C:\react project\x\the-karan-singh-vaidh\the-karan-singh-vaidh\server\middleware\errorMiddleware.js:2:19)
    at Layer.handleRequest (C:\react project\x\the-karan-singh-vaidh\the-karan-singh-vaidh\server\node_modules\router\lib\layer.js:152:17)
    at trimPrefix (C:\react project\x\the-karan-singh-vaidh\the-karan-singh-vaidh\server\node_modules\router\index.js:342:13)
    at C:\react project\x\the-karan-singh-vaidh\the-karan-singh-vaidh\server\node_modules\router\index.js:297:9
    at processParams (C:\react project\x\the-karan-singh-vaidh\the-karan-singh-vaidh\server\node_modules\router\index.js:582:12)
    at next (C:\react project\x\the-karan-singh-vaidh\the-karan-singh-vaidh\server\node_modules\router\index.js:291:5)
    at logger (C:\react project\x\the-karan-singh-vaidh\the-karan-singh-vaidh\server\node_modules\morgan\index.js:144:5)
    at Layer.handleRequest (C:\react project\x\the-karan-singh-vaidh\the-karan-singh-vaidh\server\node_modules\router\lib\layer.js:152:17)
    at trimPrefix (C:\react project\x\the-karan-singh-vaidh\the-karan-singh-vaidh\server\node_modules\router\index.js:342:13)
    at C:\react project\x\the-karan-singh-vaidh\the-karan-singh-vaidh\server\node_modules\router\index.js:297:9

[2026-04-15T16:37:40.620Z] 404 - Not Found - /socket.io/?EIO=4&transport=websocket
Error: Not Found - /socket.io/?EIO=4&transport=websocket
    at notFound (C:\react project\x\the-karan-singh-vaidh\the-karan-singh-vaidh\server\middleware\errorMiddleware.js:2:19)
    at Layer.handleRequest (C:\react project\x\the-karan-singh-vaidh\the-karan-singh-vaidh\server\node_modules\router\lib\layer.js:152:17)
    at trimPrefix (C:\react project\x\the-karan-singh-vaidh\the-karan-singh-vaidh\server\node_modules\router\index.js:342:13)
    at C:\react project\x\the-karan-singh-vaidh\the-karan-singh-vaidh\server\node_modules\router\index.js:297:9
    at processParams (C:\react project\x\the-karan-singh-vaidh\the-karan-singh-vaidh\server\node_modules\router\index.js:582:12)
    at next (C:\react project\x\the-karan-singh-vaidh\the-karan-singh-vaidh\server\node_modules\router\index.js:291:5)
    at logger (C:\react project\x\the-karan-singh-vaidh\the-karan-singh-vaidh\server\node_modules\morgan\index.js:144:5)
    at Layer.handleRequest (C:\react project\x\the-karan-singh-vaidh\the-karan-singh-vaidh\server\node_modules\router\lib\layer.js:152:17)
    at trimPrefix (C:\react project\x\the-karan-singh-vaidh\the-karan-singh-vaidh\server\node_modules\router\index.js:342:13)
    at C:\react project\x\the-karan-singh-vaidh\the-karan-singh-vaidh\server\node_modules\router\index.js:297:9

[2026-04-15T16:37:55.692Z] 404 - Not Found - /socket.io/?EIO=4&transport=websocket
Error: Not Found - /socket.io/?EIO=4&transport=websocket
    at notFound (C:\react project\x\the-karan-singh-vaidh\the-karan-singh-vaidh\server\middleware\errorMiddleware.js:2:19)
    at Layer.handleRequest (C:\react project\x\the-karan-singh-vaidh\the-karan-singh-vaidh\server\node_modules\router\lib\layer.js:152:17)
    at trimPrefix (C:\react project\x\the-karan-singh-vaidh\the-karan-singh-vaidh\server\node_modules\router\index.js:342:13)
    at C:\react project\x\the-karan-singh-vaidh\the-karan-singh-vaidh\server\node_modules\router\index.js:297:9
    at processParams (C:\react project\x\the-karan-singh-vaidh\the-karan-singh-vaidh\server\node_modules\router\index.js:582:12)
    at next (C:\react project\x\the-karan-singh-vaidh\the-karan-singh-vaidh\server\node_modules\router\index.js:291:5)
    at logger (C:\react project\x\the-karan-singh-vaidh\the-karan-singh-vaidh\server\node_modules\morgan\index.js:144:5)
    at Layer.handleRequest (C:\react project\x\the-karan-singh-vaidh\the-karan-singh-vaidh\server\node_modules\router\lib\layer.js:152:17)
    at trimPrefix (C:\react project\x\the-karan-singh-vaidh\the-karan-singh-vaidh\server\node_modules\router\index.js:342:13)
    at C:\react project\x\the-karan-singh-vaidh\the-karan-singh-vaidh\server\node_modules\router\index.js:297:9

[2026-04-15T16:38:03.022Z] 404 - Not Found - /socket.io/?EIO=4&transport=websocket
Error: Not Found - /socket.io/?EIO=4&transport=websocket
    at notFound (C:\react project\x\the-karan-singh-vaidh\the-karan-singh-vaidh\server\middleware\errorMiddleware.js:2:19)
    at Layer.handleRequest (C:\react project\x\the-karan-singh-vaidh\the-karan-singh-vaidh\server\node_modules\router\lib\layer.js:152:17)
    at trimPrefix (C:\react project\x\the-karan-singh-vaidh\the-karan-singh-vaidh\server\node_modules\router\index.js:342:13)
    at C:\react project\x\the-karan-singh-vaidh\the-karan-singh-vaidh\server\node_modules\router\index.js:297:9
    at processParams (C:\react project\x\the-karan-singh-vaidh\the-karan-singh-vaidh\server\node_modules\router\index.js:582:12)
    at next (C:\react project\x\the-karan-singh-vaidh\the-karan-singh-vaidh\server\node_modules\router\index.js:291:5)
    at logger (C:\react project\x\the-karan-singh-vaidh\the-karan-singh-vaidh\server\node_modules\morgan\index.js:144:5)
    at Layer.handleRequest (C:\react project\x\the-karan-singh-vaidh\the-karan-singh-vaidh\server\node_modules\router\lib\layer.js:152:17)
    at trimPrefix (C:\react project\x\the-karan-singh-vaidh\the-karan-singh-vaidh\server\node_modules\router\index.js:342:13)
    at C:\react project\x\the-karan-singh-vaidh\the-karan-singh-vaidh\server\node_modules\router\index.js:297:9

[2026-04-15T16:38:12.519Z] 404 - Not Found - /socket.io/?EIO=4&transport=websocket
Error: Not Found - /socket.io/?EIO=4&transport=websocket
    at notFound (C:\react project\x\the-karan-singh-vaidh\the-karan-singh-vaidh\server\middleware\errorMiddleware.js:2:19)
    at Layer.handleRequest (C:\react project\x\the-karan-singh-vaidh\the-karan-singh-vaidh\server\node_modules\router\lib\layer.js:152:17)
    at trimPrefix (C:\react project\x\the-karan-singh-vaidh\the-karan-singh-vaidh\server\node_modules\router\index.js:342:13)
    at C:\react project\x\the-karan-singh-vaidh\the-karan-singh-vaidh\server\node_modules\router\index.js:297:9
    at processParams (C:\react project\x\the-karan-singh-vaidh\the-karan-singh-vaidh\server\node_modules\router\index.js:582:12)
    at next (C:\react project\x\the-karan-singh-vaidh\the-karan-singh-vaidh\server\node_modules\router\index.js:291:5)
    at logger (C:\react project\x\the-karan-singh-vaidh\the-karan-singh-vaidh\server\node_modules\morgan\index.js:144:5)
    at Layer.handleRequest (C:\react project\x\the-karan-singh-vaidh\the-karan-singh-vaidh\server\node_modules\router\lib\layer.js:152:17)
    at trimPrefix (C:\react project\x\the-karan-singh-vaidh\the-karan-singh-vaidh\server\node_modules\router\index.js:342:13)
    at C:\react project\x\the-karan-singh-vaidh\the-karan-singh-vaidh\server\node_modules\router\index.js:297:9

[2026-04-15T16:38:22.712Z] 404 - Not Found - /socket.io/?EIO=4&transport=websocket
Error: Not Found - /socket.io/?EIO=4&transport=websocket
    at notFound (C:\react project\x\the-karan-singh-vaidh\the-karan-singh-vaidh\server\middleware\errorMiddleware.js:2:19)
    at Layer.handleRequest (C:\react project\x\the-karan-singh-vaidh\the-karan-singh-vaidh\server\node_modules\router\lib\layer.js:152:17)
    at trimPrefix (C:\react project\x\the-karan-singh-vaidh\the-karan-singh-vaidh\server\node_modules\router\index.js:342:13)
    at C:\react project\x\the-karan-singh-vaidh\the-karan-singh-vaidh\server\node_modules\router\index.js:297:9
    at processParams (C:\react project\x\the-karan-singh-vaidh\the-karan-singh-vaidh\server\node_modules\router\index.js:582:12)
    at next (C:\react project\x\the-karan-singh-vaidh\the-karan-singh-vaidh\server\node_modules\router\index.js:291:5)
    at logger (C:\react project\x\the-karan-singh-vaidh\the-karan-singh-vaidh\server\node_modules\morgan\index.js:144:5)
    at Layer.handleRequest (C:\react project\x\the-karan-singh-vaidh\the-karan-singh-vaidh\server\node_modules\router\lib\layer.js:152:17)
    at trimPrefix (C:\react project\x\the-karan-singh-vaidh\the-karan-singh-vaidh\server\node_modules\router\index.js:342:13)
    at C:\react project\x\the-karan-singh-vaidh\the-karan-singh-vaidh\server\node_modules\router\index.js:297:9

[2026-04-15T16:38:32.497Z] 404 - Not Found - /socket.io/?EIO=4&transport=websocket
Error: Not Found - /socket.io/?EIO=4&transport=websocket
    at notFound (C:\react project\x\the-karan-singh-vaidh\the-karan-singh-vaidh\server\middleware\errorMiddleware.js:2:19)
    at Layer.handleRequest (C:\react project\x\the-karan-singh-vaidh\the-karan-singh-vaidh\server\node_modules\router\lib\layer.js:152:17)
    at trimPrefix (C:\react project\x\the-karan-singh-vaidh\the-karan-singh-vaidh\server\node_modules\router\index.js:342:13)
    at C:\react project\x\the-karan-singh-vaidh\the-karan-singh-vaidh\server\node_modules\router\index.js:297:9
    at processParams (C:\react project\x\the-karan-singh-vaidh\the-karan-singh-vaidh\server\node_modules\router\index.js:582:12)
    at next (C:\react project\x\the-karan-singh-vaidh\the-karan-singh-vaidh\server\node_modules\router\index.js:291:5)
    at logger (C:\react project\x\the-karan-singh-vaidh\the-karan-singh-vaidh\server\node_modules\morgan\index.js:144:5)
    at Layer.handleRequest (C:\react project\x\the-karan-singh-vaidh\the-karan-singh-vaidh\server\node_modules\router\lib\layer.js:152:17)
    at trimPrefix (C:\react project\x\the-karan-singh-vaidh\the-karan-singh-vaidh\server\node_modules\router\index.js:342:13)
    at C:\react project\x\the-karan-singh-vaidh\the-karan-singh-vaidh\server\node_modules\router\index.js:297:9

[2026-04-15T16:38:43.039Z] 404 - Not Found - /socket.io/?EIO=4&transport=websocket
Error: Not Found - /socket.io/?EIO=4&transport=websocket
    at notFound (C:\react project\x\the-karan-singh-vaidh\the-karan-singh-vaidh\server\middleware\errorMiddleware.js:2:19)
    at Layer.handleRequest (C:\react project\x\the-karan-singh-vaidh\the-karan-singh-vaidh\server\node_modules\router\lib\layer.js:152:17)
    at trimPrefix (C:\react project\x\the-karan-singh-vaidh\the-karan-singh-vaidh\server\node_modules\router\index.js:342:13)
    at C:\react project\x\the-karan-singh-vaidh\the-karan-singh-vaidh\server\node_modules\router\index.js:297:9
    at processParams (C:\react project\x\the-karan-singh-vaidh\the-karan-singh-vaidh\server\node_modules\router\index.js:582:12)
    at next (C:\react project\x\the-karan-singh-vaidh\the-karan-singh-vaidh\server\node_modules\router\index.js:291:5)
    at logger (C:\react project\x\the-karan-singh-vaidh\the-karan-singh-vaidh\server\node_modules\morgan\index.js:144:5)
    at Layer.handleRequest (C:\react project\x\the-karan-singh-vaidh\the-karan-singh-vaidh\server\node_modules\router\lib\layer.js:152:17)
    at trimPrefix (C:\react project\x\the-karan-singh-vaidh\the-karan-singh-vaidh\server\node_modules\router\index.js:342:13)
    at C:\react project\x\the-karan-singh-vaidh\the-karan-singh-vaidh\server\node_modules\router\index.js:297:9

[2026-04-15T16:38:50.318Z] 404 - Not Found - /socket.io/?EIO=4&transport=websocket
Error: Not Found - /socket.io/?EIO=4&transport=websocket
    at notFound (C:\react project\x\the-karan-singh-vaidh\the-karan-singh-vaidh\server\middleware\errorMiddleware.js:2:19)
    at Layer.handleRequest (C:\react project\x\the-karan-singh-vaidh\the-karan-singh-vaidh\server\node_modules\router\lib\layer.js:152:17)
    at trimPrefix (C:\react project\x\the-karan-singh-vaidh\the-karan-singh-vaidh\server\node_modules\router\index.js:342:13)
    at C:\react project\x\the-karan-singh-vaidh\the-karan-singh-vaidh\server\node_modules\router\index.js:297:9
    at processParams (C:\react project\x\the-karan-singh-vaidh\the-karan-singh-vaidh\server\node_modules\router\index.js:582:12)
    at next (C:\react project\x\the-karan-singh-vaidh\the-karan-singh-vaidh\server\node_modules\router\index.js:291:5)
    at logger (C:\react project\x\the-karan-singh-vaidh\the-karan-singh-vaidh\server\node_modules\morgan\index.js:144:5)
    at Layer.handleRequest (C:\react project\x\the-karan-singh-vaidh\the-karan-singh-vaidh\server\node_modules\router\lib\layer.js:152:17)
    at trimPrefix (C:\react project\x\the-karan-singh-vaidh\the-karan-singh-vaidh\server\node_modules\router\index.js:342:13)
    at C:\react project\x\the-karan-singh-vaidh\the-karan-singh-vaidh\server\node_modules\router\index.js:297:9

[2026-04-15T16:38:57.619Z] 404 - Not Found - /socket.io/?EIO=4&transport=websocket
Error: Not Found - /socket.io/?EIO=4&transport=websocket
    at notFound (C:\react project\x\the-karan-singh-vaidh\the-karan-singh-vaidh\server\middleware\errorMiddleware.js:2:19)
    at Layer.handleRequest (C:\react project\x\the-karan-singh-vaidh\the-karan-singh-vaidh\server\node_modules\router\lib\layer.js:152:17)
    at trimPrefix (C:\react project\x\the-karan-singh-vaidh\the-karan-singh-vaidh\server\node_modules\router\index.js:342:13)
    at C:\react project\x\the-karan-singh-vaidh\the-karan-singh-vaidh\server\node_modules\router\index.js:297:9
    at processParams (C:\react project\x\the-karan-singh-vaidh\the-karan-singh-vaidh\server\node_modules\router\index.js:582:12)
    at next (C:\react project\x\the-karan-singh-vaidh\the-karan-singh-vaidh\server\node_modules\router\index.js:291:5)
    at logger (C:\react project\x\the-karan-singh-vaidh\the-karan-singh-vaidh\server\node_modules\morgan\index.js:144:5)
    at Layer.handleRequest (C:\react project\x\the-karan-singh-vaidh\the-karan-singh-vaidh\server\node_modules\router\lib\layer.js:152:17)
    at trimPrefix (C:\react project\x\the-karan-singh-vaidh\the-karan-singh-vaidh\server\node_modules\router\index.js:342:13)
    at C:\react project\x\the-karan-singh-vaidh\the-karan-singh-vaidh\server\node_modules\router\index.js:297:9

[2026-04-15T16:39:07.722Z] 404 - Not Found - /socket.io/?EIO=4&transport=websocket
Error: Not Found - /socket.io/?EIO=4&transport=websocket
    at notFound (C:\react project\x\the-karan-singh-vaidh\the-karan-singh-vaidh\server\middleware\errorMiddleware.js:2:19)
    at Layer.handleRequest (C:\react project\x\the-karan-singh-vaidh\the-karan-singh-vaidh\server\node_modules\router\lib\layer.js:152:17)
    at trimPrefix (C:\react project\x\the-karan-singh-vaidh\the-karan-singh-vaidh\server\node_modules\router\index.js:342:13)
    at C:\react project\x\the-karan-singh-vaidh\the-karan-singh-vaidh\server\node_modules\router\index.js:297:9
    at processParams (C:\react project\x\the-karan-singh-vaidh\the-karan-singh-vaidh\server\node_modules\router\index.js:582:12)
    at next (C:\react project\x\the-karan-singh-vaidh\the-karan-singh-vaidh\server\node_modules\router\index.js:291:5)
    at logger (C:\react project\x\the-karan-singh-vaidh\the-karan-singh-vaidh\server\node_modules\morgan\index.js:144:5)
    at Layer.handleRequest (C:\react project\x\the-karan-singh-vaidh\the-karan-singh-vaidh\server\node_modules\router\lib\layer.js:152:17)
    at trimPrefix (C:\react project\x\the-karan-singh-vaidh\the-karan-singh-vaidh\server\node_modules\router\index.js:342:13)
    at C:\react project\x\the-karan-singh-vaidh\the-karan-singh-vaidh\server\node_modules\router\index.js:297:9

[2026-04-15T16:39:14.584Z] 404 - Not Found - /socket.io/?EIO=4&transport=websocket
Error: Not Found - /socket.io/?EIO=4&transport=websocket
    at notFound (C:\react project\x\the-karan-singh-vaidh\the-karan-singh-vaidh\server\middleware\errorMiddleware.js:2:19)
    at Layer.handleRequest (C:\react project\x\the-karan-singh-vaidh\the-karan-singh-vaidh\server\node_modules\router\lib\layer.js:152:17)
    at trimPrefix (C:\react project\x\the-karan-singh-vaidh\the-karan-singh-vaidh\server\node_modules\router\index.js:342:13)
    at C:\react project\x\the-karan-singh-vaidh\the-karan-singh-vaidh\server\node_modules\router\index.js:297:9
    at processParams (C:\react project\x\the-karan-singh-vaidh\the-karan-singh-vaidh\server\node_modules\router\index.js:582:12)
    at next (C:\react project\x\the-karan-singh-vaidh\the-karan-singh-vaidh\server\node_modules\router\index.js:291:5)
    at logger (C:\react project\x\the-karan-singh-vaidh\the-karan-singh-vaidh\server\node_modules\morgan\index.js:144:5)
    at Layer.handleRequest (C:\react project\x\the-karan-singh-vaidh\the-karan-singh-vaidh\server\node_modules\router\lib\layer.js:152:17)
    at trimPrefix (C:\react project\x\the-karan-singh-vaidh\the-karan-singh-vaidh\server\node_modules\router\index.js:342:13)
    at C:\react project\x\the-karan-singh-vaidh\the-karan-singh-vaidh\server\node_modules\router\index.js:297:9

[2026-04-15T16:39:23.205Z] 404 - Not Found - /socket.io/?EIO=4&transport=websocket
Error: Not Found - /socket.io/?EIO=4&transport=websocket
    at notFound (C:\react project\x\the-karan-singh-vaidh\the-karan-singh-vaidh\server\middleware\errorMiddleware.js:2:19)
    at Layer.handleRequest (C:\react project\x\the-karan-singh-vaidh\the-karan-singh-vaidh\server\node_modules\router\lib\layer.js:152:17)
    at trimPrefix (C:\react project\x\the-karan-singh-vaidh\the-karan-singh-vaidh\server\node_modules\router\index.js:342:13)
    at C:\react project\x\the-karan-singh-vaidh\the-karan-singh-vaidh\server\node_modules\router\index.js:297:9
    at processParams (C:\react project\x\the-karan-singh-vaidh\the-karan-singh-vaidh\server\node_modules\router\index.js:582:12)
    at next (C:\react project\x\the-karan-singh-vaidh\the-karan-singh-vaidh\server\node_modules\router\index.js:291:5)
    at logger (C:\react project\x\the-karan-singh-vaidh\the-karan-singh-vaidh\server\node_modules\morgan\index.js:144:5)
    at Layer.handleRequest (C:\react project\x\the-karan-singh-vaidh\the-karan-singh-vaidh\server\node_modules\router\lib\layer.js:152:17)
    at trimPrefix (C:\react project\x\the-karan-singh-vaidh\the-karan-singh-vaidh\server\node_modules\router\index.js:342:13)
    at C:\react project\x\the-karan-singh-vaidh\the-karan-singh-vaidh\server\node_modules\router\index.js:297:9

[2026-04-15T16:39:31.435Z] 404 - Not Found - /socket.io/?EIO=4&transport=websocket
Error: Not Found - /socket.io/?EIO=4&transport=websocket
    at notFound (C:\react project\x\the-karan-singh-vaidh\the-karan-singh-vaidh\server\middleware\errorMiddleware.js:2:19)
    at Layer.handleRequest (C:\react project\x\the-karan-singh-vaidh\the-karan-singh-vaidh\server\node_modules\router\lib\layer.js:152:17)
    at trimPrefix (C:\react project\x\the-karan-singh-vaidh\the-karan-singh-vaidh\server\node_modules\router\index.js:342:13)
    at C:\react project\x\the-karan-singh-vaidh\the-karan-singh-vaidh\server\node_modules\router\index.js:297:9
    at processParams (C:\react project\x\the-karan-singh-vaidh\the-karan-singh-vaidh\server\node_modules\router\index.js:582:12)
    at next (C:\react project\x\the-karan-singh-vaidh\the-karan-singh-vaidh\server\node_modules\router\index.js:291:5)
    at logger (C:\react project\x\the-karan-singh-vaidh\the-karan-singh-vaidh\server\node_modules\morgan\index.js:144:5)
    at Layer.handleRequest (C:\react project\x\the-karan-singh-vaidh\the-karan-singh-vaidh\server\node_modules\router\lib\layer.js:152:17)
    at trimPrefix (C:\react project\x\the-karan-singh-vaidh\the-karan-singh-vaidh\server\node_modules\router\index.js:342:13)
    at C:\react project\x\the-karan-singh-vaidh\the-karan-singh-vaidh\server\node_modules\router\index.js:297:9

[2026-04-15T16:39:38.704Z] 404 - Not Found - /socket.io/?EIO=4&transport=websocket
Error: Not Found - /socket.io/?EIO=4&transport=websocket
    at notFound (C:\react project\x\the-karan-singh-vaidh\the-karan-singh-vaidh\server\middleware\errorMiddleware.js:2:19)
    at Layer.handleRequest (C:\react project\x\the-karan-singh-vaidh\the-karan-singh-vaidh\server\node_modules\router\lib\layer.js:152:17)
    at trimPrefix (C:\react project\x\the-karan-singh-vaidh\the-karan-singh-vaidh\server\node_modules\router\index.js:342:13)
    at C:\react project\x\the-karan-singh-vaidh\the-karan-singh-vaidh\server\node_modules\router\index.js:297:9
    at processParams (C:\react project\x\the-karan-singh-vaidh\the-karan-singh-vaidh\server\node_modules\router\index.js:582:12)
    at next (C:\react project\x\the-karan-singh-vaidh\the-karan-singh-vaidh\server\node_modules\router\index.js:291:5)
    at logger (C:\react project\x\the-karan-singh-vaidh\the-karan-singh-vaidh\server\node_modules\morgan\index.js:144:5)
    at Layer.handleRequest (C:\react project\x\the-karan-singh-vaidh\the-karan-singh-vaidh\server\node_modules\router\lib\layer.js:152:17)
    at trimPrefix (C:\react project\x\the-karan-singh-vaidh\the-karan-singh-vaidh\server\node_modules\router\index.js:342:13)
    at C:\react project\x\the-karan-singh-vaidh\the-karan-singh-vaidh\server\node_modules\router\index.js:297:9

[2026-04-15T16:39:48.366Z] 404 - Not Found - /socket.io/?EIO=4&transport=websocket
Error: Not Found - /socket.io/?EIO=4&transport=websocket
    at notFound (C:\react project\x\the-karan-singh-vaidh\the-karan-singh-vaidh\server\middleware\errorMiddleware.js:2:19)
    at Layer.handleRequest (C:\react project\x\the-karan-singh-vaidh\the-karan-singh-vaidh\server\node_modules\router\lib\layer.js:152:17)
    at trimPrefix (C:\react project\x\the-karan-singh-vaidh\the-karan-singh-vaidh\server\node_modules\router\index.js:342:13)
    at C:\react project\x\the-karan-singh-vaidh\the-karan-singh-vaidh\server\node_modules\router\index.js:297:9
    at processParams (C:\react project\x\the-karan-singh-vaidh\the-karan-singh-vaidh\server\node_modules\router\index.js:582:12)
    at next (C:\react project\x\the-karan-singh-vaidh\the-karan-singh-vaidh\server\node_modules\router\index.js:291:5)
    at logger (C:\react project\x\the-karan-singh-vaidh\the-karan-singh-vaidh\server\node_modules\morgan\index.js:144:5)
    at Layer.handleRequest (C:\react project\x\the-karan-singh-vaidh\the-karan-singh-vaidh\server\node_modules\router\lib\layer.js:152:17)
    at trimPrefix (C:\react project\x\the-karan-singh-vaidh\the-karan-singh-vaidh\server\node_modules\router\index.js:342:13)
    at C:\react project\x\the-karan-singh-vaidh\the-karan-singh-vaidh\server\node_modules\router\index.js:297:9

[2026-04-15T16:39:57.857Z] 404 - Not Found - /socket.io/?EIO=4&transport=websocket
Error: Not Found - /socket.io/?EIO=4&transport=websocket
    at notFound (C:\react project\x\the-karan-singh-vaidh\the-karan-singh-vaidh\server\middleware\errorMiddleware.js:2:19)
    at Layer.handleRequest (C:\react project\x\the-karan-singh-vaidh\the-karan-singh-vaidh\server\node_modules\router\lib\layer.js:152:17)
    at trimPrefix (C:\react project\x\the-karan-singh-vaidh\the-karan-singh-vaidh\server\node_modules\router\index.js:342:13)
    at C:\react project\x\the-karan-singh-vaidh\the-karan-singh-vaidh\server\node_modules\router\index.js:297:9
    at processParams (C:\react project\x\the-karan-singh-vaidh\the-karan-singh-vaidh\server\node_modules\router\index.js:582:12)
    at next (C:\react project\x\the-karan-singh-vaidh\the-karan-singh-vaidh\server\node_modules\router\index.js:291:5)
    at logger (C:\react project\x\the-karan-singh-vaidh\the-karan-singh-vaidh\server\node_modules\morgan\index.js:144:5)
    at Layer.handleRequest (C:\react project\x\the-karan-singh-vaidh\the-karan-singh-vaidh\server\node_modules\router\lib\layer.js:152:17)
    at trimPrefix (C:\react project\x\the-karan-singh-vaidh\the-karan-singh-vaidh\server\node_modules\router\index.js:342:13)
    at C:\react project\x\the-karan-singh-vaidh\the-karan-singh-vaidh\server\node_modules\router\index.js:297:9

[2026-04-15T16:40:07.529Z] 404 - Not Found - /socket.io/?EIO=4&transport=websocket
Error: Not Found - /socket.io/?EIO=4&transport=websocket
    at notFound (C:\react project\x\the-karan-singh-vaidh\the-karan-singh-vaidh\server\middleware\errorMiddleware.js:2:19)
    at Layer.handleRequest (C:\react project\x\the-karan-singh-vaidh\the-karan-singh-vaidh\server\node_modules\router\lib\layer.js:152:17)
    at trimPrefix (C:\react project\x\the-karan-singh-vaidh\the-karan-singh-vaidh\server\node_modules\router\index.js:342:13)
    at C:\react project\x\the-karan-singh-vaidh\the-karan-singh-vaidh\server\node_modules\router\index.js:297:9
    at processParams (C:\react project\x\the-karan-singh-vaidh\the-karan-singh-vaidh\server\node_modules\router\index.js:582:12)
    at next (C:\react project\x\the-karan-singh-vaidh\the-karan-singh-vaidh\server\node_modules\router\index.js:291:5)
    at logger (C:\react project\x\the-karan-singh-vaidh\the-karan-singh-vaidh\server\node_modules\morgan\index.js:144:5)
    at Layer.handleRequest (C:\react project\x\the-karan-singh-vaidh\the-karan-singh-vaidh\server\node_modules\router\lib\layer.js:152:17)
    at trimPrefix (C:\react project\x\the-karan-singh-vaidh\the-karan-singh-vaidh\server\node_modules\router\index.js:342:13)
    at C:\react project\x\the-karan-singh-vaidh\the-karan-singh-vaidh\server\node_modules\router\index.js:297:9

[2026-04-15T16:40:14.925Z] 404 - Not Found - /socket.io/?EIO=4&transport=websocket
Error: Not Found - /socket.io/?EIO=4&transport=websocket
    at notFound (C:\react project\x\the-karan-singh-vaidh\the-karan-singh-vaidh\server\middleware\errorMiddleware.js:2:19)
    at Layer.handleRequest (C:\react project\x\the-karan-singh-vaidh\the-karan-singh-vaidh\server\node_modules\router\lib\layer.js:152:17)
    at trimPrefix (C:\react project\x\the-karan-singh-vaidh\the-karan-singh-vaidh\server\node_modules\router\index.js:342:13)
    at C:\react project\x\the-karan-singh-vaidh\the-karan-singh-vaidh\server\node_modules\router\index.js:297:9
    at processParams (C:\react project\x\the-karan-singh-vaidh\the-karan-singh-vaidh\server\node_modules\router\index.js:582:12)
    at next (C:\react project\x\the-karan-singh-vaidh\the-karan-singh-vaidh\server\node_modules\router\index.js:291:5)
    at logger (C:\react project\x\the-karan-singh-vaidh\the-karan-singh-vaidh\server\node_modules\morgan\index.js:144:5)
    at Layer.handleRequest (C:\react project\x\the-karan-singh-vaidh\the-karan-singh-vaidh\server\node_modules\router\lib\layer.js:152:17)
    at trimPrefix (C:\react project\x\the-karan-singh-vaidh\the-karan-singh-vaidh\server\node_modules\router\index.js:342:13)
    at C:\react project\x\the-karan-singh-vaidh\the-karan-singh-vaidh\server\node_modules\router\index.js:297:9

[2026-04-15T16:40:23.467Z] 404 - Not Found - /socket.io/?EIO=4&transport=websocket
Error: Not Found - /socket.io/?EIO=4&transport=websocket
    at notFound (C:\react project\x\the-karan-singh-vaidh\the-karan-singh-vaidh\server\middleware\errorMiddleware.js:2:19)
    at Layer.handleRequest (C:\react project\x\the-karan-singh-vaidh\the-karan-singh-vaidh\server\node_modules\router\lib\layer.js:152:17)
    at trimPrefix (C:\react project\x\the-karan-singh-vaidh\the-karan-singh-vaidh\server\node_modules\router\index.js:342:13)
    at C:\react project\x\the-karan-singh-vaidh\the-karan-singh-vaidh\server\node_modules\router\index.js:297:9
    at processParams (C:\react project\x\the-karan-singh-vaidh\the-karan-singh-vaidh\server\node_modules\router\index.js:582:12)
    at next (C:\react project\x\the-karan-singh-vaidh\the-karan-singh-vaidh\server\node_modules\router\index.js:291:5)
    at logger (C:\react project\x\the-karan-singh-vaidh\the-karan-singh-vaidh\server\node_modules\morgan\index.js:144:5)
    at Layer.handleRequest (C:\react project\x\the-karan-singh-vaidh\the-karan-singh-vaidh\server\node_modules\router\lib\layer.js:152:17)
    at trimPrefix (C:\react project\x\the-karan-singh-vaidh\the-karan-singh-vaidh\server\node_modules\router\index.js:342:13)
    at C:\react project\x\the-karan-singh-vaidh\the-karan-singh-vaidh\server\node_modules\router\index.js:297:9

[2026-04-15T16:40:30.849Z] 404 - Not Found - /socket.io/?EIO=4&transport=websocket
Error: Not Found - /socket.io/?EIO=4&transport=websocket
    at notFound (C:\react project\x\the-karan-singh-vaidh\the-karan-singh-vaidh\server\middleware\errorMiddleware.js:2:19)
    at Layer.handleRequest (C:\react project\x\the-karan-singh-vaidh\the-karan-singh-vaidh\server\node_modules\router\lib\layer.js:152:17)
    at trimPrefix (C:\react project\x\the-karan-singh-vaidh\the-karan-singh-vaidh\server\node_modules\router\index.js:342:13)
    at C:\react project\x\the-karan-singh-vaidh\the-karan-singh-vaidh\server\node_modules\router\index.js:297:9
    at processParams (C:\react project\x\the-karan-singh-vaidh\the-karan-singh-vaidh\server\node_modules\router\index.js:582:12)
    at next (C:\react project\x\the-karan-singh-vaidh\the-karan-singh-vaidh\server\node_modules\router\index.js:291:5)
    at logger (C:\react project\x\the-karan-singh-vaidh\the-karan-singh-vaidh\server\node_modules\morgan\index.js:144:5)
    at Layer.handleRequest (C:\react project\x\the-karan-singh-vaidh\the-karan-singh-vaidh\server\node_modules\router\lib\layer.js:152:17)
    at trimPrefix (C:\react project\x\the-karan-singh-vaidh\the-karan-singh-vaidh\server\node_modules\router\index.js:342:13)
    at C:\react project\x\the-karan-singh-vaidh\the-karan-singh-vaidh\server\node_modules\router\index.js:297:9

[2026-04-15T16:40:37.874Z] 404 - Not Found - /socket.io/?EIO=4&transport=websocket
Error: Not Found - /socket.io/?EIO=4&transport=websocket
    at notFound (C:\react project\x\the-karan-singh-vaidh\the-karan-singh-vaidh\server\middleware\errorMiddleware.js:2:19)
    at Layer.handleRequest (C:\react project\x\the-karan-singh-vaidh\the-karan-singh-vaidh\server\node_modules\router\lib\layer.js:152:17)
    at trimPrefix (C:\react project\x\the-karan-singh-vaidh\the-karan-singh-vaidh\server\node_modules\router\index.js:342:13)
    at C:\react project\x\the-karan-singh-vaidh\the-karan-singh-vaidh\server\node_modules\router\index.js:297:9
    at processParams (C:\react project\x\the-karan-singh-vaidh\the-karan-singh-vaidh\server\node_modules\router\index.js:582:12)
    at next (C:\react project\x\the-karan-singh-vaidh\the-karan-singh-vaidh\server\node_modules\router\index.js:291:5)
    at logger (C:\react project\x\the-karan-singh-vaidh\the-karan-singh-vaidh\server\node_modules\morgan\index.js:144:5)
    at Layer.handleRequest (C:\react project\x\the-karan-singh-vaidh\the-karan-singh-vaidh\server\node_modules\router\lib\layer.js:152:17)
    at trimPrefix (C:\react project\x\the-karan-singh-vaidh\the-karan-singh-vaidh\server\node_modules\router\index.js:342:13)
    at C:\react project\x\the-karan-singh-vaidh\the-karan-singh-vaidh\server\node_modules\router\index.js:297:9

[2026-04-15T16:40:46.358Z] 404 - Not Found - /socket.io/?EIO=4&transport=websocket
Error: Not Found - /socket.io/?EIO=4&transport=websocket
    at notFound (C:\react project\x\the-karan-singh-vaidh\the-karan-singh-vaidh\server\middleware\errorMiddleware.js:2:19)
    at Layer.handleRequest (C:\react project\x\the-karan-singh-vaidh\the-karan-singh-vaidh\server\node_modules\router\lib\layer.js:152:17)
    at trimPrefix (C:\react project\x\the-karan-singh-vaidh\the-karan-singh-vaidh\server\node_modules\router\index.js:342:13)
    at C:\react project\x\the-karan-singh-vaidh\the-karan-singh-vaidh\server\node_modules\router\index.js:297:9
    at processParams (C:\react project\x\the-karan-singh-vaidh\the-karan-singh-vaidh\server\node_modules\router\index.js:582:12)
    at next (C:\react project\x\the-karan-singh-vaidh\the-karan-singh-vaidh\server\node_modules\router\index.js:291:5)
    at logger (C:\react project\x\the-karan-singh-vaidh\the-karan-singh-vaidh\server\node_modules\morgan\index.js:144:5)
    at Layer.handleRequest (C:\react project\x\the-karan-singh-vaidh\the-karan-singh-vaidh\server\node_modules\router\lib\layer.js:152:17)
    at trimPrefix (C:\react project\x\the-karan-singh-vaidh\the-karan-singh-vaidh\server\node_modules\router\index.js:342:13)
    at C:\react project\x\the-karan-singh-vaidh\the-karan-singh-vaidh\server\node_modules\router\index.js:297:9

[2026-04-15T16:40:54.939Z] 404 - Not Found - /socket.io/?EIO=4&transport=websocket
Error: Not Found - /socket.io/?EIO=4&transport=websocket
    at notFound (C:\react project\x\the-karan-singh-vaidh\the-karan-singh-vaidh\server\middleware\errorMiddleware.js:2:19)
    at Layer.handleRequest (C:\react project\x\the-karan-singh-vaidh\the-karan-singh-vaidh\server\node_modules\router\lib\layer.js:152:17)
    at trimPrefix (C:\react project\x\the-karan-singh-vaidh\the-karan-singh-vaidh\server\node_modules\router\index.js:342:13)
    at C:\react project\x\the-karan-singh-vaidh\the-karan-singh-vaidh\server\node_modules\router\index.js:297:9
    at processParams (C:\react project\x\the-karan-singh-vaidh\the-karan-singh-vaidh\server\node_modules\router\index.js:582:12)
    at next (C:\react project\x\the-karan-singh-vaidh\the-karan-singh-vaidh\server\node_modules\router\index.js:291:5)
    at logger (C:\react project\x\the-karan-singh-vaidh\the-karan-singh-vaidh\server\node_modules\morgan\index.js:144:5)
    at Layer.handleRequest (C:\react project\x\the-karan-singh-vaidh\the-karan-singh-vaidh\server\node_modules\router\lib\layer.js:152:17)
    at trimPrefix (C:\react project\x\the-karan-singh-vaidh\the-karan-singh-vaidh\server\node_modules\router\index.js:342:13)
    at C:\react project\x\the-karan-singh-vaidh\the-karan-singh-vaidh\server\node_modules\router\index.js:297:9

[2026-04-15T16:41:01.277Z] 404 - Not Found - /socket.io/?EIO=4&transport=websocket
Error: Not Found - /socket.io/?EIO=4&transport=websocket
    at notFound (C:\react project\x\the-karan-singh-vaidh\the-karan-singh-vaidh\server\middleware\errorMiddleware.js:2:19)
    at Layer.handleRequest (C:\react project\x\the-karan-singh-vaidh\the-karan-singh-vaidh\server\node_modules\router\lib\layer.js:152:17)
    at trimPrefix (C:\react project\x\the-karan-singh-vaidh\the-karan-singh-vaidh\server\node_modules\router\index.js:342:13)
    at C:\react project\x\the-karan-singh-vaidh\the-karan-singh-vaidh\server\node_modules\router\index.js:297:9
    at processParams (C:\react project\x\the-karan-singh-vaidh\the-karan-singh-vaidh\server\node_modules\router\index.js:582:12)
    at next (C:\react project\x\the-karan-singh-vaidh\the-karan-singh-vaidh\server\node_modules\router\index.js:291:5)
    at logger (C:\react project\x\the-karan-singh-vaidh\the-karan-singh-vaidh\server\node_modules\morgan\index.js:144:5)
    at Layer.handleRequest (C:\react project\x\the-karan-singh-vaidh\the-karan-singh-vaidh\server\node_modules\router\lib\layer.js:152:17)
    at trimPrefix (C:\react project\x\the-karan-singh-vaidh\the-karan-singh-vaidh\server\node_modules\router\index.js:342:13)
    at C:\react project\x\the-karan-singh-vaidh\the-karan-singh-vaidh\server\node_modules\router\index.js:297:9

[2026-04-15T16:41:09.745Z] 404 - Not Found - /socket.io/?EIO=4&transport=websocket
Error: Not Found - /socket.io/?EIO=4&transport=websocket
    at notFound (C:\react project\x\the-karan-singh-vaidh\the-karan-singh-vaidh\server\middleware\errorMiddleware.js:2:19)
    at Layer.handleRequest (C:\react project\x\the-karan-singh-vaidh\the-karan-singh-vaidh\server\node_modules\router\lib\layer.js:152:17)
    at trimPrefix (C:\react project\x\the-karan-singh-vaidh\the-karan-singh-vaidh\server\node_modules\router\index.js:342:13)
    at C:\react project\x\the-karan-singh-vaidh\the-karan-singh-vaidh\server\node_modules\router\index.js:297:9
    at processParams (C:\react project\x\the-karan-singh-vaidh\the-karan-singh-vaidh\server\node_modules\router\index.js:582:12)
    at next (C:\react project\x\the-karan-singh-vaidh\the-karan-singh-vaidh\server\node_modules\router\index.js:291:5)
    at logger (C:\react project\x\the-karan-singh-vaidh\the-karan-singh-vaidh\server\node_modules\morgan\index.js:144:5)
    at Layer.handleRequest (C:\react project\x\the-karan-singh-vaidh\the-karan-singh-vaidh\server\node_modules\router\lib\layer.js:152:17)
    at trimPrefix (C:\react project\x\the-karan-singh-vaidh\the-karan-singh-vaidh\server\node_modules\router\index.js:342:13)
    at C:\react project\x\the-karan-singh-vaidh\the-karan-singh-vaidh\server\node_modules\router\index.js:297:9

[2026-04-15T16:41:18.048Z] 404 - Not Found - /socket.io/?EIO=4&transport=websocket
Error: Not Found - /socket.io/?EIO=4&transport=websocket
    at notFound (C:\react project\x\the-karan-singh-vaidh\the-karan-singh-vaidh\server\middleware\errorMiddleware.js:2:19)
    at Layer.handleRequest (C:\react project\x\the-karan-singh-vaidh\the-karan-singh-vaidh\server\node_modules\router\lib\layer.js:152:17)
    at trimPrefix (C:\react project\x\the-karan-singh-vaidh\the-karan-singh-vaidh\server\node_modules\router\index.js:342:13)
    at C:\react project\x\the-karan-singh-vaidh\the-karan-singh-vaidh\server\node_modules\router\index.js:297:9
    at processParams (C:\react project\x\the-karan-singh-vaidh\the-karan-singh-vaidh\server\node_modules\router\index.js:582:12)
    at next (C:\react project\x\the-karan-singh-vaidh\the-karan-singh-vaidh\server\node_modules\router\index.js:291:5)
    at logger (C:\react project\x\the-karan-singh-vaidh\the-karan-singh-vaidh\server\node_modules\morgan\index.js:144:5)
    at Layer.handleRequest (C:\react project\x\the-karan-singh-vaidh\the-karan-singh-vaidh\server\node_modules\router\lib\layer.js:152:17)
    at trimPrefix (C:\react project\x\the-karan-singh-vaidh\the-karan-singh-vaidh\server\node_modules\router\index.js:342:13)
    at C:\react project\x\the-karan-singh-vaidh\the-karan-singh-vaidh\server\node_modules\router\index.js:297:9

[2026-04-15T16:41:24.313Z] 404 - Not Found - /socket.io/?EIO=4&transport=websocket
Error: Not Found - /socket.io/?EIO=4&transport=websocket
    at notFound (C:\react project\x\the-karan-singh-vaidh\the-karan-singh-vaidh\server\middleware\errorMiddleware.js:2:19)
    at Layer.handleRequest (C:\react project\x\the-karan-singh-vaidh\the-karan-singh-vaidh\server\node_modules\router\lib\layer.js:152:17)
    at trimPrefix (C:\react project\x\the-karan-singh-vaidh\the-karan-singh-vaidh\server\node_modules\router\index.js:342:13)
    at C:\react project\x\the-karan-singh-vaidh\the-karan-singh-vaidh\server\node_modules\router\index.js:297:9
    at processParams (C:\react project\x\the-karan-singh-vaidh\the-karan-singh-vaidh\server\node_modules\router\index.js:582:12)
    at next (C:\react project\x\the-karan-singh-vaidh\the-karan-singh-vaidh\server\node_modules\router\index.js:291:5)
    at logger (C:\react project\x\the-karan-singh-vaidh\the-karan-singh-vaidh\server\node_modules\morgan\index.js:144:5)
    at Layer.handleRequest (C:\react project\x\the-karan-singh-vaidh\the-karan-singh-vaidh\server\node_modules\router\lib\layer.js:152:17)
    at trimPrefix (C:\react project\x\the-karan-singh-vaidh\the-karan-singh-vaidh\server\node_modules\router\index.js:342:13)
    at C:\react project\x\the-karan-singh-vaidh\the-karan-singh-vaidh\server\node_modules\router\index.js:297:9

[2026-04-15T16:41:32.130Z] 404 - Not Found - /socket.io/?EIO=4&transport=websocket
Error: Not Found - /socket.io/?EIO=4&transport=websocket
    at notFound (C:\react project\x\the-karan-singh-vaidh\the-karan-singh-vaidh\server\middleware\errorMiddleware.js:2:19)
    at Layer.handleRequest (C:\react project\x\the-karan-singh-vaidh\the-karan-singh-vaidh\server\node_modules\router\lib\layer.js:152:17)
    at trimPrefix (C:\react project\x\the-karan-singh-vaidh\the-karan-singh-vaidh\server\node_modules\router\index.js:342:13)
    at C:\react project\x\the-karan-singh-vaidh\the-karan-singh-vaidh\server\node_modules\router\index.js:297:9
    at processParams (C:\react project\x\the-karan-singh-vaidh\the-karan-singh-vaidh\server\node_modules\router\index.js:582:12)
    at next (C:\react project\x\the-karan-singh-vaidh\the-karan-singh-vaidh\server\node_modules\router\index.js:291:5)
    at logger (C:\react project\x\the-karan-singh-vaidh\the-karan-singh-vaidh\server\node_modules\morgan\index.js:144:5)
    at Layer.handleRequest (C:\react project\x\the-karan-singh-vaidh\the-karan-singh-vaidh\server\node_modules\router\lib\layer.js:152:17)
    at trimPrefix (C:\react project\x\the-karan-singh-vaidh\the-karan-singh-vaidh\server\node_modules\router\index.js:342:13)
    at C:\react project\x\the-karan-singh-vaidh\the-karan-singh-vaidh\server\node_modules\router\index.js:297:9

[2026-04-15T16:41:40.161Z] 404 - Not Found - /socket.io/?EIO=4&transport=websocket
Error: Not Found - /socket.io/?EIO=4&transport=websocket
    at notFound (C:\react project\x\the-karan-singh-vaidh\the-karan-singh-vaidh\server\middleware\errorMiddleware.js:2:19)
    at Layer.handleRequest (C:\react project\x\the-karan-singh-vaidh\the-karan-singh-vaidh\server\node_modules\router\lib\layer.js:152:17)
    at trimPrefix (C:\react project\x\the-karan-singh-vaidh\the-karan-singh-vaidh\server\node_modules\router\index.js:342:13)
    at C:\react project\x\the-karan-singh-vaidh\the-karan-singh-vaidh\server\node_modules\router\index.js:297:9
    at processParams (C:\react project\x\the-karan-singh-vaidh\the-karan-singh-vaidh\server\node_modules\router\index.js:582:12)
    at next (C:\react project\x\the-karan-singh-vaidh\the-karan-singh-vaidh\server\node_modules\router\index.js:291:5)
    at logger (C:\react project\x\the-karan-singh-vaidh\the-karan-singh-vaidh\server\node_modules\morgan\index.js:144:5)
    at Layer.handleRequest (C:\react project\x\the-karan-singh-vaidh\the-karan-singh-vaidh\server\node_modules\router\lib\layer.js:152:17)
    at trimPrefix (C:\react project\x\the-karan-singh-vaidh\the-karan-singh-vaidh\server\node_modules\router\index.js:342:13)
    at C:\react project\x\the-karan-singh-vaidh\the-karan-singh-vaidh\server\node_modules\router\index.js:297:9

[2026-04-15T16:41:50.712Z] 404 - Not Found - /socket.io/?EIO=4&transport=websocket
Error: Not Found - /socket.io/?EIO=4&transport=websocket
    at notFound (C:\react project\x\the-karan-singh-vaidh\the-karan-singh-vaidh\server\middleware\errorMiddleware.js:2:19)
    at Layer.handleRequest (C:\react project\x\the-karan-singh-vaidh\the-karan-singh-vaidh\server\node_modules\router\lib\layer.js:152:17)
    at trimPrefix (C:\react project\x\the-karan-singh-vaidh\the-karan-singh-vaidh\server\node_modules\router\index.js:342:13)
    at C:\react project\x\the-karan-singh-vaidh\the-karan-singh-vaidh\server\node_modules\router\index.js:297:9
    at processParams (C:\react project\x\the-karan-singh-vaidh\the-karan-singh-vaidh\server\node_modules\router\index.js:582:12)
    at next (C:\react project\x\the-karan-singh-vaidh\the-karan-singh-vaidh\server\node_modules\router\index.js:291:5)
    at logger (C:\react project\x\the-karan-singh-vaidh\the-karan-singh-vaidh\server\node_modules\morgan\index.js:144:5)
    at Layer.handleRequest (C:\react project\x\the-karan-singh-vaidh\the-karan-singh-vaidh\server\node_modules\router\lib\layer.js:152:17)
    at trimPrefix (C:\react project\x\the-karan-singh-vaidh\the-karan-singh-vaidh\server\node_modules\router\index.js:342:13)
    at C:\react project\x\the-karan-singh-vaidh\the-karan-singh-vaidh\server\node_modules\router\index.js:297:9

[2026-04-15T16:41:59.847Z] 404 - Not Found - /socket.io/?EIO=4&transport=websocket
Error: Not Found - /socket.io/?EIO=4&transport=websocket
    at notFound (C:\react project\x\the-karan-singh-vaidh\the-karan-singh-vaidh\server\middleware\errorMiddleware.js:2:19)
    at Layer.handleRequest (C:\react project\x\the-karan-singh-vaidh\the-karan-singh-vaidh\server\node_modules\router\lib\layer.js:152:17)
    at trimPrefix (C:\react project\x\the-karan-singh-vaidh\the-karan-singh-vaidh\server\node_modules\router\index.js:342:13)
    at C:\react project\x\the-karan-singh-vaidh\the-karan-singh-vaidh\server\node_modules\router\index.js:297:9
    at processParams (C:\react project\x\the-karan-singh-vaidh\the-karan-singh-vaidh\server\node_modules\router\index.js:582:12)
    at next (C:\react project\x\the-karan-singh-vaidh\the-karan-singh-vaidh\server\node_modules\router\index.js:291:5)
    at logger (C:\react project\x\the-karan-singh-vaidh\the-karan-singh-vaidh\server\node_modules\morgan\index.js:144:5)
    at Layer.handleRequest (C:\react project\x\the-karan-singh-vaidh\the-karan-singh-vaidh\server\node_modules\router\lib\layer.js:152:17)
    at trimPrefix (C:\react project\x\the-karan-singh-vaidh\the-karan-singh-vaidh\server\node_modules\router\index.js:342:13)
    at C:\react project\x\the-karan-singh-vaidh\the-karan-singh-vaidh\server\node_modules\router\index.js:297:9

[2026-04-15T16:42:07.428Z] 404 - Not Found - /socket.io/?EIO=4&transport=websocket
Error: Not Found - /socket.io/?EIO=4&transport=websocket
    at notFound (C:\react project\x\the-karan-singh-vaidh\the-karan-singh-vaidh\server\middleware\errorMiddleware.js:2:19)
    at Layer.handleRequest (C:\react project\x\the-karan-singh-vaidh\the-karan-singh-vaidh\server\node_modules\router\lib\layer.js:152:17)
    at trimPrefix (C:\react project\x\the-karan-singh-vaidh\the-karan-singh-vaidh\server\node_modules\router\index.js:342:13)
    at C:\react project\x\the-karan-singh-vaidh\the-karan-singh-vaidh\server\node_modules\router\index.js:297:9
    at processParams (C:\react project\x\the-karan-singh-vaidh\the-karan-singh-vaidh\server\node_modules\router\index.js:582:12)
    at next (C:\react project\x\the-karan-singh-vaidh\the-karan-singh-vaidh\server\node_modules\router\index.js:291:5)
    at logger (C:\react project\x\the-karan-singh-vaidh\the-karan-singh-vaidh\server\node_modules\morgan\index.js:144:5)
    at Layer.handleRequest (C:\react project\x\the-karan-singh-vaidh\the-karan-singh-vaidh\server\node_modules\router\lib\layer.js:152:17)
    at trimPrefix (C:\react project\x\the-karan-singh-vaidh\the-karan-singh-vaidh\server\node_modules\router\index.js:342:13)
    at C:\react project\x\the-karan-singh-vaidh\the-karan-singh-vaidh\server\node_modules\router\index.js:297:9

[2026-04-15T16:42:17.237Z] 404 - Not Found - /socket.io/?EIO=4&transport=websocket
Error: Not Found - /socket.io/?EIO=4&transport=websocket
    at notFound (C:\react project\x\the-karan-singh-vaidh\the-karan-singh-vaidh\server\middleware\errorMiddleware.js:2:19)
    at Layer.handleRequest (C:\react project\x\the-karan-singh-vaidh\the-karan-singh-vaidh\server\node_modules\router\lib\layer.js:152:17)
    at trimPrefix (C:\react project\x\the-karan-singh-vaidh\the-karan-singh-vaidh\server\node_modules\router\index.js:342:13)
    at C:\react project\x\the-karan-singh-vaidh\the-karan-singh-vaidh\server\node_modules\router\index.js:297:9
    at processParams (C:\react project\x\the-karan-singh-vaidh\the-karan-singh-vaidh\server\node_modules\router\index.js:582:12)
    at next (C:\react project\x\the-karan-singh-vaidh\the-karan-singh-vaidh\server\node_modules\router\index.js:291:5)
    at logger (C:\react project\x\the-karan-singh-vaidh\the-karan-singh-vaidh\server\node_modules\morgan\index.js:144:5)
    at Layer.handleRequest (C:\react project\x\the-karan-singh-vaidh\the-karan-singh-vaidh\server\node_modules\router\lib\layer.js:152:17)
    at trimPrefix (C:\react project\x\the-karan-singh-vaidh\the-karan-singh-vaidh\server\node_modules\router\index.js:342:13)
    at C:\react project\x\the-karan-singh-vaidh\the-karan-singh-vaidh\server\node_modules\router\index.js:297:9

[2026-04-15T16:42:23.167Z] 404 - Not Found - /socket.io/?EIO=4&transport=websocket
Error: Not Found - /socket.io/?EIO=4&transport=websocket
    at notFound (C:\react project\x\the-karan-singh-vaidh\the-karan-singh-vaidh\server\middleware\errorMiddleware.js:2:19)
    at Layer.handleRequest (C:\react project\x\the-karan-singh-vaidh\the-karan-singh-vaidh\server\node_modules\router\lib\layer.js:152:17)
    at trimPrefix (C:\react project\x\the-karan-singh-vaidh\the-karan-singh-vaidh\server\node_modules\router\index.js:342:13)
    at C:\react project\x\the-karan-singh-vaidh\the-karan-singh-vaidh\server\node_modules\router\index.js:297:9
    at processParams (C:\react project\x\the-karan-singh-vaidh\the-karan-singh-vaidh\server\node_modules\router\index.js:582:12)
    at next (C:\react project\x\the-karan-singh-vaidh\the-karan-singh-vaidh\server\node_modules\router\index.js:291:5)
    at logger (C:\react project\x\the-karan-singh-vaidh\the-karan-singh-vaidh\server\node_modules\morgan\index.js:144:5)
    at Layer.handleRequest (C:\react project\x\the-karan-singh-vaidh\the-karan-singh-vaidh\server\node_modules\router\lib\layer.js:152:17)
    at trimPrefix (C:\react project\x\the-karan-singh-vaidh\the-karan-singh-vaidh\server\node_modules\router\index.js:342:13)
    at C:\react project\x\the-karan-singh-vaidh\the-karan-singh-vaidh\server\node_modules\router\index.js:297:9

[2026-04-15T16:42:29.157Z] 404 - Not Found - /socket.io/?EIO=4&transport=websocket
Error: Not Found - /socket.io/?EIO=4&transport=websocket
    at notFound (C:\react project\x\the-karan-singh-vaidh\the-karan-singh-vaidh\server\middleware\errorMiddleware.js:2:19)
    at Layer.handleRequest (C:\react project\x\the-karan-singh-vaidh\the-karan-singh-vaidh\server\node_modules\router\lib\layer.js:152:17)
    at trimPrefix (C:\react project\x\the-karan-singh-vaidh\the-karan-singh-vaidh\server\node_modules\router\index.js:342:13)
    at C:\react project\x\the-karan-singh-vaidh\the-karan-singh-vaidh\server\node_modules\router\index.js:297:9
    at processParams (C:\react project\x\the-karan-singh-vaidh\the-karan-singh-vaidh\server\node_modules\router\index.js:582:12)
    at next (C:\react project\x\the-karan-singh-vaidh\the-karan-singh-vaidh\server\node_modules\router\index.js:291:5)
    at logger (C:\react project\x\the-karan-singh-vaidh\the-karan-singh-vaidh\server\node_modules\morgan\index.js:144:5)
    at Layer.handleRequest (C:\react project\x\the-karan-singh-vaidh\the-karan-singh-vaidh\server\node_modules\router\lib\layer.js:152:17)
    at trimPrefix (C:\react project\x\the-karan-singh-vaidh\the-karan-singh-vaidh\server\node_modules\router\index.js:342:13)
    at C:\react project\x\the-karan-singh-vaidh\the-karan-singh-vaidh\server\node_modules\router\index.js:297:9

[2026-04-15T16:42:35.163Z] 404 - Not Found - /socket.io/?EIO=4&transport=websocket
Error: Not Found - /socket.io/?EIO=4&transport=websocket
    at notFound (C:\react project\x\the-karan-singh-vaidh\the-karan-singh-vaidh\server\middleware\errorMiddleware.js:2:19)
    at Layer.handleRequest (C:\react project\x\the-karan-singh-vaidh\the-karan-singh-vaidh\server\node_modules\router\lib\layer.js:152:17)
    at trimPrefix (C:\react project\x\the-karan-singh-vaidh\the-karan-singh-vaidh\server\node_modules\router\index.js:342:13)
    at C:\react project\x\the-karan-singh-vaidh\the-karan-singh-vaidh\server\node_modules\router\index.js:297:9
    at processParams (C:\react project\x\the-karan-singh-vaidh\the-karan-singh-vaidh\server\node_modules\router\index.js:582:12)
    at next (C:\react project\x\the-karan-singh-vaidh\the-karan-singh-vaidh\server\node_modules\router\index.js:291:5)
    at logger (C:\react project\x\the-karan-singh-vaidh\the-karan-singh-vaidh\server\node_modules\morgan\index.js:144:5)
    at Layer.handleRequest (C:\react project\x\the-karan-singh-vaidh\the-karan-singh-vaidh\server\node_modules\router\lib\layer.js:152:17)
    at trimPrefix (C:\react project\x\the-karan-singh-vaidh\the-karan-singh-vaidh\server\node_modules\router\index.js:342:13)
    at C:\react project\x\the-karan-singh-vaidh\the-karan-singh-vaidh\server\node_modules\router\index.js:297:9

[2026-04-15T16:42:41.155Z] 404 - Not Found - /socket.io/?EIO=4&transport=websocket
Error: Not Found - /socket.io/?EIO=4&transport=websocket
    at notFound (C:\react project\x\the-karan-singh-vaidh\the-karan-singh-vaidh\server\middleware\errorMiddleware.js:2:19)
    at Layer.handleRequest (C:\react project\x\the-karan-singh-vaidh\the-karan-singh-vaidh\server\node_modules\router\lib\layer.js:152:17)
    at trimPrefix (C:\react project\x\the-karan-singh-vaidh\the-karan-singh-vaidh\server\node_modules\router\index.js:342:13)
    at C:\react project\x\the-karan-singh-vaidh\the-karan-singh-vaidh\server\node_modules\router\index.js:297:9
    at processParams (C:\react project\x\the-karan-singh-vaidh\the-karan-singh-vaidh\server\node_modules\router\index.js:582:12)
    at next (C:\react project\x\the-karan-singh-vaidh\the-karan-singh-vaidh\server\node_modules\router\index.js:291:5)
    at logger (C:\react project\x\the-karan-singh-vaidh\the-karan-singh-vaidh\server\node_modules\morgan\index.js:144:5)
    at Layer.handleRequest (C:\react project\x\the-karan-singh-vaidh\the-karan-singh-vaidh\server\node_modules\router\lib\layer.js:152:17)
    at trimPrefix (C:\react project\x\the-karan-singh-vaidh\the-karan-singh-vaidh\server\node_modules\router\index.js:342:13)
    at C:\react project\x\the-karan-singh-vaidh\the-karan-singh-vaidh\server\node_modules\router\index.js:297:9

[2026-04-15T16:42:47.157Z] 404 - Not Found - /socket.io/?EIO=4&transport=websocket
Error: Not Found - /socket.io/?EIO=4&transport=websocket
    at notFound (C:\react project\x\the-karan-singh-vaidh\the-karan-singh-vaidh\server\middleware\errorMiddleware.js:2:19)
    at Layer.handleRequest (C:\react project\x\the-karan-singh-vaidh\the-karan-singh-vaidh\server\node_modules\router\lib\layer.js:152:17)
    at trimPrefix (C:\react project\x\the-karan-singh-vaidh\the-karan-singh-vaidh\server\node_modules\router\index.js:342:13)
    at C:\react project\x\the-karan-singh-vaidh\the-karan-singh-vaidh\server\node_modules\router\index.js:297:9
    at processParams (C:\react project\x\the-karan-singh-vaidh\the-karan-singh-vaidh\server\node_modules\router\index.js:582:12)
    at next (C:\react project\x\the-karan-singh-vaidh\the-karan-singh-vaidh\server\node_modules\router\index.js:291:5)
    at logger (C:\react project\x\the-karan-singh-vaidh\the-karan-singh-vaidh\server\node_modules\morgan\index.js:144:5)
    at Layer.handleRequest (C:\react project\x\the-karan-singh-vaidh\the-karan-singh-vaidh\server\node_modules\router\lib\layer.js:152:17)
    at trimPrefix (C:\react project\x\the-karan-singh-vaidh\the-karan-singh-vaidh\server\node_modules\router\index.js:342:13)
    at C:\react project\x\the-karan-singh-vaidh\the-karan-singh-vaidh\server\node_modules\router\index.js:297:9

[2026-04-15T16:42:53.172Z] 404 - Not Found - /socket.io/?EIO=4&transport=websocket
Error: Not Found - /socket.io/?EIO=4&transport=websocket
    at notFound (C:\react project\x\the-karan-singh-vaidh\the-karan-singh-vaidh\server\middleware\errorMiddleware.js:2:19)
    at Layer.handleRequest (C:\react project\x\the-karan-singh-vaidh\the-karan-singh-vaidh\server\node_modules\router\lib\layer.js:152:17)
    at trimPrefix (C:\react project\x\the-karan-singh-vaidh\the-karan-singh-vaidh\server\node_modules\router\index.js:342:13)
    at C:\react project\x\the-karan-singh-vaidh\the-karan-singh-vaidh\server\node_modules\router\index.js:297:9
    at processParams (C:\react project\x\the-karan-singh-vaidh\the-karan-singh-vaidh\server\node_modules\router\index.js:582:12)
    at next (C:\react project\x\the-karan-singh-vaidh\the-karan-singh-vaidh\server\node_modules\router\index.js:291:5)
    at logger (C:\react project\x\the-karan-singh-vaidh\the-karan-singh-vaidh\server\node_modules\morgan\index.js:144:5)
    at Layer.handleRequest (C:\react project\x\the-karan-singh-vaidh\the-karan-singh-vaidh\server\node_modules\router\lib\layer.js:152:17)
    at trimPrefix (C:\react project\x\the-karan-singh-vaidh\the-karan-singh-vaidh\server\node_modules\router\index.js:342:13)
    at C:\react project\x\the-karan-singh-vaidh\the-karan-singh-vaidh\server\node_modules\router\index.js:297:9

[2026-04-15T16:42:59.168Z] 404 - Not Found - /socket.io/?EIO=4&transport=websocket
Error: Not Found - /socket.io/?EIO=4&transport=websocket
    at notFound (C:\react project\x\the-karan-singh-vaidh\the-karan-singh-vaidh\server\middleware\errorMiddleware.js:2:19)
    at Layer.handleRequest (C:\react project\x\the-karan-singh-vaidh\the-karan-singh-vaidh\server\node_modules\router\lib\layer.js:152:17)
    at trimPrefix (C:\react project\x\the-karan-singh-vaidh\the-karan-singh-vaidh\server\node_modules\router\index.js:342:13)
    at C:\react project\x\the-karan-singh-vaidh\the-karan-singh-vaidh\server\node_modules\router\index.js:297:9
    at processParams (C:\react project\x\the-karan-singh-vaidh\the-karan-singh-vaidh\server\node_modules\router\index.js:582:12)
    at next (C:\react project\x\the-karan-singh-vaidh\the-karan-singh-vaidh\server\node_modules\router\index.js:291:5)
    at logger (C:\react project\x\the-karan-singh-vaidh\the-karan-singh-vaidh\server\node_modules\morgan\index.js:144:5)
    at Layer.handleRequest (C:\react project\x\the-karan-singh-vaidh\the-karan-singh-vaidh\server\node_modules\router\lib\layer.js:152:17)
    at trimPrefix (C:\react project\x\the-karan-singh-vaidh\the-karan-singh-vaidh\server\node_modules\router\index.js:342:13)
    at C:\react project\x\the-karan-singh-vaidh\the-karan-singh-vaidh\server\node_modules\router\index.js:297:9

[2026-04-15T16:43:05.171Z] 404 - Not Found - /socket.io/?EIO=4&transport=websocket
Error: Not Found - /socket.io/?EIO=4&transport=websocket
    at notFound (C:\react project\x\the-karan-singh-vaidh\the-karan-singh-vaidh\server\middleware\errorMiddleware.js:2:19)
    at Layer.handleRequest (C:\react project\x\the-karan-singh-vaidh\the-karan-singh-vaidh\server\node_modules\router\lib\layer.js:152:17)
    at trimPrefix (C:\react project\x\the-karan-singh-vaidh\the-karan-singh-vaidh\server\node_modules\router\index.js:342:13)
    at C:\react project\x\the-karan-singh-vaidh\the-karan-singh-vaidh\server\node_modules\router\index.js:297:9
    at processParams (C:\react project\x\the-karan-singh-vaidh\the-karan-singh-vaidh\server\node_modules\router\index.js:582:12)
    at next (C:\react project\x\the-karan-singh-vaidh\the-karan-singh-vaidh\server\node_modules\router\index.js:291:5)
    at logger (C:\react project\x\the-karan-singh-vaidh\the-karan-singh-vaidh\server\node_modules\morgan\index.js:144:5)
    at Layer.handleRequest (C:\react project\x\the-karan-singh-vaidh\the-karan-singh-vaidh\server\node_modules\router\lib\layer.js:152:17)
    at trimPrefix (C:\react project\x\the-karan-singh-vaidh\the-karan-singh-vaidh\server\node_modules\router\index.js:342:13)
    at C:\react project\x\the-karan-singh-vaidh\the-karan-singh-vaidh\server\node_modules\router\index.js:297:9

[2026-04-15T16:43:11.196Z] 404 - Not Found - /socket.io/?EIO=4&transport=websocket
Error: Not Found - /socket.io/?EIO=4&transport=websocket
    at notFound (C:\react project\x\the-karan-singh-vaidh\the-karan-singh-vaidh\server\middleware\errorMiddleware.js:2:19)
    at Layer.handleRequest (C:\react project\x\the-karan-singh-vaidh\the-karan-singh-vaidh\server\node_modules\router\lib\layer.js:152:17)
    at trimPrefix (C:\react project\x\the-karan-singh-vaidh\the-karan-singh-vaidh\server\node_modules\router\index.js:342:13)
    at C:\react project\x\the-karan-singh-vaidh\the-karan-singh-vaidh\server\node_modules\router\index.js:297:9
    at processParams (C:\react project\x\the-karan-singh-vaidh\the-karan-singh-vaidh\server\node_modules\router\index.js:582:12)
    at next (C:\react project\x\the-karan-singh-vaidh\the-karan-singh-vaidh\server\node_modules\router\index.js:291:5)
    at logger (C:\react project\x\the-karan-singh-vaidh\the-karan-singh-vaidh\server\node_modules\morgan\index.js:144:5)
    at Layer.handleRequest (C:\react project\x\the-karan-singh-vaidh\the-karan-singh-vaidh\server\node_modules\router\lib\layer.js:152:17)
    at trimPrefix (C:\react project\x\the-karan-singh-vaidh\the-karan-singh-vaidh\server\node_modules\router\index.js:342:13)
    at C:\react project\x\the-karan-singh-vaidh\the-karan-singh-vaidh\server\node_modules\router\index.js:297:9

[2026-04-15T16:43:17.198Z] 404 - Not Found - /socket.io/?EIO=4&transport=websocket
Error: Not Found - /socket.io/?EIO=4&transport=websocket
    at notFound (C:\react project\x\the-karan-singh-vaidh\the-karan-singh-vaidh\server\middleware\errorMiddleware.js:2:19)
    at Layer.handleRequest (C:\react project\x\the-karan-singh-vaidh\the-karan-singh-vaidh\server\node_modules\router\lib\layer.js:152:17)
    at trimPrefix (C:\react project\x\the-karan-singh-vaidh\the-karan-singh-vaidh\server\node_modules\router\index.js:342:13)
    at C:\react project\x\the-karan-singh-vaidh\the-karan-singh-vaidh\server\node_modules\router\index.js:297:9
    at processParams (C:\react project\x\the-karan-singh-vaidh\the-karan-singh-vaidh\server\node_modules\router\index.js:582:12)
    at next (C:\react project\x\the-karan-singh-vaidh\the-karan-singh-vaidh\server\node_modules\router\index.js:291:5)
    at logger (C:\react project\x\the-karan-singh-vaidh\the-karan-singh-vaidh\server\node_modules\morgan\index.js:144:5)
    at Layer.handleRequest (C:\react project\x\the-karan-singh-vaidh\the-karan-singh-vaidh\server\node_modules\router\lib\layer.js:152:17)
    at trimPrefix (C:\react project\x\the-karan-singh-vaidh\the-karan-singh-vaidh\server\node_modules\router\index.js:342:13)
    at C:\react project\x\the-karan-singh-vaidh\the-karan-singh-vaidh\server\node_modules\router\index.js:297:9

[2026-04-15T16:43:23.229Z] 404 - Not Found - /socket.io/?EIO=4&transport=websocket
Error: Not Found - /socket.io/?EIO=4&transport=websocket
    at notFound (C:\react project\x\the-karan-singh-vaidh\the-karan-singh-vaidh\server\middleware\errorMiddleware.js:2:19)
    at Layer.handleRequest (C:\react project\x\the-karan-singh-vaidh\the-karan-singh-vaidh\server\node_modules\router\lib\layer.js:152:17)
    at trimPrefix (C:\react project\x\the-karan-singh-vaidh\the-karan-singh-vaidh\server\node_modules\router\index.js:342:13)
    at C:\react project\x\the-karan-singh-vaidh\the-karan-singh-vaidh\server\node_modules\router\index.js:297:9
    at processParams (C:\react project\x\the-karan-singh-vaidh\the-karan-singh-vaidh\server\node_modules\router\index.js:582:12)
    at next (C:\react project\x\the-karan-singh-vaidh\the-karan-singh-vaidh\server\node_modules\router\index.js:291:5)
    at logger (C:\react project\x\the-karan-singh-vaidh\the-karan-singh-vaidh\server\node_modules\morgan\index.js:144:5)
    at Layer.handleRequest (C:\react project\x\the-karan-singh-vaidh\the-karan-singh-vaidh\server\node_modules\router\lib\layer.js:152:17)
    at trimPrefix (C:\react project\x\the-karan-singh-vaidh\the-karan-singh-vaidh\server\node_modules\router\index.js:342:13)
    at C:\react project\x\the-karan-singh-vaidh\the-karan-singh-vaidh\server\node_modules\router\index.js:297:9

[2026-04-15T16:43:29.289Z] 404 - Not Found - /socket.io/?EIO=4&transport=websocket
Error: Not Found - /socket.io/?EIO=4&transport=websocket
    at notFound (C:\react project\x\the-karan-singh-vaidh\the-karan-singh-vaidh\server\middleware\errorMiddleware.js:2:19)
    at Layer.handleRequest (C:\react project\x\the-karan-singh-vaidh\the-karan-singh-vaidh\server\node_modules\router\lib\layer.js:152:17)
    at trimPrefix (C:\react project\x\the-karan-singh-vaidh\the-karan-singh-vaidh\server\node_modules\router\index.js:342:13)
    at C:\react project\x\the-karan-singh-vaidh\the-karan-singh-vaidh\server\node_modules\router\index.js:297:9
    at processParams (C:\react project\x\the-karan-singh-vaidh\the-karan-singh-vaidh\server\node_modules\router\index.js:582:12)
    at next (C:\react project\x\the-karan-singh-vaidh\the-karan-singh-vaidh\server\node_modules\router\index.js:291:5)
    at logger (C:\react project\x\the-karan-singh-vaidh\the-karan-singh-vaidh\server\node_modules\morgan\index.js:144:5)
    at Layer.handleRequest (C:\react project\x\the-karan-singh-vaidh\the-karan-singh-vaidh\server\node_modules\router\lib\layer.js:152:17)
    at trimPrefix (C:\react project\x\the-karan-singh-vaidh\the-karan-singh-vaidh\server\node_modules\router\index.js:342:13)
    at C:\react project\x\the-karan-singh-vaidh\the-karan-singh-vaidh\server\node_modules\router\index.js:297:9

[2026-04-15T16:43:35.304Z] 404 - Not Found - /socket.io/?EIO=4&transport=websocket
Error: Not Found - /socket.io/?EIO=4&transport=websocket
    at notFound (C:\react project\x\the-karan-singh-vaidh\the-karan-singh-vaidh\server\middleware\errorMiddleware.js:2:19)
    at Layer.handleRequest (C:\react project\x\the-karan-singh-vaidh\the-karan-singh-vaidh\server\node_modules\router\lib\layer.js:152:17)
    at trimPrefix (C:\react project\x\the-karan-singh-vaidh\the-karan-singh-vaidh\server\node_modules\router\index.js:342:13)
    at C:\react project\x\the-karan-singh-vaidh\the-karan-singh-vaidh\server\node_modules\router\index.js:297:9
    at processParams (C:\react project\x\the-karan-singh-vaidh\the-karan-singh-vaidh\server\node_modules\router\index.js:582:12)
    at next (C:\react project\x\the-karan-singh-vaidh\the-karan-singh-vaidh\server\node_modules\router\index.js:291:5)
    at logger (C:\react project\x\the-karan-singh-vaidh\the-karan-singh-vaidh\server\node_modules\morgan\index.js:144:5)
    at Layer.handleRequest (C:\react project\x\the-karan-singh-vaidh\the-karan-singh-vaidh\server\node_modules\router\lib\layer.js:152:17)
    at trimPrefix (C:\react project\x\the-karan-singh-vaidh\the-karan-singh-vaidh\server\node_modules\router\index.js:342:13)
    at C:\react project\x\the-karan-singh-vaidh\the-karan-singh-vaidh\server\node_modules\router\index.js:297:9

[2026-04-15T16:43:41.389Z] 404 - Not Found - /socket.io/?EIO=4&transport=websocket
Error: Not Found - /socket.io/?EIO=4&transport=websocket
    at notFound (C:\react project\x\the-karan-singh-vaidh\the-karan-singh-vaidh\server\middleware\errorMiddleware.js:2:19)
    at Layer.handleRequest (C:\react project\x\the-karan-singh-vaidh\the-karan-singh-vaidh\server\node_modules\router\lib\layer.js:152:17)
    at trimPrefix (C:\react project\x\the-karan-singh-vaidh\the-karan-singh-vaidh\server\node_modules\router\index.js:342:13)
    at C:\react project\x\the-karan-singh-vaidh\the-karan-singh-vaidh\server\node_modules\router\index.js:297:9
    at processParams (C:\react project\x\the-karan-singh-vaidh\the-karan-singh-vaidh\server\node_modules\router\index.js:582:12)
    at next (C:\react project\x\the-karan-singh-vaidh\the-karan-singh-vaidh\server\node_modules\router\index.js:291:5)
    at logger (C:\react project\x\the-karan-singh-vaidh\the-karan-singh-vaidh\server\node_modules\morgan\index.js:144:5)
    at Layer.handleRequest (C:\react project\x\the-karan-singh-vaidh\the-karan-singh-vaidh\server\node_modules\router\lib\layer.js:152:17)
    at trimPrefix (C:\react project\x\the-karan-singh-vaidh\the-karan-singh-vaidh\server\node_modules\router\index.js:342:13)
    at C:\react project\x\the-karan-singh-vaidh\the-karan-singh-vaidh\server\node_modules\router\index.js:297:9

[2026-04-15T16:43:48.058Z] 404 - Not Found - /socket.io/?EIO=4&transport=websocket
Error: Not Found - /socket.io/?EIO=4&transport=websocket
    at notFound (C:\react project\x\the-karan-singh-vaidh\the-karan-singh-vaidh\server\middleware\errorMiddleware.js:2:19)
    at Layer.handleRequest (C:\react project\x\the-karan-singh-vaidh\the-karan-singh-vaidh\server\node_modules\router\lib\layer.js:152:17)
    at trimPrefix (C:\react project\x\the-karan-singh-vaidh\the-karan-singh-vaidh\server\node_modules\router\index.js:342:13)
    at C:\react project\x\the-karan-singh-vaidh\the-karan-singh-vaidh\server\node_modules\router\index.js:297:9
    at processParams (C:\react project\x\the-karan-singh-vaidh\the-karan-singh-vaidh\server\node_modules\router\index.js:582:12)
    at next (C:\react project\x\the-karan-singh-vaidh\the-karan-singh-vaidh\server\node_modules\router\index.js:291:5)
    at logger (C:\react project\x\the-karan-singh-vaidh\the-karan-singh-vaidh\server\node_modules\morgan\index.js:144:5)
    at Layer.handleRequest (C:\react project\x\the-karan-singh-vaidh\the-karan-singh-vaidh\server\node_modules\router\lib\layer.js:152:17)
    at trimPrefix (C:\react project\x\the-karan-singh-vaidh\the-karan-singh-vaidh\server\node_modules\router\index.js:342:13)
    at C:\react project\x\the-karan-singh-vaidh\the-karan-singh-vaidh\server\node_modules\router\index.js:297:9

[2026-04-15T16:43:53.941Z] 404 - Not Found - /socket.io/?EIO=4&transport=websocket
Error: Not Found - /socket.io/?EIO=4&transport=websocket
    at notFound (C:\react project\x\the-karan-singh-vaidh\the-karan-singh-vaidh\server\middleware\errorMiddleware.js:2:19)
    at Layer.handleRequest (C:\react project\x\the-karan-singh-vaidh\the-karan-singh-vaidh\server\node_modules\router\lib\layer.js:152:17)
    at trimPrefix (C:\react project\x\the-karan-singh-vaidh\the-karan-singh-vaidh\server\node_modules\router\index.js:342:13)
    at C:\react project\x\the-karan-singh-vaidh\the-karan-singh-vaidh\server\node_modules\router\index.js:297:9
    at processParams (C:\react project\x\the-karan-singh-vaidh\the-karan-singh-vaidh\server\node_modules\router\index.js:582:12)
    at next (C:\react project\x\the-karan-singh-vaidh\the-karan-singh-vaidh\server\node_modules\router\index.js:291:5)
    at logger (C:\react project\x\the-karan-singh-vaidh\the-karan-singh-vaidh\server\node_modules\morgan\index.js:144:5)
    at Layer.handleRequest (C:\react project\x\the-karan-singh-vaidh\the-karan-singh-vaidh\server\node_modules\router\lib\layer.js:152:17)
    at trimPrefix (C:\react project\x\the-karan-singh-vaidh\the-karan-singh-vaidh\server\node_modules\router\index.js:342:13)
    at C:\react project\x\the-karan-singh-vaidh\the-karan-singh-vaidh\server\node_modules\router\index.js:297:9

[2026-04-15T16:44:02.303Z] 404 - Not Found - /socket.io/?EIO=4&transport=websocket
Error: Not Found - /socket.io/?EIO=4&transport=websocket
    at notFound (C:\react project\x\the-karan-singh-vaidh\the-karan-singh-vaidh\server\middleware\errorMiddleware.js:2:19)
    at Layer.handleRequest (C:\react project\x\the-karan-singh-vaidh\the-karan-singh-vaidh\server\node_modules\router\lib\layer.js:152:17)
    at trimPrefix (C:\react project\x\the-karan-singh-vaidh\the-karan-singh-vaidh\server\node_modules\router\index.js:342:13)
    at C:\react project\x\the-karan-singh-vaidh\the-karan-singh-vaidh\server\node_modules\router\index.js:297:9
    at processParams (C:\react project\x\the-karan-singh-vaidh\the-karan-singh-vaidh\server\node_modules\router\index.js:582:12)
    at next (C:\react project\x\the-karan-singh-vaidh\the-karan-singh-vaidh\server\node_modules\router\index.js:291:5)
    at logger (C:\react project\x\the-karan-singh-vaidh\the-karan-singh-vaidh\server\node_modules\morgan\index.js:144:5)
    at Layer.handleRequest (C:\react project\x\the-karan-singh-vaidh\the-karan-singh-vaidh\server\node_modules\router\lib\layer.js:152:17)
    at trimPrefix (C:\react project\x\the-karan-singh-vaidh\the-karan-singh-vaidh\server\node_modules\router\index.js:342:13)
    at C:\react project\x\the-karan-singh-vaidh\the-karan-singh-vaidh\server\node_modules\router\index.js:297:9

[2026-04-15T16:44:11.442Z] 404 - Not Found - /socket.io/?EIO=4&transport=websocket
Error: Not Found - /socket.io/?EIO=4&transport=websocket
    at notFound (C:\react project\x\the-karan-singh-vaidh\the-karan-singh-vaidh\server\middleware\errorMiddleware.js:2:19)
    at Layer.handleRequest (C:\react project\x\the-karan-singh-vaidh\the-karan-singh-vaidh\server\node_modules\router\lib\layer.js:152:17)
    at trimPrefix (C:\react project\x\the-karan-singh-vaidh\the-karan-singh-vaidh\server\node_modules\router\index.js:342:13)
    at C:\react project\x\the-karan-singh-vaidh\the-karan-singh-vaidh\server\node_modules\router\index.js:297:9
    at processParams (C:\react project\x\the-karan-singh-vaidh\the-karan-singh-vaidh\server\node_modules\router\index.js:582:12)
    at next (C:\react project\x\the-karan-singh-vaidh\the-karan-singh-vaidh\server\node_modules\router\index.js:291:5)
    at logger (C:\react project\x\the-karan-singh-vaidh\the-karan-singh-vaidh\server\node_modules\morgan\index.js:144:5)
    at Layer.handleRequest (C:\react project\x\the-karan-singh-vaidh\the-karan-singh-vaidh\server\node_modules\router\lib\layer.js:152:17)
    at trimPrefix (C:\react project\x\the-karan-singh-vaidh\the-karan-singh-vaidh\server\node_modules\router\index.js:342:13)
    at C:\react project\x\the-karan-singh-vaidh\the-karan-singh-vaidh\server\node_modules\router\index.js:297:9

[2026-04-15T16:44:20.763Z] 404 - Not Found - /socket.io/?EIO=4&transport=websocket
Error: Not Found - /socket.io/?EIO=4&transport=websocket
    at notFound (C:\react project\x\the-karan-singh-vaidh\the-karan-singh-vaidh\server\middleware\errorMiddleware.js:2:19)
    at Layer.handleRequest (C:\react project\x\the-karan-singh-vaidh\the-karan-singh-vaidh\server\node_modules\router\lib\layer.js:152:17)
    at trimPrefix (C:\react project\x\the-karan-singh-vaidh\the-karan-singh-vaidh\server\node_modules\router\index.js:342:13)
    at C:\react project\x\the-karan-singh-vaidh\the-karan-singh-vaidh\server\node_modules\router\index.js:297:9
    at processParams (C:\react project\x\the-karan-singh-vaidh\the-karan-singh-vaidh\server\node_modules\router\index.js:582:12)
    at next (C:\react project\x\the-karan-singh-vaidh\the-karan-singh-vaidh\server\node_modules\router\index.js:291:5)
    at logger (C:\react project\x\the-karan-singh-vaidh\the-karan-singh-vaidh\server\node_modules\morgan\index.js:144:5)
    at Layer.handleRequest (C:\react project\x\the-karan-singh-vaidh\the-karan-singh-vaidh\server\node_modules\router\lib\layer.js:152:17)
    at trimPrefix (C:\react project\x\the-karan-singh-vaidh\the-karan-singh-vaidh\server\node_modules\router\index.js:342:13)
    at C:\react project\x\the-karan-singh-vaidh\the-karan-singh-vaidh\server\node_modules\router\index.js:297:9

[2026-04-15T16:44:26.172Z] 404 - Not Found - /socket.io/?EIO=4&transport=websocket
Error: Not Found - /socket.io/?EIO=4&transport=websocket
    at notFound (C:\react project\x\the-karan-singh-vaidh\the-karan-singh-vaidh\server\middleware\errorMiddleware.js:2:19)
    at Layer.handleRequest (C:\react project\x\the-karan-singh-vaidh\the-karan-singh-vaidh\server\node_modules\router\lib\layer.js:152:17)
    at trimPrefix (C:\react project\x\the-karan-singh-vaidh\the-karan-singh-vaidh\server\node_modules\router\index.js:342:13)
    at C:\react project\x\the-karan-singh-vaidh\the-karan-singh-vaidh\server\node_modules\router\index.js:297:9
    at processParams (C:\react project\x\the-karan-singh-vaidh\the-karan-singh-vaidh\server\node_modules\router\index.js:582:12)
    at next (C:\react project\x\the-karan-singh-vaidh\the-karan-singh-vaidh\server\node_modules\router\index.js:291:5)
    at logger (C:\react project\x\the-karan-singh-vaidh\the-karan-singh-vaidh\server\node_modules\morgan\index.js:144:5)
    at Layer.handleRequest (C:\react project\x\the-karan-singh-vaidh\the-karan-singh-vaidh\server\node_modules\router\lib\layer.js:152:17)
    at trimPrefix (C:\react project\x\the-karan-singh-vaidh\the-karan-singh-vaidh\server\node_modules\router\index.js:342:13)
    at C:\react project\x\the-karan-singh-vaidh\the-karan-singh-vaidh\server\node_modules\router\index.js:297:9

[2026-04-15T16:44:32.156Z] 404 - Not Found - /socket.io/?EIO=4&transport=websocket
Error: Not Found - /socket.io/?EIO=4&transport=websocket
    at notFound (C:\react project\x\the-karan-singh-vaidh\the-karan-singh-vaidh\server\middleware\errorMiddleware.js:2:19)
    at Layer.handleRequest (C:\react project\x\the-karan-singh-vaidh\the-karan-singh-vaidh\server\node_modules\router\lib\layer.js:152:17)
    at trimPrefix (C:\react project\x\the-karan-singh-vaidh\the-karan-singh-vaidh\server\node_modules\router\index.js:342:13)
    at C:\react project\x\the-karan-singh-vaidh\the-karan-singh-vaidh\server\node_modules\router\index.js:297:9
    at processParams (C:\react project\x\the-karan-singh-vaidh\the-karan-singh-vaidh\server\node_modules\router\index.js:582:12)
    at next (C:\react project\x\the-karan-singh-vaidh\the-karan-singh-vaidh\server\node_modules\router\index.js:291:5)
    at logger (C:\react project\x\the-karan-singh-vaidh\the-karan-singh-vaidh\server\node_modules\morgan\index.js:144:5)
    at Layer.handleRequest (C:\react project\x\the-karan-singh-vaidh\the-karan-singh-vaidh\server\node_modules\router\lib\layer.js:152:17)
    at trimPrefix (C:\react project\x\the-karan-singh-vaidh\the-karan-singh-vaidh\server\node_modules\router\index.js:342:13)
    at C:\react project\x\the-karan-singh-vaidh\the-karan-singh-vaidh\server\node_modules\router\index.js:297:9

[2026-04-15T16:44:38.165Z] 404 - Not Found - /socket.io/?EIO=4&transport=websocket
Error: Not Found - /socket.io/?EIO=4&transport=websocket
    at notFound (C:\react project\x\the-karan-singh-vaidh\the-karan-singh-vaidh\server\middleware\errorMiddleware.js:2:19)
    at Layer.handleRequest (C:\react project\x\the-karan-singh-vaidh\the-karan-singh-vaidh\server\node_modules\router\lib\layer.js:152:17)
    at trimPrefix (C:\react project\x\the-karan-singh-vaidh\the-karan-singh-vaidh\server\node_modules\router\index.js:342:13)
    at C:\react project\x\the-karan-singh-vaidh\the-karan-singh-vaidh\server\node_modules\router\index.js:297:9
    at processParams (C:\react project\x\the-karan-singh-vaidh\the-karan-singh-vaidh\server\node_modules\router\index.js:582:12)
    at next (C:\react project\x\the-karan-singh-vaidh\the-karan-singh-vaidh\server\node_modules\router\index.js:291:5)
    at logger (C:\react project\x\the-karan-singh-vaidh\the-karan-singh-vaidh\server\node_modules\morgan\index.js:144:5)
    at Layer.handleRequest (C:\react project\x\the-karan-singh-vaidh\the-karan-singh-vaidh\server\node_modules\router\lib\layer.js:152:17)
    at trimPrefix (C:\react project\x\the-karan-singh-vaidh\the-karan-singh-vaidh\server\node_modules\router\index.js:342:13)
    at C:\react project\x\the-karan-singh-vaidh\the-karan-singh-vaidh\server\node_modules\router\index.js:297:9

[2026-04-15T16:44:44.161Z] 404 - Not Found - /socket.io/?EIO=4&transport=websocket
Error: Not Found - /socket.io/?EIO=4&transport=websocket
    at notFound (C:\react project\x\the-karan-singh-vaidh\the-karan-singh-vaidh\server\middleware\errorMiddleware.js:2:19)
    at Layer.handleRequest (C:\react project\x\the-karan-singh-vaidh\the-karan-singh-vaidh\server\node_modules\router\lib\layer.js:152:17)
    at trimPrefix (C:\react project\x\the-karan-singh-vaidh\the-karan-singh-vaidh\server\node_modules\router\index.js:342:13)
    at C:\react project\x\the-karan-singh-vaidh\the-karan-singh-vaidh\server\node_modules\router\index.js:297:9
    at processParams (C:\react project\x\the-karan-singh-vaidh\the-karan-singh-vaidh\server\node_modules\router\index.js:582:12)
    at next (C:\react project\x\the-karan-singh-vaidh\the-karan-singh-vaidh\server\node_modules\router\index.js:291:5)
    at logger (C:\react project\x\the-karan-singh-vaidh\the-karan-singh-vaidh\server\node_modules\morgan\index.js:144:5)
    at Layer.handleRequest (C:\react project\x\the-karan-singh-vaidh\the-karan-singh-vaidh\server\node_modules\router\lib\layer.js:152:17)
    at trimPrefix (C:\react project\x\the-karan-singh-vaidh\the-karan-singh-vaidh\server\node_modules\router\index.js:342:13)
    at C:\react project\x\the-karan-singh-vaidh\the-karan-singh-vaidh\server\node_modules\router\index.js:297:9

[2026-04-15T16:44:50.163Z] 404 - Not Found - /socket.io/?EIO=4&transport=websocket
Error: Not Found - /socket.io/?EIO=4&transport=websocket
    at notFound (C:\react project\x\the-karan-singh-vaidh\the-karan-singh-vaidh\server\middleware\errorMiddleware.js:2:19)
    at Layer.handleRequest (C:\react project\x\the-karan-singh-vaidh\the-karan-singh-vaidh\server\node_modules\router\lib\layer.js:152:17)
    at trimPrefix (C:\react project\x\the-karan-singh-vaidh\the-karan-singh-vaidh\server\node_modules\router\index.js:342:13)
    at C:\react project\x\the-karan-singh-vaidh\the-karan-singh-vaidh\server\node_modules\router\index.js:297:9
    at processParams (C:\react project\x\the-karan-singh-vaidh\the-karan-singh-vaidh\server\node_modules\router\index.js:582:12)
    at next (C:\react project\x\the-karan-singh-vaidh\the-karan-singh-vaidh\server\node_modules\router\index.js:291:5)
    at logger (C:\react project\x\the-karan-singh-vaidh\the-karan-singh-vaidh\server\node_modules\morgan\index.js:144:5)
    at Layer.handleRequest (C:\react project\x\the-karan-singh-vaidh\the-karan-singh-vaidh\server\node_modules\router\lib\layer.js:152:17)
    at trimPrefix (C:\react project\x\the-karan-singh-vaidh\the-karan-singh-vaidh\server\node_modules\router\index.js:342:13)
    at C:\react project\x\the-karan-singh-vaidh\the-karan-singh-vaidh\server\node_modules\router\index.js:297:9

[2026-04-15T16:44:56.170Z] 404 - Not Found - /socket.io/?EIO=4&transport=websocket
Error: Not Found - /socket.io/?EIO=4&transport=websocket
    at notFound (C:\react project\x\the-karan-singh-vaidh\the-karan-singh-vaidh\server\middleware\errorMiddleware.js:2:19)
    at Layer.handleRequest (C:\react project\x\the-karan-singh-vaidh\the-karan-singh-vaidh\server\node_modules\router\lib\layer.js:152:17)
    at trimPrefix (C:\react project\x\the-karan-singh-vaidh\the-karan-singh-vaidh\server\node_modules\router\index.js:342:13)
    at C:\react project\x\the-karan-singh-vaidh\the-karan-singh-vaidh\server\node_modules\router\index.js:297:9
    at processParams (C:\react project\x\the-karan-singh-vaidh\the-karan-singh-vaidh\server\node_modules\router\index.js:582:12)
    at next (C:\react project\x\the-karan-singh-vaidh\the-karan-singh-vaidh\server\node_modules\router\index.js:291:5)
    at logger (C:\react project\x\the-karan-singh-vaidh\the-karan-singh-vaidh\server\node_modules\morgan\index.js:144:5)
    at Layer.handleRequest (C:\react project\x\the-karan-singh-vaidh\the-karan-singh-vaidh\server\node_modules\router\lib\layer.js:152:17)
    at trimPrefix (C:\react project\x\the-karan-singh-vaidh\the-karan-singh-vaidh\server\node_modules\router\index.js:342:13)
    at C:\react project\x\the-karan-singh-vaidh\the-karan-singh-vaidh\server\node_modules\router\index.js:297:9

[2026-04-15T16:45:02.178Z] 404 - Not Found - /socket.io/?EIO=4&transport=websocket
Error: Not Found - /socket.io/?EIO=4&transport=websocket
    at notFound (C:\react project\x\the-karan-singh-vaidh\the-karan-singh-vaidh\server\middleware\errorMiddleware.js:2:19)
    at Layer.handleRequest (C:\react project\x\the-karan-singh-vaidh\the-karan-singh-vaidh\server\node_modules\router\lib\layer.js:152:17)
    at trimPrefix (C:\react project\x\the-karan-singh-vaidh\the-karan-singh-vaidh\server\node_modules\router\index.js:342:13)
    at C:\react project\x\the-karan-singh-vaidh\the-karan-singh-vaidh\server\node_modules\router\index.js:297:9
    at processParams (C:\react project\x\the-karan-singh-vaidh\the-karan-singh-vaidh\server\node_modules\router\index.js:582:12)
    at next (C:\react project\x\the-karan-singh-vaidh\the-karan-singh-vaidh\server\node_modules\router\index.js:291:5)
    at logger (C:\react project\x\the-karan-singh-vaidh\the-karan-singh-vaidh\server\node_modules\morgan\index.js:144:5)
    at Layer.handleRequest (C:\react project\x\the-karan-singh-vaidh\the-karan-singh-vaidh\server\node_modules\router\lib\layer.js:152:17)
    at trimPrefix (C:\react project\x\the-karan-singh-vaidh\the-karan-singh-vaidh\server\node_modules\router\index.js:342:13)
    at C:\react project\x\the-karan-singh-vaidh\the-karan-singh-vaidh\server\node_modules\router\index.js:297:9

[2026-04-15T16:45:08.182Z] 404 - Not Found - /socket.io/?EIO=4&transport=websocket
Error: Not Found - /socket.io/?EIO=4&transport=websocket
    at notFound (C:\react project\x\the-karan-singh-vaidh\the-karan-singh-vaidh\server\middleware\errorMiddleware.js:2:19)
    at Layer.handleRequest (C:\react project\x\the-karan-singh-vaidh\the-karan-singh-vaidh\server\node_modules\router\lib\layer.js:152:17)
    at trimPrefix (C:\react project\x\the-karan-singh-vaidh\the-karan-singh-vaidh\server\node_modules\router\index.js:342:13)
    at C:\react project\x\the-karan-singh-vaidh\the-karan-singh-vaidh\server\node_modules\router\index.js:297:9
    at processParams (C:\react project\x\the-karan-singh-vaidh\the-karan-singh-vaidh\server\node_modules\router\index.js:582:12)
    at next (C:\react project\x\the-karan-singh-vaidh\the-karan-singh-vaidh\server\node_modules\router\index.js:291:5)
    at logger (C:\react project\x\the-karan-singh-vaidh\the-karan-singh-vaidh\server\node_modules\morgan\index.js:144:5)
    at Layer.handleRequest (C:\react project\x\the-karan-singh-vaidh\the-karan-singh-vaidh\server\node_modules\router\lib\layer.js:152:17)
    at trimPrefix (C:\react project\x\the-karan-singh-vaidh\the-karan-singh-vaidh\server\node_modules\router\index.js:342:13)
    at C:\react project\x\the-karan-singh-vaidh\the-karan-singh-vaidh\server\node_modules\router\index.js:297:9

[2026-04-15T16:45:14.181Z] 404 - Not Found - /socket.io/?EIO=4&transport=websocket
Error: Not Found - /socket.io/?EIO=4&transport=websocket
    at notFound (C:\react project\x\the-karan-singh-vaidh\the-karan-singh-vaidh\server\middleware\errorMiddleware.js:2:19)
    at Layer.handleRequest (C:\react project\x\the-karan-singh-vaidh\the-karan-singh-vaidh\server\node_modules\router\lib\layer.js:152:17)
    at trimPrefix (C:\react project\x\the-karan-singh-vaidh\the-karan-singh-vaidh\server\node_modules\router\index.js:342:13)
    at C:\react project\x\the-karan-singh-vaidh\the-karan-singh-vaidh\server\node_modules\router\index.js:297:9
    at processParams (C:\react project\x\the-karan-singh-vaidh\the-karan-singh-vaidh\server\node_modules\router\index.js:582:12)
    at next (C:\react project\x\the-karan-singh-vaidh\the-karan-singh-vaidh\server\node_modules\router\index.js:291:5)
    at logger (C:\react project\x\the-karan-singh-vaidh\the-karan-singh-vaidh\server\node_modules\morgan\index.js:144:5)
    at Layer.handleRequest (C:\react project\x\the-karan-singh-vaidh\the-karan-singh-vaidh\server\node_modules\router\lib\layer.js:152:17)
    at trimPrefix (C:\react project\x\the-karan-singh-vaidh\the-karan-singh-vaidh\server\node_modules\router\index.js:342:13)
    at C:\react project\x\the-karan-singh-vaidh\the-karan-singh-vaidh\server\node_modules\router\index.js:297:9

[2026-04-15T16:45:20.168Z] 404 - Not Found - /socket.io/?EIO=4&transport=websocket
Error: Not Found - /socket.io/?EIO=4&transport=websocket
    at notFound (C:\react project\x\the-karan-singh-vaidh\the-karan-singh-vaidh\server\middleware\errorMiddleware.js:2:19)
    at Layer.handleRequest (C:\react project\x\the-karan-singh-vaidh\the-karan-singh-vaidh\server\node_modules\router\lib\layer.js:152:17)
    at trimPrefix (C:\react project\x\the-karan-singh-vaidh\the-karan-singh-vaidh\server\node_modules\router\index.js:342:13)
    at C:\react project\x\the-karan-singh-vaidh\the-karan-singh-vaidh\server\node_modules\router\index.js:297:9
    at processParams (C:\react project\x\the-karan-singh-vaidh\the-karan-singh-vaidh\server\node_modules\router\index.js:582:12)
    at next (C:\react project\x\the-karan-singh-vaidh\the-karan-singh-vaidh\server\node_modules\router\index.js:291:5)
    at logger (C:\react project\x\the-karan-singh-vaidh\the-karan-singh-vaidh\server\node_modules\morgan\index.js:144:5)
    at Layer.handleRequest (C:\react project\x\the-karan-singh-vaidh\the-karan-singh-vaidh\server\node_modules\router\lib\layer.js:152:17)
    at trimPrefix (C:\react project\x\the-karan-singh-vaidh\the-karan-singh-vaidh\server\node_modules\router\index.js:342:13)
    at C:\react project\x\the-karan-singh-vaidh\the-karan-singh-vaidh\server\node_modules\router\index.js:297:9

[2026-04-15T16:45:26.193Z] 404 - Not Found - /socket.io/?EIO=4&transport=websocket
Error: Not Found - /socket.io/?EIO=4&transport=websocket
    at notFound (C:\react project\x\the-karan-singh-vaidh\the-karan-singh-vaidh\server\middleware\errorMiddleware.js:2:19)
    at Layer.handleRequest (C:\react project\x\the-karan-singh-vaidh\the-karan-singh-vaidh\server\node_modules\router\lib\layer.js:152:17)
    at trimPrefix (C:\react project\x\the-karan-singh-vaidh\the-karan-singh-vaidh\server\node_modules\router\index.js:342:13)
    at C:\react project\x\the-karan-singh-vaidh\the-karan-singh-vaidh\server\node_modules\router\index.js:297:9
    at processParams (C:\react project\x\the-karan-singh-vaidh\the-karan-singh-vaidh\server\node_modules\router\index.js:582:12)
    at next (C:\react project\x\the-karan-singh-vaidh\the-karan-singh-vaidh\server\node_modules\router\index.js:291:5)
    at logger (C:\react project\x\the-karan-singh-vaidh\the-karan-singh-vaidh\server\node_modules\morgan\index.js:144:5)
    at Layer.handleRequest (C:\react project\x\the-karan-singh-vaidh\the-karan-singh-vaidh\server\node_modules\router\lib\layer.js:152:17)
    at trimPrefix (C:\react project\x\the-karan-singh-vaidh\the-karan-singh-vaidh\server\node_modules\router\index.js:342:13)
    at C:\react project\x\the-karan-singh-vaidh\the-karan-singh-vaidh\server\node_modules\router\index.js:297:9

[2026-04-15T16:45:32.210Z] 404 - Not Found - /socket.io/?EIO=4&transport=websocket
Error: Not Found - /socket.io/?EIO=4&transport=websocket
    at notFound (C:\react project\x\the-karan-singh-vaidh\the-karan-singh-vaidh\server\middleware\errorMiddleware.js:2:19)
    at Layer.handleRequest (C:\react project\x\the-karan-singh-vaidh\the-karan-singh-vaidh\server\node_modules\router\lib\layer.js:152:17)
    at trimPrefix (C:\react project\x\the-karan-singh-vaidh\the-karan-singh-vaidh\server\node_modules\router\index.js:342:13)
    at C:\react project\x\the-karan-singh-vaidh\the-karan-singh-vaidh\server\node_modules\router\index.js:297:9
    at processParams (C:\react project\x\the-karan-singh-vaidh\the-karan-singh-vaidh\server\node_modules\router\index.js:582:12)
    at next (C:\react project\x\the-karan-singh-vaidh\the-karan-singh-vaidh\server\node_modules\router\index.js:291:5)
    at logger (C:\react project\x\the-karan-singh-vaidh\the-karan-singh-vaidh\server\node_modules\morgan\index.js:144:5)
    at Layer.handleRequest (C:\react project\x\the-karan-singh-vaidh\the-karan-singh-vaidh\server\node_modules\router\lib\layer.js:152:17)
    at trimPrefix (C:\react project\x\the-karan-singh-vaidh\the-karan-singh-vaidh\server\node_modules\router\index.js:342:13)
    at C:\react project\x\the-karan-singh-vaidh\the-karan-singh-vaidh\server\node_modules\router\index.js:297:9

[2026-04-15T16:45:38.336Z] 404 - Not Found - /socket.io/?EIO=4&transport=websocket
Error: Not Found - /socket.io/?EIO=4&transport=websocket
    at notFound (C:\react project\x\the-karan-singh-vaidh\the-karan-singh-vaidh\server\middleware\errorMiddleware.js:2:19)
    at Layer.handleRequest (C:\react project\x\the-karan-singh-vaidh\the-karan-singh-vaidh\server\node_modules\router\lib\layer.js:152:17)
    at trimPrefix (C:\react project\x\the-karan-singh-vaidh\the-karan-singh-vaidh\server\node_modules\router\index.js:342:13)
    at C:\react project\x\the-karan-singh-vaidh\the-karan-singh-vaidh\server\node_modules\router\index.js:297:9
    at processParams (C:\react project\x\the-karan-singh-vaidh\the-karan-singh-vaidh\server\node_modules\router\index.js:582:12)
    at next (C:\react project\x\the-karan-singh-vaidh\the-karan-singh-vaidh\server\node_modules\router\index.js:291:5)
    at logger (C:\react project\x\the-karan-singh-vaidh\the-karan-singh-vaidh\server\node_modules\morgan\index.js:144:5)
    at Layer.handleRequest (C:\react project\x\the-karan-singh-vaidh\the-karan-singh-vaidh\server\node_modules\router\lib\layer.js:152:17)
    at trimPrefix (C:\react project\x\the-karan-singh-vaidh\the-karan-singh-vaidh\server\node_modules\router\index.js:342:13)
    at C:\react project\x\the-karan-singh-vaidh\the-karan-singh-vaidh\server\node_modules\router\index.js:297:9

[2026-04-15T16:45:44.517Z] 404 - Not Found - /socket.io/?EIO=4&transport=websocket
Error: Not Found - /socket.io/?EIO=4&transport=websocket
    at notFound (C:\react project\x\the-karan-singh-vaidh\the-karan-singh-vaidh\server\middleware\errorMiddleware.js:2:19)
    at Layer.handleRequest (C:\react project\x\the-karan-singh-vaidh\the-karan-singh-vaidh\server\node_modules\router\lib\layer.js:152:17)
    at trimPrefix (C:\react project\x\the-karan-singh-vaidh\the-karan-singh-vaidh\server\node_modules\router\index.js:342:13)
    at C:\react project\x\the-karan-singh-vaidh\the-karan-singh-vaidh\server\node_modules\router\index.js:297:9
    at processParams (C:\react project\x\the-karan-singh-vaidh\the-karan-singh-vaidh\server\node_modules\router\index.js:582:12)
    at next (C:\react project\x\the-karan-singh-vaidh\the-karan-singh-vaidh\server\node_modules\router\index.js:291:5)
    at logger (C:\react project\x\the-karan-singh-vaidh\the-karan-singh-vaidh\server\node_modules\morgan\index.js:144:5)
    at Layer.handleRequest (C:\react project\x\the-karan-singh-vaidh\the-karan-singh-vaidh\server\node_modules\router\lib\layer.js:152:17)
    at trimPrefix (C:\react project\x\the-karan-singh-vaidh\the-karan-singh-vaidh\server\node_modules\router\index.js:342:13)
    at C:\react project\x\the-karan-singh-vaidh\the-karan-singh-vaidh\server\node_modules\router\index.js:297:9

[2026-04-15T16:45:50.885Z] 404 - Not Found - /socket.io/?EIO=4&transport=websocket
Error: Not Found - /socket.io/?EIO=4&transport=websocket
    at notFound (C:\react project\x\the-karan-singh-vaidh\the-karan-singh-vaidh\server\middleware\errorMiddleware.js:2:19)
    at Layer.handleRequest (C:\react project\x\the-karan-singh-vaidh\the-karan-singh-vaidh\server\node_modules\router\lib\layer.js:152:17)
    at trimPrefix (C:\react project\x\the-karan-singh-vaidh\the-karan-singh-vaidh\server\node_modules\router\index.js:342:13)
    at C:\react project\x\the-karan-singh-vaidh\the-karan-singh-vaidh\server\node_modules\router\index.js:297:9
    at processParams (C:\react project\x\the-karan-singh-vaidh\the-karan-singh-vaidh\server\node_modules\router\index.js:582:12)
    at next (C:\react project\x\the-karan-singh-vaidh\the-karan-singh-vaidh\server\node_modules\router\index.js:291:5)
    at logger (C:\react project\x\the-karan-singh-vaidh\the-karan-singh-vaidh\server\node_modules\morgan\index.js:144:5)
    at Layer.handleRequest (C:\react project\x\the-karan-singh-vaidh\the-karan-singh-vaidh\server\node_modules\router\lib\layer.js:152:17)
    at trimPrefix (C:\react project\x\the-karan-singh-vaidh\the-karan-singh-vaidh\server\node_modules\router\index.js:342:13)
    at C:\react project\x\the-karan-singh-vaidh\the-karan-singh-vaidh\server\node_modules\router\index.js:297:9

[2026-04-15T16:45:58.571Z] 404 - Not Found - /socket.io/?EIO=4&transport=websocket
Error: Not Found - /socket.io/?EIO=4&transport=websocket
    at notFound (C:\react project\x\the-karan-singh-vaidh\the-karan-singh-vaidh\server\middleware\errorMiddleware.js:2:19)
    at Layer.handleRequest (C:\react project\x\the-karan-singh-vaidh\the-karan-singh-vaidh\server\node_modules\router\lib\layer.js:152:17)
    at trimPrefix (C:\react project\x\the-karan-singh-vaidh\the-karan-singh-vaidh\server\node_modules\router\index.js:342:13)
    at C:\react project\x\the-karan-singh-vaidh\the-karan-singh-vaidh\server\node_modules\router\index.js:297:9
    at processParams (C:\react project\x\the-karan-singh-vaidh\the-karan-singh-vaidh\server\node_modules\router\index.js:582:12)
    at next (C:\react project\x\the-karan-singh-vaidh\the-karan-singh-vaidh\server\node_modules\router\index.js:291:5)
    at logger (C:\react project\x\the-karan-singh-vaidh\the-karan-singh-vaidh\server\node_modules\morgan\index.js:144:5)
    at Layer.handleRequest (C:\react project\x\the-karan-singh-vaidh\the-karan-singh-vaidh\server\node_modules\router\lib\layer.js:152:17)
    at trimPrefix (C:\react project\x\the-karan-singh-vaidh\the-karan-singh-vaidh\server\node_modules\router\index.js:342:13)
    at C:\react project\x\the-karan-singh-vaidh\the-karan-singh-vaidh\server\node_modules\router\index.js:297:9

[2026-04-15T16:46:06.728Z] 404 - Not Found - /socket.io/?EIO=4&transport=websocket
Error: Not Found - /socket.io/?EIO=4&transport=websocket
    at notFound (C:\react project\x\the-karan-singh-vaidh\the-karan-singh-vaidh\server\middleware\errorMiddleware.js:2:19)
    at Layer.handleRequest (C:\react project\x\the-karan-singh-vaidh\the-karan-singh-vaidh\server\node_modules\router\lib\layer.js:152:17)
    at trimPrefix (C:\react project\x\the-karan-singh-vaidh\the-karan-singh-vaidh\server\node_modules\router\index.js:342:13)
    at C:\react project\x\the-karan-singh-vaidh\the-karan-singh-vaidh\server\node_modules\router\index.js:297:9
    at processParams (C:\react project\x\the-karan-singh-vaidh\the-karan-singh-vaidh\server\node_modules\router\index.js:582:12)
    at next (C:\react project\x\the-karan-singh-vaidh\the-karan-singh-vaidh\server\node_modules\router\index.js:291:5)
    at logger (C:\react project\x\the-karan-singh-vaidh\the-karan-singh-vaidh\server\node_modules\morgan\index.js:144:5)
    at Layer.handleRequest (C:\react project\x\the-karan-singh-vaidh\the-karan-singh-vaidh\server\node_modules\router\lib\layer.js:152:17)
    at trimPrefix (C:\react project\x\the-karan-singh-vaidh\the-karan-singh-vaidh\server\node_modules\router\index.js:342:13)
    at C:\react project\x\the-karan-singh-vaidh\the-karan-singh-vaidh\server\node_modules\router\index.js:297:9

[2026-04-15T16:46:15.210Z] 404 - Not Found - /socket.io/?EIO=4&transport=websocket
Error: Not Found - /socket.io/?EIO=4&transport=websocket
    at notFound (C:\react project\x\the-karan-singh-vaidh\the-karan-singh-vaidh\server\middleware\errorMiddleware.js:2:19)
    at Layer.handleRequest (C:\react project\x\the-karan-singh-vaidh\the-karan-singh-vaidh\server\node_modules\router\lib\layer.js:152:17)
    at trimPrefix (C:\react project\x\the-karan-singh-vaidh\the-karan-singh-vaidh\server\node_modules\router\index.js:342:13)
    at C:\react project\x\the-karan-singh-vaidh\the-karan-singh-vaidh\server\node_modules\router\index.js:297:9
    at processParams (C:\react project\x\the-karan-singh-vaidh\the-karan-singh-vaidh\server\node_modules\router\index.js:582:12)
    at next (C:\react project\x\the-karan-singh-vaidh\the-karan-singh-vaidh\server\node_modules\router\index.js:291:5)
    at logger (C:\react project\x\the-karan-singh-vaidh\the-karan-singh-vaidh\server\node_modules\morgan\index.js:144:5)
    at Layer.handleRequest (C:\react project\x\the-karan-singh-vaidh\the-karan-singh-vaidh\server\node_modules\router\lib\layer.js:152:17)
    at trimPrefix (C:\react project\x\the-karan-singh-vaidh\the-karan-singh-vaidh\server\node_modules\router\index.js:342:13)
    at C:\react project\x\the-karan-singh-vaidh\the-karan-singh-vaidh\server\node_modules\router\index.js:297:9

[2026-04-15T16:46:25.625Z] 404 - Not Found - /socket.io/?EIO=4&transport=websocket
Error: Not Found - /socket.io/?EIO=4&transport=websocket
    at notFound (C:\react project\x\the-karan-singh-vaidh\the-karan-singh-vaidh\server\middleware\errorMiddleware.js:2:19)
    at Layer.handleRequest (C:\react project\x\the-karan-singh-vaidh\the-karan-singh-vaidh\server\node_modules\router\lib\layer.js:152:17)
    at trimPrefix (C:\react project\x\the-karan-singh-vaidh\the-karan-singh-vaidh\server\node_modules\router\index.js:342:13)
    at C:\react project\x\the-karan-singh-vaidh\the-karan-singh-vaidh\server\node_modules\router\index.js:297:9
    at processParams (C:\react project\x\the-karan-singh-vaidh\the-karan-singh-vaidh\server\node_modules\router\index.js:582:12)
    at next (C:\react project\x\the-karan-singh-vaidh\the-karan-singh-vaidh\server\node_modules\router\index.js:291:5)
    at logger (C:\react project\x\the-karan-singh-vaidh\the-karan-singh-vaidh\server\node_modules\morgan\index.js:144:5)
    at Layer.handleRequest (C:\react project\x\the-karan-singh-vaidh\the-karan-singh-vaidh\server\node_modules\router\lib\layer.js:152:17)
    at trimPrefix (C:\react project\x\the-karan-singh-vaidh\the-karan-singh-vaidh\server\node_modules\router\index.js:342:13)
    at C:\react project\x\the-karan-singh-vaidh\the-karan-singh-vaidh\server\node_modules\router\index.js:297:9

[2026-04-15T16:46:31.151Z] 404 - Not Found - /socket.io/?EIO=4&transport=websocket
Error: Not Found - /socket.io/?EIO=4&transport=websocket
    at notFound (C:\react project\x\the-karan-singh-vaidh\the-karan-singh-vaidh\server\middleware\errorMiddleware.js:2:19)
    at Layer.handleRequest (C:\react project\x\the-karan-singh-vaidh\the-karan-singh-vaidh\server\node_modules\router\lib\layer.js:152:17)
    at trimPrefix (C:\react project\x\the-karan-singh-vaidh\the-karan-singh-vaidh\server\node_modules\router\index.js:342:13)
    at C:\react project\x\the-karan-singh-vaidh\the-karan-singh-vaidh\server\node_modules\router\index.js:297:9
    at processParams (C:\react project\x\the-karan-singh-vaidh\the-karan-singh-vaidh\server\node_modules\router\index.js:582:12)
    at next (C:\react project\x\the-karan-singh-vaidh\the-karan-singh-vaidh\server\node_modules\router\index.js:291:5)
    at logger (C:\react project\x\the-karan-singh-vaidh\the-karan-singh-vaidh\server\node_modules\morgan\index.js:144:5)
    at Layer.handleRequest (C:\react project\x\the-karan-singh-vaidh\the-karan-singh-vaidh\server\node_modules\router\lib\layer.js:152:17)
    at trimPrefix (C:\react project\x\the-karan-singh-vaidh\the-karan-singh-vaidh\server\node_modules\router\index.js:342:13)
    at C:\react project\x\the-karan-singh-vaidh\the-karan-singh-vaidh\server\node_modules\router\index.js:297:9

[2026-04-15T16:46:37.159Z] 404 - Not Found - /socket.io/?EIO=4&transport=websocket
Error: Not Found - /socket.io/?EIO=4&transport=websocket
    at notFound (C:\react project\x\the-karan-singh-vaidh\the-karan-singh-vaidh\server\middleware\errorMiddleware.js:2:19)
    at Layer.handleRequest (C:\react project\x\the-karan-singh-vaidh\the-karan-singh-vaidh\server\node_modules\router\lib\layer.js:152:17)
    at trimPrefix (C:\react project\x\the-karan-singh-vaidh\the-karan-singh-vaidh\server\node_modules\router\index.js:342:13)
    at C:\react project\x\the-karan-singh-vaidh\the-karan-singh-vaidh\server\node_modules\router\index.js:297:9
    at processParams (C:\react project\x\the-karan-singh-vaidh\the-karan-singh-vaidh\server\node_modules\router\index.js:582:12)
    at next (C:\react project\x\the-karan-singh-vaidh\the-karan-singh-vaidh\server\node_modules\router\index.js:291:5)
    at logger (C:\react project\x\the-karan-singh-vaidh\the-karan-singh-vaidh\server\node_modules\morgan\index.js:144:5)
    at Layer.handleRequest (C:\react project\x\the-karan-singh-vaidh\the-karan-singh-vaidh\server\node_modules\router\lib\layer.js:152:17)
    at trimPrefix (C:\react project\x\the-karan-singh-vaidh\the-karan-singh-vaidh\server\node_modules\router\index.js:342:13)
    at C:\react project\x\the-karan-singh-vaidh\the-karan-singh-vaidh\server\node_modules\router\index.js:297:9

[2026-04-15T16:46:43.161Z] 404 - Not Found - /socket.io/?EIO=4&transport=websocket
Error: Not Found - /socket.io/?EIO=4&transport=websocket
    at notFound (C:\react project\x\the-karan-singh-vaidh\the-karan-singh-vaidh\server\middleware\errorMiddleware.js:2:19)
    at Layer.handleRequest (C:\react project\x\the-karan-singh-vaidh\the-karan-singh-vaidh\server\node_modules\router\lib\layer.js:152:17)
    at trimPrefix (C:\react project\x\the-karan-singh-vaidh\the-karan-singh-vaidh\server\node_modules\router\index.js:342:13)
    at C:\react project\x\the-karan-singh-vaidh\the-karan-singh-vaidh\server\node_modules\router\index.js:297:9
    at processParams (C:\react project\x\the-karan-singh-vaidh\the-karan-singh-vaidh\server\node_modules\router\index.js:582:12)
    at next (C:\react project\x\the-karan-singh-vaidh\the-karan-singh-vaidh\server\node_modules\router\index.js:291:5)
    at logger (C:\react project\x\the-karan-singh-vaidh\the-karan-singh-vaidh\server\node_modules\morgan\index.js:144:5)
    at Layer.handleRequest (C:\react project\x\the-karan-singh-vaidh\the-karan-singh-vaidh\server\node_modules\router\lib\layer.js:152:17)
    at trimPrefix (C:\react project\x\the-karan-singh-vaidh\the-karan-singh-vaidh\server\node_modules\router\index.js:342:13)
    at C:\react project\x\the-karan-singh-vaidh\the-karan-singh-vaidh\server\node_modules\router\index.js:297:9

[2026-04-15T16:46:49.164Z] 404 - Not Found - /socket.io/?EIO=4&transport=websocket
Error: Not Found - /socket.io/?EIO=4&transport=websocket
    at notFound (C:\react project\x\the-karan-singh-vaidh\the-karan-singh-vaidh\server\middleware\errorMiddleware.js:2:19)
    at Layer.handleRequest (C:\react project\x\the-karan-singh-vaidh\the-karan-singh-vaidh\server\node_modules\router\lib\layer.js:152:17)
    at trimPrefix (C:\react project\x\the-karan-singh-vaidh\the-karan-singh-vaidh\server\node_modules\router\index.js:342:13)
    at C:\react project\x\the-karan-singh-vaidh\the-karan-singh-vaidh\server\node_modules\router\index.js:297:9
    at processParams (C:\react project\x\the-karan-singh-vaidh\the-karan-singh-vaidh\server\node_modules\router\index.js:582:12)
    at next (C:\react project\x\the-karan-singh-vaidh\the-karan-singh-vaidh\server\node_modules\router\index.js:291:5)
    at logger (C:\react project\x\the-karan-singh-vaidh\the-karan-singh-vaidh\server\node_modules\morgan\index.js:144:5)
    at Layer.handleRequest (C:\react project\x\the-karan-singh-vaidh\the-karan-singh-vaidh\server\node_modules\router\lib\layer.js:152:17)
    at trimPrefix (C:\react project\x\the-karan-singh-vaidh\the-karan-singh-vaidh\server\node_modules\router\index.js:342:13)
    at C:\react project\x\the-karan-singh-vaidh\the-karan-singh-vaidh\server\node_modules\router\index.js:297:9

[2026-04-15T16:46:55.166Z] 404 - Not Found - /socket.io/?EIO=4&transport=websocket
Error: Not Found - /socket.io/?EIO=4&transport=websocket
    at notFound (C:\react project\x\the-karan-singh-vaidh\the-karan-singh-vaidh\server\middleware\errorMiddleware.js:2:19)
    at Layer.handleRequest (C:\react project\x\the-karan-singh-vaidh\the-karan-singh-vaidh\server\node_modules\router\lib\layer.js:152:17)
    at trimPrefix (C:\react project\x\the-karan-singh-vaidh\the-karan-singh-vaidh\server\node_modules\router\index.js:342:13)
    at C:\react project\x\the-karan-singh-vaidh\the-karan-singh-vaidh\server\node_modules\router\index.js:297:9
    at processParams (C:\react project\x\the-karan-singh-vaidh\the-karan-singh-vaidh\server\node_modules\router\index.js:582:12)
    at next (C:\react project\x\the-karan-singh-vaidh\the-karan-singh-vaidh\server\node_modules\router\index.js:291:5)
    at logger (C:\react project\x\the-karan-singh-vaidh\the-karan-singh-vaidh\server\node_modules\morgan\index.js:144:5)
    at Layer.handleRequest (C:\react project\x\the-karan-singh-vaidh\the-karan-singh-vaidh\server\node_modules\router\lib\layer.js:152:17)
    at trimPrefix (C:\react project\x\the-karan-singh-vaidh\the-karan-singh-vaidh\server\node_modules\router\index.js:342:13)
    at C:\react project\x\the-karan-singh-vaidh\the-karan-singh-vaidh\server\node_modules\router\index.js:297:9

[2026-04-15T16:47:01.173Z] 404 - Not Found - /socket.io/?EIO=4&transport=websocket
Error: Not Found - /socket.io/?EIO=4&transport=websocket
    at notFound (C:\react project\x\the-karan-singh-vaidh\the-karan-singh-vaidh\server\middleware\errorMiddleware.js:2:19)
    at Layer.handleRequest (C:\react project\x\the-karan-singh-vaidh\the-karan-singh-vaidh\server\node_modules\router\lib\layer.js:152:17)
    at trimPrefix (C:\react project\x\the-karan-singh-vaidh\the-karan-singh-vaidh\server\node_modules\router\index.js:342:13)
    at C:\react project\x\the-karan-singh-vaidh\the-karan-singh-vaidh\server\node_modules\router\index.js:297:9
    at processParams (C:\react project\x\the-karan-singh-vaidh\the-karan-singh-vaidh\server\node_modules\router\index.js:582:12)
    at next (C:\react project\x\the-karan-singh-vaidh\the-karan-singh-vaidh\server\node_modules\router\index.js:291:5)
    at logger (C:\react project\x\the-karan-singh-vaidh\the-karan-singh-vaidh\server\node_modules\morgan\index.js:144:5)
    at Layer.handleRequest (C:\react project\x\the-karan-singh-vaidh\the-karan-singh-vaidh\server\node_modules\router\lib\layer.js:152:17)
    at trimPrefix (C:\react project\x\the-karan-singh-vaidh\the-karan-singh-vaidh\server\node_modules\router\index.js:342:13)
    at C:\react project\x\the-karan-singh-vaidh\the-karan-singh-vaidh\server\node_modules\router\index.js:297:9

[2026-04-15T16:47:07.176Z] 404 - Not Found - /socket.io/?EIO=4&transport=websocket
Error: Not Found - /socket.io/?EIO=4&transport=websocket
    at notFound (C:\react project\x\the-karan-singh-vaidh\the-karan-singh-vaidh\server\middleware\errorMiddleware.js:2:19)
    at Layer.handleRequest (C:\react project\x\the-karan-singh-vaidh\the-karan-singh-vaidh\server\node_modules\router\lib\layer.js:152:17)
    at trimPrefix (C:\react project\x\the-karan-singh-vaidh\the-karan-singh-vaidh\server\node_modules\router\index.js:342:13)
    at C:\react project\x\the-karan-singh-vaidh\the-karan-singh-vaidh\server\node_modules\router\index.js:297:9
    at processParams (C:\react project\x\the-karan-singh-vaidh\the-karan-singh-vaidh\server\node_modules\router\index.js:582:12)
    at next (C:\react project\x\the-karan-singh-vaidh\the-karan-singh-vaidh\server\node_modules\router\index.js:291:5)
    at logger (C:\react project\x\the-karan-singh-vaidh\the-karan-singh-vaidh\server\node_modules\morgan\index.js:144:5)
    at Layer.handleRequest (C:\react project\x\the-karan-singh-vaidh\the-karan-singh-vaidh\server\node_modules\router\lib\layer.js:152:17)
    at trimPrefix (C:\react project\x\the-karan-singh-vaidh\the-karan-singh-vaidh\server\node_modules\router\index.js:342:13)
    at C:\react project\x\the-karan-singh-vaidh\the-karan-singh-vaidh\server\node_modules\router\index.js:297:9

[2026-04-15T16:47:13.167Z] 404 - Not Found - /socket.io/?EIO=4&transport=websocket
Error: Not Found - /socket.io/?EIO=4&transport=websocket
    at notFound (C:\react project\x\the-karan-singh-vaidh\the-karan-singh-vaidh\server\middleware\errorMiddleware.js:2:19)
    at Layer.handleRequest (C:\react project\x\the-karan-singh-vaidh\the-karan-singh-vaidh\server\node_modules\router\lib\layer.js:152:17)
    at trimPrefix (C:\react project\x\the-karan-singh-vaidh\the-karan-singh-vaidh\server\node_modules\router\index.js:342:13)
    at C:\react project\x\the-karan-singh-vaidh\the-karan-singh-vaidh\server\node_modules\router\index.js:297:9
    at processParams (C:\react project\x\the-karan-singh-vaidh\the-karan-singh-vaidh\server\node_modules\router\index.js:582:12)
    at next (C:\react project\x\the-karan-singh-vaidh\the-karan-singh-vaidh\server\node_modules\router\index.js:291:5)
    at logger (C:\react project\x\the-karan-singh-vaidh\the-karan-singh-vaidh\server\node_modules\morgan\index.js:144:5)
    at Layer.handleRequest (C:\react project\x\the-karan-singh-vaidh\the-karan-singh-vaidh\server\node_modules\router\lib\layer.js:152:17)
    at trimPrefix (C:\react project\x\the-karan-singh-vaidh\the-karan-singh-vaidh\server\node_modules\router\index.js:342:13)
    at C:\react project\x\the-karan-singh-vaidh\the-karan-singh-vaidh\server\node_modules\router\index.js:297:9

[2026-04-15T16:47:19.190Z] 404 - Not Found - /socket.io/?EIO=4&transport=websocket
Error: Not Found - /socket.io/?EIO=4&transport=websocket
    at notFound (C:\react project\x\the-karan-singh-vaidh\the-karan-singh-vaidh\server\middleware\errorMiddleware.js:2:19)
    at Layer.handleRequest (C:\react project\x\the-karan-singh-vaidh\the-karan-singh-vaidh\server\node_modules\router\lib\layer.js:152:17)
    at trimPrefix (C:\react project\x\the-karan-singh-vaidh\the-karan-singh-vaidh\server\node_modules\router\index.js:342:13)
    at C:\react project\x\the-karan-singh-vaidh\the-karan-singh-vaidh\server\node_modules\router\index.js:297:9
    at processParams (C:\react project\x\the-karan-singh-vaidh\the-karan-singh-vaidh\server\node_modules\router\index.js:582:12)
    at next (C:\react project\x\the-karan-singh-vaidh\the-karan-singh-vaidh\server\node_modules\router\index.js:291:5)
    at logger (C:\react project\x\the-karan-singh-vaidh\the-karan-singh-vaidh\server\node_modules\morgan\index.js:144:5)
    at Layer.handleRequest (C:\react project\x\the-karan-singh-vaidh\the-karan-singh-vaidh\server\node_modules\router\lib\layer.js:152:17)
    at trimPrefix (C:\react project\x\the-karan-singh-vaidh\the-karan-singh-vaidh\server\node_modules\router\index.js:342:13)
    at C:\react project\x\the-karan-singh-vaidh\the-karan-singh-vaidh\server\node_modules\router\index.js:297:9

[2026-04-15T16:47:25.208Z] 404 - Not Found - /socket.io/?EIO=4&transport=websocket
Error: Not Found - /socket.io/?EIO=4&transport=websocket
    at notFound (C:\react project\x\the-karan-singh-vaidh\the-karan-singh-vaidh\server\middleware\errorMiddleware.js:2:19)
    at Layer.handleRequest (C:\react project\x\the-karan-singh-vaidh\the-karan-singh-vaidh\server\node_modules\router\lib\layer.js:152:17)
    at trimPrefix (C:\react project\x\the-karan-singh-vaidh\the-karan-singh-vaidh\server\node_modules\router\index.js:342:13)
    at C:\react project\x\the-karan-singh-vaidh\the-karan-singh-vaidh\server\node_modules\router\index.js:297:9
    at processParams (C:\react project\x\the-karan-singh-vaidh\the-karan-singh-vaidh\server\node_modules\router\index.js:582:12)
    at next (C:\react project\x\the-karan-singh-vaidh\the-karan-singh-vaidh\server\node_modules\router\index.js:291:5)
    at logger (C:\react project\x\the-karan-singh-vaidh\the-karan-singh-vaidh\server\node_modules\morgan\index.js:144:5)
    at Layer.handleRequest (C:\react project\x\the-karan-singh-vaidh\the-karan-singh-vaidh\server\node_modules\router\lib\layer.js:152:17)
    at trimPrefix (C:\react project\x\the-karan-singh-vaidh\the-karan-singh-vaidh\server\node_modules\router\index.js:342:13)
    at C:\react project\x\the-karan-singh-vaidh\the-karan-singh-vaidh\server\node_modules\router\index.js:297:9

[2026-04-15T16:47:31.231Z] 404 - Not Found - /socket.io/?EIO=4&transport=websocket
Error: Not Found - /socket.io/?EIO=4&transport=websocket
    at notFound (C:\react project\x\the-karan-singh-vaidh\the-karan-singh-vaidh\server\middleware\errorMiddleware.js:2:19)
    at Layer.handleRequest (C:\react project\x\the-karan-singh-vaidh\the-karan-singh-vaidh\server\node_modules\router\lib\layer.js:152:17)
    at trimPrefix (C:\react project\x\the-karan-singh-vaidh\the-karan-singh-vaidh\server\node_modules\router\index.js:342:13)
    at C:\react project\x\the-karan-singh-vaidh\the-karan-singh-vaidh\server\node_modules\router\index.js:297:9
    at processParams (C:\react project\x\the-karan-singh-vaidh\the-karan-singh-vaidh\server\node_modules\router\index.js:582:12)
    at next (C:\react project\x\the-karan-singh-vaidh\the-karan-singh-vaidh\server\node_modules\router\index.js:291:5)
    at logger (C:\react project\x\the-karan-singh-vaidh\the-karan-singh-vaidh\server\node_modules\morgan\index.js:144:5)
    at Layer.handleRequest (C:\react project\x\the-karan-singh-vaidh\the-karan-singh-vaidh\server\node_modules\router\lib\layer.js:152:17)
    at trimPrefix (C:\react project\x\the-karan-singh-vaidh\the-karan-singh-vaidh\server\node_modules\router\index.js:342:13)
    at C:\react project\x\the-karan-singh-vaidh\the-karan-singh-vaidh\server\node_modules\router\index.js:297:9

[2026-04-15T16:47:37.311Z] 404 - Not Found - /socket.io/?EIO=4&transport=websocket
Error: Not Found - /socket.io/?EIO=4&transport=websocket
    at notFound (C:\react project\x\the-karan-singh-vaidh\the-karan-singh-vaidh\server\middleware\errorMiddleware.js:2:19)
    at Layer.handleRequest (C:\react project\x\the-karan-singh-vaidh\the-karan-singh-vaidh\server\node_modules\router\lib\layer.js:152:17)
    at trimPrefix (C:\react project\x\the-karan-singh-vaidh\the-karan-singh-vaidh\server\node_modules\router\index.js:342:13)
    at C:\react project\x\the-karan-singh-vaidh\the-karan-singh-vaidh\server\node_modules\router\index.js:297:9
    at processParams (C:\react project\x\the-karan-singh-vaidh\the-karan-singh-vaidh\server\node_modules\router\index.js:582:12)
    at next (C:\react project\x\the-karan-singh-vaidh\the-karan-singh-vaidh\server\node_modules\router\index.js:291:5)
    at logger (C:\react project\x\the-karan-singh-vaidh\the-karan-singh-vaidh\server\node_modules\morgan\index.js:144:5)
    at Layer.handleRequest (C:\react project\x\the-karan-singh-vaidh\the-karan-singh-vaidh\server\node_modules\router\lib\layer.js:152:17)
    at trimPrefix (C:\react project\x\the-karan-singh-vaidh\the-karan-singh-vaidh\server\node_modules\router\index.js:342:13)
    at C:\react project\x\the-karan-singh-vaidh\the-karan-singh-vaidh\server\node_modules\router\index.js:297:9

[2026-04-15T16:47:43.320Z] 404 - Not Found - /socket.io/?EIO=4&transport=websocket
Error: Not Found - /socket.io/?EIO=4&transport=websocket
    at notFound (C:\react project\x\the-karan-singh-vaidh\the-karan-singh-vaidh\server\middleware\errorMiddleware.js:2:19)
    at Layer.handleRequest (C:\react project\x\the-karan-singh-vaidh\the-karan-singh-vaidh\server\node_modules\router\lib\layer.js:152:17)
    at trimPrefix (C:\react project\x\the-karan-singh-vaidh\the-karan-singh-vaidh\server\node_modules\router\index.js:342:13)
    at C:\react project\x\the-karan-singh-vaidh\the-karan-singh-vaidh\server\node_modules\router\index.js:297:9
    at processParams (C:\react project\x\the-karan-singh-vaidh\the-karan-singh-vaidh\server\node_modules\router\index.js:582:12)
    at next (C:\react project\x\the-karan-singh-vaidh\the-karan-singh-vaidh\server\node_modules\router\index.js:291:5)
    at logger (C:\react project\x\the-karan-singh-vaidh\the-karan-singh-vaidh\server\node_modules\morgan\index.js:144:5)
    at Layer.handleRequest (C:\react project\x\the-karan-singh-vaidh\the-karan-singh-vaidh\server\node_modules\router\lib\layer.js:152:17)
    at trimPrefix (C:\react project\x\the-karan-singh-vaidh\the-karan-singh-vaidh\server\node_modules\router\index.js:342:13)
    at C:\react project\x\the-karan-singh-vaidh\the-karan-singh-vaidh\server\node_modules\router\index.js:297:9

[2026-04-15T16:47:49.592Z] 404 - Not Found - /socket.io/?EIO=4&transport=websocket
Error: Not Found - /socket.io/?EIO=4&transport=websocket
    at notFound (C:\react project\x\the-karan-singh-vaidh\the-karan-singh-vaidh\server\middleware\errorMiddleware.js:2:19)
    at Layer.handleRequest (C:\react project\x\the-karan-singh-vaidh\the-karan-singh-vaidh\server\node_modules\router\lib\layer.js:152:17)
    at trimPrefix (C:\react project\x\the-karan-singh-vaidh\the-karan-singh-vaidh\server\node_modules\router\index.js:342:13)
    at C:\react project\x\the-karan-singh-vaidh\the-karan-singh-vaidh\server\node_modules\router\index.js:297:9
    at processParams (C:\react project\x\the-karan-singh-vaidh\the-karan-singh-vaidh\server\node_modules\router\index.js:582:12)
    at next (C:\react project\x\the-karan-singh-vaidh\the-karan-singh-vaidh\server\node_modules\router\index.js:291:5)
    at logger (C:\react project\x\the-karan-singh-vaidh\the-karan-singh-vaidh\server\node_modules\morgan\index.js:144:5)
    at Layer.handleRequest (C:\react project\x\the-karan-singh-vaidh\the-karan-singh-vaidh\server\node_modules\router\lib\layer.js:152:17)
    at trimPrefix (C:\react project\x\the-karan-singh-vaidh\the-karan-singh-vaidh\server\node_modules\router\index.js:342:13)
    at C:\react project\x\the-karan-singh-vaidh\the-karan-singh-vaidh\server\node_modules\router\index.js:297:9

[2026-04-15T16:47:55.717Z] 404 - Not Found - /socket.io/?EIO=4&transport=websocket
Error: Not Found - /socket.io/?EIO=4&transport=websocket
    at notFound (C:\react project\x\the-karan-singh-vaidh\the-karan-singh-vaidh\server\middleware\errorMiddleware.js:2:19)
    at Layer.handleRequest (C:\react project\x\the-karan-singh-vaidh\the-karan-singh-vaidh\server\node_modules\router\lib\layer.js:152:17)
    at trimPrefix (C:\react project\x\the-karan-singh-vaidh\the-karan-singh-vaidh\server\node_modules\router\index.js:342:13)
    at C:\react project\x\the-karan-singh-vaidh\the-karan-singh-vaidh\server\node_modules\router\index.js:297:9
    at processParams (C:\react project\x\the-karan-singh-vaidh\the-karan-singh-vaidh\server\node_modules\router\index.js:582:12)
    at next (C:\react project\x\the-karan-singh-vaidh\the-karan-singh-vaidh\server\node_modules\router\index.js:291:5)
    at logger (C:\react project\x\the-karan-singh-vaidh\the-karan-singh-vaidh\server\node_modules\morgan\index.js:144:5)
    at Layer.handleRequest (C:\react project\x\the-karan-singh-vaidh\the-karan-singh-vaidh\server\node_modules\router\lib\layer.js:152:17)
    at trimPrefix (C:\react project\x\the-karan-singh-vaidh\the-karan-singh-vaidh\server\node_modules\router\index.js:342:13)
    at C:\react project\x\the-karan-singh-vaidh\the-karan-singh-vaidh\server\node_modules\router\index.js:297:9

[2026-04-15T16:48:02.130Z] 404 - Not Found - /socket.io/?EIO=4&transport=websocket
Error: Not Found - /socket.io/?EIO=4&transport=websocket
    at notFound (C:\react project\x\the-karan-singh-vaidh\the-karan-singh-vaidh\server\middleware\errorMiddleware.js:2:19)
    at Layer.handleRequest (C:\react project\x\the-karan-singh-vaidh\the-karan-singh-vaidh\server\node_modules\router\lib\layer.js:152:17)
    at trimPrefix (C:\react project\x\the-karan-singh-vaidh\the-karan-singh-vaidh\server\node_modules\router\index.js:342:13)
    at C:\react project\x\the-karan-singh-vaidh\the-karan-singh-vaidh\server\node_modules\router\index.js:297:9
    at processParams (C:\react project\x\the-karan-singh-vaidh\the-karan-singh-vaidh\server\node_modules\router\index.js:582:12)
    at next (C:\react project\x\the-karan-singh-vaidh\the-karan-singh-vaidh\server\node_modules\router\index.js:291:5)
    at logger (C:\react project\x\the-karan-singh-vaidh\the-karan-singh-vaidh\server\node_modules\morgan\index.js:144:5)
    at Layer.handleRequest (C:\react project\x\the-karan-singh-vaidh\the-karan-singh-vaidh\server\node_modules\router\lib\layer.js:152:17)
    at trimPrefix (C:\react project\x\the-karan-singh-vaidh\the-karan-singh-vaidh\server\node_modules\router\index.js:342:13)
    at C:\react project\x\the-karan-singh-vaidh\the-karan-singh-vaidh\server\node_modules\router\index.js:297:9

[2026-04-15T16:48:10.396Z] 404 - Not Found - /socket.io/?EIO=4&transport=websocket
Error: Not Found - /socket.io/?EIO=4&transport=websocket
    at notFound (C:\react project\x\the-karan-singh-vaidh\the-karan-singh-vaidh\server\middleware\errorMiddleware.js:2:19)
    at Layer.handleRequest (C:\react project\x\the-karan-singh-vaidh\the-karan-singh-vaidh\server\node_modules\router\lib\layer.js:152:17)
    at trimPrefix (C:\react project\x\the-karan-singh-vaidh\the-karan-singh-vaidh\server\node_modules\router\index.js:342:13)
    at C:\react project\x\the-karan-singh-vaidh\the-karan-singh-vaidh\server\node_modules\router\index.js:297:9
    at processParams (C:\react project\x\the-karan-singh-vaidh\the-karan-singh-vaidh\server\node_modules\router\index.js:582:12)
    at next (C:\react project\x\the-karan-singh-vaidh\the-karan-singh-vaidh\server\node_modules\router\index.js:291:5)
    at logger (C:\react project\x\the-karan-singh-vaidh\the-karan-singh-vaidh\server\node_modules\morgan\index.js:144:5)
    at Layer.handleRequest (C:\react project\x\the-karan-singh-vaidh\the-karan-singh-vaidh\server\node_modules\router\lib\layer.js:152:17)
    at trimPrefix (C:\react project\x\the-karan-singh-vaidh\the-karan-singh-vaidh\server\node_modules\router\index.js:342:13)
    at C:\react project\x\the-karan-singh-vaidh\the-karan-singh-vaidh\server\node_modules\router\index.js:297:9

[2026-04-15T16:48:19.020Z] 404 - Not Found - /socket.io/?EIO=4&transport=websocket
Error: Not Found - /socket.io/?EIO=4&transport=websocket
    at notFound (C:\react project\x\the-karan-singh-vaidh\the-karan-singh-vaidh\server\middleware\errorMiddleware.js:2:19)
    at Layer.handleRequest (C:\react project\x\the-karan-singh-vaidh\the-karan-singh-vaidh\server\node_modules\router\lib\layer.js:152:17)
    at trimPrefix (C:\react project\x\the-karan-singh-vaidh\the-karan-singh-vaidh\server\node_modules\router\index.js:342:13)
    at C:\react project\x\the-karan-singh-vaidh\the-karan-singh-vaidh\server\node_modules\router\index.js:297:9
    at processParams (C:\react project\x\the-karan-singh-vaidh\the-karan-singh-vaidh\server\node_modules\router\index.js:582:12)
    at next (C:\react project\x\the-karan-singh-vaidh\the-karan-singh-vaidh\server\node_modules\router\index.js:291:5)
    at logger (C:\react project\x\the-karan-singh-vaidh\the-karan-singh-vaidh\server\node_modules\morgan\index.js:144:5)
    at Layer.handleRequest (C:\react project\x\the-karan-singh-vaidh\the-karan-singh-vaidh\server\node_modules\router\lib\layer.js:152:17)
    at trimPrefix (C:\react project\x\the-karan-singh-vaidh\the-karan-singh-vaidh\server\node_modules\router\index.js:342:13)
    at C:\react project\x\the-karan-singh-vaidh\the-karan-singh-vaidh\server\node_modules\router\index.js:297:9

[2026-04-15T16:48:28.758Z] 404 - Not Found - /socket.io/?EIO=4&transport=websocket
Error: Not Found - /socket.io/?EIO=4&transport=websocket
    at notFound (C:\react project\x\the-karan-singh-vaidh\the-karan-singh-vaidh\server\middleware\errorMiddleware.js:2:19)
    at Layer.handleRequest (C:\react project\x\the-karan-singh-vaidh\the-karan-singh-vaidh\server\node_modules\router\lib\layer.js:152:17)
    at trimPrefix (C:\react project\x\the-karan-singh-vaidh\the-karan-singh-vaidh\server\node_modules\router\index.js:342:13)
    at C:\react project\x\the-karan-singh-vaidh\the-karan-singh-vaidh\server\node_modules\router\index.js:297:9
    at processParams (C:\react project\x\the-karan-singh-vaidh\the-karan-singh-vaidh\server\node_modules\router\index.js:582:12)
    at next (C:\react project\x\the-karan-singh-vaidh\the-karan-singh-vaidh\server\node_modules\router\index.js:291:5)
    at logger (C:\react project\x\the-karan-singh-vaidh\the-karan-singh-vaidh\server\node_modules\morgan\index.js:144:5)
    at Layer.handleRequest (C:\react project\x\the-karan-singh-vaidh\the-karan-singh-vaidh\server\node_modules\router\lib\layer.js:152:17)
    at trimPrefix (C:\react project\x\the-karan-singh-vaidh\the-karan-singh-vaidh\server\node_modules\router\index.js:342:13)
    at C:\react project\x\the-karan-singh-vaidh\the-karan-singh-vaidh\server\node_modules\router\index.js:297:9

[2026-04-15T16:48:34.162Z] 404 - Not Found - /socket.io/?EIO=4&transport=websocket
Error: Not Found - /socket.io/?EIO=4&transport=websocket
    at notFound (C:\react project\x\the-karan-singh-vaidh\the-karan-singh-vaidh\server\middleware\errorMiddleware.js:2:19)
    at Layer.handleRequest (C:\react project\x\the-karan-singh-vaidh\the-karan-singh-vaidh\server\node_modules\router\lib\layer.js:152:17)
    at trimPrefix (C:\react project\x\the-karan-singh-vaidh\the-karan-singh-vaidh\server\node_modules\router\index.js:342:13)
    at C:\react project\x\the-karan-singh-vaidh\the-karan-singh-vaidh\server\node_modules\router\index.js:297:9
    at processParams (C:\react project\x\the-karan-singh-vaidh\the-karan-singh-vaidh\server\node_modules\router\index.js:582:12)
    at next (C:\react project\x\the-karan-singh-vaidh\the-karan-singh-vaidh\server\node_modules\router\index.js:291:5)
    at logger (C:\react project\x\the-karan-singh-vaidh\the-karan-singh-vaidh\server\node_modules\morgan\index.js:144:5)
    at Layer.handleRequest (C:\react project\x\the-karan-singh-vaidh\the-karan-singh-vaidh\server\node_modules\router\lib\layer.js:152:17)
    at trimPrefix (C:\react project\x\the-karan-singh-vaidh\the-karan-singh-vaidh\server\node_modules\router\index.js:342:13)
    at C:\react project\x\the-karan-singh-vaidh\the-karan-singh-vaidh\server\node_modules\router\index.js:297:9

[2026-04-15T16:48:40.163Z] 404 - Not Found - /socket.io/?EIO=4&transport=websocket
Error: Not Found - /socket.io/?EIO=4&transport=websocket
    at notFound (C:\react project\x\the-karan-singh-vaidh\the-karan-singh-vaidh\server\middleware\errorMiddleware.js:2:19)
    at Layer.handleRequest (C:\react project\x\the-karan-singh-vaidh\the-karan-singh-vaidh\server\node_modules\router\lib\layer.js:152:17)
    at trimPrefix (C:\react project\x\the-karan-singh-vaidh\the-karan-singh-vaidh\server\node_modules\router\index.js:342:13)
    at C:\react project\x\the-karan-singh-vaidh\the-karan-singh-vaidh\server\node_modules\router\index.js:297:9
    at processParams (C:\react project\x\the-karan-singh-vaidh\the-karan-singh-vaidh\server\node_modules\router\index.js:582:12)
    at next (C:\react project\x\the-karan-singh-vaidh\the-karan-singh-vaidh\server\node_modules\router\index.js:291:5)
    at logger (C:\react project\x\the-karan-singh-vaidh\the-karan-singh-vaidh\server\node_modules\morgan\index.js:144:5)
    at Layer.handleRequest (C:\react project\x\the-karan-singh-vaidh\the-karan-singh-vaidh\server\node_modules\router\lib\layer.js:152:17)
    at trimPrefix (C:\react project\x\the-karan-singh-vaidh\the-karan-singh-vaidh\server\node_modules\router\index.js:342:13)
    at C:\react project\x\the-karan-singh-vaidh\the-karan-singh-vaidh\server\node_modules\router\index.js:297:9

[2026-04-15T16:48:46.161Z] 404 - Not Found - /socket.io/?EIO=4&transport=websocket
Error: Not Found - /socket.io/?EIO=4&transport=websocket
    at notFound (C:\react project\x\the-karan-singh-vaidh\the-karan-singh-vaidh\server\middleware\errorMiddleware.js:2:19)
    at Layer.handleRequest (C:\react project\x\the-karan-singh-vaidh\the-karan-singh-vaidh\server\node_modules\router\lib\layer.js:152:17)
    at trimPrefix (C:\react project\x\the-karan-singh-vaidh\the-karan-singh-vaidh\server\node_modules\router\index.js:342:13)
    at C:\react project\x\the-karan-singh-vaidh\the-karan-singh-vaidh\server\node_modules\router\index.js:297:9
    at processParams (C:\react project\x\the-karan-singh-vaidh\the-karan-singh-vaidh\server\node_modules\router\index.js:582:12)
    at next (C:\react project\x\the-karan-singh-vaidh\the-karan-singh-vaidh\server\node_modules\router\index.js:291:5)
    at logger (C:\react project\x\the-karan-singh-vaidh\the-karan-singh-vaidh\server\node_modules\morgan\index.js:144:5)
    at Layer.handleRequest (C:\react project\x\the-karan-singh-vaidh\the-karan-singh-vaidh\server\node_modules\router\lib\layer.js:152:17)
    at trimPrefix (C:\react project\x\the-karan-singh-vaidh\the-karan-singh-vaidh\server\node_modules\router\index.js:342:13)
    at C:\react project\x\the-karan-singh-vaidh\the-karan-singh-vaidh\server\node_modules\router\index.js:297:9

[2026-04-15T16:48:52.157Z] 404 - Not Found - /socket.io/?EIO=4&transport=websocket
Error: Not Found - /socket.io/?EIO=4&transport=websocket
    at notFound (C:\react project\x\the-karan-singh-vaidh\the-karan-singh-vaidh\server\middleware\errorMiddleware.js:2:19)
    at Layer.handleRequest (C:\react project\x\the-karan-singh-vaidh\the-karan-singh-vaidh\server\node_modules\router\lib\layer.js:152:17)
    at trimPrefix (C:\react project\x\the-karan-singh-vaidh\the-karan-singh-vaidh\server\node_modules\router\index.js:342:13)
    at C:\react project\x\the-karan-singh-vaidh\the-karan-singh-vaidh\server\node_modules\router\index.js:297:9
    at processParams (C:\react project\x\the-karan-singh-vaidh\the-karan-singh-vaidh\server\node_modules\router\index.js:582:12)
    at next (C:\react project\x\the-karan-singh-vaidh\the-karan-singh-vaidh\server\node_modules\router\index.js:291:5)
    at logger (C:\react project\x\the-karan-singh-vaidh\the-karan-singh-vaidh\server\node_modules\morgan\index.js:144:5)
    at Layer.handleRequest (C:\react project\x\the-karan-singh-vaidh\the-karan-singh-vaidh\server\node_modules\router\lib\layer.js:152:17)
    at trimPrefix (C:\react project\x\the-karan-singh-vaidh\the-karan-singh-vaidh\server\node_modules\router\index.js:342:13)
    at C:\react project\x\the-karan-singh-vaidh\the-karan-singh-vaidh\server\node_modules\router\index.js:297:9

[2026-04-15T16:48:58.179Z] 404 - Not Found - /socket.io/?EIO=4&transport=websocket
Error: Not Found - /socket.io/?EIO=4&transport=websocket
    at notFound (C:\react project\x\the-karan-singh-vaidh\the-karan-singh-vaidh\server\middleware\errorMiddleware.js:2:19)
    at Layer.handleRequest (C:\react project\x\the-karan-singh-vaidh\the-karan-singh-vaidh\server\node_modules\router\lib\layer.js:152:17)
    at trimPrefix (C:\react project\x\the-karan-singh-vaidh\the-karan-singh-vaidh\server\node_modules\router\index.js:342:13)
    at C:\react project\x\the-karan-singh-vaidh\the-karan-singh-vaidh\server\node_modules\router\index.js:297:9
    at processParams (C:\react project\x\the-karan-singh-vaidh\the-karan-singh-vaidh\server\node_modules\router\index.js:582:12)
    at next (C:\react project\x\the-karan-singh-vaidh\the-karan-singh-vaidh\server\node_modules\router\index.js:291:5)
    at logger (C:\react project\x\the-karan-singh-vaidh\the-karan-singh-vaidh\server\node_modules\morgan\index.js:144:5)
    at Layer.handleRequest (C:\react project\x\the-karan-singh-vaidh\the-karan-singh-vaidh\server\node_modules\router\lib\layer.js:152:17)
    at trimPrefix (C:\react project\x\the-karan-singh-vaidh\the-karan-singh-vaidh\server\node_modules\router\index.js:342:13)
    at C:\react project\x\the-karan-singh-vaidh\the-karan-singh-vaidh\server\node_modules\router\index.js:297:9

[2026-04-15T16:49:04.175Z] 404 - Not Found - /socket.io/?EIO=4&transport=websocket
Error: Not Found - /socket.io/?EIO=4&transport=websocket
    at notFound (C:\react project\x\the-karan-singh-vaidh\the-karan-singh-vaidh\server\middleware\errorMiddleware.js:2:19)
    at Layer.handleRequest (C:\react project\x\the-karan-singh-vaidh\the-karan-singh-vaidh\server\node_modules\router\lib\layer.js:152:17)
    at trimPrefix (C:\react project\x\the-karan-singh-vaidh\the-karan-singh-vaidh\server\node_modules\router\index.js:342:13)
    at C:\react project\x\the-karan-singh-vaidh\the-karan-singh-vaidh\server\node_modules\router\index.js:297:9
    at processParams (C:\react project\x\the-karan-singh-vaidh\the-karan-singh-vaidh\server\node_modules\router\index.js:582:12)
    at next (C:\react project\x\the-karan-singh-vaidh\the-karan-singh-vaidh\server\node_modules\router\index.js:291:5)
    at logger (C:\react project\x\the-karan-singh-vaidh\the-karan-singh-vaidh\server\node_modules\morgan\index.js:144:5)
    at Layer.handleRequest (C:\react project\x\the-karan-singh-vaidh\the-karan-singh-vaidh\server\node_modules\router\lib\layer.js:152:17)
    at trimPrefix (C:\react project\x\the-karan-singh-vaidh\the-karan-singh-vaidh\server\node_modules\router\index.js:342:13)
    at C:\react project\x\the-karan-singh-vaidh\the-karan-singh-vaidh\server\node_modules\router\index.js:297:9

[2026-04-15T16:49:10.169Z] 404 - Not Found - /socket.io/?EIO=4&transport=websocket
Error: Not Found - /socket.io/?EIO=4&transport=websocket
    at notFound (C:\react project\x\the-karan-singh-vaidh\the-karan-singh-vaidh\server\middleware\errorMiddleware.js:2:19)
    at Layer.handleRequest (C:\react project\x\the-karan-singh-vaidh\the-karan-singh-vaidh\server\node_modules\router\lib\layer.js:152:17)
    at trimPrefix (C:\react project\x\the-karan-singh-vaidh\the-karan-singh-vaidh\server\node_modules\router\index.js:342:13)
    at C:\react project\x\the-karan-singh-vaidh\the-karan-singh-vaidh\server\node_modules\router\index.js:297:9
    at processParams (C:\react project\x\the-karan-singh-vaidh\the-karan-singh-vaidh\server\node_modules\router\index.js:582:12)
    at next (C:\react project\x\the-karan-singh-vaidh\the-karan-singh-vaidh\server\node_modules\router\index.js:291:5)
    at logger (C:\react project\x\the-karan-singh-vaidh\the-karan-singh-vaidh\server\node_modules\morgan\index.js:144:5)
    at Layer.handleRequest (C:\react project\x\the-karan-singh-vaidh\the-karan-singh-vaidh\server\node_modules\router\lib\layer.js:152:17)
    at trimPrefix (C:\react project\x\the-karan-singh-vaidh\the-karan-singh-vaidh\server\node_modules\router\index.js:342:13)
    at C:\react project\x\the-karan-singh-vaidh\the-karan-singh-vaidh\server\node_modules\router\index.js:297:9

[2026-04-15T16:49:16.168Z] 404 - Not Found - /socket.io/?EIO=4&transport=websocket
Error: Not Found - /socket.io/?EIO=4&transport=websocket
    at notFound (C:\react project\x\the-karan-singh-vaidh\the-karan-singh-vaidh\server\middleware\errorMiddleware.js:2:19)
    at Layer.handleRequest (C:\react project\x\the-karan-singh-vaidh\the-karan-singh-vaidh\server\node_modules\router\lib\layer.js:152:17)
    at trimPrefix (C:\react project\x\the-karan-singh-vaidh\the-karan-singh-vaidh\server\node_modules\router\index.js:342:13)
    at C:\react project\x\the-karan-singh-vaidh\the-karan-singh-vaidh\server\node_modules\router\index.js:297:9
    at processParams (C:\react project\x\the-karan-singh-vaidh\the-karan-singh-vaidh\server\node_modules\router\index.js:582:12)
    at next (C:\react project\x\the-karan-singh-vaidh\the-karan-singh-vaidh\server\node_modules\router\index.js:291:5)
    at logger (C:\react project\x\the-karan-singh-vaidh\the-karan-singh-vaidh\server\node_modules\morgan\index.js:144:5)
    at Layer.handleRequest (C:\react project\x\the-karan-singh-vaidh\the-karan-singh-vaidh\server\node_modules\router\lib\layer.js:152:17)
    at trimPrefix (C:\react project\x\the-karan-singh-vaidh\the-karan-singh-vaidh\server\node_modules\router\index.js:342:13)
    at C:\react project\x\the-karan-singh-vaidh\the-karan-singh-vaidh\server\node_modules\router\index.js:297:9

[2026-04-15T16:49:22.195Z] 404 - Not Found - /socket.io/?EIO=4&transport=websocket
Error: Not Found - /socket.io/?EIO=4&transport=websocket
    at notFound (C:\react project\x\the-karan-singh-vaidh\the-karan-singh-vaidh\server\middleware\errorMiddleware.js:2:19)
    at Layer.handleRequest (C:\react project\x\the-karan-singh-vaidh\the-karan-singh-vaidh\server\node_modules\router\lib\layer.js:152:17)
    at trimPrefix (C:\react project\x\the-karan-singh-vaidh\the-karan-singh-vaidh\server\node_modules\router\index.js:342:13)
    at C:\react project\x\the-karan-singh-vaidh\the-karan-singh-vaidh\server\node_modules\router\index.js:297:9
    at processParams (C:\react project\x\the-karan-singh-vaidh\the-karan-singh-vaidh\server\node_modules\router\index.js:582:12)
    at next (C:\react project\x\the-karan-singh-vaidh\the-karan-singh-vaidh\server\node_modules\router\index.js:291:5)
    at logger (C:\react project\x\the-karan-singh-vaidh\the-karan-singh-vaidh\server\node_modules\morgan\index.js:144:5)
    at Layer.handleRequest (C:\react project\x\the-karan-singh-vaidh\the-karan-singh-vaidh\server\node_modules\router\lib\layer.js:152:17)
    at trimPrefix (C:\react project\x\the-karan-singh-vaidh\the-karan-singh-vaidh\server\node_modules\router\index.js:342:13)
    at C:\react project\x\the-karan-singh-vaidh\the-karan-singh-vaidh\server\node_modules\router\index.js:297:9

[2026-04-15T16:49:28.167Z] 404 - Not Found - /socket.io/?EIO=4&transport=websocket
Error: Not Found - /socket.io/?EIO=4&transport=websocket
    at notFound (C:\react project\x\the-karan-singh-vaidh\the-karan-singh-vaidh\server\middleware\errorMiddleware.js:2:19)
    at Layer.handleRequest (C:\react project\x\the-karan-singh-vaidh\the-karan-singh-vaidh\server\node_modules\router\lib\layer.js:152:17)
    at trimPrefix (C:\react project\x\the-karan-singh-vaidh\the-karan-singh-vaidh\server\node_modules\router\index.js:342:13)
    at C:\react project\x\the-karan-singh-vaidh\the-karan-singh-vaidh\server\node_modules\router\index.js:297:9
    at processParams (C:\react project\x\the-karan-singh-vaidh\the-karan-singh-vaidh\server\node_modules\router\index.js:582:12)
    at next (C:\react project\x\the-karan-singh-vaidh\the-karan-singh-vaidh\server\node_modules\router\index.js:291:5)
    at logger (C:\react project\x\the-karan-singh-vaidh\the-karan-singh-vaidh\server\node_modules\morgan\index.js:144:5)
    at Layer.handleRequest (C:\react project\x\the-karan-singh-vaidh\the-karan-singh-vaidh\server\node_modules\router\lib\layer.js:152:17)
    at trimPrefix (C:\react project\x\the-karan-singh-vaidh\the-karan-singh-vaidh\server\node_modules\router\index.js:342:13)
    at C:\react project\x\the-karan-singh-vaidh\the-karan-singh-vaidh\server\node_modules\router\index.js:297:9

[2026-04-15T16:49:34.202Z] 404 - Not Found - /socket.io/?EIO=4&transport=websocket
Error: Not Found - /socket.io/?EIO=4&transport=websocket
    at notFound (C:\react project\x\the-karan-singh-vaidh\the-karan-singh-vaidh\server\middleware\errorMiddleware.js:2:19)
    at Layer.handleRequest (C:\react project\x\the-karan-singh-vaidh\the-karan-singh-vaidh\server\node_modules\router\lib\layer.js:152:17)
    at trimPrefix (C:\react project\x\the-karan-singh-vaidh\the-karan-singh-vaidh\server\node_modules\router\index.js:342:13)
    at C:\react project\x\the-karan-singh-vaidh\the-karan-singh-vaidh\server\node_modules\router\index.js:297:9
    at processParams (C:\react project\x\the-karan-singh-vaidh\the-karan-singh-vaidh\server\node_modules\router\index.js:582:12)
    at next (C:\react project\x\the-karan-singh-vaidh\the-karan-singh-vaidh\server\node_modules\router\index.js:291:5)
    at logger (C:\react project\x\the-karan-singh-vaidh\the-karan-singh-vaidh\server\node_modules\morgan\index.js:144:5)
    at Layer.handleRequest (C:\react project\x\the-karan-singh-vaidh\the-karan-singh-vaidh\server\node_modules\router\lib\layer.js:152:17)
    at trimPrefix (C:\react project\x\the-karan-singh-vaidh\the-karan-singh-vaidh\server\node_modules\router\index.js:342:13)
    at C:\react project\x\the-karan-singh-vaidh\the-karan-singh-vaidh\server\node_modules\router\index.js:297:9

[2026-04-15T16:49:40.227Z] 404 - Not Found - /socket.io/?EIO=4&transport=websocket
Error: Not Found - /socket.io/?EIO=4&transport=websocket
    at notFound (C:\react project\x\the-karan-singh-vaidh\the-karan-singh-vaidh\server\middleware\errorMiddleware.js:2:19)
    at Layer.handleRequest (C:\react project\x\the-karan-singh-vaidh\the-karan-singh-vaidh\server\node_modules\router\lib\layer.js:152:17)
    at trimPrefix (C:\react project\x\the-karan-singh-vaidh\the-karan-singh-vaidh\server\node_modules\router\index.js:342:13)
    at C:\react project\x\the-karan-singh-vaidh\the-karan-singh-vaidh\server\node_modules\router\index.js:297:9
    at processParams (C:\react project\x\the-karan-singh-vaidh\the-karan-singh-vaidh\server\node_modules\router\index.js:582:12)
    at next (C:\react project\x\the-karan-singh-vaidh\the-karan-singh-vaidh\server\node_modules\router\index.js:291:5)
    at logger (C:\react project\x\the-karan-singh-vaidh\the-karan-singh-vaidh\server\node_modules\morgan\index.js:144:5)
    at Layer.handleRequest (C:\react project\x\the-karan-singh-vaidh\the-karan-singh-vaidh\server\node_modules\router\lib\layer.js:152:17)
    at trimPrefix (C:\react project\x\the-karan-singh-vaidh\the-karan-singh-vaidh\server\node_modules\router\index.js:342:13)
    at C:\react project\x\the-karan-singh-vaidh\the-karan-singh-vaidh\server\node_modules\router\index.js:297:9

[2026-04-15T16:49:46.313Z] 404 - Not Found - /socket.io/?EIO=4&transport=websocket
Error: Not Found - /socket.io/?EIO=4&transport=websocket
    at notFound (C:\react project\x\the-karan-singh-vaidh\the-karan-singh-vaidh\server\middleware\errorMiddleware.js:2:19)
    at Layer.handleRequest (C:\react project\x\the-karan-singh-vaidh\the-karan-singh-vaidh\server\node_modules\router\lib\layer.js:152:17)
    at trimPrefix (C:\react project\x\the-karan-singh-vaidh\the-karan-singh-vaidh\server\node_modules\router\index.js:342:13)
    at C:\react project\x\the-karan-singh-vaidh\the-karan-singh-vaidh\server\node_modules\router\index.js:297:9
    at processParams (C:\react project\x\the-karan-singh-vaidh\the-karan-singh-vaidh\server\node_modules\router\index.js:582:12)
    at next (C:\react project\x\the-karan-singh-vaidh\the-karan-singh-vaidh\server\node_modules\router\index.js:291:5)
    at logger (C:\react project\x\the-karan-singh-vaidh\the-karan-singh-vaidh\server\node_modules\morgan\index.js:144:5)
    at Layer.handleRequest (C:\react project\x\the-karan-singh-vaidh\the-karan-singh-vaidh\server\node_modules\router\lib\layer.js:152:17)
    at trimPrefix (C:\react project\x\the-karan-singh-vaidh\the-karan-singh-vaidh\server\node_modules\router\index.js:342:13)
    at C:\react project\x\the-karan-singh-vaidh\the-karan-singh-vaidh\server\node_modules\router\index.js:297:9

[2026-04-15T16:49:52.370Z] 404 - Not Found - /socket.io/?EIO=4&transport=websocket
Error: Not Found - /socket.io/?EIO=4&transport=websocket
    at notFound (C:\react project\x\the-karan-singh-vaidh\the-karan-singh-vaidh\server\middleware\errorMiddleware.js:2:19)
    at Layer.handleRequest (C:\react project\x\the-karan-singh-vaidh\the-karan-singh-vaidh\server\node_modules\router\lib\layer.js:152:17)
    at trimPrefix (C:\react project\x\the-karan-singh-vaidh\the-karan-singh-vaidh\server\node_modules\router\index.js:342:13)
    at C:\react project\x\the-karan-singh-vaidh\the-karan-singh-vaidh\server\node_modules\router\index.js:297:9
    at processParams (C:\react project\x\the-karan-singh-vaidh\the-karan-singh-vaidh\server\node_modules\router\index.js:582:12)
    at next (C:\react project\x\the-karan-singh-vaidh\the-karan-singh-vaidh\server\node_modules\router\index.js:291:5)
    at logger (C:\react project\x\the-karan-singh-vaidh\the-karan-singh-vaidh\server\node_modules\morgan\index.js:144:5)
    at Layer.handleRequest (C:\react project\x\the-karan-singh-vaidh\the-karan-singh-vaidh\server\node_modules\router\lib\layer.js:152:17)
    at trimPrefix (C:\react project\x\the-karan-singh-vaidh\the-karan-singh-vaidh\server\node_modules\router\index.js:342:13)
    at C:\react project\x\the-karan-singh-vaidh\the-karan-singh-vaidh\server\node_modules\router\index.js:297:9

[2026-04-15T16:49:59.207Z] 404 - Not Found - /socket.io/?EIO=4&transport=websocket
Error: Not Found - /socket.io/?EIO=4&transport=websocket
    at notFound (C:\react project\x\the-karan-singh-vaidh\the-karan-singh-vaidh\server\middleware\errorMiddleware.js:2:19)
    at Layer.handleRequest (C:\react project\x\the-karan-singh-vaidh\the-karan-singh-vaidh\server\node_modules\router\lib\layer.js:152:17)
    at trimPrefix (C:\react project\x\the-karan-singh-vaidh\the-karan-singh-vaidh\server\node_modules\router\index.js:342:13)
    at C:\react project\x\the-karan-singh-vaidh\the-karan-singh-vaidh\server\node_modules\router\index.js:297:9
    at processParams (C:\react project\x\the-karan-singh-vaidh\the-karan-singh-vaidh\server\node_modules\router\index.js:582:12)
    at next (C:\react project\x\the-karan-singh-vaidh\the-karan-singh-vaidh\server\node_modules\router\index.js:291:5)
    at logger (C:\react project\x\the-karan-singh-vaidh\the-karan-singh-vaidh\server\node_modules\morgan\index.js:144:5)
    at Layer.handleRequest (C:\react project\x\the-karan-singh-vaidh\the-karan-singh-vaidh\server\node_modules\router\lib\layer.js:152:17)
    at trimPrefix (C:\react project\x\the-karan-singh-vaidh\the-karan-singh-vaidh\server\node_modules\router\index.js:342:13)
    at C:\react project\x\the-karan-singh-vaidh\the-karan-singh-vaidh\server\node_modules\router\index.js:297:9

[2026-04-15T16:50:07.023Z] 404 - Not Found - /socket.io/?EIO=4&transport=websocket
Error: Not Found - /socket.io/?EIO=4&transport=websocket
    at notFound (C:\react project\x\the-karan-singh-vaidh\the-karan-singh-vaidh\server\middleware\errorMiddleware.js:2:19)
    at Layer.handleRequest (C:\react project\x\the-karan-singh-vaidh\the-karan-singh-vaidh\server\node_modules\router\lib\layer.js:152:17)
    at trimPrefix (C:\react project\x\the-karan-singh-vaidh\the-karan-singh-vaidh\server\node_modules\router\index.js:342:13)
    at C:\react project\x\the-karan-singh-vaidh\the-karan-singh-vaidh\server\node_modules\router\index.js:297:9
    at processParams (C:\react project\x\the-karan-singh-vaidh\the-karan-singh-vaidh\server\node_modules\router\index.js:582:12)
    at next (C:\react project\x\the-karan-singh-vaidh\the-karan-singh-vaidh\server\node_modules\router\index.js:291:5)
    at logger (C:\react project\x\the-karan-singh-vaidh\the-karan-singh-vaidh\server\node_modules\morgan\index.js:144:5)
    at Layer.handleRequest (C:\react project\x\the-karan-singh-vaidh\the-karan-singh-vaidh\server\node_modules\router\lib\layer.js:152:17)
    at trimPrefix (C:\react project\x\the-karan-singh-vaidh\the-karan-singh-vaidh\server\node_modules\router\index.js:342:13)
    at C:\react project\x\the-karan-singh-vaidh\the-karan-singh-vaidh\server\node_modules\router\index.js:297:9

[2026-04-15T16:50:15.867Z] 404 - Not Found - /socket.io/?EIO=4&transport=websocket
Error: Not Found - /socket.io/?EIO=4&transport=websocket
    at notFound (C:\react project\x\the-karan-singh-vaidh\the-karan-singh-vaidh\server\middleware\errorMiddleware.js:2:19)
    at Layer.handleRequest (C:\react project\x\the-karan-singh-vaidh\the-karan-singh-vaidh\server\node_modules\router\lib\layer.js:152:17)
    at trimPrefix (C:\react project\x\the-karan-singh-vaidh\the-karan-singh-vaidh\server\node_modules\router\index.js:342:13)
    at C:\react project\x\the-karan-singh-vaidh\the-karan-singh-vaidh\server\node_modules\router\index.js:297:9
    at processParams (C:\react project\x\the-karan-singh-vaidh\the-karan-singh-vaidh\server\node_modules\router\index.js:582:12)
    at next (C:\react project\x\the-karan-singh-vaidh\the-karan-singh-vaidh\server\node_modules\router\index.js:291:5)
    at logger (C:\react project\x\the-karan-singh-vaidh\the-karan-singh-vaidh\server\node_modules\morgan\index.js:144:5)
    at Layer.handleRequest (C:\react project\x\the-karan-singh-vaidh\the-karan-singh-vaidh\server\node_modules\router\lib\layer.js:152:17)
    at trimPrefix (C:\react project\x\the-karan-singh-vaidh\the-karan-singh-vaidh\server\node_modules\router\index.js:342:13)
    at C:\react project\x\the-karan-singh-vaidh\the-karan-singh-vaidh\server\node_modules\router\index.js:297:9

[2026-04-15T16:50:22.719Z] 404 - Not Found - /socket.io/?EIO=4&transport=websocket
Error: Not Found - /socket.io/?EIO=4&transport=websocket
    at notFound (C:\react project\x\the-karan-singh-vaidh\the-karan-singh-vaidh\server\middleware\errorMiddleware.js:2:19)
    at Layer.handleRequest (C:\react project\x\the-karan-singh-vaidh\the-karan-singh-vaidh\server\node_modules\router\lib\layer.js:152:17)
    at trimPrefix (C:\react project\x\the-karan-singh-vaidh\the-karan-singh-vaidh\server\node_modules\router\index.js:342:13)
    at C:\react project\x\the-karan-singh-vaidh\the-karan-singh-vaidh\server\node_modules\router\index.js:297:9
    at processParams (C:\react project\x\the-karan-singh-vaidh\the-karan-singh-vaidh\server\node_modules\router\index.js:582:12)
    at next (C:\react project\x\the-karan-singh-vaidh\the-karan-singh-vaidh\server\node_modules\router\index.js:291:5)
    at logger (C:\react project\x\the-karan-singh-vaidh\the-karan-singh-vaidh\server\node_modules\morgan\index.js:144:5)
    at Layer.handleRequest (C:\react project\x\the-karan-singh-vaidh\the-karan-singh-vaidh\server\node_modules\router\lib\layer.js:152:17)
    at trimPrefix (C:\react project\x\the-karan-singh-vaidh\the-karan-singh-vaidh\server\node_modules\router\index.js:342:13)
    at C:\react project\x\the-karan-singh-vaidh\the-karan-singh-vaidh\server\node_modules\router\index.js:297:9

[2026-04-15T16:50:31.241Z] 404 - Not Found - /socket.io/?EIO=4&transport=websocket
Error: Not Found - /socket.io/?EIO=4&transport=websocket
    at notFound (C:\react project\x\the-karan-singh-vaidh\the-karan-singh-vaidh\server\middleware\errorMiddleware.js:2:19)
    at Layer.handleRequest (C:\react project\x\the-karan-singh-vaidh\the-karan-singh-vaidh\server\node_modules\router\lib\layer.js:152:17)
    at trimPrefix (C:\react project\x\the-karan-singh-vaidh\the-karan-singh-vaidh\server\node_modules\router\index.js:342:13)
    at C:\react project\x\the-karan-singh-vaidh\the-karan-singh-vaidh\server\node_modules\router\index.js:297:9
    at processParams (C:\react project\x\the-karan-singh-vaidh\the-karan-singh-vaidh\server\node_modules\router\index.js:582:12)
    at next (C:\react project\x\the-karan-singh-vaidh\the-karan-singh-vaidh\server\node_modules\router\index.js:291:5)
    at logger (C:\react project\x\the-karan-singh-vaidh\the-karan-singh-vaidh\server\node_modules\morgan\index.js:144:5)
    at Layer.handleRequest (C:\react project\x\the-karan-singh-vaidh\the-karan-singh-vaidh\server\node_modules\router\lib\layer.js:152:17)
    at trimPrefix (C:\react project\x\the-karan-singh-vaidh\the-karan-singh-vaidh\server\node_modules\router\index.js:342:13)
    at C:\react project\x\the-karan-singh-vaidh\the-karan-singh-vaidh\server\node_modules\router\index.js:297:9

[2026-04-15T16:50:37.164Z] 404 - Not Found - /socket.io/?EIO=4&transport=websocket
Error: Not Found - /socket.io/?EIO=4&transport=websocket
    at notFound (C:\react project\x\the-karan-singh-vaidh\the-karan-singh-vaidh\server\middleware\errorMiddleware.js:2:19)
    at Layer.handleRequest (C:\react project\x\the-karan-singh-vaidh\the-karan-singh-vaidh\server\node_modules\router\lib\layer.js:152:17)
    at trimPrefix (C:\react project\x\the-karan-singh-vaidh\the-karan-singh-vaidh\server\node_modules\router\index.js:342:13)
    at C:\react project\x\the-karan-singh-vaidh\the-karan-singh-vaidh\server\node_modules\router\index.js:297:9
    at processParams (C:\react project\x\the-karan-singh-vaidh\the-karan-singh-vaidh\server\node_modules\router\index.js:582:12)
    at next (C:\react project\x\the-karan-singh-vaidh\the-karan-singh-vaidh\server\node_modules\router\index.js:291:5)
    at logger (C:\react project\x\the-karan-singh-vaidh\the-karan-singh-vaidh\server\node_modules\morgan\index.js:144:5)
    at Layer.handleRequest (C:\react project\x\the-karan-singh-vaidh\the-karan-singh-vaidh\server\node_modules\router\lib\layer.js:152:17)
    at trimPrefix (C:\react project\x\the-karan-singh-vaidh\the-karan-singh-vaidh\server\node_modules\router\index.js:342:13)
    at C:\react project\x\the-karan-singh-vaidh\the-karan-singh-vaidh\server\node_modules\router\index.js:297:9

[2026-04-15T16:50:43.166Z] 404 - Not Found - /socket.io/?EIO=4&transport=websocket
Error: Not Found - /socket.io/?EIO=4&transport=websocket
    at notFound (C:\react project\x\the-karan-singh-vaidh\the-karan-singh-vaidh\server\middleware\errorMiddleware.js:2:19)
    at Layer.handleRequest (C:\react project\x\the-karan-singh-vaidh\the-karan-singh-vaidh\server\node_modules\router\lib\layer.js:152:17)
    at trimPrefix (C:\react project\x\the-karan-singh-vaidh\the-karan-singh-vaidh\server\node_modules\router\index.js:342:13)
    at C:\react project\x\the-karan-singh-vaidh\the-karan-singh-vaidh\server\node_modules\router\index.js:297:9
    at processParams (C:\react project\x\the-karan-singh-vaidh\the-karan-singh-vaidh\server\node_modules\router\index.js:582:12)
    at next (C:\react project\x\the-karan-singh-vaidh\the-karan-singh-vaidh\server\node_modules\router\index.js:291:5)
    at logger (C:\react project\x\the-karan-singh-vaidh\the-karan-singh-vaidh\server\node_modules\morgan\index.js:144:5)
    at Layer.handleRequest (C:\react project\x\the-karan-singh-vaidh\the-karan-singh-vaidh\server\node_modules\router\lib\layer.js:152:17)
    at trimPrefix (C:\react project\x\the-karan-singh-vaidh\the-karan-singh-vaidh\server\node_modules\router\index.js:342:13)
    at C:\react project\x\the-karan-singh-vaidh\the-karan-singh-vaidh\server\node_modules\router\index.js:297:9

[2026-04-15T16:50:49.162Z] 404 - Not Found - /socket.io/?EIO=4&transport=websocket
Error: Not Found - /socket.io/?EIO=4&transport=websocket
    at notFound (C:\react project\x\the-karan-singh-vaidh\the-karan-singh-vaidh\server\middleware\errorMiddleware.js:2:19)
    at Layer.handleRequest (C:\react project\x\the-karan-singh-vaidh\the-karan-singh-vaidh\server\node_modules\router\lib\layer.js:152:17)
    at trimPrefix (C:\react project\x\the-karan-singh-vaidh\the-karan-singh-vaidh\server\node_modules\router\index.js:342:13)
    at C:\react project\x\the-karan-singh-vaidh\the-karan-singh-vaidh\server\node_modules\router\index.js:297:9
    at processParams (C:\react project\x\the-karan-singh-vaidh\the-karan-singh-vaidh\server\node_modules\router\index.js:582:12)
    at next (C:\react project\x\the-karan-singh-vaidh\the-karan-singh-vaidh\server\node_modules\router\index.js:291:5)
    at logger (C:\react project\x\the-karan-singh-vaidh\the-karan-singh-vaidh\server\node_modules\morgan\index.js:144:5)
    at Layer.handleRequest (C:\react project\x\the-karan-singh-vaidh\the-karan-singh-vaidh\server\node_modules\router\lib\layer.js:152:17)
    at trimPrefix (C:\react project\x\the-karan-singh-vaidh\the-karan-singh-vaidh\server\node_modules\router\index.js:342:13)
    at C:\react project\x\the-karan-singh-vaidh\the-karan-singh-vaidh\server\node_modules\router\index.js:297:9

[2026-04-15T16:50:55.165Z] 404 - Not Found - /socket.io/?EIO=4&transport=websocket
Error: Not Found - /socket.io/?EIO=4&transport=websocket
    at notFound (C:\react project\x\the-karan-singh-vaidh\the-karan-singh-vaidh\server\middleware\errorMiddleware.js:2:19)
    at Layer.handleRequest (C:\react project\x\the-karan-singh-vaidh\the-karan-singh-vaidh\server\node_modules\router\lib\layer.js:152:17)
    at trimPrefix (C:\react project\x\the-karan-singh-vaidh\the-karan-singh-vaidh\server\node_modules\router\index.js:342:13)
    at C:\react project\x\the-karan-singh-vaidh\the-karan-singh-vaidh\server\node_modules\router\index.js:297:9
    at processParams (C:\react project\x\the-karan-singh-vaidh\the-karan-singh-vaidh\server\node_modules\router\index.js:582:12)
    at next (C:\react project\x\the-karan-singh-vaidh\the-karan-singh-vaidh\server\node_modules\router\index.js:291:5)
    at logger (C:\react project\x\the-karan-singh-vaidh\the-karan-singh-vaidh\server\node_modules\morgan\index.js:144:5)
    at Layer.handleRequest (C:\react project\x\the-karan-singh-vaidh\the-karan-singh-vaidh\server\node_modules\router\lib\layer.js:152:17)
    at trimPrefix (C:\react project\x\the-karan-singh-vaidh\the-karan-singh-vaidh\server\node_modules\router\index.js:342:13)
    at C:\react project\x\the-karan-singh-vaidh\the-karan-singh-vaidh\server\node_modules\router\index.js:297:9

[2026-04-15T16:51:01.156Z] 404 - Not Found - /socket.io/?EIO=4&transport=websocket
Error: Not Found - /socket.io/?EIO=4&transport=websocket
    at notFound (C:\react project\x\the-karan-singh-vaidh\the-karan-singh-vaidh\server\middleware\errorMiddleware.js:2:19)
    at Layer.handleRequest (C:\react project\x\the-karan-singh-vaidh\the-karan-singh-vaidh\server\node_modules\router\lib\layer.js:152:17)
    at trimPrefix (C:\react project\x\the-karan-singh-vaidh\the-karan-singh-vaidh\server\node_modules\router\index.js:342:13)
    at C:\react project\x\the-karan-singh-vaidh\the-karan-singh-vaidh\server\node_modules\router\index.js:297:9
    at processParams (C:\react project\x\the-karan-singh-vaidh\the-karan-singh-vaidh\server\node_modules\router\index.js:582:12)
    at next (C:\react project\x\the-karan-singh-vaidh\the-karan-singh-vaidh\server\node_modules\router\index.js:291:5)
    at logger (C:\react project\x\the-karan-singh-vaidh\the-karan-singh-vaidh\server\node_modules\morgan\index.js:144:5)
    at Layer.handleRequest (C:\react project\x\the-karan-singh-vaidh\the-karan-singh-vaidh\server\node_modules\router\lib\layer.js:152:17)
    at trimPrefix (C:\react project\x\the-karan-singh-vaidh\the-karan-singh-vaidh\server\node_modules\router\index.js:342:13)
    at C:\react project\x\the-karan-singh-vaidh\the-karan-singh-vaidh\server\node_modules\router\index.js:297:9

[2026-04-15T16:51:07.177Z] 404 - Not Found - /socket.io/?EIO=4&transport=websocket
Error: Not Found - /socket.io/?EIO=4&transport=websocket
    at notFound (C:\react project\x\the-karan-singh-vaidh\the-karan-singh-vaidh\server\middleware\errorMiddleware.js:2:19)
    at Layer.handleRequest (C:\react project\x\the-karan-singh-vaidh\the-karan-singh-vaidh\server\node_modules\router\lib\layer.js:152:17)
    at trimPrefix (C:\react project\x\the-karan-singh-vaidh\the-karan-singh-vaidh\server\node_modules\router\index.js:342:13)
    at C:\react project\x\the-karan-singh-vaidh\the-karan-singh-vaidh\server\node_modules\router\index.js:297:9
    at processParams (C:\react project\x\the-karan-singh-vaidh\the-karan-singh-vaidh\server\node_modules\router\index.js:582:12)
    at next (C:\react project\x\the-karan-singh-vaidh\the-karan-singh-vaidh\server\node_modules\router\index.js:291:5)
    at logger (C:\react project\x\the-karan-singh-vaidh\the-karan-singh-vaidh\server\node_modules\morgan\index.js:144:5)
    at Layer.handleRequest (C:\react project\x\the-karan-singh-vaidh\the-karan-singh-vaidh\server\node_modules\router\lib\layer.js:152:17)
    at trimPrefix (C:\react project\x\the-karan-singh-vaidh\the-karan-singh-vaidh\server\node_modules\router\index.js:342:13)
    at C:\react project\x\the-karan-singh-vaidh\the-karan-singh-vaidh\server\node_modules\router\index.js:297:9

[2026-04-15T16:51:13.175Z] 404 - Not Found - /socket.io/?EIO=4&transport=websocket
Error: Not Found - /socket.io/?EIO=4&transport=websocket
    at notFound (C:\react project\x\the-karan-singh-vaidh\the-karan-singh-vaidh\server\middleware\errorMiddleware.js:2:19)
    at Layer.handleRequest (C:\react project\x\the-karan-singh-vaidh\the-karan-singh-vaidh\server\node_modules\router\lib\layer.js:152:17)
    at trimPrefix (C:\react project\x\the-karan-singh-vaidh\the-karan-singh-vaidh\server\node_modules\router\index.js:342:13)
    at C:\react project\x\the-karan-singh-vaidh\the-karan-singh-vaidh\server\node_modules\router\index.js:297:9
    at processParams (C:\react project\x\the-karan-singh-vaidh\the-karan-singh-vaidh\server\node_modules\router\index.js:582:12)
    at next (C:\react project\x\the-karan-singh-vaidh\the-karan-singh-vaidh\server\node_modules\router\index.js:291:5)
    at logger (C:\react project\x\the-karan-singh-vaidh\the-karan-singh-vaidh\server\node_modules\morgan\index.js:144:5)
    at Layer.handleRequest (C:\react project\x\the-karan-singh-vaidh\the-karan-singh-vaidh\server\node_modules\router\lib\layer.js:152:17)
    at trimPrefix (C:\react project\x\the-karan-singh-vaidh\the-karan-singh-vaidh\server\node_modules\router\index.js:342:13)
    at C:\react project\x\the-karan-singh-vaidh\the-karan-singh-vaidh\server\node_modules\router\index.js:297:9

[2026-04-15T16:51:19.172Z] 404 - Not Found - /socket.io/?EIO=4&transport=websocket
Error: Not Found - /socket.io/?EIO=4&transport=websocket
    at notFound (C:\react project\x\the-karan-singh-vaidh\the-karan-singh-vaidh\server\middleware\errorMiddleware.js:2:19)
    at Layer.handleRequest (C:\react project\x\the-karan-singh-vaidh\the-karan-singh-vaidh\server\node_modules\router\lib\layer.js:152:17)
    at trimPrefix (C:\react project\x\the-karan-singh-vaidh\the-karan-singh-vaidh\server\node_modules\router\index.js:342:13)
    at C:\react project\x\the-karan-singh-vaidh\the-karan-singh-vaidh\server\node_modules\router\index.js:297:9
    at processParams (C:\react project\x\the-karan-singh-vaidh\the-karan-singh-vaidh\server\node_modules\router\index.js:582:12)
    at next (C:\react project\x\the-karan-singh-vaidh\the-karan-singh-vaidh\server\node_modules\router\index.js:291:5)
    at logger (C:\react project\x\the-karan-singh-vaidh\the-karan-singh-vaidh\server\node_modules\morgan\index.js:144:5)
    at Layer.handleRequest (C:\react project\x\the-karan-singh-vaidh\the-karan-singh-vaidh\server\node_modules\router\lib\layer.js:152:17)
    at trimPrefix (C:\react project\x\the-karan-singh-vaidh\the-karan-singh-vaidh\server\node_modules\router\index.js:342:13)
    at C:\react project\x\the-karan-singh-vaidh\the-karan-singh-vaidh\server\node_modules\router\index.js:297:9

[2026-04-15T16:51:25.178Z] 404 - Not Found - /socket.io/?EIO=4&transport=websocket
Error: Not Found - /socket.io/?EIO=4&transport=websocket
    at notFound (C:\react project\x\the-karan-singh-vaidh\the-karan-singh-vaidh\server\middleware\errorMiddleware.js:2:19)
    at Layer.handleRequest (C:\react project\x\the-karan-singh-vaidh\the-karan-singh-vaidh\server\node_modules\router\lib\layer.js:152:17)
    at trimPrefix (C:\react project\x\the-karan-singh-vaidh\the-karan-singh-vaidh\server\node_modules\router\index.js:342:13)
    at C:\react project\x\the-karan-singh-vaidh\the-karan-singh-vaidh\server\node_modules\router\index.js:297:9
    at processParams (C:\react project\x\the-karan-singh-vaidh\the-karan-singh-vaidh\server\node_modules\router\index.js:582:12)
    at next (C:\react project\x\the-karan-singh-vaidh\the-karan-singh-vaidh\server\node_modules\router\index.js:291:5)
    at logger (C:\react project\x\the-karan-singh-vaidh\the-karan-singh-vaidh\server\node_modules\morgan\index.js:144:5)
    at Layer.handleRequest (C:\react project\x\the-karan-singh-vaidh\the-karan-singh-vaidh\server\node_modules\router\lib\layer.js:152:17)
    at trimPrefix (C:\react project\x\the-karan-singh-vaidh\the-karan-singh-vaidh\server\node_modules\router\index.js:342:13)
    at C:\react project\x\the-karan-singh-vaidh\the-karan-singh-vaidh\server\node_modules\router\index.js:297:9

[2026-04-15T16:51:31.178Z] 404 - Not Found - /socket.io/?EIO=4&transport=websocket
Error: Not Found - /socket.io/?EIO=4&transport=websocket
    at notFound (C:\react project\x\the-karan-singh-vaidh\the-karan-singh-vaidh\server\middleware\errorMiddleware.js:2:19)
    at Layer.handleRequest (C:\react project\x\the-karan-singh-vaidh\the-karan-singh-vaidh\server\node_modules\router\lib\layer.js:152:17)
    at trimPrefix (C:\react project\x\the-karan-singh-vaidh\the-karan-singh-vaidh\server\node_modules\router\index.js:342:13)
    at C:\react project\x\the-karan-singh-vaidh\the-karan-singh-vaidh\server\node_modules\router\index.js:297:9
    at processParams (C:\react project\x\the-karan-singh-vaidh\the-karan-singh-vaidh\server\node_modules\router\index.js:582:12)
    at next (C:\react project\x\the-karan-singh-vaidh\the-karan-singh-vaidh\server\node_modules\router\index.js:291:5)
    at logger (C:\react project\x\the-karan-singh-vaidh\the-karan-singh-vaidh\server\node_modules\morgan\index.js:144:5)
    at Layer.handleRequest (C:\react project\x\the-karan-singh-vaidh\the-karan-singh-vaidh\server\node_modules\router\lib\layer.js:152:17)
    at trimPrefix (C:\react project\x\the-karan-singh-vaidh\the-karan-singh-vaidh\server\node_modules\router\index.js:342:13)
    at C:\react project\x\the-karan-singh-vaidh\the-karan-singh-vaidh\server\node_modules\router\index.js:297:9

[2026-04-15T16:51:37.222Z] 404 - Not Found - /socket.io/?EIO=4&transport=websocket
Error: Not Found - /socket.io/?EIO=4&transport=websocket
    at notFound (C:\react project\x\the-karan-singh-vaidh\the-karan-singh-vaidh\server\middleware\errorMiddleware.js:2:19)
    at Layer.handleRequest (C:\react project\x\the-karan-singh-vaidh\the-karan-singh-vaidh\server\node_modules\router\lib\layer.js:152:17)
    at trimPrefix (C:\react project\x\the-karan-singh-vaidh\the-karan-singh-vaidh\server\node_modules\router\index.js:342:13)
    at C:\react project\x\the-karan-singh-vaidh\the-karan-singh-vaidh\server\node_modules\router\index.js:297:9
    at processParams (C:\react project\x\the-karan-singh-vaidh\the-karan-singh-vaidh\server\node_modules\router\index.js:582:12)
    at next (C:\react project\x\the-karan-singh-vaidh\the-karan-singh-vaidh\server\node_modules\router\index.js:291:5)
    at logger (C:\react project\x\the-karan-singh-vaidh\the-karan-singh-vaidh\server\node_modules\morgan\index.js:144:5)
    at Layer.handleRequest (C:\react project\x\the-karan-singh-vaidh\the-karan-singh-vaidh\server\node_modules\router\lib\layer.js:152:17)
    at trimPrefix (C:\react project\x\the-karan-singh-vaidh\the-karan-singh-vaidh\server\node_modules\router\index.js:342:13)
    at C:\react project\x\the-karan-singh-vaidh\the-karan-singh-vaidh\server\node_modules\router\index.js:297:9

[2026-04-15T16:51:43.258Z] 404 - Not Found - /socket.io/?EIO=4&transport=websocket
Error: Not Found - /socket.io/?EIO=4&transport=websocket
    at notFound (C:\react project\x\the-karan-singh-vaidh\the-karan-singh-vaidh\server\middleware\errorMiddleware.js:2:19)
    at Layer.handleRequest (C:\react project\x\the-karan-singh-vaidh\the-karan-singh-vaidh\server\node_modules\router\lib\layer.js:152:17)
    at trimPrefix (C:\react project\x\the-karan-singh-vaidh\the-karan-singh-vaidh\server\node_modules\router\index.js:342:13)
    at C:\react project\x\the-karan-singh-vaidh\the-karan-singh-vaidh\server\node_modules\router\index.js:297:9
    at processParams (C:\react project\x\the-karan-singh-vaidh\the-karan-singh-vaidh\server\node_modules\router\index.js:582:12)
    at next (C:\react project\x\the-karan-singh-vaidh\the-karan-singh-vaidh\server\node_modules\router\index.js:291:5)
    at logger (C:\react project\x\the-karan-singh-vaidh\the-karan-singh-vaidh\server\node_modules\morgan\index.js:144:5)
    at Layer.handleRequest (C:\react project\x\the-karan-singh-vaidh\the-karan-singh-vaidh\server\node_modules\router\lib\layer.js:152:17)
    at trimPrefix (C:\react project\x\the-karan-singh-vaidh\the-karan-singh-vaidh\server\node_modules\router\index.js:342:13)
    at C:\react project\x\the-karan-singh-vaidh\the-karan-singh-vaidh\server\node_modules\router\index.js:297:9

[2026-04-15T16:51:49.435Z] 404 - Not Found - /socket.io/?EIO=4&transport=websocket
Error: Not Found - /socket.io/?EIO=4&transport=websocket
    at notFound (C:\react project\x\the-karan-singh-vaidh\the-karan-singh-vaidh\server\middleware\errorMiddleware.js:2:19)
    at Layer.handleRequest (C:\react project\x\the-karan-singh-vaidh\the-karan-singh-vaidh\server\node_modules\router\lib\layer.js:152:17)
    at trimPrefix (C:\react project\x\the-karan-singh-vaidh\the-karan-singh-vaidh\server\node_modules\router\index.js:342:13)
    at C:\react project\x\the-karan-singh-vaidh\the-karan-singh-vaidh\server\node_modules\router\index.js:297:9
    at processParams (C:\react project\x\the-karan-singh-vaidh\the-karan-singh-vaidh\server\node_modules\router\index.js:582:12)
    at next (C:\react project\x\the-karan-singh-vaidh\the-karan-singh-vaidh\server\node_modules\router\index.js:291:5)
    at logger (C:\react project\x\the-karan-singh-vaidh\the-karan-singh-vaidh\server\node_modules\morgan\index.js:144:5)
    at Layer.handleRequest (C:\react project\x\the-karan-singh-vaidh\the-karan-singh-vaidh\server\node_modules\router\lib\layer.js:152:17)
    at trimPrefix (C:\react project\x\the-karan-singh-vaidh\the-karan-singh-vaidh\server\node_modules\router\index.js:342:13)
    at C:\react project\x\the-karan-singh-vaidh\the-karan-singh-vaidh\server\node_modules\router\index.js:297:9

[2026-04-15T16:51:55.469Z] 404 - Not Found - /socket.io/?EIO=4&transport=websocket
Error: Not Found - /socket.io/?EIO=4&transport=websocket
    at notFound (C:\react project\x\the-karan-singh-vaidh\the-karan-singh-vaidh\server\middleware\errorMiddleware.js:2:19)
    at Layer.handleRequest (C:\react project\x\the-karan-singh-vaidh\the-karan-singh-vaidh\server\node_modules\router\lib\layer.js:152:17)
    at trimPrefix (C:\react project\x\the-karan-singh-vaidh\the-karan-singh-vaidh\server\node_modules\router\index.js:342:13)
    at C:\react project\x\the-karan-singh-vaidh\the-karan-singh-vaidh\server\node_modules\router\index.js:297:9
    at processParams (C:\react project\x\the-karan-singh-vaidh\the-karan-singh-vaidh\server\node_modules\router\index.js:582:12)
    at next (C:\react project\x\the-karan-singh-vaidh\the-karan-singh-vaidh\server\node_modules\router\index.js:291:5)
    at logger (C:\react project\x\the-karan-singh-vaidh\the-karan-singh-vaidh\server\node_modules\morgan\index.js:144:5)
    at Layer.handleRequest (C:\react project\x\the-karan-singh-vaidh\the-karan-singh-vaidh\server\node_modules\router\lib\layer.js:152:17)
    at trimPrefix (C:\react project\x\the-karan-singh-vaidh\the-karan-singh-vaidh\server\node_modules\router\index.js:342:13)
    at C:\react project\x\the-karan-singh-vaidh\the-karan-singh-vaidh\server\node_modules\router\index.js:297:9

[2026-04-15T16:52:01.583Z] 404 - Not Found - /socket.io/?EIO=4&transport=websocket
Error: Not Found - /socket.io/?EIO=4&transport=websocket
    at notFound (C:\react project\x\the-karan-singh-vaidh\the-karan-singh-vaidh\server\middleware\errorMiddleware.js:2:19)
    at Layer.handleRequest (C:\react project\x\the-karan-singh-vaidh\the-karan-singh-vaidh\server\node_modules\router\lib\layer.js:152:17)
    at trimPrefix (C:\react project\x\the-karan-singh-vaidh\the-karan-singh-vaidh\server\node_modules\router\index.js:342:13)
    at C:\react project\x\the-karan-singh-vaidh\the-karan-singh-vaidh\server\node_modules\router\index.js:297:9
    at processParams (C:\react project\x\the-karan-singh-vaidh\the-karan-singh-vaidh\server\node_modules\router\index.js:582:12)
    at next (C:\react project\x\the-karan-singh-vaidh\the-karan-singh-vaidh\server\node_modules\router\index.js:291:5)
    at logger (C:\react project\x\the-karan-singh-vaidh\the-karan-singh-vaidh\server\node_modules\morgan\index.js:144:5)
    at Layer.handleRequest (C:\react project\x\the-karan-singh-vaidh\the-karan-singh-vaidh\server\node_modules\router\lib\layer.js:152:17)
    at trimPrefix (C:\react project\x\the-karan-singh-vaidh\the-karan-singh-vaidh\server\node_modules\router\index.js:342:13)
    at C:\react project\x\the-karan-singh-vaidh\the-karan-singh-vaidh\server\node_modules\router\index.js:297:9

[2026-04-15T16:52:07.796Z] 404 - Not Found - /socket.io/?EIO=4&transport=websocket
Error: Not Found - /socket.io/?EIO=4&transport=websocket
    at notFound (C:\react project\x\the-karan-singh-vaidh\the-karan-singh-vaidh\server\middleware\errorMiddleware.js:2:19)
    at Layer.handleRequest (C:\react project\x\the-karan-singh-vaidh\the-karan-singh-vaidh\server\node_modules\router\lib\layer.js:152:17)
    at trimPrefix (C:\react project\x\the-karan-singh-vaidh\the-karan-singh-vaidh\server\node_modules\router\index.js:342:13)
    at C:\react project\x\the-karan-singh-vaidh\the-karan-singh-vaidh\server\node_modules\router\index.js:297:9
    at processParams (C:\react project\x\the-karan-singh-vaidh\the-karan-singh-vaidh\server\node_modules\router\index.js:582:12)
    at next (C:\react project\x\the-karan-singh-vaidh\the-karan-singh-vaidh\server\node_modules\router\index.js:291:5)
    at logger (C:\react project\x\the-karan-singh-vaidh\the-karan-singh-vaidh\server\node_modules\morgan\index.js:144:5)
    at Layer.handleRequest (C:\react project\x\the-karan-singh-vaidh\the-karan-singh-vaidh\server\node_modules\router\lib\layer.js:152:17)
    at trimPrefix (C:\react project\x\the-karan-singh-vaidh\the-karan-singh-vaidh\server\node_modules\router\index.js:342:13)
    at C:\react project\x\the-karan-singh-vaidh\the-karan-singh-vaidh\server\node_modules\router\index.js:297:9

[2026-04-15T16:52:15.875Z] 404 - Not Found - /socket.io/?EIO=4&transport=websocket
Error: Not Found - /socket.io/?EIO=4&transport=websocket
    at notFound (C:\react project\x\the-karan-singh-vaidh\the-karan-singh-vaidh\server\middleware\errorMiddleware.js:2:19)
    at Layer.handleRequest (C:\react project\x\the-karan-singh-vaidh\the-karan-singh-vaidh\server\node_modules\router\lib\layer.js:152:17)
    at trimPrefix (C:\react project\x\the-karan-singh-vaidh\the-karan-singh-vaidh\server\node_modules\router\index.js:342:13)
    at C:\react project\x\the-karan-singh-vaidh\the-karan-singh-vaidh\server\node_modules\router\index.js:297:9
    at processParams (C:\react project\x\the-karan-singh-vaidh\the-karan-singh-vaidh\server\node_modules\router\index.js:582:12)
    at next (C:\react project\x\the-karan-singh-vaidh\the-karan-singh-vaidh\server\node_modules\router\index.js:291:5)
    at logger (C:\react project\x\the-karan-singh-vaidh\the-karan-singh-vaidh\server\node_modules\morgan\index.js:144:5)
    at Layer.handleRequest (C:\react project\x\the-karan-singh-vaidh\the-karan-singh-vaidh\server\node_modules\router\lib\layer.js:152:17)
    at trimPrefix (C:\react project\x\the-karan-singh-vaidh\the-karan-singh-vaidh\server\node_modules\router\index.js:342:13)
    at C:\react project\x\the-karan-singh-vaidh\the-karan-singh-vaidh\server\node_modules\router\index.js:297:9

[2026-04-15T16:52:24.519Z] 404 - Not Found - /socket.io/?EIO=4&transport=websocket
Error: Not Found - /socket.io/?EIO=4&transport=websocket
    at notFound (C:\react project\x\the-karan-singh-vaidh\the-karan-singh-vaidh\server\middleware\errorMiddleware.js:2:19)
    at Layer.handleRequest (C:\react project\x\the-karan-singh-vaidh\the-karan-singh-vaidh\server\node_modules\router\lib\layer.js:152:17)
    at trimPrefix (C:\react project\x\the-karan-singh-vaidh\the-karan-singh-vaidh\server\node_modules\router\index.js:342:13)
    at C:\react project\x\the-karan-singh-vaidh\the-karan-singh-vaidh\server\node_modules\router\index.js:297:9
    at processParams (C:\react project\x\the-karan-singh-vaidh\the-karan-singh-vaidh\server\node_modules\router\index.js:582:12)
    at next (C:\react project\x\the-karan-singh-vaidh\the-karan-singh-vaidh\server\node_modules\router\index.js:291:5)
    at logger (C:\react project\x\the-karan-singh-vaidh\the-karan-singh-vaidh\server\node_modules\morgan\index.js:144:5)
    at Layer.handleRequest (C:\react project\x\the-karan-singh-vaidh\the-karan-singh-vaidh\server\node_modules\router\lib\layer.js:152:17)
    at trimPrefix (C:\react project\x\the-karan-singh-vaidh\the-karan-singh-vaidh\server\node_modules\router\index.js:342:13)
    at C:\react project\x\the-karan-singh-vaidh\the-karan-singh-vaidh\server\node_modules\router\index.js:297:9

[2026-04-15T16:52:32.847Z] 404 - Not Found - /socket.io/?EIO=4&transport=websocket
Error: Not Found - /socket.io/?EIO=4&transport=websocket
    at notFound (C:\react project\x\the-karan-singh-vaidh\the-karan-singh-vaidh\server\middleware\errorMiddleware.js:2:19)
    at Layer.handleRequest (C:\react project\x\the-karan-singh-vaidh\the-karan-singh-vaidh\server\node_modules\router\lib\layer.js:152:17)
    at trimPrefix (C:\react project\x\the-karan-singh-vaidh\the-karan-singh-vaidh\server\node_modules\router\index.js:342:13)
    at C:\react project\x\the-karan-singh-vaidh\the-karan-singh-vaidh\server\node_modules\router\index.js:297:9
    at processParams (C:\react project\x\the-karan-singh-vaidh\the-karan-singh-vaidh\server\node_modules\router\index.js:582:12)
    at next (C:\react project\x\the-karan-singh-vaidh\the-karan-singh-vaidh\server\node_modules\router\index.js:291:5)
    at logger (C:\react project\x\the-karan-singh-vaidh\the-karan-singh-vaidh\server\node_modules\morgan\index.js:144:5)
    at Layer.handleRequest (C:\react project\x\the-karan-singh-vaidh\the-karan-singh-vaidh\server\node_modules\router\lib\layer.js:152:17)
    at trimPrefix (C:\react project\x\the-karan-singh-vaidh\the-karan-singh-vaidh\server\node_modules\router\index.js:342:13)
    at C:\react project\x\the-karan-singh-vaidh\the-karan-singh-vaidh\server\node_modules\router\index.js:297:9

[2026-04-15T16:52:38.154Z] 404 - Not Found - /socket.io/?EIO=4&transport=websocket
Error: Not Found - /socket.io/?EIO=4&transport=websocket
    at notFound (C:\react project\x\the-karan-singh-vaidh\the-karan-singh-vaidh\server\middleware\errorMiddleware.js:2:19)
    at Layer.handleRequest (C:\react project\x\the-karan-singh-vaidh\the-karan-singh-vaidh\server\node_modules\router\lib\layer.js:152:17)
    at trimPrefix (C:\react project\x\the-karan-singh-vaidh\the-karan-singh-vaidh\server\node_modules\router\index.js:342:13)
    at C:\react project\x\the-karan-singh-vaidh\the-karan-singh-vaidh\server\node_modules\router\index.js:297:9
    at processParams (C:\react project\x\the-karan-singh-vaidh\the-karan-singh-vaidh\server\node_modules\router\index.js:582:12)
    at next (C:\react project\x\the-karan-singh-vaidh\the-karan-singh-vaidh\server\node_modules\router\index.js:291:5)
    at logger (C:\react project\x\the-karan-singh-vaidh\the-karan-singh-vaidh\server\node_modules\morgan\index.js:144:5)
    at Layer.handleRequest (C:\react project\x\the-karan-singh-vaidh\the-karan-singh-vaidh\server\node_modules\router\lib\layer.js:152:17)
    at trimPrefix (C:\react project\x\the-karan-singh-vaidh\the-karan-singh-vaidh\server\node_modules\router\index.js:342:13)
    at C:\react project\x\the-karan-singh-vaidh\the-karan-singh-vaidh\server\node_modules\router\index.js:297:9

[2026-04-15T16:52:44.158Z] 404 - Not Found - /socket.io/?EIO=4&transport=websocket
Error: Not Found - /socket.io/?EIO=4&transport=websocket
    at notFound (C:\react project\x\the-karan-singh-vaidh\the-karan-singh-vaidh\server\middleware\errorMiddleware.js:2:19)
    at Layer.handleRequest (C:\react project\x\the-karan-singh-vaidh\the-karan-singh-vaidh\server\node_modules\router\lib\layer.js:152:17)
    at trimPrefix (C:\react project\x\the-karan-singh-vaidh\the-karan-singh-vaidh\server\node_modules\router\index.js:342:13)
    at C:\react project\x\the-karan-singh-vaidh\the-karan-singh-vaidh\server\node_modules\router\index.js:297:9
    at processParams (C:\react project\x\the-karan-singh-vaidh\the-karan-singh-vaidh\server\node_modules\router\index.js:582:12)
    at next (C:\react project\x\the-karan-singh-vaidh\the-karan-singh-vaidh\server\node_modules\router\index.js:291:5)
    at logger (C:\react project\x\the-karan-singh-vaidh\the-karan-singh-vaidh\server\node_modules\morgan\index.js:144:5)
    at Layer.handleRequest (C:\react project\x\the-karan-singh-vaidh\the-karan-singh-vaidh\server\node_modules\router\lib\layer.js:152:17)
    at trimPrefix (C:\react project\x\the-karan-singh-vaidh\the-karan-singh-vaidh\server\node_modules\router\index.js:342:13)
    at C:\react project\x\the-karan-singh-vaidh\the-karan-singh-vaidh\server\node_modules\router\index.js:297:9

[2026-04-15T16:52:50.157Z] 404 - Not Found - /socket.io/?EIO=4&transport=websocket
Error: Not Found - /socket.io/?EIO=4&transport=websocket
    at notFound (C:\react project\x\the-karan-singh-vaidh\the-karan-singh-vaidh\server\middleware\errorMiddleware.js:2:19)
    at Layer.handleRequest (C:\react project\x\the-karan-singh-vaidh\the-karan-singh-vaidh\server\node_modules\router\lib\layer.js:152:17)
    at trimPrefix (C:\react project\x\the-karan-singh-vaidh\the-karan-singh-vaidh\server\node_modules\router\index.js:342:13)
    at C:\react project\x\the-karan-singh-vaidh\the-karan-singh-vaidh\server\node_modules\router\index.js:297:9
    at processParams (C:\react project\x\the-karan-singh-vaidh\the-karan-singh-vaidh\server\node_modules\router\index.js:582:12)
    at next (C:\react project\x\the-karan-singh-vaidh\the-karan-singh-vaidh\server\node_modules\router\index.js:291:5)
    at logger (C:\react project\x\the-karan-singh-vaidh\the-karan-singh-vaidh\server\node_modules\morgan\index.js:144:5)
    at Layer.handleRequest (C:\react project\x\the-karan-singh-vaidh\the-karan-singh-vaidh\server\node_modules\router\lib\layer.js:152:17)
    at trimPrefix (C:\react project\x\the-karan-singh-vaidh\the-karan-singh-vaidh\server\node_modules\router\index.js:342:13)
    at C:\react project\x\the-karan-singh-vaidh\the-karan-singh-vaidh\server\node_modules\router\index.js:297:9

[2026-04-15T16:52:56.160Z] 404 - Not Found - /socket.io/?EIO=4&transport=websocket
Error: Not Found - /socket.io/?EIO=4&transport=websocket
    at notFound (C:\react project\x\the-karan-singh-vaidh\the-karan-singh-vaidh\server\middleware\errorMiddleware.js:2:19)
    at Layer.handleRequest (C:\react project\x\the-karan-singh-vaidh\the-karan-singh-vaidh\server\node_modules\router\lib\layer.js:152:17)
    at trimPrefix (C:\react project\x\the-karan-singh-vaidh\the-karan-singh-vaidh\server\node_modules\router\index.js:342:13)
    at C:\react project\x\the-karan-singh-vaidh\the-karan-singh-vaidh\server\node_modules\router\index.js:297:9
    at processParams (C:\react project\x\the-karan-singh-vaidh\the-karan-singh-vaidh\server\node_modules\router\index.js:582:12)
    at next (C:\react project\x\the-karan-singh-vaidh\the-karan-singh-vaidh\server\node_modules\router\index.js:291:5)
    at logger (C:\react project\x\the-karan-singh-vaidh\the-karan-singh-vaidh\server\node_modules\morgan\index.js:144:5)
    at Layer.handleRequest (C:\react project\x\the-karan-singh-vaidh\the-karan-singh-vaidh\server\node_modules\router\lib\layer.js:152:17)
    at trimPrefix (C:\react project\x\the-karan-singh-vaidh\the-karan-singh-vaidh\server\node_modules\router\index.js:342:13)
    at C:\react project\x\the-karan-singh-vaidh\the-karan-singh-vaidh\server\node_modules\router\index.js:297:9

[2026-04-15T16:53:02.162Z] 404 - Not Found - /socket.io/?EIO=4&transport=websocket
Error: Not Found - /socket.io/?EIO=4&transport=websocket
    at notFound (C:\react project\x\the-karan-singh-vaidh\the-karan-singh-vaidh\server\middleware\errorMiddleware.js:2:19)
    at Layer.handleRequest (C:\react project\x\the-karan-singh-vaidh\the-karan-singh-vaidh\server\node_modules\router\lib\layer.js:152:17)
    at trimPrefix (C:\react project\x\the-karan-singh-vaidh\the-karan-singh-vaidh\server\node_modules\router\index.js:342:13)
    at C:\react project\x\the-karan-singh-vaidh\the-karan-singh-vaidh\server\node_modules\router\index.js:297:9
    at processParams (C:\react project\x\the-karan-singh-vaidh\the-karan-singh-vaidh\server\node_modules\router\index.js:582:12)
    at next (C:\react project\x\the-karan-singh-vaidh\the-karan-singh-vaidh\server\node_modules\router\index.js:291:5)
    at logger (C:\react project\x\the-karan-singh-vaidh\the-karan-singh-vaidh\server\node_modules\morgan\index.js:144:5)
    at Layer.handleRequest (C:\react project\x\the-karan-singh-vaidh\the-karan-singh-vaidh\server\node_modules\router\lib\layer.js:152:17)
    at trimPrefix (C:\react project\x\the-karan-singh-vaidh\the-karan-singh-vaidh\server\node_modules\router\index.js:342:13)
    at C:\react project\x\the-karan-singh-vaidh\the-karan-singh-vaidh\server\node_modules\router\index.js:297:9

[2026-04-15T16:53:08.174Z] 404 - Not Found - /socket.io/?EIO=4&transport=websocket
Error: Not Found - /socket.io/?EIO=4&transport=websocket
    at notFound (C:\react project\x\the-karan-singh-vaidh\the-karan-singh-vaidh\server\middleware\errorMiddleware.js:2:19)
    at Layer.handleRequest (C:\react project\x\the-karan-singh-vaidh\the-karan-singh-vaidh\server\node_modules\router\lib\layer.js:152:17)
    at trimPrefix (C:\react project\x\the-karan-singh-vaidh\the-karan-singh-vaidh\server\node_modules\router\index.js:342:13)
    at C:\react project\x\the-karan-singh-vaidh\the-karan-singh-vaidh\server\node_modules\router\index.js:297:9
    at processParams (C:\react project\x\the-karan-singh-vaidh\the-karan-singh-vaidh\server\node_modules\router\index.js:582:12)
    at next (C:\react project\x\the-karan-singh-vaidh\the-karan-singh-vaidh\server\node_modules\router\index.js:291:5)
    at logger (C:\react project\x\the-karan-singh-vaidh\the-karan-singh-vaidh\server\node_modules\morgan\index.js:144:5)
    at Layer.handleRequest (C:\react project\x\the-karan-singh-vaidh\the-karan-singh-vaidh\server\node_modules\router\lib\layer.js:152:17)
    at trimPrefix (C:\react project\x\the-karan-singh-vaidh\the-karan-singh-vaidh\server\node_modules\router\index.js:342:13)
    at C:\react project\x\the-karan-singh-vaidh\the-karan-singh-vaidh\server\node_modules\router\index.js:297:9

[2026-04-15T16:53:14.174Z] 404 - Not Found - /socket.io/?EIO=4&transport=websocket
Error: Not Found - /socket.io/?EIO=4&transport=websocket
    at notFound (C:\react project\x\the-karan-singh-vaidh\the-karan-singh-vaidh\server\middleware\errorMiddleware.js:2:19)
    at Layer.handleRequest (C:\react project\x\the-karan-singh-vaidh\the-karan-singh-vaidh\server\node_modules\router\lib\layer.js:152:17)
    at trimPrefix (C:\react project\x\the-karan-singh-vaidh\the-karan-singh-vaidh\server\node_modules\router\index.js:342:13)
    at C:\react project\x\the-karan-singh-vaidh\the-karan-singh-vaidh\server\node_modules\router\index.js:297:9
    at processParams (C:\react project\x\the-karan-singh-vaidh\the-karan-singh-vaidh\server\node_modules\router\index.js:582:12)
    at next (C:\react project\x\the-karan-singh-vaidh\the-karan-singh-vaidh\server\node_modules\router\index.js:291:5)
    at logger (C:\react project\x\the-karan-singh-vaidh\the-karan-singh-vaidh\server\node_modules\morgan\index.js:144:5)
    at Layer.handleRequest (C:\react project\x\the-karan-singh-vaidh\the-karan-singh-vaidh\server\node_modules\router\lib\layer.js:152:17)
    at trimPrefix (C:\react project\x\the-karan-singh-vaidh\the-karan-singh-vaidh\server\node_modules\router\index.js:342:13)
    at C:\react project\x\the-karan-singh-vaidh\the-karan-singh-vaidh\server\node_modules\router\index.js:297:9

[2026-04-15T16:53:20.174Z] 404 - Not Found - /socket.io/?EIO=4&transport=websocket
Error: Not Found - /socket.io/?EIO=4&transport=websocket
    at notFound (C:\react project\x\the-karan-singh-vaidh\the-karan-singh-vaidh\server\middleware\errorMiddleware.js:2:19)
    at Layer.handleRequest (C:\react project\x\the-karan-singh-vaidh\the-karan-singh-vaidh\server\node_modules\router\lib\layer.js:152:17)
    at trimPrefix (C:\react project\x\the-karan-singh-vaidh\the-karan-singh-vaidh\server\node_modules\router\index.js:342:13)
    at C:\react project\x\the-karan-singh-vaidh\the-karan-singh-vaidh\server\node_modules\router\index.js:297:9
    at processParams (C:\react project\x\the-karan-singh-vaidh\the-karan-singh-vaidh\server\node_modules\router\index.js:582:12)
    at next (C:\react project\x\the-karan-singh-vaidh\the-karan-singh-vaidh\server\node_modules\router\index.js:291:5)
    at logger (C:\react project\x\the-karan-singh-vaidh\the-karan-singh-vaidh\server\node_modules\morgan\index.js:144:5)
    at Layer.handleRequest (C:\react project\x\the-karan-singh-vaidh\the-karan-singh-vaidh\server\node_modules\router\lib\layer.js:152:17)
    at trimPrefix (C:\react project\x\the-karan-singh-vaidh\the-karan-singh-vaidh\server\node_modules\router\index.js:342:13)
    at C:\react project\x\the-karan-singh-vaidh\the-karan-singh-vaidh\server\node_modules\router\index.js:297:9

[2026-04-15T16:53:26.183Z] 404 - Not Found - /socket.io/?EIO=4&transport=websocket
Error: Not Found - /socket.io/?EIO=4&transport=websocket
    at notFound (C:\react project\x\the-karan-singh-vaidh\the-karan-singh-vaidh\server\middleware\errorMiddleware.js:2:19)
    at Layer.handleRequest (C:\react project\x\the-karan-singh-vaidh\the-karan-singh-vaidh\server\node_modules\router\lib\layer.js:152:17)
    at trimPrefix (C:\react project\x\the-karan-singh-vaidh\the-karan-singh-vaidh\server\node_modules\router\index.js:342:13)
    at C:\react project\x\the-karan-singh-vaidh\the-karan-singh-vaidh\server\node_modules\router\index.js:297:9
    at processParams (C:\react project\x\the-karan-singh-vaidh\the-karan-singh-vaidh\server\node_modules\router\index.js:582:12)
    at next (C:\react project\x\the-karan-singh-vaidh\the-karan-singh-vaidh\server\node_modules\router\index.js:291:5)
    at logger (C:\react project\x\the-karan-singh-vaidh\the-karan-singh-vaidh\server\node_modules\morgan\index.js:144:5)
    at Layer.handleRequest (C:\react project\x\the-karan-singh-vaidh\the-karan-singh-vaidh\server\node_modules\router\lib\layer.js:152:17)
    at trimPrefix (C:\react project\x\the-karan-singh-vaidh\the-karan-singh-vaidh\server\node_modules\router\index.js:342:13)
    at C:\react project\x\the-karan-singh-vaidh\the-karan-singh-vaidh\server\node_modules\router\index.js:297:9

[2026-04-15T16:53:32.177Z] 404 - Not Found - /socket.io/?EIO=4&transport=websocket
Error: Not Found - /socket.io/?EIO=4&transport=websocket
    at notFound (C:\react project\x\the-karan-singh-vaidh\the-karan-singh-vaidh\server\middleware\errorMiddleware.js:2:19)
    at Layer.handleRequest (C:\react project\x\the-karan-singh-vaidh\the-karan-singh-vaidh\server\node_modules\router\lib\layer.js:152:17)
    at trimPrefix (C:\react project\x\the-karan-singh-vaidh\the-karan-singh-vaidh\server\node_modules\router\index.js:342:13)
    at C:\react project\x\the-karan-singh-vaidh\the-karan-singh-vaidh\server\node_modules\router\index.js:297:9
    at processParams (C:\react project\x\the-karan-singh-vaidh\the-karan-singh-vaidh\server\node_modules\router\index.js:582:12)
    at next (C:\react project\x\the-karan-singh-vaidh\the-karan-singh-vaidh\server\node_modules\router\index.js:291:5)
    at logger (C:\react project\x\the-karan-singh-vaidh\the-karan-singh-vaidh\server\node_modules\morgan\index.js:144:5)
    at Layer.handleRequest (C:\react project\x\the-karan-singh-vaidh\the-karan-singh-vaidh\server\node_modules\router\lib\layer.js:152:17)
    at trimPrefix (C:\react project\x\the-karan-singh-vaidh\the-karan-singh-vaidh\server\node_modules\router\index.js:342:13)
    at C:\react project\x\the-karan-singh-vaidh\the-karan-singh-vaidh\server\node_modules\router\index.js:297:9

[2026-04-15T16:53:38.218Z] 404 - Not Found - /socket.io/?EIO=4&transport=websocket
Error: Not Found - /socket.io/?EIO=4&transport=websocket
    at notFound (C:\react project\x\the-karan-singh-vaidh\the-karan-singh-vaidh\server\middleware\errorMiddleware.js:2:19)
    at Layer.handleRequest (C:\react project\x\the-karan-singh-vaidh\the-karan-singh-vaidh\server\node_modules\router\lib\layer.js:152:17)
    at trimPrefix (C:\react project\x\the-karan-singh-vaidh\the-karan-singh-vaidh\server\node_modules\router\index.js:342:13)
    at C:\react project\x\the-karan-singh-vaidh\the-karan-singh-vaidh\server\node_modules\router\index.js:297:9
    at processParams (C:\react project\x\the-karan-singh-vaidh\the-karan-singh-vaidh\server\node_modules\router\index.js:582:12)
    at next (C:\react project\x\the-karan-singh-vaidh\the-karan-singh-vaidh\server\node_modules\router\index.js:291:5)
    at logger (C:\react project\x\the-karan-singh-vaidh\the-karan-singh-vaidh\server\node_modules\morgan\index.js:144:5)
    at Layer.handleRequest (C:\react project\x\the-karan-singh-vaidh\the-karan-singh-vaidh\server\node_modules\router\lib\layer.js:152:17)
    at trimPrefix (C:\react project\x\the-karan-singh-vaidh\the-karan-singh-vaidh\server\node_modules\router\index.js:342:13)
    at C:\react project\x\the-karan-singh-vaidh\the-karan-singh-vaidh\server\node_modules\router\index.js:297:9

[2026-04-15T16:53:44.276Z] 404 - Not Found - /socket.io/?EIO=4&transport=websocket
Error: Not Found - /socket.io/?EIO=4&transport=websocket
    at notFound (C:\react project\x\the-karan-singh-vaidh\the-karan-singh-vaidh\server\middleware\errorMiddleware.js:2:19)
    at Layer.handleRequest (C:\react project\x\the-karan-singh-vaidh\the-karan-singh-vaidh\server\node_modules\router\lib\layer.js:152:17)
    at trimPrefix (C:\react project\x\the-karan-singh-vaidh\the-karan-singh-vaidh\server\node_modules\router\index.js:342:13)
    at C:\react project\x\the-karan-singh-vaidh\the-karan-singh-vaidh\server\node_modules\router\index.js:297:9
    at processParams (C:\react project\x\the-karan-singh-vaidh\the-karan-singh-vaidh\server\node_modules\router\index.js:582:12)
    at next (C:\react project\x\the-karan-singh-vaidh\the-karan-singh-vaidh\server\node_modules\router\index.js:291:5)
    at logger (C:\react project\x\the-karan-singh-vaidh\the-karan-singh-vaidh\server\node_modules\morgan\index.js:144:5)
    at Layer.handleRequest (C:\react project\x\the-karan-singh-vaidh\the-karan-singh-vaidh\server\node_modules\router\lib\layer.js:152:17)
    at trimPrefix (C:\react project\x\the-karan-singh-vaidh\the-karan-singh-vaidh\server\node_modules\router\index.js:342:13)
    at C:\react project\x\the-karan-singh-vaidh\the-karan-singh-vaidh\server\node_modules\router\index.js:297:9

[2026-04-15T16:53:50.468Z] 404 - Not Found - /socket.io/?EIO=4&transport=websocket
Error: Not Found - /socket.io/?EIO=4&transport=websocket
    at notFound (C:\react project\x\the-karan-singh-vaidh\the-karan-singh-vaidh\server\middleware\errorMiddleware.js:2:19)
    at Layer.handleRequest (C:\react project\x\the-karan-singh-vaidh\the-karan-singh-vaidh\server\node_modules\router\lib\layer.js:152:17)
    at trimPrefix (C:\react project\x\the-karan-singh-vaidh\the-karan-singh-vaidh\server\node_modules\router\index.js:342:13)
    at C:\react project\x\the-karan-singh-vaidh\the-karan-singh-vaidh\server\node_modules\router\index.js:297:9
    at processParams (C:\react project\x\the-karan-singh-vaidh\the-karan-singh-vaidh\server\node_modules\router\index.js:582:12)
    at next (C:\react project\x\the-karan-singh-vaidh\the-karan-singh-vaidh\server\node_modules\router\index.js:291:5)
    at logger (C:\react project\x\the-karan-singh-vaidh\the-karan-singh-vaidh\server\node_modules\morgan\index.js:144:5)
    at Layer.handleRequest (C:\react project\x\the-karan-singh-vaidh\the-karan-singh-vaidh\server\node_modules\router\lib\layer.js:152:17)
    at trimPrefix (C:\react project\x\the-karan-singh-vaidh\the-karan-singh-vaidh\server\node_modules\router\index.js:342:13)
    at C:\react project\x\the-karan-singh-vaidh\the-karan-singh-vaidh\server\node_modules\router\index.js:297:9

[2026-04-15T16:53:56.728Z] 404 - Not Found - /socket.io/?EIO=4&transport=websocket
Error: Not Found - /socket.io/?EIO=4&transport=websocket
    at notFound (C:\react project\x\the-karan-singh-vaidh\the-karan-singh-vaidh\server\middleware\errorMiddleware.js:2:19)
    at Layer.handleRequest (C:\react project\x\the-karan-singh-vaidh\the-karan-singh-vaidh\server\node_modules\router\lib\layer.js:152:17)
    at trimPrefix (C:\react project\x\the-karan-singh-vaidh\the-karan-singh-vaidh\server\node_modules\router\index.js:342:13)
    at C:\react project\x\the-karan-singh-vaidh\the-karan-singh-vaidh\server\node_modules\router\index.js:297:9
    at processParams (C:\react project\x\the-karan-singh-vaidh\the-karan-singh-vaidh\server\node_modules\router\index.js:582:12)
    at next (C:\react project\x\the-karan-singh-vaidh\the-karan-singh-vaidh\server\node_modules\router\index.js:291:5)
    at logger (C:\react project\x\the-karan-singh-vaidh\the-karan-singh-vaidh\server\node_modules\morgan\index.js:144:5)
    at Layer.handleRequest (C:\react project\x\the-karan-singh-vaidh\the-karan-singh-vaidh\server\node_modules\router\lib\layer.js:152:17)
    at trimPrefix (C:\react project\x\the-karan-singh-vaidh\the-karan-singh-vaidh\server\node_modules\router\index.js:342:13)
    at C:\react project\x\the-karan-singh-vaidh\the-karan-singh-vaidh\server\node_modules\router\index.js:297:9

[2026-04-15T16:54:02.864Z] 404 - Not Found - /socket.io/?EIO=4&transport=websocket
Error: Not Found - /socket.io/?EIO=4&transport=websocket
    at notFound (C:\react project\x\the-karan-singh-vaidh\the-karan-singh-vaidh\server\middleware\errorMiddleware.js:2:19)
    at Layer.handleRequest (C:\react project\x\the-karan-singh-vaidh\the-karan-singh-vaidh\server\node_modules\router\lib\layer.js:152:17)
    at trimPrefix (C:\react project\x\the-karan-singh-vaidh\the-karan-singh-vaidh\server\node_modules\router\index.js:342:13)
    at C:\react project\x\the-karan-singh-vaidh\the-karan-singh-vaidh\server\node_modules\router\index.js:297:9
    at processParams (C:\react project\x\the-karan-singh-vaidh\the-karan-singh-vaidh\server\node_modules\router\index.js:582:12)
    at next (C:\react project\x\the-karan-singh-vaidh\the-karan-singh-vaidh\server\node_modules\router\index.js:291:5)
    at logger (C:\react project\x\the-karan-singh-vaidh\the-karan-singh-vaidh\server\node_modules\morgan\index.js:144:5)
    at Layer.handleRequest (C:\react project\x\the-karan-singh-vaidh\the-karan-singh-vaidh\server\node_modules\router\lib\layer.js:152:17)
    at trimPrefix (C:\react project\x\the-karan-singh-vaidh\the-karan-singh-vaidh\server\node_modules\router\index.js:342:13)
    at C:\react project\x\the-karan-singh-vaidh\the-karan-singh-vaidh\server\node_modules\router\index.js:297:9

[2026-04-15T16:54:10.388Z] 404 - Not Found - /socket.io/?EIO=4&transport=websocket
Error: Not Found - /socket.io/?EIO=4&transport=websocket
    at notFound (C:\react project\x\the-karan-singh-vaidh\the-karan-singh-vaidh\server\middleware\errorMiddleware.js:2:19)
    at Layer.handleRequest (C:\react project\x\the-karan-singh-vaidh\the-karan-singh-vaidh\server\node_modules\router\lib\layer.js:152:17)
    at trimPrefix (C:\react project\x\the-karan-singh-vaidh\the-karan-singh-vaidh\server\node_modules\router\index.js:342:13)
    at C:\react project\x\the-karan-singh-vaidh\the-karan-singh-vaidh\server\node_modules\router\index.js:297:9
    at processParams (C:\react project\x\the-karan-singh-vaidh\the-karan-singh-vaidh\server\node_modules\router\index.js:582:12)
    at next (C:\react project\x\the-karan-singh-vaidh\the-karan-singh-vaidh\server\node_modules\router\index.js:291:5)
    at logger (C:\react project\x\the-karan-singh-vaidh\the-karan-singh-vaidh\server\node_modules\morgan\index.js:144:5)
    at Layer.handleRequest (C:\react project\x\the-karan-singh-vaidh\the-karan-singh-vaidh\server\node_modules\router\lib\layer.js:152:17)
    at trimPrefix (C:\react project\x\the-karan-singh-vaidh\the-karan-singh-vaidh\server\node_modules\router\index.js:342:13)
    at C:\react project\x\the-karan-singh-vaidh\the-karan-singh-vaidh\server\node_modules\router\index.js:297:9

[2026-04-15T16:54:20.960Z] 404 - Not Found - /socket.io/?EIO=4&transport=websocket
Error: Not Found - /socket.io/?EIO=4&transport=websocket
    at notFound (C:\react project\x\the-karan-singh-vaidh\the-karan-singh-vaidh\server\middleware\errorMiddleware.js:2:19)
    at Layer.handleRequest (C:\react project\x\the-karan-singh-vaidh\the-karan-singh-vaidh\server\node_modules\router\lib\layer.js:152:17)
    at trimPrefix (C:\react project\x\the-karan-singh-vaidh\the-karan-singh-vaidh\server\node_modules\router\index.js:342:13)
    at C:\react project\x\the-karan-singh-vaidh\the-karan-singh-vaidh\server\node_modules\router\index.js:297:9
    at processParams (C:\react project\x\the-karan-singh-vaidh\the-karan-singh-vaidh\server\node_modules\router\index.js:582:12)
    at next (C:\react project\x\the-karan-singh-vaidh\the-karan-singh-vaidh\server\node_modules\router\index.js:291:5)
    at logger (C:\react project\x\the-karan-singh-vaidh\the-karan-singh-vaidh\server\node_modules\morgan\index.js:144:5)
    at Layer.handleRequest (C:\react project\x\the-karan-singh-vaidh\the-karan-singh-vaidh\server\node_modules\router\lib\layer.js:152:17)
    at trimPrefix (C:\react project\x\the-karan-singh-vaidh\the-karan-singh-vaidh\server\node_modules\router\index.js:342:13)
    at C:\react project\x\the-karan-singh-vaidh\the-karan-singh-vaidh\server\node_modules\router\index.js:297:9

[2026-04-15T16:54:29.836Z] 404 - Not Found - /socket.io/?EIO=4&transport=websocket
Error: Not Found - /socket.io/?EIO=4&transport=websocket
    at notFound (C:\react project\x\the-karan-singh-vaidh\the-karan-singh-vaidh\server\middleware\errorMiddleware.js:2:19)
    at Layer.handleRequest (C:\react project\x\the-karan-singh-vaidh\the-karan-singh-vaidh\server\node_modules\router\lib\layer.js:152:17)
    at trimPrefix (C:\react project\x\the-karan-singh-vaidh\the-karan-singh-vaidh\server\node_modules\router\index.js:342:13)
    at C:\react project\x\the-karan-singh-vaidh\the-karan-singh-vaidh\server\node_modules\router\index.js:297:9
    at processParams (C:\react project\x\the-karan-singh-vaidh\the-karan-singh-vaidh\server\node_modules\router\index.js:582:12)
    at next (C:\react project\x\the-karan-singh-vaidh\the-karan-singh-vaidh\server\node_modules\router\index.js:291:5)
    at logger (C:\react project\x\the-karan-singh-vaidh\the-karan-singh-vaidh\server\node_modules\morgan\index.js:144:5)
    at Layer.handleRequest (C:\react project\x\the-karan-singh-vaidh\the-karan-singh-vaidh\server\node_modules\router\lib\layer.js:152:17)
    at trimPrefix (C:\react project\x\the-karan-singh-vaidh\the-karan-singh-vaidh\server\node_modules\router\index.js:342:13)
    at C:\react project\x\the-karan-singh-vaidh\the-karan-singh-vaidh\server\node_modules\router\index.js:297:9

[2026-04-15T16:54:36.956Z] 404 - Not Found - /socket.io/?EIO=4&transport=websocket
Error: Not Found - /socket.io/?EIO=4&transport=websocket
    at notFound (C:\react project\x\the-karan-singh-vaidh\the-karan-singh-vaidh\server\middleware\errorMiddleware.js:2:19)
    at Layer.handleRequest (C:\react project\x\the-karan-singh-vaidh\the-karan-singh-vaidh\server\node_modules\router\lib\layer.js:152:17)
    at trimPrefix (C:\react project\x\the-karan-singh-vaidh\the-karan-singh-vaidh\server\node_modules\router\index.js:342:13)
    at C:\react project\x\the-karan-singh-vaidh\the-karan-singh-vaidh\server\node_modules\router\index.js:297:9
    at processParams (C:\react project\x\the-karan-singh-vaidh\the-karan-singh-vaidh\server\node_modules\router\index.js:582:12)
    at next (C:\react project\x\the-karan-singh-vaidh\the-karan-singh-vaidh\server\node_modules\router\index.js:291:5)
    at logger (C:\react project\x\the-karan-singh-vaidh\the-karan-singh-vaidh\server\node_modules\morgan\index.js:144:5)
    at Layer.handleRequest (C:\react project\x\the-karan-singh-vaidh\the-karan-singh-vaidh\server\node_modules\router\lib\layer.js:152:17)
    at trimPrefix (C:\react project\x\the-karan-singh-vaidh\the-karan-singh-vaidh\server\node_modules\router\index.js:342:13)
    at C:\react project\x\the-karan-singh-vaidh\the-karan-singh-vaidh\server\node_modules\router\index.js:297:9

[2026-04-15T16:54:42.162Z] 404 - Not Found - /socket.io/?EIO=4&transport=websocket
Error: Not Found - /socket.io/?EIO=4&transport=websocket
    at notFound (C:\react project\x\the-karan-singh-vaidh\the-karan-singh-vaidh\server\middleware\errorMiddleware.js:2:19)
    at Layer.handleRequest (C:\react project\x\the-karan-singh-vaidh\the-karan-singh-vaidh\server\node_modules\router\lib\layer.js:152:17)
    at trimPrefix (C:\react project\x\the-karan-singh-vaidh\the-karan-singh-vaidh\server\node_modules\router\index.js:342:13)
    at C:\react project\x\the-karan-singh-vaidh\the-karan-singh-vaidh\server\node_modules\router\index.js:297:9
    at processParams (C:\react project\x\the-karan-singh-vaidh\the-karan-singh-vaidh\server\node_modules\router\index.js:582:12)
    at next (C:\react project\x\the-karan-singh-vaidh\the-karan-singh-vaidh\server\node_modules\router\index.js:291:5)
    at logger (C:\react project\x\the-karan-singh-vaidh\the-karan-singh-vaidh\server\node_modules\morgan\index.js:144:5)
    at Layer.handleRequest (C:\react project\x\the-karan-singh-vaidh\the-karan-singh-vaidh\server\node_modules\router\lib\layer.js:152:17)
    at trimPrefix (C:\react project\x\the-karan-singh-vaidh\the-karan-singh-vaidh\server\node_modules\router\index.js:342:13)
    at C:\react project\x\the-karan-singh-vaidh\the-karan-singh-vaidh\server\node_modules\router\index.js:297:9

[2026-04-15T16:54:48.167Z] 404 - Not Found - /socket.io/?EIO=4&transport=websocket
Error: Not Found - /socket.io/?EIO=4&transport=websocket
    at notFound (C:\react project\x\the-karan-singh-vaidh\the-karan-singh-vaidh\server\middleware\errorMiddleware.js:2:19)
    at Layer.handleRequest (C:\react project\x\the-karan-singh-vaidh\the-karan-singh-vaidh\server\node_modules\router\lib\layer.js:152:17)
    at trimPrefix (C:\react project\x\the-karan-singh-vaidh\the-karan-singh-vaidh\server\node_modules\router\index.js:342:13)
    at C:\react project\x\the-karan-singh-vaidh\the-karan-singh-vaidh\server\node_modules\router\index.js:297:9
    at processParams (C:\react project\x\the-karan-singh-vaidh\the-karan-singh-vaidh\server\node_modules\router\index.js:582:12)
    at next (C:\react project\x\the-karan-singh-vaidh\the-karan-singh-vaidh\server\node_modules\router\index.js:291:5)
    at logger (C:\react project\x\the-karan-singh-vaidh\the-karan-singh-vaidh\server\node_modules\morgan\index.js:144:5)
    at Layer.handleRequest (C:\react project\x\the-karan-singh-vaidh\the-karan-singh-vaidh\server\node_modules\router\lib\layer.js:152:17)
    at trimPrefix (C:\react project\x\the-karan-singh-vaidh\the-karan-singh-vaidh\server\node_modules\router\index.js:342:13)
    at C:\react project\x\the-karan-singh-vaidh\the-karan-singh-vaidh\server\node_modules\router\index.js:297:9

[2026-04-15T16:54:54.156Z] 404 - Not Found - /socket.io/?EIO=4&transport=websocket
Error: Not Found - /socket.io/?EIO=4&transport=websocket
    at notFound (C:\react project\x\the-karan-singh-vaidh\the-karan-singh-vaidh\server\middleware\errorMiddleware.js:2:19)
    at Layer.handleRequest (C:\react project\x\the-karan-singh-vaidh\the-karan-singh-vaidh\server\node_modules\router\lib\layer.js:152:17)
    at trimPrefix (C:\react project\x\the-karan-singh-vaidh\the-karan-singh-vaidh\server\node_modules\router\index.js:342:13)
    at C:\react project\x\the-karan-singh-vaidh\the-karan-singh-vaidh\server\node_modules\router\index.js:297:9
    at processParams (C:\react project\x\the-karan-singh-vaidh\the-karan-singh-vaidh\server\node_modules\router\index.js:582:12)
    at next (C:\react project\x\the-karan-singh-vaidh\the-karan-singh-vaidh\server\node_modules\router\index.js:291:5)
    at logger (C:\react project\x\the-karan-singh-vaidh\the-karan-singh-vaidh\server\node_modules\morgan\index.js:144:5)
    at Layer.handleRequest (C:\react project\x\the-karan-singh-vaidh\the-karan-singh-vaidh\server\node_modules\router\lib\layer.js:152:17)
    at trimPrefix (C:\react project\x\the-karan-singh-vaidh\the-karan-singh-vaidh\server\node_modules\router\index.js:342:13)
    at C:\react project\x\the-karan-singh-vaidh\the-karan-singh-vaidh\server\node_modules\router\index.js:297:9

[2026-04-15T16:55:00.165Z] 404 - Not Found - /socket.io/?EIO=4&transport=websocket
Error: Not Found - /socket.io/?EIO=4&transport=websocket
    at notFound (C:\react project\x\the-karan-singh-vaidh\the-karan-singh-vaidh\server\middleware\errorMiddleware.js:2:19)
    at Layer.handleRequest (C:\react project\x\the-karan-singh-vaidh\the-karan-singh-vaidh\server\node_modules\router\lib\layer.js:152:17)
    at trimPrefix (C:\react project\x\the-karan-singh-vaidh\the-karan-singh-vaidh\server\node_modules\router\index.js:342:13)
    at C:\react project\x\the-karan-singh-vaidh\the-karan-singh-vaidh\server\node_modules\router\index.js:297:9
    at processParams (C:\react project\x\the-karan-singh-vaidh\the-karan-singh-vaidh\server\node_modules\router\index.js:582:12)
    at next (C:\react project\x\the-karan-singh-vaidh\the-karan-singh-vaidh\server\node_modules\router\index.js:291:5)
    at logger (C:\react project\x\the-karan-singh-vaidh\the-karan-singh-vaidh\server\node_modules\morgan\index.js:144:5)
    at Layer.handleRequest (C:\react project\x\the-karan-singh-vaidh\the-karan-singh-vaidh\server\node_modules\router\lib\layer.js:152:17)
    at trimPrefix (C:\react project\x\the-karan-singh-vaidh\the-karan-singh-vaidh\server\node_modules\router\index.js:342:13)
    at C:\react project\x\the-karan-singh-vaidh\the-karan-singh-vaidh\server\node_modules\router\index.js:297:9

[2026-04-15T16:55:06.164Z] 404 - Not Found - /socket.io/?EIO=4&transport=websocket
Error: Not Found - /socket.io/?EIO=4&transport=websocket
    at notFound (C:\react project\x\the-karan-singh-vaidh\the-karan-singh-vaidh\server\middleware\errorMiddleware.js:2:19)
    at Layer.handleRequest (C:\react project\x\the-karan-singh-vaidh\the-karan-singh-vaidh\server\node_modules\router\lib\layer.js:152:17)
    at trimPrefix (C:\react project\x\the-karan-singh-vaidh\the-karan-singh-vaidh\server\node_modules\router\index.js:342:13)
    at C:\react project\x\the-karan-singh-vaidh\the-karan-singh-vaidh\server\node_modules\router\index.js:297:9
    at processParams (C:\react project\x\the-karan-singh-vaidh\the-karan-singh-vaidh\server\node_modules\router\index.js:582:12)
    at next (C:\react project\x\the-karan-singh-vaidh\the-karan-singh-vaidh\server\node_modules\router\index.js:291:5)
    at logger (C:\react project\x\the-karan-singh-vaidh\the-karan-singh-vaidh\server\node_modules\morgan\index.js:144:5)
    at Layer.handleRequest (C:\react project\x\the-karan-singh-vaidh\the-karan-singh-vaidh\server\node_modules\router\lib\layer.js:152:17)
    at trimPrefix (C:\react project\x\the-karan-singh-vaidh\the-karan-singh-vaidh\server\node_modules\router\index.js:342:13)
    at C:\react project\x\the-karan-singh-vaidh\the-karan-singh-vaidh\server\node_modules\router\index.js:297:9

[2026-04-15T16:55:12.181Z] 404 - Not Found - /socket.io/?EIO=4&transport=websocket
Error: Not Found - /socket.io/?EIO=4&transport=websocket
    at notFound (C:\react project\x\the-karan-singh-vaidh\the-karan-singh-vaidh\server\middleware\errorMiddleware.js:2:19)
    at Layer.handleRequest (C:\react project\x\the-karan-singh-vaidh\the-karan-singh-vaidh\server\node_modules\router\lib\layer.js:152:17)
    at trimPrefix (C:\react project\x\the-karan-singh-vaidh\the-karan-singh-vaidh\server\node_modules\router\index.js:342:13)
    at C:\react project\x\the-karan-singh-vaidh\the-karan-singh-vaidh\server\node_modules\router\index.js:297:9
    at processParams (C:\react project\x\the-karan-singh-vaidh\the-karan-singh-vaidh\server\node_modules\router\index.js:582:12)
    at next (C:\react project\x\the-karan-singh-vaidh\the-karan-singh-vaidh\server\node_modules\router\index.js:291:5)
    at logger (C:\react project\x\the-karan-singh-vaidh\the-karan-singh-vaidh\server\node_modules\morgan\index.js:144:5)
    at Layer.handleRequest (C:\react project\x\the-karan-singh-vaidh\the-karan-singh-vaidh\server\node_modules\router\lib\layer.js:152:17)
    at trimPrefix (C:\react project\x\the-karan-singh-vaidh\the-karan-singh-vaidh\server\node_modules\router\index.js:342:13)
    at C:\react project\x\the-karan-singh-vaidh\the-karan-singh-vaidh\server\node_modules\router\index.js:297:9

[2026-04-15T16:55:18.181Z] 404 - Not Found - /socket.io/?EIO=4&transport=websocket
Error: Not Found - /socket.io/?EIO=4&transport=websocket
    at notFound (C:\react project\x\the-karan-singh-vaidh\the-karan-singh-vaidh\server\middleware\errorMiddleware.js:2:19)
    at Layer.handleRequest (C:\react project\x\the-karan-singh-vaidh\the-karan-singh-vaidh\server\node_modules\router\lib\layer.js:152:17)
    at trimPrefix (C:\react project\x\the-karan-singh-vaidh\the-karan-singh-vaidh\server\node_modules\router\index.js:342:13)
    at C:\react project\x\the-karan-singh-vaidh\the-karan-singh-vaidh\server\node_modules\router\index.js:297:9
    at processParams (C:\react project\x\the-karan-singh-vaidh\the-karan-singh-vaidh\server\node_modules\router\index.js:582:12)
    at next (C:\react project\x\the-karan-singh-vaidh\the-karan-singh-vaidh\server\node_modules\router\index.js:291:5)
    at logger (C:\react project\x\the-karan-singh-vaidh\the-karan-singh-vaidh\server\node_modules\morgan\index.js:144:5)
    at Layer.handleRequest (C:\react project\x\the-karan-singh-vaidh\the-karan-singh-vaidh\server\node_modules\router\lib\layer.js:152:17)
    at trimPrefix (C:\react project\x\the-karan-singh-vaidh\the-karan-singh-vaidh\server\node_modules\router\index.js:342:13)
    at C:\react project\x\the-karan-singh-vaidh\the-karan-singh-vaidh\server\node_modules\router\index.js:297:9

[2026-04-15T16:55:24.178Z] 404 - Not Found - /socket.io/?EIO=4&transport=websocket
Error: Not Found - /socket.io/?EIO=4&transport=websocket
    at notFound (C:\react project\x\the-karan-singh-vaidh\the-karan-singh-vaidh\server\middleware\errorMiddleware.js:2:19)
    at Layer.handleRequest (C:\react project\x\the-karan-singh-vaidh\the-karan-singh-vaidh\server\node_modules\router\lib\layer.js:152:17)
    at trimPrefix (C:\react project\x\the-karan-singh-vaidh\the-karan-singh-vaidh\server\node_modules\router\index.js:342:13)
    at C:\react project\x\the-karan-singh-vaidh\the-karan-singh-vaidh\server\node_modules\router\index.js:297:9
    at processParams (C:\react project\x\the-karan-singh-vaidh\the-karan-singh-vaidh\server\node_modules\router\index.js:582:12)
    at next (C:\react project\x\the-karan-singh-vaidh\the-karan-singh-vaidh\server\node_modules\router\index.js:291:5)
    at logger (C:\react project\x\the-karan-singh-vaidh\the-karan-singh-vaidh\server\node_modules\morgan\index.js:144:5)
    at Layer.handleRequest (C:\react project\x\the-karan-singh-vaidh\the-karan-singh-vaidh\server\node_modules\router\lib\layer.js:152:17)
    at trimPrefix (C:\react project\x\the-karan-singh-vaidh\the-karan-singh-vaidh\server\node_modules\router\index.js:342:13)
    at C:\react project\x\the-karan-singh-vaidh\the-karan-singh-vaidh\server\node_modules\router\index.js:297:9

[2026-04-15T16:55:30.194Z] 404 - Not Found - /socket.io/?EIO=4&transport=websocket
Error: Not Found - /socket.io/?EIO=4&transport=websocket
    at notFound (C:\react project\x\the-karan-singh-vaidh\the-karan-singh-vaidh\server\middleware\errorMiddleware.js:2:19)
    at Layer.handleRequest (C:\react project\x\the-karan-singh-vaidh\the-karan-singh-vaidh\server\node_modules\router\lib\layer.js:152:17)
    at trimPrefix (C:\react project\x\the-karan-singh-vaidh\the-karan-singh-vaidh\server\node_modules\router\index.js:342:13)
    at C:\react project\x\the-karan-singh-vaidh\the-karan-singh-vaidh\server\node_modules\router\index.js:297:9
    at processParams (C:\react project\x\the-karan-singh-vaidh\the-karan-singh-vaidh\server\node_modules\router\index.js:582:12)
    at next (C:\react project\x\the-karan-singh-vaidh\the-karan-singh-vaidh\server\node_modules\router\index.js:291:5)
    at logger (C:\react project\x\the-karan-singh-vaidh\the-karan-singh-vaidh\server\node_modules\morgan\index.js:144:5)
    at Layer.handleRequest (C:\react project\x\the-karan-singh-vaidh\the-karan-singh-vaidh\server\node_modules\router\lib\layer.js:152:17)
    at trimPrefix (C:\react project\x\the-karan-singh-vaidh\the-karan-singh-vaidh\server\node_modules\router\index.js:342:13)
    at C:\react project\x\the-karan-singh-vaidh\the-karan-singh-vaidh\server\node_modules\router\index.js:297:9

[2026-04-15T16:55:36.169Z] 404 - Not Found - /socket.io/?EIO=4&transport=websocket
Error: Not Found - /socket.io/?EIO=4&transport=websocket
    at notFound (C:\react project\x\the-karan-singh-vaidh\the-karan-singh-vaidh\server\middleware\errorMiddleware.js:2:19)
    at Layer.handleRequest (C:\react project\x\the-karan-singh-vaidh\the-karan-singh-vaidh\server\node_modules\router\lib\layer.js:152:17)
    at trimPrefix (C:\react project\x\the-karan-singh-vaidh\the-karan-singh-vaidh\server\node_modules\router\index.js:342:13)
    at C:\react project\x\the-karan-singh-vaidh\the-karan-singh-vaidh\server\node_modules\router\index.js:297:9
    at processParams (C:\react project\x\the-karan-singh-vaidh\the-karan-singh-vaidh\server\node_modules\router\index.js:582:12)
    at next (C:\react project\x\the-karan-singh-vaidh\the-karan-singh-vaidh\server\node_modules\router\index.js:291:5)
    at logger (C:\react project\x\the-karan-singh-vaidh\the-karan-singh-vaidh\server\node_modules\morgan\index.js:144:5)
    at Layer.handleRequest (C:\react project\x\the-karan-singh-vaidh\the-karan-singh-vaidh\server\node_modules\router\lib\layer.js:152:17)
    at trimPrefix (C:\react project\x\the-karan-singh-vaidh\the-karan-singh-vaidh\server\node_modules\router\index.js:342:13)
    at C:\react project\x\the-karan-singh-vaidh\the-karan-singh-vaidh\server\node_modules\router\index.js:297:9

[2026-04-15T16:55:42.195Z] 404 - Not Found - /socket.io/?EIO=4&transport=websocket
Error: Not Found - /socket.io/?EIO=4&transport=websocket
    at notFound (C:\react project\x\the-karan-singh-vaidh\the-karan-singh-vaidh\server\middleware\errorMiddleware.js:2:19)
    at Layer.handleRequest (C:\react project\x\the-karan-singh-vaidh\the-karan-singh-vaidh\server\node_modules\router\lib\layer.js:152:17)
    at trimPrefix (C:\react project\x\the-karan-singh-vaidh\the-karan-singh-vaidh\server\node_modules\router\index.js:342:13)
    at C:\react project\x\the-karan-singh-vaidh\the-karan-singh-vaidh\server\node_modules\router\index.js:297:9
    at processParams (C:\react project\x\the-karan-singh-vaidh\the-karan-singh-vaidh\server\node_modules\router\index.js:582:12)
    at next (C:\react project\x\the-karan-singh-vaidh\the-karan-singh-vaidh\server\node_modules\router\index.js:291:5)
    at logger (C:\react project\x\the-karan-singh-vaidh\the-karan-singh-vaidh\server\node_modules\morgan\index.js:144:5)
    at Layer.handleRequest (C:\react project\x\the-karan-singh-vaidh\the-karan-singh-vaidh\server\node_modules\router\lib\layer.js:152:17)
    at trimPrefix (C:\react project\x\the-karan-singh-vaidh\the-karan-singh-vaidh\server\node_modules\router\index.js:342:13)
    at C:\react project\x\the-karan-singh-vaidh\the-karan-singh-vaidh\server\node_modules\router\index.js:297:9

[2026-04-15T16:55:48.223Z] 404 - Not Found - /socket.io/?EIO=4&transport=websocket
Error: Not Found - /socket.io/?EIO=4&transport=websocket
    at notFound (C:\react project\x\the-karan-singh-vaidh\the-karan-singh-vaidh\server\middleware\errorMiddleware.js:2:19)
    at Layer.handleRequest (C:\react project\x\the-karan-singh-vaidh\the-karan-singh-vaidh\server\node_modules\router\lib\layer.js:152:17)
    at trimPrefix (C:\react project\x\the-karan-singh-vaidh\the-karan-singh-vaidh\server\node_modules\router\index.js:342:13)
    at C:\react project\x\the-karan-singh-vaidh\the-karan-singh-vaidh\server\node_modules\router\index.js:297:9
    at processParams (C:\react project\x\the-karan-singh-vaidh\the-karan-singh-vaidh\server\node_modules\router\index.js:582:12)
    at next (C:\react project\x\the-karan-singh-vaidh\the-karan-singh-vaidh\server\node_modules\router\index.js:291:5)
    at logger (C:\react project\x\the-karan-singh-vaidh\the-karan-singh-vaidh\server\node_modules\morgan\index.js:144:5)
    at Layer.handleRequest (C:\react project\x\the-karan-singh-vaidh\the-karan-singh-vaidh\server\node_modules\router\lib\layer.js:152:17)
    at trimPrefix (C:\react project\x\the-karan-singh-vaidh\the-karan-singh-vaidh\server\node_modules\router\index.js:342:13)
    at C:\react project\x\the-karan-singh-vaidh\the-karan-singh-vaidh\server\node_modules\router\index.js:297:9

[2026-04-15T16:55:54.442Z] 404 - Not Found - /socket.io/?EIO=4&transport=websocket
Error: Not Found - /socket.io/?EIO=4&transport=websocket
    at notFound (C:\react project\x\the-karan-singh-vaidh\the-karan-singh-vaidh\server\middleware\errorMiddleware.js:2:19)
    at Layer.handleRequest (C:\react project\x\the-karan-singh-vaidh\the-karan-singh-vaidh\server\node_modules\router\lib\layer.js:152:17)
    at trimPrefix (C:\react project\x\the-karan-singh-vaidh\the-karan-singh-vaidh\server\node_modules\router\index.js:342:13)
    at C:\react project\x\the-karan-singh-vaidh\the-karan-singh-vaidh\server\node_modules\router\index.js:297:9
    at processParams (C:\react project\x\the-karan-singh-vaidh\the-karan-singh-vaidh\server\node_modules\router\index.js:582:12)
    at next (C:\react project\x\the-karan-singh-vaidh\the-karan-singh-vaidh\server\node_modules\router\index.js:291:5)
    at logger (C:\react project\x\the-karan-singh-vaidh\the-karan-singh-vaidh\server\node_modules\morgan\index.js:144:5)
    at Layer.handleRequest (C:\react project\x\the-karan-singh-vaidh\the-karan-singh-vaidh\server\node_modules\router\lib\layer.js:152:17)
    at trimPrefix (C:\react project\x\the-karan-singh-vaidh\the-karan-singh-vaidh\server\node_modules\router\index.js:342:13)
    at C:\react project\x\the-karan-singh-vaidh\the-karan-singh-vaidh\server\node_modules\router\index.js:297:9

[2026-04-15T16:56:00.315Z] 404 - Not Found - /socket.io/?EIO=4&transport=websocket
Error: Not Found - /socket.io/?EIO=4&transport=websocket
    at notFound (C:\react project\x\the-karan-singh-vaidh\the-karan-singh-vaidh\server\middleware\errorMiddleware.js:2:19)
    at Layer.handleRequest (C:\react project\x\the-karan-singh-vaidh\the-karan-singh-vaidh\server\node_modules\router\lib\layer.js:152:17)
    at trimPrefix (C:\react project\x\the-karan-singh-vaidh\the-karan-singh-vaidh\server\node_modules\router\index.js:342:13)
    at C:\react project\x\the-karan-singh-vaidh\the-karan-singh-vaidh\server\node_modules\router\index.js:297:9
    at processParams (C:\react project\x\the-karan-singh-vaidh\the-karan-singh-vaidh\server\node_modules\router\index.js:582:12)
    at next (C:\react project\x\the-karan-singh-vaidh\the-karan-singh-vaidh\server\node_modules\router\index.js:291:5)
    at logger (C:\react project\x\the-karan-singh-vaidh\the-karan-singh-vaidh\server\node_modules\morgan\index.js:144:5)
    at Layer.handleRequest (C:\react project\x\the-karan-singh-vaidh\the-karan-singh-vaidh\server\node_modules\router\lib\layer.js:152:17)
    at trimPrefix (C:\react project\x\the-karan-singh-vaidh\the-karan-singh-vaidh\server\node_modules\router\index.js:342:13)
    at C:\react project\x\the-karan-singh-vaidh\the-karan-singh-vaidh\server\node_modules\router\index.js:297:9

[2026-04-15T16:56:07.413Z] 404 - Not Found - /socket.io/?EIO=4&transport=websocket
Error: Not Found - /socket.io/?EIO=4&transport=websocket
    at notFound (C:\react project\x\the-karan-singh-vaidh\the-karan-singh-vaidh\server\middleware\errorMiddleware.js:2:19)
    at Layer.handleRequest (C:\react project\x\the-karan-singh-vaidh\the-karan-singh-vaidh\server\node_modules\router\lib\layer.js:152:17)
    at trimPrefix (C:\react project\x\the-karan-singh-vaidh\the-karan-singh-vaidh\server\node_modules\router\index.js:342:13)
    at C:\react project\x\the-karan-singh-vaidh\the-karan-singh-vaidh\server\node_modules\router\index.js:297:9
    at processParams (C:\react project\x\the-karan-singh-vaidh\the-karan-singh-vaidh\server\node_modules\router\index.js:582:12)
    at next (C:\react project\x\the-karan-singh-vaidh\the-karan-singh-vaidh\server\node_modules\router\index.js:291:5)
    at logger (C:\react project\x\the-karan-singh-vaidh\the-karan-singh-vaidh\server\node_modules\morgan\index.js:144:5)
    at Layer.handleRequest (C:\react project\x\the-karan-singh-vaidh\the-karan-singh-vaidh\server\node_modules\router\lib\layer.js:152:17)
    at trimPrefix (C:\react project\x\the-karan-singh-vaidh\the-karan-singh-vaidh\server\node_modules\router\index.js:342:13)
    at C:\react project\x\the-karan-singh-vaidh\the-karan-singh-vaidh\server\node_modules\router\index.js:297:9

[2026-04-15T16:56:14.628Z] 404 - Not Found - /socket.io/?EIO=4&transport=websocket
Error: Not Found - /socket.io/?EIO=4&transport=websocket
    at notFound (C:\react project\x\the-karan-singh-vaidh\the-karan-singh-vaidh\server\middleware\errorMiddleware.js:2:19)
    at Layer.handleRequest (C:\react project\x\the-karan-singh-vaidh\the-karan-singh-vaidh\server\node_modules\router\lib\layer.js:152:17)
    at trimPrefix (C:\react project\x\the-karan-singh-vaidh\the-karan-singh-vaidh\server\node_modules\router\index.js:342:13)
    at C:\react project\x\the-karan-singh-vaidh\the-karan-singh-vaidh\server\node_modules\router\index.js:297:9
    at processParams (C:\react project\x\the-karan-singh-vaidh\the-karan-singh-vaidh\server\node_modules\router\index.js:582:12)
    at next (C:\react project\x\the-karan-singh-vaidh\the-karan-singh-vaidh\server\node_modules\router\index.js:291:5)
    at logger (C:\react project\x\the-karan-singh-vaidh\the-karan-singh-vaidh\server\node_modules\morgan\index.js:144:5)
    at Layer.handleRequest (C:\react project\x\the-karan-singh-vaidh\the-karan-singh-vaidh\server\node_modules\router\lib\layer.js:152:17)
    at trimPrefix (C:\react project\x\the-karan-singh-vaidh\the-karan-singh-vaidh\server\node_modules\router\index.js:342:13)
    at C:\react project\x\the-karan-singh-vaidh\the-karan-singh-vaidh\server\node_modules\router\index.js:297:9

[2026-04-15T16:56:25.011Z] 404 - Not Found - /socket.io/?EIO=4&transport=websocket
Error: Not Found - /socket.io/?EIO=4&transport=websocket
    at notFound (C:\react project\x\the-karan-singh-vaidh\the-karan-singh-vaidh\server\middleware\errorMiddleware.js:2:19)
    at Layer.handleRequest (C:\react project\x\the-karan-singh-vaidh\the-karan-singh-vaidh\server\node_modules\router\lib\layer.js:152:17)
    at trimPrefix (C:\react project\x\the-karan-singh-vaidh\the-karan-singh-vaidh\server\node_modules\router\index.js:342:13)
    at C:\react project\x\the-karan-singh-vaidh\the-karan-singh-vaidh\server\node_modules\router\index.js:297:9
    at processParams (C:\react project\x\the-karan-singh-vaidh\the-karan-singh-vaidh\server\node_modules\router\index.js:582:12)
    at next (C:\react project\x\the-karan-singh-vaidh\the-karan-singh-vaidh\server\node_modules\router\index.js:291:5)
    at logger (C:\react project\x\the-karan-singh-vaidh\the-karan-singh-vaidh\server\node_modules\morgan\index.js:144:5)
    at Layer.handleRequest (C:\react project\x\the-karan-singh-vaidh\the-karan-singh-vaidh\server\node_modules\router\lib\layer.js:152:17)
    at trimPrefix (C:\react project\x\the-karan-singh-vaidh\the-karan-singh-vaidh\server\node_modules\router\index.js:342:13)
    at C:\react project\x\the-karan-singh-vaidh\the-karan-singh-vaidh\server\node_modules\router\index.js:297:9

[2026-04-15T16:56:33.398Z] 404 - Not Found - /socket.io/?EIO=4&transport=websocket
Error: Not Found - /socket.io/?EIO=4&transport=websocket
    at notFound (C:\react project\x\the-karan-singh-vaidh\the-karan-singh-vaidh\server\middleware\errorMiddleware.js:2:19)
    at Layer.handleRequest (C:\react project\x\the-karan-singh-vaidh\the-karan-singh-vaidh\server\node_modules\router\lib\layer.js:152:17)
    at trimPrefix (C:\react project\x\the-karan-singh-vaidh\the-karan-singh-vaidh\server\node_modules\router\index.js:342:13)
    at C:\react project\x\the-karan-singh-vaidh\the-karan-singh-vaidh\server\node_modules\router\index.js:297:9
    at processParams (C:\react project\x\the-karan-singh-vaidh\the-karan-singh-vaidh\server\node_modules\router\index.js:582:12)
    at next (C:\react project\x\the-karan-singh-vaidh\the-karan-singh-vaidh\server\node_modules\router\index.js:291:5)
    at logger (C:\react project\x\the-karan-singh-vaidh\the-karan-singh-vaidh\server\node_modules\morgan\index.js:144:5)
    at Layer.handleRequest (C:\react project\x\the-karan-singh-vaidh\the-karan-singh-vaidh\server\node_modules\router\lib\layer.js:152:17)
    at trimPrefix (C:\react project\x\the-karan-singh-vaidh\the-karan-singh-vaidh\server\node_modules\router\index.js:342:13)
    at C:\react project\x\the-karan-singh-vaidh\the-karan-singh-vaidh\server\node_modules\router\index.js:297:9

[2026-04-15T16:56:40.245Z] 404 - Not Found - /socket.io/?EIO=4&transport=websocket
Error: Not Found - /socket.io/?EIO=4&transport=websocket
    at notFound (C:\react project\x\the-karan-singh-vaidh\the-karan-singh-vaidh\server\middleware\errorMiddleware.js:2:19)
    at Layer.handleRequest (C:\react project\x\the-karan-singh-vaidh\the-karan-singh-vaidh\server\node_modules\router\lib\layer.js:152:17)
    at trimPrefix (C:\react project\x\the-karan-singh-vaidh\the-karan-singh-vaidh\server\node_modules\router\index.js:342:13)
    at C:\react project\x\the-karan-singh-vaidh\the-karan-singh-vaidh\server\node_modules\router\index.js:297:9
    at processParams (C:\react project\x\the-karan-singh-vaidh\the-karan-singh-vaidh\server\node_modules\router\index.js:582:12)
    at next (C:\react project\x\the-karan-singh-vaidh\the-karan-singh-vaidh\server\node_modules\router\index.js:291:5)
    at logger (C:\react project\x\the-karan-singh-vaidh\the-karan-singh-vaidh\server\node_modules\morgan\index.js:144:5)
    at Layer.handleRequest (C:\react project\x\the-karan-singh-vaidh\the-karan-singh-vaidh\server\node_modules\router\lib\layer.js:152:17)
    at trimPrefix (C:\react project\x\the-karan-singh-vaidh\the-karan-singh-vaidh\server\node_modules\router\index.js:342:13)
    at C:\react project\x\the-karan-singh-vaidh\the-karan-singh-vaidh\server\node_modules\router\index.js:297:9

[2026-04-15T16:56:46.165Z] 404 - Not Found - /socket.io/?EIO=4&transport=websocket
Error: Not Found - /socket.io/?EIO=4&transport=websocket
    at notFound (C:\react project\x\the-karan-singh-vaidh\the-karan-singh-vaidh\server\middleware\errorMiddleware.js:2:19)
    at Layer.handleRequest (C:\react project\x\the-karan-singh-vaidh\the-karan-singh-vaidh\server\node_modules\router\lib\layer.js:152:17)
    at trimPrefix (C:\react project\x\the-karan-singh-vaidh\the-karan-singh-vaidh\server\node_modules\router\index.js:342:13)
    at C:\react project\x\the-karan-singh-vaidh\the-karan-singh-vaidh\server\node_modules\router\index.js:297:9
    at processParams (C:\react project\x\the-karan-singh-vaidh\the-karan-singh-vaidh\server\node_modules\router\index.js:582:12)
    at next (C:\react project\x\the-karan-singh-vaidh\the-karan-singh-vaidh\server\node_modules\router\index.js:291:5)
    at logger (C:\react project\x\the-karan-singh-vaidh\the-karan-singh-vaidh\server\node_modules\morgan\index.js:144:5)
    at Layer.handleRequest (C:\react project\x\the-karan-singh-vaidh\the-karan-singh-vaidh\server\node_modules\router\lib\layer.js:152:17)
    at trimPrefix (C:\react project\x\the-karan-singh-vaidh\the-karan-singh-vaidh\server\node_modules\router\index.js:342:13)
    at C:\react project\x\the-karan-singh-vaidh\the-karan-singh-vaidh\server\node_modules\router\index.js:297:9

[2026-04-15T16:56:52.153Z] 404 - Not Found - /socket.io/?EIO=4&transport=websocket
Error: Not Found - /socket.io/?EIO=4&transport=websocket
    at notFound (C:\react project\x\the-karan-singh-vaidh\the-karan-singh-vaidh\server\middleware\errorMiddleware.js:2:19)
    at Layer.handleRequest (C:\react project\x\the-karan-singh-vaidh\the-karan-singh-vaidh\server\node_modules\router\lib\layer.js:152:17)
    at trimPrefix (C:\react project\x\the-karan-singh-vaidh\the-karan-singh-vaidh\server\node_modules\router\index.js:342:13)
    at C:\react project\x\the-karan-singh-vaidh\the-karan-singh-vaidh\server\node_modules\router\index.js:297:9
    at processParams (C:\react project\x\the-karan-singh-vaidh\the-karan-singh-vaidh\server\node_modules\router\index.js:582:12)
    at next (C:\react project\x\the-karan-singh-vaidh\the-karan-singh-vaidh\server\node_modules\router\index.js:291:5)
    at logger (C:\react project\x\the-karan-singh-vaidh\the-karan-singh-vaidh\server\node_modules\morgan\index.js:144:5)
    at Layer.handleRequest (C:\react project\x\the-karan-singh-vaidh\the-karan-singh-vaidh\server\node_modules\router\lib\layer.js:152:17)
    at trimPrefix (C:\react project\x\the-karan-singh-vaidh\the-karan-singh-vaidh\server\node_modules\router\index.js:342:13)
    at C:\react project\x\the-karan-singh-vaidh\the-karan-singh-vaidh\server\node_modules\router\index.js:297:9

[2026-04-15T16:56:58.150Z] 404 - Not Found - /socket.io/?EIO=4&transport=websocket
Error: Not Found - /socket.io/?EIO=4&transport=websocket
    at notFound (C:\react project\x\the-karan-singh-vaidh\the-karan-singh-vaidh\server\middleware\errorMiddleware.js:2:19)
    at Layer.handleRequest (C:\react project\x\the-karan-singh-vaidh\the-karan-singh-vaidh\server\node_modules\router\lib\layer.js:152:17)
    at trimPrefix (C:\react project\x\the-karan-singh-vaidh\the-karan-singh-vaidh\server\node_modules\router\index.js:342:13)
    at C:\react project\x\the-karan-singh-vaidh\the-karan-singh-vaidh\server\node_modules\router\index.js:297:9
    at processParams (C:\react project\x\the-karan-singh-vaidh\the-karan-singh-vaidh\server\node_modules\router\index.js:582:12)
    at next (C:\react project\x\the-karan-singh-vaidh\the-karan-singh-vaidh\server\node_modules\router\index.js:291:5)
    at logger (C:\react project\x\the-karan-singh-vaidh\the-karan-singh-vaidh\server\node_modules\morgan\index.js:144:5)
    at Layer.handleRequest (C:\react project\x\the-karan-singh-vaidh\the-karan-singh-vaidh\server\node_modules\router\lib\layer.js:152:17)
    at trimPrefix (C:\react project\x\the-karan-singh-vaidh\the-karan-singh-vaidh\server\node_modules\router\index.js:342:13)
    at C:\react project\x\the-karan-singh-vaidh\the-karan-singh-vaidh\server\node_modules\router\index.js:297:9

[2026-04-15T16:57:04.153Z] 404 - Not Found - /socket.io/?EIO=4&transport=websocket
Error: Not Found - /socket.io/?EIO=4&transport=websocket
    at notFound (C:\react project\x\the-karan-singh-vaidh\the-karan-singh-vaidh\server\middleware\errorMiddleware.js:2:19)
    at Layer.handleRequest (C:\react project\x\the-karan-singh-vaidh\the-karan-singh-vaidh\server\node_modules\router\lib\layer.js:152:17)
    at trimPrefix (C:\react project\x\the-karan-singh-vaidh\the-karan-singh-vaidh\server\node_modules\router\index.js:342:13)
    at C:\react project\x\the-karan-singh-vaidh\the-karan-singh-vaidh\server\node_modules\router\index.js:297:9
    at processParams (C:\react project\x\the-karan-singh-vaidh\the-karan-singh-vaidh\server\node_modules\router\index.js:582:12)
    at next (C:\react project\x\the-karan-singh-vaidh\the-karan-singh-vaidh\server\node_modules\router\index.js:291:5)
    at logger (C:\react project\x\the-karan-singh-vaidh\the-karan-singh-vaidh\server\node_modules\morgan\index.js:144:5)
    at Layer.handleRequest (C:\react project\x\the-karan-singh-vaidh\the-karan-singh-vaidh\server\node_modules\router\lib\layer.js:152:17)
    at trimPrefix (C:\react project\x\the-karan-singh-vaidh\the-karan-singh-vaidh\server\node_modules\router\index.js:342:13)
    at C:\react project\x\the-karan-singh-vaidh\the-karan-singh-vaidh\server\node_modules\router\index.js:297:9

[2026-04-15T16:57:10.180Z] 404 - Not Found - /socket.io/?EIO=4&transport=websocket
Error: Not Found - /socket.io/?EIO=4&transport=websocket
    at notFound (C:\react project\x\the-karan-singh-vaidh\the-karan-singh-vaidh\server\middleware\errorMiddleware.js:2:19)
    at Layer.handleRequest (C:\react project\x\the-karan-singh-vaidh\the-karan-singh-vaidh\server\node_modules\router\lib\layer.js:152:17)
    at trimPrefix (C:\react project\x\the-karan-singh-vaidh\the-karan-singh-vaidh\server\node_modules\router\index.js:342:13)
    at C:\react project\x\the-karan-singh-vaidh\the-karan-singh-vaidh\server\node_modules\router\index.js:297:9
    at processParams (C:\react project\x\the-karan-singh-vaidh\the-karan-singh-vaidh\server\node_modules\router\index.js:582:12)
    at next (C:\react project\x\the-karan-singh-vaidh\the-karan-singh-vaidh\server\node_modules\router\index.js:291:5)
    at logger (C:\react project\x\the-karan-singh-vaidh\the-karan-singh-vaidh\server\node_modules\morgan\index.js:144:5)
    at Layer.handleRequest (C:\react project\x\the-karan-singh-vaidh\the-karan-singh-vaidh\server\node_modules\router\lib\layer.js:152:17)
    at trimPrefix (C:\react project\x\the-karan-singh-vaidh\the-karan-singh-vaidh\server\node_modules\router\index.js:342:13)
    at C:\react project\x\the-karan-singh-vaidh\the-karan-singh-vaidh\server\node_modules\router\index.js:297:9

[2026-04-15T16:57:16.162Z] 404 - Not Found - /socket.io/?EIO=4&transport=websocket
Error: Not Found - /socket.io/?EIO=4&transport=websocket
    at notFound (C:\react project\x\the-karan-singh-vaidh\the-karan-singh-vaidh\server\middleware\errorMiddleware.js:2:19)
    at Layer.handleRequest (C:\react project\x\the-karan-singh-vaidh\the-karan-singh-vaidh\server\node_modules\router\lib\layer.js:152:17)
    at trimPrefix (C:\react project\x\the-karan-singh-vaidh\the-karan-singh-vaidh\server\node_modules\router\index.js:342:13)
    at C:\react project\x\the-karan-singh-vaidh\the-karan-singh-vaidh\server\node_modules\router\index.js:297:9
    at processParams (C:\react project\x\the-karan-singh-vaidh\the-karan-singh-vaidh\server\node_modules\router\index.js:582:12)
    at next (C:\react project\x\the-karan-singh-vaidh\the-karan-singh-vaidh\server\node_modules\router\index.js:291:5)
    at logger (C:\react project\x\the-karan-singh-vaidh\the-karan-singh-vaidh\server\node_modules\morgan\index.js:144:5)
    at Layer.handleRequest (C:\react project\x\the-karan-singh-vaidh\the-karan-singh-vaidh\server\node_modules\router\lib\layer.js:152:17)
    at trimPrefix (C:\react project\x\the-karan-singh-vaidh\the-karan-singh-vaidh\server\node_modules\router\index.js:342:13)
    at C:\react project\x\the-karan-singh-vaidh\the-karan-singh-vaidh\server\node_modules\router\index.js:297:9

[2026-04-15T16:57:22.174Z] 404 - Not Found - /socket.io/?EIO=4&transport=websocket
Error: Not Found - /socket.io/?EIO=4&transport=websocket
    at notFound (C:\react project\x\the-karan-singh-vaidh\the-karan-singh-vaidh\server\middleware\errorMiddleware.js:2:19)
    at Layer.handleRequest (C:\react project\x\the-karan-singh-vaidh\the-karan-singh-vaidh\server\node_modules\router\lib\layer.js:152:17)
    at trimPrefix (C:\react project\x\the-karan-singh-vaidh\the-karan-singh-vaidh\server\node_modules\router\index.js:342:13)
    at C:\react project\x\the-karan-singh-vaidh\the-karan-singh-vaidh\server\node_modules\router\index.js:297:9
    at processParams (C:\react project\x\the-karan-singh-vaidh\the-karan-singh-vaidh\server\node_modules\router\index.js:582:12)
    at next (C:\react project\x\the-karan-singh-vaidh\the-karan-singh-vaidh\server\node_modules\router\index.js:291:5)
    at logger (C:\react project\x\the-karan-singh-vaidh\the-karan-singh-vaidh\server\node_modules\morgan\index.js:144:5)
    at Layer.handleRequest (C:\react project\x\the-karan-singh-vaidh\the-karan-singh-vaidh\server\node_modules\router\lib\layer.js:152:17)
    at trimPrefix (C:\react project\x\the-karan-singh-vaidh\the-karan-singh-vaidh\server\node_modules\router\index.js:342:13)
    at C:\react project\x\the-karan-singh-vaidh\the-karan-singh-vaidh\server\node_modules\router\index.js:297:9

[2026-04-15T16:57:28.172Z] 404 - Not Found - /socket.io/?EIO=4&transport=websocket
Error: Not Found - /socket.io/?EIO=4&transport=websocket
    at notFound (C:\react project\x\the-karan-singh-vaidh\the-karan-singh-vaidh\server\middleware\errorMiddleware.js:2:19)
    at Layer.handleRequest (C:\react project\x\the-karan-singh-vaidh\the-karan-singh-vaidh\server\node_modules\router\lib\layer.js:152:17)
    at trimPrefix (C:\react project\x\the-karan-singh-vaidh\the-karan-singh-vaidh\server\node_modules\router\index.js:342:13)
    at C:\react project\x\the-karan-singh-vaidh\the-karan-singh-vaidh\server\node_modules\router\index.js:297:9
    at processParams (C:\react project\x\the-karan-singh-vaidh\the-karan-singh-vaidh\server\node_modules\router\index.js:582:12)
    at next (C:\react project\x\the-karan-singh-vaidh\the-karan-singh-vaidh\server\node_modules\router\index.js:291:5)
    at logger (C:\react project\x\the-karan-singh-vaidh\the-karan-singh-vaidh\server\node_modules\morgan\index.js:144:5)
    at Layer.handleRequest (C:\react project\x\the-karan-singh-vaidh\the-karan-singh-vaidh\server\node_modules\router\lib\layer.js:152:17)
    at trimPrefix (C:\react project\x\the-karan-singh-vaidh\the-karan-singh-vaidh\server\node_modules\router\index.js:342:13)
    at C:\react project\x\the-karan-singh-vaidh\the-karan-singh-vaidh\server\node_modules\router\index.js:297:9

[2026-04-15T16:57:34.168Z] 404 - Not Found - /socket.io/?EIO=4&transport=websocket
Error: Not Found - /socket.io/?EIO=4&transport=websocket
    at notFound (C:\react project\x\the-karan-singh-vaidh\the-karan-singh-vaidh\server\middleware\errorMiddleware.js:2:19)
    at Layer.handleRequest (C:\react project\x\the-karan-singh-vaidh\the-karan-singh-vaidh\server\node_modules\router\lib\layer.js:152:17)
    at trimPrefix (C:\react project\x\the-karan-singh-vaidh\the-karan-singh-vaidh\server\node_modules\router\index.js:342:13)
    at C:\react project\x\the-karan-singh-vaidh\the-karan-singh-vaidh\server\node_modules\router\index.js:297:9
    at processParams (C:\react project\x\the-karan-singh-vaidh\the-karan-singh-vaidh\server\node_modules\router\index.js:582:12)
    at next (C:\react project\x\the-karan-singh-vaidh\the-karan-singh-vaidh\server\node_modules\router\index.js:291:5)
    at logger (C:\react project\x\the-karan-singh-vaidh\the-karan-singh-vaidh\server\node_modules\morgan\index.js:144:5)
    at Layer.handleRequest (C:\react project\x\the-karan-singh-vaidh\the-karan-singh-vaidh\server\node_modules\router\lib\layer.js:152:17)
    at trimPrefix (C:\react project\x\the-karan-singh-vaidh\the-karan-singh-vaidh\server\node_modules\router\index.js:342:13)
    at C:\react project\x\the-karan-singh-vaidh\the-karan-singh-vaidh\server\node_modules\router\index.js:297:9

[2026-04-15T16:57:40.175Z] 404 - Not Found - /socket.io/?EIO=4&transport=websocket
Error: Not Found - /socket.io/?EIO=4&transport=websocket
    at notFound (C:\react project\x\the-karan-singh-vaidh\the-karan-singh-vaidh\server\middleware\errorMiddleware.js:2:19)
    at Layer.handleRequest (C:\react project\x\the-karan-singh-vaidh\the-karan-singh-vaidh\server\node_modules\router\lib\layer.js:152:17)
    at trimPrefix (C:\react project\x\the-karan-singh-vaidh\the-karan-singh-vaidh\server\node_modules\router\index.js:342:13)
    at C:\react project\x\the-karan-singh-vaidh\the-karan-singh-vaidh\server\node_modules\router\index.js:297:9
    at processParams (C:\react project\x\the-karan-singh-vaidh\the-karan-singh-vaidh\server\node_modules\router\index.js:582:12)
    at next (C:\react project\x\the-karan-singh-vaidh\the-karan-singh-vaidh\server\node_modules\router\index.js:291:5)
    at logger (C:\react project\x\the-karan-singh-vaidh\the-karan-singh-vaidh\server\node_modules\morgan\index.js:144:5)
    at Layer.handleRequest (C:\react project\x\the-karan-singh-vaidh\the-karan-singh-vaidh\server\node_modules\router\lib\layer.js:152:17)
    at trimPrefix (C:\react project\x\the-karan-singh-vaidh\the-karan-singh-vaidh\server\node_modules\router\index.js:342:13)
    at C:\react project\x\the-karan-singh-vaidh\the-karan-singh-vaidh\server\node_modules\router\index.js:297:9

[2026-04-15T16:57:46.239Z] 404 - Not Found - /socket.io/?EIO=4&transport=websocket
Error: Not Found - /socket.io/?EIO=4&transport=websocket
    at notFound (C:\react project\x\the-karan-singh-vaidh\the-karan-singh-vaidh\server\middleware\errorMiddleware.js:2:19)
    at Layer.handleRequest (C:\react project\x\the-karan-singh-vaidh\the-karan-singh-vaidh\server\node_modules\router\lib\layer.js:152:17)
    at trimPrefix (C:\react project\x\the-karan-singh-vaidh\the-karan-singh-vaidh\server\node_modules\router\index.js:342:13)
    at C:\react project\x\the-karan-singh-vaidh\the-karan-singh-vaidh\server\node_modules\router\index.js:297:9
    at processParams (C:\react project\x\the-karan-singh-vaidh\the-karan-singh-vaidh\server\node_modules\router\index.js:582:12)
    at next (C:\react project\x\the-karan-singh-vaidh\the-karan-singh-vaidh\server\node_modules\router\index.js:291:5)
    at logger (C:\react project\x\the-karan-singh-vaidh\the-karan-singh-vaidh\server\node_modules\morgan\index.js:144:5)
    at Layer.handleRequest (C:\react project\x\the-karan-singh-vaidh\the-karan-singh-vaidh\server\node_modules\router\lib\layer.js:152:17)
    at trimPrefix (C:\react project\x\the-karan-singh-vaidh\the-karan-singh-vaidh\server\node_modules\router\index.js:342:13)
    at C:\react project\x\the-karan-singh-vaidh\the-karan-singh-vaidh\server\node_modules\router\index.js:297:9

[2026-04-15T16:57:52.223Z] 404 - Not Found - /socket.io/?EIO=4&transport=websocket
Error: Not Found - /socket.io/?EIO=4&transport=websocket
    at notFound (C:\react project\x\the-karan-singh-vaidh\the-karan-singh-vaidh\server\middleware\errorMiddleware.js:2:19)
    at Layer.handleRequest (C:\react project\x\the-karan-singh-vaidh\the-karan-singh-vaidh\server\node_modules\router\lib\layer.js:152:17)
    at trimPrefix (C:\react project\x\the-karan-singh-vaidh\the-karan-singh-vaidh\server\node_modules\router\index.js:342:13)
    at C:\react project\x\the-karan-singh-vaidh\the-karan-singh-vaidh\server\node_modules\router\index.js:297:9
    at processParams (C:\react project\x\the-karan-singh-vaidh\the-karan-singh-vaidh\server\node_modules\router\index.js:582:12)
    at next (C:\react project\x\the-karan-singh-vaidh\the-karan-singh-vaidh\server\node_modules\router\index.js:291:5)
    at logger (C:\react project\x\the-karan-singh-vaidh\the-karan-singh-vaidh\server\node_modules\morgan\index.js:144:5)
    at Layer.handleRequest (C:\react project\x\the-karan-singh-vaidh\the-karan-singh-vaidh\server\node_modules\router\lib\layer.js:152:17)
    at trimPrefix (C:\react project\x\the-karan-singh-vaidh\the-karan-singh-vaidh\server\node_modules\router\index.js:342:13)
    at C:\react project\x\the-karan-singh-vaidh\the-karan-singh-vaidh\server\node_modules\router\index.js:297:9

[2026-04-15T16:57:58.369Z] 404 - Not Found - /socket.io/?EIO=4&transport=websocket
Error: Not Found - /socket.io/?EIO=4&transport=websocket
    at notFound (C:\react project\x\the-karan-singh-vaidh\the-karan-singh-vaidh\server\middleware\errorMiddleware.js:2:19)
    at Layer.handleRequest (C:\react project\x\the-karan-singh-vaidh\the-karan-singh-vaidh\server\node_modules\router\lib\layer.js:152:17)
    at trimPrefix (C:\react project\x\the-karan-singh-vaidh\the-karan-singh-vaidh\server\node_modules\router\index.js:342:13)
    at C:\react project\x\the-karan-singh-vaidh\the-karan-singh-vaidh\server\node_modules\router\index.js:297:9
    at processParams (C:\react project\x\the-karan-singh-vaidh\the-karan-singh-vaidh\server\node_modules\router\index.js:582:12)
    at next (C:\react project\x\the-karan-singh-vaidh\the-karan-singh-vaidh\server\node_modules\router\index.js:291:5)
    at logger (C:\react project\x\the-karan-singh-vaidh\the-karan-singh-vaidh\server\node_modules\morgan\index.js:144:5)
    at Layer.handleRequest (C:\react project\x\the-karan-singh-vaidh\the-karan-singh-vaidh\server\node_modules\router\lib\layer.js:152:17)
    at trimPrefix (C:\react project\x\the-karan-singh-vaidh\the-karan-singh-vaidh\server\node_modules\router\index.js:342:13)
    at C:\react project\x\the-karan-singh-vaidh\the-karan-singh-vaidh\server\node_modules\router\index.js:297:9

[2026-04-15T16:58:04.770Z] 404 - Not Found - /socket.io/?EIO=4&transport=websocket
Error: Not Found - /socket.io/?EIO=4&transport=websocket
    at notFound (C:\react project\x\the-karan-singh-vaidh\the-karan-singh-vaidh\server\middleware\errorMiddleware.js:2:19)
    at Layer.handleRequest (C:\react project\x\the-karan-singh-vaidh\the-karan-singh-vaidh\server\node_modules\router\lib\layer.js:152:17)
    at trimPrefix (C:\react project\x\the-karan-singh-vaidh\the-karan-singh-vaidh\server\node_modules\router\index.js:342:13)
    at C:\react project\x\the-karan-singh-vaidh\the-karan-singh-vaidh\server\node_modules\router\index.js:297:9
    at processParams (C:\react project\x\the-karan-singh-vaidh\the-karan-singh-vaidh\server\node_modules\router\index.js:582:12)
    at next (C:\react project\x\the-karan-singh-vaidh\the-karan-singh-vaidh\server\node_modules\router\index.js:291:5)
    at logger (C:\react project\x\the-karan-singh-vaidh\the-karan-singh-vaidh\server\node_modules\morgan\index.js:144:5)
    at Layer.handleRequest (C:\react project\x\the-karan-singh-vaidh\the-karan-singh-vaidh\server\node_modules\router\lib\layer.js:152:17)
    at trimPrefix (C:\react project\x\the-karan-singh-vaidh\the-karan-singh-vaidh\server\node_modules\router\index.js:342:13)
    at C:\react project\x\the-karan-singh-vaidh\the-karan-singh-vaidh\server\node_modules\router\index.js:297:9

[2026-04-15T16:58:11.039Z] 404 - Not Found - /socket.io/?EIO=4&transport=websocket
Error: Not Found - /socket.io/?EIO=4&transport=websocket
    at notFound (C:\react project\x\the-karan-singh-vaidh\the-karan-singh-vaidh\server\middleware\errorMiddleware.js:2:19)
    at Layer.handleRequest (C:\react project\x\the-karan-singh-vaidh\the-karan-singh-vaidh\server\node_modules\router\lib\layer.js:152:17)
    at trimPrefix (C:\react project\x\the-karan-singh-vaidh\the-karan-singh-vaidh\server\node_modules\router\index.js:342:13)
    at C:\react project\x\the-karan-singh-vaidh\the-karan-singh-vaidh\server\node_modules\router\index.js:297:9
    at processParams (C:\react project\x\the-karan-singh-vaidh\the-karan-singh-vaidh\server\node_modules\router\index.js:582:12)
    at next (C:\react project\x\the-karan-singh-vaidh\the-karan-singh-vaidh\server\node_modules\router\index.js:291:5)
    at logger (C:\react project\x\the-karan-singh-vaidh\the-karan-singh-vaidh\server\node_modules\morgan\index.js:144:5)
    at Layer.handleRequest (C:\react project\x\the-karan-singh-vaidh\the-karan-singh-vaidh\server\node_modules\router\lib\layer.js:152:17)
    at trimPrefix (C:\react project\x\the-karan-singh-vaidh\the-karan-singh-vaidh\server\node_modules\router\index.js:342:13)
    at C:\react project\x\the-karan-singh-vaidh\the-karan-singh-vaidh\server\node_modules\router\index.js:297:9

[2026-04-15T16:58:17.738Z] 404 - Not Found - /socket.io/?EIO=4&transport=websocket
Error: Not Found - /socket.io/?EIO=4&transport=websocket
    at notFound (C:\react project\x\the-karan-singh-vaidh\the-karan-singh-vaidh\server\middleware\errorMiddleware.js:2:19)
    at Layer.handleRequest (C:\react project\x\the-karan-singh-vaidh\the-karan-singh-vaidh\server\node_modules\router\lib\layer.js:152:17)
    at trimPrefix (C:\react project\x\the-karan-singh-vaidh\the-karan-singh-vaidh\server\node_modules\router\index.js:342:13)
    at C:\react project\x\the-karan-singh-vaidh\the-karan-singh-vaidh\server\node_modules\router\index.js:297:9
    at processParams (C:\react project\x\the-karan-singh-vaidh\the-karan-singh-vaidh\server\node_modules\router\index.js:582:12)
    at next (C:\react project\x\the-karan-singh-vaidh\the-karan-singh-vaidh\server\node_modules\router\index.js:291:5)
    at logger (C:\react project\x\the-karan-singh-vaidh\the-karan-singh-vaidh\server\node_modules\morgan\index.js:144:5)
    at Layer.handleRequest (C:\react project\x\the-karan-singh-vaidh\the-karan-singh-vaidh\server\node_modules\router\lib\layer.js:152:17)
    at trimPrefix (C:\react project\x\the-karan-singh-vaidh\the-karan-singh-vaidh\server\node_modules\router\index.js:342:13)
    at C:\react project\x\the-karan-singh-vaidh\the-karan-singh-vaidh\server\node_modules\router\index.js:297:9

[2026-04-15T16:58:25.583Z] 404 - Not Found - /socket.io/?EIO=4&transport=websocket
Error: Not Found - /socket.io/?EIO=4&transport=websocket
    at notFound (C:\react project\x\the-karan-singh-vaidh\the-karan-singh-vaidh\server\middleware\errorMiddleware.js:2:19)
    at Layer.handleRequest (C:\react project\x\the-karan-singh-vaidh\the-karan-singh-vaidh\server\node_modules\router\lib\layer.js:152:17)
    at trimPrefix (C:\react project\x\the-karan-singh-vaidh\the-karan-singh-vaidh\server\node_modules\router\index.js:342:13)
    at C:\react project\x\the-karan-singh-vaidh\the-karan-singh-vaidh\server\node_modules\router\index.js:297:9
    at processParams (C:\react project\x\the-karan-singh-vaidh\the-karan-singh-vaidh\server\node_modules\router\index.js:582:12)
    at next (C:\react project\x\the-karan-singh-vaidh\the-karan-singh-vaidh\server\node_modules\router\index.js:291:5)
    at logger (C:\react project\x\the-karan-singh-vaidh\the-karan-singh-vaidh\server\node_modules\morgan\index.js:144:5)
    at Layer.handleRequest (C:\react project\x\the-karan-singh-vaidh\the-karan-singh-vaidh\server\node_modules\router\lib\layer.js:152:17)
    at trimPrefix (C:\react project\x\the-karan-singh-vaidh\the-karan-singh-vaidh\server\node_modules\router\index.js:342:13)
    at C:\react project\x\the-karan-singh-vaidh\the-karan-singh-vaidh\server\node_modules\router\index.js:297:9

[2026-04-15T16:58:34.351Z] 404 - Not Found - /socket.io/?EIO=4&transport=websocket
Error: Not Found - /socket.io/?EIO=4&transport=websocket
    at notFound (C:\react project\x\the-karan-singh-vaidh\the-karan-singh-vaidh\server\middleware\errorMiddleware.js:2:19)
    at Layer.handleRequest (C:\react project\x\the-karan-singh-vaidh\the-karan-singh-vaidh\server\node_modules\router\lib\layer.js:152:17)
    at trimPrefix (C:\react project\x\the-karan-singh-vaidh\the-karan-singh-vaidh\server\node_modules\router\index.js:342:13)
    at C:\react project\x\the-karan-singh-vaidh\the-karan-singh-vaidh\server\node_modules\router\index.js:297:9
    at processParams (C:\react project\x\the-karan-singh-vaidh\the-karan-singh-vaidh\server\node_modules\router\index.js:582:12)
    at next (C:\react project\x\the-karan-singh-vaidh\the-karan-singh-vaidh\server\node_modules\router\index.js:291:5)
    at logger (C:\react project\x\the-karan-singh-vaidh\the-karan-singh-vaidh\server\node_modules\morgan\index.js:144:5)
    at Layer.handleRequest (C:\react project\x\the-karan-singh-vaidh\the-karan-singh-vaidh\server\node_modules\router\lib\layer.js:152:17)
    at trimPrefix (C:\react project\x\the-karan-singh-vaidh\the-karan-singh-vaidh\server\node_modules\router\index.js:342:13)
    at C:\react project\x\the-karan-singh-vaidh\the-karan-singh-vaidh\server\node_modules\router\index.js:297:9

[2026-04-15T16:58:42.515Z] 404 - Not Found - /socket.io/?EIO=4&transport=websocket
Error: Not Found - /socket.io/?EIO=4&transport=websocket
    at notFound (C:\react project\x\the-karan-singh-vaidh\the-karan-singh-vaidh\server\middleware\errorMiddleware.js:2:19)
    at Layer.handleRequest (C:\react project\x\the-karan-singh-vaidh\the-karan-singh-vaidh\server\node_modules\router\lib\layer.js:152:17)
    at trimPrefix (C:\react project\x\the-karan-singh-vaidh\the-karan-singh-vaidh\server\node_modules\router\index.js:342:13)
    at C:\react project\x\the-karan-singh-vaidh\the-karan-singh-vaidh\server\node_modules\router\index.js:297:9
    at processParams (C:\react project\x\the-karan-singh-vaidh\the-karan-singh-vaidh\server\node_modules\router\index.js:582:12)
    at next (C:\react project\x\the-karan-singh-vaidh\the-karan-singh-vaidh\server\node_modules\router\index.js:291:5)
    at logger (C:\react project\x\the-karan-singh-vaidh\the-karan-singh-vaidh\server\node_modules\morgan\index.js:144:5)
    at Layer.handleRequest (C:\react project\x\the-karan-singh-vaidh\the-karan-singh-vaidh\server\node_modules\router\lib\layer.js:152:17)
    at trimPrefix (C:\react project\x\the-karan-singh-vaidh\the-karan-singh-vaidh\server\node_modules\router\index.js:342:13)
    at C:\react project\x\the-karan-singh-vaidh\the-karan-singh-vaidh\server\node_modules\router\index.js:297:9

[2026-04-15T16:58:48.157Z] 404 - Not Found - /socket.io/?EIO=4&transport=websocket
Error: Not Found - /socket.io/?EIO=4&transport=websocket
    at notFound (C:\react project\x\the-karan-singh-vaidh\the-karan-singh-vaidh\server\middleware\errorMiddleware.js:2:19)
    at Layer.handleRequest (C:\react project\x\the-karan-singh-vaidh\the-karan-singh-vaidh\server\node_modules\router\lib\layer.js:152:17)
    at trimPrefix (C:\react project\x\the-karan-singh-vaidh\the-karan-singh-vaidh\server\node_modules\router\index.js:342:13)
    at C:\react project\x\the-karan-singh-vaidh\the-karan-singh-vaidh\server\node_modules\router\index.js:297:9
    at processParams (C:\react project\x\the-karan-singh-vaidh\the-karan-singh-vaidh\server\node_modules\router\index.js:582:12)
    at next (C:\react project\x\the-karan-singh-vaidh\the-karan-singh-vaidh\server\node_modules\router\index.js:291:5)
    at logger (C:\react project\x\the-karan-singh-vaidh\the-karan-singh-vaidh\server\node_modules\morgan\index.js:144:5)
    at Layer.handleRequest (C:\react project\x\the-karan-singh-vaidh\the-karan-singh-vaidh\server\node_modules\router\lib\layer.js:152:17)
    at trimPrefix (C:\react project\x\the-karan-singh-vaidh\the-karan-singh-vaidh\server\node_modules\router\index.js:342:13)
    at C:\react project\x\the-karan-singh-vaidh\the-karan-singh-vaidh\server\node_modules\router\index.js:297:9

[2026-04-15T16:58:54.161Z] 404 - Not Found - /socket.io/?EIO=4&transport=websocket
Error: Not Found - /socket.io/?EIO=4&transport=websocket
    at notFound (C:\react project\x\the-karan-singh-vaidh\the-karan-singh-vaidh\server\middleware\errorMiddleware.js:2:19)
    at Layer.handleRequest (C:\react project\x\the-karan-singh-vaidh\the-karan-singh-vaidh\server\node_modules\router\lib\layer.js:152:17)
    at trimPrefix (C:\react project\x\the-karan-singh-vaidh\the-karan-singh-vaidh\server\node_modules\router\index.js:342:13)
    at C:\react project\x\the-karan-singh-vaidh\the-karan-singh-vaidh\server\node_modules\router\index.js:297:9
    at processParams (C:\react project\x\the-karan-singh-vaidh\the-karan-singh-vaidh\server\node_modules\router\index.js:582:12)
    at next (C:\react project\x\the-karan-singh-vaidh\the-karan-singh-vaidh\server\node_modules\router\index.js:291:5)
    at logger (C:\react project\x\the-karan-singh-vaidh\the-karan-singh-vaidh\server\node_modules\morgan\index.js:144:5)
    at Layer.handleRequest (C:\react project\x\the-karan-singh-vaidh\the-karan-singh-vaidh\server\node_modules\router\lib\layer.js:152:17)
    at trimPrefix (C:\react project\x\the-karan-singh-vaidh\the-karan-singh-vaidh\server\node_modules\router\index.js:342:13)
    at C:\react project\x\the-karan-singh-vaidh\the-karan-singh-vaidh\server\node_modules\router\index.js:297:9

[2026-04-15T16:59:00.161Z] 404 - Not Found - /socket.io/?EIO=4&transport=websocket
Error: Not Found - /socket.io/?EIO=4&transport=websocket
    at notFound (C:\react project\x\the-karan-singh-vaidh\the-karan-singh-vaidh\server\middleware\errorMiddleware.js:2:19)
    at Layer.handleRequest (C:\react project\x\the-karan-singh-vaidh\the-karan-singh-vaidh\server\node_modules\router\lib\layer.js:152:17)
    at trimPrefix (C:\react project\x\the-karan-singh-vaidh\the-karan-singh-vaidh\server\node_modules\router\index.js:342:13)
    at C:\react project\x\the-karan-singh-vaidh\the-karan-singh-vaidh\server\node_modules\router\index.js:297:9
    at processParams (C:\react project\x\the-karan-singh-vaidh\the-karan-singh-vaidh\server\node_modules\router\index.js:582:12)
    at next (C:\react project\x\the-karan-singh-vaidh\the-karan-singh-vaidh\server\node_modules\router\index.js:291:5)
    at logger (C:\react project\x\the-karan-singh-vaidh\the-karan-singh-vaidh\server\node_modules\morgan\index.js:144:5)
    at Layer.handleRequest (C:\react project\x\the-karan-singh-vaidh\the-karan-singh-vaidh\server\node_modules\router\lib\layer.js:152:17)
    at trimPrefix (C:\react project\x\the-karan-singh-vaidh\the-karan-singh-vaidh\server\node_modules\router\index.js:342:13)
    at C:\react project\x\the-karan-singh-vaidh\the-karan-singh-vaidh\server\node_modules\router\index.js:297:9

[2026-04-15T16:59:06.156Z] 404 - Not Found - /socket.io/?EIO=4&transport=websocket
Error: Not Found - /socket.io/?EIO=4&transport=websocket
    at notFound (C:\react project\x\the-karan-singh-vaidh\the-karan-singh-vaidh\server\middleware\errorMiddleware.js:2:19)
    at Layer.handleRequest (C:\react project\x\the-karan-singh-vaidh\the-karan-singh-vaidh\server\node_modules\router\lib\layer.js:152:17)
    at trimPrefix (C:\react project\x\the-karan-singh-vaidh\the-karan-singh-vaidh\server\node_modules\router\index.js:342:13)
    at C:\react project\x\the-karan-singh-vaidh\the-karan-singh-vaidh\server\node_modules\router\index.js:297:9
    at processParams (C:\react project\x\the-karan-singh-vaidh\the-karan-singh-vaidh\server\node_modules\router\index.js:582:12)
    at next (C:\react project\x\the-karan-singh-vaidh\the-karan-singh-vaidh\server\node_modules\router\index.js:291:5)
    at logger (C:\react project\x\the-karan-singh-vaidh\the-karan-singh-vaidh\server\node_modules\morgan\index.js:144:5)
    at Layer.handleRequest (C:\react project\x\the-karan-singh-vaidh\the-karan-singh-vaidh\server\node_modules\router\lib\layer.js:152:17)
    at trimPrefix (C:\react project\x\the-karan-singh-vaidh\the-karan-singh-vaidh\server\node_modules\router\index.js:342:13)
    at C:\react project\x\the-karan-singh-vaidh\the-karan-singh-vaidh\server\node_modules\router\index.js:297:9

[2026-04-15T16:59:12.159Z] 404 - Not Found - /socket.io/?EIO=4&transport=websocket
Error: Not Found - /socket.io/?EIO=4&transport=websocket
    at notFound (C:\react project\x\the-karan-singh-vaidh\the-karan-singh-vaidh\server\middleware\errorMiddleware.js:2:19)
    at Layer.handleRequest (C:\react project\x\the-karan-singh-vaidh\the-karan-singh-vaidh\server\node_modules\router\lib\layer.js:152:17)
    at trimPrefix (C:\react project\x\the-karan-singh-vaidh\the-karan-singh-vaidh\server\node_modules\router\index.js:342:13)
    at C:\react project\x\the-karan-singh-vaidh\the-karan-singh-vaidh\server\node_modules\router\index.js:297:9
    at processParams (C:\react project\x\the-karan-singh-vaidh\the-karan-singh-vaidh\server\node_modules\router\index.js:582:12)
    at next (C:\react project\x\the-karan-singh-vaidh\the-karan-singh-vaidh\server\node_modules\router\index.js:291:5)
    at logger (C:\react project\x\the-karan-singh-vaidh\the-karan-singh-vaidh\server\node_modules\morgan\index.js:144:5)
    at Layer.handleRequest (C:\react project\x\the-karan-singh-vaidh\the-karan-singh-vaidh\server\node_modules\router\lib\layer.js:152:17)
    at trimPrefix (C:\react project\x\the-karan-singh-vaidh\the-karan-singh-vaidh\server\node_modules\router\index.js:342:13)
    at C:\react project\x\the-karan-singh-vaidh\the-karan-singh-vaidh\server\node_modules\router\index.js:297:9

[2026-04-15T16:59:18.170Z] 404 - Not Found - /socket.io/?EIO=4&transport=websocket
Error: Not Found - /socket.io/?EIO=4&transport=websocket
    at notFound (C:\react project\x\the-karan-singh-vaidh\the-karan-singh-vaidh\server\middleware\errorMiddleware.js:2:19)
    at Layer.handleRequest (C:\react project\x\the-karan-singh-vaidh\the-karan-singh-vaidh\server\node_modules\router\lib\layer.js:152:17)
    at trimPrefix (C:\react project\x\the-karan-singh-vaidh\the-karan-singh-vaidh\server\node_modules\router\index.js:342:13)
    at C:\react project\x\the-karan-singh-vaidh\the-karan-singh-vaidh\server\node_modules\router\index.js:297:9
    at processParams (C:\react project\x\the-karan-singh-vaidh\the-karan-singh-vaidh\server\node_modules\router\index.js:582:12)
    at next (C:\react project\x\the-karan-singh-vaidh\the-karan-singh-vaidh\server\node_modules\router\index.js:291:5)
    at logger (C:\react project\x\the-karan-singh-vaidh\the-karan-singh-vaidh\server\node_modules\morgan\index.js:144:5)
    at Layer.handleRequest (C:\react project\x\the-karan-singh-vaidh\the-karan-singh-vaidh\server\node_modules\router\lib\layer.js:152:17)
    at trimPrefix (C:\react project\x\the-karan-singh-vaidh\the-karan-singh-vaidh\server\node_modules\router\index.js:342:13)
    at C:\react project\x\the-karan-singh-vaidh\the-karan-singh-vaidh\server\node_modules\router\index.js:297:9

[2026-04-15T16:59:24.176Z] 404 - Not Found - /socket.io/?EIO=4&transport=websocket
Error: Not Found - /socket.io/?EIO=4&transport=websocket
    at notFound (C:\react project\x\the-karan-singh-vaidh\the-karan-singh-vaidh\server\middleware\errorMiddleware.js:2:19)
    at Layer.handleRequest (C:\react project\x\the-karan-singh-vaidh\the-karan-singh-vaidh\server\node_modules\router\lib\layer.js:152:17)
    at trimPrefix (C:\react project\x\the-karan-singh-vaidh\the-karan-singh-vaidh\server\node_modules\router\index.js:342:13)
    at C:\react project\x\the-karan-singh-vaidh\the-karan-singh-vaidh\server\node_modules\router\index.js:297:9
    at processParams (C:\react project\x\the-karan-singh-vaidh\the-karan-singh-vaidh\server\node_modules\router\index.js:582:12)
    at next (C:\react project\x\the-karan-singh-vaidh\the-karan-singh-vaidh\server\node_modules\router\index.js:291:5)
    at logger (C:\react project\x\the-karan-singh-vaidh\the-karan-singh-vaidh\server\node_modules\morgan\index.js:144:5)
    at Layer.handleRequest (C:\react project\x\the-karan-singh-vaidh\the-karan-singh-vaidh\server\node_modules\router\lib\layer.js:152:17)
    at trimPrefix (C:\react project\x\the-karan-singh-vaidh\the-karan-singh-vaidh\server\node_modules\router\index.js:342:13)
    at C:\react project\x\the-karan-singh-vaidh\the-karan-singh-vaidh\server\node_modules\router\index.js:297:9

[2026-04-15T16:59:30.173Z] 404 - Not Found - /socket.io/?EIO=4&transport=websocket
Error: Not Found - /socket.io/?EIO=4&transport=websocket
    at notFound (C:\react project\x\the-karan-singh-vaidh\the-karan-singh-vaidh\server\middleware\errorMiddleware.js:2:19)
    at Layer.handleRequest (C:\react project\x\the-karan-singh-vaidh\the-karan-singh-vaidh\server\node_modules\router\lib\layer.js:152:17)
    at trimPrefix (C:\react project\x\the-karan-singh-vaidh\the-karan-singh-vaidh\server\node_modules\router\index.js:342:13)
    at C:\react project\x\the-karan-singh-vaidh\the-karan-singh-vaidh\server\node_modules\router\index.js:297:9
    at processParams (C:\react project\x\the-karan-singh-vaidh\the-karan-singh-vaidh\server\node_modules\router\index.js:582:12)
    at next (C:\react project\x\the-karan-singh-vaidh\the-karan-singh-vaidh\server\node_modules\router\index.js:291:5)
    at logger (C:\react project\x\the-karan-singh-vaidh\the-karan-singh-vaidh\server\node_modules\morgan\index.js:144:5)
    at Layer.handleRequest (C:\react project\x\the-karan-singh-vaidh\the-karan-singh-vaidh\server\node_modules\router\lib\layer.js:152:17)
    at trimPrefix (C:\react project\x\the-karan-singh-vaidh\the-karan-singh-vaidh\server\node_modules\router\index.js:342:13)
    at C:\react project\x\the-karan-singh-vaidh\the-karan-singh-vaidh\server\node_modules\router\index.js:297:9

[2026-04-15T16:59:36.183Z] 404 - Not Found - /socket.io/?EIO=4&transport=websocket
Error: Not Found - /socket.io/?EIO=4&transport=websocket
    at notFound (C:\react project\x\the-karan-singh-vaidh\the-karan-singh-vaidh\server\middleware\errorMiddleware.js:2:19)
    at Layer.handleRequest (C:\react project\x\the-karan-singh-vaidh\the-karan-singh-vaidh\server\node_modules\router\lib\layer.js:152:17)
    at trimPrefix (C:\react project\x\the-karan-singh-vaidh\the-karan-singh-vaidh\server\node_modules\router\index.js:342:13)
    at C:\react project\x\the-karan-singh-vaidh\the-karan-singh-vaidh\server\node_modules\router\index.js:297:9
    at processParams (C:\react project\x\the-karan-singh-vaidh\the-karan-singh-vaidh\server\node_modules\router\index.js:582:12)
    at next (C:\react project\x\the-karan-singh-vaidh\the-karan-singh-vaidh\server\node_modules\router\index.js:291:5)
    at logger (C:\react project\x\the-karan-singh-vaidh\the-karan-singh-vaidh\server\node_modules\morgan\index.js:144:5)
    at Layer.handleRequest (C:\react project\x\the-karan-singh-vaidh\the-karan-singh-vaidh\server\node_modules\router\lib\layer.js:152:17)
    at trimPrefix (C:\react project\x\the-karan-singh-vaidh\the-karan-singh-vaidh\server\node_modules\router\index.js:342:13)
    at C:\react project\x\the-karan-singh-vaidh\the-karan-singh-vaidh\server\node_modules\router\index.js:297:9

[2026-04-15T16:59:42.190Z] 404 - Not Found - /socket.io/?EIO=4&transport=websocket
Error: Not Found - /socket.io/?EIO=4&transport=websocket
    at notFound (C:\react project\x\the-karan-singh-vaidh\the-karan-singh-vaidh\server\middleware\errorMiddleware.js:2:19)
    at Layer.handleRequest (C:\react project\x\the-karan-singh-vaidh\the-karan-singh-vaidh\server\node_modules\router\lib\layer.js:152:17)
    at trimPrefix (C:\react project\x\the-karan-singh-vaidh\the-karan-singh-vaidh\server\node_modules\router\index.js:342:13)
    at C:\react project\x\the-karan-singh-vaidh\the-karan-singh-vaidh\server\node_modules\router\index.js:297:9
    at processParams (C:\react project\x\the-karan-singh-vaidh\the-karan-singh-vaidh\server\node_modules\router\index.js:582:12)
    at next (C:\react project\x\the-karan-singh-vaidh\the-karan-singh-vaidh\server\node_modules\router\index.js:291:5)
    at logger (C:\react project\x\the-karan-singh-vaidh\the-karan-singh-vaidh\server\node_modules\morgan\index.js:144:5)
    at Layer.handleRequest (C:\react project\x\the-karan-singh-vaidh\the-karan-singh-vaidh\server\node_modules\router\lib\layer.js:152:17)
    at trimPrefix (C:\react project\x\the-karan-singh-vaidh\the-karan-singh-vaidh\server\node_modules\router\index.js:342:13)
    at C:\react project\x\the-karan-singh-vaidh\the-karan-singh-vaidh\server\node_modules\router\index.js:297:9

[2026-04-15T16:59:48.241Z] 404 - Not Found - /socket.io/?EIO=4&transport=websocket
Error: Not Found - /socket.io/?EIO=4&transport=websocket
    at notFound (C:\react project\x\the-karan-singh-vaidh\the-karan-singh-vaidh\server\middleware\errorMiddleware.js:2:19)
    at Layer.handleRequest (C:\react project\x\the-karan-singh-vaidh\the-karan-singh-vaidh\server\node_modules\router\lib\layer.js:152:17)
    at trimPrefix (C:\react project\x\the-karan-singh-vaidh\the-karan-singh-vaidh\server\node_modules\router\index.js:342:13)
    at C:\react project\x\the-karan-singh-vaidh\the-karan-singh-vaidh\server\node_modules\router\index.js:297:9
    at processParams (C:\react project\x\the-karan-singh-vaidh\the-karan-singh-vaidh\server\node_modules\router\index.js:582:12)
    at next (C:\react project\x\the-karan-singh-vaidh\the-karan-singh-vaidh\server\node_modules\router\index.js:291:5)
    at logger (C:\react project\x\the-karan-singh-vaidh\the-karan-singh-vaidh\server\node_modules\morgan\index.js:144:5)
    at Layer.handleRequest (C:\react project\x\the-karan-singh-vaidh\the-karan-singh-vaidh\server\node_modules\router\lib\layer.js:152:17)
    at trimPrefix (C:\react project\x\the-karan-singh-vaidh\the-karan-singh-vaidh\server\node_modules\router\index.js:342:13)
    at C:\react project\x\the-karan-singh-vaidh\the-karan-singh-vaidh\server\node_modules\router\index.js:297:9

[2026-04-15T16:59:54.314Z] 404 - Not Found - /socket.io/?EIO=4&transport=websocket
Error: Not Found - /socket.io/?EIO=4&transport=websocket
    at notFound (C:\react project\x\the-karan-singh-vaidh\the-karan-singh-vaidh\server\middleware\errorMiddleware.js:2:19)
    at Layer.handleRequest (C:\react project\x\the-karan-singh-vaidh\the-karan-singh-vaidh\server\node_modules\router\lib\layer.js:152:17)
    at trimPrefix (C:\react project\x\the-karan-singh-vaidh\the-karan-singh-vaidh\server\node_modules\router\index.js:342:13)
    at C:\react project\x\the-karan-singh-vaidh\the-karan-singh-vaidh\server\node_modules\router\index.js:297:9
    at processParams (C:\react project\x\the-karan-singh-vaidh\the-karan-singh-vaidh\server\node_modules\router\index.js:582:12)
    at next (C:\react project\x\the-karan-singh-vaidh\the-karan-singh-vaidh\server\node_modules\router\index.js:291:5)
    at logger (C:\react project\x\the-karan-singh-vaidh\the-karan-singh-vaidh\server\node_modules\morgan\index.js:144:5)
    at Layer.handleRequest (C:\react project\x\the-karan-singh-vaidh\the-karan-singh-vaidh\server\node_modules\router\lib\layer.js:152:17)
    at trimPrefix (C:\react project\x\the-karan-singh-vaidh\the-karan-singh-vaidh\server\node_modules\router\index.js:342:13)
    at C:\react project\x\the-karan-singh-vaidh\the-karan-singh-vaidh\server\node_modules\router\index.js:297:9

[2026-04-15T17:00:00.477Z] 404 - Not Found - /socket.io/?EIO=4&transport=websocket
Error: Not Found - /socket.io/?EIO=4&transport=websocket
    at notFound (C:\react project\x\the-karan-singh-vaidh\the-karan-singh-vaidh\server\middleware\errorMiddleware.js:2:19)
    at Layer.handleRequest (C:\react project\x\the-karan-singh-vaidh\the-karan-singh-vaidh\server\node_modules\router\lib\layer.js:152:17)
    at trimPrefix (C:\react project\x\the-karan-singh-vaidh\the-karan-singh-vaidh\server\node_modules\router\index.js:342:13)
    at C:\react project\x\the-karan-singh-vaidh\the-karan-singh-vaidh\server\node_modules\router\index.js:297:9
    at processParams (C:\react project\x\the-karan-singh-vaidh\the-karan-singh-vaidh\server\node_modules\router\index.js:582:12)
    at next (C:\react project\x\the-karan-singh-vaidh\the-karan-singh-vaidh\server\node_modules\router\index.js:291:5)
    at logger (C:\react project\x\the-karan-singh-vaidh\the-karan-singh-vaidh\server\node_modules\morgan\index.js:144:5)
    at Layer.handleRequest (C:\react project\x\the-karan-singh-vaidh\the-karan-singh-vaidh\server\node_modules\router\lib\layer.js:152:17)
    at trimPrefix (C:\react project\x\the-karan-singh-vaidh\the-karan-singh-vaidh\server\node_modules\router\index.js:342:13)
    at C:\react project\x\the-karan-singh-vaidh\the-karan-singh-vaidh\server\node_modules\router\index.js:297:9

[2026-04-15T17:00:06.360Z] 404 - Not Found - /socket.io/?EIO=4&transport=websocket
Error: Not Found - /socket.io/?EIO=4&transport=websocket
    at notFound (C:\react project\x\the-karan-singh-vaidh\the-karan-singh-vaidh\server\middleware\errorMiddleware.js:2:19)
    at Layer.handleRequest (C:\react project\x\the-karan-singh-vaidh\the-karan-singh-vaidh\server\node_modules\router\lib\layer.js:152:17)
    at trimPrefix (C:\react project\x\the-karan-singh-vaidh\the-karan-singh-vaidh\server\node_modules\router\index.js:342:13)
    at C:\react project\x\the-karan-singh-vaidh\the-karan-singh-vaidh\server\node_modules\router\index.js:297:9
    at processParams (C:\react project\x\the-karan-singh-vaidh\the-karan-singh-vaidh\server\node_modules\router\index.js:582:12)
    at next (C:\react project\x\the-karan-singh-vaidh\the-karan-singh-vaidh\server\node_modules\router\index.js:291:5)
    at logger (C:\react project\x\the-karan-singh-vaidh\the-karan-singh-vaidh\server\node_modules\morgan\index.js:144:5)
    at Layer.handleRequest (C:\react project\x\the-karan-singh-vaidh\the-karan-singh-vaidh\server\node_modules\router\lib\layer.js:152:17)
    at trimPrefix (C:\react project\x\the-karan-singh-vaidh\the-karan-singh-vaidh\server\node_modules\router\index.js:342:13)
    at C:\react project\x\the-karan-singh-vaidh\the-karan-singh-vaidh\server\node_modules\router\index.js:297:9

[2026-04-15T17:00:12.896Z] 404 - Not Found - /socket.io/?EIO=4&transport=websocket
Error: Not Found - /socket.io/?EIO=4&transport=websocket
    at notFound (C:\react project\x\the-karan-singh-vaidh\the-karan-singh-vaidh\server\middleware\errorMiddleware.js:2:19)
    at Layer.handleRequest (C:\react project\x\the-karan-singh-vaidh\the-karan-singh-vaidh\server\node_modules\router\lib\layer.js:152:17)
    at trimPrefix (C:\react project\x\the-karan-singh-vaidh\the-karan-singh-vaidh\server\node_modules\router\index.js:342:13)
    at C:\react project\x\the-karan-singh-vaidh\the-karan-singh-vaidh\server\node_modules\router\index.js:297:9
    at processParams (C:\react project\x\the-karan-singh-vaidh\the-karan-singh-vaidh\server\node_modules\router\index.js:582:12)
    at next (C:\react project\x\the-karan-singh-vaidh\the-karan-singh-vaidh\server\node_modules\router\index.js:291:5)
    at logger (C:\react project\x\the-karan-singh-vaidh\the-karan-singh-vaidh\server\node_modules\morgan\index.js:144:5)
    at Layer.handleRequest (C:\react project\x\the-karan-singh-vaidh\the-karan-singh-vaidh\server\node_modules\router\lib\layer.js:152:17)
    at trimPrefix (C:\react project\x\the-karan-singh-vaidh\the-karan-singh-vaidh\server\node_modules\router\index.js:342:13)
    at C:\react project\x\the-karan-singh-vaidh\the-karan-singh-vaidh\server\node_modules\router\index.js:297:9

[2026-04-15T17:00:20.469Z] 404 - Not Found - /socket.io/?EIO=4&transport=websocket
Error: Not Found - /socket.io/?EIO=4&transport=websocket
    at notFound (C:\react project\x\the-karan-singh-vaidh\the-karan-singh-vaidh\server\middleware\errorMiddleware.js:2:19)
    at Layer.handleRequest (C:\react project\x\the-karan-singh-vaidh\the-karan-singh-vaidh\server\node_modules\router\lib\layer.js:152:17)
    at trimPrefix (C:\react project\x\the-karan-singh-vaidh\the-karan-singh-vaidh\server\node_modules\router\index.js:342:13)
    at C:\react project\x\the-karan-singh-vaidh\the-karan-singh-vaidh\server\node_modules\router\index.js:297:9
    at processParams (C:\react project\x\the-karan-singh-vaidh\the-karan-singh-vaidh\server\node_modules\router\index.js:582:12)
    at next (C:\react project\x\the-karan-singh-vaidh\the-karan-singh-vaidh\server\node_modules\router\index.js:291:5)
    at logger (C:\react project\x\the-karan-singh-vaidh\the-karan-singh-vaidh\server\node_modules\morgan\index.js:144:5)
    at Layer.handleRequest (C:\react project\x\the-karan-singh-vaidh\the-karan-singh-vaidh\server\node_modules\router\lib\layer.js:152:17)
    at trimPrefix (C:\react project\x\the-karan-singh-vaidh\the-karan-singh-vaidh\server\node_modules\router\index.js:342:13)
    at C:\react project\x\the-karan-singh-vaidh\the-karan-singh-vaidh\server\node_modules\router\index.js:297:9

[2026-04-15T17:00:29.850Z] 404 - Not Found - /socket.io/?EIO=4&transport=websocket
Error: Not Found - /socket.io/?EIO=4&transport=websocket
    at notFound (C:\react project\x\the-karan-singh-vaidh\the-karan-singh-vaidh\server\middleware\errorMiddleware.js:2:19)
    at Layer.handleRequest (C:\react project\x\the-karan-singh-vaidh\the-karan-singh-vaidh\server\node_modules\router\lib\layer.js:152:17)
    at trimPrefix (C:\react project\x\the-karan-singh-vaidh\the-karan-singh-vaidh\server\node_modules\router\index.js:342:13)
    at C:\react project\x\the-karan-singh-vaidh\the-karan-singh-vaidh\server\node_modules\router\index.js:297:9
    at processParams (C:\react project\x\the-karan-singh-vaidh\the-karan-singh-vaidh\server\node_modules\router\index.js:582:12)
    at next (C:\react project\x\the-karan-singh-vaidh\the-karan-singh-vaidh\server\node_modules\router\index.js:291:5)
    at logger (C:\react project\x\the-karan-singh-vaidh\the-karan-singh-vaidh\server\node_modules\morgan\index.js:144:5)
    at Layer.handleRequest (C:\react project\x\the-karan-singh-vaidh\the-karan-singh-vaidh\server\node_modules\router\lib\layer.js:152:17)
    at trimPrefix (C:\react project\x\the-karan-singh-vaidh\the-karan-singh-vaidh\server\node_modules\router\index.js:342:13)
    at C:\react project\x\the-karan-singh-vaidh\the-karan-singh-vaidh\server\node_modules\router\index.js:297:9

[2026-04-15T17:00:38.561Z] 404 - Not Found - /socket.io/?EIO=4&transport=websocket
Error: Not Found - /socket.io/?EIO=4&transport=websocket
    at notFound (C:\react project\x\the-karan-singh-vaidh\the-karan-singh-vaidh\server\middleware\errorMiddleware.js:2:19)
    at Layer.handleRequest (C:\react project\x\the-karan-singh-vaidh\the-karan-singh-vaidh\server\node_modules\router\lib\layer.js:152:17)
    at trimPrefix (C:\react project\x\the-karan-singh-vaidh\the-karan-singh-vaidh\server\node_modules\router\index.js:342:13)
    at C:\react project\x\the-karan-singh-vaidh\the-karan-singh-vaidh\server\node_modules\router\index.js:297:9
    at processParams (C:\react project\x\the-karan-singh-vaidh\the-karan-singh-vaidh\server\node_modules\router\index.js:582:12)
    at next (C:\react project\x\the-karan-singh-vaidh\the-karan-singh-vaidh\server\node_modules\router\index.js:291:5)
    at logger (C:\react project\x\the-karan-singh-vaidh\the-karan-singh-vaidh\server\node_modules\morgan\index.js:144:5)
    at Layer.handleRequest (C:\react project\x\the-karan-singh-vaidh\the-karan-singh-vaidh\server\node_modules\router\lib\layer.js:152:17)
    at trimPrefix (C:\react project\x\the-karan-singh-vaidh\the-karan-singh-vaidh\server\node_modules\router\index.js:342:13)
    at C:\react project\x\the-karan-singh-vaidh\the-karan-singh-vaidh\server\node_modules\router\index.js:297:9

[2026-04-15T17:00:48.879Z] 404 - Not Found - /socket.io/?EIO=4&transport=websocket
Error: Not Found - /socket.io/?EIO=4&transport=websocket
    at notFound (C:\react project\x\the-karan-singh-vaidh\the-karan-singh-vaidh\server\middleware\errorMiddleware.js:2:19)
    at Layer.handleRequest (C:\react project\x\the-karan-singh-vaidh\the-karan-singh-vaidh\server\node_modules\router\lib\layer.js:152:17)
    at trimPrefix (C:\react project\x\the-karan-singh-vaidh\the-karan-singh-vaidh\server\node_modules\router\index.js:342:13)
    at C:\react project\x\the-karan-singh-vaidh\the-karan-singh-vaidh\server\node_modules\router\index.js:297:9
    at processParams (C:\react project\x\the-karan-singh-vaidh\the-karan-singh-vaidh\server\node_modules\router\index.js:582:12)
    at next (C:\react project\x\the-karan-singh-vaidh\the-karan-singh-vaidh\server\node_modules\router\index.js:291:5)
    at logger (C:\react project\x\the-karan-singh-vaidh\the-karan-singh-vaidh\server\node_modules\morgan\index.js:144:5)
    at Layer.handleRequest (C:\react project\x\the-karan-singh-vaidh\the-karan-singh-vaidh\server\node_modules\router\lib\layer.js:152:17)
    at trimPrefix (C:\react project\x\the-karan-singh-vaidh\the-karan-singh-vaidh\server\node_modules\router\index.js:342:13)
    at C:\react project\x\the-karan-singh-vaidh\the-karan-singh-vaidh\server\node_modules\router\index.js:297:9

[2026-04-15T17:00:57.204Z] 404 - Not Found - /socket.io/?EIO=4&transport=websocket
Error: Not Found - /socket.io/?EIO=4&transport=websocket
    at notFound (C:\react project\x\the-karan-singh-vaidh\the-karan-singh-vaidh\server\middleware\errorMiddleware.js:2:19)
    at Layer.handleRequest (C:\react project\x\the-karan-singh-vaidh\the-karan-singh-vaidh\server\node_modules\router\lib\layer.js:152:17)
    at trimPrefix (C:\react project\x\the-karan-singh-vaidh\the-karan-singh-vaidh\server\node_modules\router\index.js:342:13)
    at C:\react project\x\the-karan-singh-vaidh\the-karan-singh-vaidh\server\node_modules\router\index.js:297:9
    at processParams (C:\react project\x\the-karan-singh-vaidh\the-karan-singh-vaidh\server\node_modules\router\index.js:582:12)
    at next (C:\react project\x\the-karan-singh-vaidh\the-karan-singh-vaidh\server\node_modules\router\index.js:291:5)
    at logger (C:\react project\x\the-karan-singh-vaidh\the-karan-singh-vaidh\server\node_modules\morgan\index.js:144:5)
    at Layer.handleRequest (C:\react project\x\the-karan-singh-vaidh\the-karan-singh-vaidh\server\node_modules\router\lib\layer.js:152:17)
    at trimPrefix (C:\react project\x\the-karan-singh-vaidh\the-karan-singh-vaidh\server\node_modules\router\index.js:342:13)
    at C:\react project\x\the-karan-singh-vaidh\the-karan-singh-vaidh\server\node_modules\router\index.js:297:9

[2026-04-15T17:01:05.401Z] 404 - Not Found - /socket.io/?EIO=4&transport=websocket
Error: Not Found - /socket.io/?EIO=4&transport=websocket
    at notFound (C:\react project\x\the-karan-singh-vaidh\the-karan-singh-vaidh\server\middleware\errorMiddleware.js:2:19)
    at Layer.handleRequest (C:\react project\x\the-karan-singh-vaidh\the-karan-singh-vaidh\server\node_modules\router\lib\layer.js:152:17)
    at trimPrefix (C:\react project\x\the-karan-singh-vaidh\the-karan-singh-vaidh\server\node_modules\router\index.js:342:13)
    at C:\react project\x\the-karan-singh-vaidh\the-karan-singh-vaidh\server\node_modules\router\index.js:297:9
    at processParams (C:\react project\x\the-karan-singh-vaidh\the-karan-singh-vaidh\server\node_modules\router\index.js:582:12)
    at next (C:\react project\x\the-karan-singh-vaidh\the-karan-singh-vaidh\server\node_modules\router\index.js:291:5)
    at logger (C:\react project\x\the-karan-singh-vaidh\the-karan-singh-vaidh\server\node_modules\morgan\index.js:144:5)
    at Layer.handleRequest (C:\react project\x\the-karan-singh-vaidh\the-karan-singh-vaidh\server\node_modules\router\lib\layer.js:152:17)
    at trimPrefix (C:\react project\x\the-karan-singh-vaidh\the-karan-singh-vaidh\server\node_modules\router\index.js:342:13)
    at C:\react project\x\the-karan-singh-vaidh\the-karan-singh-vaidh\server\node_modules\router\index.js:297:9

[2026-04-15T17:01:13.045Z] 404 - Not Found - /socket.io/?EIO=4&transport=websocket
Error: Not Found - /socket.io/?EIO=4&transport=websocket
    at notFound (C:\react project\x\the-karan-singh-vaidh\the-karan-singh-vaidh\server\middleware\errorMiddleware.js:2:19)
    at Layer.handleRequest (C:\react project\x\the-karan-singh-vaidh\the-karan-singh-vaidh\server\node_modules\router\lib\layer.js:152:17)
    at trimPrefix (C:\react project\x\the-karan-singh-vaidh\the-karan-singh-vaidh\server\node_modules\router\index.js:342:13)
    at C:\react project\x\the-karan-singh-vaidh\the-karan-singh-vaidh\server\node_modules\router\index.js:297:9
    at processParams (C:\react project\x\the-karan-singh-vaidh\the-karan-singh-vaidh\server\node_modules\router\index.js:582:12)
    at next (C:\react project\x\the-karan-singh-vaidh\the-karan-singh-vaidh\server\node_modules\router\index.js:291:5)
    at logger (C:\react project\x\the-karan-singh-vaidh\the-karan-singh-vaidh\server\node_modules\morgan\index.js:144:5)
    at Layer.handleRequest (C:\react project\x\the-karan-singh-vaidh\the-karan-singh-vaidh\server\node_modules\router\lib\layer.js:152:17)
    at trimPrefix (C:\react project\x\the-karan-singh-vaidh\the-karan-singh-vaidh\server\node_modules\router\index.js:342:13)
    at C:\react project\x\the-karan-singh-vaidh\the-karan-singh-vaidh\server\node_modules\router\index.js:297:9

[2026-04-15T17:01:22.936Z] 404 - Not Found - /socket.io/?EIO=4&transport=websocket
Error: Not Found - /socket.io/?EIO=4&transport=websocket
    at notFound (C:\react project\x\the-karan-singh-vaidh\the-karan-singh-vaidh\server\middleware\errorMiddleware.js:2:19)
    at Layer.handleRequest (C:\react project\x\the-karan-singh-vaidh\the-karan-singh-vaidh\server\node_modules\router\lib\layer.js:152:17)
    at trimPrefix (C:\react project\x\the-karan-singh-vaidh\the-karan-singh-vaidh\server\node_modules\router\index.js:342:13)
    at C:\react project\x\the-karan-singh-vaidh\the-karan-singh-vaidh\server\node_modules\router\index.js:297:9
    at processParams (C:\react project\x\the-karan-singh-vaidh\the-karan-singh-vaidh\server\node_modules\router\index.js:582:12)
    at next (C:\react project\x\the-karan-singh-vaidh\the-karan-singh-vaidh\server\node_modules\router\index.js:291:5)
    at logger (C:\react project\x\the-karan-singh-vaidh\the-karan-singh-vaidh\server\node_modules\morgan\index.js:144:5)
    at Layer.handleRequest (C:\react project\x\the-karan-singh-vaidh\the-karan-singh-vaidh\server\node_modules\router\lib\layer.js:152:17)
    at trimPrefix (C:\react project\x\the-karan-singh-vaidh\the-karan-singh-vaidh\server\node_modules\router\index.js:342:13)
    at C:\react project\x\the-karan-singh-vaidh\the-karan-singh-vaidh\server\node_modules\router\index.js:297:9

[2026-04-15T17:01:31.806Z] 404 - Not Found - /socket.io/?EIO=4&transport=websocket
Error: Not Found - /socket.io/?EIO=4&transport=websocket
    at notFound (C:\react project\x\the-karan-singh-vaidh\the-karan-singh-vaidh\server\middleware\errorMiddleware.js:2:19)
    at Layer.handleRequest (C:\react project\x\the-karan-singh-vaidh\the-karan-singh-vaidh\server\node_modules\router\lib\layer.js:152:17)
    at trimPrefix (C:\react project\x\the-karan-singh-vaidh\the-karan-singh-vaidh\server\node_modules\router\index.js:342:13)
    at C:\react project\x\the-karan-singh-vaidh\the-karan-singh-vaidh\server\node_modules\router\index.js:297:9
    at processParams (C:\react project\x\the-karan-singh-vaidh\the-karan-singh-vaidh\server\node_modules\router\index.js:582:12)
    at next (C:\react project\x\the-karan-singh-vaidh\the-karan-singh-vaidh\server\node_modules\router\index.js:291:5)
    at logger (C:\react project\x\the-karan-singh-vaidh\the-karan-singh-vaidh\server\node_modules\morgan\index.js:144:5)
    at Layer.handleRequest (C:\react project\x\the-karan-singh-vaidh\the-karan-singh-vaidh\server\node_modules\router\lib\layer.js:152:17)
    at trimPrefix (C:\react project\x\the-karan-singh-vaidh\the-karan-singh-vaidh\server\node_modules\router\index.js:342:13)
    at C:\react project\x\the-karan-singh-vaidh\the-karan-singh-vaidh\server\node_modules\router\index.js:297:9

[2026-04-15T17:01:42.042Z] 404 - Not Found - /socket.io/?EIO=4&transport=websocket
Error: Not Found - /socket.io/?EIO=4&transport=websocket
    at notFound (C:\react project\x\the-karan-singh-vaidh\the-karan-singh-vaidh\server\middleware\errorMiddleware.js:2:19)
    at Layer.handleRequest (C:\react project\x\the-karan-singh-vaidh\the-karan-singh-vaidh\server\node_modules\router\lib\layer.js:152:17)
    at trimPrefix (C:\react project\x\the-karan-singh-vaidh\the-karan-singh-vaidh\server\node_modules\router\index.js:342:13)
    at C:\react project\x\the-karan-singh-vaidh\the-karan-singh-vaidh\server\node_modules\router\index.js:297:9
    at processParams (C:\react project\x\the-karan-singh-vaidh\the-karan-singh-vaidh\server\node_modules\router\index.js:582:12)
    at next (C:\react project\x\the-karan-singh-vaidh\the-karan-singh-vaidh\server\node_modules\router\index.js:291:5)
    at logger (C:\react project\x\the-karan-singh-vaidh\the-karan-singh-vaidh\server\node_modules\morgan\index.js:144:5)
    at Layer.handleRequest (C:\react project\x\the-karan-singh-vaidh\the-karan-singh-vaidh\server\node_modules\router\lib\layer.js:152:17)
    at trimPrefix (C:\react project\x\the-karan-singh-vaidh\the-karan-singh-vaidh\server\node_modules\router\index.js:342:13)
    at C:\react project\x\the-karan-singh-vaidh\the-karan-singh-vaidh\server\node_modules\router\index.js:297:9

[2026-04-15T17:01:49.655Z] 404 - Not Found - /socket.io/?EIO=4&transport=websocket
Error: Not Found - /socket.io/?EIO=4&transport=websocket
    at notFound (C:\react project\x\the-karan-singh-vaidh\the-karan-singh-vaidh\server\middleware\errorMiddleware.js:2:19)
    at Layer.handleRequest (C:\react project\x\the-karan-singh-vaidh\the-karan-singh-vaidh\server\node_modules\router\lib\layer.js:152:17)
    at trimPrefix (C:\react project\x\the-karan-singh-vaidh\the-karan-singh-vaidh\server\node_modules\router\index.js:342:13)
    at C:\react project\x\the-karan-singh-vaidh\the-karan-singh-vaidh\server\node_modules\router\index.js:297:9
    at processParams (C:\react project\x\the-karan-singh-vaidh\the-karan-singh-vaidh\server\node_modules\router\index.js:582:12)
    at next (C:\react project\x\the-karan-singh-vaidh\the-karan-singh-vaidh\server\node_modules\router\index.js:291:5)
    at logger (C:\react project\x\the-karan-singh-vaidh\the-karan-singh-vaidh\server\node_modules\morgan\index.js:144:5)
    at Layer.handleRequest (C:\react project\x\the-karan-singh-vaidh\the-karan-singh-vaidh\server\node_modules\router\lib\layer.js:152:17)
    at trimPrefix (C:\react project\x\the-karan-singh-vaidh\the-karan-singh-vaidh\server\node_modules\router\index.js:342:13)
    at C:\react project\x\the-karan-singh-vaidh\the-karan-singh-vaidh\server\node_modules\router\index.js:297:9

[2026-04-15T17:01:56.405Z] 404 - Not Found - /socket.io/?EIO=4&transport=websocket
Error: Not Found - /socket.io/?EIO=4&transport=websocket
    at notFound (C:\react project\x\the-karan-singh-vaidh\the-karan-singh-vaidh\server\middleware\errorMiddleware.js:2:19)
    at Layer.handleRequest (C:\react project\x\the-karan-singh-vaidh\the-karan-singh-vaidh\server\node_modules\router\lib\layer.js:152:17)
    at trimPrefix (C:\react project\x\the-karan-singh-vaidh\the-karan-singh-vaidh\server\node_modules\router\index.js:342:13)
    at C:\react project\x\the-karan-singh-vaidh\the-karan-singh-vaidh\server\node_modules\router\index.js:297:9
    at processParams (C:\react project\x\the-karan-singh-vaidh\the-karan-singh-vaidh\server\node_modules\router\index.js:582:12)
    at next (C:\react project\x\the-karan-singh-vaidh\the-karan-singh-vaidh\server\node_modules\router\index.js:291:5)
    at logger (C:\react project\x\the-karan-singh-vaidh\the-karan-singh-vaidh\server\node_modules\morgan\index.js:144:5)
    at Layer.handleRequest (C:\react project\x\the-karan-singh-vaidh\the-karan-singh-vaidh\server\node_modules\router\lib\layer.js:152:17)
    at trimPrefix (C:\react project\x\the-karan-singh-vaidh\the-karan-singh-vaidh\server\node_modules\router\index.js:342:13)
    at C:\react project\x\the-karan-singh-vaidh\the-karan-singh-vaidh\server\node_modules\router\index.js:297:9

[2026-04-15T17:02:03.382Z] 404 - Not Found - /socket.io/?EIO=4&transport=websocket
Error: Not Found - /socket.io/?EIO=4&transport=websocket
    at notFound (C:\react project\x\the-karan-singh-vaidh\the-karan-singh-vaidh\server\middleware\errorMiddleware.js:2:19)
    at Layer.handleRequest (C:\react project\x\the-karan-singh-vaidh\the-karan-singh-vaidh\server\node_modules\router\lib\layer.js:152:17)
    at trimPrefix (C:\react project\x\the-karan-singh-vaidh\the-karan-singh-vaidh\server\node_modules\router\index.js:342:13)
    at C:\react project\x\the-karan-singh-vaidh\the-karan-singh-vaidh\server\node_modules\router\index.js:297:9
    at processParams (C:\react project\x\the-karan-singh-vaidh\the-karan-singh-vaidh\server\node_modules\router\index.js:582:12)
    at next (C:\react project\x\the-karan-singh-vaidh\the-karan-singh-vaidh\server\node_modules\router\index.js:291:5)
    at logger (C:\react project\x\the-karan-singh-vaidh\the-karan-singh-vaidh\server\node_modules\morgan\index.js:144:5)
    at Layer.handleRequest (C:\react project\x\the-karan-singh-vaidh\the-karan-singh-vaidh\server\node_modules\router\lib\layer.js:152:17)
    at trimPrefix (C:\react project\x\the-karan-singh-vaidh\the-karan-singh-vaidh\server\node_modules\router\index.js:342:13)
    at C:\react project\x\the-karan-singh-vaidh\the-karan-singh-vaidh\server\node_modules\router\index.js:297:9

[2026-04-15T17:02:13.832Z] 404 - Not Found - /socket.io/?EIO=4&transport=websocket
Error: Not Found - /socket.io/?EIO=4&transport=websocket
    at notFound (C:\react project\x\the-karan-singh-vaidh\the-karan-singh-vaidh\server\middleware\errorMiddleware.js:2:19)
    at Layer.handleRequest (C:\react project\x\the-karan-singh-vaidh\the-karan-singh-vaidh\server\node_modules\router\lib\layer.js:152:17)
    at trimPrefix (C:\react project\x\the-karan-singh-vaidh\the-karan-singh-vaidh\server\node_modules\router\index.js:342:13)
    at C:\react project\x\the-karan-singh-vaidh\the-karan-singh-vaidh\server\node_modules\router\index.js:297:9
    at processParams (C:\react project\x\the-karan-singh-vaidh\the-karan-singh-vaidh\server\node_modules\router\index.js:582:12)
    at next (C:\react project\x\the-karan-singh-vaidh\the-karan-singh-vaidh\server\node_modules\router\index.js:291:5)
    at logger (C:\react project\x\the-karan-singh-vaidh\the-karan-singh-vaidh\server\node_modules\morgan\index.js:144:5)
    at Layer.handleRequest (C:\react project\x\the-karan-singh-vaidh\the-karan-singh-vaidh\server\node_modules\router\lib\layer.js:152:17)
    at trimPrefix (C:\react project\x\the-karan-singh-vaidh\the-karan-singh-vaidh\server\node_modules\router\index.js:342:13)
    at C:\react project\x\the-karan-singh-vaidh\the-karan-singh-vaidh\server\node_modules\router\index.js:297:9

[2026-04-15T17:02:23.384Z] 404 - Not Found - /socket.io/?EIO=4&transport=websocket
Error: Not Found - /socket.io/?EIO=4&transport=websocket
    at notFound (C:\react project\x\the-karan-singh-vaidh\the-karan-singh-vaidh\server\middleware\errorMiddleware.js:2:19)
    at Layer.handleRequest (C:\react project\x\the-karan-singh-vaidh\the-karan-singh-vaidh\server\node_modules\router\lib\layer.js:152:17)
    at trimPrefix (C:\react project\x\the-karan-singh-vaidh\the-karan-singh-vaidh\server\node_modules\router\index.js:342:13)
    at C:\react project\x\the-karan-singh-vaidh\the-karan-singh-vaidh\server\node_modules\router\index.js:297:9
    at processParams (C:\react project\x\the-karan-singh-vaidh\the-karan-singh-vaidh\server\node_modules\router\index.js:582:12)
    at next (C:\react project\x\the-karan-singh-vaidh\the-karan-singh-vaidh\server\node_modules\router\index.js:291:5)
    at logger (C:\react project\x\the-karan-singh-vaidh\the-karan-singh-vaidh\server\node_modules\morgan\index.js:144:5)
    at Layer.handleRequest (C:\react project\x\the-karan-singh-vaidh\the-karan-singh-vaidh\server\node_modules\router\lib\layer.js:152:17)
    at trimPrefix (C:\react project\x\the-karan-singh-vaidh\the-karan-singh-vaidh\server\node_modules\router\index.js:342:13)
    at C:\react project\x\the-karan-singh-vaidh\the-karan-singh-vaidh\server\node_modules\router\index.js:297:9

[2026-04-15T17:02:30.404Z] 404 - Not Found - /socket.io/?EIO=4&transport=websocket
Error: Not Found - /socket.io/?EIO=4&transport=websocket
    at notFound (C:\react project\x\the-karan-singh-vaidh\the-karan-singh-vaidh\server\middleware\errorMiddleware.js:2:19)
    at Layer.handleRequest (C:\react project\x\the-karan-singh-vaidh\the-karan-singh-vaidh\server\node_modules\router\lib\layer.js:152:17)
    at trimPrefix (C:\react project\x\the-karan-singh-vaidh\the-karan-singh-vaidh\server\node_modules\router\index.js:342:13)
    at C:\react project\x\the-karan-singh-vaidh\the-karan-singh-vaidh\server\node_modules\router\index.js:297:9
    at processParams (C:\react project\x\the-karan-singh-vaidh\the-karan-singh-vaidh\server\node_modules\router\index.js:582:12)
    at next (C:\react project\x\the-karan-singh-vaidh\the-karan-singh-vaidh\server\node_modules\router\index.js:291:5)
    at logger (C:\react project\x\the-karan-singh-vaidh\the-karan-singh-vaidh\server\node_modules\morgan\index.js:144:5)
    at Layer.handleRequest (C:\react project\x\the-karan-singh-vaidh\the-karan-singh-vaidh\server\node_modules\router\lib\layer.js:152:17)
    at trimPrefix (C:\react project\x\the-karan-singh-vaidh\the-karan-singh-vaidh\server\node_modules\router\index.js:342:13)
    at C:\react project\x\the-karan-singh-vaidh\the-karan-singh-vaidh\server\node_modules\router\index.js:297:9

[2026-04-15T17:02:40.109Z] 404 - Not Found - /socket.io/?EIO=4&transport=websocket
Error: Not Found - /socket.io/?EIO=4&transport=websocket
    at notFound (C:\react project\x\the-karan-singh-vaidh\the-karan-singh-vaidh\server\middleware\errorMiddleware.js:2:19)
    at Layer.handleRequest (C:\react project\x\the-karan-singh-vaidh\the-karan-singh-vaidh\server\node_modules\router\lib\layer.js:152:17)
    at trimPrefix (C:\react project\x\the-karan-singh-vaidh\the-karan-singh-vaidh\server\node_modules\router\index.js:342:13)
    at C:\react project\x\the-karan-singh-vaidh\the-karan-singh-vaidh\server\node_modules\router\index.js:297:9
    at processParams (C:\react project\x\the-karan-singh-vaidh\the-karan-singh-vaidh\server\node_modules\router\index.js:582:12)
    at next (C:\react project\x\the-karan-singh-vaidh\the-karan-singh-vaidh\server\node_modules\router\index.js:291:5)
    at logger (C:\react project\x\the-karan-singh-vaidh\the-karan-singh-vaidh\server\node_modules\morgan\index.js:144:5)
    at Layer.handleRequest (C:\react project\x\the-karan-singh-vaidh\the-karan-singh-vaidh\server\node_modules\router\lib\layer.js:152:17)
    at trimPrefix (C:\react project\x\the-karan-singh-vaidh\the-karan-singh-vaidh\server\node_modules\router\index.js:342:13)
    at C:\react project\x\the-karan-singh-vaidh\the-karan-singh-vaidh\server\node_modules\router\index.js:297:9

[2026-04-15T17:02:48.968Z] 404 - Not Found - /socket.io/?EIO=4&transport=websocket
Error: Not Found - /socket.io/?EIO=4&transport=websocket
    at notFound (C:\react project\x\the-karan-singh-vaidh\the-karan-singh-vaidh\server\middleware\errorMiddleware.js:2:19)
    at Layer.handleRequest (C:\react project\x\the-karan-singh-vaidh\the-karan-singh-vaidh\server\node_modules\router\lib\layer.js:152:17)
    at trimPrefix (C:\react project\x\the-karan-singh-vaidh\the-karan-singh-vaidh\server\node_modules\router\index.js:342:13)
    at C:\react project\x\the-karan-singh-vaidh\the-karan-singh-vaidh\server\node_modules\router\index.js:297:9
    at processParams (C:\react project\x\the-karan-singh-vaidh\the-karan-singh-vaidh\server\node_modules\router\index.js:582:12)
    at next (C:\react project\x\the-karan-singh-vaidh\the-karan-singh-vaidh\server\node_modules\router\index.js:291:5)
    at logger (C:\react project\x\the-karan-singh-vaidh\the-karan-singh-vaidh\server\node_modules\morgan\index.js:144:5)
    at Layer.handleRequest (C:\react project\x\the-karan-singh-vaidh\the-karan-singh-vaidh\server\node_modules\router\lib\layer.js:152:17)
    at trimPrefix (C:\react project\x\the-karan-singh-vaidh\the-karan-singh-vaidh\server\node_modules\router\index.js:342:13)
    at C:\react project\x\the-karan-singh-vaidh\the-karan-singh-vaidh\server\node_modules\router\index.js:297:9

[2026-04-15T17:02:55.236Z] 404 - Not Found - /socket.io/?EIO=4&transport=websocket
Error: Not Found - /socket.io/?EIO=4&transport=websocket
    at notFound (C:\react project\x\the-karan-singh-vaidh\the-karan-singh-vaidh\server\middleware\errorMiddleware.js:2:19)
    at Layer.handleRequest (C:\react project\x\the-karan-singh-vaidh\the-karan-singh-vaidh\server\node_modules\router\lib\layer.js:152:17)
    at trimPrefix (C:\react project\x\the-karan-singh-vaidh\the-karan-singh-vaidh\server\node_modules\router\index.js:342:13)
    at C:\react project\x\the-karan-singh-vaidh\the-karan-singh-vaidh\server\node_modules\router\index.js:297:9
    at processParams (C:\react project\x\the-karan-singh-vaidh\the-karan-singh-vaidh\server\node_modules\router\index.js:582:12)
    at next (C:\react project\x\the-karan-singh-vaidh\the-karan-singh-vaidh\server\node_modules\router\index.js:291:5)
    at logger (C:\react project\x\the-karan-singh-vaidh\the-karan-singh-vaidh\server\node_modules\morgan\index.js:144:5)
    at Layer.handleRequest (C:\react project\x\the-karan-singh-vaidh\the-karan-singh-vaidh\server\node_modules\router\lib\layer.js:152:17)
    at trimPrefix (C:\react project\x\the-karan-singh-vaidh\the-karan-singh-vaidh\server\node_modules\router\index.js:342:13)
    at C:\react project\x\the-karan-singh-vaidh\the-karan-singh-vaidh\server\node_modules\router\index.js:297:9

[2026-04-15T17:03:02.256Z] 404 - Not Found - /socket.io/?EIO=4&transport=websocket
Error: Not Found - /socket.io/?EIO=4&transport=websocket
    at notFound (C:\react project\x\the-karan-singh-vaidh\the-karan-singh-vaidh\server\middleware\errorMiddleware.js:2:19)
    at Layer.handleRequest (C:\react project\x\the-karan-singh-vaidh\the-karan-singh-vaidh\server\node_modules\router\lib\layer.js:152:17)
    at trimPrefix (C:\react project\x\the-karan-singh-vaidh\the-karan-singh-vaidh\server\node_modules\router\index.js:342:13)
    at C:\react project\x\the-karan-singh-vaidh\the-karan-singh-vaidh\server\node_modules\router\index.js:297:9
    at processParams (C:\react project\x\the-karan-singh-vaidh\the-karan-singh-vaidh\server\node_modules\router\index.js:582:12)
    at next (C:\react project\x\the-karan-singh-vaidh\the-karan-singh-vaidh\server\node_modules\router\index.js:291:5)
    at logger (C:\react project\x\the-karan-singh-vaidh\the-karan-singh-vaidh\server\node_modules\morgan\index.js:144:5)
    at Layer.handleRequest (C:\react project\x\the-karan-singh-vaidh\the-karan-singh-vaidh\server\node_modules\router\lib\layer.js:152:17)
    at trimPrefix (C:\react project\x\the-karan-singh-vaidh\the-karan-singh-vaidh\server\node_modules\router\index.js:342:13)
    at C:\react project\x\the-karan-singh-vaidh\the-karan-singh-vaidh\server\node_modules\router\index.js:297:9

[2026-04-15T17:03:10.205Z] 404 - Not Found - /socket.io/?EIO=4&transport=websocket
Error: Not Found - /socket.io/?EIO=4&transport=websocket
    at notFound (C:\react project\x\the-karan-singh-vaidh\the-karan-singh-vaidh\server\middleware\errorMiddleware.js:2:19)
    at Layer.handleRequest (C:\react project\x\the-karan-singh-vaidh\the-karan-singh-vaidh\server\node_modules\router\lib\layer.js:152:17)
    at trimPrefix (C:\react project\x\the-karan-singh-vaidh\the-karan-singh-vaidh\server\node_modules\router\index.js:342:13)
    at C:\react project\x\the-karan-singh-vaidh\the-karan-singh-vaidh\server\node_modules\router\index.js:297:9
    at processParams (C:\react project\x\the-karan-singh-vaidh\the-karan-singh-vaidh\server\node_modules\router\index.js:582:12)
    at next (C:\react project\x\the-karan-singh-vaidh\the-karan-singh-vaidh\server\node_modules\router\index.js:291:5)
    at logger (C:\react project\x\the-karan-singh-vaidh\the-karan-singh-vaidh\server\node_modules\morgan\index.js:144:5)
    at Layer.handleRequest (C:\react project\x\the-karan-singh-vaidh\the-karan-singh-vaidh\server\node_modules\router\lib\layer.js:152:17)
    at trimPrefix (C:\react project\x\the-karan-singh-vaidh\the-karan-singh-vaidh\server\node_modules\router\index.js:342:13)
    at C:\react project\x\the-karan-singh-vaidh\the-karan-singh-vaidh\server\node_modules\router\index.js:297:9

[2026-04-15T17:03:19.658Z] 404 - Not Found - /socket.io/?EIO=4&transport=websocket
Error: Not Found - /socket.io/?EIO=4&transport=websocket
    at notFound (C:\react project\x\the-karan-singh-vaidh\the-karan-singh-vaidh\server\middleware\errorMiddleware.js:2:19)
    at Layer.handleRequest (C:\react project\x\the-karan-singh-vaidh\the-karan-singh-vaidh\server\node_modules\router\lib\layer.js:152:17)
    at trimPrefix (C:\react project\x\the-karan-singh-vaidh\the-karan-singh-vaidh\server\node_modules\router\index.js:342:13)
    at C:\react project\x\the-karan-singh-vaidh\the-karan-singh-vaidh\server\node_modules\router\index.js:297:9
    at processParams (C:\react project\x\the-karan-singh-vaidh\the-karan-singh-vaidh\server\node_modules\router\index.js:582:12)
    at next (C:\react project\x\the-karan-singh-vaidh\the-karan-singh-vaidh\server\node_modules\router\index.js:291:5)
    at logger (C:\react project\x\the-karan-singh-vaidh\the-karan-singh-vaidh\server\node_modules\morgan\index.js:144:5)
    at Layer.handleRequest (C:\react project\x\the-karan-singh-vaidh\the-karan-singh-vaidh\server\node_modules\router\lib\layer.js:152:17)
    at trimPrefix (C:\react project\x\the-karan-singh-vaidh\the-karan-singh-vaidh\server\node_modules\router\index.js:342:13)
    at C:\react project\x\the-karan-singh-vaidh\the-karan-singh-vaidh\server\node_modules\router\index.js:297:9

[2026-04-15T17:03:28.114Z] 404 - Not Found - /socket.io/?EIO=4&transport=websocket
Error: Not Found - /socket.io/?EIO=4&transport=websocket
    at notFound (C:\react project\x\the-karan-singh-vaidh\the-karan-singh-vaidh\server\middleware\errorMiddleware.js:2:19)
    at Layer.handleRequest (C:\react project\x\the-karan-singh-vaidh\the-karan-singh-vaidh\server\node_modules\router\lib\layer.js:152:17)
    at trimPrefix (C:\react project\x\the-karan-singh-vaidh\the-karan-singh-vaidh\server\node_modules\router\index.js:342:13)
    at C:\react project\x\the-karan-singh-vaidh\the-karan-singh-vaidh\server\node_modules\router\index.js:297:9
    at processParams (C:\react project\x\the-karan-singh-vaidh\the-karan-singh-vaidh\server\node_modules\router\index.js:582:12)
    at next (C:\react project\x\the-karan-singh-vaidh\the-karan-singh-vaidh\server\node_modules\router\index.js:291:5)
    at logger (C:\react project\x\the-karan-singh-vaidh\the-karan-singh-vaidh\server\node_modules\morgan\index.js:144:5)
    at Layer.handleRequest (C:\react project\x\the-karan-singh-vaidh\the-karan-singh-vaidh\server\node_modules\router\lib\layer.js:152:17)
    at trimPrefix (C:\react project\x\the-karan-singh-vaidh\the-karan-singh-vaidh\server\node_modules\router\index.js:342:13)
    at C:\react project\x\the-karan-singh-vaidh\the-karan-singh-vaidh\server\node_modules\router\index.js:297:9

[2026-04-15T17:03:36.522Z] 404 - Not Found - /socket.io/?EIO=4&transport=websocket
Error: Not Found - /socket.io/?EIO=4&transport=websocket
    at notFound (C:\react project\x\the-karan-singh-vaidh\the-karan-singh-vaidh\server\middleware\errorMiddleware.js:2:19)
    at Layer.handleRequest (C:\react project\x\the-karan-singh-vaidh\the-karan-singh-vaidh\server\node_modules\router\lib\layer.js:152:17)
    at trimPrefix (C:\react project\x\the-karan-singh-vaidh\the-karan-singh-vaidh\server\node_modules\router\index.js:342:13)
    at C:\react project\x\the-karan-singh-vaidh\the-karan-singh-vaidh\server\node_modules\router\index.js:297:9
    at processParams (C:\react project\x\the-karan-singh-vaidh\the-karan-singh-vaidh\server\node_modules\router\index.js:582:12)
    at next (C:\react project\x\the-karan-singh-vaidh\the-karan-singh-vaidh\server\node_modules\router\index.js:291:5)
    at logger (C:\react project\x\the-karan-singh-vaidh\the-karan-singh-vaidh\server\node_modules\morgan\index.js:144:5)
    at Layer.handleRequest (C:\react project\x\the-karan-singh-vaidh\the-karan-singh-vaidh\server\node_modules\router\lib\layer.js:152:17)
    at trimPrefix (C:\react project\x\the-karan-singh-vaidh\the-karan-singh-vaidh\server\node_modules\router\index.js:342:13)
    at C:\react project\x\the-karan-singh-vaidh\the-karan-singh-vaidh\server\node_modules\router\index.js:297:9

[2026-04-15T17:03:45.243Z] 404 - Not Found - /socket.io/?EIO=4&transport=websocket
Error: Not Found - /socket.io/?EIO=4&transport=websocket
    at notFound (C:\react project\x\the-karan-singh-vaidh\the-karan-singh-vaidh\server\middleware\errorMiddleware.js:2:19)
    at Layer.handleRequest (C:\react project\x\the-karan-singh-vaidh\the-karan-singh-vaidh\server\node_modules\router\lib\layer.js:152:17)
    at trimPrefix (C:\react project\x\the-karan-singh-vaidh\the-karan-singh-vaidh\server\node_modules\router\index.js:342:13)
    at C:\react project\x\the-karan-singh-vaidh\the-karan-singh-vaidh\server\node_modules\router\index.js:297:9
    at processParams (C:\react project\x\the-karan-singh-vaidh\the-karan-singh-vaidh\server\node_modules\router\index.js:582:12)
    at next (C:\react project\x\the-karan-singh-vaidh\the-karan-singh-vaidh\server\node_modules\router\index.js:291:5)
    at logger (C:\react project\x\the-karan-singh-vaidh\the-karan-singh-vaidh\server\node_modules\morgan\index.js:144:5)
    at Layer.handleRequest (C:\react project\x\the-karan-singh-vaidh\the-karan-singh-vaidh\server\node_modules\router\lib\layer.js:152:17)
    at trimPrefix (C:\react project\x\the-karan-singh-vaidh\the-karan-singh-vaidh\server\node_modules\router\index.js:342:13)
    at C:\react project\x\the-karan-singh-vaidh\the-karan-singh-vaidh\server\node_modules\router\index.js:297:9

[2026-04-15T17:03:52.563Z] 404 - Not Found - /socket.io/?EIO=4&transport=websocket
Error: Not Found - /socket.io/?EIO=4&transport=websocket
    at notFound (C:\react project\x\the-karan-singh-vaidh\the-karan-singh-vaidh\server\middleware\errorMiddleware.js:2:19)
    at Layer.handleRequest (C:\react project\x\the-karan-singh-vaidh\the-karan-singh-vaidh\server\node_modules\router\lib\layer.js:152:17)
    at trimPrefix (C:\react project\x\the-karan-singh-vaidh\the-karan-singh-vaidh\server\node_modules\router\index.js:342:13)
    at C:\react project\x\the-karan-singh-vaidh\the-karan-singh-vaidh\server\node_modules\router\index.js:297:9
    at processParams (C:\react project\x\the-karan-singh-vaidh\the-karan-singh-vaidh\server\node_modules\router\index.js:582:12)
    at next (C:\react project\x\the-karan-singh-vaidh\the-karan-singh-vaidh\server\node_modules\router\index.js:291:5)
    at logger (C:\react project\x\the-karan-singh-vaidh\the-karan-singh-vaidh\server\node_modules\morgan\index.js:144:5)
    at Layer.handleRequest (C:\react project\x\the-karan-singh-vaidh\the-karan-singh-vaidh\server\node_modules\router\lib\layer.js:152:17)
    at trimPrefix (C:\react project\x\the-karan-singh-vaidh\the-karan-singh-vaidh\server\node_modules\router\index.js:342:13)
    at C:\react project\x\the-karan-singh-vaidh\the-karan-singh-vaidh\server\node_modules\router\index.js:297:9

[2026-04-15T17:04:00.315Z] 404 - Not Found - /socket.io/?EIO=4&transport=websocket
Error: Not Found - /socket.io/?EIO=4&transport=websocket
    at notFound (C:\react project\x\the-karan-singh-vaidh\the-karan-singh-vaidh\server\middleware\errorMiddleware.js:2:19)
    at Layer.handleRequest (C:\react project\x\the-karan-singh-vaidh\the-karan-singh-vaidh\server\node_modules\router\lib\layer.js:152:17)
    at trimPrefix (C:\react project\x\the-karan-singh-vaidh\the-karan-singh-vaidh\server\node_modules\router\index.js:342:13)
    at C:\react project\x\the-karan-singh-vaidh\the-karan-singh-vaidh\server\node_modules\router\index.js:297:9
    at processParams (C:\react project\x\the-karan-singh-vaidh\the-karan-singh-vaidh\server\node_modules\router\index.js:582:12)
    at next (C:\react project\x\the-karan-singh-vaidh\the-karan-singh-vaidh\server\node_modules\router\index.js:291:5)
    at logger (C:\react project\x\the-karan-singh-vaidh\the-karan-singh-vaidh\server\node_modules\morgan\index.js:144:5)
    at Layer.handleRequest (C:\react project\x\the-karan-singh-vaidh\the-karan-singh-vaidh\server\node_modules\router\lib\layer.js:152:17)
    at trimPrefix (C:\react project\x\the-karan-singh-vaidh\the-karan-singh-vaidh\server\node_modules\router\index.js:342:13)
    at C:\react project\x\the-karan-singh-vaidh\the-karan-singh-vaidh\server\node_modules\router\index.js:297:9

[2026-04-15T17:04:09.145Z] 404 - Not Found - /socket.io/?EIO=4&transport=websocket
Error: Not Found - /socket.io/?EIO=4&transport=websocket
    at notFound (C:\react project\x\the-karan-singh-vaidh\the-karan-singh-vaidh\server\middleware\errorMiddleware.js:2:19)
    at Layer.handleRequest (C:\react project\x\the-karan-singh-vaidh\the-karan-singh-vaidh\server\node_modules\router\lib\layer.js:152:17)
    at trimPrefix (C:\react project\x\the-karan-singh-vaidh\the-karan-singh-vaidh\server\node_modules\router\index.js:342:13)
    at C:\react project\x\the-karan-singh-vaidh\the-karan-singh-vaidh\server\node_modules\router\index.js:297:9
    at processParams (C:\react project\x\the-karan-singh-vaidh\the-karan-singh-vaidh\server\node_modules\router\index.js:582:12)
    at next (C:\react project\x\the-karan-singh-vaidh\the-karan-singh-vaidh\server\node_modules\router\index.js:291:5)
    at logger (C:\react project\x\the-karan-singh-vaidh\the-karan-singh-vaidh\server\node_modules\morgan\index.js:144:5)
    at Layer.handleRequest (C:\react project\x\the-karan-singh-vaidh\the-karan-singh-vaidh\server\node_modules\router\lib\layer.js:152:17)
    at trimPrefix (C:\react project\x\the-karan-singh-vaidh\the-karan-singh-vaidh\server\node_modules\router\index.js:342:13)
    at C:\react project\x\the-karan-singh-vaidh\the-karan-singh-vaidh\server\node_modules\router\index.js:297:9

[2026-04-15T17:04:18.687Z] 404 - Not Found - /socket.io/?EIO=4&transport=websocket
Error: Not Found - /socket.io/?EIO=4&transport=websocket
    at notFound (C:\react project\x\the-karan-singh-vaidh\the-karan-singh-vaidh\server\middleware\errorMiddleware.js:2:19)
    at Layer.handleRequest (C:\react project\x\the-karan-singh-vaidh\the-karan-singh-vaidh\server\node_modules\router\lib\layer.js:152:17)
    at trimPrefix (C:\react project\x\the-karan-singh-vaidh\the-karan-singh-vaidh\server\node_modules\router\index.js:342:13)
    at C:\react project\x\the-karan-singh-vaidh\the-karan-singh-vaidh\server\node_modules\router\index.js:297:9
    at processParams (C:\react project\x\the-karan-singh-vaidh\the-karan-singh-vaidh\server\node_modules\router\index.js:582:12)
    at next (C:\react project\x\the-karan-singh-vaidh\the-karan-singh-vaidh\server\node_modules\router\index.js:291:5)
    at logger (C:\react project\x\the-karan-singh-vaidh\the-karan-singh-vaidh\server\node_modules\morgan\index.js:144:5)
    at Layer.handleRequest (C:\react project\x\the-karan-singh-vaidh\the-karan-singh-vaidh\server\node_modules\router\lib\layer.js:152:17)
    at trimPrefix (C:\react project\x\the-karan-singh-vaidh\the-karan-singh-vaidh\server\node_modules\router\index.js:342:13)
    at C:\react project\x\the-karan-singh-vaidh\the-karan-singh-vaidh\server\node_modules\router\index.js:297:9

[2026-04-15T17:04:28.001Z] 404 - Not Found - /socket.io/?EIO=4&transport=websocket
Error: Not Found - /socket.io/?EIO=4&transport=websocket
    at notFound (C:\react project\x\the-karan-singh-vaidh\the-karan-singh-vaidh\server\middleware\errorMiddleware.js:2:19)
    at Layer.handleRequest (C:\react project\x\the-karan-singh-vaidh\the-karan-singh-vaidh\server\node_modules\router\lib\layer.js:152:17)
    at trimPrefix (C:\react project\x\the-karan-singh-vaidh\the-karan-singh-vaidh\server\node_modules\router\index.js:342:13)
    at C:\react project\x\the-karan-singh-vaidh\the-karan-singh-vaidh\server\node_modules\router\index.js:297:9
    at processParams (C:\react project\x\the-karan-singh-vaidh\the-karan-singh-vaidh\server\node_modules\router\index.js:582:12)
    at next (C:\react project\x\the-karan-singh-vaidh\the-karan-singh-vaidh\server\node_modules\router\index.js:291:5)
    at logger (C:\react project\x\the-karan-singh-vaidh\the-karan-singh-vaidh\server\node_modules\morgan\index.js:144:5)
    at Layer.handleRequest (C:\react project\x\the-karan-singh-vaidh\the-karan-singh-vaidh\server\node_modules\router\lib\layer.js:152:17)
    at trimPrefix (C:\react project\x\the-karan-singh-vaidh\the-karan-singh-vaidh\server\node_modules\router\index.js:342:13)
    at C:\react project\x\the-karan-singh-vaidh\the-karan-singh-vaidh\server\node_modules\router\index.js:297:9

[2026-04-15T17:04:37.153Z] 404 - Not Found - /socket.io/?EIO=4&transport=websocket
Error: Not Found - /socket.io/?EIO=4&transport=websocket
    at notFound (C:\react project\x\the-karan-singh-vaidh\the-karan-singh-vaidh\server\middleware\errorMiddleware.js:2:19)
    at Layer.handleRequest (C:\react project\x\the-karan-singh-vaidh\the-karan-singh-vaidh\server\node_modules\router\lib\layer.js:152:17)
    at trimPrefix (C:\react project\x\the-karan-singh-vaidh\the-karan-singh-vaidh\server\node_modules\router\index.js:342:13)
    at C:\react project\x\the-karan-singh-vaidh\the-karan-singh-vaidh\server\node_modules\router\index.js:297:9
    at processParams (C:\react project\x\the-karan-singh-vaidh\the-karan-singh-vaidh\server\node_modules\router\index.js:582:12)
    at next (C:\react project\x\the-karan-singh-vaidh\the-karan-singh-vaidh\server\node_modules\router\index.js:291:5)
    at logger (C:\react project\x\the-karan-singh-vaidh\the-karan-singh-vaidh\server\node_modules\morgan\index.js:144:5)
    at Layer.handleRequest (C:\react project\x\the-karan-singh-vaidh\the-karan-singh-vaidh\server\node_modules\router\lib\layer.js:152:17)
    at trimPrefix (C:\react project\x\the-karan-singh-vaidh\the-karan-singh-vaidh\server\node_modules\router\index.js:342:13)
    at C:\react project\x\the-karan-singh-vaidh\the-karan-singh-vaidh\server\node_modules\router\index.js:297:9

[2026-04-15T17:04:45.347Z] 404 - Not Found - /socket.io/?EIO=4&transport=websocket
Error: Not Found - /socket.io/?EIO=4&transport=websocket
    at notFound (C:\react project\x\the-karan-singh-vaidh\the-karan-singh-vaidh\server\middleware\errorMiddleware.js:2:19)
    at Layer.handleRequest (C:\react project\x\the-karan-singh-vaidh\the-karan-singh-vaidh\server\node_modules\router\lib\layer.js:152:17)
    at trimPrefix (C:\react project\x\the-karan-singh-vaidh\the-karan-singh-vaidh\server\node_modules\router\index.js:342:13)
    at C:\react project\x\the-karan-singh-vaidh\the-karan-singh-vaidh\server\node_modules\router\index.js:297:9
    at processParams (C:\react project\x\the-karan-singh-vaidh\the-karan-singh-vaidh\server\node_modules\router\index.js:582:12)
    at next (C:\react project\x\the-karan-singh-vaidh\the-karan-singh-vaidh\server\node_modules\router\index.js:291:5)
    at logger (C:\react project\x\the-karan-singh-vaidh\the-karan-singh-vaidh\server\node_modules\morgan\index.js:144:5)
    at Layer.handleRequest (C:\react project\x\the-karan-singh-vaidh\the-karan-singh-vaidh\server\node_modules\router\lib\layer.js:152:17)
    at trimPrefix (C:\react project\x\the-karan-singh-vaidh\the-karan-singh-vaidh\server\node_modules\router\index.js:342:13)
    at C:\react project\x\the-karan-singh-vaidh\the-karan-singh-vaidh\server\node_modules\router\index.js:297:9

[2026-04-15T17:04:51.154Z] 404 - Not Found - /socket.io/?EIO=4&transport=websocket
Error: Not Found - /socket.io/?EIO=4&transport=websocket
    at notFound (C:\react project\x\the-karan-singh-vaidh\the-karan-singh-vaidh\server\middleware\errorMiddleware.js:2:19)
    at Layer.handleRequest (C:\react project\x\the-karan-singh-vaidh\the-karan-singh-vaidh\server\node_modules\router\lib\layer.js:152:17)
    at trimPrefix (C:\react project\x\the-karan-singh-vaidh\the-karan-singh-vaidh\server\node_modules\router\index.js:342:13)
    at C:\react project\x\the-karan-singh-vaidh\the-karan-singh-vaidh\server\node_modules\router\index.js:297:9
    at processParams (C:\react project\x\the-karan-singh-vaidh\the-karan-singh-vaidh\server\node_modules\router\index.js:582:12)
    at next (C:\react project\x\the-karan-singh-vaidh\the-karan-singh-vaidh\server\node_modules\router\index.js:291:5)
    at logger (C:\react project\x\the-karan-singh-vaidh\the-karan-singh-vaidh\server\node_modules\morgan\index.js:144:5)
    at Layer.handleRequest (C:\react project\x\the-karan-singh-vaidh\the-karan-singh-vaidh\server\node_modules\router\lib\layer.js:152:17)
    at trimPrefix (C:\react project\x\the-karan-singh-vaidh\the-karan-singh-vaidh\server\node_modules\router\index.js:342:13)
    at C:\react project\x\the-karan-singh-vaidh\the-karan-singh-vaidh\server\node_modules\router\index.js:297:9

[2026-04-15T17:04:57.161Z] 404 - Not Found - /socket.io/?EIO=4&transport=websocket
Error: Not Found - /socket.io/?EIO=4&transport=websocket
    at notFound (C:\react project\x\the-karan-singh-vaidh\the-karan-singh-vaidh\server\middleware\errorMiddleware.js:2:19)
    at Layer.handleRequest (C:\react project\x\the-karan-singh-vaidh\the-karan-singh-vaidh\server\node_modules\router\lib\layer.js:152:17)
    at trimPrefix (C:\react project\x\the-karan-singh-vaidh\the-karan-singh-vaidh\server\node_modules\router\index.js:342:13)
    at C:\react project\x\the-karan-singh-vaidh\the-karan-singh-vaidh\server\node_modules\router\index.js:297:9
    at processParams (C:\react project\x\the-karan-singh-vaidh\the-karan-singh-vaidh\server\node_modules\router\index.js:582:12)
    at next (C:\react project\x\the-karan-singh-vaidh\the-karan-singh-vaidh\server\node_modules\router\index.js:291:5)
    at logger (C:\react project\x\the-karan-singh-vaidh\the-karan-singh-vaidh\server\node_modules\morgan\index.js:144:5)
    at Layer.handleRequest (C:\react project\x\the-karan-singh-vaidh\the-karan-singh-vaidh\server\node_modules\router\lib\layer.js:152:17)
    at trimPrefix (C:\react project\x\the-karan-singh-vaidh\the-karan-singh-vaidh\server\node_modules\router\index.js:342:13)
    at C:\react project\x\the-karan-singh-vaidh\the-karan-singh-vaidh\server\node_modules\router\index.js:297:9

[2026-04-15T17:05:03.163Z] 404 - Not Found - /socket.io/?EIO=4&transport=websocket
Error: Not Found - /socket.io/?EIO=4&transport=websocket
    at notFound (C:\react project\x\the-karan-singh-vaidh\the-karan-singh-vaidh\server\middleware\errorMiddleware.js:2:19)
    at Layer.handleRequest (C:\react project\x\the-karan-singh-vaidh\the-karan-singh-vaidh\server\node_modules\router\lib\layer.js:152:17)
    at trimPrefix (C:\react project\x\the-karan-singh-vaidh\the-karan-singh-vaidh\server\node_modules\router\index.js:342:13)
    at C:\react project\x\the-karan-singh-vaidh\the-karan-singh-vaidh\server\node_modules\router\index.js:297:9
    at processParams (C:\react project\x\the-karan-singh-vaidh\the-karan-singh-vaidh\server\node_modules\router\index.js:582:12)
    at next (C:\react project\x\the-karan-singh-vaidh\the-karan-singh-vaidh\server\node_modules\router\index.js:291:5)
    at logger (C:\react project\x\the-karan-singh-vaidh\the-karan-singh-vaidh\server\node_modules\morgan\index.js:144:5)
    at Layer.handleRequest (C:\react project\x\the-karan-singh-vaidh\the-karan-singh-vaidh\server\node_modules\router\lib\layer.js:152:17)
    at trimPrefix (C:\react project\x\the-karan-singh-vaidh\the-karan-singh-vaidh\server\node_modules\router\index.js:342:13)
    at C:\react project\x\the-karan-singh-vaidh\the-karan-singh-vaidh\server\node_modules\router\index.js:297:9

[2026-04-15T17:05:09.159Z] 404 - Not Found - /socket.io/?EIO=4&transport=websocket
Error: Not Found - /socket.io/?EIO=4&transport=websocket
    at notFound (C:\react project\x\the-karan-singh-vaidh\the-karan-singh-vaidh\server\middleware\errorMiddleware.js:2:19)
    at Layer.handleRequest (C:\react project\x\the-karan-singh-vaidh\the-karan-singh-vaidh\server\node_modules\router\lib\layer.js:152:17)
    at trimPrefix (C:\react project\x\the-karan-singh-vaidh\the-karan-singh-vaidh\server\node_modules\router\index.js:342:13)
    at C:\react project\x\the-karan-singh-vaidh\the-karan-singh-vaidh\server\node_modules\router\index.js:297:9
    at processParams (C:\react project\x\the-karan-singh-vaidh\the-karan-singh-vaidh\server\node_modules\router\index.js:582:12)
    at next (C:\react project\x\the-karan-singh-vaidh\the-karan-singh-vaidh\server\node_modules\router\index.js:291:5)
    at logger (C:\react project\x\the-karan-singh-vaidh\the-karan-singh-vaidh\server\node_modules\morgan\index.js:144:5)
    at Layer.handleRequest (C:\react project\x\the-karan-singh-vaidh\the-karan-singh-vaidh\server\node_modules\router\lib\layer.js:152:17)
    at trimPrefix (C:\react project\x\the-karan-singh-vaidh\the-karan-singh-vaidh\server\node_modules\router\index.js:342:13)
    at C:\react project\x\the-karan-singh-vaidh\the-karan-singh-vaidh\server\node_modules\router\index.js:297:9

[2026-04-15T17:05:15.152Z] 404 - Not Found - /socket.io/?EIO=4&transport=websocket
Error: Not Found - /socket.io/?EIO=4&transport=websocket
    at notFound (C:\react project\x\the-karan-singh-vaidh\the-karan-singh-vaidh\server\middleware\errorMiddleware.js:2:19)
    at Layer.handleRequest (C:\react project\x\the-karan-singh-vaidh\the-karan-singh-vaidh\server\node_modules\router\lib\layer.js:152:17)
    at trimPrefix (C:\react project\x\the-karan-singh-vaidh\the-karan-singh-vaidh\server\node_modules\router\index.js:342:13)
    at C:\react project\x\the-karan-singh-vaidh\the-karan-singh-vaidh\server\node_modules\router\index.js:297:9
    at processParams (C:\react project\x\the-karan-singh-vaidh\the-karan-singh-vaidh\server\node_modules\router\index.js:582:12)
    at next (C:\react project\x\the-karan-singh-vaidh\the-karan-singh-vaidh\server\node_modules\router\index.js:291:5)
    at logger (C:\react project\x\the-karan-singh-vaidh\the-karan-singh-vaidh\server\node_modules\morgan\index.js:144:5)
    at Layer.handleRequest (C:\react project\x\the-karan-singh-vaidh\the-karan-singh-vaidh\server\node_modules\router\lib\layer.js:152:17)
    at trimPrefix (C:\react project\x\the-karan-singh-vaidh\the-karan-singh-vaidh\server\node_modules\router\index.js:342:13)
    at C:\react project\x\the-karan-singh-vaidh\the-karan-singh-vaidh\server\node_modules\router\index.js:297:9

[2026-04-15T17:05:21.171Z] 404 - Not Found - /socket.io/?EIO=4&transport=websocket
Error: Not Found - /socket.io/?EIO=4&transport=websocket
    at notFound (C:\react project\x\the-karan-singh-vaidh\the-karan-singh-vaidh\server\middleware\errorMiddleware.js:2:19)
    at Layer.handleRequest (C:\react project\x\the-karan-singh-vaidh\the-karan-singh-vaidh\server\node_modules\router\lib\layer.js:152:17)
    at trimPrefix (C:\react project\x\the-karan-singh-vaidh\the-karan-singh-vaidh\server\node_modules\router\index.js:342:13)
    at C:\react project\x\the-karan-singh-vaidh\the-karan-singh-vaidh\server\node_modules\router\index.js:297:9
    at processParams (C:\react project\x\the-karan-singh-vaidh\the-karan-singh-vaidh\server\node_modules\router\index.js:582:12)
    at next (C:\react project\x\the-karan-singh-vaidh\the-karan-singh-vaidh\server\node_modules\router\index.js:291:5)
    at logger (C:\react project\x\the-karan-singh-vaidh\the-karan-singh-vaidh\server\node_modules\morgan\index.js:144:5)
    at Layer.handleRequest (C:\react project\x\the-karan-singh-vaidh\the-karan-singh-vaidh\server\node_modules\router\lib\layer.js:152:17)
    at trimPrefix (C:\react project\x\the-karan-singh-vaidh\the-karan-singh-vaidh\server\node_modules\router\index.js:342:13)
    at C:\react project\x\the-karan-singh-vaidh\the-karan-singh-vaidh\server\node_modules\router\index.js:297:9

[2026-04-15T17:05:27.170Z] 404 - Not Found - /socket.io/?EIO=4&transport=websocket
Error: Not Found - /socket.io/?EIO=4&transport=websocket
    at notFound (C:\react project\x\the-karan-singh-vaidh\the-karan-singh-vaidh\server\middleware\errorMiddleware.js:2:19)
    at Layer.handleRequest (C:\react project\x\the-karan-singh-vaidh\the-karan-singh-vaidh\server\node_modules\router\lib\layer.js:152:17)
    at trimPrefix (C:\react project\x\the-karan-singh-vaidh\the-karan-singh-vaidh\server\node_modules\router\index.js:342:13)
    at C:\react project\x\the-karan-singh-vaidh\the-karan-singh-vaidh\server\node_modules\router\index.js:297:9
    at processParams (C:\react project\x\the-karan-singh-vaidh\the-karan-singh-vaidh\server\node_modules\router\index.js:582:12)
    at next (C:\react project\x\the-karan-singh-vaidh\the-karan-singh-vaidh\server\node_modules\router\index.js:291:5)
    at logger (C:\react project\x\the-karan-singh-vaidh\the-karan-singh-vaidh\server\node_modules\morgan\index.js:144:5)
    at Layer.handleRequest (C:\react project\x\the-karan-singh-vaidh\the-karan-singh-vaidh\server\node_modules\router\lib\layer.js:152:17)
    at trimPrefix (C:\react project\x\the-karan-singh-vaidh\the-karan-singh-vaidh\server\node_modules\router\index.js:342:13)
    at C:\react project\x\the-karan-singh-vaidh\the-karan-singh-vaidh\server\node_modules\router\index.js:297:9

[2026-04-15T17:05:33.174Z] 404 - Not Found - /socket.io/?EIO=4&transport=websocket
Error: Not Found - /socket.io/?EIO=4&transport=websocket
    at notFound (C:\react project\x\the-karan-singh-vaidh\the-karan-singh-vaidh\server\middleware\errorMiddleware.js:2:19)
    at Layer.handleRequest (C:\react project\x\the-karan-singh-vaidh\the-karan-singh-vaidh\server\node_modules\router\lib\layer.js:152:17)
    at trimPrefix (C:\react project\x\the-karan-singh-vaidh\the-karan-singh-vaidh\server\node_modules\router\index.js:342:13)
    at C:\react project\x\the-karan-singh-vaidh\the-karan-singh-vaidh\server\node_modules\router\index.js:297:9
    at processParams (C:\react project\x\the-karan-singh-vaidh\the-karan-singh-vaidh\server\node_modules\router\index.js:582:12)
    at next (C:\react project\x\the-karan-singh-vaidh\the-karan-singh-vaidh\server\node_modules\router\index.js:291:5)
    at logger (C:\react project\x\the-karan-singh-vaidh\the-karan-singh-vaidh\server\node_modules\morgan\index.js:144:5)
    at Layer.handleRequest (C:\react project\x\the-karan-singh-vaidh\the-karan-singh-vaidh\server\node_modules\router\lib\layer.js:152:17)
    at trimPrefix (C:\react project\x\the-karan-singh-vaidh\the-karan-singh-vaidh\server\node_modules\router\index.js:342:13)
    at C:\react project\x\the-karan-singh-vaidh\the-karan-singh-vaidh\server\node_modules\router\index.js:297:9

[2026-04-15T17:05:39.178Z] 404 - Not Found - /socket.io/?EIO=4&transport=websocket
Error: Not Found - /socket.io/?EIO=4&transport=websocket
    at notFound (C:\react project\x\the-karan-singh-vaidh\the-karan-singh-vaidh\server\middleware\errorMiddleware.js:2:19)
    at Layer.handleRequest (C:\react project\x\the-karan-singh-vaidh\the-karan-singh-vaidh\server\node_modules\router\lib\layer.js:152:17)
    at trimPrefix (C:\react project\x\the-karan-singh-vaidh\the-karan-singh-vaidh\server\node_modules\router\index.js:342:13)
    at C:\react project\x\the-karan-singh-vaidh\the-karan-singh-vaidh\server\node_modules\router\index.js:297:9
    at processParams (C:\react project\x\the-karan-singh-vaidh\the-karan-singh-vaidh\server\node_modules\router\index.js:582:12)
    at next (C:\react project\x\the-karan-singh-vaidh\the-karan-singh-vaidh\server\node_modules\router\index.js:291:5)
    at logger (C:\react project\x\the-karan-singh-vaidh\the-karan-singh-vaidh\server\node_modules\morgan\index.js:144:5)
    at Layer.handleRequest (C:\react project\x\the-karan-singh-vaidh\the-karan-singh-vaidh\server\node_modules\router\lib\layer.js:152:17)
    at trimPrefix (C:\react project\x\the-karan-singh-vaidh\the-karan-singh-vaidh\server\node_modules\router\index.js:342:13)
    at C:\react project\x\the-karan-singh-vaidh\the-karan-singh-vaidh\server\node_modules\router\index.js:297:9

[2026-04-15T17:05:45.182Z] 404 - Not Found - /socket.io/?EIO=4&transport=websocket
Error: Not Found - /socket.io/?EIO=4&transport=websocket
    at notFound (C:\react project\x\the-karan-singh-vaidh\the-karan-singh-vaidh\server\middleware\errorMiddleware.js:2:19)
    at Layer.handleRequest (C:\react project\x\the-karan-singh-vaidh\the-karan-singh-vaidh\server\node_modules\router\lib\layer.js:152:17)
    at trimPrefix (C:\react project\x\the-karan-singh-vaidh\the-karan-singh-vaidh\server\node_modules\router\index.js:342:13)
    at C:\react project\x\the-karan-singh-vaidh\the-karan-singh-vaidh\server\node_modules\router\index.js:297:9
    at processParams (C:\react project\x\the-karan-singh-vaidh\the-karan-singh-vaidh\server\node_modules\router\index.js:582:12)
    at next (C:\react project\x\the-karan-singh-vaidh\the-karan-singh-vaidh\server\node_modules\router\index.js:291:5)
    at logger (C:\react project\x\the-karan-singh-vaidh\the-karan-singh-vaidh\server\node_modules\morgan\index.js:144:5)
    at Layer.handleRequest (C:\react project\x\the-karan-singh-vaidh\the-karan-singh-vaidh\server\node_modules\router\lib\layer.js:152:17)
    at trimPrefix (C:\react project\x\the-karan-singh-vaidh\the-karan-singh-vaidh\server\node_modules\router\index.js:342:13)
    at C:\react project\x\the-karan-singh-vaidh\the-karan-singh-vaidh\server\node_modules\router\index.js:297:9

[2026-04-15T17:05:51.204Z] 404 - Not Found - /socket.io/?EIO=4&transport=websocket
Error: Not Found - /socket.io/?EIO=4&transport=websocket
    at notFound (C:\react project\x\the-karan-singh-vaidh\the-karan-singh-vaidh\server\middleware\errorMiddleware.js:2:19)
    at Layer.handleRequest (C:\react project\x\the-karan-singh-vaidh\the-karan-singh-vaidh\server\node_modules\router\lib\layer.js:152:17)
    at trimPrefix (C:\react project\x\the-karan-singh-vaidh\the-karan-singh-vaidh\server\node_modules\router\index.js:342:13)
    at C:\react project\x\the-karan-singh-vaidh\the-karan-singh-vaidh\server\node_modules\router\index.js:297:9
    at processParams (C:\react project\x\the-karan-singh-vaidh\the-karan-singh-vaidh\server\node_modules\router\index.js:582:12)
    at next (C:\react project\x\the-karan-singh-vaidh\the-karan-singh-vaidh\server\node_modules\router\index.js:291:5)
    at logger (C:\react project\x\the-karan-singh-vaidh\the-karan-singh-vaidh\server\node_modules\morgan\index.js:144:5)
    at Layer.handleRequest (C:\react project\x\the-karan-singh-vaidh\the-karan-singh-vaidh\server\node_modules\router\lib\layer.js:152:17)
    at trimPrefix (C:\react project\x\the-karan-singh-vaidh\the-karan-singh-vaidh\server\node_modules\router\index.js:342:13)
    at C:\react project\x\the-karan-singh-vaidh\the-karan-singh-vaidh\server\node_modules\router\index.js:297:9

[2026-04-15T17:05:57.282Z] 404 - Not Found - /socket.io/?EIO=4&transport=websocket
Error: Not Found - /socket.io/?EIO=4&transport=websocket
    at notFound (C:\react project\x\the-karan-singh-vaidh\the-karan-singh-vaidh\server\middleware\errorMiddleware.js:2:19)
    at Layer.handleRequest (C:\react project\x\the-karan-singh-vaidh\the-karan-singh-vaidh\server\node_modules\router\lib\layer.js:152:17)
    at trimPrefix (C:\react project\x\the-karan-singh-vaidh\the-karan-singh-vaidh\server\node_modules\router\index.js:342:13)
    at C:\react project\x\the-karan-singh-vaidh\the-karan-singh-vaidh\server\node_modules\router\index.js:297:9
    at processParams (C:\react project\x\the-karan-singh-vaidh\the-karan-singh-vaidh\server\node_modules\router\index.js:582:12)
    at next (C:\react project\x\the-karan-singh-vaidh\the-karan-singh-vaidh\server\node_modules\router\index.js:291:5)
    at logger (C:\react project\x\the-karan-singh-vaidh\the-karan-singh-vaidh\server\node_modules\morgan\index.js:144:5)
    at Layer.handleRequest (C:\react project\x\the-karan-singh-vaidh\the-karan-singh-vaidh\server\node_modules\router\lib\layer.js:152:17)
    at trimPrefix (C:\react project\x\the-karan-singh-vaidh\the-karan-singh-vaidh\server\node_modules\router\index.js:342:13)
    at C:\react project\x\the-karan-singh-vaidh\the-karan-singh-vaidh\server\node_modules\router\index.js:297:9

[2026-04-15T17:06:03.344Z] 404 - Not Found - /socket.io/?EIO=4&transport=websocket
Error: Not Found - /socket.io/?EIO=4&transport=websocket
    at notFound (C:\react project\x\the-karan-singh-vaidh\the-karan-singh-vaidh\server\middleware\errorMiddleware.js:2:19)
    at Layer.handleRequest (C:\react project\x\the-karan-singh-vaidh\the-karan-singh-vaidh\server\node_modules\router\lib\layer.js:152:17)
    at trimPrefix (C:\react project\x\the-karan-singh-vaidh\the-karan-singh-vaidh\server\node_modules\router\index.js:342:13)
    at C:\react project\x\the-karan-singh-vaidh\the-karan-singh-vaidh\server\node_modules\router\index.js:297:9
    at processParams (C:\react project\x\the-karan-singh-vaidh\the-karan-singh-vaidh\server\node_modules\router\index.js:582:12)
    at next (C:\react project\x\the-karan-singh-vaidh\the-karan-singh-vaidh\server\node_modules\router\index.js:291:5)
    at logger (C:\react project\x\the-karan-singh-vaidh\the-karan-singh-vaidh\server\node_modules\morgan\index.js:144:5)
    at Layer.handleRequest (C:\react project\x\the-karan-singh-vaidh\the-karan-singh-vaidh\server\node_modules\router\lib\layer.js:152:17)
    at trimPrefix (C:\react project\x\the-karan-singh-vaidh\the-karan-singh-vaidh\server\node_modules\router\index.js:342:13)
    at C:\react project\x\the-karan-singh-vaidh\the-karan-singh-vaidh\server\node_modules\router\index.js:297:9

[2026-04-15T17:06:09.745Z] 404 - Not Found - /socket.io/?EIO=4&transport=websocket
Error: Not Found - /socket.io/?EIO=4&transport=websocket
    at notFound (C:\react project\x\the-karan-singh-vaidh\the-karan-singh-vaidh\server\middleware\errorMiddleware.js:2:19)
    at Layer.handleRequest (C:\react project\x\the-karan-singh-vaidh\the-karan-singh-vaidh\server\node_modules\router\lib\layer.js:152:17)
    at trimPrefix (C:\react project\x\the-karan-singh-vaidh\the-karan-singh-vaidh\server\node_modules\router\index.js:342:13)
    at C:\react project\x\the-karan-singh-vaidh\the-karan-singh-vaidh\server\node_modules\router\index.js:297:9
    at processParams (C:\react project\x\the-karan-singh-vaidh\the-karan-singh-vaidh\server\node_modules\router\index.js:582:12)
    at next (C:\react project\x\the-karan-singh-vaidh\the-karan-singh-vaidh\server\node_modules\router\index.js:291:5)
    at logger (C:\react project\x\the-karan-singh-vaidh\the-karan-singh-vaidh\server\node_modules\morgan\index.js:144:5)
    at Layer.handleRequest (C:\react project\x\the-karan-singh-vaidh\the-karan-singh-vaidh\server\node_modules\router\lib\layer.js:152:17)
    at trimPrefix (C:\react project\x\the-karan-singh-vaidh\the-karan-singh-vaidh\server\node_modules\router\index.js:342:13)
    at C:\react project\x\the-karan-singh-vaidh\the-karan-singh-vaidh\server\node_modules\router\index.js:297:9

[2026-04-15T17:06:15.966Z] 404 - Not Found - /socket.io/?EIO=4&transport=websocket
Error: Not Found - /socket.io/?EIO=4&transport=websocket
    at notFound (C:\react project\x\the-karan-singh-vaidh\the-karan-singh-vaidh\server\middleware\errorMiddleware.js:2:19)
    at Layer.handleRequest (C:\react project\x\the-karan-singh-vaidh\the-karan-singh-vaidh\server\node_modules\router\lib\layer.js:152:17)
    at trimPrefix (C:\react project\x\the-karan-singh-vaidh\the-karan-singh-vaidh\server\node_modules\router\index.js:342:13)
    at C:\react project\x\the-karan-singh-vaidh\the-karan-singh-vaidh\server\node_modules\router\index.js:297:9
    at processParams (C:\react project\x\the-karan-singh-vaidh\the-karan-singh-vaidh\server\node_modules\router\index.js:582:12)
    at next (C:\react project\x\the-karan-singh-vaidh\the-karan-singh-vaidh\server\node_modules\router\index.js:291:5)
    at logger (C:\react project\x\the-karan-singh-vaidh\the-karan-singh-vaidh\server\node_modules\morgan\index.js:144:5)
    at Layer.handleRequest (C:\react project\x\the-karan-singh-vaidh\the-karan-singh-vaidh\server\node_modules\router\lib\layer.js:152:17)
    at trimPrefix (C:\react project\x\the-karan-singh-vaidh\the-karan-singh-vaidh\server\node_modules\router\index.js:342:13)
    at C:\react project\x\the-karan-singh-vaidh\the-karan-singh-vaidh\server\node_modules\router\index.js:297:9

[2026-04-15T17:06:22.856Z] 404 - Not Found - /socket.io/?EIO=4&transport=websocket
Error: Not Found - /socket.io/?EIO=4&transport=websocket
    at notFound (C:\react project\x\the-karan-singh-vaidh\the-karan-singh-vaidh\server\middleware\errorMiddleware.js:2:19)
    at Layer.handleRequest (C:\react project\x\the-karan-singh-vaidh\the-karan-singh-vaidh\server\node_modules\router\lib\layer.js:152:17)
    at trimPrefix (C:\react project\x\the-karan-singh-vaidh\the-karan-singh-vaidh\server\node_modules\router\index.js:342:13)
    at C:\react project\x\the-karan-singh-vaidh\the-karan-singh-vaidh\server\node_modules\router\index.js:297:9
    at processParams (C:\react project\x\the-karan-singh-vaidh\the-karan-singh-vaidh\server\node_modules\router\index.js:582:12)
    at next (C:\react project\x\the-karan-singh-vaidh\the-karan-singh-vaidh\server\node_modules\router\index.js:291:5)
    at logger (C:\react project\x\the-karan-singh-vaidh\the-karan-singh-vaidh\server\node_modules\morgan\index.js:144:5)
    at Layer.handleRequest (C:\react project\x\the-karan-singh-vaidh\the-karan-singh-vaidh\server\node_modules\router\lib\layer.js:152:17)
    at trimPrefix (C:\react project\x\the-karan-singh-vaidh\the-karan-singh-vaidh\server\node_modules\router\index.js:342:13)
    at C:\react project\x\the-karan-singh-vaidh\the-karan-singh-vaidh\server\node_modules\router\index.js:297:9

[2026-04-15T17:06:32.232Z] 404 - Not Found - /socket.io/?EIO=4&transport=websocket
Error: Not Found - /socket.io/?EIO=4&transport=websocket
    at notFound (C:\react project\x\the-karan-singh-vaidh\the-karan-singh-vaidh\server\middleware\errorMiddleware.js:2:19)
    at Layer.handleRequest (C:\react project\x\the-karan-singh-vaidh\the-karan-singh-vaidh\server\node_modules\router\lib\layer.js:152:17)
    at trimPrefix (C:\react project\x\the-karan-singh-vaidh\the-karan-singh-vaidh\server\node_modules\router\index.js:342:13)
    at C:\react project\x\the-karan-singh-vaidh\the-karan-singh-vaidh\server\node_modules\router\index.js:297:9
    at processParams (C:\react project\x\the-karan-singh-vaidh\the-karan-singh-vaidh\server\node_modules\router\index.js:582:12)
    at next (C:\react project\x\the-karan-singh-vaidh\the-karan-singh-vaidh\server\node_modules\router\index.js:291:5)
    at logger (C:\react project\x\the-karan-singh-vaidh\the-karan-singh-vaidh\server\node_modules\morgan\index.js:144:5)
    at Layer.handleRequest (C:\react project\x\the-karan-singh-vaidh\the-karan-singh-vaidh\server\node_modules\router\lib\layer.js:152:17)
    at trimPrefix (C:\react project\x\the-karan-singh-vaidh\the-karan-singh-vaidh\server\node_modules\router\index.js:342:13)
    at C:\react project\x\the-karan-singh-vaidh\the-karan-singh-vaidh\server\node_modules\router\index.js:297:9

[2026-04-15T17:06:43.046Z] 404 - Not Found - /socket.io/?EIO=4&transport=websocket
Error: Not Found - /socket.io/?EIO=4&transport=websocket
    at notFound (C:\react project\x\the-karan-singh-vaidh\the-karan-singh-vaidh\server\middleware\errorMiddleware.js:2:19)
    at Layer.handleRequest (C:\react project\x\the-karan-singh-vaidh\the-karan-singh-vaidh\server\node_modules\router\lib\layer.js:152:17)
    at trimPrefix (C:\react project\x\the-karan-singh-vaidh\the-karan-singh-vaidh\server\node_modules\router\index.js:342:13)
    at C:\react project\x\the-karan-singh-vaidh\the-karan-singh-vaidh\server\node_modules\router\index.js:297:9
    at processParams (C:\react project\x\the-karan-singh-vaidh\the-karan-singh-vaidh\server\node_modules\router\index.js:582:12)
    at next (C:\react project\x\the-karan-singh-vaidh\the-karan-singh-vaidh\server\node_modules\router\index.js:291:5)
    at logger (C:\react project\x\the-karan-singh-vaidh\the-karan-singh-vaidh\server\node_modules\morgan\index.js:144:5)
    at Layer.handleRequest (C:\react project\x\the-karan-singh-vaidh\the-karan-singh-vaidh\server\node_modules\router\lib\layer.js:152:17)
    at trimPrefix (C:\react project\x\the-karan-singh-vaidh\the-karan-singh-vaidh\server\node_modules\router\index.js:342:13)
    at C:\react project\x\the-karan-singh-vaidh\the-karan-singh-vaidh\server\node_modules\router\index.js:297:9

[2026-04-15T17:06:51.273Z] 404 - Not Found - /socket.io/?EIO=4&transport=websocket
Error: Not Found - /socket.io/?EIO=4&transport=websocket
    at notFound (C:\react project\x\the-karan-singh-vaidh\the-karan-singh-vaidh\server\middleware\errorMiddleware.js:2:19)
    at Layer.handleRequest (C:\react project\x\the-karan-singh-vaidh\the-karan-singh-vaidh\server\node_modules\router\lib\layer.js:152:17)
    at trimPrefix (C:\react project\x\the-karan-singh-vaidh\the-karan-singh-vaidh\server\node_modules\router\index.js:342:13)
    at C:\react project\x\the-karan-singh-vaidh\the-karan-singh-vaidh\server\node_modules\router\index.js:297:9
    at processParams (C:\react project\x\the-karan-singh-vaidh\the-karan-singh-vaidh\server\node_modules\router\index.js:582:12)
    at next (C:\react project\x\the-karan-singh-vaidh\the-karan-singh-vaidh\server\node_modules\router\index.js:291:5)
    at logger (C:\react project\x\the-karan-singh-vaidh\the-karan-singh-vaidh\server\node_modules\morgan\index.js:144:5)
    at Layer.handleRequest (C:\react project\x\the-karan-singh-vaidh\the-karan-singh-vaidh\server\node_modules\router\lib\layer.js:152:17)
    at trimPrefix (C:\react project\x\the-karan-singh-vaidh\the-karan-singh-vaidh\server\node_modules\router\index.js:342:13)
    at C:\react project\x\the-karan-singh-vaidh\the-karan-singh-vaidh\server\node_modules\router\index.js:297:9

[2026-04-15T17:06:59.931Z] 404 - Not Found - /socket.io/?EIO=4&transport=websocket
Error: Not Found - /socket.io/?EIO=4&transport=websocket
    at notFound (C:\react project\x\the-karan-singh-vaidh\the-karan-singh-vaidh\server\middleware\errorMiddleware.js:2:19)
    at Layer.handleRequest (C:\react project\x\the-karan-singh-vaidh\the-karan-singh-vaidh\server\node_modules\router\lib\layer.js:152:17)
    at trimPrefix (C:\react project\x\the-karan-singh-vaidh\the-karan-singh-vaidh\server\node_modules\router\index.js:342:13)
    at C:\react project\x\the-karan-singh-vaidh\the-karan-singh-vaidh\server\node_modules\router\index.js:297:9
    at processParams (C:\react project\x\the-karan-singh-vaidh\the-karan-singh-vaidh\server\node_modules\router\index.js:582:12)
    at next (C:\react project\x\the-karan-singh-vaidh\the-karan-singh-vaidh\server\node_modules\router\index.js:291:5)
    at logger (C:\react project\x\the-karan-singh-vaidh\the-karan-singh-vaidh\server\node_modules\morgan\index.js:144:5)
    at Layer.handleRequest (C:\react project\x\the-karan-singh-vaidh\the-karan-singh-vaidh\server\node_modules\router\lib\layer.js:152:17)
    at trimPrefix (C:\react project\x\the-karan-singh-vaidh\the-karan-singh-vaidh\server\node_modules\router\index.js:342:13)
    at C:\react project\x\the-karan-singh-vaidh\the-karan-singh-vaidh\server\node_modules\router\index.js:297:9

[2026-04-15T17:07:07.483Z] 404 - Not Found - /socket.io/?EIO=4&transport=websocket
Error: Not Found - /socket.io/?EIO=4&transport=websocket
    at notFound (C:\react project\x\the-karan-singh-vaidh\the-karan-singh-vaidh\server\middleware\errorMiddleware.js:2:19)
    at Layer.handleRequest (C:\react project\x\the-karan-singh-vaidh\the-karan-singh-vaidh\server\node_modules\router\lib\layer.js:152:17)
    at trimPrefix (C:\react project\x\the-karan-singh-vaidh\the-karan-singh-vaidh\server\node_modules\router\index.js:342:13)
    at C:\react project\x\the-karan-singh-vaidh\the-karan-singh-vaidh\server\node_modules\router\index.js:297:9
    at processParams (C:\react project\x\the-karan-singh-vaidh\the-karan-singh-vaidh\server\node_modules\router\index.js:582:12)
    at next (C:\react project\x\the-karan-singh-vaidh\the-karan-singh-vaidh\server\node_modules\router\index.js:291:5)
    at logger (C:\react project\x\the-karan-singh-vaidh\the-karan-singh-vaidh\server\node_modules\morgan\index.js:144:5)
    at Layer.handleRequest (C:\react project\x\the-karan-singh-vaidh\the-karan-singh-vaidh\server\node_modules\router\lib\layer.js:152:17)
    at trimPrefix (C:\react project\x\the-karan-singh-vaidh\the-karan-singh-vaidh\server\node_modules\router\index.js:342:13)
    at C:\react project\x\the-karan-singh-vaidh\the-karan-singh-vaidh\server\node_modules\router\index.js:297:9

[2026-04-15T17:07:16.934Z] 404 - Not Found - /socket.io/?EIO=4&transport=websocket
Error: Not Found - /socket.io/?EIO=4&transport=websocket
    at notFound (C:\react project\x\the-karan-singh-vaidh\the-karan-singh-vaidh\server\middleware\errorMiddleware.js:2:19)
    at Layer.handleRequest (C:\react project\x\the-karan-singh-vaidh\the-karan-singh-vaidh\server\node_modules\router\lib\layer.js:152:17)
    at trimPrefix (C:\react project\x\the-karan-singh-vaidh\the-karan-singh-vaidh\server\node_modules\router\index.js:342:13)
    at C:\react project\x\the-karan-singh-vaidh\the-karan-singh-vaidh\server\node_modules\router\index.js:297:9
    at processParams (C:\react project\x\the-karan-singh-vaidh\the-karan-singh-vaidh\server\node_modules\router\index.js:582:12)
    at next (C:\react project\x\the-karan-singh-vaidh\the-karan-singh-vaidh\server\node_modules\router\index.js:291:5)
    at logger (C:\react project\x\the-karan-singh-vaidh\the-karan-singh-vaidh\server\node_modules\morgan\index.js:144:5)
    at Layer.handleRequest (C:\react project\x\the-karan-singh-vaidh\the-karan-singh-vaidh\server\node_modules\router\lib\layer.js:152:17)
    at trimPrefix (C:\react project\x\the-karan-singh-vaidh\the-karan-singh-vaidh\server\node_modules\router\index.js:342:13)
    at C:\react project\x\the-karan-singh-vaidh\the-karan-singh-vaidh\server\node_modules\router\index.js:297:9

[2026-04-15T17:07:25.529Z] 404 - Not Found - /socket.io/?EIO=4&transport=websocket
Error: Not Found - /socket.io/?EIO=4&transport=websocket
    at notFound (C:\react project\x\the-karan-singh-vaidh\the-karan-singh-vaidh\server\middleware\errorMiddleware.js:2:19)
    at Layer.handleRequest (C:\react project\x\the-karan-singh-vaidh\the-karan-singh-vaidh\server\node_modules\router\lib\layer.js:152:17)
    at trimPrefix (C:\react project\x\the-karan-singh-vaidh\the-karan-singh-vaidh\server\node_modules\router\index.js:342:13)
    at C:\react project\x\the-karan-singh-vaidh\the-karan-singh-vaidh\server\node_modules\router\index.js:297:9
    at processParams (C:\react project\x\the-karan-singh-vaidh\the-karan-singh-vaidh\server\node_modules\router\index.js:582:12)
    at next (C:\react project\x\the-karan-singh-vaidh\the-karan-singh-vaidh\server\node_modules\router\index.js:291:5)
    at logger (C:\react project\x\the-karan-singh-vaidh\the-karan-singh-vaidh\server\node_modules\morgan\index.js:144:5)
    at Layer.handleRequest (C:\react project\x\the-karan-singh-vaidh\the-karan-singh-vaidh\server\node_modules\router\lib\layer.js:152:17)
    at trimPrefix (C:\react project\x\the-karan-singh-vaidh\the-karan-singh-vaidh\server\node_modules\router\index.js:342:13)
    at C:\react project\x\the-karan-singh-vaidh\the-karan-singh-vaidh\server\node_modules\router\index.js:297:9

[2026-04-15T17:07:35.381Z] 404 - Not Found - /socket.io/?EIO=4&transport=websocket
Error: Not Found - /socket.io/?EIO=4&transport=websocket
    at notFound (C:\react project\x\the-karan-singh-vaidh\the-karan-singh-vaidh\server\middleware\errorMiddleware.js:2:19)
    at Layer.handleRequest (C:\react project\x\the-karan-singh-vaidh\the-karan-singh-vaidh\server\node_modules\router\lib\layer.js:152:17)
    at trimPrefix (C:\react project\x\the-karan-singh-vaidh\the-karan-singh-vaidh\server\node_modules\router\index.js:342:13)
    at C:\react project\x\the-karan-singh-vaidh\the-karan-singh-vaidh\server\node_modules\router\index.js:297:9
    at processParams (C:\react project\x\the-karan-singh-vaidh\the-karan-singh-vaidh\server\node_modules\router\index.js:582:12)
    at next (C:\react project\x\the-karan-singh-vaidh\the-karan-singh-vaidh\server\node_modules\router\index.js:291:5)
    at logger (C:\react project\x\the-karan-singh-vaidh\the-karan-singh-vaidh\server\node_modules\morgan\index.js:144:5)
    at Layer.handleRequest (C:\react project\x\the-karan-singh-vaidh\the-karan-singh-vaidh\server\node_modules\router\lib\layer.js:152:17)
    at trimPrefix (C:\react project\x\the-karan-singh-vaidh\the-karan-singh-vaidh\server\node_modules\router\index.js:342:13)
    at C:\react project\x\the-karan-singh-vaidh\the-karan-singh-vaidh\server\node_modules\router\index.js:297:9

[2026-04-15T17:07:45.291Z] 404 - Not Found - /socket.io/?EIO=4&transport=websocket
Error: Not Found - /socket.io/?EIO=4&transport=websocket
    at notFound (C:\react project\x\the-karan-singh-vaidh\the-karan-singh-vaidh\server\middleware\errorMiddleware.js:2:19)
    at Layer.handleRequest (C:\react project\x\the-karan-singh-vaidh\the-karan-singh-vaidh\server\node_modules\router\lib\layer.js:152:17)
    at trimPrefix (C:\react project\x\the-karan-singh-vaidh\the-karan-singh-vaidh\server\node_modules\router\index.js:342:13)
    at C:\react project\x\the-karan-singh-vaidh\the-karan-singh-vaidh\server\node_modules\router\index.js:297:9
    at processParams (C:\react project\x\the-karan-singh-vaidh\the-karan-singh-vaidh\server\node_modules\router\index.js:582:12)
    at next (C:\react project\x\the-karan-singh-vaidh\the-karan-singh-vaidh\server\node_modules\router\index.js:291:5)
    at logger (C:\react project\x\the-karan-singh-vaidh\the-karan-singh-vaidh\server\node_modules\morgan\index.js:144:5)
    at Layer.handleRequest (C:\react project\x\the-karan-singh-vaidh\the-karan-singh-vaidh\server\node_modules\router\lib\layer.js:152:17)
    at trimPrefix (C:\react project\x\the-karan-singh-vaidh\the-karan-singh-vaidh\server\node_modules\router\index.js:342:13)
    at C:\react project\x\the-karan-singh-vaidh\the-karan-singh-vaidh\server\node_modules\router\index.js:297:9

[2026-04-15T17:07:55.558Z] 404 - Not Found - /socket.io/?EIO=4&transport=websocket
Error: Not Found - /socket.io/?EIO=4&transport=websocket
    at notFound (C:\react project\x\the-karan-singh-vaidh\the-karan-singh-vaidh\server\middleware\errorMiddleware.js:2:19)
    at Layer.handleRequest (C:\react project\x\the-karan-singh-vaidh\the-karan-singh-vaidh\server\node_modules\router\lib\layer.js:152:17)
    at trimPrefix (C:\react project\x\the-karan-singh-vaidh\the-karan-singh-vaidh\server\node_modules\router\index.js:342:13)
    at C:\react project\x\the-karan-singh-vaidh\the-karan-singh-vaidh\server\node_modules\router\index.js:297:9
    at processParams (C:\react project\x\the-karan-singh-vaidh\the-karan-singh-vaidh\server\node_modules\router\index.js:582:12)
    at next (C:\react project\x\the-karan-singh-vaidh\the-karan-singh-vaidh\server\node_modules\router\index.js:291:5)
    at logger (C:\react project\x\the-karan-singh-vaidh\the-karan-singh-vaidh\server\node_modules\morgan\index.js:144:5)
    at Layer.handleRequest (C:\react project\x\the-karan-singh-vaidh\the-karan-singh-vaidh\server\node_modules\router\lib\layer.js:152:17)
    at trimPrefix (C:\react project\x\the-karan-singh-vaidh\the-karan-singh-vaidh\server\node_modules\router\index.js:342:13)
    at C:\react project\x\the-karan-singh-vaidh\the-karan-singh-vaidh\server\node_modules\router\index.js:297:9

[2026-04-15T17:08:04.738Z] 404 - Not Found - /socket.io/?EIO=4&transport=websocket
Error: Not Found - /socket.io/?EIO=4&transport=websocket
    at notFound (C:\react project\x\the-karan-singh-vaidh\the-karan-singh-vaidh\server\middleware\errorMiddleware.js:2:19)
    at Layer.handleRequest (C:\react project\x\the-karan-singh-vaidh\the-karan-singh-vaidh\server\node_modules\router\lib\layer.js:152:17)
    at trimPrefix (C:\react project\x\the-karan-singh-vaidh\the-karan-singh-vaidh\server\node_modules\router\index.js:342:13)
    at C:\react project\x\the-karan-singh-vaidh\the-karan-singh-vaidh\server\node_modules\router\index.js:297:9
    at processParams (C:\react project\x\the-karan-singh-vaidh\the-karan-singh-vaidh\server\node_modules\router\index.js:582:12)
    at next (C:\react project\x\the-karan-singh-vaidh\the-karan-singh-vaidh\server\node_modules\router\index.js:291:5)
    at logger (C:\react project\x\the-karan-singh-vaidh\the-karan-singh-vaidh\server\node_modules\morgan\index.js:144:5)
    at Layer.handleRequest (C:\react project\x\the-karan-singh-vaidh\the-karan-singh-vaidh\server\node_modules\router\lib\layer.js:152:17)
    at trimPrefix (C:\react project\x\the-karan-singh-vaidh\the-karan-singh-vaidh\server\node_modules\router\index.js:342:13)
    at C:\react project\x\the-karan-singh-vaidh\the-karan-singh-vaidh\server\node_modules\router\index.js:297:9

[2026-04-15T17:08:14.220Z] 404 - Not Found - /socket.io/?EIO=4&transport=websocket
Error: Not Found - /socket.io/?EIO=4&transport=websocket
    at notFound (C:\react project\x\the-karan-singh-vaidh\the-karan-singh-vaidh\server\middleware\errorMiddleware.js:2:19)
    at Layer.handleRequest (C:\react project\x\the-karan-singh-vaidh\the-karan-singh-vaidh\server\node_modules\router\lib\layer.js:152:17)
    at trimPrefix (C:\react project\x\the-karan-singh-vaidh\the-karan-singh-vaidh\server\node_modules\router\index.js:342:13)
    at C:\react project\x\the-karan-singh-vaidh\the-karan-singh-vaidh\server\node_modules\router\index.js:297:9
    at processParams (C:\react project\x\the-karan-singh-vaidh\the-karan-singh-vaidh\server\node_modules\router\index.js:582:12)
    at next (C:\react project\x\the-karan-singh-vaidh\the-karan-singh-vaidh\server\node_modules\router\index.js:291:5)
    at logger (C:\react project\x\the-karan-singh-vaidh\the-karan-singh-vaidh\server\node_modules\morgan\index.js:144:5)
    at Layer.handleRequest (C:\react project\x\the-karan-singh-vaidh\the-karan-singh-vaidh\server\node_modules\router\lib\layer.js:152:17)
    at trimPrefix (C:\react project\x\the-karan-singh-vaidh\the-karan-singh-vaidh\server\node_modules\router\index.js:342:13)
    at C:\react project\x\the-karan-singh-vaidh\the-karan-singh-vaidh\server\node_modules\router\index.js:297:9

[2026-04-15T17:08:22.824Z] 404 - Not Found - /socket.io/?EIO=4&transport=websocket
Error: Not Found - /socket.io/?EIO=4&transport=websocket
    at notFound (C:\react project\x\the-karan-singh-vaidh\the-karan-singh-vaidh\server\middleware\errorMiddleware.js:2:19)
    at Layer.handleRequest (C:\react project\x\the-karan-singh-vaidh\the-karan-singh-vaidh\server\node_modules\router\lib\layer.js:152:17)
    at trimPrefix (C:\react project\x\the-karan-singh-vaidh\the-karan-singh-vaidh\server\node_modules\router\index.js:342:13)
    at C:\react project\x\the-karan-singh-vaidh\the-karan-singh-vaidh\server\node_modules\router\index.js:297:9
    at processParams (C:\react project\x\the-karan-singh-vaidh\the-karan-singh-vaidh\server\node_modules\router\index.js:582:12)
    at next (C:\react project\x\the-karan-singh-vaidh\the-karan-singh-vaidh\server\node_modules\router\index.js:291:5)
    at logger (C:\react project\x\the-karan-singh-vaidh\the-karan-singh-vaidh\server\node_modules\morgan\index.js:144:5)
    at Layer.handleRequest (C:\react project\x\the-karan-singh-vaidh\the-karan-singh-vaidh\server\node_modules\router\lib\layer.js:152:17)
    at trimPrefix (C:\react project\x\the-karan-singh-vaidh\the-karan-singh-vaidh\server\node_modules\router\index.js:342:13)
    at C:\react project\x\the-karan-singh-vaidh\the-karan-singh-vaidh\server\node_modules\router\index.js:297:9

[2026-04-15T17:08:30.023Z] 404 - Not Found - /socket.io/?EIO=4&transport=websocket
Error: Not Found - /socket.io/?EIO=4&transport=websocket
    at notFound (C:\react project\x\the-karan-singh-vaidh\the-karan-singh-vaidh\server\middleware\errorMiddleware.js:2:19)
    at Layer.handleRequest (C:\react project\x\the-karan-singh-vaidh\the-karan-singh-vaidh\server\node_modules\router\lib\layer.js:152:17)
    at trimPrefix (C:\react project\x\the-karan-singh-vaidh\the-karan-singh-vaidh\server\node_modules\router\index.js:342:13)
    at C:\react project\x\the-karan-singh-vaidh\the-karan-singh-vaidh\server\node_modules\router\index.js:297:9
    at processParams (C:\react project\x\the-karan-singh-vaidh\the-karan-singh-vaidh\server\node_modules\router\index.js:582:12)
    at next (C:\react project\x\the-karan-singh-vaidh\the-karan-singh-vaidh\server\node_modules\router\index.js:291:5)
    at logger (C:\react project\x\the-karan-singh-vaidh\the-karan-singh-vaidh\server\node_modules\morgan\index.js:144:5)
    at Layer.handleRequest (C:\react project\x\the-karan-singh-vaidh\the-karan-singh-vaidh\server\node_modules\router\lib\layer.js:152:17)
    at trimPrefix (C:\react project\x\the-karan-singh-vaidh\the-karan-singh-vaidh\server\node_modules\router\index.js:342:13)
    at C:\react project\x\the-karan-singh-vaidh\the-karan-singh-vaidh\server\node_modules\router\index.js:297:9

[2026-04-15T17:08:39.770Z] 404 - Not Found - /socket.io/?EIO=4&transport=websocket
Error: Not Found - /socket.io/?EIO=4&transport=websocket
    at notFound (C:\react project\x\the-karan-singh-vaidh\the-karan-singh-vaidh\server\middleware\errorMiddleware.js:2:19)
    at Layer.handleRequest (C:\react project\x\the-karan-singh-vaidh\the-karan-singh-vaidh\server\node_modules\router\lib\layer.js:152:17)
    at trimPrefix (C:\react project\x\the-karan-singh-vaidh\the-karan-singh-vaidh\server\node_modules\router\index.js:342:13)
    at C:\react project\x\the-karan-singh-vaidh\the-karan-singh-vaidh\server\node_modules\router\index.js:297:9
    at processParams (C:\react project\x\the-karan-singh-vaidh\the-karan-singh-vaidh\server\node_modules\router\index.js:582:12)
    at next (C:\react project\x\the-karan-singh-vaidh\the-karan-singh-vaidh\server\node_modules\router\index.js:291:5)
    at logger (C:\react project\x\the-karan-singh-vaidh\the-karan-singh-vaidh\server\node_modules\morgan\index.js:144:5)
    at Layer.handleRequest (C:\react project\x\the-karan-singh-vaidh\the-karan-singh-vaidh\server\node_modules\router\lib\layer.js:152:17)
    at trimPrefix (C:\react project\x\the-karan-singh-vaidh\the-karan-singh-vaidh\server\node_modules\router\index.js:342:13)
    at C:\react project\x\the-karan-singh-vaidh\the-karan-singh-vaidh\server\node_modules\router\index.js:297:9

[2026-04-15T17:08:48.169Z] 404 - Not Found - /socket.io/?EIO=4&transport=websocket
Error: Not Found - /socket.io/?EIO=4&transport=websocket
    at notFound (C:\react project\x\the-karan-singh-vaidh\the-karan-singh-vaidh\server\middleware\errorMiddleware.js:2:19)
    at Layer.handleRequest (C:\react project\x\the-karan-singh-vaidh\the-karan-singh-vaidh\server\node_modules\router\lib\layer.js:152:17)
    at trimPrefix (C:\react project\x\the-karan-singh-vaidh\the-karan-singh-vaidh\server\node_modules\router\index.js:342:13)
    at C:\react project\x\the-karan-singh-vaidh\the-karan-singh-vaidh\server\node_modules\router\index.js:297:9
    at processParams (C:\react project\x\the-karan-singh-vaidh\the-karan-singh-vaidh\server\node_modules\router\index.js:582:12)
    at next (C:\react project\x\the-karan-singh-vaidh\the-karan-singh-vaidh\server\node_modules\router\index.js:291:5)
    at logger (C:\react project\x\the-karan-singh-vaidh\the-karan-singh-vaidh\server\node_modules\morgan\index.js:144:5)
    at Layer.handleRequest (C:\react project\x\the-karan-singh-vaidh\the-karan-singh-vaidh\server\node_modules\router\lib\layer.js:152:17)
    at trimPrefix (C:\react project\x\the-karan-singh-vaidh\the-karan-singh-vaidh\server\node_modules\router\index.js:342:13)
    at C:\react project\x\the-karan-singh-vaidh\the-karan-singh-vaidh\server\node_modules\router\index.js:297:9

[2026-04-15T17:08:54.168Z] 404 - Not Found - /socket.io/?EIO=4&transport=websocket
Error: Not Found - /socket.io/?EIO=4&transport=websocket
    at notFound (C:\react project\x\the-karan-singh-vaidh\the-karan-singh-vaidh\server\middleware\errorMiddleware.js:2:19)
    at Layer.handleRequest (C:\react project\x\the-karan-singh-vaidh\the-karan-singh-vaidh\server\node_modules\router\lib\layer.js:152:17)
    at trimPrefix (C:\react project\x\the-karan-singh-vaidh\the-karan-singh-vaidh\server\node_modules\router\index.js:342:13)
    at C:\react project\x\the-karan-singh-vaidh\the-karan-singh-vaidh\server\node_modules\router\index.js:297:9
    at processParams (C:\react project\x\the-karan-singh-vaidh\the-karan-singh-vaidh\server\node_modules\router\index.js:582:12)
    at next (C:\react project\x\the-karan-singh-vaidh\the-karan-singh-vaidh\server\node_modules\router\index.js:291:5)
    at logger (C:\react project\x\the-karan-singh-vaidh\the-karan-singh-vaidh\server\node_modules\morgan\index.js:144:5)
    at Layer.handleRequest (C:\react project\x\the-karan-singh-vaidh\the-karan-singh-vaidh\server\node_modules\router\lib\layer.js:152:17)
    at trimPrefix (C:\react project\x\the-karan-singh-vaidh\the-karan-singh-vaidh\server\node_modules\router\index.js:342:13)
    at C:\react project\x\the-karan-singh-vaidh\the-karan-singh-vaidh\server\node_modules\router\index.js:297:9

[2026-04-15T17:09:00.158Z] 404 - Not Found - /socket.io/?EIO=4&transport=websocket
Error: Not Found - /socket.io/?EIO=4&transport=websocket
    at notFound (C:\react project\x\the-karan-singh-vaidh\the-karan-singh-vaidh\server\middleware\errorMiddleware.js:2:19)
    at Layer.handleRequest (C:\react project\x\the-karan-singh-vaidh\the-karan-singh-vaidh\server\node_modules\router\lib\layer.js:152:17)
    at trimPrefix (C:\react project\x\the-karan-singh-vaidh\the-karan-singh-vaidh\server\node_modules\router\index.js:342:13)
    at C:\react project\x\the-karan-singh-vaidh\the-karan-singh-vaidh\server\node_modules\router\index.js:297:9
    at processParams (C:\react project\x\the-karan-singh-vaidh\the-karan-singh-vaidh\server\node_modules\router\index.js:582:12)
    at next (C:\react project\x\the-karan-singh-vaidh\the-karan-singh-vaidh\server\node_modules\router\index.js:291:5)
    at logger (C:\react project\x\the-karan-singh-vaidh\the-karan-singh-vaidh\server\node_modules\morgan\index.js:144:5)
    at Layer.handleRequest (C:\react project\x\the-karan-singh-vaidh\the-karan-singh-vaidh\server\node_modules\router\lib\layer.js:152:17)
    at trimPrefix (C:\react project\x\the-karan-singh-vaidh\the-karan-singh-vaidh\server\node_modules\router\index.js:342:13)
    at C:\react project\x\the-karan-singh-vaidh\the-karan-singh-vaidh\server\node_modules\router\index.js:297:9

[2026-04-15T17:09:06.164Z] 404 - Not Found - /socket.io/?EIO=4&transport=websocket
Error: Not Found - /socket.io/?EIO=4&transport=websocket
    at notFound (C:\react project\x\the-karan-singh-vaidh\the-karan-singh-vaidh\server\middleware\errorMiddleware.js:2:19)
    at Layer.handleRequest (C:\react project\x\the-karan-singh-vaidh\the-karan-singh-vaidh\server\node_modules\router\lib\layer.js:152:17)
    at trimPrefix (C:\react project\x\the-karan-singh-vaidh\the-karan-singh-vaidh\server\node_modules\router\index.js:342:13)
    at C:\react project\x\the-karan-singh-vaidh\the-karan-singh-vaidh\server\node_modules\router\index.js:297:9
    at processParams (C:\react project\x\the-karan-singh-vaidh\the-karan-singh-vaidh\server\node_modules\router\index.js:582:12)
    at next (C:\react project\x\the-karan-singh-vaidh\the-karan-singh-vaidh\server\node_modules\router\index.js:291:5)
    at logger (C:\react project\x\the-karan-singh-vaidh\the-karan-singh-vaidh\server\node_modules\morgan\index.js:144:5)
    at Layer.handleRequest (C:\react project\x\the-karan-singh-vaidh\the-karan-singh-vaidh\server\node_modules\router\lib\layer.js:152:17)
    at trimPrefix (C:\react project\x\the-karan-singh-vaidh\the-karan-singh-vaidh\server\node_modules\router\index.js:342:13)
    at C:\react project\x\the-karan-singh-vaidh\the-karan-singh-vaidh\server\node_modules\router\index.js:297:9

[2026-04-15T17:09:12.160Z] 404 - Not Found - /socket.io/?EIO=4&transport=websocket
Error: Not Found - /socket.io/?EIO=4&transport=websocket
    at notFound (C:\react project\x\the-karan-singh-vaidh\the-karan-singh-vaidh\server\middleware\errorMiddleware.js:2:19)
    at Layer.handleRequest (C:\react project\x\the-karan-singh-vaidh\the-karan-singh-vaidh\server\node_modules\router\lib\layer.js:152:17)
    at trimPrefix (C:\react project\x\the-karan-singh-vaidh\the-karan-singh-vaidh\server\node_modules\router\index.js:342:13)
    at C:\react project\x\the-karan-singh-vaidh\the-karan-singh-vaidh\server\node_modules\router\index.js:297:9
    at processParams (C:\react project\x\the-karan-singh-vaidh\the-karan-singh-vaidh\server\node_modules\router\index.js:582:12)
    at next (C:\react project\x\the-karan-singh-vaidh\the-karan-singh-vaidh\server\node_modules\router\index.js:291:5)
    at logger (C:\react project\x\the-karan-singh-vaidh\the-karan-singh-vaidh\server\node_modules\morgan\index.js:144:5)
    at Layer.handleRequest (C:\react project\x\the-karan-singh-vaidh\the-karan-singh-vaidh\server\node_modules\router\lib\layer.js:152:17)
    at trimPrefix (C:\react project\x\the-karan-singh-vaidh\the-karan-singh-vaidh\server\node_modules\router\index.js:342:13)
    at C:\react project\x\the-karan-singh-vaidh\the-karan-singh-vaidh\server\node_modules\router\index.js:297:9

[2026-04-15T17:09:18.167Z] 404 - Not Found - /socket.io/?EIO=4&transport=websocket
Error: Not Found - /socket.io/?EIO=4&transport=websocket
    at notFound (C:\react project\x\the-karan-singh-vaidh\the-karan-singh-vaidh\server\middleware\errorMiddleware.js:2:19)
    at Layer.handleRequest (C:\react project\x\the-karan-singh-vaidh\the-karan-singh-vaidh\server\node_modules\router\lib\layer.js:152:17)
    at trimPrefix (C:\react project\x\the-karan-singh-vaidh\the-karan-singh-vaidh\server\node_modules\router\index.js:342:13)
    at C:\react project\x\the-karan-singh-vaidh\the-karan-singh-vaidh\server\node_modules\router\index.js:297:9
    at processParams (C:\react project\x\the-karan-singh-vaidh\the-karan-singh-vaidh\server\node_modules\router\index.js:582:12)
    at next (C:\react project\x\the-karan-singh-vaidh\the-karan-singh-vaidh\server\node_modules\router\index.js:291:5)
    at logger (C:\react project\x\the-karan-singh-vaidh\the-karan-singh-vaidh\server\node_modules\morgan\index.js:144:5)
    at Layer.handleRequest (C:\react project\x\the-karan-singh-vaidh\the-karan-singh-vaidh\server\node_modules\router\lib\layer.js:152:17)
    at trimPrefix (C:\react project\x\the-karan-singh-vaidh\the-karan-singh-vaidh\server\node_modules\router\index.js:342:13)
    at C:\react project\x\the-karan-singh-vaidh\the-karan-singh-vaidh\server\node_modules\router\index.js:297:9

[2026-04-15T17:09:24.174Z] 404 - Not Found - /socket.io/?EIO=4&transport=websocket
Error: Not Found - /socket.io/?EIO=4&transport=websocket
    at notFound (C:\react project\x\the-karan-singh-vaidh\the-karan-singh-vaidh\server\middleware\errorMiddleware.js:2:19)
    at Layer.handleRequest (C:\react project\x\the-karan-singh-vaidh\the-karan-singh-vaidh\server\node_modules\router\lib\layer.js:152:17)
    at trimPrefix (C:\react project\x\the-karan-singh-vaidh\the-karan-singh-vaidh\server\node_modules\router\index.js:342:13)
    at C:\react project\x\the-karan-singh-vaidh\the-karan-singh-vaidh\server\node_modules\router\index.js:297:9
    at processParams (C:\react project\x\the-karan-singh-vaidh\the-karan-singh-vaidh\server\node_modules\router\index.js:582:12)
    at next (C:\react project\x\the-karan-singh-vaidh\the-karan-singh-vaidh\server\node_modules\router\index.js:291:5)
    at logger (C:\react project\x\the-karan-singh-vaidh\the-karan-singh-vaidh\server\node_modules\morgan\index.js:144:5)
    at Layer.handleRequest (C:\react project\x\the-karan-singh-vaidh\the-karan-singh-vaidh\server\node_modules\router\lib\layer.js:152:17)
    at trimPrefix (C:\react project\x\the-karan-singh-vaidh\the-karan-singh-vaidh\server\node_modules\router\index.js:342:13)
    at C:\react project\x\the-karan-singh-vaidh\the-karan-singh-vaidh\server\node_modules\router\index.js:297:9

[2026-04-15T17:09:30.167Z] 404 - Not Found - /socket.io/?EIO=4&transport=websocket
Error: Not Found - /socket.io/?EIO=4&transport=websocket
    at notFound (C:\react project\x\the-karan-singh-vaidh\the-karan-singh-vaidh\server\middleware\errorMiddleware.js:2:19)
    at Layer.handleRequest (C:\react project\x\the-karan-singh-vaidh\the-karan-singh-vaidh\server\node_modules\router\lib\layer.js:152:17)
    at trimPrefix (C:\react project\x\the-karan-singh-vaidh\the-karan-singh-vaidh\server\node_modules\router\index.js:342:13)
    at C:\react project\x\the-karan-singh-vaidh\the-karan-singh-vaidh\server\node_modules\router\index.js:297:9
    at processParams (C:\react project\x\the-karan-singh-vaidh\the-karan-singh-vaidh\server\node_modules\router\index.js:582:12)
    at next (C:\react project\x\the-karan-singh-vaidh\the-karan-singh-vaidh\server\node_modules\router\index.js:291:5)
    at logger (C:\react project\x\the-karan-singh-vaidh\the-karan-singh-vaidh\server\node_modules\morgan\index.js:144:5)
    at Layer.handleRequest (C:\react project\x\the-karan-singh-vaidh\the-karan-singh-vaidh\server\node_modules\router\lib\layer.js:152:17)
    at trimPrefix (C:\react project\x\the-karan-singh-vaidh\the-karan-singh-vaidh\server\node_modules\router\index.js:342:13)
    at C:\react project\x\the-karan-singh-vaidh\the-karan-singh-vaidh\server\node_modules\router\index.js:297:9

[2026-04-15T17:09:36.177Z] 404 - Not Found - /socket.io/?EIO=4&transport=websocket
Error: Not Found - /socket.io/?EIO=4&transport=websocket
    at notFound (C:\react project\x\the-karan-singh-vaidh\the-karan-singh-vaidh\server\middleware\errorMiddleware.js:2:19)
    at Layer.handleRequest (C:\react project\x\the-karan-singh-vaidh\the-karan-singh-vaidh\server\node_modules\router\lib\layer.js:152:17)
    at trimPrefix (C:\react project\x\the-karan-singh-vaidh\the-karan-singh-vaidh\server\node_modules\router\index.js:342:13)
    at C:\react project\x\the-karan-singh-vaidh\the-karan-singh-vaidh\server\node_modules\router\index.js:297:9
    at processParams (C:\react project\x\the-karan-singh-vaidh\the-karan-singh-vaidh\server\node_modules\router\index.js:582:12)
    at next (C:\react project\x\the-karan-singh-vaidh\the-karan-singh-vaidh\server\node_modules\router\index.js:291:5)
    at logger (C:\react project\x\the-karan-singh-vaidh\the-karan-singh-vaidh\server\node_modules\morgan\index.js:144:5)
    at Layer.handleRequest (C:\react project\x\the-karan-singh-vaidh\the-karan-singh-vaidh\server\node_modules\router\lib\layer.js:152:17)
    at trimPrefix (C:\react project\x\the-karan-singh-vaidh\the-karan-singh-vaidh\server\node_modules\router\index.js:342:13)
    at C:\react project\x\the-karan-singh-vaidh\the-karan-singh-vaidh\server\node_modules\router\index.js:297:9

[2026-04-15T17:09:42.178Z] 404 - Not Found - /socket.io/?EIO=4&transport=websocket
Error: Not Found - /socket.io/?EIO=4&transport=websocket
    at notFound (C:\react project\x\the-karan-singh-vaidh\the-karan-singh-vaidh\server\middleware\errorMiddleware.js:2:19)
    at Layer.handleRequest (C:\react project\x\the-karan-singh-vaidh\the-karan-singh-vaidh\server\node_modules\router\lib\layer.js:152:17)
    at trimPrefix (C:\react project\x\the-karan-singh-vaidh\the-karan-singh-vaidh\server\node_modules\router\index.js:342:13)
    at C:\react project\x\the-karan-singh-vaidh\the-karan-singh-vaidh\server\node_modules\router\index.js:297:9
    at processParams (C:\react project\x\the-karan-singh-vaidh\the-karan-singh-vaidh\server\node_modules\router\index.js:582:12)
    at next (C:\react project\x\the-karan-singh-vaidh\the-karan-singh-vaidh\server\node_modules\router\index.js:291:5)
    at logger (C:\react project\x\the-karan-singh-vaidh\the-karan-singh-vaidh\server\node_modules\morgan\index.js:144:5)
    at Layer.handleRequest (C:\react project\x\the-karan-singh-vaidh\the-karan-singh-vaidh\server\node_modules\router\lib\layer.js:152:17)
    at trimPrefix (C:\react project\x\the-karan-singh-vaidh\the-karan-singh-vaidh\server\node_modules\router\index.js:342:13)
    at C:\react project\x\the-karan-singh-vaidh\the-karan-singh-vaidh\server\node_modules\router\index.js:297:9

[2026-04-15T17:09:48.189Z] 404 - Not Found - /socket.io/?EIO=4&transport=websocket
Error: Not Found - /socket.io/?EIO=4&transport=websocket
    at notFound (C:\react project\x\the-karan-singh-vaidh\the-karan-singh-vaidh\server\middleware\errorMiddleware.js:2:19)
    at Layer.handleRequest (C:\react project\x\the-karan-singh-vaidh\the-karan-singh-vaidh\server\node_modules\router\lib\layer.js:152:17)
    at trimPrefix (C:\react project\x\the-karan-singh-vaidh\the-karan-singh-vaidh\server\node_modules\router\index.js:342:13)
    at C:\react project\x\the-karan-singh-vaidh\the-karan-singh-vaidh\server\node_modules\router\index.js:297:9
    at processParams (C:\react project\x\the-karan-singh-vaidh\the-karan-singh-vaidh\server\node_modules\router\index.js:582:12)
    at next (C:\react project\x\the-karan-singh-vaidh\the-karan-singh-vaidh\server\node_modules\router\index.js:291:5)
    at logger (C:\react project\x\the-karan-singh-vaidh\the-karan-singh-vaidh\server\node_modules\morgan\index.js:144:5)
    at Layer.handleRequest (C:\react project\x\the-karan-singh-vaidh\the-karan-singh-vaidh\server\node_modules\router\lib\layer.js:152:17)
    at trimPrefix (C:\react project\x\the-karan-singh-vaidh\the-karan-singh-vaidh\server\node_modules\router\index.js:342:13)
    at C:\react project\x\the-karan-singh-vaidh\the-karan-singh-vaidh\server\node_modules\router\index.js:297:9

[2026-04-15T17:09:54.221Z] 404 - Not Found - /socket.io/?EIO=4&transport=websocket
Error: Not Found - /socket.io/?EIO=4&transport=websocket
    at notFound (C:\react project\x\the-karan-singh-vaidh\the-karan-singh-vaidh\server\middleware\errorMiddleware.js:2:19)
    at Layer.handleRequest (C:\react project\x\the-karan-singh-vaidh\the-karan-singh-vaidh\server\node_modules\router\lib\layer.js:152:17)
    at trimPrefix (C:\react project\x\the-karan-singh-vaidh\the-karan-singh-vaidh\server\node_modules\router\index.js:342:13)
    at C:\react project\x\the-karan-singh-vaidh\the-karan-singh-vaidh\server\node_modules\router\index.js:297:9
    at processParams (C:\react project\x\the-karan-singh-vaidh\the-karan-singh-vaidh\server\node_modules\router\index.js:582:12)
    at next (C:\react project\x\the-karan-singh-vaidh\the-karan-singh-vaidh\server\node_modules\router\index.js:291:5)
    at logger (C:\react project\x\the-karan-singh-vaidh\the-karan-singh-vaidh\server\node_modules\morgan\index.js:144:5)
    at Layer.handleRequest (C:\react project\x\the-karan-singh-vaidh\the-karan-singh-vaidh\server\node_modules\router\lib\layer.js:152:17)
    at trimPrefix (C:\react project\x\the-karan-singh-vaidh\the-karan-singh-vaidh\server\node_modules\router\index.js:342:13)
    at C:\react project\x\the-karan-singh-vaidh\the-karan-singh-vaidh\server\node_modules\router\index.js:297:9

[2026-04-15T17:10:00.292Z] 404 - Not Found - /socket.io/?EIO=4&transport=websocket
Error: Not Found - /socket.io/?EIO=4&transport=websocket
    at notFound (C:\react project\x\the-karan-singh-vaidh\the-karan-singh-vaidh\server\middleware\errorMiddleware.js:2:19)
    at Layer.handleRequest (C:\react project\x\the-karan-singh-vaidh\the-karan-singh-vaidh\server\node_modules\router\lib\layer.js:152:17)
    at trimPrefix (C:\react project\x\the-karan-singh-vaidh\the-karan-singh-vaidh\server\node_modules\router\index.js:342:13)
    at C:\react project\x\the-karan-singh-vaidh\the-karan-singh-vaidh\server\node_modules\router\index.js:297:9
    at processParams (C:\react project\x\the-karan-singh-vaidh\the-karan-singh-vaidh\server\node_modules\router\index.js:582:12)
    at next (C:\react project\x\the-karan-singh-vaidh\the-karan-singh-vaidh\server\node_modules\router\index.js:291:5)
    at logger (C:\react project\x\the-karan-singh-vaidh\the-karan-singh-vaidh\server\node_modules\morgan\index.js:144:5)
    at Layer.handleRequest (C:\react project\x\the-karan-singh-vaidh\the-karan-singh-vaidh\server\node_modules\router\lib\layer.js:152:17)
    at trimPrefix (C:\react project\x\the-karan-singh-vaidh\the-karan-singh-vaidh\server\node_modules\router\index.js:342:13)
    at C:\react project\x\the-karan-singh-vaidh\the-karan-singh-vaidh\server\node_modules\router\index.js:297:9

[2026-04-15T17:10:06.322Z] 404 - Not Found - /socket.io/?EIO=4&transport=websocket
Error: Not Found - /socket.io/?EIO=4&transport=websocket
    at notFound (C:\react project\x\the-karan-singh-vaidh\the-karan-singh-vaidh\server\middleware\errorMiddleware.js:2:19)
    at Layer.handleRequest (C:\react project\x\the-karan-singh-vaidh\the-karan-singh-vaidh\server\node_modules\router\lib\layer.js:152:17)
    at trimPrefix (C:\react project\x\the-karan-singh-vaidh\the-karan-singh-vaidh\server\node_modules\router\index.js:342:13)
    at C:\react project\x\the-karan-singh-vaidh\the-karan-singh-vaidh\server\node_modules\router\index.js:297:9
    at processParams (C:\react project\x\the-karan-singh-vaidh\the-karan-singh-vaidh\server\node_modules\router\index.js:582:12)
    at next (C:\react project\x\the-karan-singh-vaidh\the-karan-singh-vaidh\server\node_modules\router\index.js:291:5)
    at logger (C:\react project\x\the-karan-singh-vaidh\the-karan-singh-vaidh\server\node_modules\morgan\index.js:144:5)
    at Layer.handleRequest (C:\react project\x\the-karan-singh-vaidh\the-karan-singh-vaidh\server\node_modules\router\lib\layer.js:152:17)
    at trimPrefix (C:\react project\x\the-karan-singh-vaidh\the-karan-singh-vaidh\server\node_modules\router\index.js:342:13)
    at C:\react project\x\the-karan-singh-vaidh\the-karan-singh-vaidh\server\node_modules\router\index.js:297:9

[2026-04-15T17:10:12.429Z] 404 - Not Found - /socket.io/?EIO=4&transport=websocket
Error: Not Found - /socket.io/?EIO=4&transport=websocket
    at notFound (C:\react project\x\the-karan-singh-vaidh\the-karan-singh-vaidh\server\middleware\errorMiddleware.js:2:19)
    at Layer.handleRequest (C:\react project\x\the-karan-singh-vaidh\the-karan-singh-vaidh\server\node_modules\router\lib\layer.js:152:17)
    at trimPrefix (C:\react project\x\the-karan-singh-vaidh\the-karan-singh-vaidh\server\node_modules\router\index.js:342:13)
    at C:\react project\x\the-karan-singh-vaidh\the-karan-singh-vaidh\server\node_modules\router\index.js:297:9
    at processParams (C:\react project\x\the-karan-singh-vaidh\the-karan-singh-vaidh\server\node_modules\router\index.js:582:12)
    at next (C:\react project\x\the-karan-singh-vaidh\the-karan-singh-vaidh\server\node_modules\router\index.js:291:5)
    at logger (C:\react project\x\the-karan-singh-vaidh\the-karan-singh-vaidh\server\node_modules\morgan\index.js:144:5)
    at Layer.handleRequest (C:\react project\x\the-karan-singh-vaidh\the-karan-singh-vaidh\server\node_modules\router\lib\layer.js:152:17)
    at trimPrefix (C:\react project\x\the-karan-singh-vaidh\the-karan-singh-vaidh\server\node_modules\router\index.js:342:13)
    at C:\react project\x\the-karan-singh-vaidh\the-karan-singh-vaidh\server\node_modules\router\index.js:297:9

[2026-04-15T17:10:19.113Z] 404 - Not Found - /socket.io/?EIO=4&transport=websocket
Error: Not Found - /socket.io/?EIO=4&transport=websocket
    at notFound (C:\react project\x\the-karan-singh-vaidh\the-karan-singh-vaidh\server\middleware\errorMiddleware.js:2:19)
    at Layer.handleRequest (C:\react project\x\the-karan-singh-vaidh\the-karan-singh-vaidh\server\node_modules\router\lib\layer.js:152:17)
    at trimPrefix (C:\react project\x\the-karan-singh-vaidh\the-karan-singh-vaidh\server\node_modules\router\index.js:342:13)
    at C:\react project\x\the-karan-singh-vaidh\the-karan-singh-vaidh\server\node_modules\router\index.js:297:9
    at processParams (C:\react project\x\the-karan-singh-vaidh\the-karan-singh-vaidh\server\node_modules\router\index.js:582:12)
    at next (C:\react project\x\the-karan-singh-vaidh\the-karan-singh-vaidh\server\node_modules\router\index.js:291:5)
    at logger (C:\react project\x\the-karan-singh-vaidh\the-karan-singh-vaidh\server\node_modules\morgan\index.js:144:5)
    at Layer.handleRequest (C:\react project\x\the-karan-singh-vaidh\the-karan-singh-vaidh\server\node_modules\router\lib\layer.js:152:17)
    at trimPrefix (C:\react project\x\the-karan-singh-vaidh\the-karan-singh-vaidh\server\node_modules\router\index.js:342:13)
    at C:\react project\x\the-karan-singh-vaidh\the-karan-singh-vaidh\server\node_modules\router\index.js:297:9

[2026-04-15T17:10:25.318Z] 404 - Not Found - /socket.io/?EIO=4&transport=websocket
Error: Not Found - /socket.io/?EIO=4&transport=websocket
    at notFound (C:\react project\x\the-karan-singh-vaidh\the-karan-singh-vaidh\server\middleware\errorMiddleware.js:2:19)
    at Layer.handleRequest (C:\react project\x\the-karan-singh-vaidh\the-karan-singh-vaidh\server\node_modules\router\lib\layer.js:152:17)
    at trimPrefix (C:\react project\x\the-karan-singh-vaidh\the-karan-singh-vaidh\server\node_modules\router\index.js:342:13)
    at C:\react project\x\the-karan-singh-vaidh\the-karan-singh-vaidh\server\node_modules\router\index.js:297:9
    at processParams (C:\react project\x\the-karan-singh-vaidh\the-karan-singh-vaidh\server\node_modules\router\index.js:582:12)
    at next (C:\react project\x\the-karan-singh-vaidh\the-karan-singh-vaidh\server\node_modules\router\index.js:291:5)
    at logger (C:\react project\x\the-karan-singh-vaidh\the-karan-singh-vaidh\server\node_modules\morgan\index.js:144:5)
    at Layer.handleRequest (C:\react project\x\the-karan-singh-vaidh\the-karan-singh-vaidh\server\node_modules\router\lib\layer.js:152:17)
    at trimPrefix (C:\react project\x\the-karan-singh-vaidh\the-karan-singh-vaidh\server\node_modules\router\index.js:342:13)
    at C:\react project\x\the-karan-singh-vaidh\the-karan-singh-vaidh\server\node_modules\router\index.js:297:9

[2026-04-15T17:10:32.277Z] 404 - Not Found - /socket.io/?EIO=4&transport=websocket
Error: Not Found - /socket.io/?EIO=4&transport=websocket
    at notFound (C:\react project\x\the-karan-singh-vaidh\the-karan-singh-vaidh\server\middleware\errorMiddleware.js:2:19)
    at Layer.handleRequest (C:\react project\x\the-karan-singh-vaidh\the-karan-singh-vaidh\server\node_modules\router\lib\layer.js:152:17)
    at trimPrefix (C:\react project\x\the-karan-singh-vaidh\the-karan-singh-vaidh\server\node_modules\router\index.js:342:13)
    at C:\react project\x\the-karan-singh-vaidh\the-karan-singh-vaidh\server\node_modules\router\index.js:297:9
    at processParams (C:\react project\x\the-karan-singh-vaidh\the-karan-singh-vaidh\server\node_modules\router\index.js:582:12)
    at next (C:\react project\x\the-karan-singh-vaidh\the-karan-singh-vaidh\server\node_modules\router\index.js:291:5)
    at logger (C:\react project\x\the-karan-singh-vaidh\the-karan-singh-vaidh\server\node_modules\morgan\index.js:144:5)
    at Layer.handleRequest (C:\react project\x\the-karan-singh-vaidh\the-karan-singh-vaidh\server\node_modules\router\lib\layer.js:152:17)
    at trimPrefix (C:\react project\x\the-karan-singh-vaidh\the-karan-singh-vaidh\server\node_modules\router\index.js:342:13)
    at C:\react project\x\the-karan-singh-vaidh\the-karan-singh-vaidh\server\node_modules\router\index.js:297:9

[2026-04-15T17:10:39.531Z] 404 - Not Found - /socket.io/?EIO=4&transport=websocket
Error: Not Found - /socket.io/?EIO=4&transport=websocket
    at notFound (C:\react project\x\the-karan-singh-vaidh\the-karan-singh-vaidh\server\middleware\errorMiddleware.js:2:19)
    at Layer.handleRequest (C:\react project\x\the-karan-singh-vaidh\the-karan-singh-vaidh\server\node_modules\router\lib\layer.js:152:17)
    at trimPrefix (C:\react project\x\the-karan-singh-vaidh\the-karan-singh-vaidh\server\node_modules\router\index.js:342:13)
    at C:\react project\x\the-karan-singh-vaidh\the-karan-singh-vaidh\server\node_modules\router\index.js:297:9
    at processParams (C:\react project\x\the-karan-singh-vaidh\the-karan-singh-vaidh\server\node_modules\router\index.js:582:12)
    at next (C:\react project\x\the-karan-singh-vaidh\the-karan-singh-vaidh\server\node_modules\router\index.js:291:5)
    at logger (C:\react project\x\the-karan-singh-vaidh\the-karan-singh-vaidh\server\node_modules\morgan\index.js:144:5)
    at Layer.handleRequest (C:\react project\x\the-karan-singh-vaidh\the-karan-singh-vaidh\server\node_modules\router\lib\layer.js:152:17)
    at trimPrefix (C:\react project\x\the-karan-singh-vaidh\the-karan-singh-vaidh\server\node_modules\router\index.js:342:13)
    at C:\react project\x\the-karan-singh-vaidh\the-karan-singh-vaidh\server\node_modules\router\index.js:297:9

[2026-04-15T17:10:48.211Z] 404 - Not Found - /socket.io/?EIO=4&transport=websocket
Error: Not Found - /socket.io/?EIO=4&transport=websocket
    at notFound (C:\react project\x\the-karan-singh-vaidh\the-karan-singh-vaidh\server\middleware\errorMiddleware.js:2:19)
    at Layer.handleRequest (C:\react project\x\the-karan-singh-vaidh\the-karan-singh-vaidh\server\node_modules\router\lib\layer.js:152:17)
    at trimPrefix (C:\react project\x\the-karan-singh-vaidh\the-karan-singh-vaidh\server\node_modules\router\index.js:342:13)
    at C:\react project\x\the-karan-singh-vaidh\the-karan-singh-vaidh\server\node_modules\router\index.js:297:9
    at processParams (C:\react project\x\the-karan-singh-vaidh\the-karan-singh-vaidh\server\node_modules\router\index.js:582:12)
    at next (C:\react project\x\the-karan-singh-vaidh\the-karan-singh-vaidh\server\node_modules\router\index.js:291:5)
    at logger (C:\react project\x\the-karan-singh-vaidh\the-karan-singh-vaidh\server\node_modules\morgan\index.js:144:5)
    at Layer.handleRequest (C:\react project\x\the-karan-singh-vaidh\the-karan-singh-vaidh\server\node_modules\router\lib\layer.js:152:17)
    at trimPrefix (C:\react project\x\the-karan-singh-vaidh\the-karan-singh-vaidh\server\node_modules\router\index.js:342:13)
    at C:\react project\x\the-karan-singh-vaidh\the-karan-singh-vaidh\server\node_modules\router\index.js:297:9

[2026-04-15T17:10:58.664Z] 404 - Not Found - /socket.io/?EIO=4&transport=websocket
Error: Not Found - /socket.io/?EIO=4&transport=websocket
    at notFound (C:\react project\x\the-karan-singh-vaidh\the-karan-singh-vaidh\server\middleware\errorMiddleware.js:2:19)
    at Layer.handleRequest (C:\react project\x\the-karan-singh-vaidh\the-karan-singh-vaidh\server\node_modules\router\lib\layer.js:152:17)
    at trimPrefix (C:\react project\x\the-karan-singh-vaidh\the-karan-singh-vaidh\server\node_modules\router\index.js:342:13)
    at C:\react project\x\the-karan-singh-vaidh\the-karan-singh-vaidh\server\node_modules\router\index.js:297:9
    at processParams (C:\react project\x\the-karan-singh-vaidh\the-karan-singh-vaidh\server\node_modules\router\index.js:582:12)
    at next (C:\react project\x\the-karan-singh-vaidh\the-karan-singh-vaidh\server\node_modules\router\index.js:291:5)
    at logger (C:\react project\x\the-karan-singh-vaidh\the-karan-singh-vaidh\server\node_modules\morgan\index.js:144:5)
    at Layer.handleRequest (C:\react project\x\the-karan-singh-vaidh\the-karan-singh-vaidh\server\node_modules\router\lib\layer.js:152:17)
    at trimPrefix (C:\react project\x\the-karan-singh-vaidh\the-karan-singh-vaidh\server\node_modules\router\index.js:342:13)
    at C:\react project\x\the-karan-singh-vaidh\the-karan-singh-vaidh\server\node_modules\router\index.js:297:9

[2026-04-15T17:11:07.391Z] 404 - Not Found - /socket.io/?EIO=4&transport=websocket
Error: Not Found - /socket.io/?EIO=4&transport=websocket
    at notFound (C:\react project\x\the-karan-singh-vaidh\the-karan-singh-vaidh\server\middleware\errorMiddleware.js:2:19)
    at Layer.handleRequest (C:\react project\x\the-karan-singh-vaidh\the-karan-singh-vaidh\server\node_modules\router\lib\layer.js:152:17)
    at trimPrefix (C:\react project\x\the-karan-singh-vaidh\the-karan-singh-vaidh\server\node_modules\router\index.js:342:13)
    at C:\react project\x\the-karan-singh-vaidh\the-karan-singh-vaidh\server\node_modules\router\index.js:297:9
    at processParams (C:\react project\x\the-karan-singh-vaidh\the-karan-singh-vaidh\server\node_modules\router\index.js:582:12)
    at next (C:\react project\x\the-karan-singh-vaidh\the-karan-singh-vaidh\server\node_modules\router\index.js:291:5)
    at logger (C:\react project\x\the-karan-singh-vaidh\the-karan-singh-vaidh\server\node_modules\morgan\index.js:144:5)
    at Layer.handleRequest (C:\react project\x\the-karan-singh-vaidh\the-karan-singh-vaidh\server\node_modules\router\lib\layer.js:152:17)
    at trimPrefix (C:\react project\x\the-karan-singh-vaidh\the-karan-singh-vaidh\server\node_modules\router\index.js:342:13)
    at C:\react project\x\the-karan-singh-vaidh\the-karan-singh-vaidh\server\node_modules\router\index.js:297:9

[2026-04-15T17:11:15.771Z] 404 - Not Found - /socket.io/?EIO=4&transport=websocket
Error: Not Found - /socket.io/?EIO=4&transport=websocket
    at notFound (C:\react project\x\the-karan-singh-vaidh\the-karan-singh-vaidh\server\middleware\errorMiddleware.js:2:19)
    at Layer.handleRequest (C:\react project\x\the-karan-singh-vaidh\the-karan-singh-vaidh\server\node_modules\router\lib\layer.js:152:17)
    at trimPrefix (C:\react project\x\the-karan-singh-vaidh\the-karan-singh-vaidh\server\node_modules\router\index.js:342:13)
    at C:\react project\x\the-karan-singh-vaidh\the-karan-singh-vaidh\server\node_modules\router\index.js:297:9
    at processParams (C:\react project\x\the-karan-singh-vaidh\the-karan-singh-vaidh\server\node_modules\router\index.js:582:12)
    at next (C:\react project\x\the-karan-singh-vaidh\the-karan-singh-vaidh\server\node_modules\router\index.js:291:5)
    at logger (C:\react project\x\the-karan-singh-vaidh\the-karan-singh-vaidh\server\node_modules\morgan\index.js:144:5)
    at Layer.handleRequest (C:\react project\x\the-karan-singh-vaidh\the-karan-singh-vaidh\server\node_modules\router\lib\layer.js:152:17)
    at trimPrefix (C:\react project\x\the-karan-singh-vaidh\the-karan-singh-vaidh\server\node_modules\router\index.js:342:13)
    at C:\react project\x\the-karan-singh-vaidh\the-karan-singh-vaidh\server\node_modules\router\index.js:297:9

[2026-04-15T17:11:24.755Z] 404 - Not Found - /socket.io/?EIO=4&transport=websocket
Error: Not Found - /socket.io/?EIO=4&transport=websocket
    at notFound (C:\react project\x\the-karan-singh-vaidh\the-karan-singh-vaidh\server\middleware\errorMiddleware.js:2:19)
    at Layer.handleRequest (C:\react project\x\the-karan-singh-vaidh\the-karan-singh-vaidh\server\node_modules\router\lib\layer.js:152:17)
    at trimPrefix (C:\react project\x\the-karan-singh-vaidh\the-karan-singh-vaidh\server\node_modules\router\index.js:342:13)
    at C:\react project\x\the-karan-singh-vaidh\the-karan-singh-vaidh\server\node_modules\router\index.js:297:9
    at processParams (C:\react project\x\the-karan-singh-vaidh\the-karan-singh-vaidh\server\node_modules\router\index.js:582:12)
    at next (C:\react project\x\the-karan-singh-vaidh\the-karan-singh-vaidh\server\node_modules\router\index.js:291:5)
    at logger (C:\react project\x\the-karan-singh-vaidh\the-karan-singh-vaidh\server\node_modules\morgan\index.js:144:5)
    at Layer.handleRequest (C:\react project\x\the-karan-singh-vaidh\the-karan-singh-vaidh\server\node_modules\router\lib\layer.js:152:17)
    at trimPrefix (C:\react project\x\the-karan-singh-vaidh\the-karan-singh-vaidh\server\node_modules\router\index.js:342:13)
    at C:\react project\x\the-karan-singh-vaidh\the-karan-singh-vaidh\server\node_modules\router\index.js:297:9

[2026-04-15T17:11:33.147Z] 404 - Not Found - /socket.io/?EIO=4&transport=websocket
Error: Not Found - /socket.io/?EIO=4&transport=websocket
    at notFound (C:\react project\x\the-karan-singh-vaidh\the-karan-singh-vaidh\server\middleware\errorMiddleware.js:2:19)
    at Layer.handleRequest (C:\react project\x\the-karan-singh-vaidh\the-karan-singh-vaidh\server\node_modules\router\lib\layer.js:152:17)
    at trimPrefix (C:\react project\x\the-karan-singh-vaidh\the-karan-singh-vaidh\server\node_modules\router\index.js:342:13)
    at C:\react project\x\the-karan-singh-vaidh\the-karan-singh-vaidh\server\node_modules\router\index.js:297:9
    at processParams (C:\react project\x\the-karan-singh-vaidh\the-karan-singh-vaidh\server\node_modules\router\index.js:582:12)
    at next (C:\react project\x\the-karan-singh-vaidh\the-karan-singh-vaidh\server\node_modules\router\index.js:291:5)
    at logger (C:\react project\x\the-karan-singh-vaidh\the-karan-singh-vaidh\server\node_modules\morgan\index.js:144:5)
    at Layer.handleRequest (C:\react project\x\the-karan-singh-vaidh\the-karan-singh-vaidh\server\node_modules\router\lib\layer.js:152:17)
    at trimPrefix (C:\react project\x\the-karan-singh-vaidh\the-karan-singh-vaidh\server\node_modules\router\index.js:342:13)
    at C:\react project\x\the-karan-singh-vaidh\the-karan-singh-vaidh\server\node_modules\router\index.js:297:9

[2026-04-15T17:11:40.696Z] 404 - Not Found - /socket.io/?EIO=4&transport=websocket
Error: Not Found - /socket.io/?EIO=4&transport=websocket
    at notFound (C:\react project\x\the-karan-singh-vaidh\the-karan-singh-vaidh\server\middleware\errorMiddleware.js:2:19)
    at Layer.handleRequest (C:\react project\x\the-karan-singh-vaidh\the-karan-singh-vaidh\server\node_modules\router\lib\layer.js:152:17)
    at trimPrefix (C:\react project\x\the-karan-singh-vaidh\the-karan-singh-vaidh\server\node_modules\router\index.js:342:13)
    at C:\react project\x\the-karan-singh-vaidh\the-karan-singh-vaidh\server\node_modules\router\index.js:297:9
    at processParams (C:\react project\x\the-karan-singh-vaidh\the-karan-singh-vaidh\server\node_modules\router\index.js:582:12)
    at next (C:\react project\x\the-karan-singh-vaidh\the-karan-singh-vaidh\server\node_modules\router\index.js:291:5)
    at logger (C:\react project\x\the-karan-singh-vaidh\the-karan-singh-vaidh\server\node_modules\morgan\index.js:144:5)
    at Layer.handleRequest (C:\react project\x\the-karan-singh-vaidh\the-karan-singh-vaidh\server\node_modules\router\lib\layer.js:152:17)
    at trimPrefix (C:\react project\x\the-karan-singh-vaidh\the-karan-singh-vaidh\server\node_modules\router\index.js:342:13)
    at C:\react project\x\the-karan-singh-vaidh\the-karan-singh-vaidh\server\node_modules\router\index.js:297:9

[2026-04-15T17:11:49.852Z] 404 - Not Found - /socket.io/?EIO=4&transport=websocket
Error: Not Found - /socket.io/?EIO=4&transport=websocket
    at notFound (C:\react project\x\the-karan-singh-vaidh\the-karan-singh-vaidh\server\middleware\errorMiddleware.js:2:19)
    at Layer.handleRequest (C:\react project\x\the-karan-singh-vaidh\the-karan-singh-vaidh\server\node_modules\router\lib\layer.js:152:17)
    at trimPrefix (C:\react project\x\the-karan-singh-vaidh\the-karan-singh-vaidh\server\node_modules\router\index.js:342:13)
    at C:\react project\x\the-karan-singh-vaidh\the-karan-singh-vaidh\server\node_modules\router\index.js:297:9
    at processParams (C:\react project\x\the-karan-singh-vaidh\the-karan-singh-vaidh\server\node_modules\router\index.js:582:12)
    at next (C:\react project\x\the-karan-singh-vaidh\the-karan-singh-vaidh\server\node_modules\router\index.js:291:5)
    at logger (C:\react project\x\the-karan-singh-vaidh\the-karan-singh-vaidh\server\node_modules\morgan\index.js:144:5)
    at Layer.handleRequest (C:\react project\x\the-karan-singh-vaidh\the-karan-singh-vaidh\server\node_modules\router\lib\layer.js:152:17)
    at trimPrefix (C:\react project\x\the-karan-singh-vaidh\the-karan-singh-vaidh\server\node_modules\router\index.js:342:13)
    at C:\react project\x\the-karan-singh-vaidh\the-karan-singh-vaidh\server\node_modules\router\index.js:297:9

[2026-04-15T17:11:58.739Z] 404 - Not Found - /socket.io/?EIO=4&transport=websocket
Error: Not Found - /socket.io/?EIO=4&transport=websocket
    at notFound (C:\react project\x\the-karan-singh-vaidh\the-karan-singh-vaidh\server\middleware\errorMiddleware.js:2:19)
    at Layer.handleRequest (C:\react project\x\the-karan-singh-vaidh\the-karan-singh-vaidh\server\node_modules\router\lib\layer.js:152:17)
    at trimPrefix (C:\react project\x\the-karan-singh-vaidh\the-karan-singh-vaidh\server\node_modules\router\index.js:342:13)
    at C:\react project\x\the-karan-singh-vaidh\the-karan-singh-vaidh\server\node_modules\router\index.js:297:9
    at processParams (C:\react project\x\the-karan-singh-vaidh\the-karan-singh-vaidh\server\node_modules\router\index.js:582:12)
    at next (C:\react project\x\the-karan-singh-vaidh\the-karan-singh-vaidh\server\node_modules\router\index.js:291:5)
    at logger (C:\react project\x\the-karan-singh-vaidh\the-karan-singh-vaidh\server\node_modules\morgan\index.js:144:5)
    at Layer.handleRequest (C:\react project\x\the-karan-singh-vaidh\the-karan-singh-vaidh\server\node_modules\router\lib\layer.js:152:17)
    at trimPrefix (C:\react project\x\the-karan-singh-vaidh\the-karan-singh-vaidh\server\node_modules\router\index.js:342:13)
    at C:\react project\x\the-karan-singh-vaidh\the-karan-singh-vaidh\server\node_modules\router\index.js:297:9

[2026-04-15T17:12:07.634Z] 404 - Not Found - /socket.io/?EIO=4&transport=websocket
Error: Not Found - /socket.io/?EIO=4&transport=websocket
    at notFound (C:\react project\x\the-karan-singh-vaidh\the-karan-singh-vaidh\server\middleware\errorMiddleware.js:2:19)
    at Layer.handleRequest (C:\react project\x\the-karan-singh-vaidh\the-karan-singh-vaidh\server\node_modules\router\lib\layer.js:152:17)
    at trimPrefix (C:\react project\x\the-karan-singh-vaidh\the-karan-singh-vaidh\server\node_modules\router\index.js:342:13)
    at C:\react project\x\the-karan-singh-vaidh\the-karan-singh-vaidh\server\node_modules\router\index.js:297:9
    at processParams (C:\react project\x\the-karan-singh-vaidh\the-karan-singh-vaidh\server\node_modules\router\index.js:582:12)
    at next (C:\react project\x\the-karan-singh-vaidh\the-karan-singh-vaidh\server\node_modules\router\index.js:291:5)
    at logger (C:\react project\x\the-karan-singh-vaidh\the-karan-singh-vaidh\server\node_modules\morgan\index.js:144:5)
    at Layer.handleRequest (C:\react project\x\the-karan-singh-vaidh\the-karan-singh-vaidh\server\node_modules\router\lib\layer.js:152:17)
    at trimPrefix (C:\react project\x\the-karan-singh-vaidh\the-karan-singh-vaidh\server\node_modules\router\index.js:342:13)
    at C:\react project\x\the-karan-singh-vaidh\the-karan-singh-vaidh\server\node_modules\router\index.js:297:9

[2026-04-15T17:12:15.758Z] 404 - Not Found - /socket.io/?EIO=4&transport=websocket
Error: Not Found - /socket.io/?EIO=4&transport=websocket
    at notFound (C:\react project\x\the-karan-singh-vaidh\the-karan-singh-vaidh\server\middleware\errorMiddleware.js:2:19)
    at Layer.handleRequest (C:\react project\x\the-karan-singh-vaidh\the-karan-singh-vaidh\server\node_modules\router\lib\layer.js:152:17)
    at trimPrefix (C:\react project\x\the-karan-singh-vaidh\the-karan-singh-vaidh\server\node_modules\router\index.js:342:13)
    at C:\react project\x\the-karan-singh-vaidh\the-karan-singh-vaidh\server\node_modules\router\index.js:297:9
    at processParams (C:\react project\x\the-karan-singh-vaidh\the-karan-singh-vaidh\server\node_modules\router\index.js:582:12)
    at next (C:\react project\x\the-karan-singh-vaidh\the-karan-singh-vaidh\server\node_modules\router\index.js:291:5)
    at logger (C:\react project\x\the-karan-singh-vaidh\the-karan-singh-vaidh\server\node_modules\morgan\index.js:144:5)
    at Layer.handleRequest (C:\react project\x\the-karan-singh-vaidh\the-karan-singh-vaidh\server\node_modules\router\lib\layer.js:152:17)
    at trimPrefix (C:\react project\x\the-karan-singh-vaidh\the-karan-singh-vaidh\server\node_modules\router\index.js:342:13)
    at C:\react project\x\the-karan-singh-vaidh\the-karan-singh-vaidh\server\node_modules\router\index.js:297:9

[2026-04-15T17:12:25.058Z] 404 - Not Found - /socket.io/?EIO=4&transport=websocket
Error: Not Found - /socket.io/?EIO=4&transport=websocket
    at notFound (C:\react project\x\the-karan-singh-vaidh\the-karan-singh-vaidh\server\middleware\errorMiddleware.js:2:19)
    at Layer.handleRequest (C:\react project\x\the-karan-singh-vaidh\the-karan-singh-vaidh\server\node_modules\router\lib\layer.js:152:17)
    at trimPrefix (C:\react project\x\the-karan-singh-vaidh\the-karan-singh-vaidh\server\node_modules\router\index.js:342:13)
    at C:\react project\x\the-karan-singh-vaidh\the-karan-singh-vaidh\server\node_modules\router\index.js:297:9
    at processParams (C:\react project\x\the-karan-singh-vaidh\the-karan-singh-vaidh\server\node_modules\router\index.js:582:12)
    at next (C:\react project\x\the-karan-singh-vaidh\the-karan-singh-vaidh\server\node_modules\router\index.js:291:5)
    at logger (C:\react project\x\the-karan-singh-vaidh\the-karan-singh-vaidh\server\node_modules\morgan\index.js:144:5)
    at Layer.handleRequest (C:\react project\x\the-karan-singh-vaidh\the-karan-singh-vaidh\server\node_modules\router\lib\layer.js:152:17)
    at trimPrefix (C:\react project\x\the-karan-singh-vaidh\the-karan-singh-vaidh\server\node_modules\router\index.js:342:13)
    at C:\react project\x\the-karan-singh-vaidh\the-karan-singh-vaidh\server\node_modules\router\index.js:297:9

[2026-04-15T17:12:34.048Z] 404 - Not Found - /socket.io/?EIO=4&transport=websocket
Error: Not Found - /socket.io/?EIO=4&transport=websocket
    at notFound (C:\react project\x\the-karan-singh-vaidh\the-karan-singh-vaidh\server\middleware\errorMiddleware.js:2:19)
    at Layer.handleRequest (C:\react project\x\the-karan-singh-vaidh\the-karan-singh-vaidh\server\node_modules\router\lib\layer.js:152:17)
    at trimPrefix (C:\react project\x\the-karan-singh-vaidh\the-karan-singh-vaidh\server\node_modules\router\index.js:342:13)
    at C:\react project\x\the-karan-singh-vaidh\the-karan-singh-vaidh\server\node_modules\router\index.js:297:9
    at processParams (C:\react project\x\the-karan-singh-vaidh\the-karan-singh-vaidh\server\node_modules\router\index.js:582:12)
    at next (C:\react project\x\the-karan-singh-vaidh\the-karan-singh-vaidh\server\node_modules\router\index.js:291:5)
    at logger (C:\react project\x\the-karan-singh-vaidh\the-karan-singh-vaidh\server\node_modules\morgan\index.js:144:5)
    at Layer.handleRequest (C:\react project\x\the-karan-singh-vaidh\the-karan-singh-vaidh\server\node_modules\router\lib\layer.js:152:17)
    at trimPrefix (C:\react project\x\the-karan-singh-vaidh\the-karan-singh-vaidh\server\node_modules\router\index.js:342:13)
    at C:\react project\x\the-karan-singh-vaidh\the-karan-singh-vaidh\server\node_modules\router\index.js:297:9

[2026-04-15T17:12:43.508Z] 404 - Not Found - /socket.io/?EIO=4&transport=websocket
Error: Not Found - /socket.io/?EIO=4&transport=websocket
    at notFound (C:\react project\x\the-karan-singh-vaidh\the-karan-singh-vaidh\server\middleware\errorMiddleware.js:2:19)
    at Layer.handleRequest (C:\react project\x\the-karan-singh-vaidh\the-karan-singh-vaidh\server\node_modules\router\lib\layer.js:152:17)
    at trimPrefix (C:\react project\x\the-karan-singh-vaidh\the-karan-singh-vaidh\server\node_modules\router\index.js:342:13)
    at C:\react project\x\the-karan-singh-vaidh\the-karan-singh-vaidh\server\node_modules\router\index.js:297:9
    at processParams (C:\react project\x\the-karan-singh-vaidh\the-karan-singh-vaidh\server\node_modules\router\index.js:582:12)
    at next (C:\react project\x\the-karan-singh-vaidh\the-karan-singh-vaidh\server\node_modules\router\index.js:291:5)
    at logger (C:\react project\x\the-karan-singh-vaidh\the-karan-singh-vaidh\server\node_modules\morgan\index.js:144:5)
    at Layer.handleRequest (C:\react project\x\the-karan-singh-vaidh\the-karan-singh-vaidh\server\node_modules\router\lib\layer.js:152:17)
    at trimPrefix (C:\react project\x\the-karan-singh-vaidh\the-karan-singh-vaidh\server\node_modules\router\index.js:342:13)
    at C:\react project\x\the-karan-singh-vaidh\the-karan-singh-vaidh\server\node_modules\router\index.js:297:9

[2026-04-15T17:12:51.989Z] 404 - Not Found - /socket.io/?EIO=4&transport=websocket
Error: Not Found - /socket.io/?EIO=4&transport=websocket
    at notFound (C:\react project\x\the-karan-singh-vaidh\the-karan-singh-vaidh\server\middleware\errorMiddleware.js:2:19)
    at Layer.handleRequest (C:\react project\x\the-karan-singh-vaidh\the-karan-singh-vaidh\server\node_modules\router\lib\layer.js:152:17)
    at trimPrefix (C:\react project\x\the-karan-singh-vaidh\the-karan-singh-vaidh\server\node_modules\router\index.js:342:13)
    at C:\react project\x\the-karan-singh-vaidh\the-karan-singh-vaidh\server\node_modules\router\index.js:297:9
    at processParams (C:\react project\x\the-karan-singh-vaidh\the-karan-singh-vaidh\server\node_modules\router\index.js:582:12)
    at next (C:\react project\x\the-karan-singh-vaidh\the-karan-singh-vaidh\server\node_modules\router\index.js:291:5)
    at logger (C:\react project\x\the-karan-singh-vaidh\the-karan-singh-vaidh\server\node_modules\morgan\index.js:144:5)
    at Layer.handleRequest (C:\react project\x\the-karan-singh-vaidh\the-karan-singh-vaidh\server\node_modules\router\lib\layer.js:152:17)
    at trimPrefix (C:\react project\x\the-karan-singh-vaidh\the-karan-singh-vaidh\server\node_modules\router\index.js:342:13)
    at C:\react project\x\the-karan-singh-vaidh\the-karan-singh-vaidh\server\node_modules\router\index.js:297:9

[2026-04-15T17:12:57.159Z] 404 - Not Found - /socket.io/?EIO=4&transport=websocket
Error: Not Found - /socket.io/?EIO=4&transport=websocket
    at notFound (C:\react project\x\the-karan-singh-vaidh\the-karan-singh-vaidh\server\middleware\errorMiddleware.js:2:19)
    at Layer.handleRequest (C:\react project\x\the-karan-singh-vaidh\the-karan-singh-vaidh\server\node_modules\router\lib\layer.js:152:17)
    at trimPrefix (C:\react project\x\the-karan-singh-vaidh\the-karan-singh-vaidh\server\node_modules\router\index.js:342:13)
    at C:\react project\x\the-karan-singh-vaidh\the-karan-singh-vaidh\server\node_modules\router\index.js:297:9
    at processParams (C:\react project\x\the-karan-singh-vaidh\the-karan-singh-vaidh\server\node_modules\router\index.js:582:12)
    at next (C:\react project\x\the-karan-singh-vaidh\the-karan-singh-vaidh\server\node_modules\router\index.js:291:5)
    at logger (C:\react project\x\the-karan-singh-vaidh\the-karan-singh-vaidh\server\node_modules\morgan\index.js:144:5)
    at Layer.handleRequest (C:\react project\x\the-karan-singh-vaidh\the-karan-singh-vaidh\server\node_modules\router\lib\layer.js:152:17)
    at trimPrefix (C:\react project\x\the-karan-singh-vaidh\the-karan-singh-vaidh\server\node_modules\router\index.js:342:13)
    at C:\react project\x\the-karan-singh-vaidh\the-karan-singh-vaidh\server\node_modules\router\index.js:297:9

[2026-04-15T17:13:03.158Z] 404 - Not Found - /socket.io/?EIO=4&transport=websocket
Error: Not Found - /socket.io/?EIO=4&transport=websocket
    at notFound (C:\react project\x\the-karan-singh-vaidh\the-karan-singh-vaidh\server\middleware\errorMiddleware.js:2:19)
    at Layer.handleRequest (C:\react project\x\the-karan-singh-vaidh\the-karan-singh-vaidh\server\node_modules\router\lib\layer.js:152:17)
    at trimPrefix (C:\react project\x\the-karan-singh-vaidh\the-karan-singh-vaidh\server\node_modules\router\index.js:342:13)
    at C:\react project\x\the-karan-singh-vaidh\the-karan-singh-vaidh\server\node_modules\router\index.js:297:9
    at processParams (C:\react project\x\the-karan-singh-vaidh\the-karan-singh-vaidh\server\node_modules\router\index.js:582:12)
    at next (C:\react project\x\the-karan-singh-vaidh\the-karan-singh-vaidh\server\node_modules\router\index.js:291:5)
    at logger (C:\react project\x\the-karan-singh-vaidh\the-karan-singh-vaidh\server\node_modules\morgan\index.js:144:5)
    at Layer.handleRequest (C:\react project\x\the-karan-singh-vaidh\the-karan-singh-vaidh\server\node_modules\router\lib\layer.js:152:17)
    at trimPrefix (C:\react project\x\the-karan-singh-vaidh\the-karan-singh-vaidh\server\node_modules\router\index.js:342:13)
    at C:\react project\x\the-karan-singh-vaidh\the-karan-singh-vaidh\server\node_modules\router\index.js:297:9

[2026-04-15T17:13:09.165Z] 404 - Not Found - /socket.io/?EIO=4&transport=websocket
Error: Not Found - /socket.io/?EIO=4&transport=websocket
    at notFound (C:\react project\x\the-karan-singh-vaidh\the-karan-singh-vaidh\server\middleware\errorMiddleware.js:2:19)
    at Layer.handleRequest (C:\react project\x\the-karan-singh-vaidh\the-karan-singh-vaidh\server\node_modules\router\lib\layer.js:152:17)
    at trimPrefix (C:\react project\x\the-karan-singh-vaidh\the-karan-singh-vaidh\server\node_modules\router\index.js:342:13)
    at C:\react project\x\the-karan-singh-vaidh\the-karan-singh-vaidh\server\node_modules\router\index.js:297:9
    at processParams (C:\react project\x\the-karan-singh-vaidh\the-karan-singh-vaidh\server\node_modules\router\index.js:582:12)
    at next (C:\react project\x\the-karan-singh-vaidh\the-karan-singh-vaidh\server\node_modules\router\index.js:291:5)
    at logger (C:\react project\x\the-karan-singh-vaidh\the-karan-singh-vaidh\server\node_modules\morgan\index.js:144:5)
    at Layer.handleRequest (C:\react project\x\the-karan-singh-vaidh\the-karan-singh-vaidh\server\node_modules\router\lib\layer.js:152:17)
    at trimPrefix (C:\react project\x\the-karan-singh-vaidh\the-karan-singh-vaidh\server\node_modules\router\index.js:342:13)
    at C:\react project\x\the-karan-singh-vaidh\the-karan-singh-vaidh\server\node_modules\router\index.js:297:9

[2026-04-15T17:13:15.157Z] 404 - Not Found - /socket.io/?EIO=4&transport=websocket
Error: Not Found - /socket.io/?EIO=4&transport=websocket
    at notFound (C:\react project\x\the-karan-singh-vaidh\the-karan-singh-vaidh\server\middleware\errorMiddleware.js:2:19)
    at Layer.handleRequest (C:\react project\x\the-karan-singh-vaidh\the-karan-singh-vaidh\server\node_modules\router\lib\layer.js:152:17)
    at trimPrefix (C:\react project\x\the-karan-singh-vaidh\the-karan-singh-vaidh\server\node_modules\router\index.js:342:13)
    at C:\react project\x\the-karan-singh-vaidh\the-karan-singh-vaidh\server\node_modules\router\index.js:297:9
    at processParams (C:\react project\x\the-karan-singh-vaidh\the-karan-singh-vaidh\server\node_modules\router\index.js:582:12)
    at next (C:\react project\x\the-karan-singh-vaidh\the-karan-singh-vaidh\server\node_modules\router\index.js:291:5)
    at logger (C:\react project\x\the-karan-singh-vaidh\the-karan-singh-vaidh\server\node_modules\morgan\index.js:144:5)
    at Layer.handleRequest (C:\react project\x\the-karan-singh-vaidh\the-karan-singh-vaidh\server\node_modules\router\lib\layer.js:152:17)
    at trimPrefix (C:\react project\x\the-karan-singh-vaidh\the-karan-singh-vaidh\server\node_modules\router\index.js:342:13)
    at C:\react project\x\the-karan-singh-vaidh\the-karan-singh-vaidh\server\node_modules\router\index.js:297:9

[2026-04-15T17:13:21.176Z] 404 - Not Found - /socket.io/?EIO=4&transport=websocket
Error: Not Found - /socket.io/?EIO=4&transport=websocket
    at notFound (C:\react project\x\the-karan-singh-vaidh\the-karan-singh-vaidh\server\middleware\errorMiddleware.js:2:19)
    at Layer.handleRequest (C:\react project\x\the-karan-singh-vaidh\the-karan-singh-vaidh\server\node_modules\router\lib\layer.js:152:17)
    at trimPrefix (C:\react project\x\the-karan-singh-vaidh\the-karan-singh-vaidh\server\node_modules\router\index.js:342:13)
    at C:\react project\x\the-karan-singh-vaidh\the-karan-singh-vaidh\server\node_modules\router\index.js:297:9
    at processParams (C:\react project\x\the-karan-singh-vaidh\the-karan-singh-vaidh\server\node_modules\router\index.js:582:12)
    at next (C:\react project\x\the-karan-singh-vaidh\the-karan-singh-vaidh\server\node_modules\router\index.js:291:5)
    at logger (C:\react project\x\the-karan-singh-vaidh\the-karan-singh-vaidh\server\node_modules\morgan\index.js:144:5)
    at Layer.handleRequest (C:\react project\x\the-karan-singh-vaidh\the-karan-singh-vaidh\server\node_modules\router\lib\layer.js:152:17)
    at trimPrefix (C:\react project\x\the-karan-singh-vaidh\the-karan-singh-vaidh\server\node_modules\router\index.js:342:13)
    at C:\react project\x\the-karan-singh-vaidh\the-karan-singh-vaidh\server\node_modules\router\index.js:297:9

[2026-04-15T17:13:27.161Z] 404 - Not Found - /socket.io/?EIO=4&transport=websocket
Error: Not Found - /socket.io/?EIO=4&transport=websocket
    at notFound (C:\react project\x\the-karan-singh-vaidh\the-karan-singh-vaidh\server\middleware\errorMiddleware.js:2:19)
    at Layer.handleRequest (C:\react project\x\the-karan-singh-vaidh\the-karan-singh-vaidh\server\node_modules\router\lib\layer.js:152:17)
    at trimPrefix (C:\react project\x\the-karan-singh-vaidh\the-karan-singh-vaidh\server\node_modules\router\index.js:342:13)
    at C:\react project\x\the-karan-singh-vaidh\the-karan-singh-vaidh\server\node_modules\router\index.js:297:9
    at processParams (C:\react project\x\the-karan-singh-vaidh\the-karan-singh-vaidh\server\node_modules\router\index.js:582:12)
    at next (C:\react project\x\the-karan-singh-vaidh\the-karan-singh-vaidh\server\node_modules\router\index.js:291:5)
    at logger (C:\react project\x\the-karan-singh-vaidh\the-karan-singh-vaidh\server\node_modules\morgan\index.js:144:5)
    at Layer.handleRequest (C:\react project\x\the-karan-singh-vaidh\the-karan-singh-vaidh\server\node_modules\router\lib\layer.js:152:17)
    at trimPrefix (C:\react project\x\the-karan-singh-vaidh\the-karan-singh-vaidh\server\node_modules\router\index.js:342:13)
    at C:\react project\x\the-karan-singh-vaidh\the-karan-singh-vaidh\server\node_modules\router\index.js:297:9

[2026-04-15T17:13:33.180Z] 404 - Not Found - /socket.io/?EIO=4&transport=websocket
Error: Not Found - /socket.io/?EIO=4&transport=websocket
    at notFound (C:\react project\x\the-karan-singh-vaidh\the-karan-singh-vaidh\server\middleware\errorMiddleware.js:2:19)
    at Layer.handleRequest (C:\react project\x\the-karan-singh-vaidh\the-karan-singh-vaidh\server\node_modules\router\lib\layer.js:152:17)
    at trimPrefix (C:\react project\x\the-karan-singh-vaidh\the-karan-singh-vaidh\server\node_modules\router\index.js:342:13)
    at C:\react project\x\the-karan-singh-vaidh\the-karan-singh-vaidh\server\node_modules\router\index.js:297:9
    at processParams (C:\react project\x\the-karan-singh-vaidh\the-karan-singh-vaidh\server\node_modules\router\index.js:582:12)
    at next (C:\react project\x\the-karan-singh-vaidh\the-karan-singh-vaidh\server\node_modules\router\index.js:291:5)
    at logger (C:\react project\x\the-karan-singh-vaidh\the-karan-singh-vaidh\server\node_modules\morgan\index.js:144:5)
    at Layer.handleRequest (C:\react project\x\the-karan-singh-vaidh\the-karan-singh-vaidh\server\node_modules\router\lib\layer.js:152:17)
    at trimPrefix (C:\react project\x\the-karan-singh-vaidh\the-karan-singh-vaidh\server\node_modules\router\index.js:342:13)
    at C:\react project\x\the-karan-singh-vaidh\the-karan-singh-vaidh\server\node_modules\router\index.js:297:9

[2026-04-15T17:13:39.178Z] 404 - Not Found - /socket.io/?EIO=4&transport=websocket
Error: Not Found - /socket.io/?EIO=4&transport=websocket
    at notFound (C:\react project\x\the-karan-singh-vaidh\the-karan-singh-vaidh\server\middleware\errorMiddleware.js:2:19)
    at Layer.handleRequest (C:\react project\x\the-karan-singh-vaidh\the-karan-singh-vaidh\server\node_modules\router\lib\layer.js:152:17)
    at trimPrefix (C:\react project\x\the-karan-singh-vaidh\the-karan-singh-vaidh\server\node_modules\router\index.js:342:13)
    at C:\react project\x\the-karan-singh-vaidh\the-karan-singh-vaidh\server\node_modules\router\index.js:297:9
    at processParams (C:\react project\x\the-karan-singh-vaidh\the-karan-singh-vaidh\server\node_modules\router\index.js:582:12)
    at next (C:\react project\x\the-karan-singh-vaidh\the-karan-singh-vaidh\server\node_modules\router\index.js:291:5)
    at logger (C:\react project\x\the-karan-singh-vaidh\the-karan-singh-vaidh\server\node_modules\morgan\index.js:144:5)
    at Layer.handleRequest (C:\react project\x\the-karan-singh-vaidh\the-karan-singh-vaidh\server\node_modules\router\lib\layer.js:152:17)
    at trimPrefix (C:\react project\x\the-karan-singh-vaidh\the-karan-singh-vaidh\server\node_modules\router\index.js:342:13)
    at C:\react project\x\the-karan-singh-vaidh\the-karan-singh-vaidh\server\node_modules\router\index.js:297:9

[2026-04-15T17:13:45.168Z] 404 - Not Found - /socket.io/?EIO=4&transport=websocket
Error: Not Found - /socket.io/?EIO=4&transport=websocket
    at notFound (C:\react project\x\the-karan-singh-vaidh\the-karan-singh-vaidh\server\middleware\errorMiddleware.js:2:19)
    at Layer.handleRequest (C:\react project\x\the-karan-singh-vaidh\the-karan-singh-vaidh\server\node_modules\router\lib\layer.js:152:17)
    at trimPrefix (C:\react project\x\the-karan-singh-vaidh\the-karan-singh-vaidh\server\node_modules\router\index.js:342:13)
    at C:\react project\x\the-karan-singh-vaidh\the-karan-singh-vaidh\server\node_modules\router\index.js:297:9
    at processParams (C:\react project\x\the-karan-singh-vaidh\the-karan-singh-vaidh\server\node_modules\router\index.js:582:12)
    at next (C:\react project\x\the-karan-singh-vaidh\the-karan-singh-vaidh\server\node_modules\router\index.js:291:5)
    at logger (C:\react project\x\the-karan-singh-vaidh\the-karan-singh-vaidh\server\node_modules\morgan\index.js:144:5)
    at Layer.handleRequest (C:\react project\x\the-karan-singh-vaidh\the-karan-singh-vaidh\server\node_modules\router\lib\layer.js:152:17)
    at trimPrefix (C:\react project\x\the-karan-singh-vaidh\the-karan-singh-vaidh\server\node_modules\router\index.js:342:13)
    at C:\react project\x\the-karan-singh-vaidh\the-karan-singh-vaidh\server\node_modules\router\index.js:297:9

[2026-04-15T17:13:51.177Z] 404 - Not Found - /socket.io/?EIO=4&transport=websocket
Error: Not Found - /socket.io/?EIO=4&transport=websocket
    at notFound (C:\react project\x\the-karan-singh-vaidh\the-karan-singh-vaidh\server\middleware\errorMiddleware.js:2:19)
    at Layer.handleRequest (C:\react project\x\the-karan-singh-vaidh\the-karan-singh-vaidh\server\node_modules\router\lib\layer.js:152:17)
    at trimPrefix (C:\react project\x\the-karan-singh-vaidh\the-karan-singh-vaidh\server\node_modules\router\index.js:342:13)
    at C:\react project\x\the-karan-singh-vaidh\the-karan-singh-vaidh\server\node_modules\router\index.js:297:9
    at processParams (C:\react project\x\the-karan-singh-vaidh\the-karan-singh-vaidh\server\node_modules\router\index.js:582:12)
    at next (C:\react project\x\the-karan-singh-vaidh\the-karan-singh-vaidh\server\node_modules\router\index.js:291:5)
    at logger (C:\react project\x\the-karan-singh-vaidh\the-karan-singh-vaidh\server\node_modules\morgan\index.js:144:5)
    at Layer.handleRequest (C:\react project\x\the-karan-singh-vaidh\the-karan-singh-vaidh\server\node_modules\router\lib\layer.js:152:17)
    at trimPrefix (C:\react project\x\the-karan-singh-vaidh\the-karan-singh-vaidh\server\node_modules\router\index.js:342:13)
    at C:\react project\x\the-karan-singh-vaidh\the-karan-singh-vaidh\server\node_modules\router\index.js:297:9

[2026-04-15T17:13:57.230Z] 404 - Not Found - /socket.io/?EIO=4&transport=websocket
Error: Not Found - /socket.io/?EIO=4&transport=websocket
    at notFound (C:\react project\x\the-karan-singh-vaidh\the-karan-singh-vaidh\server\middleware\errorMiddleware.js:2:19)
    at Layer.handleRequest (C:\react project\x\the-karan-singh-vaidh\the-karan-singh-vaidh\server\node_modules\router\lib\layer.js:152:17)
    at trimPrefix (C:\react project\x\the-karan-singh-vaidh\the-karan-singh-vaidh\server\node_modules\router\index.js:342:13)
    at C:\react project\x\the-karan-singh-vaidh\the-karan-singh-vaidh\server\node_modules\router\index.js:297:9
    at processParams (C:\react project\x\the-karan-singh-vaidh\the-karan-singh-vaidh\server\node_modules\router\index.js:582:12)
    at next (C:\react project\x\the-karan-singh-vaidh\the-karan-singh-vaidh\server\node_modules\router\index.js:291:5)
    at logger (C:\react project\x\the-karan-singh-vaidh\the-karan-singh-vaidh\server\node_modules\morgan\index.js:144:5)
    at Layer.handleRequest (C:\react project\x\the-karan-singh-vaidh\the-karan-singh-vaidh\server\node_modules\router\lib\layer.js:152:17)
    at trimPrefix (C:\react project\x\the-karan-singh-vaidh\the-karan-singh-vaidh\server\node_modules\router\index.js:342:13)
    at C:\react project\x\the-karan-singh-vaidh\the-karan-singh-vaidh\server\node_modules\router\index.js:297:9

[2026-04-15T17:14:03.259Z] 404 - Not Found - /socket.io/?EIO=4&transport=websocket
Error: Not Found - /socket.io/?EIO=4&transport=websocket
    at notFound (C:\react project\x\the-karan-singh-vaidh\the-karan-singh-vaidh\server\middleware\errorMiddleware.js:2:19)
    at Layer.handleRequest (C:\react project\x\the-karan-singh-vaidh\the-karan-singh-vaidh\server\node_modules\router\lib\layer.js:152:17)
    at trimPrefix (C:\react project\x\the-karan-singh-vaidh\the-karan-singh-vaidh\server\node_modules\router\index.js:342:13)
    at C:\react project\x\the-karan-singh-vaidh\the-karan-singh-vaidh\server\node_modules\router\index.js:297:9
    at processParams (C:\react project\x\the-karan-singh-vaidh\the-karan-singh-vaidh\server\node_modules\router\index.js:582:12)
    at next (C:\react project\x\the-karan-singh-vaidh\the-karan-singh-vaidh\server\node_modules\router\index.js:291:5)
    at logger (C:\react project\x\the-karan-singh-vaidh\the-karan-singh-vaidh\server\node_modules\morgan\index.js:144:5)
    at Layer.handleRequest (C:\react project\x\the-karan-singh-vaidh\the-karan-singh-vaidh\server\node_modules\router\lib\layer.js:152:17)
    at trimPrefix (C:\react project\x\the-karan-singh-vaidh\the-karan-singh-vaidh\server\node_modules\router\index.js:342:13)
    at C:\react project\x\the-karan-singh-vaidh\the-karan-singh-vaidh\server\node_modules\router\index.js:297:9

[2026-04-15T17:14:09.233Z] 404 - Not Found - /socket.io/?EIO=4&transport=websocket
Error: Not Found - /socket.io/?EIO=4&transport=websocket
    at notFound (C:\react project\x\the-karan-singh-vaidh\the-karan-singh-vaidh\server\middleware\errorMiddleware.js:2:19)
    at Layer.handleRequest (C:\react project\x\the-karan-singh-vaidh\the-karan-singh-vaidh\server\node_modules\router\lib\layer.js:152:17)
    at trimPrefix (C:\react project\x\the-karan-singh-vaidh\the-karan-singh-vaidh\server\node_modules\router\index.js:342:13)
    at C:\react project\x\the-karan-singh-vaidh\the-karan-singh-vaidh\server\node_modules\router\index.js:297:9
    at processParams (C:\react project\x\the-karan-singh-vaidh\the-karan-singh-vaidh\server\node_modules\router\index.js:582:12)
    at next (C:\react project\x\the-karan-singh-vaidh\the-karan-singh-vaidh\server\node_modules\router\index.js:291:5)
    at logger (C:\react project\x\the-karan-singh-vaidh\the-karan-singh-vaidh\server\node_modules\morgan\index.js:144:5)
    at Layer.handleRequest (C:\react project\x\the-karan-singh-vaidh\the-karan-singh-vaidh\server\node_modules\router\lib\layer.js:152:17)
    at trimPrefix (C:\react project\x\the-karan-singh-vaidh\the-karan-singh-vaidh\server\node_modules\router\index.js:342:13)
    at C:\react project\x\the-karan-singh-vaidh\the-karan-singh-vaidh\server\node_modules\router\index.js:297:9

[2026-04-15T17:14:15.530Z] 404 - Not Found - /socket.io/?EIO=4&transport=websocket
Error: Not Found - /socket.io/?EIO=4&transport=websocket
    at notFound (C:\react project\x\the-karan-singh-vaidh\the-karan-singh-vaidh\server\middleware\errorMiddleware.js:2:19)
    at Layer.handleRequest (C:\react project\x\the-karan-singh-vaidh\the-karan-singh-vaidh\server\node_modules\router\lib\layer.js:152:17)
    at trimPrefix (C:\react project\x\the-karan-singh-vaidh\the-karan-singh-vaidh\server\node_modules\router\index.js:342:13)
    at C:\react project\x\the-karan-singh-vaidh\the-karan-singh-vaidh\server\node_modules\router\index.js:297:9
    at processParams (C:\react project\x\the-karan-singh-vaidh\the-karan-singh-vaidh\server\node_modules\router\index.js:582:12)
    at next (C:\react project\x\the-karan-singh-vaidh\the-karan-singh-vaidh\server\node_modules\router\index.js:291:5)
    at logger (C:\react project\x\the-karan-singh-vaidh\the-karan-singh-vaidh\server\node_modules\morgan\index.js:144:5)
    at Layer.handleRequest (C:\react project\x\the-karan-singh-vaidh\the-karan-singh-vaidh\server\node_modules\router\lib\layer.js:152:17)
    at trimPrefix (C:\react project\x\the-karan-singh-vaidh\the-karan-singh-vaidh\server\node_modules\router\index.js:342:13)
    at C:\react project\x\the-karan-singh-vaidh\the-karan-singh-vaidh\server\node_modules\router\index.js:297:9

[2026-04-15T17:14:21.494Z] 404 - Not Found - /socket.io/?EIO=4&transport=websocket
Error: Not Found - /socket.io/?EIO=4&transport=websocket
    at notFound (C:\react project\x\the-karan-singh-vaidh\the-karan-singh-vaidh\server\middleware\errorMiddleware.js:2:19)
    at Layer.handleRequest (C:\react project\x\the-karan-singh-vaidh\the-karan-singh-vaidh\server\node_modules\router\lib\layer.js:152:17)
    at trimPrefix (C:\react project\x\the-karan-singh-vaidh\the-karan-singh-vaidh\server\node_modules\router\index.js:342:13)
    at C:\react project\x\the-karan-singh-vaidh\the-karan-singh-vaidh\server\node_modules\router\index.js:297:9
    at processParams (C:\react project\x\the-karan-singh-vaidh\the-karan-singh-vaidh\server\node_modules\router\index.js:582:12)
    at next (C:\react project\x\the-karan-singh-vaidh\the-karan-singh-vaidh\server\node_modules\router\index.js:291:5)
    at logger (C:\react project\x\the-karan-singh-vaidh\the-karan-singh-vaidh\server\node_modules\morgan\index.js:144:5)
    at Layer.handleRequest (C:\react project\x\the-karan-singh-vaidh\the-karan-singh-vaidh\server\node_modules\router\lib\layer.js:152:17)
    at trimPrefix (C:\react project\x\the-karan-singh-vaidh\the-karan-singh-vaidh\server\node_modules\router\index.js:342:13)
    at C:\react project\x\the-karan-singh-vaidh\the-karan-singh-vaidh\server\node_modules\router\index.js:297:9

[2026-04-15T17:14:29.412Z] 404 - Not Found - /socket.io/?EIO=4&transport=websocket
Error: Not Found - /socket.io/?EIO=4&transport=websocket
    at notFound (C:\react project\x\the-karan-singh-vaidh\the-karan-singh-vaidh\server\middleware\errorMiddleware.js:2:19)
    at Layer.handleRequest (C:\react project\x\the-karan-singh-vaidh\the-karan-singh-vaidh\server\node_modules\router\lib\layer.js:152:17)
    at trimPrefix (C:\react project\x\the-karan-singh-vaidh\the-karan-singh-vaidh\server\node_modules\router\index.js:342:13)
    at C:\react project\x\the-karan-singh-vaidh\the-karan-singh-vaidh\server\node_modules\router\index.js:297:9
    at processParams (C:\react project\x\the-karan-singh-vaidh\the-karan-singh-vaidh\server\node_modules\router\index.js:582:12)
    at next (C:\react project\x\the-karan-singh-vaidh\the-karan-singh-vaidh\server\node_modules\router\index.js:291:5)
    at logger (C:\react project\x\the-karan-singh-vaidh\the-karan-singh-vaidh\server\node_modules\morgan\index.js:144:5)
    at Layer.handleRequest (C:\react project\x\the-karan-singh-vaidh\the-karan-singh-vaidh\server\node_modules\router\lib\layer.js:152:17)
    at trimPrefix (C:\react project\x\the-karan-singh-vaidh\the-karan-singh-vaidh\server\node_modules\router\index.js:342:13)
    at C:\react project\x\the-karan-singh-vaidh\the-karan-singh-vaidh\server\node_modules\router\index.js:297:9

[2026-04-15T17:14:39.437Z] 404 - Not Found - /socket.io/?EIO=4&transport=websocket
Error: Not Found - /socket.io/?EIO=4&transport=websocket
    at notFound (C:\react project\x\the-karan-singh-vaidh\the-karan-singh-vaidh\server\middleware\errorMiddleware.js:2:19)
    at Layer.handleRequest (C:\react project\x\the-karan-singh-vaidh\the-karan-singh-vaidh\server\node_modules\router\lib\layer.js:152:17)
    at trimPrefix (C:\react project\x\the-karan-singh-vaidh\the-karan-singh-vaidh\server\node_modules\router\index.js:342:13)
    at C:\react project\x\the-karan-singh-vaidh\the-karan-singh-vaidh\server\node_modules\router\index.js:297:9
    at processParams (C:\react project\x\the-karan-singh-vaidh\the-karan-singh-vaidh\server\node_modules\router\index.js:582:12)
    at next (C:\react project\x\the-karan-singh-vaidh\the-karan-singh-vaidh\server\node_modules\router\index.js:291:5)
    at logger (C:\react project\x\the-karan-singh-vaidh\the-karan-singh-vaidh\server\node_modules\morgan\index.js:144:5)
    at Layer.handleRequest (C:\react project\x\the-karan-singh-vaidh\the-karan-singh-vaidh\server\node_modules\router\lib\layer.js:152:17)
    at trimPrefix (C:\react project\x\the-karan-singh-vaidh\the-karan-singh-vaidh\server\node_modules\router\index.js:342:13)
    at C:\react project\x\the-karan-singh-vaidh\the-karan-singh-vaidh\server\node_modules\router\index.js:297:9

[2026-04-15T17:14:47.078Z] 404 - Not Found - /socket.io/?EIO=4&transport=websocket
Error: Not Found - /socket.io/?EIO=4&transport=websocket
    at notFound (C:\react project\x\the-karan-singh-vaidh\the-karan-singh-vaidh\server\middleware\errorMiddleware.js:2:19)
    at Layer.handleRequest (C:\react project\x\the-karan-singh-vaidh\the-karan-singh-vaidh\server\node_modules\router\lib\layer.js:152:17)
    at trimPrefix (C:\react project\x\the-karan-singh-vaidh\the-karan-singh-vaidh\server\node_modules\router\index.js:342:13)
    at C:\react project\x\the-karan-singh-vaidh\the-karan-singh-vaidh\server\node_modules\router\index.js:297:9
    at processParams (C:\react project\x\the-karan-singh-vaidh\the-karan-singh-vaidh\server\node_modules\router\index.js:582:12)
    at next (C:\react project\x\the-karan-singh-vaidh\the-karan-singh-vaidh\server\node_modules\router\index.js:291:5)
    at logger (C:\react project\x\the-karan-singh-vaidh\the-karan-singh-vaidh\server\node_modules\morgan\index.js:144:5)
    at Layer.handleRequest (C:\react project\x\the-karan-singh-vaidh\the-karan-singh-vaidh\server\node_modules\router\lib\layer.js:152:17)
    at trimPrefix (C:\react project\x\the-karan-singh-vaidh\the-karan-singh-vaidh\server\node_modules\router\index.js:342:13)
    at C:\react project\x\the-karan-singh-vaidh\the-karan-singh-vaidh\server\node_modules\router\index.js:297:9

[2026-04-15T17:14:55.328Z] 404 - Not Found - /socket.io/?EIO=4&transport=websocket
Error: Not Found - /socket.io/?EIO=4&transport=websocket
    at notFound (C:\react project\x\the-karan-singh-vaidh\the-karan-singh-vaidh\server\middleware\errorMiddleware.js:2:19)
    at Layer.handleRequest (C:\react project\x\the-karan-singh-vaidh\the-karan-singh-vaidh\server\node_modules\router\lib\layer.js:152:17)
    at trimPrefix (C:\react project\x\the-karan-singh-vaidh\the-karan-singh-vaidh\server\node_modules\router\index.js:342:13)
    at C:\react project\x\the-karan-singh-vaidh\the-karan-singh-vaidh\server\node_modules\router\index.js:297:9
    at processParams (C:\react project\x\the-karan-singh-vaidh\the-karan-singh-vaidh\server\node_modules\router\index.js:582:12)
    at next (C:\react project\x\the-karan-singh-vaidh\the-karan-singh-vaidh\server\node_modules\router\index.js:291:5)
    at logger (C:\react project\x\the-karan-singh-vaidh\the-karan-singh-vaidh\server\node_modules\morgan\index.js:144:5)
    at Layer.handleRequest (C:\react project\x\the-karan-singh-vaidh\the-karan-singh-vaidh\server\node_modules\router\lib\layer.js:152:17)
    at trimPrefix (C:\react project\x\the-karan-singh-vaidh\the-karan-singh-vaidh\server\node_modules\router\index.js:342:13)
    at C:\react project\x\the-karan-singh-vaidh\the-karan-singh-vaidh\server\node_modules\router\index.js:297:9

[2026-04-15T17:15:05.974Z] 404 - Not Found - /socket.io/?EIO=4&transport=websocket
Error: Not Found - /socket.io/?EIO=4&transport=websocket
    at notFound (C:\react project\x\the-karan-singh-vaidh\the-karan-singh-vaidh\server\middleware\errorMiddleware.js:2:19)
    at Layer.handleRequest (C:\react project\x\the-karan-singh-vaidh\the-karan-singh-vaidh\server\node_modules\router\lib\layer.js:152:17)
    at trimPrefix (C:\react project\x\the-karan-singh-vaidh\the-karan-singh-vaidh\server\node_modules\router\index.js:342:13)
    at C:\react project\x\the-karan-singh-vaidh\the-karan-singh-vaidh\server\node_modules\router\index.js:297:9
    at processParams (C:\react project\x\the-karan-singh-vaidh\the-karan-singh-vaidh\server\node_modules\router\index.js:582:12)
    at next (C:\react project\x\the-karan-singh-vaidh\the-karan-singh-vaidh\server\node_modules\router\index.js:291:5)
    at logger (C:\react project\x\the-karan-singh-vaidh\the-karan-singh-vaidh\server\node_modules\morgan\index.js:144:5)
    at Layer.handleRequest (C:\react project\x\the-karan-singh-vaidh\the-karan-singh-vaidh\server\node_modules\router\lib\layer.js:152:17)
    at trimPrefix (C:\react project\x\the-karan-singh-vaidh\the-karan-singh-vaidh\server\node_modules\router\index.js:342:13)
    at C:\react project\x\the-karan-singh-vaidh\the-karan-singh-vaidh\server\node_modules\router\index.js:297:9

[2026-04-18T06:14:23.159Z] 404 - Not Found - /socket.io/?EIO=4&transport=websocket
Error: Not Found - /socket.io/?EIO=4&transport=websocket
    at notFound (C:\react project\x\the-karan-singh-vaidh\the-karan-singh-vaidh\server\middleware\errorMiddleware.js:2:19)
    at Layer.handleRequest (C:\react project\x\the-karan-singh-vaidh\the-karan-singh-vaidh\server\node_modules\router\lib\layer.js:152:17)
    at trimPrefix (C:\react project\x\the-karan-singh-vaidh\the-karan-singh-vaidh\server\node_modules\router\index.js:342:13)
    at C:\react project\x\the-karan-singh-vaidh\the-karan-singh-vaidh\server\node_modules\router\index.js:297:9
    at processParams (C:\react project\x\the-karan-singh-vaidh\the-karan-singh-vaidh\server\node_modules\router\index.js:582:12)
    at next (C:\react project\x\the-karan-singh-vaidh\the-karan-singh-vaidh\server\node_modules\router\index.js:291:5)
    at logger (C:\react project\x\the-karan-singh-vaidh\the-karan-singh-vaidh\server\node_modules\morgan\index.js:144:5)
    at Layer.handleRequest (C:\react project\x\the-karan-singh-vaidh\the-karan-singh-vaidh\server\node_modules\router\lib\layer.js:152:17)
    at trimPrefix (C:\react project\x\the-karan-singh-vaidh\the-karan-singh-vaidh\server\node_modules\router\index.js:342:13)
    at C:\react project\x\the-karan-singh-vaidh\the-karan-singh-vaidh\server\node_modules\router\index.js:297:9

[2026-04-18T06:14:29.153Z] 404 - Not Found - /socket.io/?EIO=4&transport=websocket
Error: Not Found - /socket.io/?EIO=4&transport=websocket
    at notFound (C:\react project\x\the-karan-singh-vaidh\the-karan-singh-vaidh\server\middleware\errorMiddleware.js:2:19)
    at Layer.handleRequest (C:\react project\x\the-karan-singh-vaidh\the-karan-singh-vaidh\server\node_modules\router\lib\layer.js:152:17)
    at trimPrefix (C:\react project\x\the-karan-singh-vaidh\the-karan-singh-vaidh\server\node_modules\router\index.js:342:13)
    at C:\react project\x\the-karan-singh-vaidh\the-karan-singh-vaidh\server\node_modules\router\index.js:297:9
    at processParams (C:\react project\x\the-karan-singh-vaidh\the-karan-singh-vaidh\server\node_modules\router\index.js:582:12)
    at next (C:\react project\x\the-karan-singh-vaidh\the-karan-singh-vaidh\server\node_modules\router\index.js:291:5)
    at logger (C:\react project\x\the-karan-singh-vaidh\the-karan-singh-vaidh\server\node_modules\morgan\index.js:144:5)
    at Layer.handleRequest (C:\react project\x\the-karan-singh-vaidh\the-karan-singh-vaidh\server\node_modules\router\lib\layer.js:152:17)
    at trimPrefix (C:\react project\x\the-karan-singh-vaidh\the-karan-singh-vaidh\server\node_modules\router\index.js:342:13)
    at C:\react project\x\the-karan-singh-vaidh\the-karan-singh-vaidh\server\node_modules\router\index.js:297:9

[2026-04-18T06:14:35.166Z] 404 - Not Found - /socket.io/?EIO=4&transport=websocket
Error: Not Found - /socket.io/?EIO=4&transport=websocket
    at notFound (C:\react project\x\the-karan-singh-vaidh\the-karan-singh-vaidh\server\middleware\errorMiddleware.js:2:19)
    at Layer.handleRequest (C:\react project\x\the-karan-singh-vaidh\the-karan-singh-vaidh\server\node_modules\router\lib\layer.js:152:17)
    at trimPrefix (C:\react project\x\the-karan-singh-vaidh\the-karan-singh-vaidh\server\node_modules\router\index.js:342:13)
    at C:\react project\x\the-karan-singh-vaidh\the-karan-singh-vaidh\server\node_modules\router\index.js:297:9
    at processParams (C:\react project\x\the-karan-singh-vaidh\the-karan-singh-vaidh\server\node_modules\router\index.js:582:12)
    at next (C:\react project\x\the-karan-singh-vaidh\the-karan-singh-vaidh\server\node_modules\router\index.js:291:5)
    at logger (C:\react project\x\the-karan-singh-vaidh\the-karan-singh-vaidh\server\node_modules\morgan\index.js:144:5)
    at Layer.handleRequest (C:\react project\x\the-karan-singh-vaidh\the-karan-singh-vaidh\server\node_modules\router\lib\layer.js:152:17)
    at trimPrefix (C:\react project\x\the-karan-singh-vaidh\the-karan-singh-vaidh\server\node_modules\router\index.js:342:13)
    at C:\react project\x\the-karan-singh-vaidh\the-karan-singh-vaidh\server\node_modules\router\index.js:297:9

[2026-04-18T06:14:41.167Z] 404 - Not Found - /socket.io/?EIO=4&transport=websocket
Error: Not Found - /socket.io/?EIO=4&transport=websocket
    at notFound (C:\react project\x\the-karan-singh-vaidh\the-karan-singh-vaidh\server\middleware\errorMiddleware.js:2:19)
    at Layer.handleRequest (C:\react project\x\the-karan-singh-vaidh\the-karan-singh-vaidh\server\node_modules\router\lib\layer.js:152:17)
    at trimPrefix (C:\react project\x\the-karan-singh-vaidh\the-karan-singh-vaidh\server\node_modules\router\index.js:342:13)
    at C:\react project\x\the-karan-singh-vaidh\the-karan-singh-vaidh\server\node_modules\router\index.js:297:9
    at processParams (C:\react project\x\the-karan-singh-vaidh\the-karan-singh-vaidh\server\node_modules\router\index.js:582:12)
    at next (C:\react project\x\the-karan-singh-vaidh\the-karan-singh-vaidh\server\node_modules\router\index.js:291:5)
    at logger (C:\react project\x\the-karan-singh-vaidh\the-karan-singh-vaidh\server\node_modules\morgan\index.js:144:5)
    at Layer.handleRequest (C:\react project\x\the-karan-singh-vaidh\the-karan-singh-vaidh\server\node_modules\router\lib\layer.js:152:17)
    at trimPrefix (C:\react project\x\the-karan-singh-vaidh\the-karan-singh-vaidh\server\node_modules\router\index.js:342:13)
    at C:\react project\x\the-karan-singh-vaidh\the-karan-singh-vaidh\server\node_modules\router\index.js:297:9

[2026-04-18T06:14:47.167Z] 404 - Not Found - /socket.io/?EIO=4&transport=websocket
Error: Not Found - /socket.io/?EIO=4&transport=websocket
    at notFound (C:\react project\x\the-karan-singh-vaidh\the-karan-singh-vaidh\server\middleware\errorMiddleware.js:2:19)
    at Layer.handleRequest (C:\react project\x\the-karan-singh-vaidh\the-karan-singh-vaidh\server\node_modules\router\lib\layer.js:152:17)
    at trimPrefix (C:\react project\x\the-karan-singh-vaidh\the-karan-singh-vaidh\server\node_modules\router\index.js:342:13)
    at C:\react project\x\the-karan-singh-vaidh\the-karan-singh-vaidh\server\node_modules\router\index.js:297:9
    at processParams (C:\react project\x\the-karan-singh-vaidh\the-karan-singh-vaidh\server\node_modules\router\index.js:582:12)
    at next (C:\react project\x\the-karan-singh-vaidh\the-karan-singh-vaidh\server\node_modules\router\index.js:291:5)
    at logger (C:\react project\x\the-karan-singh-vaidh\the-karan-singh-vaidh\server\node_modules\morgan\index.js:144:5)
    at Layer.handleRequest (C:\react project\x\the-karan-singh-vaidh\the-karan-singh-vaidh\server\node_modules\router\lib\layer.js:152:17)
    at trimPrefix (C:\react project\x\the-karan-singh-vaidh\the-karan-singh-vaidh\server\node_modules\router\index.js:342:13)
    at C:\react project\x\the-karan-singh-vaidh\the-karan-singh-vaidh\server\node_modules\router\index.js:297:9

[2026-04-18T06:14:53.173Z] 404 - Not Found - /socket.io/?EIO=4&transport=websocket
Error: Not Found - /socket.io/?EIO=4&transport=websocket
    at notFound (C:\react project\x\the-karan-singh-vaidh\the-karan-singh-vaidh\server\middleware\errorMiddleware.js:2:19)
    at Layer.handleRequest (C:\react project\x\the-karan-singh-vaidh\the-karan-singh-vaidh\server\node_modules\router\lib\layer.js:152:17)
    at trimPrefix (C:\react project\x\the-karan-singh-vaidh\the-karan-singh-vaidh\server\node_modules\router\index.js:342:13)
    at C:\react project\x\the-karan-singh-vaidh\the-karan-singh-vaidh\server\node_modules\router\index.js:297:9
    at processParams (C:\react project\x\the-karan-singh-vaidh\the-karan-singh-vaidh\server\node_modules\router\index.js:582:12)
    at next (C:\react project\x\the-karan-singh-vaidh\the-karan-singh-vaidh\server\node_modules\router\index.js:291:5)
    at logger (C:\react project\x\the-karan-singh-vaidh\the-karan-singh-vaidh\server\node_modules\morgan\index.js:144:5)
    at Layer.handleRequest (C:\react project\x\the-karan-singh-vaidh\the-karan-singh-vaidh\server\node_modules\router\lib\layer.js:152:17)
    at trimPrefix (C:\react project\x\the-karan-singh-vaidh\the-karan-singh-vaidh\server\node_modules\router\index.js:342:13)
    at C:\react project\x\the-karan-singh-vaidh\the-karan-singh-vaidh\server\node_modules\router\index.js:297:9

[2026-04-18T06:14:59.173Z] 404 - Not Found - /socket.io/?EIO=4&transport=websocket
Error: Not Found - /socket.io/?EIO=4&transport=websocket
    at notFound (C:\react project\x\the-karan-singh-vaidh\the-karan-singh-vaidh\server\middleware\errorMiddleware.js:2:19)
    at Layer.handleRequest (C:\react project\x\the-karan-singh-vaidh\the-karan-singh-vaidh\server\node_modules\router\lib\layer.js:152:17)
    at trimPrefix (C:\react project\x\the-karan-singh-vaidh\the-karan-singh-vaidh\server\node_modules\router\index.js:342:13)
    at C:\react project\x\the-karan-singh-vaidh\the-karan-singh-vaidh\server\node_modules\router\index.js:297:9
    at processParams (C:\react project\x\the-karan-singh-vaidh\the-karan-singh-vaidh\server\node_modules\router\index.js:582:12)
    at next (C:\react project\x\the-karan-singh-vaidh\the-karan-singh-vaidh\server\node_modules\router\index.js:291:5)
    at logger (C:\react project\x\the-karan-singh-vaidh\the-karan-singh-vaidh\server\node_modules\morgan\index.js:144:5)
    at Layer.handleRequest (C:\react project\x\the-karan-singh-vaidh\the-karan-singh-vaidh\server\node_modules\router\lib\layer.js:152:17)
    at trimPrefix (C:\react project\x\the-karan-singh-vaidh\the-karan-singh-vaidh\server\node_modules\router\index.js:342:13)
    at C:\react project\x\the-karan-singh-vaidh\the-karan-singh-vaidh\server\node_modules\router\index.js:297:9

[2026-04-18T06:15:05.183Z] 404 - Not Found - /socket.io/?EIO=4&transport=websocket
Error: Not Found - /socket.io/?EIO=4&transport=websocket
    at notFound (C:\react project\x\the-karan-singh-vaidh\the-karan-singh-vaidh\server\middleware\errorMiddleware.js:2:19)
    at Layer.handleRequest (C:\react project\x\the-karan-singh-vaidh\the-karan-singh-vaidh\server\node_modules\router\lib\layer.js:152:17)
    at trimPrefix (C:\react project\x\the-karan-singh-vaidh\the-karan-singh-vaidh\server\node_modules\router\index.js:342:13)
    at C:\react project\x\the-karan-singh-vaidh\the-karan-singh-vaidh\server\node_modules\router\index.js:297:9
    at processParams (C:\react project\x\the-karan-singh-vaidh\the-karan-singh-vaidh\server\node_modules\router\index.js:582:12)
    at next (C:\react project\x\the-karan-singh-vaidh\the-karan-singh-vaidh\server\node_modules\router\index.js:291:5)
    at logger (C:\react project\x\the-karan-singh-vaidh\the-karan-singh-vaidh\server\node_modules\morgan\index.js:144:5)
    at Layer.handleRequest (C:\react project\x\the-karan-singh-vaidh\the-karan-singh-vaidh\server\node_modules\router\lib\layer.js:152:17)
    at trimPrefix (C:\react project\x\the-karan-singh-vaidh\the-karan-singh-vaidh\server\node_modules\router\index.js:342:13)
    at C:\react project\x\the-karan-singh-vaidh\the-karan-singh-vaidh\server\node_modules\router\index.js:297:9

[2026-04-18T06:15:11.181Z] 404 - Not Found - /socket.io/?EIO=4&transport=websocket
Error: Not Found - /socket.io/?EIO=4&transport=websocket
    at notFound (C:\react project\x\the-karan-singh-vaidh\the-karan-singh-vaidh\server\middleware\errorMiddleware.js:2:19)
    at Layer.handleRequest (C:\react project\x\the-karan-singh-vaidh\the-karan-singh-vaidh\server\node_modules\router\lib\layer.js:152:17)
    at trimPrefix (C:\react project\x\the-karan-singh-vaidh\the-karan-singh-vaidh\server\node_modules\router\index.js:342:13)
    at C:\react project\x\the-karan-singh-vaidh\the-karan-singh-vaidh\server\node_modules\router\index.js:297:9
    at processParams (C:\react project\x\the-karan-singh-vaidh\the-karan-singh-vaidh\server\node_modules\router\index.js:582:12)
    at next (C:\react project\x\the-karan-singh-vaidh\the-karan-singh-vaidh\server\node_modules\router\index.js:291:5)
    at logger (C:\react project\x\the-karan-singh-vaidh\the-karan-singh-vaidh\server\node_modules\morgan\index.js:144:5)
    at Layer.handleRequest (C:\react project\x\the-karan-singh-vaidh\the-karan-singh-vaidh\server\node_modules\router\lib\layer.js:152:17)
    at trimPrefix (C:\react project\x\the-karan-singh-vaidh\the-karan-singh-vaidh\server\node_modules\router\index.js:342:13)
    at C:\react project\x\the-karan-singh-vaidh\the-karan-singh-vaidh\server\node_modules\router\index.js:297:9

[2026-04-18T06:15:17.195Z] 404 - Not Found - /socket.io/?EIO=4&transport=websocket
Error: Not Found - /socket.io/?EIO=4&transport=websocket
    at notFound (C:\react project\x\the-karan-singh-vaidh\the-karan-singh-vaidh\server\middleware\errorMiddleware.js:2:19)
    at Layer.handleRequest (C:\react project\x\the-karan-singh-vaidh\the-karan-singh-vaidh\server\node_modules\router\lib\layer.js:152:17)
    at trimPrefix (C:\react project\x\the-karan-singh-vaidh\the-karan-singh-vaidh\server\node_modules\router\index.js:342:13)
    at C:\react project\x\the-karan-singh-vaidh\the-karan-singh-vaidh\server\node_modules\router\index.js:297:9
    at processParams (C:\react project\x\the-karan-singh-vaidh\the-karan-singh-vaidh\server\node_modules\router\index.js:582:12)
    at next (C:\react project\x\the-karan-singh-vaidh\the-karan-singh-vaidh\server\node_modules\router\index.js:291:5)
    at logger (C:\react project\x\the-karan-singh-vaidh\the-karan-singh-vaidh\server\node_modules\morgan\index.js:144:5)
    at Layer.handleRequest (C:\react project\x\the-karan-singh-vaidh\the-karan-singh-vaidh\server\node_modules\router\lib\layer.js:152:17)
    at trimPrefix (C:\react project\x\the-karan-singh-vaidh\the-karan-singh-vaidh\server\node_modules\router\index.js:342:13)
    at C:\react project\x\the-karan-singh-vaidh\the-karan-singh-vaidh\server\node_modules\router\index.js:297:9

[2026-04-18T06:15:23.189Z] 404 - Not Found - /socket.io/?EIO=4&transport=websocket
Error: Not Found - /socket.io/?EIO=4&transport=websocket
    at notFound (C:\react project\x\the-karan-singh-vaidh\the-karan-singh-vaidh\server\middleware\errorMiddleware.js:2:19)
    at Layer.handleRequest (C:\react project\x\the-karan-singh-vaidh\the-karan-singh-vaidh\server\node_modules\router\lib\layer.js:152:17)
    at trimPrefix (C:\react project\x\the-karan-singh-vaidh\the-karan-singh-vaidh\server\node_modules\router\index.js:342:13)
    at C:\react project\x\the-karan-singh-vaidh\the-karan-singh-vaidh\server\node_modules\router\index.js:297:9
    at processParams (C:\react project\x\the-karan-singh-vaidh\the-karan-singh-vaidh\server\node_modules\router\index.js:582:12)
    at next (C:\react project\x\the-karan-singh-vaidh\the-karan-singh-vaidh\server\node_modules\router\index.js:291:5)
    at logger (C:\react project\x\the-karan-singh-vaidh\the-karan-singh-vaidh\server\node_modules\morgan\index.js:144:5)
    at Layer.handleRequest (C:\react project\x\the-karan-singh-vaidh\the-karan-singh-vaidh\server\node_modules\router\lib\layer.js:152:17)
    at trimPrefix (C:\react project\x\the-karan-singh-vaidh\the-karan-singh-vaidh\server\node_modules\router\index.js:342:13)
    at C:\react project\x\the-karan-singh-vaidh\the-karan-singh-vaidh\server\node_modules\router\index.js:297:9

[2026-04-18T06:15:29.303Z] 404 - Not Found - /socket.io/?EIO=4&transport=websocket
Error: Not Found - /socket.io/?EIO=4&transport=websocket
    at notFound (C:\react project\x\the-karan-singh-vaidh\the-karan-singh-vaidh\server\middleware\errorMiddleware.js:2:19)
    at Layer.handleRequest (C:\react project\x\the-karan-singh-vaidh\the-karan-singh-vaidh\server\node_modules\router\lib\layer.js:152:17)
    at trimPrefix (C:\react project\x\the-karan-singh-vaidh\the-karan-singh-vaidh\server\node_modules\router\index.js:342:13)
    at C:\react project\x\the-karan-singh-vaidh\the-karan-singh-vaidh\server\node_modules\router\index.js:297:9
    at processParams (C:\react project\x\the-karan-singh-vaidh\the-karan-singh-vaidh\server\node_modules\router\index.js:582:12)
    at next (C:\react project\x\the-karan-singh-vaidh\the-karan-singh-vaidh\server\node_modules\router\index.js:291:5)
    at logger (C:\react project\x\the-karan-singh-vaidh\the-karan-singh-vaidh\server\node_modules\morgan\index.js:144:5)
    at Layer.handleRequest (C:\react project\x\the-karan-singh-vaidh\the-karan-singh-vaidh\server\node_modules\router\lib\layer.js:152:17)
    at trimPrefix (C:\react project\x\the-karan-singh-vaidh\the-karan-singh-vaidh\server\node_modules\router\index.js:342:13)
    at C:\react project\x\the-karan-singh-vaidh\the-karan-singh-vaidh\server\node_modules\router\index.js:297:9

[2026-04-18T06:15:35.313Z] 404 - Not Found - /socket.io/?EIO=4&transport=websocket
Error: Not Found - /socket.io/?EIO=4&transport=websocket
    at notFound (C:\react project\x\the-karan-singh-vaidh\the-karan-singh-vaidh\server\middleware\errorMiddleware.js:2:19)
    at Layer.handleRequest (C:\react project\x\the-karan-singh-vaidh\the-karan-singh-vaidh\server\node_modules\router\lib\layer.js:152:17)
    at trimPrefix (C:\react project\x\the-karan-singh-vaidh\the-karan-singh-vaidh\server\node_modules\router\index.js:342:13)
    at C:\react project\x\the-karan-singh-vaidh\the-karan-singh-vaidh\server\node_modules\router\index.js:297:9
    at processParams (C:\react project\x\the-karan-singh-vaidh\the-karan-singh-vaidh\server\node_modules\router\index.js:582:12)
    at next (C:\react project\x\the-karan-singh-vaidh\the-karan-singh-vaidh\server\node_modules\router\index.js:291:5)
    at logger (C:\react project\x\the-karan-singh-vaidh\the-karan-singh-vaidh\server\node_modules\morgan\index.js:144:5)
    at Layer.handleRequest (C:\react project\x\the-karan-singh-vaidh\the-karan-singh-vaidh\server\node_modules\router\lib\layer.js:152:17)
    at trimPrefix (C:\react project\x\the-karan-singh-vaidh\the-karan-singh-vaidh\server\node_modules\router\index.js:342:13)
    at C:\react project\x\the-karan-singh-vaidh\the-karan-singh-vaidh\server\node_modules\router\index.js:297:9

[2026-04-27T06:51:08.949Z] 404 - Not Found - /api/v1/menus/69e9fcb1f02f9de6f9992b16/dishes
Error: Not Found - /api/v1/menus/69e9fcb1f02f9de6f9992b16/dishes
    at notFound (C:\react project\x\the-karan-singh-vaidh\the-karan-singh-vaidh\server\middleware\errorMiddleware.js:5:19)
    at Layer.handleRequest (C:\react project\x\the-karan-singh-vaidh\the-karan-singh-vaidh\server\node_modules\router\lib\layer.js:152:17)
    at trimPrefix (C:\react project\x\the-karan-singh-vaidh\the-karan-singh-vaidh\server\node_modules\router\index.js:342:13)
    at C:\react project\x\the-karan-singh-vaidh\the-karan-singh-vaidh\server\node_modules\router\index.js:297:9
    at processParams (C:\react project\x\the-karan-singh-vaidh\the-karan-singh-vaidh\server\node_modules\router\index.js:582:12)
    at next (C:\react project\x\the-karan-singh-vaidh\the-karan-singh-vaidh\server\node_modules\router\index.js:291:5)
    at logger (C:\react project\x\the-karan-singh-vaidh\the-karan-singh-vaidh\server\node_modules\morgan\index.js:144:5)
    at Layer.handleRequest (C:\react project\x\the-karan-singh-vaidh\the-karan-singh-vaidh\server\node_modules\router\lib\layer.js:152:17)
    at trimPrefix (C:\react project\x\the-karan-singh-vaidh\the-karan-singh-vaidh\server\node_modules\router\index.js:342:13)
    at C:\react project\x\the-karan-singh-vaidh\the-karan-singh-vaidh\server\node_modules\router\index.js:297:9

[2026-04-27T07:02:41.026Z] 404 - Not Found - /api/v1/auth/me
Error: Not Found - /api/v1/auth/me
    at notFound (C:\react project\x\the-karan-singh-vaidh\the-karan-singh-vaidh\server\middleware\errorMiddleware.js:5:19)
    at Layer.handleRequest (C:\react project\x\the-karan-singh-vaidh\the-karan-singh-vaidh\server\node_modules\router\lib\layer.js:152:17)
    at trimPrefix (C:\react project\x\the-karan-singh-vaidh\the-karan-singh-vaidh\server\node_modules\router\index.js:342:13)
    at C:\react project\x\the-karan-singh-vaidh\the-karan-singh-vaidh\server\node_modules\router\index.js:297:9
    at processParams (C:\react project\x\the-karan-singh-vaidh\the-karan-singh-vaidh\server\node_modules\router\index.js:582:12)
    at next (C:\react project\x\the-karan-singh-vaidh\the-karan-singh-vaidh\server\node_modules\router\index.js:291:5)
    at logger (C:\react project\x\the-karan-singh-vaidh\the-karan-singh-vaidh\server\node_modules\morgan\index.js:144:5)
    at Layer.handleRequest (C:\react project\x\the-karan-singh-vaidh\the-karan-singh-vaidh\server\node_modules\router\lib\layer.js:152:17)
    at trimPrefix (C:\react project\x\the-karan-singh-vaidh\the-karan-singh-vaidh\server\node_modules\router\index.js:342:13)
    at C:\react project\x\the-karan-singh-vaidh\the-karan-singh-vaidh\server\node_modules\router\index.js:297:9

[2026-04-27T07:02:41.032Z] 404 - Not Found - /api/v1/auth/me
Error: Not Found - /api/v1/auth/me
    at notFound (C:\react project\x\the-karan-singh-vaidh\the-karan-singh-vaidh\server\middleware\errorMiddleware.js:5:19)
    at Layer.handleRequest (C:\react project\x\the-karan-singh-vaidh\the-karan-singh-vaidh\server\node_modules\router\lib\layer.js:152:17)
    at trimPrefix (C:\react project\x\the-karan-singh-vaidh\the-karan-singh-vaidh\server\node_modules\router\index.js:342:13)
    at C:\react project\x\the-karan-singh-vaidh\the-karan-singh-vaidh\server\node_modules\router\index.js:297:9
    at processParams (C:\react project\x\the-karan-singh-vaidh\the-karan-singh-vaidh\server\node_modules\router\index.js:582:12)
    at next (C:\react project\x\the-karan-singh-vaidh\the-karan-singh-vaidh\server\node_modules\router\index.js:291:5)
    at logger (C:\react project\x\the-karan-singh-vaidh\the-karan-singh-vaidh\server\node_modules\morgan\index.js:144:5)
    at Layer.handleRequest (C:\react project\x\the-karan-singh-vaidh\the-karan-singh-vaidh\server\node_modules\router\lib\layer.js:152:17)
    at trimPrefix (C:\react project\x\the-karan-singh-vaidh\the-karan-singh-vaidh\server\node_modules\router\index.js:342:13)
    at C:\react project\x\the-karan-singh-vaidh\the-karan-singh-vaidh\server\node_modules\router\index.js:297:9

[2026-04-27T07:02:45.882Z] 404 - Not Found - /api/v1/menus/all
Error: Not Found - /api/v1/menus/all
    at notFound (C:\react project\x\the-karan-singh-vaidh\the-karan-singh-vaidh\server\middleware\errorMiddleware.js:5:19)
    at Layer.handleRequest (C:\react project\x\the-karan-singh-vaidh\the-karan-singh-vaidh\server\node_modules\router\lib\layer.js:152:17)
    at trimPrefix (C:\react project\x\the-karan-singh-vaidh\the-karan-singh-vaidh\server\node_modules\router\index.js:342:13)
    at C:\react project\x\the-karan-singh-vaidh\the-karan-singh-vaidh\server\node_modules\router\index.js:297:9
    at processParams (C:\react project\x\the-karan-singh-vaidh\the-karan-singh-vaidh\server\node_modules\router\index.js:582:12)
    at next (C:\react project\x\the-karan-singh-vaidh\the-karan-singh-vaidh\server\node_modules\router\index.js:291:5)
    at logger (C:\react project\x\the-karan-singh-vaidh\the-karan-singh-vaidh\server\node_modules\morgan\index.js:144:5)
    at Layer.handleRequest (C:\react project\x\the-karan-singh-vaidh\the-karan-singh-vaidh\server\node_modules\router\lib\layer.js:152:17)
    at trimPrefix (C:\react project\x\the-karan-singh-vaidh\the-karan-singh-vaidh\server\node_modules\router\index.js:342:13)
    at C:\react project\x\the-karan-singh-vaidh\the-karan-singh-vaidh\server\node_modules\router\index.js:297:9

[2026-04-27T07:02:45.890Z] 404 - Not Found - /api/v1/menus/all
Error: Not Found - /api/v1/menus/all
    at notFound (C:\react project\x\the-karan-singh-vaidh\the-karan-singh-vaidh\server\middleware\errorMiddleware.js:5:19)
    at Layer.handleRequest (C:\react project\x\the-karan-singh-vaidh\the-karan-singh-vaidh\server\node_modules\router\lib\layer.js:152:17)
    at trimPrefix (C:\react project\x\the-karan-singh-vaidh\the-karan-singh-vaidh\server\node_modules\router\index.js:342:13)
    at C:\react project\x\the-karan-singh-vaidh\the-karan-singh-vaidh\server\node_modules\router\index.js:297:9
    at processParams (C:\react project\x\the-karan-singh-vaidh\the-karan-singh-vaidh\server\node_modules\router\index.js:582:12)
    at next (C:\react project\x\the-karan-singh-vaidh\the-karan-singh-vaidh\server\node_modules\router\index.js:291:5)
    at logger (C:\react project\x\the-karan-singh-vaidh\the-karan-singh-vaidh\server\node_modules\morgan\index.js:144:5)
    at Layer.handleRequest (C:\react project\x\the-karan-singh-vaidh\the-karan-singh-vaidh\server\node_modules\router\lib\layer.js:152:17)
    at trimPrefix (C:\react project\x\the-karan-singh-vaidh\the-karan-singh-vaidh\server\node_modules\router\index.js:342:13)
    at C:\react project\x\the-karan-singh-vaidh\the-karan-singh-vaidh\server\node_modules\router\index.js:297:9

[2026-04-27T07:03:37.616Z] 404 - Not Found - /api/v1/menus/all
Error: Not Found - /api/v1/menus/all
    at notFound (C:\react project\x\the-karan-singh-vaidh\the-karan-singh-vaidh\server\middleware\errorMiddleware.js:5:19)
    at Layer.handleRequest (C:\react project\x\the-karan-singh-vaidh\the-karan-singh-vaidh\server\node_modules\router\lib\layer.js:152:17)
    at trimPrefix (C:\react project\x\the-karan-singh-vaidh\the-karan-singh-vaidh\server\node_modules\router\index.js:342:13)
    at C:\react project\x\the-karan-singh-vaidh\the-karan-singh-vaidh\server\node_modules\router\index.js:297:9
    at processParams (C:\react project\x\the-karan-singh-vaidh\the-karan-singh-vaidh\server\node_modules\router\index.js:582:12)
    at next (C:\react project\x\the-karan-singh-vaidh\the-karan-singh-vaidh\server\node_modules\router\index.js:291:5)
    at logger (C:\react project\x\the-karan-singh-vaidh\the-karan-singh-vaidh\server\node_modules\morgan\index.js:144:5)
    at Layer.handleRequest (C:\react project\x\the-karan-singh-vaidh\the-karan-singh-vaidh\server\node_modules\router\lib\layer.js:152:17)
    at trimPrefix (C:\react project\x\the-karan-singh-vaidh\the-karan-singh-vaidh\server\node_modules\router\index.js:342:13)
    at C:\react project\x\the-karan-singh-vaidh\the-karan-singh-vaidh\server\node_modules\router\index.js:297:9

[2026-04-27T07:06:34.396Z] 404 - Not Found - /api/v1/auth/me
Error: Not Found - /api/v1/auth/me
    at notFound (C:\react project\x\the-karan-singh-vaidh\the-karan-singh-vaidh\server\middleware\errorMiddleware.js:5:19)
    at Layer.handleRequest (C:\react project\x\the-karan-singh-vaidh\the-karan-singh-vaidh\server\node_modules\router\lib\layer.js:152:17)
    at trimPrefix (C:\react project\x\the-karan-singh-vaidh\the-karan-singh-vaidh\server\node_modules\router\index.js:342:13)
    at C:\react project\x\the-karan-singh-vaidh\the-karan-singh-vaidh\server\node_modules\router\index.js:297:9
    at processParams (C:\react project\x\the-karan-singh-vaidh\the-karan-singh-vaidh\server\node_modules\router\index.js:582:12)
    at next (C:\react project\x\the-karan-singh-vaidh\the-karan-singh-vaidh\server\node_modules\router\index.js:291:5)
    at logger (C:\react project\x\the-karan-singh-vaidh\the-karan-singh-vaidh\server\node_modules\morgan\index.js:144:5)
    at Layer.handleRequest (C:\react project\x\the-karan-singh-vaidh\the-karan-singh-vaidh\server\node_modules\router\lib\layer.js:152:17)
    at trimPrefix (C:\react project\x\the-karan-singh-vaidh\the-karan-singh-vaidh\server\node_modules\router\index.js:342:13)
    at C:\react project\x\the-karan-singh-vaidh\the-karan-singh-vaidh\server\node_modules\router\index.js:297:9

[2026-04-27T07:06:34.402Z] 404 - Not Found - /api/v1/auth/me
Error: Not Found - /api/v1/auth/me
    at notFound (C:\react project\x\the-karan-singh-vaidh\the-karan-singh-vaidh\server\middleware\errorMiddleware.js:5:19)
    at Layer.handleRequest (C:\react project\x\the-karan-singh-vaidh\the-karan-singh-vaidh\server\node_modules\router\lib\layer.js:152:17)
    at trimPrefix (C:\react project\x\the-karan-singh-vaidh\the-karan-singh-vaidh\server\node_modules\router\index.js:342:13)
    at C:\react project\x\the-karan-singh-vaidh\the-karan-singh-vaidh\server\node_modules\router\index.js:297:9
    at processParams (C:\react project\x\the-karan-singh-vaidh\the-karan-singh-vaidh\server\node_modules\router\index.js:582:12)
    at next (C:\react project\x\the-karan-singh-vaidh\the-karan-singh-vaidh\server\node_modules\router\index.js:291:5)
    at logger (C:\react project\x\the-karan-singh-vaidh\the-karan-singh-vaidh\server\node_modules\morgan\index.js:144:5)
    at Layer.handleRequest (C:\react project\x\the-karan-singh-vaidh\the-karan-singh-vaidh\server\node_modules\router\lib\layer.js:152:17)
    at trimPrefix (C:\react project\x\the-karan-singh-vaidh\the-karan-singh-vaidh\server\node_modules\router\index.js:342:13)
    at C:\react project\x\the-karan-singh-vaidh\the-karan-singh-vaidh\server\node_modules\router\index.js:297:9

[2026-04-27T07:06:39.853Z] 404 - Not Found - /api/v1/menus/all
Error: Not Found - /api/v1/menus/all
    at notFound (C:\react project\x\the-karan-singh-vaidh\the-karan-singh-vaidh\server\middleware\errorMiddleware.js:5:19)
    at Layer.handleRequest (C:\react project\x\the-karan-singh-vaidh\the-karan-singh-vaidh\server\node_modules\router\lib\layer.js:152:17)
    at trimPrefix (C:\react project\x\the-karan-singh-vaidh\the-karan-singh-vaidh\server\node_modules\router\index.js:342:13)
    at C:\react project\x\the-karan-singh-vaidh\the-karan-singh-vaidh\server\node_modules\router\index.js:297:9
    at processParams (C:\react project\x\the-karan-singh-vaidh\the-karan-singh-vaidh\server\node_modules\router\index.js:582:12)
    at next (C:\react project\x\the-karan-singh-vaidh\the-karan-singh-vaidh\server\node_modules\router\index.js:291:5)
    at logger (C:\react project\x\the-karan-singh-vaidh\the-karan-singh-vaidh\server\node_modules\morgan\index.js:144:5)
    at Layer.handleRequest (C:\react project\x\the-karan-singh-vaidh\the-karan-singh-vaidh\server\node_modules\router\lib\layer.js:152:17)
    at trimPrefix (C:\react project\x\the-karan-singh-vaidh\the-karan-singh-vaidh\server\node_modules\router\index.js:342:13)
    at C:\react project\x\the-karan-singh-vaidh\the-karan-singh-vaidh\server\node_modules\router\index.js:297:9

[2026-04-27T07:06:39.859Z] 404 - Not Found - /api/v1/menus/all
Error: Not Found - /api/v1/menus/all
    at notFound (C:\react project\x\the-karan-singh-vaidh\the-karan-singh-vaidh\server\middleware\errorMiddleware.js:5:19)
    at Layer.handleRequest (C:\react project\x\the-karan-singh-vaidh\the-karan-singh-vaidh\server\node_modules\router\lib\layer.js:152:17)
    at trimPrefix (C:\react project\x\the-karan-singh-vaidh\the-karan-singh-vaidh\server\node_modules\router\index.js:342:13)
    at C:\react project\x\the-karan-singh-vaidh\the-karan-singh-vaidh\server\node_modules\router\index.js:297:9
    at processParams (C:\react project\x\the-karan-singh-vaidh\the-karan-singh-vaidh\server\node_modules\router\index.js:582:12)
    at next (C:\react project\x\the-karan-singh-vaidh\the-karan-singh-vaidh\server\node_modules\router\index.js:291:5)
    at logger (C:\react project\x\the-karan-singh-vaidh\the-karan-singh-vaidh\server\node_modules\morgan\index.js:144:5)
    at Layer.handleRequest (C:\react project\x\the-karan-singh-vaidh\the-karan-singh-vaidh\server\node_modules\router\lib\layer.js:152:17)
    at trimPrefix (C:\react project\x\the-karan-singh-vaidh\the-karan-singh-vaidh\server\node_modules\router\index.js:342:13)
    at C:\react project\x\the-karan-singh-vaidh\the-karan-singh-vaidh\server\node_modules\router\index.js:297:9

[2026-04-27T07:07:40.298Z] 404 - Not Found - /api/v1/menus/all
Error: Not Found - /api/v1/menus/all
    at notFound (C:\react project\x\the-karan-singh-vaidh\the-karan-singh-vaidh\server\middleware\errorMiddleware.js:5:19)
    at Layer.handleRequest (C:\react project\x\the-karan-singh-vaidh\the-karan-singh-vaidh\server\node_modules\router\lib\layer.js:152:17)
    at trimPrefix (C:\react project\x\the-karan-singh-vaidh\the-karan-singh-vaidh\server\node_modules\router\index.js:342:13)
    at C:\react project\x\the-karan-singh-vaidh\the-karan-singh-vaidh\server\node_modules\router\index.js:297:9
    at processParams (C:\react project\x\the-karan-singh-vaidh\the-karan-singh-vaidh\server\node_modules\router\index.js:582:12)
    at next (C:\react project\x\the-karan-singh-vaidh\the-karan-singh-vaidh\server\node_modules\router\index.js:291:5)
    at logger (C:\react project\x\the-karan-singh-vaidh\the-karan-singh-vaidh\server\node_modules\morgan\index.js:144:5)
    at Layer.handleRequest (C:\react project\x\the-karan-singh-vaidh\the-karan-singh-vaidh\server\node_modules\router\lib\layer.js:152:17)
    at trimPrefix (C:\react project\x\the-karan-singh-vaidh\the-karan-singh-vaidh\server\node_modules\router\index.js:342:13)
    at C:\react project\x\the-karan-singh-vaidh\the-karan-singh-vaidh\server\node_modules\router\index.js:297:9

[2026-04-27T07:07:40.304Z] 404 - Not Found - /api/v1/menus/all
Error: Not Found - /api/v1/menus/all
    at notFound (C:\react project\x\the-karan-singh-vaidh\the-karan-singh-vaidh\server\middleware\errorMiddleware.js:5:19)
    at Layer.handleRequest (C:\react project\x\the-karan-singh-vaidh\the-karan-singh-vaidh\server\node_modules\router\lib\layer.js:152:17)
    at trimPrefix (C:\react project\x\the-karan-singh-vaidh\the-karan-singh-vaidh\server\node_modules\router\index.js:342:13)
    at C:\react project\x\the-karan-singh-vaidh\the-karan-singh-vaidh\server\node_modules\router\index.js:297:9
    at processParams (C:\react project\x\the-karan-singh-vaidh\the-karan-singh-vaidh\server\node_modules\router\index.js:582:12)
    at next (C:\react project\x\the-karan-singh-vaidh\the-karan-singh-vaidh\server\node_modules\router\index.js:291:5)
    at logger (C:\react project\x\the-karan-singh-vaidh\the-karan-singh-vaidh\server\node_modules\morgan\index.js:144:5)
    at Layer.handleRequest (C:\react project\x\the-karan-singh-vaidh\the-karan-singh-vaidh\server\node_modules\router\lib\layer.js:152:17)
    at trimPrefix (C:\react project\x\the-karan-singh-vaidh\the-karan-singh-vaidh\server\node_modules\router\index.js:342:13)
    at C:\react project\x\the-karan-singh-vaidh\the-karan-singh-vaidh\server\node_modules\router\index.js:297:9

[2026-04-27T07:08:18.946Z] 404 - Not Found - /api/v1/auth/me
Error: Not Found - /api/v1/auth/me
    at notFound (C:\react project\x\the-karan-singh-vaidh\the-karan-singh-vaidh\server\middleware\errorMiddleware.js:5:19)
    at Layer.handleRequest (C:\react project\x\the-karan-singh-vaidh\the-karan-singh-vaidh\server\node_modules\router\lib\layer.js:152:17)
    at trimPrefix (C:\react project\x\the-karan-singh-vaidh\the-karan-singh-vaidh\server\node_modules\router\index.js:342:13)
    at C:\react project\x\the-karan-singh-vaidh\the-karan-singh-vaidh\server\node_modules\router\index.js:297:9
    at processParams (C:\react project\x\the-karan-singh-vaidh\the-karan-singh-vaidh\server\node_modules\router\index.js:582:12)
    at next (C:\react project\x\the-karan-singh-vaidh\the-karan-singh-vaidh\server\node_modules\router\index.js:291:5)
    at logger (C:\react project\x\the-karan-singh-vaidh\the-karan-singh-vaidh\server\node_modules\morgan\index.js:144:5)
    at Layer.handleRequest (C:\react project\x\the-karan-singh-vaidh\the-karan-singh-vaidh\server\node_modules\router\lib\layer.js:152:17)
    at trimPrefix (C:\react project\x\the-karan-singh-vaidh\the-karan-singh-vaidh\server\node_modules\router\index.js:342:13)
    at C:\react project\x\the-karan-singh-vaidh\the-karan-singh-vaidh\server\node_modules\router\index.js:297:9

[2026-04-27T07:08:18.983Z] 404 - Not Found - /api/v1/auth/me
Error: Not Found - /api/v1/auth/me
    at notFound (C:\react project\x\the-karan-singh-vaidh\the-karan-singh-vaidh\server\middleware\errorMiddleware.js:5:19)
    at Layer.handleRequest (C:\react project\x\the-karan-singh-vaidh\the-karan-singh-vaidh\server\node_modules\router\lib\layer.js:152:17)
    at trimPrefix (C:\react project\x\the-karan-singh-vaidh\the-karan-singh-vaidh\server\node_modules\router\index.js:342:13)
    at C:\react project\x\the-karan-singh-vaidh\the-karan-singh-vaidh\server\node_modules\router\index.js:297:9
    at processParams (C:\react project\x\the-karan-singh-vaidh\the-karan-singh-vaidh\server\node_modules\router\index.js:582:12)
    at next (C:\react project\x\the-karan-singh-vaidh\the-karan-singh-vaidh\server\node_modules\router\index.js:291:5)
    at logger (C:\react project\x\the-karan-singh-vaidh\the-karan-singh-vaidh\server\node_modules\morgan\index.js:144:5)
    at Layer.handleRequest (C:\react project\x\the-karan-singh-vaidh\the-karan-singh-vaidh\server\node_modules\router\lib\layer.js:152:17)
    at trimPrefix (C:\react project\x\the-karan-singh-vaidh\the-karan-singh-vaidh\server\node_modules\router\index.js:342:13)
    at C:\react project\x\the-karan-singh-vaidh\the-karan-singh-vaidh\server\node_modules\router\index.js:297:9

[2026-04-27T07:08:20.152Z] 404 - Not Found - /api/v1/auth/me
Error: Not Found - /api/v1/auth/me
    at notFound (C:\react project\x\the-karan-singh-vaidh\the-karan-singh-vaidh\server\middleware\errorMiddleware.js:5:19)
    at Layer.handleRequest (C:\react project\x\the-karan-singh-vaidh\the-karan-singh-vaidh\server\node_modules\router\lib\layer.js:152:17)
    at trimPrefix (C:\react project\x\the-karan-singh-vaidh\the-karan-singh-vaidh\server\node_modules\router\index.js:342:13)
    at C:\react project\x\the-karan-singh-vaidh\the-karan-singh-vaidh\server\node_modules\router\index.js:297:9
    at processParams (C:\react project\x\the-karan-singh-vaidh\the-karan-singh-vaidh\server\node_modules\router\index.js:582:12)
    at next (C:\react project\x\the-karan-singh-vaidh\the-karan-singh-vaidh\server\node_modules\router\index.js:291:5)
    at logger (C:\react project\x\the-karan-singh-vaidh\the-karan-singh-vaidh\server\node_modules\morgan\index.js:144:5)
    at Layer.handleRequest (C:\react project\x\the-karan-singh-vaidh\the-karan-singh-vaidh\server\node_modules\router\lib\layer.js:152:17)
    at trimPrefix (C:\react project\x\the-karan-singh-vaidh\the-karan-singh-vaidh\server\node_modules\router\index.js:342:13)
    at C:\react project\x\the-karan-singh-vaidh\the-karan-singh-vaidh\server\node_modules\router\index.js:297:9

[2026-04-27T07:08:20.157Z] 404 - Not Found - /api/v1/auth/me
Error: Not Found - /api/v1/auth/me
    at notFound (C:\react project\x\the-karan-singh-vaidh\the-karan-singh-vaidh\server\middleware\errorMiddleware.js:5:19)
    at Layer.handleRequest (C:\react project\x\the-karan-singh-vaidh\the-karan-singh-vaidh\server\node_modules\router\lib\layer.js:152:17)
    at trimPrefix (C:\react project\x\the-karan-singh-vaidh\the-karan-singh-vaidh\server\node_modules\router\index.js:342:13)
    at C:\react project\x\the-karan-singh-vaidh\the-karan-singh-vaidh\server\node_modules\router\index.js:297:9
    at processParams (C:\react project\x\the-karan-singh-vaidh\the-karan-singh-vaidh\server\node_modules\router\index.js:582:12)
    at next (C:\react project\x\the-karan-singh-vaidh\the-karan-singh-vaidh\server\node_modules\router\index.js:291:5)
    at logger (C:\react project\x\the-karan-singh-vaidh\the-karan-singh-vaidh\server\node_modules\morgan\index.js:144:5)
    at Layer.handleRequest (C:\react project\x\the-karan-singh-vaidh\the-karan-singh-vaidh\server\node_modules\router\lib\layer.js:152:17)
    at trimPrefix (C:\react project\x\the-karan-singh-vaidh\the-karan-singh-vaidh\server\node_modules\router\index.js:342:13)
    at C:\react project\x\the-karan-singh-vaidh\the-karan-singh-vaidh\server\node_modules\router\index.js:297:9

[2026-04-27T07:08:52.526Z] 404 - Not Found - /api/v1/auth/login
Error: Not Found - /api/v1/auth/login
    at notFound (C:\react project\x\the-karan-singh-vaidh\the-karan-singh-vaidh\server\middleware\errorMiddleware.js:5:19)
    at Layer.handleRequest (C:\react project\x\the-karan-singh-vaidh\the-karan-singh-vaidh\server\node_modules\router\lib\layer.js:152:17)
    at trimPrefix (C:\react project\x\the-karan-singh-vaidh\the-karan-singh-vaidh\server\node_modules\router\index.js:342:13)
    at C:\react project\x\the-karan-singh-vaidh\the-karan-singh-vaidh\server\node_modules\router\index.js:297:9
    at processParams (C:\react project\x\the-karan-singh-vaidh\the-karan-singh-vaidh\server\node_modules\router\index.js:582:12)
    at next (C:\react project\x\the-karan-singh-vaidh\the-karan-singh-vaidh\server\node_modules\router\index.js:291:5)
    at logger (C:\react project\x\the-karan-singh-vaidh\the-karan-singh-vaidh\server\node_modules\morgan\index.js:144:5)
    at Layer.handleRequest (C:\react project\x\the-karan-singh-vaidh\the-karan-singh-vaidh\server\node_modules\router\lib\layer.js:152:17)
    at trimPrefix (C:\react project\x\the-karan-singh-vaidh\the-karan-singh-vaidh\server\node_modules\router\index.js:342:13)
    at C:\react project\x\the-karan-singh-vaidh\the-karan-singh-vaidh\server\node_modules\router\index.js:297:9

[2026-04-27T07:09:22.035Z] 401 - Invalid email or password
Error: Invalid email or password
    at C:\react project\x\the-karan-singh-vaidh\the-karan-singh-vaidh\server\controllers\authController.js:45:19
    at process.processTicksAndRejections (node:internal/process/task_queues:105:5)

[2026-04-27T07:13:25.277Z] 404 - Not Found - /api/v1/auth/me
Error: Not Found - /api/v1/auth/me
    at notFound (C:\react project\x\the-karan-singh-vaidh\the-karan-singh-vaidh\server\middleware\errorMiddleware.js:5:19)
    at Layer.handleRequest (C:\react project\x\the-karan-singh-vaidh\the-karan-singh-vaidh\server\node_modules\router\lib\layer.js:152:17)
    at trimPrefix (C:\react project\x\the-karan-singh-vaidh\the-karan-singh-vaidh\server\node_modules\router\index.js:342:13)
    at C:\react project\x\the-karan-singh-vaidh\the-karan-singh-vaidh\server\node_modules\router\index.js:297:9
    at processParams (C:\react project\x\the-karan-singh-vaidh\the-karan-singh-vaidh\server\node_modules\router\index.js:582:12)
    at next (C:\react project\x\the-karan-singh-vaidh\the-karan-singh-vaidh\server\node_modules\router\index.js:291:5)
    at logger (C:\react project\x\the-karan-singh-vaidh\the-karan-singh-vaidh\server\node_modules\morgan\index.js:144:5)
    at Layer.handleRequest (C:\react project\x\the-karan-singh-vaidh\the-karan-singh-vaidh\server\node_modules\router\lib\layer.js:152:17)
    at trimPrefix (C:\react project\x\the-karan-singh-vaidh\the-karan-singh-vaidh\server\node_modules\router\index.js:342:13)
    at C:\react project\x\the-karan-singh-vaidh\the-karan-singh-vaidh\server\node_modules\router\index.js:297:9

[2026-04-27T07:13:25.284Z] 404 - Not Found - /api/v1/auth/me
Error: Not Found - /api/v1/auth/me
    at notFound (C:\react project\x\the-karan-singh-vaidh\the-karan-singh-vaidh\server\middleware\errorMiddleware.js:5:19)
    at Layer.handleRequest (C:\react project\x\the-karan-singh-vaidh\the-karan-singh-vaidh\server\node_modules\router\lib\layer.js:152:17)
    at trimPrefix (C:\react project\x\the-karan-singh-vaidh\the-karan-singh-vaidh\server\node_modules\router\index.js:342:13)
    at C:\react project\x\the-karan-singh-vaidh\the-karan-singh-vaidh\server\node_modules\router\index.js:297:9
    at processParams (C:\react project\x\the-karan-singh-vaidh\the-karan-singh-vaidh\server\node_modules\router\index.js:582:12)
    at next (C:\react project\x\the-karan-singh-vaidh\the-karan-singh-vaidh\server\node_modules\router\index.js:291:5)
    at logger (C:\react project\x\the-karan-singh-vaidh\the-karan-singh-vaidh\server\node_modules\morgan\index.js:144:5)
    at Layer.handleRequest (C:\react project\x\the-karan-singh-vaidh\the-karan-singh-vaidh\server\node_modules\router\lib\layer.js:152:17)
    at trimPrefix (C:\react project\x\the-karan-singh-vaidh\the-karan-singh-vaidh\server\node_modules\router\index.js:342:13)
    at C:\react project\x\the-karan-singh-vaidh\the-karan-singh-vaidh\server\node_modules\router\index.js:297:9

[2026-04-27T07:13:29.991Z] 404 - Not Found - /api/v1/menus/all
Error: Not Found - /api/v1/menus/all
    at notFound (C:\react project\x\the-karan-singh-vaidh\the-karan-singh-vaidh\server\middleware\errorMiddleware.js:5:19)
    at Layer.handleRequest (C:\react project\x\the-karan-singh-vaidh\the-karan-singh-vaidh\server\node_modules\router\lib\layer.js:152:17)
    at trimPrefix (C:\react project\x\the-karan-singh-vaidh\the-karan-singh-vaidh\server\node_modules\router\index.js:342:13)
    at C:\react project\x\the-karan-singh-vaidh\the-karan-singh-vaidh\server\node_modules\router\index.js:297:9
    at processParams (C:\react project\x\the-karan-singh-vaidh\the-karan-singh-vaidh\server\node_modules\router\index.js:582:12)
    at next (C:\react project\x\the-karan-singh-vaidh\the-karan-singh-vaidh\server\node_modules\router\index.js:291:5)
    at logger (C:\react project\x\the-karan-singh-vaidh\the-karan-singh-vaidh\server\node_modules\morgan\index.js:144:5)
    at Layer.handleRequest (C:\react project\x\the-karan-singh-vaidh\the-karan-singh-vaidh\server\node_modules\router\lib\layer.js:152:17)
    at trimPrefix (C:\react project\x\the-karan-singh-vaidh\the-karan-singh-vaidh\server\node_modules\router\index.js:342:13)
    at C:\react project\x\the-karan-singh-vaidh\the-karan-singh-vaidh\server\node_modules\router\index.js:297:9

[2026-04-27T07:13:29.996Z] 404 - Not Found - /api/v1/menus/all
Error: Not Found - /api/v1/menus/all
    at notFound (C:\react project\x\the-karan-singh-vaidh\the-karan-singh-vaidh\server\middleware\errorMiddleware.js:5:19)
    at Layer.handleRequest (C:\react project\x\the-karan-singh-vaidh\the-karan-singh-vaidh\server\node_modules\router\lib\layer.js:152:17)
    at trimPrefix (C:\react project\x\the-karan-singh-vaidh\the-karan-singh-vaidh\server\node_modules\router\index.js:342:13)
    at C:\react project\x\the-karan-singh-vaidh\the-karan-singh-vaidh\server\node_modules\router\index.js:297:9
    at processParams (C:\react project\x\the-karan-singh-vaidh\the-karan-singh-vaidh\server\node_modules\router\index.js:582:12)
    at next (C:\react project\x\the-karan-singh-vaidh\the-karan-singh-vaidh\server\node_modules\router\index.js:291:5)
    at logger (C:\react project\x\the-karan-singh-vaidh\the-karan-singh-vaidh\server\node_modules\morgan\index.js:144:5)
    at Layer.handleRequest (C:\react project\x\the-karan-singh-vaidh\the-karan-singh-vaidh\server\node_modules\router\lib\layer.js:152:17)
    at trimPrefix (C:\react project\x\the-karan-singh-vaidh\the-karan-singh-vaidh\server\node_modules\router\index.js:342:13)
    at C:\react project\x\the-karan-singh-vaidh\the-karan-singh-vaidh\server\node_modules\router\index.js:297:9

[2026-04-27T07:13:36.647Z] 404 - Not Found - /api/v1/auth/login
Error: Not Found - /api/v1/auth/login
    at notFound (C:\react project\x\the-karan-singh-vaidh\the-karan-singh-vaidh\server\middleware\errorMiddleware.js:5:19)
    at Layer.handleRequest (C:\react project\x\the-karan-singh-vaidh\the-karan-singh-vaidh\server\node_modules\router\lib\layer.js:152:17)
    at trimPrefix (C:\react project\x\the-karan-singh-vaidh\the-karan-singh-vaidh\server\node_modules\router\index.js:342:13)
    at C:\react project\x\the-karan-singh-vaidh\the-karan-singh-vaidh\server\node_modules\router\index.js:297:9
    at processParams (C:\react project\x\the-karan-singh-vaidh\the-karan-singh-vaidh\server\node_modules\router\index.js:582:12)
    at next (C:\react project\x\the-karan-singh-vaidh\the-karan-singh-vaidh\server\node_modules\router\index.js:291:5)
    at logger (C:\react project\x\the-karan-singh-vaidh\the-karan-singh-vaidh\server\node_modules\morgan\index.js:144:5)
    at Layer.handleRequest (C:\react project\x\the-karan-singh-vaidh\the-karan-singh-vaidh\server\node_modules\router\lib\layer.js:152:17)
    at trimPrefix (C:\react project\x\the-karan-singh-vaidh\the-karan-singh-vaidh\server\node_modules\router\index.js:342:13)
    at C:\react project\x\the-karan-singh-vaidh\the-karan-singh-vaidh\server\node_modules\router\index.js:297:9

[2026-04-27T07:13:37.367Z] 404 - Not Found - /api/v1/auth/login
Error: Not Found - /api/v1/auth/login
    at notFound (C:\react project\x\the-karan-singh-vaidh\the-karan-singh-vaidh\server\middleware\errorMiddleware.js:5:19)
    at Layer.handleRequest (C:\react project\x\the-karan-singh-vaidh\the-karan-singh-vaidh\server\node_modules\router\lib\layer.js:152:17)
    at trimPrefix (C:\react project\x\the-karan-singh-vaidh\the-karan-singh-vaidh\server\node_modules\router\index.js:342:13)
    at C:\react project\x\the-karan-singh-vaidh\the-karan-singh-vaidh\server\node_modules\router\index.js:297:9
    at processParams (C:\react project\x\the-karan-singh-vaidh\the-karan-singh-vaidh\server\node_modules\router\index.js:582:12)
    at next (C:\react project\x\the-karan-singh-vaidh\the-karan-singh-vaidh\server\node_modules\router\index.js:291:5)
    at logger (C:\react project\x\the-karan-singh-vaidh\the-karan-singh-vaidh\server\node_modules\morgan\index.js:144:5)
    at Layer.handleRequest (C:\react project\x\the-karan-singh-vaidh\the-karan-singh-vaidh\server\node_modules\router\lib\layer.js:152:17)
    at trimPrefix (C:\react project\x\the-karan-singh-vaidh\the-karan-singh-vaidh\server\node_modules\router\index.js:342:13)
    at C:\react project\x\the-karan-singh-vaidh\the-karan-singh-vaidh\server\node_modules\router\index.js:297:9

[2026-04-27T07:25:05.684Z] 404 - Not Found - /api/v1/auth/me
Error: Not Found - /api/v1/auth/me
    at notFound (C:\react project\x\the-karan-singh-vaidh\the-karan-singh-vaidh\server\middleware\errorMiddleware.js:5:19)
    at Layer.handleRequest (C:\react project\x\the-karan-singh-vaidh\the-karan-singh-vaidh\server\node_modules\router\lib\layer.js:152:17)
    at trimPrefix (C:\react project\x\the-karan-singh-vaidh\the-karan-singh-vaidh\server\node_modules\router\index.js:342:13)
    at C:\react project\x\the-karan-singh-vaidh\the-karan-singh-vaidh\server\node_modules\router\index.js:297:9
    at processParams (C:\react project\x\the-karan-singh-vaidh\the-karan-singh-vaidh\server\node_modules\router\index.js:582:12)
    at next (C:\react project\x\the-karan-singh-vaidh\the-karan-singh-vaidh\server\node_modules\router\index.js:291:5)
    at logger (C:\react project\x\the-karan-singh-vaidh\the-karan-singh-vaidh\server\node_modules\morgan\index.js:144:5)
    at Layer.handleRequest (C:\react project\x\the-karan-singh-vaidh\the-karan-singh-vaidh\server\node_modules\router\lib\layer.js:152:17)
    at trimPrefix (C:\react project\x\the-karan-singh-vaidh\the-karan-singh-vaidh\server\node_modules\router\index.js:342:13)
    at C:\react project\x\the-karan-singh-vaidh\the-karan-singh-vaidh\server\node_modules\router\index.js:297:9

[2026-04-27T07:25:05.691Z] 404 - Not Found - /api/v1/auth/me
Error: Not Found - /api/v1/auth/me
    at notFound (C:\react project\x\the-karan-singh-vaidh\the-karan-singh-vaidh\server\middleware\errorMiddleware.js:5:19)
    at Layer.handleRequest (C:\react project\x\the-karan-singh-vaidh\the-karan-singh-vaidh\server\node_modules\router\lib\layer.js:152:17)
    at trimPrefix (C:\react project\x\the-karan-singh-vaidh\the-karan-singh-vaidh\server\node_modules\router\index.js:342:13)
    at C:\react project\x\the-karan-singh-vaidh\the-karan-singh-vaidh\server\node_modules\router\index.js:297:9
    at processParams (C:\react project\x\the-karan-singh-vaidh\the-karan-singh-vaidh\server\node_modules\router\index.js:582:12)
    at next (C:\react project\x\the-karan-singh-vaidh\the-karan-singh-vaidh\server\node_modules\router\index.js:291:5)
    at logger (C:\react project\x\the-karan-singh-vaidh\the-karan-singh-vaidh\server\node_modules\morgan\index.js:144:5)
    at Layer.handleRequest (C:\react project\x\the-karan-singh-vaidh\the-karan-singh-vaidh\server\node_modules\router\lib\layer.js:152:17)
    at trimPrefix (C:\react project\x\the-karan-singh-vaidh\the-karan-singh-vaidh\server\node_modules\router\index.js:342:13)
    at C:\react project\x\the-karan-singh-vaidh\the-karan-singh-vaidh\server\node_modules\router\index.js:297:9

[2026-04-27T07:25:19.790Z] 404 - Not Found - /api/v1/auth/login
Error: Not Found - /api/v1/auth/login
    at notFound (C:\react project\x\the-karan-singh-vaidh\the-karan-singh-vaidh\server\middleware\errorMiddleware.js:5:19)
    at Layer.handleRequest (C:\react project\x\the-karan-singh-vaidh\the-karan-singh-vaidh\server\node_modules\router\lib\layer.js:152:17)
    at trimPrefix (C:\react project\x\the-karan-singh-vaidh\the-karan-singh-vaidh\server\node_modules\router\index.js:342:13)
    at C:\react project\x\the-karan-singh-vaidh\the-karan-singh-vaidh\server\node_modules\router\index.js:297:9
    at processParams (C:\react project\x\the-karan-singh-vaidh\the-karan-singh-vaidh\server\node_modules\router\index.js:582:12)
    at next (C:\react project\x\the-karan-singh-vaidh\the-karan-singh-vaidh\server\node_modules\router\index.js:291:5)
    at logger (C:\react project\x\the-karan-singh-vaidh\the-karan-singh-vaidh\server\node_modules\morgan\index.js:144:5)
    at Layer.handleRequest (C:\react project\x\the-karan-singh-vaidh\the-karan-singh-vaidh\server\node_modules\router\lib\layer.js:152:17)
    at trimPrefix (C:\react project\x\the-karan-singh-vaidh\the-karan-singh-vaidh\server\node_modules\router\index.js:342:13)
    at C:\react project\x\the-karan-singh-vaidh\the-karan-singh-vaidh\server\node_modules\router\index.js:297:9

[2026-04-27T07:25:48.582Z] 404 - Not Found - /api/v1/auth/me
Error: Not Found - /api/v1/auth/me
    at notFound (C:\react project\x\the-karan-singh-vaidh\the-karan-singh-vaidh\server\middleware\errorMiddleware.js:5:19)
    at Layer.handleRequest (C:\react project\x\the-karan-singh-vaidh\the-karan-singh-vaidh\server\node_modules\router\lib\layer.js:152:17)
    at trimPrefix (C:\react project\x\the-karan-singh-vaidh\the-karan-singh-vaidh\server\node_modules\router\index.js:342:13)
    at C:\react project\x\the-karan-singh-vaidh\the-karan-singh-vaidh\server\node_modules\router\index.js:297:9
    at processParams (C:\react project\x\the-karan-singh-vaidh\the-karan-singh-vaidh\server\node_modules\router\index.js:582:12)
    at next (C:\react project\x\the-karan-singh-vaidh\the-karan-singh-vaidh\server\node_modules\router\index.js:291:5)
    at logger (C:\react project\x\the-karan-singh-vaidh\the-karan-singh-vaidh\server\node_modules\morgan\index.js:144:5)
    at Layer.handleRequest (C:\react project\x\the-karan-singh-vaidh\the-karan-singh-vaidh\server\node_modules\router\lib\layer.js:152:17)
    at trimPrefix (C:\react project\x\the-karan-singh-vaidh\the-karan-singh-vaidh\server\node_modules\router\index.js:342:13)
    at C:\react project\x\the-karan-singh-vaidh\the-karan-singh-vaidh\server\node_modules\router\index.js:297:9

[2026-04-27T07:25:48.587Z] 404 - Not Found - /api/v1/auth/me
Error: Not Found - /api/v1/auth/me
    at notFound (C:\react project\x\the-karan-singh-vaidh\the-karan-singh-vaidh\server\middleware\errorMiddleware.js:5:19)
    at Layer.handleRequest (C:\react project\x\the-karan-singh-vaidh\the-karan-singh-vaidh\server\node_modules\router\lib\layer.js:152:17)
    at trimPrefix (C:\react project\x\the-karan-singh-vaidh\the-karan-singh-vaidh\server\node_modules\router\index.js:342:13)
    at C:\react project\x\the-karan-singh-vaidh\the-karan-singh-vaidh\server\node_modules\router\index.js:297:9
    at processParams (C:\react project\x\the-karan-singh-vaidh\the-karan-singh-vaidh\server\node_modules\router\index.js:582:12)
    at next (C:\react project\x\the-karan-singh-vaidh\the-karan-singh-vaidh\server\node_modules\router\index.js:291:5)
    at logger (C:\react project\x\the-karan-singh-vaidh\the-karan-singh-vaidh\server\node_modules\morgan\index.js:144:5)
    at Layer.handleRequest (C:\react project\x\the-karan-singh-vaidh\the-karan-singh-vaidh\server\node_modules\router\lib\layer.js:152:17)
    at trimPrefix (C:\react project\x\the-karan-singh-vaidh\the-karan-singh-vaidh\server\node_modules\router\index.js:342:13)
    at C:\react project\x\the-karan-singh-vaidh\the-karan-singh-vaidh\server\node_modules\router\index.js:297:9

[2026-04-27T07:25:53.228Z] 404 - Not Found - /api/v1/menus/all
Error: Not Found - /api/v1/menus/all
    at notFound (C:\react project\x\the-karan-singh-vaidh\the-karan-singh-vaidh\server\middleware\errorMiddleware.js:5:19)
    at Layer.handleRequest (C:\react project\x\the-karan-singh-vaidh\the-karan-singh-vaidh\server\node_modules\router\lib\layer.js:152:17)
    at trimPrefix (C:\react project\x\the-karan-singh-vaidh\the-karan-singh-vaidh\server\node_modules\router\index.js:342:13)
    at C:\react project\x\the-karan-singh-vaidh\the-karan-singh-vaidh\server\node_modules\router\index.js:297:9
    at processParams (C:\react project\x\the-karan-singh-vaidh\the-karan-singh-vaidh\server\node_modules\router\index.js:582:12)
    at next (C:\react project\x\the-karan-singh-vaidh\the-karan-singh-vaidh\server\node_modules\router\index.js:291:5)
    at logger (C:\react project\x\the-karan-singh-vaidh\the-karan-singh-vaidh\server\node_modules\morgan\index.js:144:5)
    at Layer.handleRequest (C:\react project\x\the-karan-singh-vaidh\the-karan-singh-vaidh\server\node_modules\router\lib\layer.js:152:17)
    at trimPrefix (C:\react project\x\the-karan-singh-vaidh\the-karan-singh-vaidh\server\node_modules\router\index.js:342:13)
    at C:\react project\x\the-karan-singh-vaidh\the-karan-singh-vaidh\server\node_modules\router\index.js:297:9

[2026-04-27T07:25:53.233Z] 404 - Not Found - /api/v1/menus/all
Error: Not Found - /api/v1/menus/all
    at notFound (C:\react project\x\the-karan-singh-vaidh\the-karan-singh-vaidh\server\middleware\errorMiddleware.js:5:19)
    at Layer.handleRequest (C:\react project\x\the-karan-singh-vaidh\the-karan-singh-vaidh\server\node_modules\router\lib\layer.js:152:17)
    at trimPrefix (C:\react project\x\the-karan-singh-vaidh\the-karan-singh-vaidh\server\node_modules\router\index.js:342:13)
    at C:\react project\x\the-karan-singh-vaidh\the-karan-singh-vaidh\server\node_modules\router\index.js:297:9
    at processParams (C:\react project\x\the-karan-singh-vaidh\the-karan-singh-vaidh\server\node_modules\router\index.js:582:12)
    at next (C:\react project\x\the-karan-singh-vaidh\the-karan-singh-vaidh\server\node_modules\router\index.js:291:5)
    at logger (C:\react project\x\the-karan-singh-vaidh\the-karan-singh-vaidh\server\node_modules\morgan\index.js:144:5)
    at Layer.handleRequest (C:\react project\x\the-karan-singh-vaidh\the-karan-singh-vaidh\server\node_modules\router\lib\layer.js:152:17)
    at trimPrefix (C:\react project\x\the-karan-singh-vaidh\the-karan-singh-vaidh\server\node_modules\router\index.js:342:13)
    at C:\react project\x\the-karan-singh-vaidh\the-karan-singh-vaidh\server\node_modules\router\index.js:297:9

[2026-04-27T07:26:54.250Z] 404 - Not Found - /api/v1/auth/me
Error: Not Found - /api/v1/auth/me
    at notFound (C:\react project\x\the-karan-singh-vaidh\the-karan-singh-vaidh\server\middleware\errorMiddleware.js:5:19)
    at Layer.handleRequest (C:\react project\x\the-karan-singh-vaidh\the-karan-singh-vaidh\server\node_modules\router\lib\layer.js:152:17)
    at trimPrefix (C:\react project\x\the-karan-singh-vaidh\the-karan-singh-vaidh\server\node_modules\router\index.js:342:13)
    at C:\react project\x\the-karan-singh-vaidh\the-karan-singh-vaidh\server\node_modules\router\index.js:297:9
    at processParams (C:\react project\x\the-karan-singh-vaidh\the-karan-singh-vaidh\server\node_modules\router\index.js:582:12)
    at next (C:\react project\x\the-karan-singh-vaidh\the-karan-singh-vaidh\server\node_modules\router\index.js:291:5)
    at logger (C:\react project\x\the-karan-singh-vaidh\the-karan-singh-vaidh\server\node_modules\morgan\index.js:144:5)
    at Layer.handleRequest (C:\react project\x\the-karan-singh-vaidh\the-karan-singh-vaidh\server\node_modules\router\lib\layer.js:152:17)
    at trimPrefix (C:\react project\x\the-karan-singh-vaidh\the-karan-singh-vaidh\server\node_modules\router\index.js:342:13)
    at C:\react project\x\the-karan-singh-vaidh\the-karan-singh-vaidh\server\node_modules\router\index.js:297:9

[2026-04-27T07:26:54.260Z] 404 - Not Found - /api/v1/auth/me
Error: Not Found - /api/v1/auth/me
    at notFound (C:\react project\x\the-karan-singh-vaidh\the-karan-singh-vaidh\server\middleware\errorMiddleware.js:5:19)
    at Layer.handleRequest (C:\react project\x\the-karan-singh-vaidh\the-karan-singh-vaidh\server\node_modules\router\lib\layer.js:152:17)
    at trimPrefix (C:\react project\x\the-karan-singh-vaidh\the-karan-singh-vaidh\server\node_modules\router\index.js:342:13)
    at C:\react project\x\the-karan-singh-vaidh\the-karan-singh-vaidh\server\node_modules\router\index.js:297:9
    at processParams (C:\react project\x\the-karan-singh-vaidh\the-karan-singh-vaidh\server\node_modules\router\index.js:582:12)
    at next (C:\react project\x\the-karan-singh-vaidh\the-karan-singh-vaidh\server\node_modules\router\index.js:291:5)
    at logger (C:\react project\x\the-karan-singh-vaidh\the-karan-singh-vaidh\server\node_modules\morgan\index.js:144:5)
    at Layer.handleRequest (C:\react project\x\the-karan-singh-vaidh\the-karan-singh-vaidh\server\node_modules\router\lib\layer.js:152:17)
    at trimPrefix (C:\react project\x\the-karan-singh-vaidh\the-karan-singh-vaidh\server\node_modules\router\index.js:342:13)
    at C:\react project\x\the-karan-singh-vaidh\the-karan-singh-vaidh\server\node_modules\router\index.js:297:9

[2026-04-27T07:26:59.162Z] 404 - Not Found - /api/v1/menus/all
Error: Not Found - /api/v1/menus/all
    at notFound (C:\react project\x\the-karan-singh-vaidh\the-karan-singh-vaidh\server\middleware\errorMiddleware.js:5:19)
    at Layer.handleRequest (C:\react project\x\the-karan-singh-vaidh\the-karan-singh-vaidh\server\node_modules\router\lib\layer.js:152:17)
    at trimPrefix (C:\react project\x\the-karan-singh-vaidh\the-karan-singh-vaidh\server\node_modules\router\index.js:342:13)
    at C:\react project\x\the-karan-singh-vaidh\the-karan-singh-vaidh\server\node_modules\router\index.js:297:9
    at processParams (C:\react project\x\the-karan-singh-vaidh\the-karan-singh-vaidh\server\node_modules\router\index.js:582:12)
    at next (C:\react project\x\the-karan-singh-vaidh\the-karan-singh-vaidh\server\node_modules\router\index.js:291:5)
    at logger (C:\react project\x\the-karan-singh-vaidh\the-karan-singh-vaidh\server\node_modules\morgan\index.js:144:5)
    at Layer.handleRequest (C:\react project\x\the-karan-singh-vaidh\the-karan-singh-vaidh\server\node_modules\router\lib\layer.js:152:17)
    at trimPrefix (C:\react project\x\the-karan-singh-vaidh\the-karan-singh-vaidh\server\node_modules\router\index.js:342:13)
    at C:\react project\x\the-karan-singh-vaidh\the-karan-singh-vaidh\server\node_modules\router\index.js:297:9

[2026-04-27T07:26:59.168Z] 404 - Not Found - /api/v1/menus/all
Error: Not Found - /api/v1/menus/all
    at notFound (C:\react project\x\the-karan-singh-vaidh\the-karan-singh-vaidh\server\middleware\errorMiddleware.js:5:19)
    at Layer.handleRequest (C:\react project\x\the-karan-singh-vaidh\the-karan-singh-vaidh\server\node_modules\router\lib\layer.js:152:17)
    at trimPrefix (C:\react project\x\the-karan-singh-vaidh\the-karan-singh-vaidh\server\node_modules\router\index.js:342:13)
    at C:\react project\x\the-karan-singh-vaidh\the-karan-singh-vaidh\server\node_modules\router\index.js:297:9
    at processParams (C:\react project\x\the-karan-singh-vaidh\the-karan-singh-vaidh\server\node_modules\router\index.js:582:12)
    at next (C:\react project\x\the-karan-singh-vaidh\the-karan-singh-vaidh\server\node_modules\router\index.js:291:5)
    at logger (C:\react project\x\the-karan-singh-vaidh\the-karan-singh-vaidh\server\node_modules\morgan\index.js:144:5)
    at Layer.handleRequest (C:\react project\x\the-karan-singh-vaidh\the-karan-singh-vaidh\server\node_modules\router\lib\layer.js:152:17)
    at trimPrefix (C:\react project\x\the-karan-singh-vaidh\the-karan-singh-vaidh\server\node_modules\router\index.js:342:13)
    at C:\react project\x\the-karan-singh-vaidh\the-karan-singh-vaidh\server\node_modules\router\index.js:297:9

[2026-04-27T07:31:02.736Z] 404 - Not Found - /api/v1/auth/me
Error: Not Found - /api/v1/auth/me
    at notFound (C:\react project\x\the-karan-singh-vaidh\the-karan-singh-vaidh\server\middleware\errorMiddleware.js:5:19)
    at Layer.handleRequest (C:\react project\x\the-karan-singh-vaidh\the-karan-singh-vaidh\server\node_modules\router\lib\layer.js:152:17)
    at trimPrefix (C:\react project\x\the-karan-singh-vaidh\the-karan-singh-vaidh\server\node_modules\router\index.js:342:13)
    at C:\react project\x\the-karan-singh-vaidh\the-karan-singh-vaidh\server\node_modules\router\index.js:297:9
    at processParams (C:\react project\x\the-karan-singh-vaidh\the-karan-singh-vaidh\server\node_modules\router\index.js:582:12)
    at next (C:\react project\x\the-karan-singh-vaidh\the-karan-singh-vaidh\server\node_modules\router\index.js:291:5)
    at logger (C:\react project\x\the-karan-singh-vaidh\the-karan-singh-vaidh\server\node_modules\morgan\index.js:144:5)
    at Layer.handleRequest (C:\react project\x\the-karan-singh-vaidh\the-karan-singh-vaidh\server\node_modules\router\lib\layer.js:152:17)
    at trimPrefix (C:\react project\x\the-karan-singh-vaidh\the-karan-singh-vaidh\server\node_modules\router\index.js:342:13)
    at C:\react project\x\the-karan-singh-vaidh\the-karan-singh-vaidh\server\node_modules\router\index.js:297:9

[2026-04-27T07:31:02.739Z] 404 - Not Found - /api/v1/auth/me
Error: Not Found - /api/v1/auth/me
    at notFound (C:\react project\x\the-karan-singh-vaidh\the-karan-singh-vaidh\server\middleware\errorMiddleware.js:5:19)
    at Layer.handleRequest (C:\react project\x\the-karan-singh-vaidh\the-karan-singh-vaidh\server\node_modules\router\lib\layer.js:152:17)
    at trimPrefix (C:\react project\x\the-karan-singh-vaidh\the-karan-singh-vaidh\server\node_modules\router\index.js:342:13)
    at C:\react project\x\the-karan-singh-vaidh\the-karan-singh-vaidh\server\node_modules\router\index.js:297:9
    at processParams (C:\react project\x\the-karan-singh-vaidh\the-karan-singh-vaidh\server\node_modules\router\index.js:582:12)
    at next (C:\react project\x\the-karan-singh-vaidh\the-karan-singh-vaidh\server\node_modules\router\index.js:291:5)
    at logger (C:\react project\x\the-karan-singh-vaidh\the-karan-singh-vaidh\server\node_modules\morgan\index.js:144:5)
    at Layer.handleRequest (C:\react project\x\the-karan-singh-vaidh\the-karan-singh-vaidh\server\node_modules\router\lib\layer.js:152:17)
    at trimPrefix (C:\react project\x\the-karan-singh-vaidh\the-karan-singh-vaidh\server\node_modules\router\index.js:342:13)
    at C:\react project\x\the-karan-singh-vaidh\the-karan-singh-vaidh\server\node_modules\router\index.js:297:9

[2026-04-27T07:31:07.247Z] 404 - Not Found - /api/v1/menus/all
Error: Not Found - /api/v1/menus/all
    at notFound (C:\react project\x\the-karan-singh-vaidh\the-karan-singh-vaidh\server\middleware\errorMiddleware.js:5:19)
    at Layer.handleRequest (C:\react project\x\the-karan-singh-vaidh\the-karan-singh-vaidh\server\node_modules\router\lib\layer.js:152:17)
    at trimPrefix (C:\react project\x\the-karan-singh-vaidh\the-karan-singh-vaidh\server\node_modules\router\index.js:342:13)
    at C:\react project\x\the-karan-singh-vaidh\the-karan-singh-vaidh\server\node_modules\router\index.js:297:9
    at processParams (C:\react project\x\the-karan-singh-vaidh\the-karan-singh-vaidh\server\node_modules\router\index.js:582:12)
    at next (C:\react project\x\the-karan-singh-vaidh\the-karan-singh-vaidh\server\node_modules\router\index.js:291:5)
    at logger (C:\react project\x\the-karan-singh-vaidh\the-karan-singh-vaidh\server\node_modules\morgan\index.js:144:5)
    at Layer.handleRequest (C:\react project\x\the-karan-singh-vaidh\the-karan-singh-vaidh\server\node_modules\router\lib\layer.js:152:17)
    at trimPrefix (C:\react project\x\the-karan-singh-vaidh\the-karan-singh-vaidh\server\node_modules\router\index.js:342:13)
    at C:\react project\x\the-karan-singh-vaidh\the-karan-singh-vaidh\server\node_modules\router\index.js:297:9

[2026-04-27T07:31:07.251Z] 404 - Not Found - /api/v1/menus/all
Error: Not Found - /api/v1/menus/all
    at notFound (C:\react project\x\the-karan-singh-vaidh\the-karan-singh-vaidh\server\middleware\errorMiddleware.js:5:19)
    at Layer.handleRequest (C:\react project\x\the-karan-singh-vaidh\the-karan-singh-vaidh\server\node_modules\router\lib\layer.js:152:17)
    at trimPrefix (C:\react project\x\the-karan-singh-vaidh\the-karan-singh-vaidh\server\node_modules\router\index.js:342:13)
    at C:\react project\x\the-karan-singh-vaidh\the-karan-singh-vaidh\server\node_modules\router\index.js:297:9
    at processParams (C:\react project\x\the-karan-singh-vaidh\the-karan-singh-vaidh\server\node_modules\router\index.js:582:12)
    at next (C:\react project\x\the-karan-singh-vaidh\the-karan-singh-vaidh\server\node_modules\router\index.js:291:5)
    at logger (C:\react project\x\the-karan-singh-vaidh\the-karan-singh-vaidh\server\node_modules\morgan\index.js:144:5)
    at Layer.handleRequest (C:\react project\x\the-karan-singh-vaidh\the-karan-singh-vaidh\server\node_modules\router\lib\layer.js:152:17)
    at trimPrefix (C:\react project\x\the-karan-singh-vaidh\the-karan-singh-vaidh\server\node_modules\router\index.js:342:13)
    at C:\react project\x\the-karan-singh-vaidh\the-karan-singh-vaidh\server\node_modules\router\index.js:297:9

[2026-04-27T07:31:12.158Z] 404 - Not Found - /api/v1/auth/me
Error: Not Found - /api/v1/auth/me
    at notFound (C:\react project\x\the-karan-singh-vaidh\the-karan-singh-vaidh\server\middleware\errorMiddleware.js:5:19)
    at Layer.handleRequest (C:\react project\x\the-karan-singh-vaidh\the-karan-singh-vaidh\server\node_modules\router\lib\layer.js:152:17)
    at trimPrefix (C:\react project\x\the-karan-singh-vaidh\the-karan-singh-vaidh\server\node_modules\router\index.js:342:13)
    at C:\react project\x\the-karan-singh-vaidh\the-karan-singh-vaidh\server\node_modules\router\index.js:297:9
    at processParams (C:\react project\x\the-karan-singh-vaidh\the-karan-singh-vaidh\server\node_modules\router\index.js:582:12)
    at next (C:\react project\x\the-karan-singh-vaidh\the-karan-singh-vaidh\server\node_modules\router\index.js:291:5)
    at logger (C:\react project\x\the-karan-singh-vaidh\the-karan-singh-vaidh\server\node_modules\morgan\index.js:144:5)
    at Layer.handleRequest (C:\react project\x\the-karan-singh-vaidh\the-karan-singh-vaidh\server\node_modules\router\lib\layer.js:152:17)
    at trimPrefix (C:\react project\x\the-karan-singh-vaidh\the-karan-singh-vaidh\server\node_modules\router\index.js:342:13)
    at C:\react project\x\the-karan-singh-vaidh\the-karan-singh-vaidh\server\node_modules\router\index.js:297:9

[2026-04-27T07:31:12.163Z] 404 - Not Found - /api/v1/auth/me
Error: Not Found - /api/v1/auth/me
    at notFound (C:\react project\x\the-karan-singh-vaidh\the-karan-singh-vaidh\server\middleware\errorMiddleware.js:5:19)
    at Layer.handleRequest (C:\react project\x\the-karan-singh-vaidh\the-karan-singh-vaidh\server\node_modules\router\lib\layer.js:152:17)
    at trimPrefix (C:\react project\x\the-karan-singh-vaidh\the-karan-singh-vaidh\server\node_modules\router\index.js:342:13)
    at C:\react project\x\the-karan-singh-vaidh\the-karan-singh-vaidh\server\node_modules\router\index.js:297:9
    at processParams (C:\react project\x\the-karan-singh-vaidh\the-karan-singh-vaidh\server\node_modules\router\index.js:582:12)
    at next (C:\react project\x\the-karan-singh-vaidh\the-karan-singh-vaidh\server\node_modules\router\index.js:291:5)
    at logger (C:\react project\x\the-karan-singh-vaidh\the-karan-singh-vaidh\server\node_modules\morgan\index.js:144:5)
    at Layer.handleRequest (C:\react project\x\the-karan-singh-vaidh\the-karan-singh-vaidh\server\node_modules\router\lib\layer.js:152:17)
    at trimPrefix (C:\react project\x\the-karan-singh-vaidh\the-karan-singh-vaidh\server\node_modules\router\index.js:342:13)
    at C:\react project\x\the-karan-singh-vaidh\the-karan-singh-vaidh\server\node_modules\router\index.js:297:9

[2026-04-27T07:31:20.048Z] 404 - Not Found - /api/v1/admin/analytics
Error: Not Found - /api/v1/admin/analytics
    at notFound (C:\react project\x\the-karan-singh-vaidh\the-karan-singh-vaidh\server\middleware\errorMiddleware.js:5:19)
    at Layer.handleRequest (C:\react project\x\the-karan-singh-vaidh\the-karan-singh-vaidh\server\node_modules\router\lib\layer.js:152:17)
    at trimPrefix (C:\react project\x\the-karan-singh-vaidh\the-karan-singh-vaidh\server\node_modules\router\index.js:342:13)
    at C:\react project\x\the-karan-singh-vaidh\the-karan-singh-vaidh\server\node_modules\router\index.js:297:9
    at processParams (C:\react project\x\the-karan-singh-vaidh\the-karan-singh-vaidh\server\node_modules\router\index.js:582:12)
    at next (C:\react project\x\the-karan-singh-vaidh\the-karan-singh-vaidh\server\node_modules\router\index.js:291:5)
    at logger (C:\react project\x\the-karan-singh-vaidh\the-karan-singh-vaidh\server\node_modules\morgan\index.js:144:5)
    at Layer.handleRequest (C:\react project\x\the-karan-singh-vaidh\the-karan-singh-vaidh\server\node_modules\router\lib\layer.js:152:17)
    at trimPrefix (C:\react project\x\the-karan-singh-vaidh\the-karan-singh-vaidh\server\node_modules\router\index.js:342:13)
    at C:\react project\x\the-karan-singh-vaidh\the-karan-singh-vaidh\server\node_modules\router\index.js:297:9

[2026-04-27T07:31:20.052Z] 404 - Not Found - /api/v1/admin/analytics
Error: Not Found - /api/v1/admin/analytics
    at notFound (C:\react project\x\the-karan-singh-vaidh\the-karan-singh-vaidh\server\middleware\errorMiddleware.js:5:19)
    at Layer.handleRequest (C:\react project\x\the-karan-singh-vaidh\the-karan-singh-vaidh\server\node_modules\router\lib\layer.js:152:17)
    at trimPrefix (C:\react project\x\the-karan-singh-vaidh\the-karan-singh-vaidh\server\node_modules\router\index.js:342:13)
    at C:\react project\x\the-karan-singh-vaidh\the-karan-singh-vaidh\server\node_modules\router\index.js:297:9
    at processParams (C:\react project\x\the-karan-singh-vaidh\the-karan-singh-vaidh\server\node_modules\router\index.js:582:12)
    at next (C:\react project\x\the-karan-singh-vaidh\the-karan-singh-vaidh\server\node_modules\router\index.js:291:5)
    at logger (C:\react project\x\the-karan-singh-vaidh\the-karan-singh-vaidh\server\node_modules\morgan\index.js:144:5)
    at Layer.handleRequest (C:\react project\x\the-karan-singh-vaidh\the-karan-singh-vaidh\server\node_modules\router\lib\layer.js:152:17)
    at trimPrefix (C:\react project\x\the-karan-singh-vaidh\the-karan-singh-vaidh\server\node_modules\router\index.js:342:13)
    at C:\react project\x\the-karan-singh-vaidh\the-karan-singh-vaidh\server\node_modules\router\index.js:297:9

[2026-04-27T07:31:23.360Z] 404 - Not Found - /api/v1/menus/categories
Error: Not Found - /api/v1/menus/categories
    at notFound (C:\react project\x\the-karan-singh-vaidh\the-karan-singh-vaidh\server\middleware\errorMiddleware.js:5:19)
    at Layer.handleRequest (C:\react project\x\the-karan-singh-vaidh\the-karan-singh-vaidh\server\node_modules\router\lib\layer.js:152:17)
    at trimPrefix (C:\react project\x\the-karan-singh-vaidh\the-karan-singh-vaidh\server\node_modules\router\index.js:342:13)
    at C:\react project\x\the-karan-singh-vaidh\the-karan-singh-vaidh\server\node_modules\router\index.js:297:9
    at processParams (C:\react project\x\the-karan-singh-vaidh\the-karan-singh-vaidh\server\node_modules\router\index.js:582:12)
    at next (C:\react project\x\the-karan-singh-vaidh\the-karan-singh-vaidh\server\node_modules\router\index.js:291:5)
    at logger (C:\react project\x\the-karan-singh-vaidh\the-karan-singh-vaidh\server\node_modules\morgan\index.js:144:5)
    at Layer.handleRequest (C:\react project\x\the-karan-singh-vaidh\the-karan-singh-vaidh\server\node_modules\router\lib\layer.js:152:17)
    at trimPrefix (C:\react project\x\the-karan-singh-vaidh\the-karan-singh-vaidh\server\node_modules\router\index.js:342:13)
    at C:\react project\x\the-karan-singh-vaidh\the-karan-singh-vaidh\server\node_modules\router\index.js:297:9

[2026-04-27T07:31:23.363Z] 404 - Not Found - /api/v1/menus/categories
Error: Not Found - /api/v1/menus/categories
    at notFound (C:\react project\x\the-karan-singh-vaidh\the-karan-singh-vaidh\server\middleware\errorMiddleware.js:5:19)
    at Layer.handleRequest (C:\react project\x\the-karan-singh-vaidh\the-karan-singh-vaidh\server\node_modules\router\lib\layer.js:152:17)
    at trimPrefix (C:\react project\x\the-karan-singh-vaidh\the-karan-singh-vaidh\server\node_modules\router\index.js:342:13)
    at C:\react project\x\the-karan-singh-vaidh\the-karan-singh-vaidh\server\node_modules\router\index.js:297:9
    at processParams (C:\react project\x\the-karan-singh-vaidh\the-karan-singh-vaidh\server\node_modules\router\index.js:582:12)
    at next (C:\react project\x\the-karan-singh-vaidh\the-karan-singh-vaidh\server\node_modules\router\index.js:291:5)
    at logger (C:\react project\x\the-karan-singh-vaidh\the-karan-singh-vaidh\server\node_modules\morgan\index.js:144:5)
    at Layer.handleRequest (C:\react project\x\the-karan-singh-vaidh\the-karan-singh-vaidh\server\node_modules\router\lib\layer.js:152:17)
    at trimPrefix (C:\react project\x\the-karan-singh-vaidh\the-karan-singh-vaidh\server\node_modules\router\index.js:342:13)
    at C:\react project\x\the-karan-singh-vaidh\the-karan-singh-vaidh\server\node_modules\router\index.js:297:9

[2026-04-27T07:31:27.233Z] 404 - Not Found - /api/v1/admin/bookings
Error: Not Found - /api/v1/admin/bookings
    at notFound (C:\react project\x\the-karan-singh-vaidh\the-karan-singh-vaidh\server\middleware\errorMiddleware.js:5:19)
    at Layer.handleRequest (C:\react project\x\the-karan-singh-vaidh\the-karan-singh-vaidh\server\node_modules\router\lib\layer.js:152:17)
    at trimPrefix (C:\react project\x\the-karan-singh-vaidh\the-karan-singh-vaidh\server\node_modules\router\index.js:342:13)
    at C:\react project\x\the-karan-singh-vaidh\the-karan-singh-vaidh\server\node_modules\router\index.js:297:9
    at processParams (C:\react project\x\the-karan-singh-vaidh\the-karan-singh-vaidh\server\node_modules\router\index.js:582:12)
    at next (C:\react project\x\the-karan-singh-vaidh\the-karan-singh-vaidh\server\node_modules\router\index.js:291:5)
    at logger (C:\react project\x\the-karan-singh-vaidh\the-karan-singh-vaidh\server\node_modules\morgan\index.js:144:5)
    at Layer.handleRequest (C:\react project\x\the-karan-singh-vaidh\the-karan-singh-vaidh\server\node_modules\router\lib\layer.js:152:17)
    at trimPrefix (C:\react project\x\the-karan-singh-vaidh\the-karan-singh-vaidh\server\node_modules\router\index.js:342:13)
    at C:\react project\x\the-karan-singh-vaidh\the-karan-singh-vaidh\server\node_modules\router\index.js:297:9

[2026-04-27T07:31:27.237Z] 404 - Not Found - /api/v1/admin/bookings
Error: Not Found - /api/v1/admin/bookings
    at notFound (C:\react project\x\the-karan-singh-vaidh\the-karan-singh-vaidh\server\middleware\errorMiddleware.js:5:19)
    at Layer.handleRequest (C:\react project\x\the-karan-singh-vaidh\the-karan-singh-vaidh\server\node_modules\router\lib\layer.js:152:17)
    at trimPrefix (C:\react project\x\the-karan-singh-vaidh\the-karan-singh-vaidh\server\node_modules\router\index.js:342:13)
    at C:\react project\x\the-karan-singh-vaidh\the-karan-singh-vaidh\server\node_modules\router\index.js:297:9
    at processParams (C:\react project\x\the-karan-singh-vaidh\the-karan-singh-vaidh\server\node_modules\router\index.js:582:12)
    at next (C:\react project\x\the-karan-singh-vaidh\the-karan-singh-vaidh\server\node_modules\router\index.js:291:5)
    at logger (C:\react project\x\the-karan-singh-vaidh\the-karan-singh-vaidh\server\node_modules\morgan\index.js:144:5)
    at Layer.handleRequest (C:\react project\x\the-karan-singh-vaidh\the-karan-singh-vaidh\server\node_modules\router\lib\layer.js:152:17)
    at trimPrefix (C:\react project\x\the-karan-singh-vaidh\the-karan-singh-vaidh\server\node_modules\router\index.js:342:13)
    at C:\react project\x\the-karan-singh-vaidh\the-karan-singh-vaidh\server\node_modules\router\index.js:297:9

[2026-04-27T07:31:27.827Z] 404 - Not Found - /api/v1/menus/categories
Error: Not Found - /api/v1/menus/categories
    at notFound (C:\react project\x\the-karan-singh-vaidh\the-karan-singh-vaidh\server\middleware\errorMiddleware.js:5:19)
    at Layer.handleRequest (C:\react project\x\the-karan-singh-vaidh\the-karan-singh-vaidh\server\node_modules\router\lib\layer.js:152:17)
    at trimPrefix (C:\react project\x\the-karan-singh-vaidh\the-karan-singh-vaidh\server\node_modules\router\index.js:342:13)
    at C:\react project\x\the-karan-singh-vaidh\the-karan-singh-vaidh\server\node_modules\router\index.js:297:9
    at processParams (C:\react project\x\the-karan-singh-vaidh\the-karan-singh-vaidh\server\node_modules\router\index.js:582:12)
    at next (C:\react project\x\the-karan-singh-vaidh\the-karan-singh-vaidh\server\node_modules\router\index.js:291:5)
    at logger (C:\react project\x\the-karan-singh-vaidh\the-karan-singh-vaidh\server\node_modules\morgan\index.js:144:5)
    at Layer.handleRequest (C:\react project\x\the-karan-singh-vaidh\the-karan-singh-vaidh\server\node_modules\router\lib\layer.js:152:17)
    at trimPrefix (C:\react project\x\the-karan-singh-vaidh\the-karan-singh-vaidh\server\node_modules\router\index.js:342:13)
    at C:\react project\x\the-karan-singh-vaidh\the-karan-singh-vaidh\server\node_modules\router\index.js:297:9

[2026-04-27T07:31:27.831Z] 404 - Not Found - /api/v1/menus/categories
Error: Not Found - /api/v1/menus/categories
    at notFound (C:\react project\x\the-karan-singh-vaidh\the-karan-singh-vaidh\server\middleware\errorMiddleware.js:5:19)
    at Layer.handleRequest (C:\react project\x\the-karan-singh-vaidh\the-karan-singh-vaidh\server\node_modules\router\lib\layer.js:152:17)
    at trimPrefix (C:\react project\x\the-karan-singh-vaidh\the-karan-singh-vaidh\server\node_modules\router\index.js:342:13)
    at C:\react project\x\the-karan-singh-vaidh\the-karan-singh-vaidh\server\node_modules\router\index.js:297:9
    at processParams (C:\react project\x\the-karan-singh-vaidh\the-karan-singh-vaidh\server\node_modules\router\index.js:582:12)
    at next (C:\react project\x\the-karan-singh-vaidh\the-karan-singh-vaidh\server\node_modules\router\index.js:291:5)
    at logger (C:\react project\x\the-karan-singh-vaidh\the-karan-singh-vaidh\server\node_modules\morgan\index.js:144:5)
    at Layer.handleRequest (C:\react project\x\the-karan-singh-vaidh\the-karan-singh-vaidh\server\node_modules\router\lib\layer.js:152:17)
    at trimPrefix (C:\react project\x\the-karan-singh-vaidh\the-karan-singh-vaidh\server\node_modules\router\index.js:342:13)
    at C:\react project\x\the-karan-singh-vaidh\the-karan-singh-vaidh\server\node_modules\router\index.js:297:9

[2026-04-27T07:32:09.266Z] 404 - Not Found - /api/v1/auth/me
Error: Not Found - /api/v1/auth/me
    at notFound (C:\react project\x\the-karan-singh-vaidh\the-karan-singh-vaidh\server\middleware\errorMiddleware.js:5:19)
    at Layer.handleRequest (C:\react project\x\the-karan-singh-vaidh\the-karan-singh-vaidh\server\node_modules\router\lib\layer.js:152:17)
    at trimPrefix (C:\react project\x\the-karan-singh-vaidh\the-karan-singh-vaidh\server\node_modules\router\index.js:342:13)
    at C:\react project\x\the-karan-singh-vaidh\the-karan-singh-vaidh\server\node_modules\router\index.js:297:9
    at processParams (C:\react project\x\the-karan-singh-vaidh\the-karan-singh-vaidh\server\node_modules\router\index.js:582:12)
    at next (C:\react project\x\the-karan-singh-vaidh\the-karan-singh-vaidh\server\node_modules\router\index.js:291:5)
    at logger (C:\react project\x\the-karan-singh-vaidh\the-karan-singh-vaidh\server\node_modules\morgan\index.js:144:5)
    at Layer.handleRequest (C:\react project\x\the-karan-singh-vaidh\the-karan-singh-vaidh\server\node_modules\router\lib\layer.js:152:17)
    at trimPrefix (C:\react project\x\the-karan-singh-vaidh\the-karan-singh-vaidh\server\node_modules\router\index.js:342:13)
    at C:\react project\x\the-karan-singh-vaidh\the-karan-singh-vaidh\server\node_modules\router\index.js:297:9

[2026-04-27T07:32:09.270Z] 404 - Not Found - /api/v1/auth/me
Error: Not Found - /api/v1/auth/me
    at notFound (C:\react project\x\the-karan-singh-vaidh\the-karan-singh-vaidh\server\middleware\errorMiddleware.js:5:19)
    at Layer.handleRequest (C:\react project\x\the-karan-singh-vaidh\the-karan-singh-vaidh\server\node_modules\router\lib\layer.js:152:17)
    at trimPrefix (C:\react project\x\the-karan-singh-vaidh\the-karan-singh-vaidh\server\node_modules\router\index.js:342:13)
    at C:\react project\x\the-karan-singh-vaidh\the-karan-singh-vaidh\server\node_modules\router\index.js:297:9
    at processParams (C:\react project\x\the-karan-singh-vaidh\the-karan-singh-vaidh\server\node_modules\router\index.js:582:12)
    at next (C:\react project\x\the-karan-singh-vaidh\the-karan-singh-vaidh\server\node_modules\router\index.js:291:5)
    at logger (C:\react project\x\the-karan-singh-vaidh\the-karan-singh-vaidh\server\node_modules\morgan\index.js:144:5)
    at Layer.handleRequest (C:\react project\x\the-karan-singh-vaidh\the-karan-singh-vaidh\server\node_modules\router\lib\layer.js:152:17)
    at trimPrefix (C:\react project\x\the-karan-singh-vaidh\the-karan-singh-vaidh\server\node_modules\router\index.js:342:13)
    at C:\react project\x\the-karan-singh-vaidh\the-karan-singh-vaidh\server\node_modules\router\index.js:297:9

[2026-04-27T07:32:13.869Z] 404 - Not Found - /api/v1/menus/all
Error: Not Found - /api/v1/menus/all
    at notFound (C:\react project\x\the-karan-singh-vaidh\the-karan-singh-vaidh\server\middleware\errorMiddleware.js:5:19)
    at Layer.handleRequest (C:\react project\x\the-karan-singh-vaidh\the-karan-singh-vaidh\server\node_modules\router\lib\layer.js:152:17)
    at trimPrefix (C:\react project\x\the-karan-singh-vaidh\the-karan-singh-vaidh\server\node_modules\router\index.js:342:13)
    at C:\react project\x\the-karan-singh-vaidh\the-karan-singh-vaidh\server\node_modules\router\index.js:297:9
    at processParams (C:\react project\x\the-karan-singh-vaidh\the-karan-singh-vaidh\server\node_modules\router\index.js:582:12)
    at next (C:\react project\x\the-karan-singh-vaidh\the-karan-singh-vaidh\server\node_modules\router\index.js:291:5)
    at logger (C:\react project\x\the-karan-singh-vaidh\the-karan-singh-vaidh\server\node_modules\morgan\index.js:144:5)
    at Layer.handleRequest (C:\react project\x\the-karan-singh-vaidh\the-karan-singh-vaidh\server\node_modules\router\lib\layer.js:152:17)
    at trimPrefix (C:\react project\x\the-karan-singh-vaidh\the-karan-singh-vaidh\server\node_modules\router\index.js:342:13)
    at C:\react project\x\the-karan-singh-vaidh\the-karan-singh-vaidh\server\node_modules\router\index.js:297:9

[2026-04-27T07:32:13.877Z] 404 - Not Found - /api/v1/menus/all
Error: Not Found - /api/v1/menus/all
    at notFound (C:\react project\x\the-karan-singh-vaidh\the-karan-singh-vaidh\server\middleware\errorMiddleware.js:5:19)
    at Layer.handleRequest (C:\react project\x\the-karan-singh-vaidh\the-karan-singh-vaidh\server\node_modules\router\lib\layer.js:152:17)
    at trimPrefix (C:\react project\x\the-karan-singh-vaidh\the-karan-singh-vaidh\server\node_modules\router\index.js:342:13)
    at C:\react project\x\the-karan-singh-vaidh\the-karan-singh-vaidh\server\node_modules\router\index.js:297:9
    at processParams (C:\react project\x\the-karan-singh-vaidh\the-karan-singh-vaidh\server\node_modules\router\index.js:582:12)
    at next (C:\react project\x\the-karan-singh-vaidh\the-karan-singh-vaidh\server\node_modules\router\index.js:291:5)
    at logger (C:\react project\x\the-karan-singh-vaidh\the-karan-singh-vaidh\server\node_modules\morgan\index.js:144:5)
    at Layer.handleRequest (C:\react project\x\the-karan-singh-vaidh\the-karan-singh-vaidh\server\node_modules\router\lib\layer.js:152:17)
    at trimPrefix (C:\react project\x\the-karan-singh-vaidh\the-karan-singh-vaidh\server\node_modules\router\index.js:342:13)
    at C:\react project\x\the-karan-singh-vaidh\the-karan-singh-vaidh\server\node_modules\router\index.js:297:9

[2026-04-27T07:32:26.289Z] 404 - Not Found - /api/v1/admin/menus
Error: Not Found - /api/v1/admin/menus
    at notFound (C:\react project\x\the-karan-singh-vaidh\the-karan-singh-vaidh\server\middleware\errorMiddleware.js:5:19)
    at Layer.handleRequest (C:\react project\x\the-karan-singh-vaidh\the-karan-singh-vaidh\server\node_modules\router\lib\layer.js:152:17)
    at trimPrefix (C:\react project\x\the-karan-singh-vaidh\the-karan-singh-vaidh\server\node_modules\router\index.js:342:13)
    at C:\react project\x\the-karan-singh-vaidh\the-karan-singh-vaidh\server\node_modules\router\index.js:297:9
    at processParams (C:\react project\x\the-karan-singh-vaidh\the-karan-singh-vaidh\server\node_modules\router\index.js:582:12)
    at next (C:\react project\x\the-karan-singh-vaidh\the-karan-singh-vaidh\server\node_modules\router\index.js:291:5)
    at logger (C:\react project\x\the-karan-singh-vaidh\the-karan-singh-vaidh\server\node_modules\morgan\index.js:144:5)
    at Layer.handleRequest (C:\react project\x\the-karan-singh-vaidh\the-karan-singh-vaidh\server\node_modules\router\lib\layer.js:152:17)
    at trimPrefix (C:\react project\x\the-karan-singh-vaidh\the-karan-singh-vaidh\server\node_modules\router\index.js:342:13)
    at C:\react project\x\the-karan-singh-vaidh\the-karan-singh-vaidh\server\node_modules\router\index.js:297:9

[2026-04-27T07:33:37.627Z] 404 - Not Found - /api/v1/admin/menus
Error: Not Found - /api/v1/admin/menus
    at notFound (C:\react project\x\the-karan-singh-vaidh\the-karan-singh-vaidh\server\middleware\errorMiddleware.js:5:19)
    at Layer.handleRequest (C:\react project\x\the-karan-singh-vaidh\the-karan-singh-vaidh\server\node_modules\router\lib\layer.js:152:17)
    at trimPrefix (C:\react project\x\the-karan-singh-vaidh\the-karan-singh-vaidh\server\node_modules\router\index.js:342:13)
    at C:\react project\x\the-karan-singh-vaidh\the-karan-singh-vaidh\server\node_modules\router\index.js:297:9
    at processParams (C:\react project\x\the-karan-singh-vaidh\the-karan-singh-vaidh\server\node_modules\router\index.js:582:12)
    at next (C:\react project\x\the-karan-singh-vaidh\the-karan-singh-vaidh\server\node_modules\router\index.js:291:5)
    at logger (C:\react project\x\the-karan-singh-vaidh\the-karan-singh-vaidh\server\node_modules\morgan\index.js:144:5)
    at Layer.handleRequest (C:\react project\x\the-karan-singh-vaidh\the-karan-singh-vaidh\server\node_modules\router\lib\layer.js:152:17)
    at trimPrefix (C:\react project\x\the-karan-singh-vaidh\the-karan-singh-vaidh\server\node_modules\router\index.js:342:13)
    at C:\react project\x\the-karan-singh-vaidh\the-karan-singh-vaidh\server\node_modules\router\index.js:297:9

[2026-04-27T07:42:24.801Z] 404 - Not Found - /api/v1/auth/me
Error: Not Found - /api/v1/auth/me
    at notFound (C:\react project\x\the-karan-singh-vaidh\the-karan-singh-vaidh\server\middleware\errorMiddleware.js:5:19)
    at Layer.handleRequest (C:\react project\x\the-karan-singh-vaidh\the-karan-singh-vaidh\server\node_modules\router\lib\layer.js:152:17)
    at trimPrefix (C:\react project\x\the-karan-singh-vaidh\the-karan-singh-vaidh\server\node_modules\router\index.js:342:13)
    at C:\react project\x\the-karan-singh-vaidh\the-karan-singh-vaidh\server\node_modules\router\index.js:297:9
    at processParams (C:\react project\x\the-karan-singh-vaidh\the-karan-singh-vaidh\server\node_modules\router\index.js:582:12)
    at next (C:\react project\x\the-karan-singh-vaidh\the-karan-singh-vaidh\server\node_modules\router\index.js:291:5)
    at logger (C:\react project\x\the-karan-singh-vaidh\the-karan-singh-vaidh\server\node_modules\morgan\index.js:144:5)
    at Layer.handleRequest (C:\react project\x\the-karan-singh-vaidh\the-karan-singh-vaidh\server\node_modules\router\lib\layer.js:152:17)
    at trimPrefix (C:\react project\x\the-karan-singh-vaidh\the-karan-singh-vaidh\server\node_modules\router\index.js:342:13)
    at C:\react project\x\the-karan-singh-vaidh\the-karan-singh-vaidh\server\node_modules\router\index.js:297:9

[2026-04-27T07:42:24.806Z] 404 - Not Found - /api/v1/auth/me
Error: Not Found - /api/v1/auth/me
    at notFound (C:\react project\x\the-karan-singh-vaidh\the-karan-singh-vaidh\server\middleware\errorMiddleware.js:5:19)
    at Layer.handleRequest (C:\react project\x\the-karan-singh-vaidh\the-karan-singh-vaidh\server\node_modules\router\lib\layer.js:152:17)
    at trimPrefix (C:\react project\x\the-karan-singh-vaidh\the-karan-singh-vaidh\server\node_modules\router\index.js:342:13)
    at C:\react project\x\the-karan-singh-vaidh\the-karan-singh-vaidh\server\node_modules\router\index.js:297:9
    at processParams (C:\react project\x\the-karan-singh-vaidh\the-karan-singh-vaidh\server\node_modules\router\index.js:582:12)
    at next (C:\react project\x\the-karan-singh-vaidh\the-karan-singh-vaidh\server\node_modules\router\index.js:291:5)
    at logger (C:\react project\x\the-karan-singh-vaidh\the-karan-singh-vaidh\server\node_modules\morgan\index.js:144:5)
    at Layer.handleRequest (C:\react project\x\the-karan-singh-vaidh\the-karan-singh-vaidh\server\node_modules\router\lib\layer.js:152:17)
    at trimPrefix (C:\react project\x\the-karan-singh-vaidh\the-karan-singh-vaidh\server\node_modules\router\index.js:342:13)
    at C:\react project\x\the-karan-singh-vaidh\the-karan-singh-vaidh\server\node_modules\router\index.js:297:9

[2026-04-27T07:42:29.633Z] 404 - Not Found - /api/v1/menus/categories
Error: Not Found - /api/v1/menus/categories
    at notFound (C:\react project\x\the-karan-singh-vaidh\the-karan-singh-vaidh\server\middleware\errorMiddleware.js:5:19)
    at Layer.handleRequest (C:\react project\x\the-karan-singh-vaidh\the-karan-singh-vaidh\server\node_modules\router\lib\layer.js:152:17)
    at trimPrefix (C:\react project\x\the-karan-singh-vaidh\the-karan-singh-vaidh\server\node_modules\router\index.js:342:13)
    at C:\react project\x\the-karan-singh-vaidh\the-karan-singh-vaidh\server\node_modules\router\index.js:297:9
    at processParams (C:\react project\x\the-karan-singh-vaidh\the-karan-singh-vaidh\server\node_modules\router\index.js:582:12)
    at next (C:\react project\x\the-karan-singh-vaidh\the-karan-singh-vaidh\server\node_modules\router\index.js:291:5)
    at logger (C:\react project\x\the-karan-singh-vaidh\the-karan-singh-vaidh\server\node_modules\morgan\index.js:144:5)
    at Layer.handleRequest (C:\react project\x\the-karan-singh-vaidh\the-karan-singh-vaidh\server\node_modules\router\lib\layer.js:152:17)
    at trimPrefix (C:\react project\x\the-karan-singh-vaidh\the-karan-singh-vaidh\server\node_modules\router\index.js:342:13)
    at C:\react project\x\the-karan-singh-vaidh\the-karan-singh-vaidh\server\node_modules\router\index.js:297:9

[2026-04-27T07:42:29.637Z] 404 - Not Found - /api/v1/menus/categories
Error: Not Found - /api/v1/menus/categories
    at notFound (C:\react project\x\the-karan-singh-vaidh\the-karan-singh-vaidh\server\middleware\errorMiddleware.js:5:19)
    at Layer.handleRequest (C:\react project\x\the-karan-singh-vaidh\the-karan-singh-vaidh\server\node_modules\router\lib\layer.js:152:17)
    at trimPrefix (C:\react project\x\the-karan-singh-vaidh\the-karan-singh-vaidh\server\node_modules\router\index.js:342:13)
    at C:\react project\x\the-karan-singh-vaidh\the-karan-singh-vaidh\server\node_modules\router\index.js:297:9
    at processParams (C:\react project\x\the-karan-singh-vaidh\the-karan-singh-vaidh\server\node_modules\router\index.js:582:12)
    at next (C:\react project\x\the-karan-singh-vaidh\the-karan-singh-vaidh\server\node_modules\router\index.js:291:5)
    at logger (C:\react project\x\the-karan-singh-vaidh\the-karan-singh-vaidh\server\node_modules\morgan\index.js:144:5)
    at Layer.handleRequest (C:\react project\x\the-karan-singh-vaidh\the-karan-singh-vaidh\server\node_modules\router\lib\layer.js:152:17)
    at trimPrefix (C:\react project\x\the-karan-singh-vaidh\the-karan-singh-vaidh\server\node_modules\router\index.js:342:13)
    at C:\react project\x\the-karan-singh-vaidh\the-karan-singh-vaidh\server\node_modules\router\index.js:297:9

[2026-04-27T07:42:41.291Z] 404 - Not Found - /api/v1/admin/menus
Error: Not Found - /api/v1/admin/menus
    at notFound (C:\react project\x\the-karan-singh-vaidh\the-karan-singh-vaidh\server\middleware\errorMiddleware.js:5:19)
    at Layer.handleRequest (C:\react project\x\the-karan-singh-vaidh\the-karan-singh-vaidh\server\node_modules\router\lib\layer.js:152:17)
    at trimPrefix (C:\react project\x\the-karan-singh-vaidh\the-karan-singh-vaidh\server\node_modules\router\index.js:342:13)
    at C:\react project\x\the-karan-singh-vaidh\the-karan-singh-vaidh\server\node_modules\router\index.js:297:9
    at processParams (C:\react project\x\the-karan-singh-vaidh\the-karan-singh-vaidh\server\node_modules\router\index.js:582:12)
    at next (C:\react project\x\the-karan-singh-vaidh\the-karan-singh-vaidh\server\node_modules\router\index.js:291:5)
    at logger (C:\react project\x\the-karan-singh-vaidh\the-karan-singh-vaidh\server\node_modules\morgan\index.js:144:5)
    at Layer.handleRequest (C:\react project\x\the-karan-singh-vaidh\the-karan-singh-vaidh\server\node_modules\router\lib\layer.js:152:17)
    at trimPrefix (C:\react project\x\the-karan-singh-vaidh\the-karan-singh-vaidh\server\node_modules\router\index.js:342:13)
    at C:\react project\x\the-karan-singh-vaidh\the-karan-singh-vaidh\server\node_modules\router\index.js:297:9

[2026-04-27T07:43:40.314Z] 404 - Not Found - /api/v1/menus/categories
Error: Not Found - /api/v1/menus/categories
    at notFound (C:\react project\x\the-karan-singh-vaidh\the-karan-singh-vaidh\server\middleware\errorMiddleware.js:5:19)
    at Layer.handleRequest (C:\react project\x\the-karan-singh-vaidh\the-karan-singh-vaidh\server\node_modules\router\lib\layer.js:152:17)
    at trimPrefix (C:\react project\x\the-karan-singh-vaidh\the-karan-singh-vaidh\server\node_modules\router\index.js:342:13)
    at C:\react project\x\the-karan-singh-vaidh\the-karan-singh-vaidh\server\node_modules\router\index.js:297:9
    at processParams (C:\react project\x\the-karan-singh-vaidh\the-karan-singh-vaidh\server\node_modules\router\index.js:582:12)
    at next (C:\react project\x\the-karan-singh-vaidh\the-karan-singh-vaidh\server\node_modules\router\index.js:291:5)
    at logger (C:\react project\x\the-karan-singh-vaidh\the-karan-singh-vaidh\server\node_modules\morgan\index.js:144:5)
    at Layer.handleRequest (C:\react project\x\the-karan-singh-vaidh\the-karan-singh-vaidh\server\node_modules\router\lib\layer.js:152:17)
    at trimPrefix (C:\react project\x\the-karan-singh-vaidh\the-karan-singh-vaidh\server\node_modules\router\index.js:342:13)
    at C:\react project\x\the-karan-singh-vaidh\the-karan-singh-vaidh\server\node_modules\router\index.js:297:9

[2026-04-27T07:44:27.920Z] 404 - Not Found - /api/v1/auth/me
Error: Not Found - /api/v1/auth/me
    at notFound (C:\react project\x\the-karan-singh-vaidh\the-karan-singh-vaidh\server\middleware\errorMiddleware.js:5:19)
    at Layer.handleRequest (C:\react project\x\the-karan-singh-vaidh\the-karan-singh-vaidh\server\node_modules\router\lib\layer.js:152:17)
    at trimPrefix (C:\react project\x\the-karan-singh-vaidh\the-karan-singh-vaidh\server\node_modules\router\index.js:342:13)
    at C:\react project\x\the-karan-singh-vaidh\the-karan-singh-vaidh\server\node_modules\router\index.js:297:9
    at processParams (C:\react project\x\the-karan-singh-vaidh\the-karan-singh-vaidh\server\node_modules\router\index.js:582:12)
    at next (C:\react project\x\the-karan-singh-vaidh\the-karan-singh-vaidh\server\node_modules\router\index.js:291:5)
    at logger (C:\react project\x\the-karan-singh-vaidh\the-karan-singh-vaidh\server\node_modules\morgan\index.js:144:5)
    at Layer.handleRequest (C:\react project\x\the-karan-singh-vaidh\the-karan-singh-vaidh\server\node_modules\router\lib\layer.js:152:17)
    at trimPrefix (C:\react project\x\the-karan-singh-vaidh\the-karan-singh-vaidh\server\node_modules\router\index.js:342:13)
    at C:\react project\x\the-karan-singh-vaidh\the-karan-singh-vaidh\server\node_modules\router\index.js:297:9

[2026-04-27T07:44:27.925Z] 404 - Not Found - /api/v1/auth/me
Error: Not Found - /api/v1/auth/me
    at notFound (C:\react project\x\the-karan-singh-vaidh\the-karan-singh-vaidh\server\middleware\errorMiddleware.js:5:19)
    at Layer.handleRequest (C:\react project\x\the-karan-singh-vaidh\the-karan-singh-vaidh\server\node_modules\router\lib\layer.js:152:17)
    at trimPrefix (C:\react project\x\the-karan-singh-vaidh\the-karan-singh-vaidh\server\node_modules\router\index.js:342:13)
    at C:\react project\x\the-karan-singh-vaidh\the-karan-singh-vaidh\server\node_modules\router\index.js:297:9
    at processParams (C:\react project\x\the-karan-singh-vaidh\the-karan-singh-vaidh\server\node_modules\router\index.js:582:12)
    at next (C:\react project\x\the-karan-singh-vaidh\the-karan-singh-vaidh\server\node_modules\router\index.js:291:5)
    at logger (C:\react project\x\the-karan-singh-vaidh\the-karan-singh-vaidh\server\node_modules\morgan\index.js:144:5)
    at Layer.handleRequest (C:\react project\x\the-karan-singh-vaidh\the-karan-singh-vaidh\server\node_modules\router\lib\layer.js:152:17)
    at trimPrefix (C:\react project\x\the-karan-singh-vaidh\the-karan-singh-vaidh\server\node_modules\router\index.js:342:13)
    at C:\react project\x\the-karan-singh-vaidh\the-karan-singh-vaidh\server\node_modules\router\index.js:297:9

[2026-04-27T07:44:38.161Z] 404 - Not Found - /api/v1/auth/login
Error: Not Found - /api/v1/auth/login
    at notFound (C:\react project\x\the-karan-singh-vaidh\the-karan-singh-vaidh\server\middleware\errorMiddleware.js:5:19)
    at Layer.handleRequest (C:\react project\x\the-karan-singh-vaidh\the-karan-singh-vaidh\server\node_modules\router\lib\layer.js:152:17)
    at trimPrefix (C:\react project\x\the-karan-singh-vaidh\the-karan-singh-vaidh\server\node_modules\router\index.js:342:13)
    at C:\react project\x\the-karan-singh-vaidh\the-karan-singh-vaidh\server\node_modules\router\index.js:297:9
    at processParams (C:\react project\x\the-karan-singh-vaidh\the-karan-singh-vaidh\server\node_modules\router\index.js:582:12)
    at next (C:\react project\x\the-karan-singh-vaidh\the-karan-singh-vaidh\server\node_modules\router\index.js:291:5)
    at logger (C:\react project\x\the-karan-singh-vaidh\the-karan-singh-vaidh\server\node_modules\morgan\index.js:144:5)
    at Layer.handleRequest (C:\react project\x\the-karan-singh-vaidh\the-karan-singh-vaidh\server\node_modules\router\lib\layer.js:152:17)
    at trimPrefix (C:\react project\x\the-karan-singh-vaidh\the-karan-singh-vaidh\server\node_modules\router\index.js:342:13)
    at C:\react project\x\the-karan-singh-vaidh\the-karan-singh-vaidh\server\node_modules\router\index.js:297:9

[2026-04-27T10:54:58.798Z] 404 - Not Found - /api/v1/menus/all
Error: Not Found - /api/v1/menus/all
    at notFound (C:\react project\x\the-karan-singh-vaidh\the-karan-singh-vaidh\server\middleware\errorMiddleware.js:5:19)
    at Layer.handleRequest (C:\react project\x\the-karan-singh-vaidh\the-karan-singh-vaidh\server\node_modules\router\lib\layer.js:152:17)
    at trimPrefix (C:\react project\x\the-karan-singh-vaidh\the-karan-singh-vaidh\server\node_modules\router\index.js:342:13)
    at C:\react project\x\the-karan-singh-vaidh\the-karan-singh-vaidh\server\node_modules\router\index.js:297:9
    at processParams (C:\react project\x\the-karan-singh-vaidh\the-karan-singh-vaidh\server\node_modules\router\index.js:582:12)
    at next (C:\react project\x\the-karan-singh-vaidh\the-karan-singh-vaidh\server\node_modules\router\index.js:291:5)
    at logger (C:\react project\x\the-karan-singh-vaidh\the-karan-singh-vaidh\server\node_modules\morgan\index.js:144:5)
    at Layer.handleRequest (C:\react project\x\the-karan-singh-vaidh\the-karan-singh-vaidh\server\node_modules\router\lib\layer.js:152:17)
    at trimPrefix (C:\react project\x\the-karan-singh-vaidh\the-karan-singh-vaidh\server\node_modules\router\index.js:342:13)
    at C:\react project\x\the-karan-singh-vaidh\the-karan-singh-vaidh\server\node_modules\router\index.js:297:9

[2026-04-27T10:54:59.004Z] 404 - Not Found - /api/v1/menus/all
Error: Not Found - /api/v1/menus/all
    at notFound (C:\react project\x\the-karan-singh-vaidh\the-karan-singh-vaidh\server\middleware\errorMiddleware.js:5:19)
    at Layer.handleRequest (C:\react project\x\the-karan-singh-vaidh\the-karan-singh-vaidh\server\node_modules\router\lib\layer.js:152:17)
    at trimPrefix (C:\react project\x\the-karan-singh-vaidh\the-karan-singh-vaidh\server\node_modules\router\index.js:342:13)
    at C:\react project\x\the-karan-singh-vaidh\the-karan-singh-vaidh\server\node_modules\router\index.js:297:9
    at processParams (C:\react project\x\the-karan-singh-vaidh\the-karan-singh-vaidh\server\node_modules\router\index.js:582:12)
    at next (C:\react project\x\the-karan-singh-vaidh\the-karan-singh-vaidh\server\node_modules\router\index.js:291:5)
    at logger (C:\react project\x\the-karan-singh-vaidh\the-karan-singh-vaidh\server\node_modules\morgan\index.js:144:5)
    at Layer.handleRequest (C:\react project\x\the-karan-singh-vaidh\the-karan-singh-vaidh\server\node_modules\router\lib\layer.js:152:17)
    at trimPrefix (C:\react project\x\the-karan-singh-vaidh\the-karan-singh-vaidh\server\node_modules\router\index.js:342:13)
    at C:\react project\x\the-karan-singh-vaidh\the-karan-singh-vaidh\server\node_modules\router\index.js:297:9

[2026-04-27T10:59:28.417Z] 404 - Not Found - /api/v1/auth/me
Error: Not Found - /api/v1/auth/me
    at notFound (C:\react project\x\the-karan-singh-vaidh\the-karan-singh-vaidh\server\middleware\errorMiddleware.js:5:19)
    at Layer.handleRequest (C:\react project\x\the-karan-singh-vaidh\the-karan-singh-vaidh\server\node_modules\router\lib\layer.js:152:17)
    at trimPrefix (C:\react project\x\the-karan-singh-vaidh\the-karan-singh-vaidh\server\node_modules\router\index.js:342:13)
    at C:\react project\x\the-karan-singh-vaidh\the-karan-singh-vaidh\server\node_modules\router\index.js:297:9
    at processParams (C:\react project\x\the-karan-singh-vaidh\the-karan-singh-vaidh\server\node_modules\router\index.js:582:12)
    at next (C:\react project\x\the-karan-singh-vaidh\the-karan-singh-vaidh\server\node_modules\router\index.js:291:5)
    at logger (C:\react project\x\the-karan-singh-vaidh\the-karan-singh-vaidh\server\node_modules\morgan\index.js:144:5)
    at Layer.handleRequest (C:\react project\x\the-karan-singh-vaidh\the-karan-singh-vaidh\server\node_modules\router\lib\layer.js:152:17)
    at trimPrefix (C:\react project\x\the-karan-singh-vaidh\the-karan-singh-vaidh\server\node_modules\router\index.js:342:13)
    at C:\react project\x\the-karan-singh-vaidh\the-karan-singh-vaidh\server\node_modules\router\index.js:297:9

[2026-04-27T10:59:28.426Z] 404 - Not Found - /api/v1/auth/me
Error: Not Found - /api/v1/auth/me
    at notFound (C:\react project\x\the-karan-singh-vaidh\the-karan-singh-vaidh\server\middleware\errorMiddleware.js:5:19)
    at Layer.handleRequest (C:\react project\x\the-karan-singh-vaidh\the-karan-singh-vaidh\server\node_modules\router\lib\layer.js:152:17)
    at trimPrefix (C:\react project\x\the-karan-singh-vaidh\the-karan-singh-vaidh\server\node_modules\router\index.js:342:13)
    at C:\react project\x\the-karan-singh-vaidh\the-karan-singh-vaidh\server\node_modules\router\index.js:297:9
    at processParams (C:\react project\x\the-karan-singh-vaidh\the-karan-singh-vaidh\server\node_modules\router\index.js:582:12)
    at next (C:\react project\x\the-karan-singh-vaidh\the-karan-singh-vaidh\server\node_modules\router\index.js:291:5)
    at logger (C:\react project\x\the-karan-singh-vaidh\the-karan-singh-vaidh\server\node_modules\morgan\index.js:144:5)
    at Layer.handleRequest (C:\react project\x\the-karan-singh-vaidh\the-karan-singh-vaidh\server\node_modules\router\lib\layer.js:152:17)
    at trimPrefix (C:\react project\x\the-karan-singh-vaidh\the-karan-singh-vaidh\server\node_modules\router\index.js:342:13)
    at C:\react project\x\the-karan-singh-vaidh\the-karan-singh-vaidh\server\node_modules\router\index.js:297:9

[2026-04-27T10:59:33.147Z] 404 - Not Found - /api/v1/menus/all
Error: Not Found - /api/v1/menus/all
    at notFound (C:\react project\x\the-karan-singh-vaidh\the-karan-singh-vaidh\server\middleware\errorMiddleware.js:5:19)
    at Layer.handleRequest (C:\react project\x\the-karan-singh-vaidh\the-karan-singh-vaidh\server\node_modules\router\lib\layer.js:152:17)
    at trimPrefix (C:\react project\x\the-karan-singh-vaidh\the-karan-singh-vaidh\server\node_modules\router\index.js:342:13)
    at C:\react project\x\the-karan-singh-vaidh\the-karan-singh-vaidh\server\node_modules\router\index.js:297:9
    at processParams (C:\react project\x\the-karan-singh-vaidh\the-karan-singh-vaidh\server\node_modules\router\index.js:582:12)
    at next (C:\react project\x\the-karan-singh-vaidh\the-karan-singh-vaidh\server\node_modules\router\index.js:291:5)
    at logger (C:\react project\x\the-karan-singh-vaidh\the-karan-singh-vaidh\server\node_modules\morgan\index.js:144:5)
    at Layer.handleRequest (C:\react project\x\the-karan-singh-vaidh\the-karan-singh-vaidh\server\node_modules\router\lib\layer.js:152:17)
    at trimPrefix (C:\react project\x\the-karan-singh-vaidh\the-karan-singh-vaidh\server\node_modules\router\index.js:342:13)
    at C:\react project\x\the-karan-singh-vaidh\the-karan-singh-vaidh\server\node_modules\router\index.js:297:9

[2026-04-27T10:59:33.152Z] 404 - Not Found - /api/v1/menus/all
Error: Not Found - /api/v1/menus/all
    at notFound (C:\react project\x\the-karan-singh-vaidh\the-karan-singh-vaidh\server\middleware\errorMiddleware.js:5:19)
    at Layer.handleRequest (C:\react project\x\the-karan-singh-vaidh\the-karan-singh-vaidh\server\node_modules\router\lib\layer.js:152:17)
    at trimPrefix (C:\react project\x\the-karan-singh-vaidh\the-karan-singh-vaidh\server\node_modules\router\index.js:342:13)
    at C:\react project\x\the-karan-singh-vaidh\the-karan-singh-vaidh\server\node_modules\router\index.js:297:9
    at processParams (C:\react project\x\the-karan-singh-vaidh\the-karan-singh-vaidh\server\node_modules\router\index.js:582:12)
    at next (C:\react project\x\the-karan-singh-vaidh\the-karan-singh-vaidh\server\node_modules\router\index.js:291:5)
    at logger (C:\react project\x\the-karan-singh-vaidh\the-karan-singh-vaidh\server\node_modules\morgan\index.js:144:5)
    at Layer.handleRequest (C:\react project\x\the-karan-singh-vaidh\the-karan-singh-vaidh\server\node_modules\router\lib\layer.js:152:17)
    at trimPrefix (C:\react project\x\the-karan-singh-vaidh\the-karan-singh-vaidh\server\node_modules\router\index.js:342:13)
    at C:\react project\x\the-karan-singh-vaidh\the-karan-singh-vaidh\server\node_modules\router\index.js:297:9

[2026-04-27T10:59:46.490Z] 404 - Not Found - /api/v1/menus/all
Error: Not Found - /api/v1/menus/all
    at notFound (C:\react project\x\the-karan-singh-vaidh\the-karan-singh-vaidh\server\middleware\errorMiddleware.js:5:19)
    at Layer.handleRequest (C:\react project\x\the-karan-singh-vaidh\the-karan-singh-vaidh\server\node_modules\router\lib\layer.js:152:17)
    at trimPrefix (C:\react project\x\the-karan-singh-vaidh\the-karan-singh-vaidh\server\node_modules\router\index.js:342:13)
    at C:\react project\x\the-karan-singh-vaidh\the-karan-singh-vaidh\server\node_modules\router\index.js:297:9
    at processParams (C:\react project\x\the-karan-singh-vaidh\the-karan-singh-vaidh\server\node_modules\router\index.js:582:12)
    at next (C:\react project\x\the-karan-singh-vaidh\the-karan-singh-vaidh\server\node_modules\router\index.js:291:5)
    at logger (C:\react project\x\the-karan-singh-vaidh\the-karan-singh-vaidh\server\node_modules\morgan\index.js:144:5)
    at Layer.handleRequest (C:\react project\x\the-karan-singh-vaidh\the-karan-singh-vaidh\server\node_modules\router\lib\layer.js:152:17)
    at trimPrefix (C:\react project\x\the-karan-singh-vaidh\the-karan-singh-vaidh\server\node_modules\router\index.js:342:13)
    at C:\react project\x\the-karan-singh-vaidh\the-karan-singh-vaidh\server\node_modules\router\index.js:297:9

[2026-04-27T10:59:46.497Z] 404 - Not Found - /api/v1/menus/all
Error: Not Found - /api/v1/menus/all
    at notFound (C:\react project\x\the-karan-singh-vaidh\the-karan-singh-vaidh\server\middleware\errorMiddleware.js:5:19)
    at Layer.handleRequest (C:\react project\x\the-karan-singh-vaidh\the-karan-singh-vaidh\server\node_modules\router\lib\layer.js:152:17)
    at trimPrefix (C:\react project\x\the-karan-singh-vaidh\the-karan-singh-vaidh\server\node_modules\router\index.js:342:13)
    at C:\react project\x\the-karan-singh-vaidh\the-karan-singh-vaidh\server\node_modules\router\index.js:297:9
    at processParams (C:\react project\x\the-karan-singh-vaidh\the-karan-singh-vaidh\server\node_modules\router\index.js:582:12)
    at next (C:\react project\x\the-karan-singh-vaidh\the-karan-singh-vaidh\server\node_modules\router\index.js:291:5)
    at logger (C:\react project\x\the-karan-singh-vaidh\the-karan-singh-vaidh\server\node_modules\morgan\index.js:144:5)
    at Layer.handleRequest (C:\react project\x\the-karan-singh-vaidh\the-karan-singh-vaidh\server\node_modules\router\lib\layer.js:152:17)
    at trimPrefix (C:\react project\x\the-karan-singh-vaidh\the-karan-singh-vaidh\server\node_modules\router\index.js:342:13)
    at C:\react project\x\the-karan-singh-vaidh\the-karan-singh-vaidh\server\node_modules\router\index.js:297:9

[2026-04-27T10:59:49.440Z] 404 - Not Found - /api/v1/menus/all
Error: Not Found - /api/v1/menus/all
    at notFound (C:\react project\x\the-karan-singh-vaidh\the-karan-singh-vaidh\server\middleware\errorMiddleware.js:5:19)
    at Layer.handleRequest (C:\react project\x\the-karan-singh-vaidh\the-karan-singh-vaidh\server\node_modules\router\lib\layer.js:152:17)
    at trimPrefix (C:\react project\x\the-karan-singh-vaidh\the-karan-singh-vaidh\server\node_modules\router\index.js:342:13)
    at C:\react project\x\the-karan-singh-vaidh\the-karan-singh-vaidh\server\node_modules\router\index.js:297:9
    at processParams (C:\react project\x\the-karan-singh-vaidh\the-karan-singh-vaidh\server\node_modules\router\index.js:582:12)
    at next (C:\react project\x\the-karan-singh-vaidh\the-karan-singh-vaidh\server\node_modules\router\index.js:291:5)
    at logger (C:\react project\x\the-karan-singh-vaidh\the-karan-singh-vaidh\server\node_modules\morgan\index.js:144:5)
    at Layer.handleRequest (C:\react project\x\the-karan-singh-vaidh\the-karan-singh-vaidh\server\node_modules\router\lib\layer.js:152:17)
    at trimPrefix (C:\react project\x\the-karan-singh-vaidh\the-karan-singh-vaidh\server\node_modules\router\index.js:342:13)
    at C:\react project\x\the-karan-singh-vaidh\the-karan-singh-vaidh\server\node_modules\router\index.js:297:9

[2026-04-27T10:59:49.447Z] 404 - Not Found - /api/v1/menus/all
Error: Not Found - /api/v1/menus/all
    at notFound (C:\react project\x\the-karan-singh-vaidh\the-karan-singh-vaidh\server\middleware\errorMiddleware.js:5:19)
    at Layer.handleRequest (C:\react project\x\the-karan-singh-vaidh\the-karan-singh-vaidh\server\node_modules\router\lib\layer.js:152:17)
    at trimPrefix (C:\react project\x\the-karan-singh-vaidh\the-karan-singh-vaidh\server\node_modules\router\index.js:342:13)
    at C:\react project\x\the-karan-singh-vaidh\the-karan-singh-vaidh\server\node_modules\router\index.js:297:9
    at processParams (C:\react project\x\the-karan-singh-vaidh\the-karan-singh-vaidh\server\node_modules\router\index.js:582:12)
    at next (C:\react project\x\the-karan-singh-vaidh\the-karan-singh-vaidh\server\node_modules\router\index.js:291:5)
    at logger (C:\react project\x\the-karan-singh-vaidh\the-karan-singh-vaidh\server\node_modules\morgan\index.js:144:5)
    at Layer.handleRequest (C:\react project\x\the-karan-singh-vaidh\the-karan-singh-vaidh\server\node_modules\router\lib\layer.js:152:17)
    at trimPrefix (C:\react project\x\the-karan-singh-vaidh\the-karan-singh-vaidh\server\node_modules\router\index.js:342:13)
    at C:\react project\x\the-karan-singh-vaidh\the-karan-singh-vaidh\server\node_modules\router\index.js:297:9

[2026-04-27T11:03:29.819Z] 404 - Not Found - /api/v1/menus/all
Error: Not Found - /api/v1/menus/all
    at notFound (C:\react project\x\the-karan-singh-vaidh\the-karan-singh-vaidh\server\middleware\errorMiddleware.js:5:19)
    at Layer.handleRequest (C:\react project\x\the-karan-singh-vaidh\the-karan-singh-vaidh\server\node_modules\router\lib\layer.js:152:17)
    at trimPrefix (C:\react project\x\the-karan-singh-vaidh\the-karan-singh-vaidh\server\node_modules\router\index.js:342:13)
    at C:\react project\x\the-karan-singh-vaidh\the-karan-singh-vaidh\server\node_modules\router\index.js:297:9
    at processParams (C:\react project\x\the-karan-singh-vaidh\the-karan-singh-vaidh\server\node_modules\router\index.js:582:12)
    at next (C:\react project\x\the-karan-singh-vaidh\the-karan-singh-vaidh\server\node_modules\router\index.js:291:5)
    at logger (C:\react project\x\the-karan-singh-vaidh\the-karan-singh-vaidh\server\node_modules\morgan\index.js:144:5)
    at Layer.handleRequest (C:\react project\x\the-karan-singh-vaidh\the-karan-singh-vaidh\server\node_modules\router\lib\layer.js:152:17)
    at trimPrefix (C:\react project\x\the-karan-singh-vaidh\the-karan-singh-vaidh\server\node_modules\router\index.js:342:13)
    at C:\react project\x\the-karan-singh-vaidh\the-karan-singh-vaidh\server\node_modules\router\index.js:297:9

[2026-04-27T11:45:54.967Z] 404 - Not Found - /favicon.ico
Error: Not Found - /favicon.ico
    at notFound (C:\react project\x\the-karan-singh-vaidh\the-karan-singh-vaidh\server\middleware\errorMiddleware.js:5:19)
    at Layer.handleRequest (C:\react project\x\the-karan-singh-vaidh\the-karan-singh-vaidh\server\node_modules\router\lib\layer.js:152:17)
    at trimPrefix (C:\react project\x\the-karan-singh-vaidh\the-karan-singh-vaidh\server\node_modules\router\index.js:342:13)
    at C:\react project\x\the-karan-singh-vaidh\the-karan-singh-vaidh\server\node_modules\router\index.js:297:9
    at processParams (C:\react project\x\the-karan-singh-vaidh\the-karan-singh-vaidh\server\node_modules\router\index.js:582:12)
    at next (C:\react project\x\the-karan-singh-vaidh\the-karan-singh-vaidh\server\node_modules\router\index.js:291:5)
    at logger (C:\react project\x\the-karan-singh-vaidh\the-karan-singh-vaidh\server\node_modules\morgan\index.js:144:5)
    at Layer.handleRequest (C:\react project\x\the-karan-singh-vaidh\the-karan-singh-vaidh\server\node_modules\router\lib\layer.js:152:17)
    at trimPrefix (C:\react project\x\the-karan-singh-vaidh\the-karan-singh-vaidh\server\node_modules\router\index.js:342:13)
    at C:\react project\x\the-karan-singh-vaidh\the-karan-singh-vaidh\server\node_modules\router\index.js:297:9

[2026-04-27T11:54:17.260Z] 404 - Not Found - /api/v1/menus/categories
Error: Not Found - /api/v1/menus/categories
    at notFound (C:\react project\x\the-karan-singh-vaidh\the-karan-singh-vaidh\server\middleware\errorMiddleware.js:5:19)
    at Layer.handleRequest (C:\react project\x\the-karan-singh-vaidh\the-karan-singh-vaidh\server\node_modules\router\lib\layer.js:152:17)
    at trimPrefix (C:\react project\x\the-karan-singh-vaidh\the-karan-singh-vaidh\server\node_modules\router\index.js:342:13)
    at C:\react project\x\the-karan-singh-vaidh\the-karan-singh-vaidh\server\node_modules\router\index.js:297:9
    at processParams (C:\react project\x\the-karan-singh-vaidh\the-karan-singh-vaidh\server\node_modules\router\index.js:582:12)
    at next (C:\react project\x\the-karan-singh-vaidh\the-karan-singh-vaidh\server\node_modules\router\index.js:291:5)
    at logger (C:\react project\x\the-karan-singh-vaidh\the-karan-singh-vaidh\server\node_modules\morgan\index.js:144:5)
    at Layer.handleRequest (C:\react project\x\the-karan-singh-vaidh\the-karan-singh-vaidh\server\node_modules\router\lib\layer.js:152:17)
    at trimPrefix (C:\react project\x\the-karan-singh-vaidh\the-karan-singh-vaidh\server\node_modules\router\index.js:342:13)
    at C:\react project\x\the-karan-singh-vaidh\the-karan-singh-vaidh\server\node_modules\router\index.js:297:9

[2026-04-27T11:54:17.275Z] 404 - Not Found - /api/v1/menus/categories
Error: Not Found - /api/v1/menus/categories
    at notFound (C:\react project\x\the-karan-singh-vaidh\the-karan-singh-vaidh\server\middleware\errorMiddleware.js:5:19)
    at Layer.handleRequest (C:\react project\x\the-karan-singh-vaidh\the-karan-singh-vaidh\server\node_modules\router\lib\layer.js:152:17)
    at trimPrefix (C:\react project\x\the-karan-singh-vaidh\the-karan-singh-vaidh\server\node_modules\router\index.js:342:13)
    at C:\react project\x\the-karan-singh-vaidh\the-karan-singh-vaidh\server\node_modules\router\index.js:297:9
    at processParams (C:\react project\x\the-karan-singh-vaidh\the-karan-singh-vaidh\server\node_modules\router\index.js:582:12)
    at next (C:\react project\x\the-karan-singh-vaidh\the-karan-singh-vaidh\server\node_modules\router\index.js:291:5)
    at logger (C:\react project\x\the-karan-singh-vaidh\the-karan-singh-vaidh\server\node_modules\morgan\index.js:144:5)
    at Layer.handleRequest (C:\react project\x\the-karan-singh-vaidh\the-karan-singh-vaidh\server\node_modules\router\lib\layer.js:152:17)
    at trimPrefix (C:\react project\x\the-karan-singh-vaidh\the-karan-singh-vaidh\server\node_modules\router\index.js:342:13)
    at C:\react project\x\the-karan-singh-vaidh\the-karan-singh-vaidh\server\node_modules\router\index.js:297:9

[2026-04-27T11:54:20.040Z] 404 - Not Found - /api/v1/admin/bookings
Error: Not Found - /api/v1/admin/bookings
    at notFound (C:\react project\x\the-karan-singh-vaidh\the-karan-singh-vaidh\server\middleware\errorMiddleware.js:5:19)
    at Layer.handleRequest (C:\react project\x\the-karan-singh-vaidh\the-karan-singh-vaidh\server\node_modules\router\lib\layer.js:152:17)
    at trimPrefix (C:\react project\x\the-karan-singh-vaidh\the-karan-singh-vaidh\server\node_modules\router\index.js:342:13)
    at C:\react project\x\the-karan-singh-vaidh\the-karan-singh-vaidh\server\node_modules\router\index.js:297:9
    at processParams (C:\react project\x\the-karan-singh-vaidh\the-karan-singh-vaidh\server\node_modules\router\index.js:582:12)
    at next (C:\react project\x\the-karan-singh-vaidh\the-karan-singh-vaidh\server\node_modules\router\index.js:291:5)
    at logger (C:\react project\x\the-karan-singh-vaidh\the-karan-singh-vaidh\server\node_modules\morgan\index.js:144:5)
    at Layer.handleRequest (C:\react project\x\the-karan-singh-vaidh\the-karan-singh-vaidh\server\node_modules\router\lib\layer.js:152:17)
    at trimPrefix (C:\react project\x\the-karan-singh-vaidh\the-karan-singh-vaidh\server\node_modules\router\index.js:342:13)
    at C:\react project\x\the-karan-singh-vaidh\the-karan-singh-vaidh\server\node_modules\router\index.js:297:9

[2026-04-27T11:54:20.044Z] 404 - Not Found - /api/v1/admin/bookings
Error: Not Found - /api/v1/admin/bookings
    at notFound (C:\react project\x\the-karan-singh-vaidh\the-karan-singh-vaidh\server\middleware\errorMiddleware.js:5:19)
    at Layer.handleRequest (C:\react project\x\the-karan-singh-vaidh\the-karan-singh-vaidh\server\node_modules\router\lib\layer.js:152:17)
    at trimPrefix (C:\react project\x\the-karan-singh-vaidh\the-karan-singh-vaidh\server\node_modules\router\index.js:342:13)
    at C:\react project\x\the-karan-singh-vaidh\the-karan-singh-vaidh\server\node_modules\router\index.js:297:9
    at processParams (C:\react project\x\the-karan-singh-vaidh\the-karan-singh-vaidh\server\node_modules\router\index.js:582:12)
    at next (C:\react project\x\the-karan-singh-vaidh\the-karan-singh-vaidh\server\node_modules\router\index.js:291:5)
    at logger (C:\react project\x\the-karan-singh-vaidh\the-karan-singh-vaidh\server\node_modules\morgan\index.js:144:5)
    at Layer.handleRequest (C:\react project\x\the-karan-singh-vaidh\the-karan-singh-vaidh\server\node_modules\router\lib\layer.js:152:17)
    at trimPrefix (C:\react project\x\the-karan-singh-vaidh\the-karan-singh-vaidh\server\node_modules\router\index.js:342:13)
    at C:\react project\x\the-karan-singh-vaidh\the-karan-singh-vaidh\server\node_modules\router\index.js:297:9

[2026-04-27T11:54:20.601Z] 404 - Not Found - /api/v1/menus/categories
Error: Not Found - /api/v1/menus/categories
    at notFound (C:\react project\x\the-karan-singh-vaidh\the-karan-singh-vaidh\server\middleware\errorMiddleware.js:5:19)
    at Layer.handleRequest (C:\react project\x\the-karan-singh-vaidh\the-karan-singh-vaidh\server\node_modules\router\lib\layer.js:152:17)
    at trimPrefix (C:\react project\x\the-karan-singh-vaidh\the-karan-singh-vaidh\server\node_modules\router\index.js:342:13)
    at C:\react project\x\the-karan-singh-vaidh\the-karan-singh-vaidh\server\node_modules\router\index.js:297:9
    at processParams (C:\react project\x\the-karan-singh-vaidh\the-karan-singh-vaidh\server\node_modules\router\index.js:582:12)
    at next (C:\react project\x\the-karan-singh-vaidh\the-karan-singh-vaidh\server\node_modules\router\index.js:291:5)
    at logger (C:\react project\x\the-karan-singh-vaidh\the-karan-singh-vaidh\server\node_modules\morgan\index.js:144:5)
    at Layer.handleRequest (C:\react project\x\the-karan-singh-vaidh\the-karan-singh-vaidh\server\node_modules\router\lib\layer.js:152:17)
    at trimPrefix (C:\react project\x\the-karan-singh-vaidh\the-karan-singh-vaidh\server\node_modules\router\index.js:342:13)
    at C:\react project\x\the-karan-singh-vaidh\the-karan-singh-vaidh\server\node_modules\router\index.js:297:9

[2026-04-27T11:54:20.605Z] 404 - Not Found - /api/v1/menus/categories
Error: Not Found - /api/v1/menus/categories
    at notFound (C:\react project\x\the-karan-singh-vaidh\the-karan-singh-vaidh\server\middleware\errorMiddleware.js:5:19)
    at Layer.handleRequest (C:\react project\x\the-karan-singh-vaidh\the-karan-singh-vaidh\server\node_modules\router\lib\layer.js:152:17)
    at trimPrefix (C:\react project\x\the-karan-singh-vaidh\the-karan-singh-vaidh\server\node_modules\router\index.js:342:13)
    at C:\react project\x\the-karan-singh-vaidh\the-karan-singh-vaidh\server\node_modules\router\index.js:297:9
    at processParams (C:\react project\x\the-karan-singh-vaidh\the-karan-singh-vaidh\server\node_modules\router\index.js:582:12)
    at next (C:\react project\x\the-karan-singh-vaidh\the-karan-singh-vaidh\server\node_modules\router\index.js:291:5)
    at logger (C:\react project\x\the-karan-singh-vaidh\the-karan-singh-vaidh\server\node_modules\morgan\index.js:144:5)
    at Layer.handleRequest (C:\react project\x\the-karan-singh-vaidh\the-karan-singh-vaidh\server\node_modules\router\lib\layer.js:152:17)
    at trimPrefix (C:\react project\x\the-karan-singh-vaidh\the-karan-singh-vaidh\server\node_modules\router\index.js:342:13)
    at C:\react project\x\the-karan-singh-vaidh\the-karan-singh-vaidh\server\node_modules\router\index.js:297:9

[2026-04-27T11:54:26.197Z] 404 - Not Found - /api/v1/menus/all
Error: Not Found - /api/v1/menus/all
    at notFound (C:\react project\x\the-karan-singh-vaidh\the-karan-singh-vaidh\server\middleware\errorMiddleware.js:5:19)
    at Layer.handleRequest (C:\react project\x\the-karan-singh-vaidh\the-karan-singh-vaidh\server\node_modules\router\lib\layer.js:152:17)
    at trimPrefix (C:\react project\x\the-karan-singh-vaidh\the-karan-singh-vaidh\server\node_modules\router\index.js:342:13)
    at C:\react project\x\the-karan-singh-vaidh\the-karan-singh-vaidh\server\node_modules\router\index.js:297:9
    at processParams (C:\react project\x\the-karan-singh-vaidh\the-karan-singh-vaidh\server\node_modules\router\index.js:582:12)
    at next (C:\react project\x\the-karan-singh-vaidh\the-karan-singh-vaidh\server\node_modules\router\index.js:291:5)
    at logger (C:\react project\x\the-karan-singh-vaidh\the-karan-singh-vaidh\server\node_modules\morgan\index.js:144:5)
    at Layer.handleRequest (C:\react project\x\the-karan-singh-vaidh\the-karan-singh-vaidh\server\node_modules\router\lib\layer.js:152:17)
    at trimPrefix (C:\react project\x\the-karan-singh-vaidh\the-karan-singh-vaidh\server\node_modules\router\index.js:342:13)
    at C:\react project\x\the-karan-singh-vaidh\the-karan-singh-vaidh\server\node_modules\router\index.js:297:9

[2026-04-27T11:54:26.203Z] 404 - Not Found - /api/v1/menus/all
Error: Not Found - /api/v1/menus/all
    at notFound (C:\react project\x\the-karan-singh-vaidh\the-karan-singh-vaidh\server\middleware\errorMiddleware.js:5:19)
    at Layer.handleRequest (C:\react project\x\the-karan-singh-vaidh\the-karan-singh-vaidh\server\node_modules\router\lib\layer.js:152:17)
    at trimPrefix (C:\react project\x\the-karan-singh-vaidh\the-karan-singh-vaidh\server\node_modules\router\index.js:342:13)
    at C:\react project\x\the-karan-singh-vaidh\the-karan-singh-vaidh\server\node_modules\router\index.js:297:9
    at processParams (C:\react project\x\the-karan-singh-vaidh\the-karan-singh-vaidh\server\node_modules\router\index.js:582:12)
    at next (C:\react project\x\the-karan-singh-vaidh\the-karan-singh-vaidh\server\node_modules\router\index.js:291:5)
    at logger (C:\react project\x\the-karan-singh-vaidh\the-karan-singh-vaidh\server\node_modules\morgan\index.js:144:5)
    at Layer.handleRequest (C:\react project\x\the-karan-singh-vaidh\the-karan-singh-vaidh\server\node_modules\router\lib\layer.js:152:17)
    at trimPrefix (C:\react project\x\the-karan-singh-vaidh\the-karan-singh-vaidh\server\node_modules\router\index.js:342:13)
    at C:\react project\x\the-karan-singh-vaidh\the-karan-singh-vaidh\server\node_modules\router\index.js:297:9

[2026-04-27T12:06:45.554Z] 404 - Not Found - /api/v1/menus/all
Error: Not Found - /api/v1/menus/all
    at notFound (C:\react project\x\the-karan-singh-vaidh\the-karan-singh-vaidh\server\middleware\errorMiddleware.js:5:19)
    at Layer.handleRequest (C:\react project\x\the-karan-singh-vaidh\the-karan-singh-vaidh\server\node_modules\router\lib\layer.js:152:17)
    at trimPrefix (C:\react project\x\the-karan-singh-vaidh\the-karan-singh-vaidh\server\node_modules\router\index.js:342:13)
    at C:\react project\x\the-karan-singh-vaidh\the-karan-singh-vaidh\server\node_modules\router\index.js:297:9
    at processParams (C:\react project\x\the-karan-singh-vaidh\the-karan-singh-vaidh\server\node_modules\router\index.js:582:12)
    at next (C:\react project\x\the-karan-singh-vaidh\the-karan-singh-vaidh\server\node_modules\router\index.js:291:5)
    at logger (C:\react project\x\the-karan-singh-vaidh\the-karan-singh-vaidh\server\node_modules\morgan\index.js:144:5)
    at Layer.handleRequest (C:\react project\x\the-karan-singh-vaidh\the-karan-singh-vaidh\server\node_modules\router\lib\layer.js:152:17)
    at trimPrefix (C:\react project\x\the-karan-singh-vaidh\the-karan-singh-vaidh\server\node_modules\router\index.js:342:13)
    at C:\react project\x\the-karan-singh-vaidh\the-karan-singh-vaidh\server\node_modules\router\index.js:297:9

[2026-04-27T12:06:45.561Z] 404 - Not Found - /api/v1/menus/all
Error: Not Found - /api/v1/menus/all
    at notFound (C:\react project\x\the-karan-singh-vaidh\the-karan-singh-vaidh\server\middleware\errorMiddleware.js:5:19)
    at Layer.handleRequest (C:\react project\x\the-karan-singh-vaidh\the-karan-singh-vaidh\server\node_modules\router\lib\layer.js:152:17)
    at trimPrefix (C:\react project\x\the-karan-singh-vaidh\the-karan-singh-vaidh\server\node_modules\router\index.js:342:13)
    at C:\react project\x\the-karan-singh-vaidh\the-karan-singh-vaidh\server\node_modules\router\index.js:297:9
    at processParams (C:\react project\x\the-karan-singh-vaidh\the-karan-singh-vaidh\server\node_modules\router\index.js:582:12)
    at next (C:\react project\x\the-karan-singh-vaidh\the-karan-singh-vaidh\server\node_modules\router\index.js:291:5)
    at logger (C:\react project\x\the-karan-singh-vaidh\the-karan-singh-vaidh\server\node_modules\morgan\index.js:144:5)
    at Layer.handleRequest (C:\react project\x\the-karan-singh-vaidh\the-karan-singh-vaidh\server\node_modules\router\lib\layer.js:152:17)
    at trimPrefix (C:\react project\x\the-karan-singh-vaidh\the-karan-singh-vaidh\server\node_modules\router\index.js:342:13)
    at C:\react project\x\the-karan-singh-vaidh\the-karan-singh-vaidh\server\node_modules\router\index.js:297:9

[2026-05-04T13:52:16.406Z] 404 - Not Found - /api/v1/auth/me
Error: Not Found - /api/v1/auth/me
    at notFound (C:\react project\x\the-karan-singh-vaidh\the-karan-singh-vaidh\server\middleware\errorMiddleware.js:5:19)
    at Layer.handleRequest (C:\react project\x\the-karan-singh-vaidh\the-karan-singh-vaidh\server\node_modules\router\lib\layer.js:152:17)
    at trimPrefix (C:\react project\x\the-karan-singh-vaidh\the-karan-singh-vaidh\server\node_modules\router\index.js:342:13)
    at C:\react project\x\the-karan-singh-vaidh\the-karan-singh-vaidh\server\node_modules\router\index.js:297:9
    at processParams (C:\react project\x\the-karan-singh-vaidh\the-karan-singh-vaidh\server\node_modules\router\index.js:582:12)
    at next (C:\react project\x\the-karan-singh-vaidh\the-karan-singh-vaidh\server\node_modules\router\index.js:291:5)
    at logger (C:\react project\x\the-karan-singh-vaidh\the-karan-singh-vaidh\server\node_modules\morgan\index.js:144:5)
    at Layer.handleRequest (C:\react project\x\the-karan-singh-vaidh\the-karan-singh-vaidh\server\node_modules\router\lib\layer.js:152:17)
    at trimPrefix (C:\react project\x\the-karan-singh-vaidh\the-karan-singh-vaidh\server\node_modules\router\index.js:342:13)
    at C:\react project\x\the-karan-singh-vaidh\the-karan-singh-vaidh\server\node_modules\router\index.js:297:9

[2026-05-04T13:52:16.438Z] 404 - Not Found - /api/v1/auth/me
Error: Not Found - /api/v1/auth/me
    at notFound (C:\react project\x\the-karan-singh-vaidh\the-karan-singh-vaidh\server\middleware\errorMiddleware.js:5:19)
    at Layer.handleRequest (C:\react project\x\the-karan-singh-vaidh\the-karan-singh-vaidh\server\node_modules\router\lib\layer.js:152:17)
    at trimPrefix (C:\react project\x\the-karan-singh-vaidh\the-karan-singh-vaidh\server\node_modules\router\index.js:342:13)
    at C:\react project\x\the-karan-singh-vaidh\the-karan-singh-vaidh\server\node_modules\router\index.js:297:9
    at processParams (C:\react project\x\the-karan-singh-vaidh\the-karan-singh-vaidh\server\node_modules\router\index.js:582:12)
    at next (C:\react project\x\the-karan-singh-vaidh\the-karan-singh-vaidh\server\node_modules\router\index.js:291:5)
    at logger (C:\react project\x\the-karan-singh-vaidh\the-karan-singh-vaidh\server\node_modules\morgan\index.js:144:5)
    at Layer.handleRequest (C:\react project\x\the-karan-singh-vaidh\the-karan-singh-vaidh\server\node_modules\router\lib\layer.js:152:17)
    at trimPrefix (C:\react project\x\the-karan-singh-vaidh\the-karan-singh-vaidh\server\node_modules\router\index.js:342:13)
    at C:\react project\x\the-karan-singh-vaidh\the-karan-singh-vaidh\server\node_modules\router\index.js:297:9

[2026-05-04T13:52:21.340Z] 404 - Not Found - /api/v1/menus/category-name/Delivery%20Only
Error: Not Found - /api/v1/menus/category-name/Delivery%20Only
    at notFound (C:\react project\x\the-karan-singh-vaidh\the-karan-singh-vaidh\server\middleware\errorMiddleware.js:5:19)
    at Layer.handleRequest (C:\react project\x\the-karan-singh-vaidh\the-karan-singh-vaidh\server\node_modules\router\lib\layer.js:152:17)
    at trimPrefix (C:\react project\x\the-karan-singh-vaidh\the-karan-singh-vaidh\server\node_modules\router\index.js:342:13)
    at C:\react project\x\the-karan-singh-vaidh\the-karan-singh-vaidh\server\node_modules\router\index.js:297:9
    at processParams (C:\react project\x\the-karan-singh-vaidh\the-karan-singh-vaidh\server\node_modules\router\index.js:582:12)
    at next (C:\react project\x\the-karan-singh-vaidh\the-karan-singh-vaidh\server\node_modules\router\index.js:291:5)
    at logger (C:\react project\x\the-karan-singh-vaidh\the-karan-singh-vaidh\server\node_modules\morgan\index.js:144:5)
    at Layer.handleRequest (C:\react project\x\the-karan-singh-vaidh\the-karan-singh-vaidh\server\node_modules\router\lib\layer.js:152:17)
    at trimPrefix (C:\react project\x\the-karan-singh-vaidh\the-karan-singh-vaidh\server\node_modules\router\index.js:342:13)
    at C:\react project\x\the-karan-singh-vaidh\the-karan-singh-vaidh\server\node_modules\router\index.js:297:9

[2026-05-04T13:52:21.364Z] 404 - Not Found - /api/v1/menus/category-name/Delivery%20Only
Error: Not Found - /api/v1/menus/category-name/Delivery%20Only
    at notFound (C:\react project\x\the-karan-singh-vaidh\the-karan-singh-vaidh\server\middleware\errorMiddleware.js:5:19)
    at Layer.handleRequest (C:\react project\x\the-karan-singh-vaidh\the-karan-singh-vaidh\server\node_modules\router\lib\layer.js:152:17)
    at trimPrefix (C:\react project\x\the-karan-singh-vaidh\the-karan-singh-vaidh\server\node_modules\router\index.js:342:13)
    at C:\react project\x\the-karan-singh-vaidh\the-karan-singh-vaidh\server\node_modules\router\index.js:297:9
    at processParams (C:\react project\x\the-karan-singh-vaidh\the-karan-singh-vaidh\server\node_modules\router\index.js:582:12)
    at next (C:\react project\x\the-karan-singh-vaidh\the-karan-singh-vaidh\server\node_modules\router\index.js:291:5)
    at logger (C:\react project\x\the-karan-singh-vaidh\the-karan-singh-vaidh\server\node_modules\morgan\index.js:144:5)
    at Layer.handleRequest (C:\react project\x\the-karan-singh-vaidh\the-karan-singh-vaidh\server\node_modules\router\lib\layer.js:152:17)
    at trimPrefix (C:\react project\x\the-karan-singh-vaidh\the-karan-singh-vaidh\server\node_modules\router\index.js:342:13)
    at C:\react project\x\the-karan-singh-vaidh\the-karan-singh-vaidh\server\node_modules\router\index.js:297:9

[2026-05-05T08:30:55.070Z] 404 - Not Found - /api/v1/auth/me
Error: Not Found - /api/v1/auth/me
    at notFound (C:\react project\x\the-karan-singh-vaidh\the-karan-singh-vaidh\server\middleware\errorMiddleware.js:5:19)
    at Layer.handleRequest (C:\react project\x\the-karan-singh-vaidh\the-karan-singh-vaidh\server\node_modules\router\lib\layer.js:152:17)
    at trimPrefix (C:\react project\x\the-karan-singh-vaidh\the-karan-singh-vaidh\server\node_modules\router\index.js:342:13)
    at C:\react project\x\the-karan-singh-vaidh\the-karan-singh-vaidh\server\node_modules\router\index.js:297:9
    at processParams (C:\react project\x\the-karan-singh-vaidh\the-karan-singh-vaidh\server\node_modules\router\index.js:582:12)
    at next (C:\react project\x\the-karan-singh-vaidh\the-karan-singh-vaidh\server\node_modules\router\index.js:291:5)
    at logger (C:\react project\x\the-karan-singh-vaidh\the-karan-singh-vaidh\server\node_modules\morgan\index.js:144:5)
    at Layer.handleRequest (C:\react project\x\the-karan-singh-vaidh\the-karan-singh-vaidh\server\node_modules\router\lib\layer.js:152:17)
    at trimPrefix (C:\react project\x\the-karan-singh-vaidh\the-karan-singh-vaidh\server\node_modules\router\index.js:342:13)
    at C:\react project\x\the-karan-singh-vaidh\the-karan-singh-vaidh\server\node_modules\router\index.js:297:9

[2026-05-05T08:30:55.091Z] 404 - Not Found - /api/v1/auth/me
Error: Not Found - /api/v1/auth/me
    at notFound (C:\react project\x\the-karan-singh-vaidh\the-karan-singh-vaidh\server\middleware\errorMiddleware.js:5:19)
    at Layer.handleRequest (C:\react project\x\the-karan-singh-vaidh\the-karan-singh-vaidh\server\node_modules\router\lib\layer.js:152:17)
    at trimPrefix (C:\react project\x\the-karan-singh-vaidh\the-karan-singh-vaidh\server\node_modules\router\index.js:342:13)
    at C:\react project\x\the-karan-singh-vaidh\the-karan-singh-vaidh\server\node_modules\router\index.js:297:9
    at processParams (C:\react project\x\the-karan-singh-vaidh\the-karan-singh-vaidh\server\node_modules\router\index.js:582:12)
    at next (C:\react project\x\the-karan-singh-vaidh\the-karan-singh-vaidh\server\node_modules\router\index.js:291:5)
    at logger (C:\react project\x\the-karan-singh-vaidh\the-karan-singh-vaidh\server\node_modules\morgan\index.js:144:5)
    at Layer.handleRequest (C:\react project\x\the-karan-singh-vaidh\the-karan-singh-vaidh\server\node_modules\router\lib\layer.js:152:17)
    at trimPrefix (C:\react project\x\the-karan-singh-vaidh\the-karan-singh-vaidh\server\node_modules\router\index.js:342:13)
    at C:\react project\x\the-karan-singh-vaidh\the-karan-singh-vaidh\server\node_modules\router\index.js:297:9

[2026-05-05T08:30:59.708Z] 404 - Not Found - /api/v1/menus/category-name/Delivery%20Only
Error: Not Found - /api/v1/menus/category-name/Delivery%20Only
    at notFound (C:\react project\x\the-karan-singh-vaidh\the-karan-singh-vaidh\server\middleware\errorMiddleware.js:5:19)
    at Layer.handleRequest (C:\react project\x\the-karan-singh-vaidh\the-karan-singh-vaidh\server\node_modules\router\lib\layer.js:152:17)
    at trimPrefix (C:\react project\x\the-karan-singh-vaidh\the-karan-singh-vaidh\server\node_modules\router\index.js:342:13)
    at C:\react project\x\the-karan-singh-vaidh\the-karan-singh-vaidh\server\node_modules\router\index.js:297:9
    at processParams (C:\react project\x\the-karan-singh-vaidh\the-karan-singh-vaidh\server\node_modules\router\index.js:582:12)
    at next (C:\react project\x\the-karan-singh-vaidh\the-karan-singh-vaidh\server\node_modules\router\index.js:291:5)
    at logger (C:\react project\x\the-karan-singh-vaidh\the-karan-singh-vaidh\server\node_modules\morgan\index.js:144:5)
    at Layer.handleRequest (C:\react project\x\the-karan-singh-vaidh\the-karan-singh-vaidh\server\node_modules\router\lib\layer.js:152:17)
    at trimPrefix (C:\react project\x\the-karan-singh-vaidh\the-karan-singh-vaidh\server\node_modules\router\index.js:342:13)
    at C:\react project\x\the-karan-singh-vaidh\the-karan-singh-vaidh\server\node_modules\router\index.js:297:9

[2026-05-05T08:30:59.737Z] 404 - Not Found - /api/v1/menus/category-name/Delivery%20Only
Error: Not Found - /api/v1/menus/category-name/Delivery%20Only
    at notFound (C:\react project\x\the-karan-singh-vaidh\the-karan-singh-vaidh\server\middleware\errorMiddleware.js:5:19)
    at Layer.handleRequest (C:\react project\x\the-karan-singh-vaidh\the-karan-singh-vaidh\server\node_modules\router\lib\layer.js:152:17)
    at trimPrefix (C:\react project\x\the-karan-singh-vaidh\the-karan-singh-vaidh\server\node_modules\router\index.js:342:13)
    at C:\react project\x\the-karan-singh-vaidh\the-karan-singh-vaidh\server\node_modules\router\index.js:297:9
    at processParams (C:\react project\x\the-karan-singh-vaidh\the-karan-singh-vaidh\server\node_modules\router\index.js:582:12)
    at next (C:\react project\x\the-karan-singh-vaidh\the-karan-singh-vaidh\server\node_modules\router\index.js:291:5)
    at logger (C:\react project\x\the-karan-singh-vaidh\the-karan-singh-vaidh\server\node_modules\morgan\index.js:144:5)
    at Layer.handleRequest (C:\react project\x\the-karan-singh-vaidh\the-karan-singh-vaidh\server\node_modules\router\lib\layer.js:152:17)
    at trimPrefix (C:\react project\x\the-karan-singh-vaidh\the-karan-singh-vaidh\server\node_modules\router\index.js:342:13)
    at C:\react project\x\the-karan-singh-vaidh\the-karan-singh-vaidh\server\node_modules\router\index.js:297:9

[2026-05-06T10:28:21.167Z] 401 - Invalid email or password
Error: Invalid email or password
    at C:\react project\x\the-karan-singh-vaidh\the-karan-singh-vaidh\server\controllers\authController.js:40:23

[2026-05-06T10:28:29.086Z] 401 - Invalid email or password
Error: Invalid email or password
    at C:\react project\x\the-karan-singh-vaidh\the-karan-singh-vaidh\server\controllers\authController.js:45:19
    at process.processTicksAndRejections (node:internal/process/task_queues:105:5)

[2026-05-06T10:28:36.813Z] 401 - Invalid email or password
Error: Invalid email or password
    at C:\react project\x\the-karan-singh-vaidh\the-karan-singh-vaidh\server\controllers\authController.js:45:19
    at process.processTicksAndRejections (node:internal/process/task_queues:105:5)

[2026-05-06T10:35:42.334Z] 401 - Invalid email or password
Error: Invalid email or password
    at C:\react project\x\the-karan-singh-vaidh\the-karan-singh-vaidh\server\controllers\authController.js:45:19
    at process.processTicksAndRejections (node:internal/process/task_queues:105:5)

[2026-05-06T10:35:46.537Z] 401 - Invalid email or password
Error: Invalid email or password
    at C:\react project\x\the-karan-singh-vaidh\the-karan-singh-vaidh\server\controllers\authController.js:45:19
    at process.processTicksAndRejections (node:internal/process/task_queues:105:5)

[2026-05-06T10:35:50.242Z] 401 - Invalid email or password
Error: Invalid email or password
    at C:\react project\x\the-karan-singh-vaidh\the-karan-singh-vaidh\server\controllers\authController.js:40:23

[2026-05-06T10:37:33.298Z] 401 - Invalid email or password
Error: Invalid email or password
    at C:\react project\x\the-karan-singh-vaidh\the-karan-singh-vaidh\server\controllers\authController.js:45:19
    at process.processTicksAndRejections (node:internal/process/task_queues:105:5)

[2026-05-06T10:37:52.950Z] 401 - Invalid email or password
Error: Invalid email or password
    at C:\react project\x\the-karan-singh-vaidh\the-karan-singh-vaidh\server\controllers\authController.js:45:19
    at process.processTicksAndRejections (node:internal/process/task_queues:105:5)

[2026-05-06T10:38:48.248Z] 401 - Invalid email or password
Error: Invalid email or password
    at C:\react project\x\the-karan-singh-vaidh\the-karan-singh-vaidh\server\controllers\authController.js:45:19
    at process.processTicksAndRejections (node:internal/process/task_queues:105:5)
